2026-05-14 16:39:03,216 DEBUG    root            Loaded Command Group: ['gcloud', 'compute']
2026-05-14 16:39:03,218 DEBUG    root            Loaded Command Group: ['gcloud', 'compute', 'instances']
2026-05-14 16:39:03,219 DEBUG    root            Loaded Command Group: ['gcloud', 'compute', 'instances', 'get_serial_port_output']
2026-05-14 16:39:03,220 DEBUG    root            Running [gcloud.compute.instances.get-serial-port-output] with arguments: [--project: "env-integration-fenway", --zone: "us-central1-c", INSTANCE_NAME: "loadgen-8zvf"]
2026-05-14 16:39:03,222 DEBUG    root            On GCE from memory cache: False
2026-05-14 16:39:03,223 DEBUG    root            On GCE from memory cache: False
2026-05-14 16:39:03,318 DEBUG    urllib3.connectionpool Starting new HTTPS connection (1): compute.googleapis.com:443
2026-05-14 16:39:03,822 DEBUG    urllib3.connectionpool https://compute.googleapis.com:443 "GET /compute/v1/projects/env-integration-fenway/zones/us-central1-c/instances/loadgen-8zvf/serialPort?alt=json&port=1 HTTP/1.1" 200 None
2026-05-14 16:39:03,862 DEBUG    root            Chosen display Format:value[no-quote](contents)
2026-05-14 16:39:03,863 INFO     root            Display format: "value[no-quote](contents)"
2026-05-14 16:39:03,882 INFO     ___FILE_ONLY___ [2J[01;01H[=3h[2J[01;01H[2J[01;01H[=3h[2J[01;01HCSM BBS Table full.
BdsDxe: loading Boot0003 "Ubuntu" from PciRoot(0x0)/Pci(0x3,0x0)/Scsi(0x1,0x0)/HD(15,GPT,C848D457-4750-4825-A2CD-4EBFB870DC53,0x2800,0x35000)/\EFI\ubuntu\shimx64.efi
BdsDxe: starting Boot0003 "Ubuntu" from PciRoot(0x0)/Pci(0x3,0x0)/Scsi(0x1,0x0)/HD(15,GPT,C848D457-4750-4825-A2CD-4EBFB870DC53,0x2800,0x35000)/\EFI\ubuntu\shimx64.efi

UEFI: Attempting to start image.
Description: Ubuntu
FilePath: PciRoot(0x0)/Pci(0x3,0x0)/Scsi(0x1,0x0)/HD(15,GPT,C848D457-4750-4825-A2CD-4EBFB870DC53,0x2800,0x35000)/\EFI\ubuntu\shimx64.efi
OptionNumber: 3.

[H[J[1;1HGRUB_FORCE_PARTUUID set, attempting initrdless boot.
[    0.000000] Linux version 6.17.0-1013-gcp (buildd@lcy02-amd64-034) (x86_64-linux-gnu-gcc-13 (Ubuntu 13.3.0-6ubuntu2~24.04.1) 13.3.0, GNU ld (GNU Binutils for Ubuntu) 2.42) #13~24.04.1-Ubuntu SMP Thu Apr 16 02:10:24 UTC 2026 (Ubuntu 6.17.0-1013.13~24.04.1-gcp 6.17.13)
[    0.000000] Command line: BOOT_IMAGE=/vmlinuz-6.17.0-1013-gcp root=PARTUUID=6624332c-1f00-4e51-a0bf-94661fe17234 ro console=ttyS0,115200 panic=-1
[    0.000000] KERNEL supported cpus:
[    0.000000]   Intel GenuineIntel
[    0.000000]   AMD AuthenticAMD
[    0.000000]   Hygon HygonGenuine
[    0.000000]   Centaur CentaurHauls
[    0.000000]   zhaoxin   Shanghai  
[    0.000000] x86/CPU: Model not found in latest microcode list
[    0.000000] BIOS-provided physical RAM map:
[    0.000000] BIOS-e820: [mem 0x0000000000000000-0x0000000000000fff] reserved
[    0.000000] BIOS-e820: [mem 0x0000000000001000-0x0000000000054fff] usable
[    0.000000] BIOS-e820: [mem 0x0000000000055000-0x000000000005ffff] reserved
[    0.000000] BIOS-e820: [mem 0x0000000000060000-0x0000000000097fff] usable
[    0.000000] BIOS-e820: [mem 0x0000000000098000-0x000000000009ffff] reserved
[    0.000000] BIOS-e820: [mem 0x0000000000100000-0x00000000bd254fff] usable
[    0.000000] BIOS-e820: [mem 0x00000000bd255000-0x00000000bd25ffff] ACPI data
[    0.000000] BIOS-e820: [mem 0x00000000bd260000-0x00000000bf8ecfff] usable
[    0.000000] BIOS-e820: [mem 0x00000000bf8ed000-0x00000000bfb6cfff] reserved
[    0.000000] BIOS-e820: [mem 0x00000000bfb6d000-0x00000000bfb7efff] ACPI data
[    0.000000] BIOS-e820: [mem 0x00000000bfb7f000-0x00000000bfbfefff] ACPI NVS
[    0.000000] BIOS-e820: [mem 0x00000000bfbff000-0x00000000bffdffff] usable
[    0.000000] BIOS-e820: [mem 0x00000000bffe0000-0x00000000bfffffff] reserved
[    0.000000] BIOS-e820: [mem 0x0000000100000000-0x000000103fffffff] usable
[    0.000000] NX (Execute Disable) protection: active
[    0.000000] APIC: Static calls initialized
[    0.000000] efi: EFI v2.7 by EDK II
[    0.000000] efi: TPMFinalLog=0xbfbf7000 ACPI=0xbfb7e000 ACPI 2.0=0xbfb7e014 SMBIOS=0xbf9ca000 MEMATTR=0xbd260018 MOKvar=0xbf9c8000 RNG=0xbfb72018 TPMEventLog=0xbd255018 
[    0.000000] random: crng init done
[    0.000000] SMBIOS 2.4 present.
[    0.000000] DMI: Google Google Compute Engine/Google Compute Engine, BIOS Google 04/21/2026
[    0.000000] DMI: Memory slots populated: 4/4
[    0.000000] secureboot: Secure boot disabled
[    0.000000] Hypervisor detected: KVM
[    0.000000] last_pfn = 0xbffe0 max_arch_pfn = 0x400000000
[    0.000000] kvm-clock: Using msrs 4b564d01 and 4b564d00
[    0.000001] kvm-clock: using sched offset of 14952563861 cycles
[    0.000003] clocksource: kvm-clock: mask: 0xffffffffffffffff max_cycles: 0x1cd42e4dffb, max_idle_ns: 881590591483 ns
[    0.000007] tsc: Detected 2299.998 MHz processor
[    0.000091] last_pfn = 0x1040000 max_arch_pfn = 0x400000000
[    0.000129] MTRR map: 3 entries (2 fixed + 1 variable; max 18), built from 8 variable MTRRs
[    0.000133] x86/PAT: Configuration [0-7]: WB  WC  UC- UC  WB  WP  UC- WT  
[    0.000182] last_pfn = 0xbffe0 max_arch_pfn = 0x400000000
[    0.016669] Using GB pages for direct mapping
[    0.017195] secureboot: Secure boot disabled
[    0.017198] ACPI: Early table checksum verification disabled
[    0.017202] ACPI: RSDP 0x00000000BFB7E014 000024 (v02 Google)
[    0.017207] ACPI: XSDT 0x00000000BFB7D0E8 00005C (v01 Google GOOGFACP 00000001      01000013)
[    0.017215] ACPI: FACP 0x00000000BFB78000 0000F4 (v02 Google GOOGFACP 00000001 GOOG 00000001)
[    0.017223] ACPI: DSDT 0x00000000BFB79000 001A64 (v01 Google GOOGDSDT 00000001 GOOG 00000001)
[    0.017229] ACPI: FACS 0x00000000BFBF1000 000040
[    0.017233] ACPI: SSDT 0x00000000BFB7C000 000316 (v02 GOOGLE Tpm2Tabl 00001000 INTL 20250807)
[    0.017238] ACPI: TPM2 0x00000000BFB7B000 000034 (v04 GOOGLE          00000001 GOOG 00000001)
[    0.017243] ACPI: SRAT 0x00000000BFB77000 000228 (v03 Google GOOGSRAT 00000001 GOOG 00000001)
[    0.017247] ACPI: APIC 0x00000000BFB76000 000126 (v05 Google GOOGAPIC 00000001 GOOG 00000001)
[    0.017252] ACPI: SSDT 0x00000000BFB74000 0011D6 (v01 Google GOOGSSDT 00000001 GOOG 00000001)
[    0.017257] ACPI: WAET 0x00000000BFB73000 000028 (v01 Google GOOGWAET 00000001 GOOG 00000001)
[    0.017260] ACPI: Reserving FACP table memory at [mem 0xbfb78000-0xbfb780f3]
[    0.017262] ACPI: Reserving DSDT table memory at [mem 0xbfb79000-0xbfb7aa63]
[    0.017263] ACPI: Reserving FACS table memory at [mem 0xbfbf1000-0xbfbf103f]
[    0.017264] ACPI: Reserving SSDT table memory at [mem 0xbfb7c000-0xbfb7c315]
[    0.017265] ACPI: Reserving TPM2 table memory at [mem 0xbfb7b000-0xbfb7b033]
[    0.017266] ACPI: Reserving SRAT table memory at [mem 0xbfb77000-0xbfb77227]
[    0.017267] ACPI: Reserving APIC table memory at [mem 0xbfb76000-0xbfb76125]
[    0.017268] ACPI: Reserving SSDT table memory at [mem 0xbfb74000-0xbfb751d5]
[    0.017269] ACPI: Reserving WAET table memory at [mem 0xbfb73000-0xbfb73027]
[    0.017418] ACPI: SRAT: Node 0 PXM 0 [mem 0x00000000-0x0009ffff]
[    0.017420] ACPI: SRAT: Node 0 PXM 0 [mem 0x00100000-0xbfffffff]
[    0.017422] ACPI: SRAT: Node 0 PXM 0 [mem 0x100000000-0x103fffffff]
[    0.017426] NUMA: Node 0 [mem 0x00001000-0x0009ffff] + [mem 0x00100000-0xbfffffff] -> [mem 0x00001000-0xbfffffff]
[    0.017429] NUMA: Node 0 [mem 0x00001000-0xbfffffff] + [mem 0x100000000-0x103fffffff] -> [mem 0x00001000-0x103fffffff]
[    0.017442] NODE_DATA(0) allocated [mem 0x103ffd52c0-0x103fffffff]
[    0.017692] Zone ranges:
[    0.017692]   DMA      [mem 0x0000000000001000-0x0000000000ffffff]
[    0.017694]   DMA32    [mem 0x0000000001000000-0x00000000ffffffff]
[    0.017696]   Normal   [mem 0x0000000100000000-0x000000103fffffff]
[    0.017697]   Device   empty
[    0.017699] Movable zone start for each node
[    0.017701] Early memory node ranges
[    0.017702]   node   0: [mem 0x0000000000001000-0x0000000000054fff]
[    0.017703]   node   0: [mem 0x0000000000060000-0x0000000000097fff]
[    0.017704]   node   0: [mem 0x0000000000100000-0x00000000bd254fff]
[    0.017706]   node   0: [mem 0x00000000bd260000-0x00000000bf8ecfff]
[    0.017707]   node   0: [mem 0x00000000bfbff000-0x00000000bffdffff]
[    0.017708]   node   0: [mem 0x0000000100000000-0x000000103fffffff]
[    0.017713] Initmem setup node 0 [mem 0x0000000000001000-0x000000103fffffff]
[    0.017789] On node 0, zone DMA: 1 pages in unavailable ranges
[    0.017791] On node 0, zone DMA: 11 pages in unavailable ranges
[    0.017818] On node 0, zone DMA: 104 pages in unavailable ranges
[    0.023059] On node 0, zone DMA32: 11 pages in unavailable ranges
[    0.023072] On node 0, zone DMA32: 786 pages in unavailable ranges
[    0.131915] On node 0, zone Normal: 32 pages in unavailable ranges
[    0.132573] ACPI: PM-Timer IO Port: 0xb008
[    0.132595] ACPI: LAPIC_NMI (acpi_id[0xff] dfl dfl lint[0x1])
[    0.132677] IOAPIC[0]: apic_id 0, version 17, address 0xfec00000, GSI 0-23
[    0.132682] ACPI: INT_SRC_OVR (bus 0 bus_irq 5 global_irq 5 high level)
[    0.132684] ACPI: INT_SRC_OVR (bus 0 bus_irq 9 global_irq 9 high level)
[    0.132686] ACPI: INT_SRC_OVR (bus 0 bus_irq 10 global_irq 10 high level)
[    0.132687] ACPI: INT_SRC_OVR (bus 0 bus_irq 11 global_irq 11 high level)
[    0.132693] ACPI: Using ACPI (MADT) for SMP configuration information
[    0.132700] CPU topo: Max. logical packages:   1
[    0.132700] CPU topo: Max. logical dies:       1
[    0.132701] CPU topo: Max. dies per package:   1
[    0.132706] CPU topo: Max. threads per core:   2
[    0.132707] CPU topo: Num. cores per package:    12
[    0.132708] CPU topo: Num. threads per package:  24
[    0.132708] CPU topo: Allowing 24 present CPUs plus 0 hotplug CPUs
[    0.132734] PM: hibernation: Registered nosave memory: [mem 0x00000000-0x00000fff]
[    0.132736] PM: hibernation: Registered nosave memory: [mem 0x00055000-0x0005ffff]
[    0.132738] PM: hibernation: Registered nosave memory: [mem 0x00098000-0x000fffff]
[    0.132740] PM: hibernation: Registered nosave memory: [mem 0xbd255000-0xbd25ffff]
[    0.132742] PM: hibernation: Registered nosave memory: [mem 0xbf8ed000-0xbfbfefff]
[    0.132743] PM: hibernation: Registered nosave memory: [mem 0xbffe0000-0xffffffff]
[    0.132745] [mem 0xc0000000-0xffffffff] available for PCI devices
[    0.132747] Booting paravirtualized kernel on KVM
[    0.132750] clocksource: refined-jiffies: mask: 0xffffffff max_cycles: 0xffffffff, max_idle_ns: 1910969940391419 ns
[    0.132758] setup_percpu: NR_CPUS:8192 nr_cpumask_bits:24 nr_cpu_ids:24 nr_node_ids:1
[    0.134536] percpu: Embedded 84 pages/cpu s221184 r8192 d114688 u524288
[    0.134592] kvm-guest: PV spinlocks enabled
[    0.134594] PV qspinlock hash table entries: 256 (order: 0, 4096 bytes, linear)
[    0.134598] Kernel command line: BOOT_IMAGE=/vmlinuz-6.17.0-1013-gcp root=PARTUUID=6624332c-1f00-4e51-a0bf-94661fe17234 ro console=ttyS0,115200 panic=-1
[    0.134673] printk: log buffer data + meta data: 262144 + 917504 = 1179648 bytes
[    0.141368] Dentry cache hash table entries: 8388608 (order: 14, 67108864 bytes, linear)
[    0.144661] Inode-cache hash table entries: 4194304 (order: 13, 33554432 bytes, linear)
[    0.145265] software IO TLB: area num 32.
[    0.158746] Fallback order for Node 0: 0 
[    0.158751] Built 1 zonelists, mobility grouping on.  Total pages: 16776271
[    0.158753] Policy zone: Normal
[    0.158762] mem auto-init: stack:all(zero), heap alloc:on, heap free:off
[    0.313084] SLUB: HWalign=64, Order=0-3, MinObjects=0, CPUs=24, Nodes=1
[    0.313153] Kernel/User page tables isolation: enabled
[    0.325745] ftrace: allocating 61994 entries in 244 pages
[    0.325748] ftrace: allocated 244 pages with 5 groups
[    0.326155] rcu: Hierarchical RCU implementation.
[    0.326156] rcu: 	RCU restricting CPUs from NR_CPUS=8192 to nr_cpu_ids=24.
[    0.326158] 	Rude variant of Tasks RCU enabled.
[    0.326159] 	Tracing variant of Tasks RCU enabled.
[    0.326159] rcu: RCU calculated value of scheduler-enlistment delay is 100 jiffies.
[    0.326160] rcu: Adjusting geometry for rcu_fanout_leaf=16, nr_cpu_ids=24
[    0.326186] RCU Tasks Rude: Setting shift to 5 and lim to 1 rcu_task_cb_adjust=1 rcu_task_cpu_ids=24.
[    0.326190] RCU Tasks Trace: Setting shift to 5 and lim to 1 rcu_task_cb_adjust=1 rcu_task_cpu_ids=24.
[    0.330073] NR_IRQS: 524544, nr_irqs: 616, preallocated irqs: 16
[    0.330440] rcu: srcu_init: Setting srcu_struct sizes based on contention.
[    0.330568] Console: colour dummy device 80x25
[    0.330637] printk: legacy console [ttyS0] enabled
[    0.676025] ACPI: Core revision 20250404
[    0.677579] APIC: Switch to symmetric I/O mode setup
[    0.680104] x2apic enabled
[    0.684409] APIC: Switched APIC routing to: physical x2apic
[    0.691853] ..TIMER: vector=0x30 apic1=0 pin1=0 apic2=-1 pin2=-1
[    0.694305] clocksource: tsc-early: mask: 0xffffffffffffffff max_cycles: 0x212733415c7, max_idle_ns: 440795236380 ns
[    0.698206] Calibrating delay loop (skipped) preset value.. 4599.99 BogoMIPS (lpj=2299998)
[    0.700266] Last level iTLB entries: 4KB 1024, 2MB 1024, 4MB 1024
[    0.701204] Last level dTLB entries: 4KB 1024, 2MB 1024, 4MB 1024, 1GB 4
[    0.702228] mitigations: Enabled attack vectors: user_kernel, user_user, guest_host, guest_guest, SMT mitigations: auto
[    0.703206] Speculative Store Bypass: Mitigation: Speculative Store Bypass disabled via prctl
[    0.704204] Spectre V2 : Mitigation: IBRS
[    0.705204] RETBleed: Mitigation: IBRS
[    0.706204] ITS: Mitigation: Aligned branch/return thunks
[    0.707204] Spectre V2 : User space: Mitigation: STIBP via prctl
[    0.708204] MDS: Mitigation: Clear CPU buffers
[    0.709204] MMIO Stale Data: Vulnerable: Clear CPU buffers attempted, no microcode
[    0.710216] Spectre V1 : Mitigation: usercopy/swapgs barriers and __user pointer sanitization
[    0.711206] Spectre V2 : Spectre v2 / SpectreRSB: Filling RSB on context switch and VMEXIT
[    0.712206] Spectre V2 : mitigation: Enabling conditional Indirect Branch Prediction Barrier
[    0.713211] active return thunk: its_return_thunk
[    0.714204] Spectre V2 : Spectre BHI mitigation: SW BHB clearing on syscall and VM exit
[    0.715219] x86/fpu: Supporting XSAVE feature 0x001: 'x87 floating point registers'
[    0.716204] x86/fpu: Supporting XSAVE feature 0x002: 'SSE registers'
[    0.717204] x86/fpu: Supporting XSAVE feature 0x004: 'AVX registers'
[    0.718204] x86/fpu: xstate_offset[2]:  576, xstate_sizes[2]:  256
[    0.719204] x86/fpu: Enabled xstate features 0x7, context size is 832 bytes, using 'standard' format.
[    0.778787] Freeing SMP alternatives memory: 52K
[    0.779208] pid_max: default: 32768 minimum: 301
[    0.780310] LSM: initializing lsm=lockdown,capability,landlock,yama,apparmor,ima,evm
[    0.781220] landlock: Up and running.
[    0.782204] Yama: becoming mindful.
[    0.784269] AppArmor: AppArmor initialized
[    0.785502] Mount-cache hash table entries: 131072 (order: 8, 1048576 bytes, linear)
[    0.786380] Mountpoint-cache hash table entries: 131072 (order: 8, 1048576 bytes, linear)
[    0.890488] smpboot: CPU0: Intel(R) Xeon(R) CPU @ 2.30GHz (family: 0x6, model: 0x3f, stepping: 0x0)
[    0.891535] Performance Events: unsupported CPU family 6 model 63 no PMU driver, software events only.
[    0.892283] signal: max sigframe size: 1776
[    0.893252] rcu: Hierarchical SRCU implementation.
[    0.894205] rcu: 	Max phase no-delay instances is 400.
[    0.895282] Timer migration: 2 hierarchy levels; 8 children per group; 2 crossnode level
[    0.898742] NMI watchdog: Perf NMI watchdog permanently disabled
[    0.900370] smp: Bringing up secondary CPUs ...
[    0.902277] smpboot: x86: Booting SMP configuration:
[    0.903207] .... node  #0, CPUs:        #1  #2  #3  #4  #5  #6  #7  #8  #9 #10 #11 #12 #13 #14 #15 #16 #17 #18 #19 #20 #21 #22 #23
[    0.916384] MDS CPU bug present and SMT on, data leak possible. See https://www.kernel.org/doc/html/latest/admin-guide/hw-vuln/mds.html for more details.
[    0.918205] MMIO Stale Data CPU bug present and SMT on, data leak possible. See https://www.kernel.org/doc/html/latest/admin-guide/hw-vuln/processor_mmio_stale_data.html for more details.
[    0.925286] smp: Brought up 1 node, 24 CPUs
[    0.926206] smpboot: Total of 24 processors activated (110399.90 BogoMIPS)
[    0.929523] Memory: 65803316K/67105084K available (22206K kernel code, 4673K rwdata, 15608K rodata, 5404K init, 6100K bss, 1277604K reserved, 0K cma-reserved)
[    0.933688] devtmpfs: initialized
[    0.934295] x86/mm: Memory block size: 1024MB
[    0.937573] ACPI: PM: Registering ACPI NVS region [mem 0xbfb7f000-0xbfbfefff] (524288 bytes)
[    0.938333] clocksource: jiffies: mask: 0xffffffff max_cycles: 0xffffffff, max_idle_ns: 1911260446275000 ns
[    0.939266] posixtimers hash table entries: 16384 (order: 6, 262144 bytes, linear)
[    0.940352] futex hash table entries: 8192 (524288 bytes on 1 NUMA nodes, total 512 KiB, linear).
[    0.941344] pinctrl core: initialized pinctrl subsystem
[    0.943204] PM: RTC time: 23:26:10, date: 2026-05-14
[    0.946236] NET: Registered PF_NETLINK/PF_ROUTE protocol family
[    0.948545] DMA: preallocated 4096 KiB GFP_KERNEL pool for atomic allocations
[    0.950699] DMA: preallocated 4096 KiB GFP_KERNEL|GFP_DMA pool for atomic allocations
[    0.951942] DMA: preallocated 4096 KiB GFP_KERNEL|GFP_DMA32 pool for atomic allocations
[    0.952223] audit: initializing netlink subsys (disabled)
[    0.953273] audit: type=2000 audit(1778801170.440:1): state=initialized audit_enabled=0 res=1
[    0.954301] thermal_sys: Registered thermal governor 'fair_share'
[    0.956203] thermal_sys: Registered thermal governor 'bang_bang'
[    0.957205] thermal_sys: Registered thermal governor 'step_wise'
[    0.958205] thermal_sys: Registered thermal governor 'user_space'
[    0.959205] thermal_sys: Registered thermal governor 'power_allocator'
[    0.960225] cpuidle: using governor ladder
[    0.962212] cpuidle: using governor menu
[    0.963281] acpiphp: ACPI Hot Plug PCI Controller Driver version: 0.5
[    0.964501] PCI: Using configuration type 1 for base access
[    0.965322] kprobes: kprobe jump-optimization is enabled. All kprobes are optimized if possible.
[    0.967294] HugeTLB: registered 1.00 GiB page size, pre-allocated 0 pages
[    0.968205] HugeTLB: 16380 KiB vmemmap can be freed for a 1.00 GiB page
[    0.969221] HugeTLB: registered 2.00 MiB page size, pre-allocated 0 pages
[    0.970205] HugeTLB: 28 KiB vmemmap can be freed for a 2.00 MiB page
[    0.974320] ACPI: Added _OSI(Module Device)
[    0.975206] ACPI: Added _OSI(Processor Device)
[    0.976205] ACPI: Added _OSI(Processor Aggregator Device)
[    0.980896] ACPI: 3 ACPI AML tables successfully acquired and loaded
[    1.001218] ACPI: Interpreter enabled
[    1.002221] ACPI: PM: (supports S0 S3 S4 S5)
[    1.003206] ACPI: Using IOAPIC for interrupt routing
[    1.005499] PCI: Using host bridge windows from ACPI; if necessary, use "pci=nocrs" and report a bug
[    1.006205] PCI: Ignoring E820 reservations for host bridge windows
[    1.008486] ACPI: Enabled 16 GPEs in block 00 to 0F
[    1.016101] ACPI: PCI Root Bridge [PCI0] (domain 0000 [bus 00-ff])
[    1.016211] acpi PNP0A03:00: _OSC: OS supports [ASPM ClockPM Segments MSI EDR HPX-Type3]
[    1.017206] acpi PNP0A03:00: _OSC: not requesting OS control; OS requires [ExtendedConfig ASPM ClockPM MSI]
[    1.018220] acpi PNP0A03:00: fail to add MMCONFIG information, can't access extended configuration space under this bridge
[    1.020694] PCI host bridge to bus 0000:00
[    1.021211] pci_bus 0000:00: root bus resource [io  0x0000-0x0cf7 window]
[    1.022205] pci_bus 0000:00: root bus resource [io  0x0d00-0xffff window]
[    1.023205] pci_bus 0000:00: root bus resource [mem 0x000a0000-0x000bffff window]
[    1.024205] pci_bus 0000:00: root bus resource [mem 0xc0000000-0xc53fffff window]
[    1.025205] pci_bus 0000:00: root bus resource [mem 0xc5440000-0xee3fffff window]
[    1.026205] pci_bus 0000:00: root bus resource [mem 0xee440000-0xfebfefff window]
[    1.027206] pci_bus 0000:00: root bus resource [mem 0x1040000000-0x2103fffffff window]
[    1.028206] pci_bus 0000:00: root bus resource [bus 00-ff]
[    1.029274] pci 0000:00:00.0: [8086:1237] type 00 class 0x060000 conventional PCI endpoint
[    1.033025] pci 0000:00:01.0: [8086:7110] type 00 class 0x060100 conventional PCI endpoint
[    1.038714] pci 0000:00:01.3: [8086:7113] type 00 class 0x068000 conventional PCI endpoint
[    1.044375] pci 0000:00:01.3: quirk: [io  0xb000-0xb03f] claimed by PIIX4 ACPI
[    1.047676] pci 0000:00:03.0: [1af4:1004] type 00 class 0x000000 conventional PCI endpoint
[    1.057231] pci 0000:00:03.0: BAR 0 [io  0xc040-0xc07f]
[    1.058221] pci 0000:00:03.0: BAR 1 [mem 0xc1001000-0xc100107f]
[    1.060529] pci 0000:00:04.0: [10de:1eb8] type 00 class 0x030200 conventional PCI endpoint
[    1.075231] pci 0000:00:04.0: BAR 0 [mem 0xc0000000-0xc0ffffff]
[    1.076234] pci 0000:00:04.0: BAR 1 [mem 0x1040000000-0x104fffffff 64bit pref]
[    1.077232] pci 0000:00:04.0: BAR 3 [mem 0x1050000000-0x1051ffffff 64bit pref]
[    1.079061] pci 0000:00:05.0: [1af4:1000] type 00 class 0x020000 conventional PCI endpoint
[    1.087236] pci 0000:00:05.0: BAR 0 [io  0xc000-0xc03f]
[    1.088221] pci 0000:00:05.0: BAR 1 [mem 0xc1000000-0xc10003ff]
[    1.089899] pci 0000:00:06.0: [1af4:1005] type 00 class 0x00ff00 conventional PCI endpoint
[    1.100230] pci 0000:00:06.0: BAR 0 [io  0xc080-0xc09f]
[    1.101220] pci 0000:00:06.0: BAR 1 [mem 0xc1002000-0xc100203f]
[    1.115444] ACPI: PCI: Interrupt link LNKA configured for IRQ 10
[    1.117361] ACPI: PCI: Interrupt link LNKB configured for IRQ 10
[    1.119354] ACPI: PCI: Interrupt link LNKC configured for IRQ 11
[    1.122269] ACPI: PCI: Interrupt link LNKD configured for IRQ 11
[    1.124253] ACPI: PCI: Interrupt link LNKS configured for IRQ 9
[    1.129214] iommu: Default domain type: Translated
[    1.130205] iommu: DMA domain TLB invalidation policy: lazy mode
[    1.133277] SCSI subsystem initialized
[    1.134256] ACPI: bus type USB registered
[    1.135228] usbcore: registered new interface driver usbfs
[    1.136215] usbcore: registered new interface driver hub
[    1.137220] usbcore: registered new device driver usb
[    1.138252] pps_core: LinuxPPS API ver. 1 registered
[    1.139206] pps_core: Software ver. 5.3.6 - Copyright 2005-2007 Rodolfo Giometti <giometti@linux.it>
[    1.140214] PTP clock support registered
[    1.141254] EDAC MC: Ver: 3.0.0
[    1.143447] efivars: Registered efivars operations
[    1.145222] NetLabel: Initializing
[    1.146205] NetLabel:  domain hash size = 128
[    1.147205] NetLabel:  protocols = UNLABELED CIPSOv4 CALIPSO
[    1.149213] NetLabel:  unlabeled traffic allowed by default
[    1.150247] mctp: management component transport protocol core
[    1.151206] NET: Registered PF_MCTP protocol family
[    1.152234] PCI: Using ACPI for IRQ routing
[    1.153461] vgaarb: loaded
[    1.155485] clocksource: Switched to clocksource kvm-clock
[    1.158505] VFS: Disk quotas dquot_6.6.0
[    1.159930] VFS: Dquot-cache hash table entries: 512 (order 0, 4096 bytes)
[    1.162699] AppArmor: AppArmor Filesystem Enabled
[    1.164406] pnp: PnP ACPI init
[    1.166288] pnp: PnP ACPI: found 7 devices
[    1.175228] clocksource: acpi_pm: mask: 0xffffff max_cycles: 0xffffff, max_idle_ns: 2085701024 ns
[    1.178275] NET: Registered PF_INET protocol family
[    1.180270] IP idents hash table entries: 262144 (order: 9, 2097152 bytes, linear)
[    1.206449] tcp_listen_portaddr_hash hash table entries: 32768 (order: 7, 524288 bytes, linear)
[    1.209786] Table-perturb hash table entries: 65536 (order: 6, 262144 bytes, linear)
[    1.213381] TCP established hash table entries: 524288 (order: 10, 4194304 bytes, linear)
[    1.217050] TCP bind hash table entries: 65536 (order: 9, 2097152 bytes, linear)
[    1.220096] TCP: Hash tables configured (established 524288 bind 65536)
[    1.223080] MPTCP token hash table entries: 65536 (order: 9, 1572864 bytes, linear)
[    1.226186] UDP hash table entries: 32768 (order: 9, 2097152 bytes, linear)
[    1.229149] UDP-Lite hash table entries: 32768 (order: 9, 2097152 bytes, linear)
[    1.232153] NET: Registered PF_UNIX/PF_LOCAL protocol family
[    1.234551] NET: Registered PF_XDP protocol family
[    1.236196] pci_bus 0000:00: resource 4 [io  0x0000-0x0cf7 window]
[    1.238408] pci_bus 0000:00: resource 5 [io  0x0d00-0xffff window]
[    1.240821] pci_bus 0000:00: resource 6 [mem 0x000a0000-0x000bffff window]
[    1.243666] pci_bus 0000:00: resource 7 [mem 0xc0000000-0xc53fffff window]
[    1.246139] pci_bus 0000:00: resource 8 [mem 0xc5440000-0xee3fffff window]
[    1.248799] pci_bus 0000:00: resource 9 [mem 0xee440000-0xfebfefff window]
[    1.251451] pci_bus 0000:00: resource 10 [mem 0x1040000000-0x2103fffffff window]
[    1.254443] pci 0000:00:00.0: Limiting direct PCI/PCI transfers
[    1.256845] PCI: CLS 0 bytes, default 64
[    1.258512] PCI-DMA: Using software bounce buffering for IO (SWIOTLB)
[    1.260849] software IO TLB: mapped [mem 0x00000000b7f7f000-0x00000000bbf7f000] (64MB)
[    1.264125] clocksource: tsc: mask: 0xffffffffffffffff max_cycles: 0x212733415c7, max_idle_ns: 440795236380 ns
[    1.268109] clocksource: Switched to clocksource tsc
[    1.289356] Initialise system trusted keyrings
[    1.291223] Key type blacklist registered
[    1.293020] workingset: timestamp_bits=36 max_order=24 bucket_order=0
[    1.296068] squashfs: version 4.0 (2009/01/31) Phillip Lougher
[    1.299081] fuse: init (API version 7.44)
[    1.301197] integrity: Platform Keyring initialized
[    1.302973] integrity: Machine keyring initialized
[    1.318461] Key type asymmetric registered
[    1.320258] Asymmetric key parser 'x509' registered
[    1.322320] Block layer SCSI generic (bsg) driver version 0.4 loaded (major 242)
[    1.324968] io scheduler mq-deadline registered
[    1.329599] ledtrig-cpu: registered to indicate activity on CPUs
[    1.331990] input: Power Button as /devices/LNXSYSTM:00/LNXPWRBN:00/input/input0
[    1.335001] ACPI: button: Power Button [PWRF]
[    1.336826] input: Sleep Button as /devices/LNXSYSTM:00/LNXSLPBN:00/input/input1
[    1.339773] ACPI: button: Sleep Button [SLPF]
[    1.349287] ACPI: \_SB_.LNKC: Enabled at IRQ 11
[    1.350992] virtio-pci 0000:00:03.0: virtio_pci: leaving for legacy driver
[    1.362367] ACPI: \_SB_.LNKA: Enabled at IRQ 10
[    1.363989] virtio-pci 0000:00:05.0: virtio_pci: leaving for legacy driver
[    1.375983] ACPI: \_SB_.LNKB: Enabled at IRQ 10
[    1.377589] virtio-pci 0000:00:06.0: virtio_pci: leaving for legacy driver
[    1.385494] Serial: 8250/16550 driver, 32 ports, IRQ sharing enabled
[    1.411144] 00:03: ttyS0 at I/O 0x3f8 (irq = 4, base_baud = 115200) is a 16550A
[    1.437701] 00:04: ttyS1 at I/O 0x2f8 (irq = 3, base_baud = 115200) is a 16550A
[    1.464095] 00:05: ttyS2 at I/O 0x3e8 (irq = 6, base_baud = 115200) is a 16550A
[    1.490110] 00:06: ttyS3 at I/O 0x2e8 (irq = 7, base_baud = 115200) is a 16550A
[    1.495261] Linux agpgart interface v0.103
[    1.498468] tpm_tis MSFT0101:00: 2.0 TPM (device-id 0x9009, rev-id 0)
[    1.517639] loop: module loaded
[    1.522877] virtio_scsi virtio0: 1/0/0 default/read/poll queues
[    1.543211] scsi host0: Virtio SCSI HBA
[    1.544694] blk-mq: reduced tag depth to 10240
[    1.551905] Key type psk registered
[    1.552302] scsi 0:0:1:0: Direct-Access     Google   PersistentDisk   1    PQ: 0 ANSI: 6
[    1.553944] ACPI: bus type drm_connector registered
[    1.558172] tun: Universal TUN/TAP device driver, 1.6
[    1.689405] sd 0:0:1:0: Attached scsi generic sg0 type 0
[    1.689506] sd 0:0:1:0: [sda] 4194304000 512-byte logical blocks: (2.15 TB/1.95 TiB)
[    1.739809] sd 0:0:1:0: [sda] 4096-byte physical blocks
[    1.756537] sd 0:0:1:0: [sda] Write Protect is off
[    1.777765] sd 0:0:1:0: [sda] Write cache: enabled, read cache: enabled, doesn't support DPO or FUA
[    1.794655] PPP generic driver version 2.4.2
[    1.798961] i8042: PNP: PS/2 Controller [PNP0303:KBD,PNP0f13:MOU] at 0x60,0x64 irq 1,12
[    1.801970] i8042: Warning: Keylock active
[    1.807247] serio: i8042 KBD port at 0x60,0x64 irq 1
[    1.809057] serio: i8042 AUX port at 0x60,0x64 irq 12
[    1.811202] mousedev: PS/2 mouse device common for all mice
[    1.813569] rtc_cmos 00:00: RTC can wake from S4
[    1.816814] rtc_cmos 00:00: registered as rtc0
[    1.818688] rtc_cmos 00:00: setting system clock to 2026-05-14T23:26:11 UTC (1778801171)
[    1.821798] rtc_cmos 00:00: alarms up to one day, 114 bytes nvram
[    1.822627] GPT:Primary header thinks Alt. header is not at the end of the disk.
[    1.824059] i2c_dev: i2c /dev entries driver
[    1.826995] GPT:104857599 != 4194303999
[    1.828774] device-mapper: core: CONFIG_IMA_DISABLE_HTABLE is disabled. Duplicate IMA measurements will not be recorded in the IMA log.
[    1.830307] GPT:Alternate GPT header not at the end of the disk.
[    1.835389] device-mapper: uevent: version 1.0.3
[    1.837951] GPT:104857599 != 4194303999
[    1.839849] device-mapper: ioctl: 4.50.0-ioctl (2025-04-28) initialised: dm-devel@lists.linux.dev
[    1.841402] GPT: Use GNU Parted to correct GPT errors.
[    1.841412]  sda: sda1 sda14 sda15 sda16
[    1.844830] intel_pstate: CPU model not supported
[    1.844919] drop_monitor: Initializing network drop monitor service
[    1.846907] sd 0:0:1:0: [sda] Attached SCSI disk
[    1.848868] NET: Registered PF_INET6 protocol family
[    1.856451] Segment Routing with IPv6
[    1.857833] In-situ OAM (IOAM) with IPv6
[    1.859305] NET: Registered PF_PACKET protocol family
[    1.861391] Key type dns_resolver registered
[    1.867101] IPI shorthand broadcast: enabled
[    1.871405] sched_clock: Marking stable (1509004331, 361753534)->(2135571337, -264813472)
[    1.875025] registered taskstats version 1
[    1.878987] Loading compiled-in X.509 certificates
[    1.881571] Loaded X.509 cert 'Build time autogenerated kernel key: e45cb4cd1c398ae218369364b5dd9534d3664c1e'
[    1.885696] Loaded X.509 cert 'Canonical Ltd. Live Patch Signing 2025 Kmod: d541cef61dc7e793b7eb7e899970a2eef0b5dc8c'
[    1.889820] Loaded X.509 cert 'Canonical Ltd. Live Patch Signing: 14df34d1a87cf37625abec039ef2bf521249b969'
[    1.894023] Loaded X.509 cert 'Canonical Ltd. Kernel Module Signing: 88f752e560a1e0737e31163a466ad7b70a850c19'
[    1.897503] blacklist: Loading compiled-in revocation X.509 certificates
[    1.899978] Loaded X.509 cert 'Canonical Ltd. Secure Boot Signing: 61482aa2830d0ab2ad5af10b7250da9033ddcef0'
[    1.903432] Loaded X.509 cert 'Canonical Ltd. Secure Boot Signing (2017): 242ade75ac4a15e50d50c84b0d45ff3eae707a03'
[    1.906580] Loaded X.509 cert 'Canonical Ltd. Secure Boot Signing (ESM 2018): 365188c1d374d6b07c3c8f240f8ef722433d6a8b'
[    1.910408] Loaded X.509 cert 'Canonical Ltd. Secure Boot Signing (2019): c0746fd6c5da3ae827864651ad66ae47fe24b3e8'
[    1.914274] Loaded X.509 cert 'Canonical Ltd. Secure Boot Signing (2021 v1): a8d54bbb3825cfb94fa13c9f8a594a195c107b8d'
[    1.917671] Loaded X.509 cert 'Canonical Ltd. Secure Boot Signing (2021 v2): 4cf046892d6fd3c9a5b03f98d845f90851dc6a8c'
[    1.920956] Loaded X.509 cert 'Canonical Ltd. Secure Boot Signing (2021 v3): 100437bb6de6e469b581e61cd66bce3ef4ed53af'
[    1.924678] Loaded X.509 cert 'Canonical Ltd. Secure Boot Signing (Ubuntu Core 2019): c1d57b8f6b743f23ee41f4f7ee292f06eecadfb9'
[    1.933390] Demotion targets for Node 0: null
[    1.934924] Key type .fscrypt registered
[    1.936245] Key type fscrypt-provisioning registered
[    1.937949] Key type big_key registered
[    1.938996] Key type trusted registered
[    1.941420] Key type encrypted registered
[    1.942838] AppArmor: AppArmor sha256 policy hashing enabled
[    1.945536] integrity: Loading X.509 certificate: UEFI:db
[    1.947194] integrity: Loaded X.509 cert 'Microsoft Corporation UEFI CA 2011: 13adbf4309bd82709c8cd54f316ed522988a1bd4'
[    1.950328] integrity: Loading X.509 certificate: UEFI:db
[    1.952388] integrity: Loaded X.509 cert 'Microsoft Windows Production PCA 2011: a92902398e16c49778cd90f99e4f9ae17c55af53'
[    1.956231] integrity: Loading X.509 certificate: UEFI:db
[    1.957798] integrity: Loaded X.509 cert 'Microsoft Corporation: Windows UEFI CA 2023: aefc5fbbbe055d8f8daa585473499417ab5a5272'
[    1.961149] integrity: Loading X.509 certificate: UEFI:db
[    1.962781] integrity: Loaded X.509 cert 'Microsoft UEFI CA 2023: 81aa6b3244c935bce0d6628af39827421e32497d'
[    1.966648] integrity: Revoking X.509 certificate: UEFI:dbx
[    1.968911] blacklist: Revoked X.509 cert 'Canonical Ltd. Secure Boot Signing: 61482aa2830d0ab2ad5af10b7250da9033ddcef0'
[    1.972651] integrity: Revoking X.509 certificate: UEFI:dbx
[    1.974710] blacklist: Revoked X.509 cert 'Cisco: Virtual UEFI SubCA: 13df2e3f54ebf347dcaecebf21d3cbb2355a4c9a'
[    1.977808] integrity: Revoking X.509 certificate: UEFI:dbx
[    1.979611] blacklist: Revoked X.509 cert 'Debian Secure Boot Signer: 00a7468def'
[    1.982820] Loading compiled-in module X.509 certificates
[    1.985229] Loaded X.509 cert 'Build time autogenerated kernel key: e45cb4cd1c398ae218369364b5dd9534d3664c1e'
[    1.988218] ima: Allocated hash algorithm: sha256
[    2.024751] ima: No architecture policies found
[    2.026570] evm: Initialising EVM extended attributes:
[    2.028527] evm: security.selinux
[    2.029735] evm: security.SMACK64
[    2.030742] evm: security.SMACK64EXEC
[    2.031989] evm: security.SMACK64TRANSMUTE
[    2.033347] evm: security.SMACK64MMAP
[    2.034572] evm: security.apparmor
[    2.035928] evm: security.ima
[    2.036830] evm: security.capability
[    2.037872] evm: HMAC attrs: 0x1
[    2.039562] input: AT Translated Set 2 keyboard as /devices/platform/i8042/serio0/input/input2
[    2.039586] PM:   Magic number: 10:860:453
[    2.045984] RAS: Correctable Errors collector initialized.
[    2.060267] clk: Disabling unused clocks
[    2.061623] PM: genpd: Disabling unused power domains
[    2.064119] check access for rdinit=/init failed: -2, ignoring
[    2.065150] md: Waiting for all devices to be available before autodetect
[    2.066255] md: If you don't use raid, use raid=noautodetect
[    2.067245] md: Autodetecting RAID arrays.
[    2.067894] md: autorun ...
[    2.068350] md: ... autorun DONE.
[    2.076699] EXT4-fs (sda1): mounted filesystem 89fcf612-67c3-434b-97ea-2cfdbfe01b5b ro with ordered data mode. Quota mode: none.
[    2.078486] VFS: Mounted root (ext4 filesystem) readonly on device 8:1.
[    2.089173] devtmpfs: mounted
[    2.091947] Freeing unused decrypted memory: 2028K
[    2.094705] Freeing unused kernel image (initmem) memory: 5404K
[    2.096044] Write protecting the kernel read-only data: 38912k
[    2.097972] Freeing unused kernel image (text/rodata gap) memory: 320K
[    2.099674] Freeing unused kernel image (rodata/data gap) memory: 776K
[    2.161728] x86/mm: Checked W+X mappings: passed, no W+X pages found.
[    2.162708] x86/mm: Checking user space page tables
[    2.221114] x86/mm: Checked W+X mappings: passed, no W+X pages found.
[    2.222074] Run /sbin/init as init process
[    2.414119] systemd[1]: Inserted module 'autofs4'
[    2.562838] systemd[1]: systemd 255.4-1ubuntu8.15 running in system mode (+PAM +AUDIT +SELINUX +APPARMOR +IMA +SMACK +SECCOMP +GCRYPT -GNUTLS +OPENSSL +ACL +BLKID +CURL +ELFUTILS +FIDO2 +IDN2 -IDN +IPTC +KMOD +LIBCRYPTSETUP +LIBFDISK +PCRE2 -PWQUALITY +P11KIT +QRENCODE +TPM2 +BZIP2 +LZ4 +XZ +ZLIB +ZSTD -BPF_FRAMEWORK -XKBCOMMON +UTMP +SYSVINIT default-hierarchy=unified)
[    2.567797] systemd[1]: Detected virtualization google.
[    2.568612] systemd[1]: Detected architecture x86-64.

Welcome to [1mUbuntu 24.04.4 LTS[0m!

[    2.574850] systemd[1]: No hostname configured, using default hostname.
[    2.576028] systemd[1]: Hostname set to <localhost>.
[    2.962363] systemd[1]: Queued start job for default target graphical.target.
[    2.988114] systemd[1]: Created slice system-modprobe.slice - Slice /system/modprobe.
[[0;32m  OK  [0m] Created slice [0;1;39msystem-modprobe.slice[0m - Slice /system/modprobe.
[    2.994038] systemd[1]: Created slice system-serial\x2dgetty.slice - Slice /system/serial-getty.
[[0;32m  OK  [0m] Created slice [0;1;39msystem-serial\x2dget…slice[0m - Slice /system/serial-getty.
[    2.999387] systemd[1]: Created slice system-systemd\x2dfsck.slice - Slice /system/systemd-fsck.
[[0;32m  OK  [0m] Created slice [0;1;39msystem-systemd\x2dfs…slice[0m - Slice /system/systemd-fsck.
[    3.004266] systemd[1]: Created slice user.slice - User and Session Slice.
[[0;32m  OK  [0m] Created slice [0;1;39muser.slice[0m - User and Session Slice.
[    3.007890] systemd[1]: Started systemd-ask-password-wall.path - Forward Password Requests to Wall Directory Watch.
[[0;32m  OK  [0m] Started [0;1;39msystemd-ask-password-wall.…[0md Requests to Wall Directory Watch.
[    3.013026] systemd[1]: Set up automount proc-sys-fs-binfmt_misc.automount - Arbitrary Executable File Formats File System Automount Point.
[[0;32m  OK  [0m] Set up automount [0;1;39mproc-sys-fs-binfm…[0mormats File System Automount Point.
[    3.017828] systemd[1]: Expecting device dev-disk-by\x2dlabel-BOOT.device - /dev/disk/by-label/BOOT...
         Expecting device [0;1;39mdev-disk-by\x2dla…device[0m - /dev/disk/by-label/BOOT...
[    3.020866] systemd[1]: Expecting device dev-disk-by\x2dlabel-UEFI.device - /dev/disk/by-label/UEFI...
         Expecting device [0;1;39mdev-disk-by\x2dla…device[0m - /dev/disk/by-label/UEFI...
[    3.023809] systemd[1]: Expecting device dev-ttyS0.device - /dev/ttyS0...
         Expecting device [0;1;39mdev-ttyS0.device[0m - /dev/ttyS0...
[    3.027827] systemd[1]: Reached target integritysetup.target - Local Integrity Protected Volumes.
[[0;32m  OK  [0m] Reached target [0;1;39mintegritysetup.targ…[0m Local Integrity Protected Volumes.
[    3.032838] systemd[1]: Reached target slices.target - Slice Units.
[[0;32m  OK  [0m] Reached target [0;1;39mslices.target[0m - Slice Units.
[    3.036819] systemd[1]: Reached target snapd.mounts-pre.target - Mounting snaps.
[[0;32m  OK  [0m] Reached target [0;1;39msnapd.mounts-pre.target[0m - Mounting snaps.
[    3.040827] systemd[1]: Reached target swap.target - Swaps.
[[0;32m  OK  [0m] Reached target [0;1;39mswap.target[0m - Swaps.
[    3.043819] systemd[1]: Reached target time-set.target - System Time Set.
[[0;32m  OK  [0m] Reached target [0;1;39mtime-set.target[0m - System Time Set.
[    3.047852] systemd[1]: Reached target veritysetup.target - Local Verity Protected Volumes.
[[0;32m  OK  [0m] Reached target [0;1;39mveritysetup.target[0m - Local Verity Protected Volumes.
[    3.051922] systemd[1]: Listening on dm-event.socket - Device-mapper event daemon FIFOs.
[[0;32m  OK  [0m] Listening on [0;1;39mdm-event.socket[0m - Device-mapper event daemon FIFOs.
[    3.055025] systemd[1]: Listening on lvm2-lvmpolld.socket - LVM2 poll daemon socket.
[[0;32m  OK  [0m] Listening on [0;1;39mlvm2-lvmpolld.socket[0m - LVM2 poll daemon socket.
[    3.059952] systemd[1]: Listening on multipathd.socket - multipathd control socket.
[[0;32m  OK  [0m] Listening on [0;1;39mmultipathd.socket[0m - multipathd control socket.
[    3.063957] systemd[1]: Listening on syslog.socket - Syslog Socket.
[[0;32m  OK  [0m] Listening on [0;1;39msyslog.socket[0m - Syslog Socket.
[    3.067916] systemd[1]: Listening on systemd-fsckd.socket - fsck to fsckd communication Socket.
[[0;32m  OK  [0m] Listening on [0;1;39msystemd-fsckd.socket[0m …fsck to fsckd communication Socket.
[    3.072889] systemd[1]: Listening on systemd-initctl.socket - initctl Compatibility Named Pipe.
[[0;32m  OK  [0m] Listening on [0;1;39msystemd-initctl.socke…[0m- initctl Compatibility Named Pipe.
[    3.077978] systemd[1]: Listening on systemd-journald-dev-log.socket - Journal Socket (/dev/log).
[[0;32m  OK  [0m] Listening on [0;1;39msystemd-journald-dev-…socket[0m - Journal Socket (/dev/log).
[    3.082966] systemd[1]: Listening on systemd-journald.socket - Journal Socket.
[[0;32m  OK  [0m] Listening on [0;1;39msystemd-journald.socket[0m - Journal Socket.
[    3.087012] systemd[1]: Listening on systemd-networkd.socket - Network Service Netlink Socket.
[[0;32m  OK  [0m] Listening on [0;1;39msystemd-networkd.socket[0m - Network Service Netlink Socket.
[    3.091878] systemd[1]: systemd-pcrextend.socket - TPM2 PCR Extension (Varlink) was skipped because of an unmet condition check (ConditionSecurity=measured-uki).
[    3.094324] systemd[1]: Listening on systemd-udevd-control.socket - udev Control Socket.
[[0;32m  OK  [0m] Listening on [0;1;39msystemd-udevd-control.socket[0m - udev Control Socket.
[    3.097506] systemd[1]: Listening on systemd-udevd-kernel.socket - udev Kernel Socket.
[[0;32m  OK  [0m] Listening on [0;1;39msystemd-udevd-kernel.socket[0m - udev Kernel Socket.
[    3.112862] systemd[1]: Mounting dev-hugepages.mount - Huge Pages File System...
         Mounting [0;1;39mdev-hugepages.mount[0m - Huge Pages File System...
[    3.117861] systemd[1]: Mounting dev-mqueue.mount - POSIX Message Queue File System...
         Mounting [0;1;39mdev-mqueue.mount[0m - POSIX Message Queue File System...
[    3.122891] systemd[1]: Mounting sys-kernel-debug.mount - Kernel Debug File System...
         Mounting [0;1;39msys-kernel-debug.mount[0m - Kernel Debug File System...
[    3.127817] systemd[1]: Mounting sys-kernel-tracing.mount - Kernel Trace File System...
         Mounting [0;1;39msys-kernel-tracing.mount[0m - Kernel Trace File System...
[    3.136608] systemd[1]: Starting systemd-journald.service - Journal Service...
         Starting [0;1;39msystemd-journald.service[0m - Journal Service...
[    3.143000] systemd[1]: Starting keyboard-setup.service - Set the console keyboard layout...
         Starting [0;1;39mkeyboard-setup.service[0m - Set the console keyboard layout...
[    3.149046] systemd[1]: Starting kmod-static-nodes.service - Create List of Static Device Nodes...
         Starting [0;1;39mkmod-static-nodes.service[0m…eate List of Static Device Nodes...
[    3.153388] systemd[1]: Starting lvm2-monitor.service - Monitoring of LVM2 mirrors, snapshots etc. using dmeventd or progress polling...
         Starting [0;1;39mlvm2-monitor.service[0m - Mo…ing dmeventd or progress polling...
[    3.159398] systemd-journald[284]: Collecting audit messages is disabled.
[    3.159874] systemd[1]: Starting modprobe@configfs.service - Load Kernel Module configfs...
         Starting [0;1;39mmodprobe@configfs.service[0m - Load Kernel Module configfs...
[    3.165996] systemd[1]: Starting modprobe@dm_mod.service - Load Kernel Module dm_mod...
         Starting [0;1;39mmodprobe@dm_mod.service[0m - Load Kernel Module dm_mod...
[    3.170848] systemd[1]: Starting modprobe@drm.service - Load Kernel Module drm...
         Starting [0;1;39mmodprobe@drm.service[0m - Load Kernel Module drm...
[    3.175870] systemd[1]: Starting modprobe@efi_pstore.service - Load Kernel Module efi_pstore...
         Starting [0;1;39mmodprobe@efi_pstore.servi…[0m - Load Kernel Module efi_pstore...
[    3.179928] systemd[1]: Starting modprobe@fuse.service - Load Kernel Module fuse...
         Starting [0;1;39mmodprobe@fuse.service[0m - Load Kernel Module fuse...
[    3.185165] systemd[1]: Starting modprobe@loop.service - Load Kernel Module loop...
[    3.185228] pstore: Using crash dump compression: deflate
         Starting [0;1;39mmodprobe@loop.service[0m - Load Kernel Module loop...
[    3.191921] systemd[1]: Starting modprobe@nvme_fabrics.service - Load Kernel Module nvme_fabrics...
         Starting [0;1;39mmodprobe@nvme_fabrics.ser…[0m Load Kernel Module nvme_fabrics...
[    3.195580] pstore: Registered efi_pstore as persistent store backend
[    3.197474] systemd[1]: netplan-ovs-cleanup.service - OpenVSwitch configuration for cleanup was skipped because of an unmet condition check (ConditionFileIsExecutable=/usr/bin/ovs-vsctl).
[    3.201364] systemd[1]: Starting systemd-fsck-root.service - File System Check on Root Device...
         Starting [0;1;39msystemd-fsck-root.service[0m…File System Check on Root Device...
[    3.209323] systemd[1]: Starting systemd-modules-load.service - Load Kernel Modules...
         Starting [0;1;39msystemd-modules-load.service[0m - Load Kernel Modules...
[    3.213822] systemd[1]: systemd-pcrmachine.service - TPM2 PCR Machine ID Measurement was skipped because of an unmet condition check (ConditionSecurity=measured-uki).
[    3.216313] systemd[1]: systemd-tpm2-setup-early.service - TPM2 SRK Setup (Early) was skipped because of an unmet condition check (ConditionSecurity=measured-uki).
[    3.219928] systemd[1]: Starting systemd-udev-trigger.service - Coldplug All udev Devices...
         Starting [0;1;39msystemd-udev-trigger.service[0m - Coldplug All udev Devices...
[    3.222867] systemd[1]: Started systemd-journald.service - Journal Service.
[[0;32m  OK  [0m] Started [0;1;39msystemd-journald.service[0m - Journal Service.
[[0;32m  OK  [0m] Mounted [0;1;39mdev-hugepages.mount[0m - Huge Pages File System.
[[0;32m  OK  [0m] Mounted [0;1;39mdev-mqueue.mount[0m - POSIX Message Queue File System.
[[0;32m  OK  [0m] Mounted [0;1;39msys-kernel-debug.mount[0m - Kernel Debug File System.
[[0;32m  OK  [0m] Mounted [0;1;39msys-kernel-tracing.mount[0m - Kernel Trace File System.
[[0;32m  OK  [0m] Finished [0;1;39mkeyboard-setup.service[0m - Set the console keyboard layout.
[[0;32m  OK  [0m] Finished [0;1;39mkmod-static-nodes.service[0m…Create List of Static Device Nodes.
[[0;32m  OK  [0m] Finished [0;1;39mmodprobe@configfs.service[0m - Load Kernel Module configfs.
[[0;32m  OK  [0m] Finished [0;1;39mmodprobe@dm_mod.service[0m - Load Kernel Module dm_mod.
[[0;32m  OK  [0m] Finished [0;1;39mmodprobe@drm.service[0m - Load Kernel Module drm.
[[0;32m  OK  [0m] Finished [0;1;39mmodprobe@efi_pstore.service[0m - Load Kernel Module efi_pstore.
[[0;32m  OK  [0m] Finished [0;1;39mmodprobe@fuse.service[0m - Load Kernel Module fuse.
[[0;32m  OK  [0m] Finished [0;1;39mmodprobe@loop.service[0m - Load Kernel Module loop.
[[0;32m  OK  [0m] Finished [0;1;39mmodprobe@nvme_fabrics.ser…[0m - Load Kernel Module nvme_fabrics.
[[0;32m  OK  [0m] Finished [0;1;39msystemd-modules-load.service[0m - Load Kernel Modules.
         Mounting [0;1;39msys-fs-fuse-connections.mount[0m - FUSE Control File System...
         Mounting [0;1;39msys-kernel-config.mount[0m - Kernel Configuration File System...
[[0;32m  OK  [0m] Started [0;1;39msystemd-fsckd.service[0m - Fi…stem Check Daemon to report status.
         Starting [0;1;39msystemd-sysctl.service[0m - Apply Kernel Variables...
         Starting [0;1;39msystemd-tmpfiles-setup-de…[0m Device Nodes in /dev gracefully...
[[0;32m  OK  [0m] Finished [0;1;39mlvm2-monitor.service[0m - Mo…using dmeventd or progress polling.
[[0;32m  OK  [0m] Finished [0;1;39msystemd-fsck-root.service[0m - File System Check on Root Device.
[[0;32m  OK  [0m] Mounted [0;1;39msys-fs-fuse-connections.mount[0m - FUSE Control File System.
[[0;32m  OK  [0m] Mounted [0;1;39msys-kernel-config.mount[0m - Kernel Configuration File System.
         Starting [0;1;39msystemd-remount-fs.servic…[0munt Root and Kernel File Systems...
[[0;32m  OK  [0m] Finished [0;1;39msystemd-sysctl.service[0m - Apply Kernel Variables.
[[0;32m  OK  [0m] Finished [0;1;39msystemd-tmpfiles-setup-de…[0mic Device Nodes in /dev gracefully.
[[0;32m  OK  [0m] Finished [0;1;39msystemd-remount-fs.servic…[0mmount Root and Kernel File Systems.
         Starting [0;1;39mmultipathd.service[0m - Devi…pper Multipath Device Controller...
         Starting [0;1;39msystemd-journal-flush.ser…[0msh Journal to Persistent Storage...
         Starting [0;1;39msystemd-random-seed.service[0m - Load/Save OS Random Seed...
         Starting [0;1;39msystemd-tmpfiles-setup-de…[0meate Static Device Nodes in /dev...
[[0;32m  OK  [0m] Finished [0;1;39msystemd-udev-trigger.service[0m - Coldplug All udev Devices.
[[0;32m  OK  [0m] Finished [0;1;39msystemd-random-seed.service[0m - Load/Save OS Random Seed.
[[0;32m  OK  [0m] Finished [0;1;39msystemd-tmpfiles-setup-de…[0mCreate Static Device Nodes in /dev.
         Starting [0;1;39msystemd-udevd.service[0m - R…ager for Device Events and Files...
[[0;32m  OK  [0m] Started [0;1;39mmultipathd.service[0m - Devic…Mapper Multipath Device Controller.
[[0;32m  OK  [0m] Started [0;1;39msystemd-udevd.service[0m - Ru…anager for Device Events and Files.
[[0;32m  OK  [0m] Reached target [0;1;39mlocal-fs-pre.target[0m…Preparation for Local File Systems.
         Mounting [0;1;39msnap-core22-2411.mount[0m - …t unit for core22, revision 2411...
         Mounting [0;1;39msnap-google\x2dcloud\x2dc…[0mr google-cloud-cli, revision 448...
         Mounting [0;1;39msnap-snapd-26865.mount[0m - …t unit for snapd, revision 26865...
[[0;32m  OK  [0m] Started [0;1;39msystemd-ask-password-conso…[0mequests to Console Directory Watch.
[[0;32m  OK  [0m] Reached target [0;1;39mcryptsetup.target[0m - Local Encrypted Volumes.
[[0;32m  OK  [0m] Finished [0;1;39msystemd-journal-flush.ser…[0mlush Journal to Persistent Storage.
[[0;32m  OK  [0m] Mounted [0;1;39msnap-core22-2411.mount[0m - Mount unit for core22, revision 2411.
[[0;32m  OK  [0m] Mounted [0;1;39msnap-google\x2dcloud\x2dcl…[0mfor google-cloud-cli, revision 448.
[[0;32m  OK  [0m] Mounted [0;1;39msnap-snapd-26865.mount[0m - Mount unit for snapd, revision 26865.
[[0;32m  OK  [0m] Found device [0;1;39mdev-ttyS0.device[0m - /dev/ttyS0.
[[0;32m  OK  [0m] Found device [0;1;39mdev-disk-by\x2dlabel-UEFI.device[0m - PersistentDisk UEFI.
[[0;32m  OK  [0m] Found device [0;1;39mdev-disk-by\x2dlabel-BOOT.device[0m - PersistentDisk BOOT.
[[0;32m  OK  [0m] Reached target [0;1;39msnapd.mounts.target[0m - Mounted snaps.
[[0;32m  OK  [0m] Listening on [0;1;39msystemd-rfkill.socket[0m…ll Switch Status /dev/rfkill Watch.
[    3.860328] 
         Starting [0;1;39msystemd-fsck@dev-disk-by\…[0mCheck on /dev/disk/by-label/BOOT...
         Starting [0;1;39msystemd-fsck@dev-disk-by\…[0mCheck on /dev/disk/by-label/UEFI...
Checking in progress on 1 disk (0.0% complete)[[0;32m  OK  [0m] Finished [0;1;39msystemd-fsck@dev-disk-by\…[0mm Check on /dev/disk/by-label/BOOT.
Checking in progress on 0 disks (100.0% complete)[[0;32m  OK  [0m] Finished [0;1;39msystemd-fsck@dev-disk-by\…[0mm Check on /dev/disk/by-label/UEFI.
         Mounting [0;1;39mboot.mount[0m - /boot...
[[0;32m  OK  [0m] Mounted [0;1;39mboot.mount[0m - /boot.
         Mounting [0;1;39mboot-efi.mount[0m - /boot/efi...
[[0;32m  OK  [0m] Mounted [0;1;39mboot-efi.mount[0m - /boot/efi.
[[0;32m  OK  [0m] Reached target [0;1;39mlocal-fs.target[0m - Local File Systems.
[[0;32m  OK  [0m] Listening on [0;1;39msystemd-sysext.socket[0m…tension Image Management (Varlink).
         Starting [0;1;39mapparmor.service[0m - Load AppArmor profiles...
         Starting [0;1;39mconsole-setup.service[0m - Set console font and keymap...
         Starting [0;1;39mfinalrd.service[0m - Create …time dir for shutdown pivot root...
         Starting [0;1;39mplymouth-read-write.servi…[0mymouth To Write Out Runtime Data...
         Starting [0;1;39msystemd-binfmt.service[0m - Set Up Additional Binary Formats...
         Starting [0;1;39msystemd-tmpfiles-setup.se…[0me Volatile Files and Directories...
         Starting [0;1;39mufw.service[0m - Uncomplicated firewall...
[[0;32m  OK  [0m] Finished [0;1;39mconsole-setup.service[0m - Set console font and keymap.
[[0;32m  OK  [0m] Finished [0;1;39mfinalrd.service[0m - Create …untime dir for shutdown pivot root.
[[0;32m  OK  [0m] Finished [0;1;39mplymouth-read-write.servi…[0mPlymouth To Write Out Runtime Data.
[[0;32m  OK  [0m] Finished [0;1;39mapparmor.service[0m - Load AppArmor profiles.
[[0;32m  OK  [0m] Finished [0;1;39msystemd-tmpfiles-setup.se…[0mate Volatile Files and Directories.
[[0;32m  OK  [0m] Finished [0;1;39mufw.service[0m - Uncomplicated firewall.
         Mounting [0;1;39mproc-sys-fs-binfmt_misc.m…[0mcutable File Formats File System...
         Starting [0;1;39msnapd.apparmor.service[0m - …iles managed internally by snapd...
         Starting [0;1;39msystemd-resolved.service[0m - Network Name Resolution...
         Starting [0;1;39msystemd-update-utmp.servi…[0mord System Boot/Shutdown in UTMP...
         Starting [0;1;39mcloud-init-local.service[0m …-init: Local Stage (pre-network)...
[[0;32m  OK  [0m] Mounted [0;1;39mproc-sys-fs-binfmt_misc.mo…[0mxecutable File Formats File System.
[[0;32m  OK  [0m] Finished [0;1;39msystemd-binfmt.service[0m - Set Up Additional Binary Formats.
         Starting [0;1;39mmodprobe@dm_mod.service[0m - Load Kernel Module dm_mod...
         Starting [0;1;39mmodprobe@efi_pstore.servi…[0m - Load Kernel Module efi_pstore...
         Starting [0;1;39mmodprobe@loop.service[0m - Load Kernel Module loop...
[[0;32m  OK  [0m] Finished [0;1;39msystemd-update-utmp.servi…[0mecord System Boot/Shutdown in UTMP.
[[0;32m  OK  [0m] Finished [0;1;39mmodprobe@dm_mod.service[0m - Load Kernel Module dm_mod.
[[0;32m  OK  [0m] Finished [0;1;39mmodprobe@efi_pstore.service[0m - Load Kernel Module efi_pstore.
[[0;32m  OK  [0m] Finished [0;1;39mmodprobe@loop.service[0m - Load Kernel Module loop.
[[0;32m  OK  [0m] Started [0;1;39msystemd-resolved.service[0m - Network Name Resolution.
[[0;32m  OK  [0m] Reached target [0;1;39mnss-lookup.target[0m - Host and Network Name Lookups.
[[0;32m  OK  [0m] Finished [0;1;39msnapd.apparmor.service[0m - …ofiles managed internally by snapd.
[    5.875197] cloud-init[719]: Cloud-init v. 25.3-0ubuntu1~24.04.1 running 'init-local' at Thu, 14 May 2026 23:26:15 +0000. Up 5.85 seconds.
         Starting [0;1;39mmodprobe@dm_mod.service[0m - Load Kernel Module dm_mod...
         Starting [0;1;39mmodprobe@efi_pstore.servi…[0m - Load Kernel Module efi_pstore...
         Starting [0;1;39mmodprobe@loop.service[0m - Load Kernel Module loop...
[[0;32m  OK  [0m] Finished [0;1;39mmodprobe@dm_mod.service[0m - Load Kernel Module dm_mod.
[[0;32m  OK  [0m] Finished [0;1;39mmodprobe@efi_pstore.service[0m - Load Kernel Module efi_pstore.
[[0;32m  OK  [0m] Finished [0;1;39mmodprobe@loop.service[0m - Load Kernel Module loop.
         Starting [0;1;39mmodprobe@dm_mod.service[0m - Load Kernel Module dm_mod...
         Starting [0;1;39mmodprobe@efi_pstore.servi…[0m - Load Kernel Module efi_pstore...
         Starting [0;1;39mmodprobe@loop.service[0m - Load Kernel Module loop...
[[0;32m  OK  [0m] Finished [0;1;39mmodprobe@dm_mod.service[0m - Load Kernel Module dm_mod.
[[0;32m  OK  [0m] Finished [0;1;39mmodprobe@efi_pstore.service[0m - Load Kernel Module efi_pstore.
[[0;32m  OK  [0m] Finished [0;1;39mmodprobe@loop.service[0m - Load Kernel Module loop.
[[0;32m  OK  [0m] Finished [0;1;39mcloud-init-local.service[0m …ud-init: Local Stage (pre-network).
[[0;32m  OK  [0m] Reached target [0;1;39mnetwork-pre.target[0m - Preparation for Network.
         Starting [0;1;39msystemd-networkd.service[0m - Network Configuration...
[[0;32m  OK  [0m] Started [0;1;39msystemd-networkd.service[0m - Network Configuration.
[[0;32m  OK  [0m] Reached target [0;1;39mnetwork.target[0m - Network.
         Starting [0;1;39msystemd-networkd-wait-onl…[0mait for Network to be Configured...
[[0;32m  OK  [0m] Finished [0;1;39msystemd-networkd-wait-onl…[0m Wait for Network to be Configured.
         Starting [0;1;39mcloud-init.service[0m - Cloud-init: Network Stage...
[    9.149934] cloud-init[815]: Cloud-init v. 25.3-0ubuntu1~24.04.1 running 'init' at Thu, 14 May 2026 23:26:19 +0000. Up 9.12 seconds.
[    9.164166] cloud-init[815]: ci-info: ++++++++++++++++++++++++++++++++++++++Net device info+++++++++++++++++++++++++++++++++++++++
[    9.179299] cloud-init[815]: ci-info: +--------+------+---------------------------+-----------------+--------+-------------------+
[    9.194239] cloud-init[815]: ci-info: | Device |  Up  |          Address          |       Mask      | Scope  |     Hw-Address    |
[    9.208145] cloud-init[815]: ci-info: +--------+------+---------------------------+-----------------+--------+-------------------+
[    9.222122] cloud-init[815]: ci-info: |  ens5  | True |        10.128.0.52        | 255.255.255.255 | global | 42:01:0a:80:00:34 |
[    9.236265] cloud-init[815]: ci-info: |  ens5  | True | fe80::4001:aff:fe80:34/64 |        .        |  link  | 42:01:0a:80:00:34 |
[    9.250320] cloud-init[815]: ci-info: |   lo   | True |         127.0.0.1         |    255.0.0.0    |  host  |         .         |
[    9.264197] cloud-init[815]: ci-info: |   lo   | True |          ::1/128          |        .        |  host  |         .         |
[    9.277164] cloud-init[815]: ci-info: +--------+------+---------------------------+-----------------+--------+-------------------+
[    9.290141] cloud-init[815]: ci-info: +++++++++++++++++++++++++++++++Route IPv4 info++++++++++++++++++++++++++++++++
[    9.302153] cloud-init[815]: ci-info: +-------+-----------------+------------+-----------------+-----------+-------+
[    9.314248] cloud-init[815]: ci-info: | Route |   Destination   |  Gateway   |     Genmask     | Interface | Flags |
[    9.326250] cloud-init[815]: ci-info: +-------+-----------------+------------+-----------------+-----------+-------+
[    9.338234] cloud-init[815]: ci-info: |   0   |     0.0.0.0     | 10.128.0.1 |     0.0.0.0     |    ens5   |   UG  |
[    9.350287] cloud-init[815]: ci-info: |   1   |    10.128.0.1   |  0.0.0.0   | 255.255.255.255 |    ens5   |   UH  |
[    9.362126] cloud-init[815]: ci-info: |   2   | 169.254.169.254 | 10.128.0.1 | 255.255.255.255 |    ens5   |  UGH  |
[    9.374133] cloud-init[815]: ci-info: +-------+-----------------+------------+-----------------+-----------+-------+
[    9.386243] cloud-init[815]: ci-info: +++++++++++++++++++Route IPv6 info+++++++++++++++++++
[    9.395124] cloud-init[815]: ci-info: +-------+-------------+---------+-----------+-------+
[    9.404120] cloud-init[815]: ci-info: | Route | Destination | Gateway | Interface | Flags |
[    9.414103] cloud-init[815]: ci-info: +-------+-------------+---------+-----------+-------+
[    9.425092] cloud-init[815]: ci-info: |   0   |  fe80::/64  |    ::   |    ens5   |   U   |
[    9.436192] cloud-init[815]: ci-info: |   2   |    local    |    ::   |    ens5   |   U   |
[    9.446205] cloud-init[815]: ci-info: |   3   |  multicast  |    ::   |    ens5   |   U   |
[    9.457196] cloud-init[815]: ci-info: +-------+-------------+---------+-----------+-------+
[   15.029498] cloud-init[815]: Generating public/private rsa key pair.
[   15.037134] cloud-init[815]: Your identification has been saved in /etc/ssh/ssh_host_rsa_key
[   15.045874] cloud-init[815]: Your public key has been saved in /etc/ssh/ssh_host_rsa_key.pub
[   15.054607] cloud-init[815]: The key fingerprint is:
[   15.061245] cloud-init[815]: SHA256:rErxRFosdht16AhW3T1LQFs8hmdJn+cmpbM62arYcJQ root@loadgen-8zvf
[   15.072151] cloud-init[815]: The key's randomart image is:
[   15.078275] cloud-init[815]: +---[RSA 3072]----+
[[0;32m  OK  [0m] Finished [0;1;39mcloud-init.service[0m - Cloud-init: Network Stage.
[   15.084128] cloud-init[815]: |     ....++*o.   |
[[0;32m  OK  [0m] Reached target [0;1;39mcloud-config.target[0m - Cloud-config availability.
[   15.099129] cloud-init[815]: |    o. .o.oo@. . |
[[0;32m  OK  [0m] Reached target [0;1;39mnetwork-online.target[0m - Network is Online.
[   15.115124] cloud-init[815]: |   .o.*o  .= +o o|
[[0;32m  OK  [0m] Reached target [0;1;39msysinit.target[0m - System Initialization.
[   15.130109] cloud-init[815]: |   . *.+.  ..  = |
[[0;32m  OK  [0m] Started [0;1;39mnvidia-cdi-refresh.path[0m - …r toolkit install / upgrade events.
[[0;32m  OK  [0m] Started [0;1;39mgce-workload-cert-refresh.…[0mWorkload Certificate refresh timer.
[   15.144217] cloud-init[815]: |    o o S E   + o|
[   15.172111] cloud-init[815]: |     + . .     = |
[[0;32m  OK  [0m] Started [0;1;39mgoogle-oslogin-cache.timer[0m - NSS cache refresh timer.
[   15.178113] cloud-init[815]: |    . o . .  o.  |
[[0;32m  OK  [0m] Started [0;1;39msystemd-tmpfiles-clean.tim…[0my Cleanup of Temporary Directories.
[   15.193144] cloud-init[815]: |   . .   =  o..  |
[   15.210137] cloud-init[815]: |    .   . o.oo   |
[   15.216117] cloud-init[815]: +----[SHA256]-----+
[[0;32m  OK  [0m] Started [0;1;39mupdate-notifier-download.t…[0mhat failed at package install time.
[   15.223133] cloud-init[815]: Generating public/private ecdsa key pair.
[   15.241139] cloud-init[815]: Your identification has been saved in /etc/ssh/ssh_host_ecdsa_key
[   15.252112] cloud-init[815]: Your public key has been saved in /etc/ssh/ssh_host_ecdsa_key.pub
[[0;32m  OK  [0m] Reached target [0;1;39mpaths.target[0m - Path Units.
[   15.263133] cloud-init[815]: The key fingerprint is:
[   15.277104] cloud-init[815]: SHA256:KjSG7kWrLFyXZlQ7Lxdm+aWd4LDzwP5iaVcdXcTNbDs root@loadgen-8zvf
[   15.288111] cloud-init[815]: The key's randomart image is:
[   15.294110] cloud-init[815]: +---[ECDSA 256]---+
[   15.301132] cloud-init[815]: |               =o|
[   15.307122] cloud-init[815]: |       .        B|
[[0;32m  OK  [0m] Listening on [0;1;39mcloud-init-hotplugd.s…t[0m - cloud-init hotplug hook socket.
[   15.313134] cloud-init[815]: |      . . .    .+|
[[0;32m  OK  [0m] Listening on [0;1;39mdbus.socket[0m - D-Bus System Message Bus Socket.
[   15.330116] cloud-init[815]: |   . . o * . . E.|
[   15.346200] cloud-init[815]: |  . * . S * = o o|
[   15.352125] cloud-init[815]: | . = B o B + + . |
[   15.358152] cloud-init[815]: |. o B . + = .    |
         Starting [0;1;39mdocker.socket[0m - Docker Socket for the API...
[   15.358239] cloud-init[815]: |.+ o .   * o     |
[[0;32m  OK  [0m] Listening on [0;1;39miscsid.socket[0m - Open-iSCSI iscsid Socket.
[   15.379204] cloud-init[815]: | .+     o +.     |
         Starting [0;1;39mlxd-installer.socket[0m - He…er to install lxd snap on demand...
[   15.393134] cloud-init[815]: +----[SHA256]-----+
         Starting [0;1;39msnapd.socket[0m - Socket activation for snappy daemon...
[   15.409130] cloud-init[815]: Generating public/private ed25519 key pair.
[[0;32m  OK  [0m] Listening on [0;1;39mssh.socket[0m - OpenBSD Secure Shell server socket.
[   15.427257] cloud-init[815]: Your identification has been saved in /etc/ssh/ssh_host_ed25519_key
[[0;32m  OK  [0m] Listening on [0;1;39muuidd.socket[0m - UUID daemon activation socket.
[   15.448135] cloud-init[815]: Your public key has been saved in /etc/ssh/ssh_host_ed25519_key.pub
[   15.470111] cloud-init[815]: The key fingerprint is:
[   15.477102] cloud-init[815]: SHA256:KJ/R89EO//7+3NHHGZS9Myl1TY9dcblRW9aDZb/cpqA root@loadgen-8zvf
[   15.488133] cloud-init[815]: The key's randomart image is:
[   15.496088] cloud-init[815]: +--[ED25519 256]--+
[   15.502129] cloud-init[815]: |              o+%|
[[0;32m  OK  [0m] Finished [0;1;39mblk-availability.service[0m - Availability of block devices.
[   15.509123] cloud-init[815]: |             ..O%|
[[0;32m  OK  [0m] Listening on [0;1;39mdocker.socket[0m - Docker Socket for the API.
[[0;32m  OK  [0m] Listening on [0;1;39mlxd-installer.socket[0m …lper to install lxd snap on demand.
[   15.525241] cloud-init[815]: |              .=@|
[[0;32m  OK  [0m] Listening on [0;1;39msnapd.socket[0m - Socket activation for snappy daemon.
[   15.551249] cloud-init[815]: |       o   .  +.*|
[[0;32m  OK  [0m] Reached target [0;1;39msockets.target[0m - Socket Units.
[[0;32m  OK  [0m] Reached target [0;1;39mbasic.target[0m - Basic System.
[   15.569127] cloud-init[815]: |    . o S o o. Oo|
[   15.592131] cloud-init[815]: |     o o o * ..+*|
[   15.599233] cloud-init[815]: |      o   E o .o+|
[   15.606226] cloud-init[815]: |             . .+|
         Starting [0;1;39mchrony.service[0m - chrony, an NTP client/server...
[   15.612110] cloud-init[815]: |             .ooB|
         Starting [0;1;39mcloud-config.service[0m - Cloud-init: Config Stage...
[   15.626203] cloud-init[815]: +----[SHA256]-----+
         Starting [0;1;39mdbus.service[0m - D-Bus System Message Bus...
[[0;32m  OK  [0m] Started [0;1;39mdmesg.service[0m - Save initial kernel messages after boot.
         Starting [0;1;39me2scrub_reap.service[0m - Re…ne ext4 Metadata Check Snapshots...
         Starting [0;1;39mgce-workload-cert-refresh…[0mGCE Workload Certificate refresh...
[[0;32m  OK  [0m] Started [0;1;39mgoogle-osconfig-agent.service[0m - Google OSConfig Agent.
         Starting [0;1;39mgoogle-oslogin-cache.service[0m - NSS cache refresh...
         Starting [0;1;39mgrub-common.service[0m - Record successful boot for GRUB...
         Starting [0;1;39mnetworkd-dispatcher.servi…[0mcher daemon for systemd-networkd...
         Starting [0;1;39mnvidia-persistenced.service[0m - NVIDIA Persistence Daemon...
         Starting [0;1;39mnvmf-autoconnect.service[0m …ystems automatically during boot...
         Starting [0;1;39mrsyslog.service[0m - System Logging Service...
         Starting [0;1;39msecureboot-db.service[0m - Secure Boot updates for DB and DBX...
[[0;32m  OK  [0m] Reached target [0;1;39mgetty-pre.target[0m - Preparation for Logins.
         Starting [0;1;39msnapd.seeded.service[0m - Wait until snapd is fully seeded...
         Starting [0;1;39msnapd.service[0m - Snap Daemon...
         Starting [0;1;39msysstat.service[0m - Resets System Activity Logs...
         Starting [0;1;39msystemd-logind.service[0m - User Login Management...
[[0;32m  OK  [0m] Started [0;1;39mubuntu-advantage.service[0m - Ubuntu Pro Background Auto Attach.
[[0;32m  OK  [0m] Started [0;1;39mdbus.service[0m - D-Bus System Message Bus.
[[0;32m  OK  [0m] Finished [0;1;39mgce-workload-cert-refresh…[0m- GCE Workload Certificate refresh.
[[0;32m  OK  [0m] Started [0;1;39mnetworkd-dispatcher.servic…[0matcher daemon for systemd-networkd.
[[0;32m  OK  [0m] Started [0;1;39msystemd-logind.service[0m - User Login Management.
[[0;32m  OK  [0m] Finished [0;1;39mgoogle-oslogin-cache.service[0m - NSS cache refresh.
[[0;32m  OK  [0m] Started [0;1;39mnvidia-persistenced.service[0m - NVIDIA Persistence Daemon.
[[0;32m  OK  [0m] Finished [0;1;39mnvmf-autoconnect.service[0m …bsystems automatically during boot.
[[0;32m  OK  [0m] Finished [0;1;39msysstat.service[0m - Resets System Activity Logs.
[[0;32m  OK  [0m] Finished [0;1;39mgrub-common.service[0m - Record successful boot for GRUB.
[[0;32m  OK  [0m] Reached target [0;1;39mremote-fs-pre.targe…[0mreparation for Remote File Systems.
[[0;32m  OK  [0m] Reached target [0;1;39mremote-fs.target[0m - Remote File Systems.
         Starting [0;1;39mapport.service[0m - automatic crash report generation...
         Starting [0;1;39mcontainerd.service[0m - containerd container runtime...
[   16.027423] cloud-init[1043]: Cloud-init v. 25.3-0ubuntu1~24.04.1 running 'modules:config' at Thu, 14 May 2026 23:26:26 +0000. Up 15.98 seconds.
[[0;32m  OK  [0m] Started [0;1;39mcron.service[0m - Regular background program processing daemon.
         Starting [0;1;39mgrub-initrd-fallback.service[0m - GRUB failed boot detection...
         Starting [0;1;39mssh.service[0m - OpenBSD Secure Shell server...
         Starting [0;1;39msystemd-hostnamed.service[0m - Hostname Service...
         Starting [0;1;39msystemd-user-sessions.service[0m - Permit User Sessions...
[[0;32m  OK  [0m] Started [0;1;39munattended-upgrades.service[0m - Unattended Upgrades Shutdown.
[[0;32m  OK  [0m] Started [0;1;39mchrony.service[0m - chrony, an NTP client/server.
[[0;32m  OK  [0m] Finished [0;1;39msecureboot-db.service[0m - Secure Boot updates for DB and DBX.
[[0;32m  OK  [0m] Finished [0;1;39msystemd-user-sessions.service[0m - Permit User Sessions.
[[0;32m  OK  [0m] Finished [0;1;39me2scrub_reap.service[0m - Re…line ext4 Metadata Check Snapshots.
[[0;32m  OK  [0m] Started [0;1;39mssh.service[0m - OpenBSD Secure Shell server.
[[0;32m  OK  [0m] Finished [0;1;39mgrub-initrd-fallback.service[0m - GRUB failed boot detection.
         Stopping [0;1;39mchrony.service[0m - chrony, an NTP client/server...
2026-05-14T23:26:26.239794+00:00 loadgen-8zvf systemd[1]: Mounted dev-hugepages.mount - Huge Pages File System.
2026-05-14T23:26:26.239951+00:00 loadgen-8zvf systemd[1]: Mounted dev-mqueue.mount - POSIX Message Queue File System.
2026-05-14T23:26:26.239986+00:00 loadgen-8zvf systemd[1]: Mounted sys-kernel-debug.mount - Kernel Debug File System.
2026-05-14T23:26:26.239992+00:00 loadgen-8zvf systemd[1]: Mounted sys-kernel-tracing.mount - Kernel Trace File System.
2026-05-14T23:26:26.239997+00:00 loadgen-8zvf systemd[1]: Finished keyboard-setup.service - Set the console keyboard layout.
2026-05-14T23:26:26.240001+00:00 loadgen-8zvf systemd[1]: Finished kmod-static-nodes.service - Create List of Static Device Nodes.
2026-05-14T23:26:26.240006+00:00 loadgen-8zvf systemd[1]: modprobe@configfs.service: Deactivated successfully.
2026-05-14T23:26:26.240011+00:00 loadgen-8zvf systemd[1]: Finished modprobe@configfs.service - Load Kernel Module configfs.
2026-05-14T23:26:26.240016+00:00 loadgen-8zvf kernel: Linux version 6.17.0-1013-gcp (buildd@lcy02-amd64-034) (x86_64-linux-gnu-gcc-13 (Ubuntu 13.3.0-6ubuntu2~24.04.1) 13.3.0, GNU ld (GNU Binutils for Ubuntu) 2.42) #13~24.04.1-Ubuntu SMP Thu Apr 16 02:10:24 UTC 2026 (Ubuntu 6.17.0-1013.13~24.04.1-gcp 6.17.13)
2026-05-14T23:26:26.240018+00:00 loadgen-8zvf systemd[1]: modprobe@dm_mod.service: Deactivated successfully.
2026-05-14T23:26:26.240024+00:00 loadgen-8zvf kernel: Command line: BOOT_IMAGE=/vmlinuz-6.17.0-1013-gcp root=PARTUUID=6624332c-1f00-4e51-a0bf-94661fe17234 ro console=ttyS0,115200 panic=-1
2026-05-14T23:26:26.240025+00:00 loadgen-8zvf kernel: KERNEL supported cpus:
2026-05-14T23:26:26.240025+00:00 loadgen-8zvf kernel:   Intel GenuineIntel
2026-05-14T23:26:26.240024+00:00 loadgen-8zvf systemd[1]: Finished modprobe@dm_mod.service - Load Kernel Module dm_mod.
2026-05-14T23:26:26.240026+00:00 loadgen-8zvf kernel:   AMD AuthenticAMD
2026-05-14T23:26:26.240027+00:00 loadgen-8zvf kernel:   Hygon HygonGenuine
2026-05-14T23:26:26.240027+00:00 loadgen-8zvf kernel:   Centaur CentaurHauls
2026-05-14T23:26:26.240029+00:00 loadgen-8zvf systemd[1]: modprobe@drm.service: Deactivated successfully.
2026-05-14T23:26:26.240030+00:00 loadgen-8zvf kernel:   zhaoxin   Shanghai  
2026-05-14T23:26:26.240034+00:00 loadgen-8zvf kernel: x86/CPU: Model not found in latest microcode list
2026-05-14T23:26:26.240034+00:00 loadgen-8zvf kernel: BIOS-provided physical RAM map:
2026-05-14T23:26:26.240035+00:00 loadgen-8zvf kernel: BIOS-e820: [mem 0x0000000000000000-0x0000000000000fff] reserved
2026-05-14T23:26:26.240035+00:00 loadgen-8zvf kernel: BIOS-e820: [mem 0x0000000000001000-0x0000000000054fff] usable
2026-05-14T23:26:26.240034+00:00 loadgen-8zvf systemd[1]: Finished modprobe@drm.service - Load Kernel Module drm.
2026-05-14T23:26:26.240036+00:00 loadgen-8zvf kernel: BIOS-e820: [mem 0x0000000000055000-0x000000000005ffff] reserved
2026-05-14T23:26:26.240042+00:00 loadgen-8zvf kernel: BIOS-e820: [mem 0x0000000000060000-0x0000000000097fff] usable
2026-05-14T23:26:26.240041+00:00 loadgen-8zvf systemd[1]: modprobe@efi_pstore.service: Deactivated successfully.
2026-05-14T23:26:26.240043+00:00 loadgen-8zvf kernel: BIOS-e820: [mem 0x0000000000098000-0x000000000009ffff] reserved
2026-05-14T23:26:26.240046+00:00 loadgen-8zvf kernel: BIOS-e820: [mem 0x0000000000100000-0x00000000bd254fff] usable
2026-05-14T23:26:26.240046+00:00 loadgen-8zvf kernel: BIOS-e820: [mem 0x00000000bd255000-0x00000000bd25ffff] ACPI data
2026-05-14T23:26:26.240047+00:00 loadgen-8zvf kernel: BIOS-e820: [mem 0x00000000bd260000-0x00000000bf8ecfff] usable
2026-05-14T23:26:26.240047+00:00 loadgen-8zvf kernel: BIOS-e820: [mem 0x00000000bf8ed000-0x00000000bfb6cfff] reserved
2026-05-14T23:26:26.240048+00:00 loadgen-8zvf kernel: BIOS-e820: [mem 0x00000000bfb6d000-0x00000000bfb7efff] ACPI data
2026-05-14T23:26:26.240051+00:00 loadgen-8zvf kernel: BIOS-e820: [mem 0x00000000bfb7f000-0x00000000bfbfefff] ACPI NVS
2026-05-14T23:26:26.240052+00:00 loadgen-8zvf kernel: BIOS-e820: [mem 0x00000000bfbff000-0x00000000bffdffff] usable
2026-05-14T23:26:26.240052+00:00 loadgen-8zvf kernel: BIOS-e820: [mem 0x00000000bffe0000-0x00000000bfffffff] reserved
2026-05-14T23:26:26.240048+00:00 loadgen-8zvf systemd[1]: Finished modprobe@efi_pstore.service - Load Kernel Module efi_pstore.
2026-05-14T23:26:26.240052+00:00 loadgen-8zvf kernel: BIOS-e820: [mem 0x0000000100000000-0x000000103fffffff] usable
2026-05-14T23:26:26.240056+00:00 loadgen-8zvf kernel: NX (Execute Disable) protection: active
2026-05-14T23:26:26.240057+00:00 loadgen-8zvf kernel: APIC: Static calls initialized
2026-05-14T23:26:26.240057+00:00 loadgen-8zvf systemd[1]: modprobe@fuse.service: Deactivated successfully.
2026-05-14T23:26:26.240060+00:00 loadgen-8zvf kernel: efi: EFI v2.7 by EDK II
2026-05-14T23:26:26.240061+00:00 loadgen-8zvf kernel: efi: TPMFinalLog=0xbfbf7000 ACPI=0xbfb7e000 ACPI 2.0=0xbfb7e014 SMBIOS=0xbf9ca000 MEMATTR=0xbd260018 MOKvar=0xbf9c8000 RNG=0xbfb72018 TPMEventLog=0xbd255018 
2026-05-14T23:26:26.240061+00:00 loadgen-8zvf kernel: random: crng init done
2026-05-14T23:26:26.240062+00:00 loadgen-8zvf kernel: SMBIOS 2.4 present.
2026-05-14T23:26:26.240062+00:00 loadgen-8zvf kernel: DMI: Google Google Compute Engine/Google Compute Engine, BIOS Google 04/21/2026
2026-05-14T23:26:26.240063+00:00 loadgen-8zvf kernel: DMI: Memory slots populated: 4/4
2026-05-14T23:26:26.240062+00:00 loadgen-8zvf systemd[1]: Finished modprobe@fuse.service - Load Kernel Module fuse.
2026-05-14T23:26:26.240066+00:00 loadgen-8zvf kernel: secureboot: Secure boot disabled
2026-05-14T23:26:26.240067+00:00 loadgen-8zvf kernel: Hypervisor detected: KVM
2026-05-14T23:26:26.240068+00:00 loadgen-8zvf kernel: last_pfn = 0xbffe0 max_arch_pfn = 0x400000000
2026-05-14T23:26:26.240068+00:00 loadgen-8zvf kernel: kvm-clock: Using msrs 4b564d01 and 4b564d00
2026-05-14T23:26:26.240069+00:00 loadgen-8zvf kernel: kvm-clock: using sched offset of 14952563861 cycles
2026-05-14T23:26:26.240068+00:00 loadgen-8zvf systemd[1]: modprobe@loop.service: Deactivated successfully.
2026-05-14T23:26:26.240069+00:00 loadgen-8zvf kernel: clocksource: kvm-clock: mask: 0xffffffffffffffff max_cycles: 0x1cd42e4dffb, max_idle_ns: 881590591483 ns
2026-05-14T23:26:26.240072+00:00 loadgen-8zvf kernel: tsc: Detected 2299.998 MHz processor
2026-05-14T23:26:26.240100+00:00 loadgen-8zvf systemd[1]: Finished modprobe@loop.service - Load Kernel Module loop.
2026-05-14T23:26:26.240106+00:00 loadgen-8zvf systemd[1]: modprobe@nvme_fabrics.service: Deactivated successfully.
2026-05-14T23:26:26.240110+00:00 loadgen-8zvf systemd[1]: Finished modprobe@nvme_fabrics.service - Load Kernel Module nvme_fabrics.
2026-05-14T23:26:26.240118+00:00 loadgen-8zvf systemd-modules-load[308]: Inserted module 'dm_multipath'
2026-05-14T23:26:26.240124+00:00 loadgen-8zvf systemd[1]: Finished systemd-modules-load.service - Load Kernel Modules.
2026-05-14T23:26:26.240127+00:00 loadgen-8zvf kernel: e820: update [mem 0x00000000-0x00000fff] usable ==> reserved
2026-05-14T23:26:26.240129+00:00 loadgen-8zvf kernel: e820: remove [mem 0x000a0000-0x000fffff] usable
2026-05-14T23:26:26.240130+00:00 loadgen-8zvf kernel: last_pfn = 0x1040000 max_arch_pfn = 0x400000000
2026-05-14T23:26:26.240129+00:00 loadgen-8zvf systemd[1]: Mounting sys-fs-fuse-connections.mount - FUSE Control File System...
2026-05-14T23:26:26.240130+00:00 loadgen-8zvf kernel: MTRR map: 3 entries (2 fixed + 1 variable; max 18), built from 8 variable MTRRs
2026-05-14T23:26:26.240133+00:00 loadgen-8zvf kernel: x86/PAT: Configuration [0-7]: WB  WC  UC- UC  WB  WP  UC- WT  
2026-05-14T23:26:26.240134+00:00 loadgen-8zvf kernel: last_pfn = 0xbffe0 max_arch_pfn = 0x400000000
2026-05-14T23:26:26.240134+00:00 loadgen-8zvf systemd[1]: Mounting sys-kernel-config.mount - Kernel Configuration File System...
2026-05-14T23:26:26.240139+00:00 loadgen-8zvf systemd[1]: Started systemd-fsckd.service - File System Check Daemon to report status.
2026-05-14T23:26:26.240142+00:00 loadgen-8zvf kernel: Using GB pages for direct mapping
2026-05-14T23:26:26.240142+00:00 loadgen-8zvf kernel: secureboot: Secure boot disabled
2026-05-14T23:26:26.240143+00:00 loadgen-8zvf kernel: ACPI: Early table checksum verification disabled
2026-05-14T23:26:26.240143+00:00 loadgen-8zvf kernel: ACPI:         Starting [0;1;39mplymouth-quit-wait.servic…[0md until boot process finishes up...
 RSDP 0x00000000BFB7E014 000024 (v02 Google)
2026-05-14T23:26:26.240144+00:00 loadgen-8zvf kernel: ACPI: XSDT 0x00000000BFB7D0E8 00005C (v01 Google GOOGFACP 00000001      01000013)
2026-05-14T23:26:26.240144+00:00 loadgen-8zvf kernel: ACPI: FACP 0x00000000BFB78000 0000F4 (v02 Google GOOGFACP 00000001 GOOG 00000001)
2026-05-14T23:26:26.240147+00:00 loadgen-8zvf kernel: ACPI: DSDT 0x00000000BFB79000 001A64 (v01 Google GOOGDSDT 00000001 GOOG 00000001)
2026-05-14T23:26:26.240143+00:00 loadgen-8zvf systemd[1]: systemd-repart.service - Repartition Root Disk was skipped because no trigger condition checks were met.
2026-05-14T23:26:26.240148+00:00 loadgen-8zvf kernel: ACPI: FACS 0x00000000BFBF1000 000040
2026-05-14T23:26:26.240149+00:00 loadgen-8zvf kernel: ACPI: SSDT 0x00000000BFB7C000 000316 (v02 GOOGLE Tpm2Tabl 00001000 INTL 20250807)
2026-05-14T23:26:26.240150+00:00 loadgen-8zvf kernel: ACPI: TPM2 0x00000000BFB7B000 000034 (v04 GOOGLE          00000001 GOOG 00000001)
2026-05-14T23:26:26.240150+00:00 loadgen-8zvf kernel: ACPI: SRAT 0x00000000BFB77000 000228 (v03 Google GOOGSRAT 00000001 GOOG 00000001)
2026-05-14T23:26:26.240151+00:00 loadgen-8zvf kernel: ACPI: APIC 0x00000000BFB76000 000126 (v05 Google GOOGAPIC 00000001 GOOG 00000001)
2026-05-14T23:26:26.240151+00:00 loadgen-8zvf kernel: ACPI: SSDT 0x00000000BFB74000 0011D6 (v01 Google GOOGSSDT 00000001 GOOG 00000001)
2026-05-14T23:26:26.240152+00:00 loadgen-8zvf systemd-fsck[311]: cloudimg-rootfs: clean, 172898/6422528 files, 2136941/12844795 blocks
2026-05-14T23:26:26.240158+00:00 loadgen-8zvf kernel: ACPI: WAET 0x00000000BFB73000 000028 (v01 Google GOOGWAET 00000001 GOOG 00000001)
2026-05-14T23:26:26.240159+00:00 loadgen-8zvf kernel: ACPI: Reserving FACP table memory at [mem 0xbfb78000-0xbfb780f3]
2026-05-14T23:26:26.240159+00:00 loadgen-8zvf kernel: ACPI: Reserving DSDT table memory at [mem 0xbfb79000-0xbfb7aa63]
2026-05-14T23:26:26.240160+00:00 loadgen-8zvf kernel: ACPI: Reserving FACS table memory at [mem 0xbfbf1000-0xbfbf103f]
2026-05-14T23:26:26.240160+00:00 loadgen-8zvf kernel: ACPI: Reserving SSDT table memory at [mem 0xbfb7c000-0xbfb7c315]
2026-05-14T23:26:26.240161+00:00 loadgen-8zvf kernel: ACPI: Reserving TPM2 table memory at [mem 0xbfb7b000-0xbfb7b033]
2026-05-14T23:26:26.240159+00:00 loadgen-8zvf systemd[1]: Starting systemd-sysctl.service - Apply Kernel Variables...
2026-05-14T23:26:26.240164+00:00 loadgen-8zvf kernel: ACPI: Reserving SRAT table memory at [mem 0xbfb77000-0xbfb77227]
2026-05-14T23:26:26.240165+00:00 loadgen-8zvf kernel: ACPI: Reserving APIC table memory at [mem 0xbfb76000-0xbfb76125]
2026-05-14T23:26:26.240165+00:00 loadgen-8zvf kernel: ACPI: Reserving SSDT table memory at [mem 0xbfb74000-0xbfb751d5]
2026-05-14T23:26:26.240166+00:00 loadgen-8zvf kernel: ACPI: Reserving WAET table memory at [mem 0xbfb73000-0xbfb73027]
2026-05-14T23:26:26.240166+00:00 loadgen-8zvf kernel: ACPI: SRAT: Node 0 PXM 0 [mem 0x00000000-0x0009ffff]
2026-05-14T23:26:26.240164+00:00 loadgen-8zvf systemd[1]: Starting systemd-tmpfiles-setup-dev-early.service - Create Static Device Nodes in /dev gracefully...
2026-05-14T23:26:26.240167+00:00 loadgen-8zvf kernel: ACPI: SRAT: Node 0 PXM 0 [mem 0x00100000-0xbfffffff]
2026-05-14T23:26:26.240168+00:00 loadgen-8zvf kernel: ACPI: SRAT: Node 0 PXM 0 [mem 0x100000000-0x103fffffff]
2026-05-14T23:26:26.240171+00:00 loadgen-8zvf kernel: NUMA: Node 0 [mem 0x00001000-0x0009ffff] + [mem 0x00100000-0xbfffffff] -> [mem 0x00001000-0xbfffffff]
2026-05-14T23:26:26.240171+00:00 loadgen-8zvf kernel: NUMA: Node 0 [mem 0x00001000-0xbfffffff] + [mem 0x100000000-0x103fffffff] -> [mem 0x00001000-0x103fffffff]
2026-05-14T23:26:26.240172+00:00 loadgen-8zvf kernel: NODE_DATA(0) allocated [mem 0x103ffd52c0-0x103fffffff]
2026-05-14T23:26:26.240173+00:00 loadgen-8zvf kernel: Zone ranges:
2026-05-14T23:26:26.240173+00:00 loadgen-8zvf kernel:   DMA      [mem 0x0000000000001000-0x0000000000ffffff]
2026-05-14T23:26:26.240174+00:00 loadgen-8zvf kernel:   DMA32    [mem 0x0000000001000000-0x00000000ffffffff]
2026-05-14T23:26:26.240170+00:00 loadgen-8zvf systemd[1]: Finished lvm2-monitor.service - Monitoring of LVM2 mirrors, snapshots etc. using dmeventd or progress polling.
2026-05-14T23:26:26.240177+00:00 loadgen-8zvf kernel:   Normal   [mem 0x0000000100000000-0x000000103fffffff]
2026-05-14T23:26:26.240178+00:00 loadgen-8zvf kernel:   Device   empty
2026-05-14T23:26:26.240178+00:00 loadgen-8zvf kernel: Movable zone start for each node
2026-05-14T23:26:26.240179+00:00 loadgen-8zvf kernel: Early memory node ranges
2026-05-14T23:26:26.240179+00:00 loadgen-8zvf kernel:   node   0: [mem 0x0000000000001000-0x0000000000054fff]
2026-05-14T23:26:26.240177+00:00 loadgen-8zvf systemd[1]: Finished systemd-fsck-root.service - File System Check on Root Device.
2026-05-14T23:26:26.240182+00:00 loadgen-8zvf kernel:   node   0: [mem 0x0000000000060000-0x0000000000097fff]
2026-05-14T23:26:26.240185+00:00 loadgen-8zvf kernel:   node   0: [mem 0x0000000000100000-0x00000000bd254fff]
2026-05-14T23:26:26.240186+00:00 loadgen-8zvf kernel:   node   0: [mem 0x00000000bd260000-0x00000000bf8ecfff]
2026-05-14T23:26:26.240186+00:00 loadgen-8zvf kernel:   node   0: [mem 0x00000000bfbff000-0x00000000bffdffff]
2026-05-14T23:26:26.240187+00:00 loadgen-8zvf kernel:   node   0: [mem 0x0000000100000000-0x000000103fffffff]
2026-05-14T23:26:26.240190+00:00 loadgen-8zvf kernel: Initmem setup node 0 [mem 0x0000000000001000-0x000000103fffffff]
2026-05-14T23:26:26.240190+00:00 loadgen-8zvf kernel: On node 0, zone DMA: 1 pages in unavailable ranges
2026-05-14T23:26:26.240185+00:00 loadgen-8zvf systemd[1]: Mounted sys-fs-fuse-connections.mount - FUSE Control File System.
2026-05-14T23:26:26.240194+00:00 loadgen-8zvf kernel: On node 0, zone DMA: 11 pages in unavailable ranges
2026-05-14T23:26:26.240194+00:00 loadgen-8zvf kernel: On node 0, zone DMA: 104 pages in unavailable ranges
2026-05-14T23:26:26.240195+00:00 loadgen-8zvf kernel: On node 0, zone DMA32: 11 pages in unavailable ranges
2026-05-14T23:26:26.240195+00:00 loadgen-8zvf kernel: On node 0, zone DMA32: 786 pages in unavailable ranges
2026-05-14T23:26:26.240196+00:00 loadgen-8zvf kernel: On node 0, zone Normal: 32 pages in unavailable ranges
2026-05-14T23:26:26.240196+00:00 loadgen-8zvf kernel: ACPI: PM-Timer IO Port: 0xb008
2026-05-14T23:26:26.240197+00:00 loadgen-8zvf kernel: ACPI: LAPIC_NMI (acpi_id[0xff] dfl dfl lint[0x1])
2026-05-14T23:26:26.240195+00:00 loadgen-8zvf systemd[1]: Mounted sys-kernel-config.mount - Kernel Configuration File System.
2026-05-14T23:26:26.240200+00:00 loadgen-8zvf kernel: IOAPIC[0]: apic_id 0, version 17, address 0xfec00000, GSI 0-23
2026-05-14T23:26:26.240201+00:00 loadgen-8zvf kernel: ACPI: INT_SRC_OVR (bus 0 bus_irq 5 global_irq 5 high level)
2026-05-14T23:26:26.240201+00:00 loadgen-8zvf kernel: ACPI: INT_SRC_OVR (bus 0 bus_irq 9 global_irq 9 high level)
2026-05-14T23:26:26.240202+00:00 loadgen-8zvf kernel: ACPI: INT_SRC_OVR (bus 0 bus_irq 10 global_irq 10 high level)
2026-05-14T23:26:26.240200+00:00 loadgen-8zvf systemd[1]: Starting systemd-remount-fs.service - Remount Root and Kernel File Systems...
2026-05-14T23:26:26.240202+00:00 loadgen-8zvf kernel: ACPI: INT_SRC_OVR (bus 0 bus_irq 11 global_irq 11 high level)
2026-05-14T23:26:26.240203+00:00 loadgen-8zvf kernel: ACPI: Using ACPI (MADT) for SMP configuration information
2026-05-14T23:26:26.240206+00:00 loadgen-8zvf kernel: CPU topo: Max. logical packages:   1
2026-05-14T23:26:26.240207+00:00 loadgen-8zvf kernel: CPU topo: Max. logical dies:       1
2026-05-14T23:26:26.240205+00:00 loadgen-8zvf systemd[1]: Finished systemd-sysctl.service - Apply Kernel Variables.
2026-05-14T23:26:26.240209+00:00 loadgen-8zvf kernel: CPU topo: Max. dies per package:   1
2026-05-14T23:26:26.240210+00:00 loadgen-8zvf kernel: CPU topo: Max. threads per core:   2
2026-05-14T23:26:26.240210+00:00 loadgen-8zvf kernel: CPU topo: Num. cores per package:    12
2026-05-14T23:26:26.240213+00:00 loadgen-8zvf systemd[1]: Finished systemd-tmpfiles-setup-dev-early.service - Create Static Device Nodes in /dev gracefully.
2026-05-14T23:26:26.240218+00:00 loadgen-8zvf systemd[1]: Finished systemd-remount-fs.ser         Starting [0;1;39mplymouth-quit.service[0m - Terminate Plymouth Boot Screen...
vice - Remount Root and Kernel File Systems.
2026-05-14T23:26:26.240225+00:00 loadgen-8zvf systemd[1]: Starting multipathd.service - Device-Mapper Multipath Device Controller...
2026-05-14T23:26:26.240230+00:00 loadgen-8zvf systemd[1]: systemd-hwdb-update.service - Rebuild Hardware Database was skipped because of an unmet condition check (ConditionNeedsUpdate=/etc).
2026-05-14T23:26:26.240235+00:00 loadgen-8zvf systemd[1]: Starting systemd-journal-flush.service - Flush Journal to Persistent Storage...
2026-05-14T23:26:26.240239+00:00 loadgen-8zvf systemd[1]: systemd-pstore.service - Platform Persistent Storage Archival was skipped because of an unmet condition check (ConditionDirectoryNotEmpty=/sys/fs/pstore).
2026-05-14T23:26:26.240244+00:00 loadgen-8zvf systemd[1]: Starting systemd-random-seed.service - Load/Save OS Random Seed...
2026-05-14T23:26:26.240248+00:00 loadgen-8zvf systemd[1]: systemd-sysusers.service - Create System Users was skipped because no trigger condition checks were met.
2026-05-14T23:26:26.240255+00:00 loadgen-8zvf systemd[1]: Starting systemd-tmpfiles-setup-dev.service - Create Static Device Nodes in /dev...
2026-05-14T23:26:26.240260+00:00 loadgen-8zvf systemd[1]: systemd-tpm2-setup.service - TPM2 SRK Setup was skipped because of an unmet condition check (ConditionSecurity=measured-uki).
2026-05-14T23:26:26.240265+00:00 loadgen-8zvf systemd[1]: Finished systemd-udev-trigger.service - Coldplug All udev Devices.
2026-05-14T23:26:26.240269+00:00 loadgen-8zvf multipathd[355]: multipathd v0.9.4: start up
2026-05-14T23:26:26.240274+00:00 loadgen-8zvf multipathd[355]: reconfigure: setting up paths and maps
2026-05-14T23:26:26.240279+00:00 loadgen-8zvf kernel: CPU topo: Num. threads per package:  24
2026-05-14T23:26:26.240280+00:00 loadgen-8zvf kernel: CPU topo: Allowing 24 present CPUs plus 0 hotplug CPUs
2026-05-14T23:26:26.240281+00:00 loadgen-8zvf systemd[1]: Finished systemd-random-seed.service - Load/Save OS Random Seed.
2026-05-14T23:26:26.240283+00:00 loadgen-8zvf kernel: PM: hibernation: Registered nosave memory: [mem 0x00000000-0x00000fff]
2026-05-14T23:26:26.240284+00:00 loadgen-8zvf kernel: PM: hibernation: Registered nosave memory: [mem 0x00055000-0x0005ffff]
2026-05-14T23:26:26.240285+00:00 loadgen-8zvf kernel: PM: hibernation: Registered nosave memory: [mem 0x00098000-0x000fffff]
2026-05-14T23:26:26.240285+00:00 loadgen-8zvf kernel: PM: hibernation: Registered nosave memory: [mem 0xbd255000-0xbd25ffff]
2026-05-14T23:26:26.240286+00:00 loadgen-8zvf kernel: PM: hibernation: Registered nosave memory: [mem 0xbf8ed000-0xbfbfefff]
2026-05-14T23:26:26.240286+00:00 loadgen-8zvf kernel: PM: hibernation: Registered nosave memory: [mem 0xbffe0000-0xffffffff]
2026-05-14T23:26:26.240286+00:00 loadgen-8zvf systemd[1]: Finished systemd-tmpfiles-setup-dev.service - Create Static Device Nodes in /dev.
2026-05-14T23:26:26.240290+00:00 loadgen-8zvf kernel: [mem 0xc0000000-0xffffffff] available for PCI devices
2026-05-14T23:26:26.240291+00:00 loadgen-8zvf kernel: Booting paravirtualized kernel on KVM
2026-05-14T23:26:26.240291+00:00 loadgen-8zvf kernel: clocksource: refined-jiffies: mask: 0xffffffff max_cycles: 0xffffffff, max_idle_ns: 1910969940391419 ns
2026-05-14T23:26:26.240292+00:00 loadgen-8zvf kernel: setup_percpu: NR_CPUS:8192 nr_cpumask_bits:24 nr_cpu_ids:24 nr_node_ids:1
2026-05-14T23:26:26.240292+00:00 loadgen-8zvf kernel: percpu: Embedded 84 pages/cpu s221184 r8192 d114688 u524288
2026-05-14T23:26:26.240292+00:00 loadgen-8zvf kernel: pcpu-alloc: s221184 r8192 d114688 u524288 alloc=1*2097152
2026-05-14T23:26:26.240291+00:00 loadgen-8zvf systemd[1]: Starting systemd-udevd.service - Rule-based Manager for Device Events and Files...
2026-05-14T23:26:26.240296+00:00 loadgen-8zvf kernel: pcpu-alloc: [0] 00 01 02 03 [0] 04 05 06 07 
2026-05-14T23:26:26.240297+00:00 loadgen-8zvf kernel: pcpu-alloc: [0] 08 09 10 11 [0] 12 13 14 15 
2026-05-14T23:26:26.240297+00:00 loadgen-8zvf kernel: pcpu-alloc: [0] 16 17 18 19 [0] 20 21 22 23 
2026-05-14T23:26:26.240298+00:00 loadgen-8zvf kernel: kvm-guest: PV spinlocks enabled
2026-05-14T23:26:26.240298+00:00 loadgen-8zvf kernel: PV qspinlock hash table entries: 256 (order: 0, 4096 bytes, linear)
2026-05-14T23:26:26.240299+00:00 loadgen-8zvf kernel: Kernel command line: BOOT_IMAGE=/vmlinuz-6.17.0-1013-gcp root=PARTUUID=6624332c-1f00-4e51-a0bf-94661fe17234 ro console=ttyS0,115200 panic=-1
2026-05-14T23:26:26.240297+00:00 loadgen-8zvf systemd-udevd[363]: Using default interface naming scheme 'v255'.
2026-05-14T23:26:26.240302+00:00 loadgen-8zvf kernel: printk: log buffer data + meta data: 262144 + 917504 = 1179648 bytes
2026-05-14T23:26:26.240303+00:00 loadgen-8zvf kernel: Dentry cache hash table entries: 8388608 (order: 14, 67108864 bytes, linear)
2026-05-14T23:26:26.240303+00:00 loadgen-8zvf kernel: Inode-cache hash table entries: 4194304 (order: 13, 33554432 bytes, linear)
2026-05-14T23:26:26.240304+00:00 loadgen-8zvf kernel: software IO TLB: area num 32.
2026-05-14T23:26:26.240302+00:00 loadgen-8zvf systemd[1]: Started multipathd.service - Device-Mapper Multipath Device Controller.
2026-05-14T23:26:26.240306+00:00 loadgen-8zvf kernel: Fallback order for Node 0: 0 
2026-05-14T23:26:26.240307+00:00 loadgen-8zvf kernel: Built 1 zonelists, mobility grouping on.  Total pages: 16776271
2026-05-14T23:26:26.240307+00:00 loadgen-8zvf kernel: Policy zone: Normal
2026-05-14T23:26:26.240311+00:00 loadgen-8zvf kernel: mem auto-init: stack:all(zero), heap alloc:on, heap free:off
2026-05-14T23:26:26.240312+00:00 loadgen-8zvf kernel: SLUB: HWalign=64, Order=0-3, MinObjects=0, CPUs=24, Nodes=1
2026-05-14T23:26:26.240312+00:00 loadgen-8zvf kernel: Kernel/User page tables isolation: enabled
2026-05-14T23:26:26.240313+00:00 loadgen-8zvf kernel: ftrace: allocating 61994 entries in 244 pages
2026-05-14T23:26:26.240313+00:00 loadgen-8zvf kernel: ftrace: allocated 244 pages with 5 groups
2026-05-14T23:26:26.240313+00:00 loadgen-8zvf kernel: rcu: Hierarchical RCU implementation.
2026-05-14T23:26:26.240317+00:00 loadgen-8zvf kernel: rcu: 	RCU restricting CPUs from NR_CPUS=8192 to nr_cpu_ids=24.
2026-05-14T23:26:26.240317+00:00 loadgen-8zvf kernel: 	Rude variant of Tasks RCU enabled.
2026-05-14T23:26:26.240318+00:00 loadgen-8zvf kernel: 	Tracing variant of Tasks RCU enabled.
2026-05-14T23:26:26.240318+00:00 loadgen-8zvf kernel: rcu: RCU calculated value of scheduler-enlistment delay is 100 jiffies.
2026-05-14T23:26:26.240319+00:00 loadgen-8zvf kernel: rcu: Adjusting geometry for rcu_fanout_leaf=16, nr_cpu_ids=24
2026-05-14T23:26:26.240319+00:00 loadgen-8zvf kernel: RCU Tasks Rude: Setting shift to 5 and lim to 1 rcu_task_cb_adjust=1 rcu_task_cpu_ids=24.
2026-05-14T23:26:26.240320+00:00 loadgen-8zvf kernel: RCU Tasks Trace: Setting shift to 5 and lim to 1 rcu_task_cb_adjust=1 rcu_task_cpu_ids=24.
2026-05-14T23:26:26.240310+00:00 loadgen-8zvf systemd[1]: Started systemd-udevd.service - Rule-based Manager for Device Events and Files.
2026-05-14T23:26:26.240323+00:00 loadgen-8zvf kernel: NR_IRQS: 524544, nr_irqs: 616, preallocated irqs: 16
2026-05-14T23:26:26.240324+00:00 loadgen-8zvf kernel: rcu: srcu_init: Setting srcu_struct sizes based on contention.
2026-05-14T23:26:26.240324+00:00 loadgen-8zvf kernel: Console: colour dummy device 80x25
2026-05-14T23:26:26.240325+00:00 loadgen-8zvf kernel: printk: legacy console [ttyS0] enabled
2026-05-14T23:26:26.240325+00:00 loadgen-8zvf kernel: ACPI: Core revision 20250404
2026-05-14T23:26:26.240326+00:00 loadgen-8zvf kernel: APIC: Switch to symmetric I/O mode setup
2026-05-14T23:26:26.240324+00:00 loadgen-8zvf systemd[1]: nvmefc-boot-connections.service - Auto-connect to subsystems on FC-NVME devices found during boot was skipped because of an unmet condition check (ConditionPathExists=/sys/class/fc/fc_udev_device/nvme_discovery).
2026-05-14T23:26:26.240329+00:00 loadgen-8zvf kernel: x2apic enabled
2026-05-14T23:26:26.240330+00:00 loadgen-8zvf kernel: APIC: Switched APIC routing to: physical x2apic
2026-05-14T23:26:26.240330+00:00 loadgen-8zvf kernel: ..TIMER: vector=0x30 apic1=0 pin1=0 apic2=-1 pin2=-1
2026-05-14T23:26:26.240331+00:00 loadgen-8zvf kernel: clocksource: ts[[0;32m  OK  [0m] Started [0;1;39mrsyslog.service[0m - System Logging Service.
c-early: mask: 0xffffffffffffffff max_cycles: 0x212733415c7, max_idle_ns: 440795236380 ns
2026-05-14T23:26:26.240331+00:00 loadgen-8zvf kernel: Calibrating delay loop (skipped) preset value.. 4599.99 BogoMIPS (lpj=2299998)
2026-05-14T23:26:26.240332+00:00 loadgen-8zvf kernel: Last level iTLB entries: 4KB 1024, 2MB 1024, 4MB 1024
2026-05-14T23:26:26.240330+00:00 loadgen-8zvf systemd[1]: Reached target local-fs-pre.target - Preparation for Local File Systems.
2026-05-14T23:26:26.240335+00:00 loadgen-8zvf kernel: Last level dTLB entries: 4KB 1024, 2MB 1024, 4MB 1024, 1GB 4
2026-05-14T23:26:26.240336+00:00 loadgen-8zvf kernel: mitigations: Enabled attack vectors: user_kernel, user_user, guest_host, guest_guest, SMT mitigations: auto
2026-05-14T23:26:26.240336+00:00 loadgen-8zvf kernel: Speculative Store Bypass: Mitigation: Speculative Store Bypass disabled via prctl
2026-05-14T23:26:26.240335+00:00 loadgen-8zvf systemd[1]: Mounting snap-core22-2411.mount - Mount unit for core22, revision 2411...
2026-05-14T23:26:26.240337+00:00 loadgen-8zvf kernel: Spectre V2 : Mitigation: IBRS
2026-05-14T23:26:26.240340+00:00 loadgen-8zvf kernel: RETBleed: Mitigation: IBRS
2026-05-14T23:26:26.240340+00:00 loadgen-8zvf kernel: ITS: Mitigation: Aligned branch/return thunks
2026-05-14T23:26:26.240344+00:00 loadgen-8zvf kernel: Spectre V2 : User space: Mitigation: STIBP via prctl
2026-05-14T23:26:26.240342+00:00 loadgen-8zvf systemd[1]: Mounting snap-google\x2dcloud\x2dcli-448.mount - Mount unit for google-cloud-cli, revision 448...
2026-05-14T23:26:26.240344+00:00 loadgen-8zvf kernel: MDS: Mitigation: Clear CPU buffers
2026-05-14T23:26:26.240345+00:00 loadgen-8zvf kernel: MMIO Stale Data: Vulnerable: Clear CPU buffers attempted, no microcode
2026-05-14T23:26:26.240345+00:00 loadgen-8zvf kernel: Spectre V1 : Mitigation: usercopy/swapgs barriers and __user pointer sanitization
2026-05-14T23:26:26.240346+00:00 loadgen-8zvf kernel: Spectre V2 : Spectre v2 / SpectreRSB: Filling RSB on context switch and VMEXIT
2026-05-14T23:26:26.240346+00:00 loadgen-8zvf kernel: Spectre V2 : mitigation: Enabling conditional Indirect Branch Prediction Barrier
2026-05-14T23:26:26.240347+00:00 loadgen-8zvf kernel: active return thunk: its_return_thunk
2026-05-14T23:26:26.240350+00:00 loadgen-8zvf kernel: Spectre V2 : Spectre BHI mitigation: SW BHB clearing on syscall and VM exit
2026-05-14T23:26:26.240351+00:00 loadgen-8zvf kernel: x86/fpu: Supporting XSAVE feature 0x001: 'x87 floating point registers'
2026-05-14T23:26:26.240351+00:00 loadgen-8zvf kernel: x86/fpu: Supporting XSAVE feature 0x002: 'SSE registers'
2026-05-14T23:26:26.240351+00:00 loadgen-8zvf kernel: x86/fpu: Supporting XSAVE feature 0x004: 'AVX registers'
2026-05-14T23:26:26.240352+00:00 loadgen-8zvf kernel: x86/fpu: xstate_offset[2]:  576, xstate_sizes[2]:  256
2026-05-14T23:26:26.240347+00:00 loadgen-8zvf systemd[1]: Mounting snap-snapd-26865.mount - Mount unit for snapd, revision 26865...
2026-05-14T23:26:26.240354+00:00 loadgen-8zvf kernel: x86/fpu: Enabled xstate features 0x7, context size is 832 bytes, using 'standard' format.
2026-05-14T23:26:26.240358+00:00 loadgen-8zvf kernel: Freeing SMP alternatives memory: 52K
2026-05-14T23:26:26.240358+00:00 loadgen-8zvf kernel: pid_max: default: 32768 minimum: 301
2026-05-14T23:26:26.240359+00:00 loadgen-8zvf kernel: LSM: initializing lsm=lockdown,capability,landlock,yama,apparmor,ima,evm
2026-05-14T23:26:26.240359+00:00 loadgen-8zvf kernel: landlock: Up and running.
2026-05-14T23:26:26.240360+00:00 loadgen-8zvf kernel: Yama: becoming mindful.
2026-05-14T23:26:26.240358+00:00 loadgen-8zvf systemd[1]: plymouth-start.service - Show Plymouth Boot Screen was skipped because of an unmet condition check (ConditionKernelCommandLine=splash).
2026-05-14T23:26:26.240360+00:00 loadgen-8zvf kernel: AppArmor: AppArmor initialized
2026-05-14T23:26:26.240363+00:00 loadgen-8zvf kernel: Mount-cache hash table entries: 131072 (order: 8, 1048576 bytes, linear)
2026-05-14T23:26:26.240366+00:00 loadgen-8zvf kernel: Mountpoint-cache hash table entries: 131072 (order: 8, 1048576 bytes, linear)
2026-05-14T23:26:26.240365+00:00 loadgen-8zvf systemd[1]: Started systemd-ask-password-console.path - Dispatch Password Requests to Console Directory Watch.
2026-05-14T23:26:26.240367+00:00 loadgen-8zvf kernel: smpboot: CPU0: Intel(R) Xeon(R) CPU @ 2.30GHz (family: 0x6, model: 0x3f, stepping: 0x0)
2026-05-14T23:26:26.240368+00:00 loadgen-8zvf kernel: Performance Events: unsupported CPU family 6 model 63 no PMU driver, software events only.
2026-05-14T23:26:26.240369+00:00 loadgen-8zvf kernel: signal: max sigframe size: 1776
2026-05-14T23:26:26.240369+00:00 loadgen-8zvf kernel: rcu: Hierarchical SRCU implementation.
2026-05-14T23:26:26.240370+00:00 loadgen-8zvf kernel: rcu: 	Max phase no-delay instances is 400.
