2026-05-14 17:10:53,692 DEBUG    root            Loaded Command Group: ['gcloud', 'compute']
2026-05-14 17:10:53,695 DEBUG    root            Loaded Command Group: ['gcloud', 'compute', 'instances']
2026-05-14 17:10:53,697 DEBUG    root            Loaded Command Group: ['gcloud', 'compute', 'instances', 'get_serial_port_output']
2026-05-14 17:10:53,698 DEBUG    root            Running [gcloud.compute.instances.get-serial-port-output] with arguments: [--project: "env-integration-fenway", --start: "0", --zone: "us-central1-c", INSTANCE_NAME: "loadgen-vdc9"]
2026-05-14 17:10:53,701 DEBUG    root            On GCE from memory cache: False
2026-05-14 17:10:53,703 DEBUG    root            On GCE from memory cache: False
2026-05-14 17:10:53,799 DEBUG    urllib3.connectionpool Starting new HTTPS connection (1): compute.googleapis.com:443
2026-05-14 17:10:54,322 DEBUG    urllib3.connectionpool https://compute.googleapis.com:443 "GET /compute/v1/projects/env-integration-fenway/zones/us-central1-c/instances/loadgen-vdc9/serialPort?alt=json&port=1&start=0 HTTP/1.1" 200 None
2026-05-14 17:10:54,397 DEBUG    root            Chosen display Format:value[no-quote](contents)
2026-05-14 17:10:54,398 INFO     root            Display format: "value[no-quote](contents)"
2026-05-14 17:10:54,419 INFO     ___FILE_ONLY___ [2J[01;01H[=3h[2J[01;01H[2J[01;01H[=3h[2J[01;01HCSM BBS Table full.
BdsDxe: loading Boot0003 "Ubuntu" from PciRoot(0x0)/Pci(0x3,0x0)/Scsi(0x1,0x0)/HD(15,GPT,C848D457-4750-4825-A2CD-4EBFB870DC53,0x2800,0x35000)/\EFI\ubuntu\shimx64.efi
BdsDxe: starting Boot0003 "Ubuntu" from PciRoot(0x0)/Pci(0x3,0x0)/Scsi(0x1,0x0)/HD(15,GPT,C848D457-4750-4825-A2CD-4EBFB870DC53,0x2800,0x35000)/\EFI\ubuntu\shimx64.efi

UEFI: Attempting to start image.
Description: Ubuntu
FilePath: PciRoot(0x0)/Pci(0x3,0x0)/Scsi(0x1,0x0)/HD(15,GPT,C848D457-4750-4825-A2CD-4EBFB870DC53,0x2800,0x35000)/\EFI\ubuntu\shimx64.efi
OptionNumber: 3.

[H[J[1;1HGRUB_FORCE_PARTUUID set, attempting initrdless boot.
[    0.000000] Linux version 6.17.0-1013-gcp (buildd@lcy02-amd64-034) (x86_64-linux-gnu-gcc-13 (Ubuntu 13.3.0-6ubuntu2~24.04.1) 13.3.0, GNU ld (GNU Binutils for Ubuntu) 2.42) #13~24.04.1-Ubuntu SMP Thu Apr 16 02:10:24 UTC 2026 (Ubuntu 6.17.0-1013.13~24.04.1-gcp 6.17.13)
[    0.000000] Command line: BOOT_IMAGE=/vmlinuz-6.17.0-1013-gcp root=PARTUUID=6624332c-1f00-4e51-a0bf-94661fe17234 ro console=ttyS0,115200 panic=-1
[    0.000000] KERNEL supported cpus:
[    0.000000]   Intel GenuineIntel
[    0.000000]   AMD AuthenticAMD
[    0.000000]   Hygon HygonGenuine
[    0.000000]   Centaur CentaurHauls
[    0.000000]   zhaoxin   Shanghai  
[    0.000000] x86/CPU: Model not found in latest microcode list
[    0.000000] BIOS-provided physical RAM map:
[    0.000000] BIOS-e820: [mem 0x0000000000000000-0x0000000000000fff] reserved
[    0.000000] BIOS-e820: [mem 0x0000000000001000-0x0000000000054fff] usable
[    0.000000] BIOS-e820: [mem 0x0000000000055000-0x000000000005ffff] reserved
[    0.000000] BIOS-e820: [mem 0x0000000000060000-0x0000000000097fff] usable
[    0.000000] BIOS-e820: [mem 0x0000000000098000-0x000000000009ffff] reserved
[    0.000000] BIOS-e820: [mem 0x0000000000100000-0x00000000bd254fff] usable
[    0.000000] BIOS-e820: [mem 0x00000000bd255000-0x00000000bd25ffff] ACPI data
[    0.000000] BIOS-e820: [mem 0x00000000bd260000-0x00000000bf8ecfff] usable
[    0.000000] BIOS-e820: [mem 0x00000000bf8ed000-0x00000000bfb6cfff] reserved
[    0.000000] BIOS-e820: [mem 0x00000000bfb6d000-0x00000000bfb7efff] ACPI data
[    0.000000] BIOS-e820: [mem 0x00000000bfb7f000-0x00000000bfbfefff] ACPI NVS
[    0.000000] BIOS-e820: [mem 0x00000000bfbff000-0x00000000bffdffff] usable
[    0.000000] BIOS-e820: [mem 0x00000000bffe0000-0x00000000bfffffff] reserved
[    0.000000] BIOS-e820: [mem 0x0000000100000000-0x000000103fffffff] usable
[    0.000000] NX (Execute Disable) protection: active
[    0.000000] APIC: Static calls initialized
[    0.000000] efi: EFI v2.7 by EDK II
[    0.000000] efi: TPMFinalLog=0xbfbf7000 ACPI=0xbfb7e000 ACPI 2.0=0xbfb7e014 SMBIOS=0xbf9ca000 MEMATTR=0xbd260018 MOKvar=0xbf9c8000 RNG=0xbfb72018 TPMEventLog=0xbd255018 
[    0.000000] random: crng init done
[    0.000000] SMBIOS 2.4 present.
[    0.000000] DMI: Google Google Compute Engine/Google Compute Engine, BIOS Google 04/21/2026
[    0.000000] DMI: Memory slots populated: 4/4
[    0.000000] secureboot: Secure boot disabled
[    0.000000] Hypervisor detected: KVM
[    0.000000] last_pfn = 0xbffe0 max_arch_pfn = 0x400000000
[    0.000000] kvm-clock: Using msrs 4b564d01 and 4b564d00
[    0.000001] kvm-clock: using sched offset of 14533528608 cycles
[    0.000003] clocksource: kvm-clock: mask: 0xffffffffffffffff max_cycles: 0x1cd42e4dffb, max_idle_ns: 881590591483 ns
[    0.000007] tsc: Detected 2299.998 MHz processor
[    0.000090] last_pfn = 0x1040000 max_arch_pfn = 0x400000000
[    0.000128] MTRR map: 3 entries (2 fixed + 1 variable; max 18), built from 8 variable MTRRs
[    0.000132] x86/PAT: Configuration [0-7]: WB  WC  UC- UC  WB  WP  UC- WT  
[    0.000179] last_pfn = 0xbffe0 max_arch_pfn = 0x400000000
[    0.016833] Using GB pages for direct mapping
[    0.017097] secureboot: Secure boot disabled
[    0.017099] ACPI: Early table checksum verification disabled
[    0.017104] ACPI: RSDP 0x00000000BFB7E014 000024 (v02 Google)
[    0.017109] ACPI: XSDT 0x00000000BFB7D0E8 00005C (v01 Google GOOGFACP 00000001      01000013)
[    0.017117] ACPI: FACP 0x00000000BFB78000 0000F4 (v02 Google GOOGFACP 00000001 GOOG 00000001)
[    0.017125] ACPI: DSDT 0x00000000BFB79000 001A64 (v01 Google GOOGDSDT 00000001 GOOG 00000001)
[    0.017130] ACPI: FACS 0x00000000BFBF1000 000040
[    0.017135] ACPI: SSDT 0x00000000BFB7C000 000316 (v02 GOOGLE Tpm2Tabl 00001000 INTL 20250807)
[    0.017140] ACPI: TPM2 0x00000000BFB7B000 000034 (v04 GOOGLE          00000001 GOOG 00000001)
[    0.017145] ACPI: SRAT 0x00000000BFB77000 000228 (v03 Google GOOGSRAT 00000001 GOOG 00000001)
[    0.017150] ACPI: APIC 0x00000000BFB76000 000126 (v05 Google GOOGAPIC 00000001 GOOG 00000001)
[    0.017155] ACPI: SSDT 0x00000000BFB74000 0011D6 (v01 Google GOOGSSDT 00000001 GOOG 00000001)
[    0.017160] ACPI: WAET 0x00000000BFB73000 000028 (v01 Google GOOGWAET 00000001 GOOG 00000001)
[    0.017163] ACPI: Reserving FACP table memory at [mem 0xbfb78000-0xbfb780f3]
[    0.017165] ACPI: Reserving DSDT table memory at [mem 0xbfb79000-0xbfb7aa63]
[    0.017166] ACPI: Reserving FACS table memory at [mem 0xbfbf1000-0xbfbf103f]
[    0.017167] ACPI: Reserving SSDT table memory at [mem 0xbfb7c000-0xbfb7c315]
[    0.017168] ACPI: Reserving TPM2 table memory at [mem 0xbfb7b000-0xbfb7b033]
[    0.017169] ACPI: Reserving SRAT table memory at [mem 0xbfb77000-0xbfb77227]
[    0.017170] ACPI: Reserving APIC table memory at [mem 0xbfb76000-0xbfb76125]
[    0.017171] ACPI: Reserving SSDT table memory at [mem 0xbfb74000-0xbfb751d5]
[    0.017172] ACPI: Reserving WAET table memory at [mem 0xbfb73000-0xbfb73027]
[    0.017324] ACPI: SRAT: Node 0 PXM 0 [mem 0x00000000-0x0009ffff]
[    0.017328] ACPI: SRAT: Node 0 PXM 0 [mem 0x00100000-0xbfffffff]
[    0.017332] ACPI: SRAT: Node 0 PXM 0 [mem 0x100000000-0x103fffffff]
[    0.017341] NUMA: Node 0 [mem 0x00001000-0x0009ffff] + [mem 0x00100000-0xbfffffff] -> [mem 0x00001000-0xbfffffff]
[    0.017345] NUMA: Node 0 [mem 0x00001000-0xbfffffff] + [mem 0x100000000-0x103fffffff] -> [mem 0x00001000-0x103fffffff]
[    0.017374] NODE_DATA(0) allocated [mem 0x103ffd52c0-0x103fffffff]
[    0.017638] Zone ranges:
[    0.017639]   DMA      [mem 0x0000000000001000-0x0000000000ffffff]
[    0.017641]   DMA32    [mem 0x0000000001000000-0x00000000ffffffff]
[    0.017643]   Normal   [mem 0x0000000100000000-0x000000103fffffff]
[    0.017645]   Device   empty
[    0.017646] Movable zone start for each node
[    0.017648] Early memory node ranges
[    0.017649]   node   0: [mem 0x0000000000001000-0x0000000000054fff]
[    0.017650]   node   0: [mem 0x0000000000060000-0x0000000000097fff]
[    0.017651]   node   0: [mem 0x0000000000100000-0x00000000bd254fff]
[    0.017653]   node   0: [mem 0x00000000bd260000-0x00000000bf8ecfff]
[    0.017654]   node   0: [mem 0x00000000bfbff000-0x00000000bffdffff]
[    0.017654]   node   0: [mem 0x0000000100000000-0x000000103fffffff]
[    0.017660] Initmem setup node 0 [mem 0x0000000000001000-0x000000103fffffff]
[    0.017735] On node 0, zone DMA: 1 pages in unavailable ranges
[    0.017737] On node 0, zone DMA: 11 pages in unavailable ranges
[    0.017765] On node 0, zone DMA: 104 pages in unavailable ranges
[    0.023265] On node 0, zone DMA32: 11 pages in unavailable ranges
[    0.023283] On node 0, zone DMA32: 786 pages in unavailable ranges
[    0.135251] On node 0, zone Normal: 32 pages in unavailable ranges
[    0.135828] ACPI: PM-Timer IO Port: 0xb008
[    0.135851] ACPI: LAPIC_NMI (acpi_id[0xff] dfl dfl lint[0x1])
[    0.135927] IOAPIC[0]: apic_id 0, version 17, address 0xfec00000, GSI 0-23
[    0.135931] ACPI: INT_SRC_OVR (bus 0 bus_irq 5 global_irq 5 high level)
[    0.135933] ACPI: INT_SRC_OVR (bus 0 bus_irq 9 global_irq 9 high level)
[    0.135935] ACPI: INT_SRC_OVR (bus 0 bus_irq 10 global_irq 10 high level)
[    0.135936] ACPI: INT_SRC_OVR (bus 0 bus_irq 11 global_irq 11 high level)
[    0.135942] ACPI: Using ACPI (MADT) for SMP configuration information
[    0.135947] CPU topo: Max. logical packages:   1
[    0.135948] CPU topo: Max. logical dies:       1
[    0.135949] CPU topo: Max. dies per package:   1
[    0.135953] CPU topo: Max. threads per core:   2
[    0.135954] CPU topo: Num. cores per package:    12
[    0.135955] CPU topo: Num. threads per package:  24
[    0.135956] CPU topo: Allowing 24 present CPUs plus 0 hotplug CPUs
[    0.135981] PM: hibernation: Registered nosave memory: [mem 0x00000000-0x00000fff]
[    0.135983] PM: hibernation: Registered nosave memory: [mem 0x00055000-0x0005ffff]
[    0.135985] PM: hibernation: Registered nosave memory: [mem 0x00098000-0x000fffff]
[    0.135986] PM: hibernation: Registered nosave memory: [mem 0xbd255000-0xbd25ffff]
[    0.135988] PM: hibernation: Registered nosave memory: [mem 0xbf8ed000-0xbfbfefff]
[    0.135989] PM: hibernation: Registered nosave memory: [mem 0xbffe0000-0xffffffff]
[    0.135991] [mem 0xc0000000-0xffffffff] available for PCI devices
[    0.135993] Booting paravirtualized kernel on KVM
[    0.135996] clocksource: refined-jiffies: mask: 0xffffffff max_cycles: 0xffffffff, max_idle_ns: 1910969940391419 ns
[    0.136003] setup_percpu: NR_CPUS:8192 nr_cpumask_bits:24 nr_cpu_ids:24 nr_node_ids:1
[    0.137887] percpu: Embedded 84 pages/cpu s221184 r8192 d114688 u524288
[    0.137947] kvm-guest: PV spinlocks enabled
[    0.137951] PV qspinlock hash table entries: 256 (order: 0, 4096 bytes, linear)
[    0.137955] Kernel command line: BOOT_IMAGE=/vmlinuz-6.17.0-1013-gcp root=PARTUUID=6624332c-1f00-4e51-a0bf-94661fe17234 ro console=ttyS0,115200 panic=-1
[    0.138027] printk: log buffer data + meta data: 262144 + 917504 = 1179648 bytes
[    0.144964] Dentry cache hash table entries: 8388608 (order: 14, 67108864 bytes, linear)
[    0.148385] Inode-cache hash table entries: 4194304 (order: 13, 33554432 bytes, linear)
[    0.148974] software IO TLB: area num 32.
[    0.162748] Fallback order for Node 0: 0 
[    0.162754] Built 1 zonelists, mobility grouping on.  Total pages: 16776271
[    0.162756] Policy zone: Normal
[    0.162765] mem auto-init: stack:all(zero), heap alloc:on, heap free:off
[    0.315225] SLUB: HWalign=64, Order=0-3, MinObjects=0, CPUs=24, Nodes=1
[    0.315292] Kernel/User page tables isolation: enabled
[    0.327752] ftrace: allocating 61994 entries in 244 pages
[    0.327754] ftrace: allocated 244 pages with 5 groups
[    0.328133] rcu: Hierarchical RCU implementation.
[    0.328135] rcu: 	RCU restricting CPUs from NR_CPUS=8192 to nr_cpu_ids=24.
[    0.328136] 	Rude variant of Tasks RCU enabled.
[    0.328137] 	Tracing variant of Tasks RCU enabled.
[    0.328138] rcu: RCU calculated value of scheduler-enlistment delay is 100 jiffies.
[    0.328139] rcu: Adjusting geometry for rcu_fanout_leaf=16, nr_cpu_ids=24
[    0.328168] RCU Tasks Rude: Setting shift to 5 and lim to 1 rcu_task_cb_adjust=1 rcu_task_cpu_ids=24.
[    0.328174] RCU Tasks Trace: Setting shift to 5 and lim to 1 rcu_task_cb_adjust=1 rcu_task_cpu_ids=24.
[    0.331981] NR_IRQS: 524544, nr_irqs: 616, preallocated irqs: 16
[    0.332352] rcu: srcu_init: Setting srcu_struct sizes based on contention.
[    0.332495] Console: colour dummy device 80x25
[    0.332556] printk: legacy console [ttyS0] enabled
[    0.483491] ACPI: Core revision 20250404
[    0.484302] APIC: Switch to symmetric I/O mode setup
[    0.485686] x2apic enabled
[    0.489136] APIC: Switched APIC routing to: physical x2apic
[    0.495050] ..TIMER: vector=0x30 apic1=0 pin1=0 apic2=-1 pin2=-1
[    0.496326] clocksource: tsc-early: mask: 0xffffffffffffffff max_cycles: 0x212733415c7, max_idle_ns: 440795236380 ns
[    0.498036] Calibrating delay loop (skipped) preset value.. 4599.99 BogoMIPS (lpj=2299998)
[    0.499341] Last level iTLB entries: 4KB 1024, 2MB 1024, 4MB 1024
[    0.500035] Last level dTLB entries: 4KB 1024, 2MB 1024, 4MB 1024, 1GB 4
[    0.501055] mitigations: Enabled attack vectors: user_kernel, user_user, guest_host, guest_guest, SMT mitigations: auto
[    0.502037] Speculative Store Bypass: Mitigation: Speculative Store Bypass disabled via prctl
[    0.503035] Spectre V2 : Mitigation: IBRS
[    0.504034] RETBleed: Mitigation: IBRS
[    0.504605] ITS: Mitigation: Aligned branch/return thunks
[    0.505035] Spectre V2 : User space: Mitigation: STIBP via prctl
[    0.506034] MDS: Mitigation: Clear CPU buffers
[    0.507034] MMIO Stale Data: Vulnerable: Clear CPU buffers attempted, no microcode
[    0.508034] Spectre V1 : Mitigation: usercopy/swapgs barriers and __user pointer sanitization
[    0.509036] Spectre V2 : Spectre v2 / SpectreRSB: Filling RSB on context switch and VMEXIT
[    0.510036] Spectre V2 : mitigation: Enabling conditional Indirect Branch Prediction Barrier
[    0.511041] active return thunk: its_return_thunk
[    0.512035] Spectre V2 : Spectre BHI mitigation: SW BHB clearing on syscall and VM exit
[    0.513050] x86/fpu: Supporting XSAVE feature 0x001: 'x87 floating point registers'
[    0.514035] x86/fpu: Supporting XSAVE feature 0x002: 'SSE registers'
[    0.515035] x86/fpu: Supporting XSAVE feature 0x004: 'AVX registers'
[    0.516036] x86/fpu: xstate_offset[2]:  576, xstate_sizes[2]:  256
[    0.517035] x86/fpu: Enabled xstate features 0x7, context size is 832 bytes, using 'standard' format.
[    0.578411] Freeing SMP alternatives memory: 52K
[    0.579039] pid_max: default: 32768 minimum: 301
[    0.580160] LSM: initializing lsm=lockdown,capability,landlock,yama,apparmor,ima,evm
[    0.582036] landlock: Up and running.
[    0.582631] Yama: becoming mindful.
[    0.583096] AppArmor: AppArmor initialized
[    0.584312] Mount-cache hash table entries: 131072 (order: 8, 1048576 bytes, linear)
[    0.585210] Mountpoint-cache hash table entries: 131072 (order: 8, 1048576 bytes, linear)
[    0.689603] smpboot: CPU0: Intel(R) Xeon(R) CPU @ 2.30GHz (family: 0x6, model: 0x3f, stepping: 0x0)
[    0.691054] Performance Events: unsupported CPU family 6 model 63 no PMU driver, software events only.
[    0.692138] signal: max sigframe size: 1776
[    0.693097] rcu: Hierarchical SRCU implementation.
[    0.694036] rcu: 	Max phase no-delay instances is 400.
[    0.694934] Timer migration: 2 hierarchy levels; 8 children per group; 2 crossnode level
[    0.697309] NMI watchdog: Perf NMI watchdog permanently disabled
[    0.698350] smp: Bringing up secondary CPUs ...
[    0.699234] smpboot: x86: Booting SMP configuration:
[    0.700039] .... node  #0, CPUs:        #1  #2  #3  #4  #5  #6  #7  #8  #9 #10 #11 #12 #13 #14 #15 #16 #17 #18 #19 #20 #21 #22 #23
[    0.712402] MDS CPU bug present and SMT on, data leak possible. See https://www.kernel.org/doc/html/latest/admin-guide/hw-vuln/mds.html for more details.
[    0.714038] MMIO Stale Data CPU bug present and SMT on, data leak possible. See https://www.kernel.org/doc/html/latest/admin-guide/hw-vuln/processor_mmio_stale_data.html for more details.
[    0.721126] smp: Brought up 1 node, 24 CPUs
[    0.722036] smpboot: Total of 24 processors activated (110399.90 BogoMIPS)
[    0.725186] Memory: 65803352K/67105084K available (22206K kernel code, 4673K rwdata, 15608K rodata, 5404K init, 6100K bss, 1277600K reserved, 0K cma-reserved)
[    0.728718] devtmpfs: initialized
[    0.729169] x86/mm: Memory block size: 1024MB
[    0.732718] ACPI: PM: Registering ACPI NVS region [mem 0xbfb7f000-0xbfbfefff] (524288 bytes)
[    0.734045] clocksource: jiffies: mask: 0xffffffff max_cycles: 0xffffffff, max_idle_ns: 1911260446275000 ns
[    0.735097] posixtimers hash table entries: 16384 (order: 6, 262144 bytes, linear)
[    0.736183] futex hash table entries: 8192 (524288 bytes on 1 NUMA nodes, total 512 KiB, linear).
[    0.737184] pinctrl core: initialized pinctrl subsystem
[    0.738286] PM: RTC time: 23:46:18, date: 2026-05-14
[    0.740317] NET: Registered PF_NETLINK/PF_ROUTE protocol family
[    0.742314] DMA: preallocated 4096 KiB GFP_KERNEL pool for atomic allocations
[    0.744411] DMA: preallocated 4096 KiB GFP_KERNEL|GFP_DMA pool for atomic allocations
[    0.745746] DMA: preallocated 4096 KiB GFP_KERNEL|GFP_DMA32 pool for atomic allocations
[    0.746049] audit: initializing netlink subsys (disabled)
[    0.747071] audit: type=2000 audit(1778802377.879:1): state=initialized audit_enabled=0 res=1
[    0.747239] thermal_sys: Registered thermal governor 'fair_share'
[    0.748036] thermal_sys: Registered thermal governor 'bang_bang'
[    0.749036] thermal_sys: Registered thermal governor 'step_wise'
[    0.750036] thermal_sys: Registered thermal governor 'user_space'
[    0.751035] thermal_sys: Registered thermal governor 'power_allocator'
[    0.752057] cpuidle: using governor ladder
[    0.754042] cpuidle: using governor menu
[    0.755135] acpiphp: ACPI Hot Plug PCI Controller Driver version: 0.5
[    0.756316] PCI: Using configuration type 1 for base access
[    0.757150] kprobes: kprobe jump-optimization is enabled. All kprobes are optimized if possible.
[    0.759237] HugeTLB: registered 1.00 GiB page size, pre-allocated 0 pages
[    0.760036] HugeTLB: 16380 KiB vmemmap can be freed for a 1.00 GiB page
[    0.761036] HugeTLB: registered 2.00 MiB page size, pre-allocated 0 pages
[    0.762035] HugeTLB: 28 KiB vmemmap can be freed for a 2.00 MiB page
[    0.766881] ACPI: Added _OSI(Module Device)
[    0.767037] ACPI: Added _OSI(Processor Device)
[    0.768036] ACPI: Added _OSI(Processor Aggregator Device)
[    0.772537] ACPI: 3 ACPI AML tables successfully acquired and loaded
[    0.777164] ACPI: Interpreter enabled
[    0.778055] ACPI: PM: (supports S0 S3 S4 S5)
[    0.779037] ACPI: Using IOAPIC for interrupt routing
[    0.780320] PCI: Using host bridge windows from ACPI; if necessary, use "pci=nocrs" and report a bug
[    0.781035] PCI: Ignoring E820 reservations for host bridge windows
[    0.782407] ACPI: Enabled 16 GPEs in block 00 to 0F
[    0.790326] ACPI: PCI Root Bridge [PCI0] (domain 0000 [bus 00-ff])
[    0.791042] acpi PNP0A03:00: _OSC: OS supports [ASPM ClockPM Segments MSI EDR HPX-Type3]
[    0.792037] acpi PNP0A03:00: _OSC: not requesting OS control; OS requires [ExtendedConfig ASPM ClockPM MSI]
[    0.793052] acpi PNP0A03:00: fail to add MMCONFIG information, can't access extended configuration space under this bridge
[    0.795937] PCI host bridge to bus 0000:00
[    0.796042] pci_bus 0000:00: root bus resource [io  0x0000-0x0cf7 window]
[    0.797036] pci_bus 0000:00: root bus resource [io  0x0d00-0xffff window]
[    0.798036] pci_bus 0000:00: root bus resource [mem 0x000a0000-0x000bffff window]
[    0.799036] pci_bus 0000:00: root bus resource [mem 0xc0000000-0xc53fffff window]
[    0.800036] pci_bus 0000:00: root bus resource [mem 0xc5440000-0xee3fffff window]
[    0.801036] pci_bus 0000:00: root bus resource [mem 0xee440000-0xfebfefff window]
[    0.802036] pci_bus 0000:00: root bus resource [mem 0x1040000000-0x2103fffffff window]
[    0.803036] pci_bus 0000:00: root bus resource [bus 00-ff]
[    0.804100] pci 0000:00:00.0: [8086:1237] type 00 class 0x060000 conventional PCI endpoint
[    0.808860] pci 0000:00:01.0: [8086:7110] type 00 class 0x060100 conventional PCI endpoint
[    0.815341] pci 0000:00:01.3: [8086:7113] type 00 class 0x068000 conventional PCI endpoint
[    0.820205] pci 0000:00:01.3: quirk: [io  0xb000-0xb03f] claimed by PIIX4 ACPI
[    0.822198] pci 0000:00:03.0: [1af4:1004] type 00 class 0x000000 conventional PCI endpoint
[    0.832063] pci 0000:00:03.0: BAR 0 [io  0xc040-0xc07f]
[    0.833051] pci 0000:00:03.0: BAR 1 [mem 0xc1001000-0xc100107f]
[    0.835780] pci 0000:00:04.0: [10de:1eb8] type 00 class 0x030200 conventional PCI endpoint
[    0.851066] pci 0000:00:04.0: BAR 0 [mem 0xc0000000-0xc0ffffff]
[    0.853036] pci 0000:00:04.0: BAR 1 [mem 0x1040000000-0x104fffffff 64bit pref]
[    0.854064] pci 0000:00:04.0: BAR 3 [mem 0x1050000000-0x1051ffffff 64bit pref]
[    0.856150] pci 0000:00:05.0: [1af4:1000] type 00 class 0x020000 conventional PCI endpoint
[    0.866069] pci 0000:00:05.0: BAR 0 [io  0xc000-0xc03f]
[    0.867051] pci 0000:00:05.0: BAR 1 [mem 0xc1000000-0xc10003ff]
[    0.869627] pci 0000:00:06.0: [1af4:1005] type 00 class 0x00ff00 conventional PCI endpoint
[    0.879072] pci 0000:00:06.0: BAR 0 [io  0xc080-0xc09f]
[    0.880056] pci 0000:00:06.0: BAR 1 [mem 0xc1002000-0xc100203f]
[    0.894582] ACPI: PCI: Interrupt link LNKA configured for IRQ 10
[    0.896190] ACPI: PCI: Interrupt link LNKB configured for IRQ 10
[    0.898216] ACPI: PCI: Interrupt link LNKC configured for IRQ 11
[    0.900187] ACPI: PCI: Interrupt link LNKD configured for IRQ 11
[    0.902095] ACPI: PCI: Interrupt link LNKS configured for IRQ 9
[    0.907049] iommu: Default domain type: Translated
[    0.908036] iommu: DMA domain TLB invalidation policy: lazy mode
[    0.910306] SCSI subsystem initialized
[    0.912089] ACPI: bus type USB registered
[    0.913060] usbcore: registered new interface driver usbfs
[    0.914048] usbcore: registered new interface driver hub
[    0.915056] usbcore: registered new device driver usb
[    0.916068] pps_core: LinuxPPS API ver. 1 registered
[    0.917038] pps_core: Software ver. 5.3.6 - Copyright 2005-2007 Rodolfo Giometti <giometti@linux.it>
[    0.918044] PTP clock support registered
[    0.919087] EDAC MC: Ver: 3.0.0
[    0.921039] efivars: Registered efivars operations
[    0.923602] NetLabel: Initializing
[    0.924036] NetLabel:  domain hash size = 128
[    0.925036] NetLabel:  protocols = UNLABELED CIPSOv4 CALIPSO
[    0.926072] NetLabel:  unlabeled traffic allowed by default
[    0.927079] mctp: management component transport protocol core
[    0.928037] NET: Registered PF_MCTP protocol family
[    0.929057] PCI: Using ACPI for IRQ routing
[    0.930316] vgaarb: loaded
[    0.932145] clocksource: Switched to clocksource kvm-clock
[    0.935376] VFS: Disk quotas dquot_6.6.0
[    0.936948] VFS: Dquot-cache hash table entries: 512 (order 0, 4096 bytes)
[    0.939972] AppArmor: AppArmor Filesystem Enabled
[    0.941853] pnp: PnP ACPI init
[    0.943905] pnp: PnP ACPI: found 7 devices
[    0.952693] clocksource: acpi_pm: mask: 0xffffff max_cycles: 0xffffff, max_idle_ns: 2085701024 ns
[    0.956198] NET: Registered PF_INET protocol family
[    0.958547] IP idents hash table entries: 262144 (order: 9, 2097152 bytes, linear)
[    0.980698] tcp_listen_portaddr_hash hash table entries: 32768 (order: 7, 524288 bytes, linear)
[    0.982478] Table-perturb hash table entries: 65536 (order: 6, 262144 bytes, linear)
[    0.984613] TCP established hash table entries: 524288 (order: 10, 4194304 bytes, linear)
[    0.986599] TCP bind hash table entries: 65536 (order: 9, 2097152 bytes, linear)
[    0.988049] TCP: Hash tables configured (established 524288 bind 65536)
[    0.989385] MPTCP token hash table entries: 65536 (order: 9, 1572864 bytes, linear)
[    0.991095] UDP hash table entries: 32768 (order: 9, 2097152 bytes, linear)
[    0.992759] UDP-Lite hash table entries: 32768 (order: 9, 2097152 bytes, linear)
[    0.994153] NET: Registered PF_UNIX/PF_LOCAL protocol family
[    0.995016] NET: Registered PF_XDP protocol family
[    0.995785] pci_bus 0000:00: resource 4 [io  0x0000-0x0cf7 window]
[    0.996826] pci_bus 0000:00: resource 5 [io  0x0d00-0xffff window]
[    0.997748] pci_bus 0000:00: resource 6 [mem 0x000a0000-0x000bffff window]
[    0.998850] pci_bus 0000:00: resource 7 [mem 0xc0000000-0xc53fffff window]
[    0.999939] pci_bus 0000:00: resource 8 [mem 0xc5440000-0xee3fffff window]
[    1.001003] pci_bus 0000:00: resource 9 [mem 0xee440000-0xfebfefff window]
[    1.002106] pci_bus 0000:00: resource 10 [mem 0x1040000000-0x2103fffffff window]
[    1.003267] pci 0000:00:00.0: Limiting direct PCI/PCI transfers
[    1.004350] PCI: CLS 0 bytes, default 64
[    1.005082] PCI-DMA: Using software bounce buffering for IO (SWIOTLB)
[    1.006364] software IO TLB: mapped [mem 0x00000000b7f7f000-0x00000000bbf7f000] (64MB)
[    1.008390] clocksource: tsc: mask: 0xffffffffffffffff max_cycles: 0x212733415c7, max_idle_ns: 440795236380 ns
[    1.010121] clocksource: Switched to clocksource tsc
[    1.029414] Initialise system trusted keyrings
[    1.030185] Key type blacklist registered
[    1.031151] workingset: timestamp_bits=36 max_order=24 bucket_order=0
[    1.032704] squashfs: version 4.0 (2009/01/31) Phillip Lougher
[    1.034623] fuse: init (API version 7.44)
[    1.035808] integrity: Platform Keyring initialized
[    1.037154] integrity: Machine keyring initialized
[    1.051109] Key type asymmetric registered
[    1.051848] Asymmetric key parser 'x509' registered
[    1.052755] Block layer SCSI generic (bsg) driver version 0.4 loaded (major 242)
[    1.054262] io scheduler mq-deadline registered
[    1.057273] ledtrig-cpu: registered to indicate activity on CPUs
[    1.058849] input: Power Button as /devices/LNXSYSTM:00/LNXPWRBN:00/input/input0
[    1.060914] ACPI: button: Power Button [PWRF]
[    1.061734] input: Sleep Button as /devices/LNXSYSTM:00/LNXSLPBN:00/input/input1
[    1.063021] ACPI: button: Sleep Button [SLPF]
[    1.070846] ACPI: \_SB_.LNKC: Enabled at IRQ 11
[    1.072581] virtio-pci 0000:00:03.0: virtio_pci: leaving for legacy driver
[    1.082888] ACPI: \_SB_.LNKA: Enabled at IRQ 10
[    1.084692] virtio-pci 0000:00:05.0: virtio_pci: leaving for legacy driver
[    1.095401] ACPI: \_SB_.LNKB: Enabled at IRQ 10
[    1.097206] virtio-pci 0000:00:06.0: virtio_pci: leaving for legacy driver
[    1.104650] Serial: 8250/16550 driver, 32 ports, IRQ sharing enabled
[    1.129780] 00:03: ttyS0 at I/O 0x3f8 (irq = 4, base_baud = 115200) is a 16550A
[    1.155078] 00:04: ttyS1 at I/O 0x2f8 (irq = 3, base_baud = 115200) is a 16550A
[    1.180370] 00:05: ttyS2 at I/O 0x3e8 (irq = 6, base_baud = 115200) is a 16550A
[    1.205752] 00:06: ttyS3 at I/O 0x2e8 (irq = 7, base_baud = 115200) is a 16550A
[    1.211105] Linux agpgart interface v0.103
[    1.213106] tpm_tis MSFT0101:00: 2.0 TPM (device-id 0x9009, rev-id 0)
[    1.227243] loop: module loaded
[    1.231375] virtio_scsi virtio0: 1/0/0 default/read/poll queues
[    1.249380] scsi host0: Virtio SCSI HBA
[    1.250560] blk-mq: reduced tag depth to 10240
[    1.257150] Key type psk registered
[    1.257555] scsi 0:0:1:0: Direct-Access     Google   PersistentDisk   1    PQ: 0 ANSI: 6
[    1.258976] ACPI: bus type drm_connector registered
[    1.261998] tun: Universal TUN/TAP device driver, 1.6
[    1.396335] sd 0:0:1:0: Attached scsi generic sg0 type 0
[    1.396753] sd 0:0:1:0: [sda] 4194304000 512-byte logical blocks: (2.15 TB/1.95 TiB)
[    1.438774] sd 0:0:1:0: [sda] 4096-byte physical blocks
[    1.457686] sd 0:0:1:0: [sda] Write Protect is off
[    1.462972] sd 0:0:1:0: [sda] Write cache: enabled, read cache: enabled, doesn't support DPO or FUA
[    1.479230] PPP generic driver version 2.4.2
[    1.482515] i8042: PNP: PS/2 Controller [PNP0303:KBD,PNP0f13:MOU] at 0x60,0x64 irq 1,12
[    1.484978] i8042: Warning: Keylock active
[    1.488288] serio: i8042 KBD port at 0x60,0x64 irq 1
[    1.489693] serio: i8042 AUX port at 0x60,0x64 irq 12
[    1.491371] mousedev: PS/2 mouse device common for all mice
[    1.493190] rtc_cmos 00:00: RTC can wake from S4
[    1.495783] rtc_cmos 00:00: registered as rtc0
[    1.497243] rtc_cmos 00:00: setting system clock to 2026-05-14T23:46:18 UTC (1778802378)
[    1.499011] GPT:Primary header thinks Alt. header is not at the end of the disk.
[    1.499548] rtc_cmos 00:00: alarms up to one day, 114 bytes nvram
[    1.501527] GPT:104857599 != 4194303999
[    1.503256] i2c_dev: i2c /dev entries driver
[    1.504329] GPT:Alternate GPT header not at the end of the disk.
[    1.504330] GPT:104857599 != 4194303999
[    1.504331] GPT: Use GNU Parted to correct GPT errors.
[    1.504340]  sda: sda1 sda14 sda15 sda16
[    1.505688] device-mapper: core: CONFIG_IMA_DISABLE_HTABLE is disabled. Duplicate IMA measurements will not be recorded in the IMA log.
[    1.507714] sd 0:0:1:0: [sda] Attached SCSI disk
[    1.508496] device-mapper: uevent: version 1.0.3
[    1.517101] device-mapper: ioctl: 4.50.0-ioctl (2025-04-28) initialised: dm-devel@lists.linux.dev
[    1.519686] intel_pstate: CPU model not supported
[    1.521245] drop_monitor: Initializing network drop monitor service
[    1.523732] NET: Registered PF_INET6 protocol family
[    1.525978] Segment Routing with IPv6
[    1.527104] In-situ OAM (IOAM) with IPv6
[    1.528262] NET: Registered PF_PACKET protocol family
[    1.530023] Key type dns_resolver registered
[    1.535618] IPI shorthand broadcast: enabled
[    1.539644] sched_clock: Marking stable (1378006160, 160672385)->(1744501033, -205822488)
[    1.542376] registered taskstats version 1
[    1.545938] Loading compiled-in X.509 certificates
[    1.548291] Loaded X.509 cert 'Build time autogenerated kernel key: e45cb4cd1c398ae218369364b5dd9534d3664c1e'
[    1.551691] Loaded X.509 cert 'Canonical Ltd. Live Patch Signing 2025 Kmod: d541cef61dc7e793b7eb7e899970a2eef0b5dc8c'
[    1.555372] Loaded X.509 cert 'Canonical Ltd. Live Patch Signing: 14df34d1a87cf37625abec039ef2bf521249b969'
[    1.558727] Loaded X.509 cert 'Canonical Ltd. Kernel Module Signing: 88f752e560a1e0737e31163a466ad7b70a850c19'
[    1.561548] blacklist: Loading compiled-in revocation X.509 certificates
[    1.563455] Loaded X.509 cert 'Canonical Ltd. Secure Boot Signing: 61482aa2830d0ab2ad5af10b7250da9033ddcef0'
[    1.566241] Loaded X.509 cert 'Canonical Ltd. Secure Boot Signing (2017): 242ade75ac4a15e50d50c84b0d45ff3eae707a03'
[    1.569184] Loaded X.509 cert 'Canonical Ltd. Secure Boot Signing (ESM 2018): 365188c1d374d6b07c3c8f240f8ef722433d6a8b'
[    1.572250] Loaded X.509 cert 'Canonical Ltd. Secure Boot Signing (2019): c0746fd6c5da3ae827864651ad66ae47fe24b3e8'
[    1.575056] Loaded X.509 cert 'Canonical Ltd. Secure Boot Signing (2021 v1): a8d54bbb3825cfb94fa13c9f8a594a195c107b8d'
[    1.578078] Loaded X.509 cert 'Canonical Ltd. Secure Boot Signing (2021 v2): 4cf046892d6fd3c9a5b03f98d845f90851dc6a8c'
[    1.581069] Loaded X.509 cert 'Canonical Ltd. Secure Boot Signing (2021 v3): 100437bb6de6e469b581e61cd66bce3ef4ed53af'
[    1.583966] Loaded X.509 cert 'Canonical Ltd. Secure Boot Signing (Ubuntu Core 2019): c1d57b8f6b743f23ee41f4f7ee292f06eecadfb9'
[    1.593568] Demotion targets for Node 0: null
[    1.595036] Key type .fscrypt registered
[    1.596192] Key type fscrypt-provisioning registered
[    1.597717] Key type big_key registered
[    1.598934] Key type trusted registered
[    1.602019] Key type encrypted registered
[    1.603284] AppArmor: AppArmor sha256 policy hashing enabled
[    1.605288] integrity: Loading X.509 certificate: UEFI:db
[    1.606913] integrity: Loaded X.509 cert 'Microsoft Corporation UEFI CA 2011: 13adbf4309bd82709c8cd54f316ed522988a1bd4'
[    1.609981] integrity: Loading X.509 certificate: UEFI:db
[    1.611541] integrity: Loaded X.509 cert 'Microsoft Windows Production PCA 2011: a92902398e16c49778cd90f99e4f9ae17c55af53'
[    1.614754] integrity: Loading X.509 certificate: UEFI:db
[    1.616336] integrity: Loaded X.509 cert 'Microsoft Corporation: Windows UEFI CA 2023: aefc5fbbbe055d8f8daa585473499417ab5a5272'
[    1.619567] integrity: Loading X.509 certificate: UEFI:db
[    1.621106] integrity: Loaded X.509 cert 'Microsoft UEFI CA 2023: 81aa6b3244c935bce0d6628af39827421e32497d'
[    1.624174] integrity: Revoking X.509 certificate: UEFI:dbx
[    1.625785] blacklist: Revoked X.509 cert 'Canonical Ltd. Secure Boot Signing: 61482aa2830d0ab2ad5af10b7250da9033ddcef0'
[    1.628809] integrity: Revoking X.509 certificate: UEFI:dbx
[    1.630435] blacklist: Revoked X.509 cert 'Cisco: Virtual UEFI SubCA: 13df2e3f54ebf347dcaecebf21d3cbb2355a4c9a'
[    1.633329] integrity: Revoking X.509 certificate: UEFI:dbx
[    1.635107] blacklist: Revoked X.509 cert 'Debian Secure Boot Signer: 00a7468def'
[    1.637932] Loading compiled-in module X.509 certificates
[    1.639954] Loaded X.509 cert 'Build time autogenerated kernel key: e45cb4cd1c398ae218369364b5dd9534d3664c1e'
[    1.642587] ima: Allocated hash algorithm: sha256
[    1.663641] ima: No architecture policies found
[    1.664944] evm: Initialising EVM extended attributes:
[    1.666338] evm: security.selinux
[    1.667292] evm: security.SMACK64
[    1.668296] evm: security.SMACK64EXEC
[    1.669294] evm: security.SMACK64TRANSMUTE
[    1.670402] evm: security.SMACK64MMAP
[    1.671355] evm: security.apparmor
[    1.672260] evm: security.ima
[    1.673020] evm: security.capability
[    1.673944] evm: HMAC attrs: 0x1
[    1.675219] PM:   Magic number: 10:722:807
[    1.676404] misc snapshot: hash matches
[    1.679918] RAS: Correctable Errors collector initialized.
[    1.694037] clk: Disabling unused clocks
[    1.695108] PM: genpd: Disabling unused power domains
[    1.697804] check access for rdinit=/init failed: -2, ignoring
[    1.702181] input: AT Translated Set 2 keyboard as /devices/platform/i8042/serio0/input/input2
[    1.703887] md: Waiting for all devices to be available before autodetect
[    1.704963] md: If you don't use raid, use raid=noautodetect
[    1.705810] md: Autodetecting RAID arrays.
[    1.706440] md: autorun ...
[    1.706900] md: ... autorun DONE.
[    1.713395] EXT4-fs (sda1): mounted filesystem 89fcf612-67c3-434b-97ea-2cfdbfe01b5b ro with ordered data mode. Quota mode: none.
[    1.715069] VFS: Mounted root (ext4 filesystem) readonly on device 8:1.
[    1.725914] devtmpfs: mounted
[    1.728574] Freeing unused decrypted memory: 2028K
[    1.731114] Freeing unused kernel image (initmem) memory: 5404K
[    1.732208] Write protecting the kernel read-only data: 38912k
[    1.733782] Freeing unused kernel image (text/rodata gap) memory: 320K
[    1.735240] Freeing unused kernel image (rodata/data gap) memory: 776K
[    1.793518] x86/mm: Checked W+X mappings: passed, no W+X pages found.
[    1.794419] x86/mm: Checking user space page tables
[    1.850580] x86/mm: Checked W+X mappings: passed, no W+X pages found.
[    1.851525] Run /sbin/init as init process
[    2.045961] systemd[1]: Inserted module 'autofs4'
[    2.192557] systemd[1]: systemd 255.4-1ubuntu8.15 running in system mode (+PAM +AUDIT +SELINUX +APPARMOR +IMA +SMACK +SECCOMP +GCRYPT -GNUTLS +OPENSSL +ACL +BLKID +CURL +ELFUTILS +FIDO2 +IDN2 -IDN +IPTC +KMOD +LIBCRYPTSETUP +LIBFDISK +PCRE2 -PWQUALITY +P11KIT +QRENCODE +TPM2 +BZIP2 +LZ4 +XZ +ZLIB +ZSTD -BPF_FRAMEWORK -XKBCOMMON +UTMP +SYSVINIT default-hierarchy=unified)
[    2.196956] systemd[1]: Detected virtualization google.
[    2.197738] systemd[1]: Detected architecture x86-64.

Welcome to [1mUbuntu 24.04.4 LTS[0m!

[    2.200570] systemd[1]: No hostname configured, using default hostname.
[    2.201639] systemd[1]: Hostname set to <localhost>.
[    2.599730] systemd[1]: Queued start job for default target graphical.target.
[    2.628104] systemd[1]: Created slice system-modprobe.slice - Slice /system/modprobe.
[[0;32m  OK  [0m] Created slice [0;1;39msystem-modprobe.slice[0m - Slice /system/modprobe.
[    2.634055] systemd[1]: Created slice system-serial\x2dgetty.slice - Slice /system/serial-getty.
[[0;32m  OK  [0m] Created slice [0;1;39msystem-serial\x2dget…slice[0m - Slice /system/serial-getty.
[    2.639299] systemd[1]: Created slice system-systemd\x2dfsck.slice - Slice /system/systemd-fsck.
[[0;32m  OK  [0m] Created slice [0;1;39msystem-systemd\x2dfs…slice[0m - Slice /system/systemd-fsck.
[    2.644168] systemd[1]: Created slice user.slice - User and Session Slice.
[[0;32m  OK  [0m] Created slice [0;1;39muser.slice[0m - User and Session Slice.
[    2.647828] systemd[1]: Started systemd-ask-password-wall.path - Forward Password Requests to Wall Directory Watch.
[[0;32m  OK  [0m] Started [0;1;39msystemd-ask-password-wall.…[0md Requests to Wall Directory Watch.
[    2.652970] systemd[1]: Set up automount proc-sys-fs-binfmt_misc.automount - Arbitrary Executable File Formats File System Automount Point.
[[0;32m  OK  [0m] Set up automount [0;1;39mproc-sys-fs-binfm…[0mormats File System Automount Point.
[    2.657749] systemd[1]: Expecting device dev-disk-by\x2dlabel-BOOT.device - /dev/disk/by-label/BOOT...
         Expecting device [0;1;39mdev-disk-by\x2dla…device[0m - /dev/disk/by-label/BOOT...
[    2.661752] systemd[1]: Expecting device dev-disk-by\x2dlabel-UEFI.device - /dev/disk/by-label/UEFI...
         Expecting device [0;1;39mdev-disk-by\x2dla…device[0m - /dev/disk/by-label/UEFI...
[    2.665727] systemd[1]: Expecting device dev-ttyS0.device - /dev/ttyS0...
         Expecting device [0;1;39mdev-ttyS0.device[0m - /dev/ttyS0...
[    2.669765] systemd[1]: Reached target integritysetup.target - Local Integrity Protected Volumes.
[[0;32m  OK  [0m] Reached target [0;1;39mintegritysetup.targ…[0m Local Integrity Protected Volumes.
[    2.673776] systemd[1]: Reached target slices.target - Slice Units.
[[0;32m  OK  [0m] Reached target [0;1;39mslices.target[0m - Slice Units.
[    2.677772] systemd[1]: Reached target snapd.mounts-pre.target - Mounting snaps.
[[0;32m  OK  [0m] Reached target [0;1;39msnapd.mounts-pre.target[0m - Mounting snaps.
[    2.681754] systemd[1]: Reached target swap.target - Swaps.
[[0;32m  OK  [0m] Reached target [0;1;39mswap.target[0m - Swaps.
[    2.684751] systemd[1]: Reached target time-set.target - System Time Set.
[[0;32m  OK  [0m] Reached target [0;1;39mtime-set.target[0m - System Time Set.
[    2.688769] systemd[1]: Reached target veritysetup.target - Local Verity Protected Volumes.
[[0;32m  OK  [0m] Reached target [0;1;39mveritysetup.target[0m - Local Verity Protected Volumes.
[    2.692835] systemd[1]: Listening on dm-event.socket - Device-mapper event daemon FIFOs.
[[0;32m  OK  [0m] Listening on [0;1;39mdm-event.socket[0m - Device-mapper event daemon FIFOs.
[    2.696904] systemd[1]: Listening on lvm2-lvmpolld.socket - LVM2 poll daemon socket.
[[0;32m  OK  [0m] Listening on [0;1;39mlvm2-lvmpolld.socket[0m - LVM2 poll daemon socket.
[    2.700879] systemd[1]: Listening on multipathd.socket - multipathd control socket.
[[0;32m  OK  [0m] Listening on [0;1;39mmultipathd.socket[0m - multipathd control socket.
[    2.704882] systemd[1]: Listening on syslog.socket - Syslog Socket.
[[0;32m  OK  [0m] Listening on [0;1;39msyslog.socket[0m - Syslog Socket.
[    2.708852] systemd[1]: Listening on systemd-fsckd.socket - fsck to fsckd communication Socket.
[[0;32m  OK  [0m] Listening on [0;1;39msystemd-fsckd.socket[0m …fsck to fsckd communication Socket.
[    2.712805] systemd[1]: Listening on systemd-initctl.socket - initctl Compatibility Named Pipe.
[[0;32m  OK  [0m] Listening on [0;1;39msystemd-initctl.socke…[0m- initctl Compatibility Named Pipe.
[    2.716876] systemd[1]: Listening on systemd-journald-dev-log.socket - Journal Socket (/dev/log).
[[0;32m  OK  [0m] Listening on [0;1;39msystemd-journald-dev-…socket[0m - Journal Socket (/dev/log).
[    2.721964] systemd[1]: Listening on systemd-journald.socket - Journal Socket.
[[0;32m  OK  [0m] Listening on [0;1;39msystemd-journald.socket[0m - Journal Socket.
[    2.725979] systemd[1]: Listening on systemd-networkd.socket - Network Service Netlink Socket.
[[0;32m  OK  [0m] Listening on [0;1;39msystemd-networkd.socket[0m - Network Service Netlink Socket.
[    2.730862] systemd[1]: systemd-pcrextend.socket - TPM2 PCR Extension (Varlink) was skipped because of an unmet condition check (ConditionSecurity=measured-uki).
[    2.733025] systemd[1]: Listening on systemd-udevd-control.socket - udev Control Socket.
[[0;32m  OK  [0m] Listening on [0;1;39msystemd-udevd-control.socket[0m - udev Control Socket.
[    2.736884] systemd[1]: Listening on systemd-udevd-kernel.socket - udev Kernel Socket.
[[0;32m  OK  [0m] Listening on [0;1;39msystemd-udevd-kernel.socket[0m - udev Kernel Socket.
[    2.751811] systemd[1]: Mounting dev-hugepages.mount - Huge Pages File System...
         Mounting [0;1;39mdev-hugepages.mount[0m - Huge Pages File System...
[    2.756773] systemd[1]: Mounting dev-mqueue.mount - POSIX Message Queue File System...
         Mounting [0;1;39mdev-mqueue.mount[0m - POSIX Message Queue File System...
[    2.762094] systemd[1]: Mounting sys-kernel-debug.mount - Kernel Debug File System...
         Mounting [0;1;39msys-kernel-debug.mount[0m - Kernel Debug File System...
[    2.766879] systemd[1]: Mounting sys-kernel-tracing.mount - Kernel Trace File System...
         Mounting [0;1;39msys-kernel-tracing.mount[0m - Kernel Trace File System...
[    2.775123] systemd[1]: Starting systemd-journald.service - Journal Service...
         Starting [0;1;39msystemd-journald.service[0m - Journal Service...
[    2.781390] systemd[1]: Starting keyboard-setup.service - Set the console keyboard layout...
         Starting [0;1;39mkeyboard-setup.service[0m - Set the console keyboard layout...
[    2.787010] systemd[1]: Starting kmod-static-nodes.service - Create List of Static Device Nodes...
         Starting [0;1;39mkmod-static-nodes.service[0m…eate List of Static Device Nodes...
[    2.791079] systemd[1]: Starting lvm2-monitor.service - Monitoring of LVM2 mirrors, snapshots etc. using dmeventd or progress polling...
         Starting [0;1;39mlvm2-monitor.service[0m - Mo…ing dmeventd or progress polling...
[    2.795778] systemd[1]: Starting modprobe@configfs.service - Load Kernel Module configfs...
         Starting [0;1;39mmodprobe@configfs.ser[    2.797723] systemd-journald[282]: Collecting audit messages is disabled.
vice[0m - Load Kernel Module configfs...
[    2.802042] systemd[1]: Starting modprobe@dm_mod.service - Load Kernel Module dm_mod...
         Starting [0;1;39mmodprobe@dm_mod.service[0m - Load Kernel Module dm_mod...
[    2.806862] systemd[1]: Starting modprobe@drm.service - Load Kernel Module drm...
         Starting [0;1;39mmodprobe@drm.service[0m - Load Kernel Module drm...
[    2.810450] systemd[1]: Starting modprobe@efi_pstore.service - Load Kernel Module efi_pstore...
         Starting [0;1;39mmodprobe@efi_pstore.servi…[0m - Load Kernel Module efi_pstore...
[    2.815733] systemd[1]: Starting modprobe@fuse.service - Load Kernel Module fuse...
         Starting [0;1;39mmodprobe@fuse.service[0m - Load Kernel Module fuse...
[    2.820033] pstore: Using crash dump compression: deflate
[    2.820837] systemd[1]: Starting modprobe@loop.service - Load Kernel Module loop...
         Starting [0;1;39mmodprobe@loop.service[0m - Load Kernel Module loop...
[    2.825790] systemd[1]: Starting modprobe@nvme_fabrics.service - Load Kernel Module nvme_fabrics...
[    2.826894] pstore: Registered efi_pstore as persistent store backend
         Starting [0;1;39mmodprobe@nvme_fabrics.ser…[0m Load Kernel Module nvme_fabrics...
[    2.832058] systemd[1]: netplan-ovs-cleanup.service - OpenVSwitch configuration for cleanup was skipped because of an unmet condition check (ConditionFileIsExecutable=/usr/bin/ovs-vsctl).
[    2.835848] systemd[1]: Starting systemd-fsck-root.service - File System Check on Root Device...
         Starting [0;1;39msystemd-fsck-root.service[0m…File System Check on Root Device...
[    2.843592] systemd[1]: Starting systemd-modules-load.service - Load Kernel Modules...
         Starting [0;1;39msystemd-modules-load.service[0m - Load Kernel Modules...
[    2.847745] systemd[1]: systemd-pcrmachine.service - TPM2 PCR Machine ID Measurement was skipped because of an unmet condition check (ConditionSecurity=measured-uki).
[    2.850025] systemd[1]: systemd-tpm2-setup-early.service - TPM2 SRK Setup (Early) was skipped because of an unmet condition check (ConditionSecurity=measured-uki).
[    2.853283] systemd[1]: Starting systemd-udev-trigger.service - Coldplug All udev Devices...
         Starting [0;1;39msystemd-udev-trigger.service[0m - Coldplug All udev Devices...
[    2.856354] systemd[1]: Started systemd-journald.service - Journal Service.
[[0;32m  OK  [0m] Started [0;1;39msystemd-journald.service[0m - Journal Service.
[[0;32m  OK  [0m] Mounted [0;1;39mdev-hugepages.mount[0m - Huge Pages File System.
[[0;32m  OK  [0m] Mounted [0;1;39mdev-mqueue.mount[0m - POSIX Message Queue File System.
[[0;32m  OK  [0m] Mounted [0;1;39msys-kernel-debug.mount[0m - Kernel Debug File System.
[[0;32m  OK  [0m] Mounted [0;1;39msys-kernel-tracing.mount[0m - Kernel Trace File System.
[[0;32m  OK  [0m] Finished [0;1;39mkmod-static-nodes.service[0m…Create List of Static Device Nodes.
[[0;32m  OK  [0m] Finished [0;1;39mmodprobe@configfs.service[0m - Load Kernel Module configfs.
[[0;32m  OK  [0m] Finished [0;1;39mmodprobe@dm_mod.service[0m - Load Kernel Module dm_mod.
[[0;32m  OK  [0m] Finished [0;1;39mmodprobe@drm.service[0m - Load Kernel Module drm.
[[0;32m  OK  [0m] Finished [0;1;39mmodprobe@efi_pstore.service[0m - Load Kernel Module efi_pstore.
[[0;32m  OK  [0m] Finished [0;1;39mmodprobe@fuse.service[0m - Load Kernel Module fuse.
[[0;32m  OK  [0m] Finished [0;1;39mmodprobe@loop.service[0m - Load Kernel Module loop.
[[0;32m  OK  [0m] Finished [0;1;39mmodprobe@nvme_fabrics.ser…[0m - Load Kernel Module nvme_fabrics.
[[0;32m  OK  [0m] Finished [0;1;39msystemd-modules-load.service[0m - Load Kernel Modules.
         Mounting [0;1;39msys-fs-fuse-connections.mount[0m - FUSE Control File System...
         Mounting [0;1;39msys-kernel-config.mount[0m - Kernel Configuration File System...
[[0;32m  OK  [0m] Started [0;1;39msystemd-fsckd.service[0m - Fi…stem Check Daemon to report status.
         Starting [0;1;39msystemd-sysctl.service[0m - Apply Kernel Variables...
         Starting [0;1;39msystemd-tmpfiles-setup-de…[0m Device Nodes in /dev gracefully...
[[0;32m  OK  [0m] Finished [0;1;39mkeyboard-setup.service[0m - Set the console keyboard layout.
[[0;32m  OK  [0m] Finished [0;1;39msystemd-fsck-root.service[0m - File System Check on Root Device.
[[0;32m  OK  [0m] Finished [0;1;39mlvm2-monitor.service[0m - Mo…using dmeventd or progress polling.
[[0;32m  OK  [0m] Mounted [0;1;39msys-fs-fuse-connections.mount[0m - FUSE Control File System.
[[0;32m  OK  [0m] Mounted [0;1;39msys-kernel-config.mount[0m - Kernel Configuration File System.
[[0;32m  OK  [0m] Finished [0;1;39msystemd-sysctl.service[0m - Apply Kernel Variables.
         Starting [0;1;39msystemd-remount-fs.servic…[0munt Root and Kernel File Systems...
[[0;32m  OK  [0m] Finished [0;1;39msystemd-tmpfiles-setup-de…[0mic Device Nodes in /dev gracefully.
[[0;32m  OK  [0m] Finished [0;1;39msystemd-remount-fs.servic…[0mmount Root and Kernel File Systems.
         Starting [0;1;39mmultipathd.service[0m - Devi…pper Multipath Device Controller...
         Starting [0;1;39msystemd-journal-flush.ser…[0msh Journal to Persistent Storage...
         Starting [0;1;39msystemd-random-seed.service[0m - Load/Save OS Random Seed...
         Starting [0;1;39msystemd-tmpfiles-setup-de…[0meate Static Device Nodes in /dev...
[[0;32m  OK  [0m] Finished [0;1;39msystemd-udev-trigger.service[0m - Coldplug All udev Devices.
[[0;32m  OK  [0m] Finished [0;1;39msystemd-random-seed.service[0m - Load/Save OS Random Seed.
[[0;32m  OK  [0m] Finished [0;1;39msystemd-tmpfiles-setup-de…[0mCreate Static Device Nodes in /dev.
         Starting [0;1;39msystemd-udevd.service[0m - R…ager for Device Events and Files...
[[0;32m  OK  [0m] Started [0;1;39mmultipathd.service[0m - Devic…Mapper Multipath Device Controller.
[[0;32m  OK  [0m] Started [0;1;39msystemd-udevd.service[0m - Ru…anager for Device Events and Files.
[[0;32m  OK  [0m] Reached target [0;1;39mlocal-fs-pre.target[0m…Preparation for Local File Systems.
         Mounting [0;1;39msnap-core22-2411.mount[0m - …t unit for core22, revision 2411...
         Mounting [0;1;39msnap-google\x2dcloud\x2dc…[0mr google-cloud-cli, revision 448...
         Mounting [0;1;39msnap-snapd-26865.mount[0m - …t unit for snapd, revision 26865...
[[0;32m  OK  [0m] Started [0;1;39msystemd-ask-password-conso…[0mequests to Console Directory Watch.
[[0;32m  OK  [0m] Reached target [0;1;39mcryptsetup.target[0m - Local Encrypted Volumes.
[[0;32m  OK  [0m] Finished [0;1;39msystemd-journal-flush.ser…[0mlush Journal to Persistent Storage.
[[0;32m  OK  [0m] Mounted [0;1;39msnap-core22-2411.mount[0m - Mount unit for core22, revision 2411.
[[0;32m  OK  [0m] Mounted [0;1;39msnap-google\x2dcloud\x2dcl…[0mfor google-cloud-cli, revision 448.
[[0;32m  OK  [0m] Mounted [0;1;39msnap-snapd-26865.mount[0m - Mount unit for snapd, revision 26865.
[[0;32m  OK  [0m] Found device [0;1;39mdev-ttyS0.device[0m - /dev/ttyS0.
[[0;32m  OK  [0m] Found device [0;1;39mdev-disk-by\x2dlabel-UEFI.device[0m - PersistentDisk UEFI.
[[0;32m  OK  [0m] Found device [0;1;39mdev-disk-by\x2dlabel-BOOT.device[0m - PersistentDisk BOOT.
[[0;32m  OK  [0m] Reached target [0;1;39msnapd.mounts.target[0m - Mounted snaps.
[[0;32m  OK  [0m] Listening on [0;1;39msystemd-rfkill.socket[0m…ll Switch Status /dev/rfkill Watch.
[    3.493590] 
         Starting [0;1;39msystemd-fsck@dev-disk-by\…[0mCheck on /dev/disk/by-label/BOOT...
         Starting [0;1;39msystemd-fsck@dev-disk-by\…[0mCheck on /dev/disk/by-label/UEFI...
Checking in progress on 1 disk (0.0% complete)[[0;32m  OK  [0m] Finished [0;1;39msystemd-fsck@dev-disk-by\…[0mm Check on /dev/disk/by-label/BOOT.
Checking in progress on 0 disks (100.0% complete)[[0;32m  OK  [0m] Finished [0;1;39msystemd-fsck@dev-disk-by\…[0mm Check on /dev/disk/by-label/UEFI.
         Mounting [0;1;39mboot.mount[0m - /boot...
[[0;32m  OK  [0m] Mounted [0;1;39mboot.mount[0m - /boot.
         Mounting [0;1;39mboot-efi.mount[0m - /boot/efi...
[[0;32m  OK  [0m] Mounted [0;1;39mboot-efi.mount[0m - /boot/efi.
[[0;32m  OK  [0m] Reached target [0;1;39mlocal-fs.target[0m - Local File Systems.
[[0;32m  OK  [0m] Listening on [0;1;39msystemd-sysext.socket[0m…tension Image Management (Varlink).
         Starting [0;1;39mapparmor.service[0m - Load AppArmor profiles...
         Starting [0;1;39mconsole-setup.service[0m - Set console font and keymap...
         Starting [0;1;39mfinalrd.service[0m - Create …time dir for shutdown pivot root...
         Starting [0;1;39mplymouth-read-write.servi…[0mymouth To Write Out Runtime Data...
         Starting [0;1;39msystemd-binfmt.service[0m - Set Up Additional Binary Formats...
         Starting [0;1;39msystemd-tmpfiles-setup.se…[0me Volatile Files and Directories...
         Starting [0;1;39mufw.service[0m - Uncomplicated firewall...
[[0;32m  OK  [0m] Finished [0;1;39mconsole-setup.service[0m - Set console font and keymap.
[[0;32m  OK  [0m] Finished [0;1;39mfinalrd.service[0m - Create …untime dir for shutdown pivot root.
[[0;32m  OK  [0m] Finished [0;1;39mufw.service[0m - Uncomplicated firewall.
[[0;32m  OK  [0m] Finished [0;1;39mplymouth-read-write.servi…[0mPlymouth To Write Out Runtime Data.
         Mounting [0;1;39mproc-sys-fs-binfmt_misc.m…[0mcutable File Formats File System...
[[0;32m  OK  [0m] Finished [0;1;39msystemd-tmpfiles-setup.se…[0mate Volatile Files and Directories.
         Starting [0;1;39msystemd-resolved.service[0m - Network Name Resolution...
         Starting [0;1;39msystemd-update-utmp.servi…[0mord System Boot/Shutdown in UTMP...
[[0;32m  OK  [0m] Mounted [0;1;39mproc-sys-fs-binfmt_misc.mo…[0mxecutable File Formats File System.
[[0;32m  OK  [0m] Finished [0;1;39mapparmor.service[0m - Load AppArmor profiles.
[[0;32m  OK  [0m] Finished [0;1;39msystemd-binfmt.service[0m - Set Up Additional Binary Formats.
         Starting [0;1;39mmodprobe@dm_mod.service[0m - Load Kernel Module dm_mod...
         Starting [0;1;39mmodprobe@efi_pstore.servi…[0m - Load Kernel Module efi_pstore...
         Starting [0;1;39mmodprobe@loop.service[0m - Load Kernel Module loop...
         Starting [0;1;39msnapd.apparmor.service[0m - …iles managed internally by snapd...
         Starting [0;1;39mcloud-init-local.service[0m …-init: Local Stage (pre-network)...
[[0;32m  OK  [0m] Finished [0;1;39mmodprobe@dm_mod.service[0m - Load Kernel Module dm_mod.
[[0;32m  OK  [0m] Finished [0;1;39mmodprobe@efi_pstore.service[0m - Load Kernel Module efi_pstore.
[[0;32m  OK  [0m] Finished [0;1;39mmodprobe@loop.service[0m - Load Kernel Module loop.
[[0;32m  OK  [0m] Finished [0;1;39msystemd-update-utmp.servi…[0mecord System Boot/Shutdown in UTMP.
[[0;32m  OK  [0m] Started [0;1;39msystemd-resolved.service[0m - Network Name Resolution.
[[0;32m  OK  [0m] Reached target [0;1;39mnss-lookup.target[0m - Host and Network Name Lookups.
[[0;32m  OK  [0m] Finished [0;1;39msnapd.apparmor.service[0m - …ofiles managed internally by snapd.
[    5.732278] cloud-init[721]: Cloud-init v. 25.3-0ubuntu1~24.04.1 running 'init-local' at Thu, 14 May 2026 23:46:22 +0000. Up 5.71 seconds.
         Starting [0;1;39mmodprobe@dm_mod.service[0m - Load Kernel Module dm_mod...
         Starting [0;1;39mmodprobe@efi_pstore.servi…[0m - Load Kernel Module efi_pstore...
         Starting [0;1;39mmodprobe@loop.service[0m - Load Kernel Module loop...
[[0;32m  OK  [0m] Finished [0;1;39mmodprobe@dm_mod.service[0m - Load Kernel Module dm_mod.
[[0;32m  OK  [0m] Finished [0;1;39mmodprobe@efi_pstore.service[0m - Load Kernel Module efi_pstore.
[[0;32m  OK  [0m] Finished [0;1;39mmodprobe@loop.service[0m - Load Kernel Module loop.
         Starting [0;1;39mmodprobe@dm_mod.service[0m - Load Kernel Module dm_mod...
         Starting [0;1;39mmodprobe@efi_pstore.servi…[0m - Load Kernel Module efi_pstore...
         Starting [0;1;39mmodprobe@loop.service[0m - Load Kernel Module loop...
[[0;32m  OK  [0m] Finished [0;1;39mmodprobe@dm_mod.service[0m - Load Kernel Module dm_mod.
[[0;32m  OK  [0m] Finished [0;1;39mmodprobe@efi_pstore.service[0m - Load Kernel Module efi_pstore.
[[0;32m  OK  [0m] Finished [0;1;39mmodprobe@loop.service[0m - Load Kernel Module loop.
[[0;32m  OK  [0m] Finished [0;1;39mcloud-init-local.service[0m …ud-init: Local Stage (pre-network).
[[0;32m  OK  [0m] Reached target [0;1;39mnetwork-pre.target[0m - Preparation for Network.
         Starting [0;1;39msystemd-networkd.service[0m - Network Configuration...
[[0;32m  OK  [0m] Started [0;1;39msystemd-networkd.service[0m - Network Configuration.
[[0;32m  OK  [0m] Reached target [0;1;39mnetwork.target[0m - Network.
         Starting [0;1;39msystemd-networkd-wait-onl…[0mait for Network to be Configured...
[[0;32m  OK  [0m] Finished [0;1;39msystemd-networkd-wait-onl…[0m Wait for Network to be Configured.
         Starting [0;1;39mcloud-init.service[0m - Cloud-init: Network Stage...
[    8.878943] cloud-init[817]: Cloud-init v. 25.3-0ubuntu1~24.04.1 running 'init' at Thu, 14 May 2026 23:46:26 +0000. Up 8.85 seconds.
[    8.892192] cloud-init[817]: ci-info: ++++++++++++++++++++++++++++++++++++++Net device info+++++++++++++++++++++++++++++++++++++++
[    8.905258] cloud-init[817]: ci-info: +--------+------+---------------------------+-----------------+--------+-------------------+
[    8.918217] cloud-init[817]: ci-info: | Device |  Up  |          Address          |       Mask      | Scope  |     Hw-Address    |
[    8.931175] cloud-init[817]: ci-info: +--------+------+---------------------------+-----------------+--------+-------------------+
[    8.945118] cloud-init[817]: ci-info: |  ens5  | True |        10.128.0.53        | 255.255.255.255 | global | 42:01:0a:80:00:35 |
[    8.958216] cloud-init[817]: ci-info: |  ens5  | True | fe80::4001:aff:fe80:35/64 |        .        |  link  | 42:01:0a:80:00:35 |
[    8.972243] cloud-init[817]: ci-info: |   lo   | True |         127.0.0.1         |    255.0.0.0    |  host  |         .         |
[    8.985159] cloud-init[817]: ci-info: |   lo   | True |          ::1/128          |        .        |  host  |         .         |
[    8.998151] cloud-init[817]: ci-info: +--------+------+---------------------------+-----------------+--------+-------------------+
[    9.011123] cloud-init[817]: ci-info: +++++++++++++++++++++++++++++++Route IPv4 info++++++++++++++++++++++++++++++++
[    9.023137] cloud-init[817]: ci-info: +-------+-----------------+------------+-----------------+-----------+-------+
[    9.035176] cloud-init[817]: ci-info: | Route |   Destination   |  Gateway   |     Genmask     | Interface | Flags |
[    9.047195] cloud-init[817]: ci-info: +-------+-----------------+------------+-----------------+-----------+-------+
[    9.059139] cloud-init[817]: ci-info: |   0   |     0.0.0.0     | 10.128.0.1 |     0.0.0.0     |    ens5   |   UG  |
[    9.071164] cloud-init[817]: ci-info: |   1   |    10.128.0.1   |  0.0.0.0   | 255.255.255.255 |    ens5   |   UH  |
[    9.083145] cloud-init[817]: ci-info: |   2   | 169.254.169.254 | 10.128.0.1 | 255.255.255.255 |    ens5   |  UGH  |
[    9.095155] cloud-init[817]: ci-info: +-------+-----------------+------------+-----------------+-----------+-------+
[    9.107204] cloud-init[817]: ci-info: +++++++++++++++++++Route IPv6 info+++++++++++++++++++
[    9.116140] cloud-init[817]: ci-info: +-------+-------------+---------+-----------+-------+
[    9.125175] cloud-init[817]: ci-info: | Route | Destination | Gateway | Interface | Flags |
[    9.134107] cloud-init[817]: ci-info: +-------+-------------+---------+-----------+-------+
[    9.143127] cloud-init[817]: ci-info: |   0   |  fe80::/64  |    ::   |    ens5   |   U   |
[    9.152137] cloud-init[817]: ci-info: |   2   |    local    |    ::   |    ens5   |   U   |
[    9.161103] cloud-init[817]: ci-info: |   3   |  multicast  |    ::   |    ens5   |   U   |
[    9.170148] cloud-init[817]: ci-info: +-------+-------------+---------+-----------+-------+
[   15.060435] cloud-init[817]: Generating public/private rsa key pair.
[   15.068152] cloud-init[817]: Your identification has been saved in /etc/ssh/ssh_host_rsa_key
[   15.078224] cloud-init[817]: Your public key has been saved in /etc/ssh/ssh_host_rsa_key.pub
[   15.088126] cloud-init[817]: The key fingerprint is:
[   15.094128] cloud-init[817]: SHA256:Dc+b6WymNOexUh7WWhLptfJ2HVzSR73DAyUT0BW18Ac root@loadgen-vdc9
[   15.104116] cloud-init[817]: The key's randomart image is:
[[0;32m  OK  [0m] Finished [0;1;39mcloud-init.service[0m - Cloud-init: Network Stage.
[   15.110493] cloud-init[817]: +---[RSA 3072]----+
[[0;32m  OK  [0m] Reached target [0;1;39mcloud-config.target[0m - Cloud-config availability.
[   15.125147] cloud-init[817]: |           .o=E+=|
[[0;32m  OK  [0m] Reached target [0;1;39mnetwork-online.target[0m - Network is Online.
[[0;32m  OK  [0m] Reached target [0;1;39msysinit.target[0m - System Initialization.
[   15.152254] cloud-init[817]: |             o=.+|
[[0;32m  OK  [0m] Started [0;1;39mnvidia-cdi-refresh.path[0m - …r toolkit install / upgrade events.
[[0;32m  OK  [0m] Started [0;1;39mgce-workload-cert-refresh.…[0mWorkload Certificate refresh timer.
[   15.168270] cloud-init[817]: |        .  .  o=o|
[[0;32m  OK  [0m] Started [0;1;39mgoogle-oslogin-cache.timer[0m - NSS cache refresh timer.
[   15.196178] cloud-init[817]: |         =o . .==|
[[0;32m  OK  [0m] Started [0;1;39msystemd-tmpfiles-clean.tim…[0my Cleanup of Temporary Directories.
[   15.206349] cloud-init[817]: |        S.++ ...=|
[[0;32m  OK  [0m] Started [0;1;39mupdate-notifier-download.t…[0mhat failed at package install time.
[   15.230305] cloud-init[817]: |          B++  o |
[[0;32m  OK  [0m] Reached target [0;1;39mpaths.target[0m - Path Units.
[   15.241374] cloud-init[817]: |        o+*B   ..|
[[0;32m  OK  [0m] Listening on [0;1;39mcloud-init-hotplugd.s…t[0m - cloud-init hotplug hook socket.
[   15.261255] cloud-init[817]: |       ..*=oo . .|
[[0;32m  OK  [0m] Listening on [0;1;39mdbus.socket[0m - D-Bus System Message Bus Socket.
[   15.278128] cloud-init[817]: |        .==. .   |
         Starting [0;1;39mdocker.socket[0m - Docker Socket for the API...
[   15.294132] cloud-init[817]: +----[SHA256]-----+
[[0;32m  OK  [0m] Listening on [0;1;39miscsid.socket[0m - Open-iSCSI iscsid Socket.
[   15.308152] cloud-init[817]: Generating public/private ecdsa key pair.
[   15.325130] cloud-init[817]: Your identification has been saved in /etc/ssh/ssh_host_ecdsa_key
[   15.336147] cloud-init[817]: Your public key has been saved in /etc/ssh/ssh_host_ecdsa_key.pub
[   15.347146] cloud-init[817]: The key fingerprint is:
[   15.354148] cloud-init[817]: SHA256:rRYA8HLEMypjwFe0R8eF/Yp4/f3t/sEm3cZ/qTCf2NY root@loadgen-vdc9
[   15.365141] cloud-init[817]: The key's randomart image is:
[   15.372168] cloud-init[817]: +---[ECDSA 256]---+
[   15.379144] cloud-init[817]: |. .o=o ...+.     |
[   15.386150] cloud-init[817]: |.. ++.o .o .     |
[   15.393146] cloud-init[817]: |. o.o+..    .    |
[   15.400158] cloud-init[817]: |o..o  .. .   .   |
[   15.407135] cloud-init[817]: |.o      S + .    |
         Starting [0;1;39mlxd-installer.socket[0m - He…er to install lxd snap on demand...
         Starting [0;1;39msnapd.socket[0m - Socket activation for snappy daemon...
[   15.422105] cloud-init[817]: |       . = o  o..|
[[0;32m  OK  [0m] Listening on [0;1;39mssh.socket[0m - OpenBSD Secure Shell server socket.
[   15.437166] cloud-init[817]: |        +  o..o==|
[[0;32m  OK  [0m] Listening on [0;1;39muuidd.socket[0m - UUID daemon activation socket.
[   15.453136] cloud-init[817]: |       .    *o+E=|
[[0;32m  OK  [0m] Finished [0;1;39mblk-availability.service[0m - Availability of block devices.
[   15.467129] cloud-init[817]: |           ..=.o@|
[[0;32m  OK  [0m] Listening on [0;1;39mdocker.socket[0m - Docker Socket for the API.
[   15.483252] cloud-init[817]: +----[SHA256]-----+
[   15.498223] cloud-init[817]: Generating public/private ed25519 key pair.
[[0;32m  OK  [0m] Listening on [0;1;39mlxd-installer.socket[0m …lper to install lxd snap on demand.
[   15.498577] cloud-init[817]: Your identification has been saved in /etc/ssh/ssh_host_ed25519_key
[[0;32m  OK  [0m] Listening on [0;1;39msnapd.socket[0m - Socket activation for snappy daemon.
[   15.525153] cloud-init[817]: Your public key has been saved in /etc/ssh/ssh_host_ed25519_key.pub
[[0;32m  OK  [0m] Reached target [0;1;39msockets.target[0m - Socket Units.
[   15.545156] cloud-init[817]: The key fingerprint is:
[[0;32m  OK  [0m] Reached target [0;1;39mbasic.target[0m - Basic System.
[   15.567207] cloud-init[817]: SHA256:+qDEZYU/KIU6Y8sm0lfj20odiIdwugse2W82V4a8ckY root@loadgen-vdc9
         Starting [0;1;39mchrony.service[0m - chrony, an NTP client/server...
[   15.578205] cloud-init[817]: The key's randomart image is:
         Starting [0;1;39mcloud-config.service[0m - Cloud-init: Config Stage...
[   15.594261] cloud-init[817]: +--[ED25519 256]--+
         Starting [0;1;39mdbus.service[0m - D-Bus System Message Bus...
[   15.608137] cloud-init[817]: |                 |
[[0;32m  OK  [0m] Started [0;1;39mdmesg.service[0m - Save initial kernel messages after boot.
[   15.621155] cloud-init[817]: |     . .         |
         Starting [0;1;39me2scrub_reap.service[0m - Re…ne ext4 Metadata Check Snapshots...
[   15.631349] cloud-init[817]: |  . o o .        |
         Starting [0;1;39mgce-workload-cert-refresh…[0mGCE Workload Certificate refresh...
[   15.646340] cloud-init[817]: |   = + =         |
[[0;32m  OK  [0m] Started [0;1;39mgoogle-osconfig-agent.service[0m - Google OSConfig Agent.
[   15.662561] cloud-init[817]: |  * + X S        |
         Starting [0;1;39mgoogle-oslogin-cache.service[0m - NSS cache refresh...
[   15.676433] cloud-init[817]: | +o* B E =       |
         Starting [0;1;39mgrub-common.service[0m - Record successful boot for GRUB...
[   15.689392] cloud-init[817]: |+o*.+ * =        |
[   15.708253] cloud-init[817]: |o+.+.B X         |
         Starting [0;1;39mnetworkd-dispatcher.servi…[0mcher daemon for systemd-networkd...
[   15.714191] cloud-init[817]: | .. +.O.o        |
         Starting [0;1;39mnvidia-persistenced.service[0m - NVIDIA Persistence Daemon...
[   15.728163] cloud-init[817]: +----[SHA256]-----+
         Starting [0;1;39mnvmf-autoconnect.service[0m …ystems automatically during boot...
         Starting [0;1;39mrsyslog.service[0m - System Logging Service...
         Starting [0;1;39msecureboot-db.service[0m - Secure Boot updates for DB and DBX...
[[0;32m  OK  [0m] Reached target [0;1;39mgetty-pre.target[0m - Preparation for Logins.
         Starting [0;1;39msnapd.seeded.service[0m - Wait until snapd is fully seeded...
         Starting [0;1;39msnapd.service[0m - Snap Daemon...
         Starting [0;1;39msysstat.service[0m - Resets System Activity Logs...
         Starting [0;1;39msystemd-logind.service[0m - User Login Management...
[[0;32m  OK  [0m] Started [0;1;39mubuntu-advantage.service[0m - Ubuntu Pro Background Auto Attach.
[[0;32m  OK  [0m] Started [0;1;39mdbus.service[0m - D-Bus System Message Bus.
[[0;32m  OK  [0m] Finished [0;1;39mgce-workload-cert-refresh…[0m- GCE Workload Certificate refresh.
[[0;32m  OK  [0m] Started [0;1;39mnetworkd-dispatcher.servic…[0matcher daemon for systemd-networkd.
[[0;32m  OK  [0m] Finished [0;1;39mgoogle-oslogin-cache.service[0m - NSS cache refresh.
[[0;32m  OK  [0m] Started [0;1;39msystemd-logind.service[0m - User Login Management.
[[0;32m  OK  [0m] Started [0;1;39mnvidia-persistenced.service[0m - NVIDIA Persistence Daemon.
[[0;32m  OK  [0m] Finished [0;1;39mnvmf-autoconnect.service[0m …bsystems automatically during boot.
[[0;32m  OK  [0m] Finished [0;1;39msysstat.service[0m - Resets System Activity Logs.
[   15.947771] cloud-init[1013]: Cloud-init v. 25.3-0ubuntu1~24.04.1 running 'modules:config' at Thu, 14 May 2026 23:46:33 +0000. Up 15.90 seconds.
[[0;32m  OK  [0m] Finished [0;1;39mgrub-common.service[0m - Record successful boot for GRUB.
[[0;32m  OK  [0m] Reached target [0;1;39mremote-fs-pre.targe…[0mreparation for Remote File Systems.
[[0;32m  OK  [0m] Reached target [0;1;39mremote-fs.target[0m - Remote File Systems.
         Starting [0;1;39mapport.service[0m - automatic crash report generation...
         Starting [0;1;39mcontainerd.service[0m - containerd container runtime...
[[0;32m  OK  [0m] Started [0;1;39mcron.service[0m - Regular background program processing daemon.
         Starting [0;1;39mgrub-initrd-fallback.service[0m - GRUB failed boot detection...
         Starting [0;1;39msystemd-hostnamed.service[0m - Hostname Service...
         Starting [0;1;39msystemd-user-sessions.service[0m - Permit User Sessions...
[[0;32m  OK  [0m] Started [0;1;39munattended-upgrades.service[0m - Unattended Upgrades Shutdown.
[[0;32m  OK  [0m] Started [0;1;39mchrony.service[0m - chrony, an NTP client/server.
[[0;32m  OK  [0m] Finished [0;1;39msecureboot-db.service[0m - Secure Boot updates for DB and DBX.
[[0;32m  OK  [0m] Finished [0;1;39msystemd-user-sessions.service[0m - Permit User Sessions.
[[0;32m  OK  [0m] Finished [0;1;39mgrub-initrd-fallback.service[0m - GRUB failed boot detection.
         Stopping [0;1;39mchrony.service[0m - chrony, an NTP client/server...
2026-05-14T23:46:33.325511+00:00 loadgen-vdc9 systemd[1]: Mounted dev-hugepages.mount - Huge Pages File System.
2026-05-14T23:46:33.325741+00:00 loadgen-vdc9 systemd[1]: Mounted dev-mqueue.mount - POSIX Message Queue File System.
2026-05-14T23:46:33.325764+00:00 loadgen-vdc9 systemd[1]: Mounted sys-kernel-debug.mount - Kernel Debug File System.
2026-05-14T23:46:33.325770+00:00 loadgen-vdc9 systemd[1]: Mounted sys-kernel-tracing.mount - Kernel Trace File System.
2026-05-14T23:46:33.325774+00:00 loadgen-vdc9 systemd[1]: Finished kmod-static-nodes.service - Create List of Static Device Nodes.
2026-05-14T23:46:33.325776+00:00 loadgen-vdc9 kernel: Linux version 6.17.0-1013-gcp (buildd@lcy02-amd64-034) (x86_64-linux-gnu-gcc-13 (Ubuntu 13.3.0-6ubuntu2~24.04.1) 13.3.0, GNU ld (GNU Binutils for Ubuntu) 2.42) #13~24.04.1-Ubuntu SMP Thu Apr 16 02:10:24 UTC 2026 (Ubuntu 6.17.0-1013.13~24.04.1-gcp 6.17.13)
2026-05-14T23:46:33.325779+00:00 loadgen-vdc9 systemd[1]: modprobe@configfs.service: Deactivated successfully.
2026-05-14T23:46:33.325784+00:00 loadgen-vdc9 kernel: Command line: BOOT_IMAGE=/vmlinuz-6.17.0-1013-gcp root=PARTUUID=6624332c-1f00-4e51-a0bf-94661fe17234 ro console=ttyS0,115200 panic=-1
2026-05-14T23:46:33.325785+00:00 loadgen-vdc9 kernel: KERNEL supported cpus:
2026-05-14T23:46:33.325786+00:00 loadgen-vdc9 kernel:   Intel GenuineIntel
2026-05-14T23:46:33.325786+00:00 loadgen-vdc9 kernel:   AMD AuthenticAMD
2026-05-14T23:46:33.325784+00:00 loadgen-vdc9 systemd[1]: Finished modprobe@configfs.service - Load Kernel Module configfs.
2026-05-14T23:46:33.325787+00:00 loadgen-vdc9 kernel:   Hygon HygonGenuine
2026-05-14T23:46:33.325788+00:00 loadgen-vdc9 kernel:   Centaur CentaurHauls
2026-05-14T23:46:33.325791+00:00 loadgen-vdc9 kernel:   zhaoxin   Shanghai  
2026-05-14T23:46:33.325792+00:00 loadgen-vdc9 kernel: x86/CPU: Model not found in latest microcode list
2026-05-14T23:46:33.325792+00:00 loadgen-vdc9 kernel: BIOS-provided physical RAM map:
2026-05-14T23:46:33.325793+00:00 loadgen-vdc9 kernel: BIOS-e820: [mem 0x0000000000000000-0x0000000000000fff] reserved
2026-05-14T23:46:33.325793+00:00 loadgen-vdc9 kernel: BIOS-e820: [mem 0x0000000000001000-0x0000000000054fff] usable
2026-05-14T23:46:33.325794+00:00 loadgen-vdc9 kernel: BIOS-e820: [mem 0x0000000000055000-0x000000000005ffff] reserved
2026-05-14T23:46:33.325790+00:00 loadgen-vdc9 systemd[1]: modprobe@dm_mod.service: Deactivated successfully.
2026-05-14T23:46:33.325797+00:00 loadgen-vdc9 kernel: BIOS-e820: [mem 0x0000000000060000-0x0000000000097fff] usable
2026-05-14T23:46:33.325797+00:00 loadgen-vdc9 kernel: BIOS-e820: [mem 0x0000000000098000-0x000000000009ffff] reserved
2026-05-14T23:46:33.325798+00:00 loadgen-vdc9 kernel: BIOS-e820: [mem 0x0000000000100000-0x00000000bd254fff] usable
2026-05-14T23:46:33.325798+00:00 loadgen-vdc9 kernel: BIOS-e820: [mem 0x00000000bd255000-0x00000000bd25ffff] ACPI data
2026-05-14T23:46:33.325799+00:00 loadgen-vdc9 kernel: BIOS-e820: [mem 0x00000000bd260000-0x00000000bf8ecfff] usable
2026-05-14T23:46:33.325799+00:00 loadgen-vdc9 kernel: BIOS-e820: [mem 0x00000000bf8ed000-0x00000000bfb6cfff] reserved
2026-05-14T23:46:33.325800+00:00 loadgen-vdc9 kernel: BIOS-e820: [mem 0x00000000bfb6d000-0x00000000bfb7efff] ACPI data
2026-05-14T23:46:33.325798+00:00 loadgen-vdc9 systemd[1]: Finished modprobe@dm_mod.service - Load Kernel Module dm_mod.
2026-05-14T23:46:33.325803+00:00 loadgen-vdc9 kernel: BIOS-e820: [mem 0x00000000bfb7f000-0x00000000bfbfefff] ACPI NVS
2026-05-14T23:46:33.325804+00:00 loadgen-vdc9 kernel: BIOS-e820: [mem 0x00000000bfbff000-0x00000000bffdffff] usable
2026-05-14T23:46:33.325804+00:00 loadgen-vdc9 kernel: BIOS-e820: [mem 0x00000000bffe0000-0x00000000bfffffff] reserved
2026-05-14T23:46:33.325804+00:00 loadgen-vdc9 kernel: BIOS-e820: [mem 0x0000000100000000-0x000000103fffffff] usable
2026-05-14T23:46:33.325805+00:00 loadgen-vdc9 kernel: NX (Execute Disable) protection: active
2026-05-14T23:46:33.325803+00:00 loadgen-vdc9 systemd[1]: modprobe@drm.service: Deactivated successfully.
2026-05-14T23:46:33.325806+00:00 loadgen-vdc9 kernel: APIC: Static calls initialized
2026-05-14T23:46:33.325809+00:00 loadgen-vdc9 kernel: efi: EFI v2.7 by EDK II
2026-05-14T23:46:33.325809+00:00 loadgen-vdc9 kernel: efi: TPMFinalLog=0xbfbf7000 ACPI=0xbfb7e000 ACPI 2.0=0xbfb7e014 SMBIOS=0xbf9ca000 MEMATTR=0xbd260018 MOKvar=0xbf9c8000 RNG=0xbfb72018 TPMEventLog=0xbd255018 
2026-05-14T23:46:33.325808+00:00 loadgen-vdc9 systemd[1]: Finished modprobe@drm.service - Load Kernel Module drm.
2026-05-14T23:46:33.325810+00:00 loadgen-vdc9 kernel: random: crng init done
2026-05-14T23:46:33.325814+00:00 loadgen-vdc9 kernel: SMBIOS 2.4 present.
2026-05-14T23:46:33.325815+00:00 loadgen-vdc9 kernel: DMI: Google Google Compute Engine/Google Compute Engine, BIOS Google 04/21/2026
2026-05-14T23:46:33.325815+00:00 loadgen-vdc9 kernel: DMI: Memory slots populated: 4/4
2026-05-14T23:46:33.325815+00:00 loadgen-vdc9 systemd[1]: modprobe@efi_pstore.service: Deactivated successfully.
2026-05-14T23:46:33.325819+00:00 loadgen-vdc9 kernel: secureboot: Secure boot disabled
2026-05-14T23:46:33.325820+00:00 loadgen-vdc9 kernel: Hypervisor detected: KVM
2026-05-14T23:46:33.325820+00:00 loadgen-vdc9 kernel: last_pfn = 0xbffe0 max_arch_pfn = 0x400000000
2026-05-14T23:46:33.325821+00:00 loadgen-vdc9 kernel: kvm-clock: Using msrs 4b564d01 and 4b564d00
2026-05-14T23:46:33.325820+00:00 loadgen-vdc9 systemd[1]: Finished modprobe@efi_pstore.service - Load Kernel Module efi_pstore.
2026-05-14T23:46:33.325821+00:00 loadgen-vdc9 kernel: kvm-clock: using sched offset of 14533528608 cycles
2026-05-14T23:46:33.325825+00:00 loadgen-vdc9 kernel: clocksource: kvm-clock: mask: 0xffffffffffffffff max_cycles: 0x1cd42e4dffb, max_idle_ns: 881590591483 ns
2026-05-14T23:46:33.325825+00:00 loadgen-vdc9 kernel: tsc: Detected 2299.998 MHz processor
2026-05-14T23:46:33.325829+00:00 loadgen-vdc9 kernel: e820: update [mem 0x00000000-0x00000fff] usable ==> reserved
2026-05-14T23:46:33.325829+00:00 loadgen-vdc9 kernel: e820: remove [mem 0x000a0000-0x000fffff] usable
2026-05-14T23:46:33.325829+00:00 loadgen-vdc9 kernel: last_pfn = 0x1040000 max_arch_pfn = 0x400000000
2026-05-14T23:46:33.325830+00:00 loadgen-vdc9 kernel: MTRR map: 3 entries (2 fixed + 1 variable; max 18), built from 8 variable MTRRs
2026-05-14T23:46:33.325830+00:00 loadgen-vdc9 kernel: x86/PAT: Configuration [0-7]: WB  WC  UC- UC  WB  WP  UC- WT  
2026-05-14T23:46:33.325831+00:00 loadgen-vdc9 kernel: last_pfn = 0xbffe0 max_arch_pfn = 0x400000000
2026-05-14T23:46:33.325834+00:00 loadgen-vdc9 kernel: Using GB pages for direct mapping
2026-05-14T23:46:33.325834+00:00 loadgen-vdc9 kernel: secureboot: Secure boot disabled
2026-05-14T23:46:33.325835+00:00 loadgen-vdc9 kernel: ACPI: Early table checksum verification disabled
2026-05-14T23:46:33.325835+00:00 loadgen-vdc9 kernel: ACPI: RSDP 0x00000000BFB7E014 000024 (v02 Google)
2026-05-14T23:46:33.325836+00:00 loadgen-vdc9 kernel: ACPI: XSDT 0x00000000BFB7D0E8 00005C (v01 Google GOOGFACP 00000001      01000013)
2026-05-14T23:46:33.325836+00:00 loadgen-vdc9 kernel: ACPI: FACP 0x00000000BFB78000 0000F4 (v02 Google GOOGFACP 00000001 GOOG 00000001)
2026-05-14T23:46:33.325834+00:00 loadgen-vdc9 systemd[1]: modprobe@fuse.service: Deactivated successfully.
2026-05-14T23:46:33.325839+00:00 loadgen-vdc9 kernel: ACPI: DSDT 0x00000000BFB79000 001A64 (v01 Google GOOGDSDT 00000001 GOOG 00000001)
2026-05-14T23:46:33.325840+00:00 loadgen-vdc9 kernel: ACPI: FACS 0x00000000BFBF1000 000040
2026-05-14T23:46:33.325841+00:00 loadgen-vdc9 kernel: ACPI: SSDT 0x00000000BFB7C000 000316 (v02 GOOGLE Tpm2Tabl 00001000 INTL 20250807)
2026-05-14T23:46:33.325841+00:00 loadgen-vdc9 kernel: ACPI: TPM2 0x00000000BFB7B000 000034 (v04 GOOGLE          00000001 GOOG 00000001)
2026-05-14T23:46:33.325841+00:00 loadgen-vdc9 kernel: ACPI: SRAT 0x00000000BFB77000 000228 (v03 Google GOOGSRAT 00000001 GOOG 00000001)
2026-05-14T23:46:33.325842+00:00 loadgen-vdc9 kernel: ACPI: APIC 0x00000000BFB76000 000126 (v05 Google GOOGAPIC 00000001 GOOG 00000001)
2026-05-14T23:46:33.325842+00:00 loadgen-vdc9 kernel: ACPI: SSDT 0x00000000BFB74000 0011D6 (v01 Google GOOGSSDT 00000001 GOOG 00000001)
2026-05-14T23:46:33.325842+00:00 loadgen-vdc9 systemd[1]: Finished modprobe@fuse.service - Load Ker         Starting [0;1;39mplymouth-quit-wait.servic…[0md until boot process finishes up...
nel Module fuse.
2026-05-14T23:46:33.325845+00:00 loadgen-vdc9 kernel: ACPI: WAET 0x00000000BFB73000 000028 (v01 Google GOOGWAET 00000001 GOOG 00000001)
2026-05-14T23:46:33.325846+00:00 loadgen-vdc9 kernel: ACPI: Reserving FACP table memory at [mem 0xbfb78000-0xbfb780f3]
2026-05-14T23:46:33.325847+00:00 loadgen-vdc9 kernel: ACPI: Reserving DSDT table memory at [mem 0xbfb79000-0xbfb7aa63]
2026-05-14T23:46:33.325847+00:00 loadgen-vdc9 kernel: ACPI: Reserving FACS table memory at [mem 0xbfbf1000-0xbfbf103f]
2026-05-14T23:46:33.325848+00:00 loadgen-vdc9 kernel: ACPI: Reserving SSDT table memory at [mem 0xbfb7c000-0xbfb7c315]
2026-05-14T23:46:33.325847+00:00 loadgen-vdc9 systemd[1]: modprobe@loop.service: Deactivated successfully.
2026-05-14T23:46:33.325848+00:00 loadgen-vdc9 kernel: ACPI: Reserving TPM2 table memory at [mem 0xbfb7b000-0xbfb7b033]
2026-05-14T23:46:33.325854+00:00 loadgen-vdc9 kernel: ACPI: Reserving SRAT table memory at [mem 0xbfb77000-0xbfb77227]
2026-05-14T23:46:33.325854+00:00 loadgen-vdc9 kernel: ACPI: Reserving APIC table memory at [mem 0xbfb76000-0xbfb76125]
2026-05-14T23:46:33.325855+00:00 loadgen-vdc9 kernel: ACPI: Reserving SSDT table memory at [mem 0xbfb74000-0xbfb751d5]
2026-05-14T23:46:33.325855+00:00 loadgen-vdc9 kernel: ACPI: Reserving WAET table memory at [mem 0xbfb73000-0xbfb73027]
2026-05-14T23:46:33.325856+00:00 loadgen-vdc9 kernel: ACPI: SRAT: Node 0 PXM 0 [mem 0x00000000-0x0009ffff]
2026-05-14T23:46:33.325856+00:00 loadgen-vdc9 kernel: ACPI: SRAT: Node 0 PXM 0 [mem 0x00100000-0xbfffffff]
2026-05-14T23:46:33.325857+00:00 loadgen-vdc9 kernel: ACPI: SRAT: Node 0 PXM 0 [mem 0x100000000-0x103fffffff]
2026-05-14T23:46:33.325860+00:00 loadgen-vdc9 kernel: NUMA: Node 0 [mem 0x00001000-0x0009ffff] + [mem 0x00100000-0xbfffffff] -> [mem 0x00001000-0xbfffffff]
2026-05-14T23:46:33.325860+00:00 loadgen-vdc9 kernel: NUMA: Node 0 [mem 0x00001000-0xbfffffff] + [mem 0x100000000-0x103fffffff] -> [mem 0x00001000-0x103fffffff]
2026-05-14T23:46:33.325861+00:00 loadgen-vdc9 kernel: NODE_DATA(0) allocated [mem 0x103ffd52c0-0x103fffffff]
2026-05-14T23:46:33.325861+00:00 loadgen-vdc9 kernel: Zone ranges:
2026-05-14T23:46:33.325862+00:00 loadgen-vdc9 kernel:   DMA      [mem 0x0000000000001000-0x0000000000ffffff]
2026-05-14T23:46:33.325862+00:00 loadgen-vdc9 kernel:   DMA32    [mem 0x0000000001000000-0x00000000ffffffff]
2026-05-14T23:46:33.325865+00:00 loadgen-vdc9 kernel:   Normal   [mem 0x0000000100000000-0x000000103fffffff]
2026-05-14T23:46:33.325866+00:00 loadgen-vdc9 kernel:   Device   empty
2026-05-14T23:46:33.325866+00:00 loadgen-vdc9 kernel: Movable zone start for each node
2026-05-14T23:46:33.325867+00:00 loadgen-vdc9 kernel: Early memory node ranges
2026-05-14T23:46:33.325867+00:00 loadgen-vdc9 kernel:   node   0: [mem 0x0000000000001000-0x0000000000054fff]
2026-05-14T23:46:33.325867+00:00 loadgen-vdc9 kernel:   node   0: [mem 0x0000000000060000-0x0000000000097fff]
2026-05-14T23:46:33.325853+00:00 loadgen-vdc9 systemd[1]: Finished modprobe@loop.service - Load Kernel Module loop.
2026-05-14T23:46:33.325871+00:00 loadgen-vdc9 kernel:   node   0: [mem 0x0000000000100000-0x00000000bd254fff]
2026-05-14T23:46:33.325872+00:00 loadgen-vdc9 kernel:   node   0: [mem 0x00000000bd260000-0x00000000bf8ecfff]
2026-05-14T23:46:33.325872+00:00 loadgen-vdc9 kernel:   node   0: [mem 0x00000000bfbff000-0x00000000bffdffff]
2026-05-14T23:46:33.325872+00:00 loadgen-vdc9 kernel:   node   0: [mem 0x0000000100000000-0x000000103fffffff]
2026-05-14T23:46:33.325871+00:00 loadgen-vdc9 systemd[1]: modprobe@nvme_fabrics.service: Deactivated successfully.
2026-05-14T23:46:33.325873+00:00 loadgen-vdc9 kernel: Initmem setup node 0 [mem 0x0000000000001000-0x000000103fffffff]
2026-05-14T23:46:33.325876+00:00 loadgen-vdc9 kernel: On node 0, zone DMA: 1 pages in unavailable ranges
2026-05-14T23:46:33.325877+00:00 loadgen-vdc9 systemd[1]: Finished modprobe@nvme_fabrics.service - Load Kernel Module nvme_fabrics.
2026-05-14T23:46:33.325879+00:00 loadgen-vdc9 kernel: On node 0, zone DMA: 11 pages in unavailable ranges
2026-05-14T23:46:33.325880+00:00 loadgen-vdc9 kernel: On node 0, zone DMA: 104 pages in unavailable ranges
2026-05-14T23:46:33.325881+00:00 loadgen-vdc9 kernel: On node 0, zone DMA32: 11 pages in unavailable ranges
2026-05-14T23:46:33.325887+00:00 loadgen-vdc9 kernel: On node 0, zone DMA32: 786 pages in unavailable ranges
2026-05-14T23:46:33.325888+00:00 loadgen-vdc9 kernel: On node 0, zone Normal: 32 pages in unavailable ranges
2026-05-14T23:46:33.325888+00:00 loadgen-vdc9 kernel: ACPI: PM-Timer IO Port: 0xb008
2026-05-14T23:46:33.325888+00:00 loadgen-vdc9 kernel: ACPI: LAPIC_NMI (acpi_id[0xff] dfl dfl lint[0x1])
2026-05-14T23:46:33.325882+00:00 loadgen-vdc9 systemd-modules-load[306]: Inserted module 'dm_multipath'
2026-05-14T23:46:33.325893+00:00 loadgen-vdc9 kernel: IOAPIC[0]: apic_id 0, version 17, address 0xfec00000, GSI 0-23
2026-05-14T23:46:33.325894+00:00 loadgen-vdc9 kernel: ACPI: INT_SRC_OVR (bus 0 bus_irq 5 global_irq 5 high level)
2026-05-14T23:46:33.325894+00:00 loadgen-vdc9 kernel: ACPI: INT_SRC_OVR (bus 0 bus_irq 9 global_irq 9 high level)
2026-05-14T23:46:33.325895+00:00 loadgen-vdc9 kernel: ACPI: INT_SRC_OVR (bus 0 bus_irq 10 global_irq 10 high level)
2026-05-14T23:46:33.325895+00:00 loadgen-vdc9 kernel: ACPI: INT_SRC_OVR (bus 0 bus_irq 11 global_irq 11 high level)
2026-05-14T23:46:33.325896+00:00 loadgen-vdc9 kernel: ACPI: Using ACPI (MADT) for SMP configuration information
2026-05-14T23:46:33.325894+00:00 loadgen-vdc9 systemd[1]: Finished systemd-modules-load.service - Load Kernel Modules.
2026-05-14T23:46:33.325898+00:00 loadgen-vdc9 kernel: CPU topo: Max. logical packages:   1
2026-05-14T23:46:33.325899+00:00 loadgen-vdc9 kernel: CPU topo: Max. logical dies:       1
2026-05-14T23:46:33.325900+00:00 loadgen-vdc9 kernel: CPU topo: Max. dies per package:   1
2026-05-14T23:46:33.325900+00:00 loadgen-vdc9 kernel: CPU topo: Max. threads per core:   2
2026-05-14T23:46:33.325899+00:00 loadgen-vdc9 systemd[1]: Mounting sys-fs-fuse-connections.mount - FUSE Control File System...
2026-05-14T23:46:33.325901+00:00 loadgen-vdc9 kernel: CPU topo: Num. cores per package:    12
2026-05-14T23:46:33.325905+00:00 loadgen-vdc9 systemd-fsck[309]: cloudimg-rootfs: clean, 172898/6422528 files, 2136941/12844795 blocks
2026-05-14T23:46:33.325912+00:00 loadgen-vdc9 systemd[1]: Mounting sys-kernel-config.mount - Kernel Configuration File System...
2026-05-14T23:46:33.325917+00:00 loadgen-vdc9 systemd[1]: Started systemd-fsckd.service - File System Check Daemon to report status.
2026-05-14T23:46:33.325921+00:00 loadgen-vdc9 systemd[1]: systemd-repart.service - Repartition Root Disk was skipped because no trigger condition checks were met.
2026-05-14T23:46:33.325928+00:00 loadgen-vdc9 systemd[1]: Starting systemd-sysctl.service - Apply Kernel Variables...
2026-05-14T23:46:33.325933+00:00 loadgen-vdc9 systemd[1]: Starting systemd-tmpfiles-setup-dev-early.service - Create Static Device Nodes in /dev gracefully...
2026-05-14T23:46:33.325937+00:00 loadgen-vdc9 systemd[1]: Finished keyboard-setup.service - Set the console keyboard layout.
2026-05-14T23:46:33.325941+00:00 loadgen-vdc9 systemd[1]: Finished systemd-fsck-root.service - File System Check on Root Device.
2026-05-14T23:46:33.325946+00:00 loadgen-vdc9 systemd[1]: Finished lvm2-monitor.service - Monitoring of LVM2 mirrors, snapshots etc. using dmeventd or progress polling.
2026-05-14T23:46:33.325950+00:00 loadgen-vdc9 systemd[1]: Mounted sys-fs-fuse-connections.mount - FUSE Control File System.
2026-05-14T23:46:33.325958+00:00 loadgen-vdc9 systemd[1]: Mounted sys-kernel-config.mount - Kernel Configuration File System.
2026-05-14T23:46:33.325963+00:00 loadgen-vdc9 systemd[1]: Finished systemd-sysctl.service - Apply Kernel Variables.
2026-05-14T23:46:33.325968+00:00 loadgen-vdc9 kernel: CPU topo: Num. threads per package:  24
2026-05-14T23:46:33.325967+00:00 loadgen-vdc9 systemd[1]: Starting systemd-remount-fs.service - Remount Root and Kernel File Systems...
2026-05-14T23:46:33.325969+00:00 loadgen-vdc9 kernel: CPU topo: Allowing 24 present CPUs plus 0 hotplug CPUs
2026-05-14T23:46:33.325973+00:00 loadgen-vd         Starting [0;1;39mplymouth-quit.service[0m - Terminate Plymouth Boot Screen...
c9 kernel: PM: hibernation: Registered nosave memory: [mem 0x00000000-0x00000fff]
2026-05-14T23:46:33.325972+00:00 loadgen-vdc9 systemd[1]: Finished systemd-tmpfiles-setup-dev-early.service - Create Static Device Nodes in /dev gracefully.
2026-05-14T23:46:33.325973+00:00 loadgen-vdc9 kernel: PM: hibernation: Registered nosave memory: [mem 0x00055000-0x0005ffff]
2026-05-14T23:46:33.325977+00:00 loadgen-vdc9 kernel: PM: hibernation: Registered nosave memory: [mem 0x00098000-0x000fffff]
2026-05-14T23:46:33.325977+00:00 loadgen-vdc9 kernel: PM: hibernation: Registered nosave memory: [mem 0xbd255000-0xbd25ffff]
2026-05-14T23:46:33.325978+00:00 loadgen-vdc9 kernel: PM: hibernation: Registered nosave memory: [mem 0xbf8ed000-0xbfbfefff]
2026-05-14T23:46:33.325978+00:00 loadgen-vdc9 kernel: PM: hibernation: Registered nosave memory: [mem 0xbffe0000-0xffffffff]
2026-05-14T23:46:33.325981+00:00 loadgen-vdc9 kernel: [mem 0xc0000000-0xffffffff] available for PCI devices
2026-05-14T23:46:33.325982+00:00 loadgen-vdc9 kernel: Booting paravirtualized kernel on KVM
2026-05-14T23:46:33.325982+00:00 loadgen-vdc9 kernel: clocksource: refined-jiffies: mask: 0xffffffff max_cycles: 0xffffffff, max_idle_ns: 1910969940391419 ns
2026-05-14T23:46:33.325983+00:00 loadgen-vdc9 kernel: setup_percpu: NR_CPUS:8192 nr_cpumask_bits:24 nr_cpu_ids:24 nr_node_ids:1
2026-05-14T23:46:33.325983+00:00 loadgen-vdc9 kernel: percpu: Embedded 84 pages/cpu s221184 r8192 d114688 u524288
2026-05-14T23:46:33.325978+00:00 loadgen-vdc9 systemd[1]: Finished systemd-remount-fs.service - Remount Root and Kernel File Systems.
2026-05-14T23:46:33.325984+00:00 loadgen-vdc9 kernel: pcpu-alloc: s221184 r8192 d114688 u524288 alloc=1*2097152
2026-05-14T23:46:33.325988+00:00 loadgen-vdc9 systemd[1]: Starting multipathd.service - Device-Mapper Multipath Device Controller...
2026-05-14T23:46:33.325992+00:00 loadgen-vdc9 kernel: pcpu-alloc: [0] 00 01 02 03 [0] 04 05 06 07 
2026-05-14T23:46:33.325993+00:00 loadgen-vdc9 kernel: pcpu-alloc: [0] 08 09 10 11 [0] 12 13 14 15 
2026-05-14T23:46:33.325993+00:00 loadgen-vdc9 kernel: pcpu-alloc: [0] 16 17 18 19 [0] 20 21 22 23 
2026-05-14T23:46:33.325994+00:00 loadgen-vdc9 kernel: kvm-guest: PV spinlocks enabled
2026-05-14T23:46:33.325994+00:00 loadgen-vdc9 kernel: PV qspinlock hash table entries: 256 (order: 0, 4096 bytes, linear)
2026-05-14T23:46:33.325993+00:00 loadgen-vdc9 systemd[1]: systemd-hwdb-update.service - Rebuild Hardware Database was skipped because of an unmet condition check (ConditionNeedsUpdate=/etc).
2026-05-14T23:46:33.325995+00:00 loadgen-vdc9 kernel: Kernel command line: BOOT_IMAGE=/vmlinuz-6.17.0-1013-gcp root=PARTUUID=6624332c-1f00-4e51-a0bf-94661fe17234 ro console=ttyS0,115200 panic=-1
2026-05-14T23:46:33.326001+00:00 loadgen-vdc9 kernel: printk: log buffer data + meta data: 262144 + 917504 = 1179648 bytes
2026-05-14T23:46:33.326000+00:00 loadgen-vdc9 systemd[1]: Starting systemd-journal-flush.service - Flush Journal to Persistent Storage...
2026-05-14T23:46:33.326001+00:00 loadgen-vdc9 kernel: Dentry cache hash table entries: 8388608 (order: 14, 67108864 bytes, linear)
2026-05-14T23:46:33.326003+00:00 loadgen-vdc9 kernel: Inode-cache hash table entries: 4194304 (order: 13, 33554432 bytes, linear)
2026-05-14T23:46:33.326004+00:00 loadgen-vdc9 kernel: software IO TLB: area num 32.
2026-05-14T23:46:33.326004+00:00 loadgen-vdc9 kernel: Fallback order for Node 0: 0 
2026-05-14T23:46:33.326005+00:00 loadgen-vdc9 kernel: Built 1 zonelists, mobility grouping on.  Total pages: 16776271
2026-05-14T23:46:33.326005+00:00 loadgen-vdc9 kernel: Policy zone: Normal
2026-05-14T23:46:33.326005+00:00 loadgen-vdc9 systemd[1]: systemd-pstore.service - Platform Persistent Storage Archival was skipped because of an unmet condition check (ConditionDirectoryNotEmpty=/sys/fs/pstore).
2026-05-14T23:46:33.326008+00:00 loadgen-vdc9 kernel: mem auto-init: stack:all(zero), heap alloc:on, heap free:off
2026-05-14T23:46:33.326009+00:00 loadgen-vdc9 kernel: SLUB: HWalign=64, Order=0-3, MinObjects=0, CPUs=24, Nodes=1
2026-05-14T23:46:33.326010+00:00 loadgen-vdc9 kernel: Kernel/User page tables isolation: enabled
2026-05-14T23:46:33.326010+00:00 loadgen-vdc9 kernel: ftrace: allocating 61994 entries in 244 pages
2026-05-14T23:46:33.326011+00:00 loadgen-vdc9 kernel: ftrace: allocated 244 pages with 5 groups
2026-05-14T23:46:33.326011+00:00 loadgen-vdc9 kernel: rcu: Hierarchical RCU implementation.
2026-05-14T23:46:33.326010+00:00 loadgen-vdc9 systemd[1]: Starting systemd-random-seed.service - Load/Save OS Random Seed...
2026-05-14T23:46:33.326014+00:00 loadgen-vdc9 kernel: rcu: 	RCU restricting CPUs from NR_CPUS=8192 to nr_cpu_ids=24.
2026-05-14T23:46:33.326015+00:00 loadgen-vdc9 kernel: 	Rude variant of Tasks RCU enabled.
2026-05-14T23:46:33.326015+00:00 loadgen-vdc9 kernel: 	Tracing variant of Tasks RCU enabled.
2026-05-14T23:46:33.326016+00:00 loadgen-vdc9 kernel: rcu: RCU calculated value of scheduler-enlistment delay is 100 jiffies.
2026-05-14T23:46:33.326016+00:00 loadgen-vdc9 kernel: rcu: Adjusting geometry for rcu_fanout_leaf=16, nr_cpu_ids=24
2026-05-14T23:46:33.326017+00:00 loadgen-vdc9 kernel: RCU Tasks Rude: Setting shift to 5 and lim to 1 rcu_task_cb_adjust=1 rcu_task_cpu_ids=24.
2026-05-14T23:46:33.326017+00:00 loadgen-vdc9 kernel: RCU Tasks Trace: Setting shift to 5 and lim to 1 rcu_task_cb_adjust=1 rcu_task_cpu_ids=24.
2026-05-14T23:46:33.326015+00:00 loadgen-vdc9 systemd[1]: systemd-sysusers.service - Create System Users was skipped because no trigger condition checks were met.
2026-05-14T23:46:33.326020+00:00 loadgen-vdc9 kernel: NR_IRQS: 524544, nr_irqs: 616, preallocated irqs: 16
2026-05-14T23:46:33.326021+00:00 loadgen-vdc9 kernel: rcu: srcu_init: Setting srcu_struct sizes based on contention.
2026-05-14T23:46:33.326022+00:00 loadgen-vdc9 kernel: Console: colour dummy device 80x25
2026-05-14T23:46:33.326022+00:00 loadgen-vdc9 kernel: printk: legacy console [ttyS0] enabled
2026-05-14T23:46:33.326023+00:00 loadgen-vdc9 kernel: ACPI: Core revision 20250404
2026-05-14T23:46:33.326023+00:00 loadgen-vdc9 kernel: APIC: Switch to symmetric I/O mode setup
2026-05-14T23:46:33.326023+00:00 loadgen-vdc9 systemd[1]: Starting systemd-tmpfiles-setup-dev.service - Create Static Device Nodes in /dev...
2026-05-14T23:46:33.326026+00:00 loadgen-vdc9 kernel: x2apic enabled
2026-05-14T23:46:33.326027+00:00 loadgen-vdc9 kernel: APIC: Switched APIC routing to: physical x2apic
2026-05-14T23:46:33.326027+00:00 loadgen-vdc9 kernel: ..TIMER: vector=0x30 apic1=0 pin1=0 apic2=-1 pin2=-1
2026-05-14T23:46:33.326028+00:00 loadgen-vdc9 kernel: clocksource: tsc-early: mask: 0xffffffffffffffff max_cycles: 0x212733415c7, max_idle_ns: 440795236380 ns
2026-05-14T23:46:33.326028+00:00 loadgen-vdc9 kernel: Calibrating delay loop (skipped) preset value.. 4599.99 BogoMIPS (lpj=2299998)
2026-05-14T23:46:33.326028+00:00 loadgen-vdc9 kernel: Last level iTLB entries: 4KB 1024, 2MB 1024, 4MB 1024
2026-05-14T23:46:33.326028+00:00 loadgen-vdc9 systemd[1]: systemd-tpm2-setup.service - TPM2 SRK Setup was skipped because of an unmet condition check (ConditionSecurity=measured-uki).
2026-05-14T23:46:33.326031+00:00 loadgen-vdc9 kernel: Last level dTLB entries: 4KB 1024, 2MB 1024, 4MB 1024, 1GB 4
2026-05-14T23:46:33.326032+00:00 loadgen-vdc9 kernel: mitigations: Enabled attack vectors: user_kernel, user_user, guest_host, guest_guest, SMT mitigations: auto
2026-05-14T23:46:33.326033+00:00 loadgen-vdc9 kernel: Speculative Store Bypass: Mitigation: Speculative Store Bypass disabled via prctl
2026-05-14T23:46:33.326033+00:00 loadgen-vdc9 kernel: Spectre V2 : Mitigation: IBRS
2026-05-14T23:46:33.326034+00:00 loadgen-vdc9 kernel: RETBleed: Mitigation: IBRS
2026-05-14T23:46:33.326034+00:00 loadgen-vdc9 kernel: ITS: Mitigation: Aligned branch/return thunks
2026-05-14T23:46:33.326033+00:00 loadgen-vdc9 systemd[1]: Finished systemd-udev-trigger.service - Coldplug All udev Devices.
2026-05-14T23:46:33.326037+00:00 loadgen-vdc9 kernel: Spectre V2 : User space: Mitigation: STIBP via prctl
2026-05-14T23:46:33.326038+00:00 loadgen-vdc9 kernel: MDS: Mitigation: Clear CPU buffers
2026-05-14T23:46:33.326038+00:00 loadgen-vd[[0;32m  OK  [0m] Started [0;1;39mrsyslog.service[0m - System Logging Service.
c9 kernel: MMIO Stale Data: Vulnerable: Clear CPU buffers attempted, no microcode
2026-05-14T23:46:33.326039+00:00 loadgen-vdc9 kernel: Spectre V1 : Mitigation: usercopy/swapgs barriers and __user pointer sanitization
2026-05-14T23:46:33.326039+00:00 loadgen-vdc9 kernel: Spectre V2 : Spectre v2 / SpectreRSB: Filling RSB on context switch and VMEXIT
2026-05-14T23:46:33.326039+00:00 loadgen-vdc9 kernel: Spectre V2 : mitigation: Enabling conditional Indirect Branch Prediction Barrier
2026-05-14T23:46:33.326040+00:00 loadgen-vdc9 kernel: active return thunk: its_return_thunk
2026-05-14T23:46:33.326038+00:00 loadgen-vdc9 systemd[1]: Finished systemd-random-seed.service - Load/Save OS Random Seed.
2026-05-14T23:46:33.326043+00:00 loadgen-vdc9 kernel: Spectre V2 : Spectre BHI mitigation: SW BHB clearing on syscall and VM exit
2026-05-14T23:46:33.326044+00:00 loadgen-vdc9 kernel: x86/fpu: Supporting XSAVE feature 0x001: 'x87 floating point registers'
2026-05-14T23:46:33.326044+00:00 loadgen-vdc9 kernel: x86/fpu: Supporting XSAVE feature 0x002: 'SSE registers'
2026-05-14T23:46:33.326045+00:00 loadgen-vdc9 kernel: x86/fpu: Supporting XSAVE feature 0x004: 'AVX registers'
2026-05-14T23:46:33.326045+00:00 loadgen-vdc9 kernel: x86/fpu: xstate_offset[2]:  576, xstate_sizes[2]:  256
2026-05-14T23:46:33.326045+00:00 loadgen-vdc9 kernel: x86/fpu: Enabled xstate features 0x7, context size is 832 bytes, using 'standard' format.
2026-05-14T23:46:33.326044+00:00 loadgen-vdc9 multipathd[358]: multipathd v0.9.4: start up
2026-05-14T23:46:33.326051+00:00 loadgen-vdc9 kernel: Freeing SMP alternatives memory: 52K
2026-05-14T23:46:33.326051+00:00 loadgen-vdc9 kernel: pid_max: default: 32768 minimum: 301
2026-05-14T23:46:33.326052+00:00 loadgen-vdc9 kernel: LSM: initializing lsm=lockdown,capability,landlock,yama,apparmor,ima,evm
2026-05-14T23:46:33.326052+00:00 loadgen-vdc9 kernel: landlock: Up and running.
2026-05-14T23:46:33.326053+00:00 loadgen-vdc9 kernel: Yama: becoming mindful.
2026-05-14T23:46:33.326053+00:00 loadgen-vdc9 kernel: AppArmor: AppArmor initialized
2026-05-14T23:46:33.326054+00:00 loadgen-vdc9 kernel: Mount-cache hash table entries: 131072 (order: 8, 1048576 bytes, linear)
2026-05-14T23:46:33.326053+00:00 loadgen-vdc9 multipathd[358]: reconfigure: setting up paths and maps
2026-05-14T23:46:33.326057+00:00 loadgen-vdc9 kernel: Mountpoint-cache hash table entries: 131072 (order: 8, 1048576 bytes, linear)
2026-05-14T23:46:33.326057+00:00 loadgen-vdc9 kernel: smpboot: CPU0: Intel(R) Xeon(R) CPU @ 2.30GHz (family: 0x6, model: 0x3f, stepping: 0x0)
2026-05-14T23:46:33.326058+00:00 loadgen-vdc9 kernel: Performance Events: unsupported CPU family 6 model 63 no PMU driver, software events only.
2026-05-14T23:46:33.326058+00:00 loadgen-vdc9 kernel: signal: max sigframe size: 1776
2026-05-14T23:46:33.326059+00:00 loadgen-vdc9 kernel: rcu: Hierarchical SRCU implementation.
2026-05-14T23:46:33.326059+00:00 loadgen-vdc9 kernel: rcu: 	Max phase no-delay instances is 400.
2026-05-14T23:46:33.326058+00:00 loadgen-vdc9 systemd[1]: Finished systemd-tmpfiles-setup-dev.service - Create Static Device Nodes in /dev.
2026-05-14T23:46:33.326062+00:00 loadgen-vdc9 kernel: Timer migration: 2 hierarchy levels; 8 children per group; 2 crossnode level
2026-05-14T23:46:33.326063+00:00 loadgen-vdc9 kernel: NMI watchdog: Perf NMI watchdog permanently disabled
2026-05-14T23:46:33.326063+00:00 loadgen-vdc9 kernel: smp: Bringing up secondary CPUs ...
2026-05-14T23:46:33.326064+00:00 loadgen-vdc9 kernel: smpboot: x86: Booting SMP configuration:
2026-05-14T23:46:33.326064+00:00 loadgen-vdc9 kernel: .... node  #0, CPUs:        #1  #2  #3  #4  #5  #6  #7  #8  #9 #10 #11 #12 #13 #14 #15 #16 #17 #18 #19 #20 #21 #22 #23
2026-05-14T23:46:33.326063+00:00 loadgen-vdc9 systemd[1]: Starting systemd-udevd.service - Rule-based Manager for Device Events and Files...
2026-05-14T23:46:33.326065+00:00 loadgen-vdc9 kernel: MDS CPU bug present and SMT on, data leak possible. See https://www.kernel.org/doc/html/latest/admin-guide/hw-vuln/mds.html for more details.
2026-05-14T23:46:33.326071+00:00 loadgen-vdc9 kernel: MMIO Stale Data CPU bug present and SMT on, data leak possible. See https://www.kernel.org/doc/html/latest/admin-guide/hw-vuln/processor_mmio_stale_data.html for more details.
2026-05-14T23:46:33.326069+00:00 loadgen-vdc9 systemd-udevd[362]: Using default interface naming scheme 'v255'.
2026-05-14T23:46:33.326071+00:00 loadgen-vdc9 kernel: smp: Brought up 1 node, 24 CPUs
2026-05-14T23:46:33.326074+00:00 loadgen-vdc9 kernel: smpboot: Total of 24 processors activated (110399.90 BogoMIPS)
2026-05-14T23:46:33.326075+00:00 loadgen-vdc9 kernel: Memory: 65803352K/67105084K available (22206K kernel code, 4673K rwdata, 15608K rodata, 5404K init, 6100K bss, 1277600K reserved, 0K cma-reserved)
2026-05-14T23:46:33.326076+00:00 loadgen-vdc9 kernel: devtmpfs: initialized
2026-05-14T23:46:33.326076+00:00 loadgen-vdc9 kernel: x86/mm: Memory block size: 1024MB
2026-05-14T23:46:33.326076+00:00 loadgen-vdc9 systemd[1]: Started multipathd.service - Device-Mapper Multipath Device Controller.
