2026-05-14 18:13:05,738 DEBUG    root            Loaded Command Group: ['gcloud', 'compute']
2026-05-14 18:13:05,740 DEBUG    root            Loaded Command Group: ['gcloud', 'compute', 'instances']
2026-05-14 18:13:05,741 DEBUG    root            Loaded Command Group: ['gcloud', 'compute', 'instances', 'get_serial_port_output']
2026-05-14 18:13:05,742 DEBUG    root            Running [gcloud.compute.instances.get-serial-port-output] with arguments: [--project: "env-integration-fenway", --start: "0", --zone: "us-central1-c", INSTANCE_NAME: "loadgen-t958"]
2026-05-14 18:13:05,744 DEBUG    root            On GCE from memory cache: False
2026-05-14 18:13:05,745 DEBUG    root            On GCE from memory cache: False
2026-05-14 18:13:05,835 DEBUG    urllib3.connectionpool Starting new HTTPS connection (1): compute.googleapis.com:443
2026-05-14 18:13:06,393 DEBUG    urllib3.connectionpool https://compute.googleapis.com:443 "GET /compute/v1/projects/env-integration-fenway/zones/us-central1-c/instances/loadgen-t958/serialPort?alt=json&port=1&start=0 HTTP/1.1" 200 None
2026-05-14 18:13:06,508 DEBUG    root            Chosen display Format:value[no-quote](contents)
2026-05-14 18:13:06,510 INFO     root            Display format: "value[no-quote](contents)"
2026-05-14 18:13:06,540 INFO     ___FILE_ONLY___ [2J[01;01H[=3h[2J[01;01H[2J[01;01H[=3h[2J[01;01HCSM BBS Table full.
BdsDxe: loading Boot0003 "Ubuntu" from PciRoot(0x0)/Pci(0x3,0x0)/Scsi(0x1,0x0)/HD(15,GPT,C848D457-4750-4825-A2CD-4EBFB870DC53,0x2800,0x35000)/\EFI\ubuntu\shimx64.efi
BdsDxe: starting Boot0003 "Ubuntu" from PciRoot(0x0)/Pci(0x3,0x0)/Scsi(0x1,0x0)/HD(15,GPT,C848D457-4750-4825-A2CD-4EBFB870DC53,0x2800,0x35000)/\EFI\ubuntu\shimx64.efi

UEFI: Attempting to start image.
Description: Ubuntu
FilePath: PciRoot(0x0)/Pci(0x3,0x0)/Scsi(0x1,0x0)/HD(15,GPT,C848D457-4750-4825-A2CD-4EBFB870DC53,0x2800,0x35000)/\EFI\ubuntu\shimx64.efi
OptionNumber: 3.

[H[J[1;1HGRUB_FORCE_PARTUUID set, attempting initrdless boot.
[    0.000000] Linux version 6.17.0-1013-gcp (buildd@lcy02-amd64-034) (x86_64-linux-gnu-gcc-13 (Ubuntu 13.3.0-6ubuntu2~24.04.1) 13.3.0, GNU ld (GNU Binutils for Ubuntu) 2.42) #13~24.04.1-Ubuntu SMP Thu Apr 16 02:10:24 UTC 2026 (Ubuntu 6.17.0-1013.13~24.04.1-gcp 6.17.13)
[    0.000000] Command line: BOOT_IMAGE=/vmlinuz-6.17.0-1013-gcp root=PARTUUID=6624332c-1f00-4e51-a0bf-94661fe17234 ro console=ttyS0,115200 panic=-1
[    0.000000] KERNEL supported cpus:
[    0.000000]   Intel GenuineIntel
[    0.000000]   AMD AuthenticAMD
[    0.000000]   Hygon HygonGenuine
[    0.000000]   Centaur CentaurHauls
[    0.000000]   zhaoxin   Shanghai  
[    0.000000] x86/CPU: Model not found in latest microcode list
[    0.000000] BIOS-provided physical RAM map:
[    0.000000] BIOS-e820: [mem 0x0000000000000000-0x0000000000000fff] reserved
[    0.000000] BIOS-e820: [mem 0x0000000000001000-0x0000000000054fff] usable
[    0.000000] BIOS-e820: [mem 0x0000000000055000-0x000000000005ffff] reserved
[    0.000000] BIOS-e820: [mem 0x0000000000060000-0x0000000000097fff] usable
[    0.000000] BIOS-e820: [mem 0x0000000000098000-0x000000000009ffff] reserved
[    0.000000] BIOS-e820: [mem 0x0000000000100000-0x00000000bd254fff] usable
[    0.000000] BIOS-e820: [mem 0x00000000bd255000-0x00000000bd25ffff] ACPI data
[    0.000000] BIOS-e820: [mem 0x00000000bd260000-0x00000000bf8ecfff] usable
[    0.000000] BIOS-e820: [mem 0x00000000bf8ed000-0x00000000bfb6cfff] reserved
[    0.000000] BIOS-e820: [mem 0x00000000bfb6d000-0x00000000bfb7efff] ACPI data
[    0.000000] BIOS-e820: [mem 0x00000000bfb7f000-0x00000000bfbfefff] ACPI NVS
[    0.000000] BIOS-e820: [mem 0x00000000bfbff000-0x00000000bffdffff] usable
[    0.000000] BIOS-e820: [mem 0x00000000bffe0000-0x00000000bfffffff] reserved
[    0.000000] BIOS-e820: [mem 0x0000000100000000-0x000000103fffffff] usable
[    0.000000] NX (Execute Disable) protection: active
[    0.000000] APIC: Static calls initialized
[    0.000000] efi: EFI v2.7 by EDK II
[    0.000000] efi: TPMFinalLog=0xbfbf7000 ACPI=0xbfb7e000 ACPI 2.0=0xbfb7e014 SMBIOS=0xbf9ca000 MEMATTR=0xbd260018 MOKvar=0xbf9c8000 RNG=0xbfb72018 TPMEventLog=0xbd255018 
[    0.000000] random: crng init done
[    0.000000] SMBIOS 2.4 present.
[    0.000000] DMI: Google Google Compute Engine/Google Compute Engine, BIOS Google 04/21/2026
[    0.000000] DMI: Memory slots populated: 4/4
[    0.000000] secureboot: Secure boot disabled
[    0.000000] Hypervisor detected: KVM
[    0.000000] last_pfn = 0xbffe0 max_arch_pfn = 0x400000000
[    0.000000] kvm-clock: Using msrs 4b564d01 and 4b564d00
[    0.000001] kvm-clock: using sched offset of 14540052852 cycles
[    0.000003] clocksource: kvm-clock: mask: 0xffffffffffffffff max_cycles: 0x1cd42e4dffb, max_idle_ns: 881590591483 ns
[    0.000007] tsc: Detected 2299.998 MHz processor
[    0.000096] last_pfn = 0x1040000 max_arch_pfn = 0x400000000
[    0.000134] MTRR map: 3 entries (2 fixed + 1 variable; max 18), built from 8 variable MTRRs
[    0.000138] x86/PAT: Configuration [0-7]: WB  WC  UC- UC  WB  WP  UC- WT  
[    0.000186] last_pfn = 0xbffe0 max_arch_pfn = 0x400000000
[    0.021582] Using GB pages for direct mapping
[    0.022045] secureboot: Secure boot disabled
[    0.022048] ACPI: Early table checksum verification disabled
[    0.022054] ACPI: RSDP 0x00000000BFB7E014 000024 (v02 Google)
[    0.022060] ACPI: XSDT 0x00000000BFB7D0E8 00005C (v01 Google GOOGFACP 00000001      01000013)
[    0.022069] ACPI: FACP 0x00000000BFB78000 0000F4 (v02 Google GOOGFACP 00000001 GOOG 00000001)
[    0.022079] ACPI: DSDT 0x00000000BFB79000 001A64 (v01 Google GOOGDSDT 00000001 GOOG 00000001)
[    0.022085] ACPI: FACS 0x00000000BFBF1000 000040
[    0.022090] ACPI: SSDT 0x00000000BFB7C000 000316 (v02 GOOGLE Tpm2Tabl 00001000 INTL 20250807)
[    0.022096] ACPI: TPM2 0x00000000BFB7B000 000034 (v04 GOOGLE          00000001 GOOG 00000001)
[    0.022102] ACPI: SRAT 0x00000000BFB77000 000228 (v03 Google GOOGSRAT 00000001 GOOG 00000001)
[    0.022108] ACPI: APIC 0x00000000BFB76000 000126 (v05 Google GOOGAPIC 00000001 GOOG 00000001)
[    0.022113] ACPI: SSDT 0x00000000BFB74000 0011D6 (v01 Google GOOGSSDT 00000001 GOOG 00000001)
[    0.022119] ACPI: WAET 0x00000000BFB73000 000028 (v01 Google GOOGWAET 00000001 GOOG 00000001)
[    0.022123] ACPI: Reserving FACP table memory at [mem 0xbfb78000-0xbfb780f3]
[    0.022125] ACPI: Reserving DSDT table memory at [mem 0xbfb79000-0xbfb7aa63]
[    0.022126] ACPI: Reserving FACS table memory at [mem 0xbfbf1000-0xbfbf103f]
[    0.022127] ACPI: Reserving SSDT table memory at [mem 0xbfb7c000-0xbfb7c315]
[    0.022128] ACPI: Reserving TPM2 table memory at [mem 0xbfb7b000-0xbfb7b033]
[    0.022129] ACPI: Reserving SRAT table memory at [mem 0xbfb77000-0xbfb77227]
[    0.022130] ACPI: Reserving APIC table memory at [mem 0xbfb76000-0xbfb76125]
[    0.022131] ACPI: Reserving SSDT table memory at [mem 0xbfb74000-0xbfb751d5]
[    0.022132] ACPI: Reserving WAET table memory at [mem 0xbfb73000-0xbfb73027]
[    0.022294] ACPI: SRAT: Node 0 PXM 0 [mem 0x00000000-0x0009ffff]
[    0.022299] ACPI: SRAT: Node 0 PXM 0 [mem 0x00100000-0xbfffffff]
[    0.022302] ACPI: SRAT: Node 0 PXM 0 [mem 0x100000000-0x103fffffff]
[    0.022311] NUMA: Node 0 [mem 0x00001000-0x0009ffff] + [mem 0x00100000-0xbfffffff] -> [mem 0x00001000-0xbfffffff]
[    0.022316] NUMA: Node 0 [mem 0x00001000-0xbfffffff] + [mem 0x100000000-0x103fffffff] -> [mem 0x00001000-0x103fffffff]
[    0.022345] NODE_DATA(0) allocated [mem 0x103ffd52c0-0x103fffffff]
[    0.022605] Zone ranges:
[    0.022605]   DMA      [mem 0x0000000000001000-0x0000000000ffffff]
[    0.022608]   DMA32    [mem 0x0000000001000000-0x00000000ffffffff]
[    0.022609]   Normal   [mem 0x0000000100000000-0x000000103fffffff]
[    0.022611]   Device   empty
[    0.022612] Movable zone start for each node
[    0.022615] Early memory node ranges
[    0.022615]   node   0: [mem 0x0000000000001000-0x0000000000054fff]
[    0.022617]   node   0: [mem 0x0000000000060000-0x0000000000097fff]
[    0.022618]   node   0: [mem 0x0000000000100000-0x00000000bd254fff]
[    0.022619]   node   0: [mem 0x00000000bd260000-0x00000000bf8ecfff]
[    0.022620]   node   0: [mem 0x00000000bfbff000-0x00000000bffdffff]
[    0.022621]   node   0: [mem 0x0000000100000000-0x000000103fffffff]
[    0.022627] Initmem setup node 0 [mem 0x0000000000001000-0x000000103fffffff]
[    0.022704] On node 0, zone DMA: 1 pages in unavailable ranges
[    0.022706] On node 0, zone DMA: 11 pages in unavailable ranges
[    0.022734] On node 0, zone DMA: 104 pages in unavailable ranges
[    0.028081] On node 0, zone DMA32: 11 pages in unavailable ranges
[    0.028097] On node 0, zone DMA32: 786 pages in unavailable ranges
[    0.136246] On node 0, zone Normal: 32 pages in unavailable ranges
[    0.136945] ACPI: PM-Timer IO Port: 0xb008
[    0.136975] ACPI: LAPIC_NMI (acpi_id[0xff] dfl dfl lint[0x1])
[    0.137069] IOAPIC[0]: apic_id 0, version 17, address 0xfec00000, GSI 0-23
[    0.137074] ACPI: INT_SRC_OVR (bus 0 bus_irq 5 global_irq 5 high level)
[    0.137077] ACPI: INT_SRC_OVR (bus 0 bus_irq 9 global_irq 9 high level)
[    0.137079] ACPI: INT_SRC_OVR (bus 0 bus_irq 10 global_irq 10 high level)
[    0.137080] ACPI: INT_SRC_OVR (bus 0 bus_irq 11 global_irq 11 high level)
[    0.137088] ACPI: Using ACPI (MADT) for SMP configuration information
[    0.137095] CPU topo: Max. logical packages:   1
[    0.137096] CPU topo: Max. logical dies:       1
[    0.137097] CPU topo: Max. dies per package:   1
[    0.137102] CPU topo: Max. threads per core:   2
[    0.137103] CPU topo: Num. cores per package:    12
[    0.137104] CPU topo: Num. threads per package:  24
[    0.137105] CPU topo: Allowing 24 present CPUs plus 0 hotplug CPUs
[    0.137135] PM: hibernation: Registered nosave memory: [mem 0x00000000-0x00000fff]
[    0.137138] PM: hibernation: Registered nosave memory: [mem 0x00055000-0x0005ffff]
[    0.137140] PM: hibernation: Registered nosave memory: [mem 0x00098000-0x000fffff]
[    0.137142] PM: hibernation: Registered nosave memory: [mem 0xbd255000-0xbd25ffff]
[    0.137143] PM: hibernation: Registered nosave memory: [mem 0xbf8ed000-0xbfbfefff]
[    0.137145] PM: hibernation: Registered nosave memory: [mem 0xbffe0000-0xffffffff]
[    0.137148] [mem 0xc0000000-0xffffffff] available for PCI devices
[    0.137150] Booting paravirtualized kernel on KVM
[    0.137152] clocksource: refined-jiffies: mask: 0xffffffff max_cycles: 0xffffffff, max_idle_ns: 1910969940391419 ns
[    0.137161] setup_percpu: NR_CPUS:8192 nr_cpumask_bits:24 nr_cpu_ids:24 nr_node_ids:1
[    0.138955] percpu: Embedded 84 pages/cpu s221184 r8192 d114688 u524288
[    0.139015] kvm-guest: PV spinlocks enabled
[    0.139018] PV qspinlock hash table entries: 256 (order: 0, 4096 bytes, linear)
[    0.139022] Kernel command line: BOOT_IMAGE=/vmlinuz-6.17.0-1013-gcp root=PARTUUID=6624332c-1f00-4e51-a0bf-94661fe17234 ro console=ttyS0,115200 panic=-1
[    0.139090] printk: log buffer data + meta data: 262144 + 917504 = 1179648 bytes
[    0.145835] Dentry cache hash table entries: 8388608 (order: 14, 67108864 bytes, linear)
[    0.149215] Inode-cache hash table entries: 4194304 (order: 13, 33554432 bytes, linear)
[    0.150051] software IO TLB: area num 32.
[    0.163537] Fallback order for Node 0: 0 
[    0.163542] Built 1 zonelists, mobility grouping on.  Total pages: 16776271
[    0.163544] Policy zone: Normal
[    0.163553] mem auto-init: stack:all(zero), heap alloc:on, heap free:off
[    0.319983] SLUB: HWalign=64, Order=0-3, MinObjects=0, CPUs=24, Nodes=1
[    0.320052] Kernel/User page tables isolation: enabled
[    0.332757] ftrace: allocating 61994 entries in 244 pages
[    0.332760] ftrace: allocated 244 pages with 5 groups
[    0.333156] rcu: Hierarchical RCU implementation.
[    0.333157] rcu: 	RCU restricting CPUs from NR_CPUS=8192 to nr_cpu_ids=24.
[    0.333159] 	Rude variant of Tasks RCU enabled.
[    0.333160] 	Tracing variant of Tasks RCU enabled.
[    0.333161] rcu: RCU calculated value of scheduler-enlistment delay is 100 jiffies.
[    0.333161] rcu: Adjusting geometry for rcu_fanout_leaf=16, nr_cpu_ids=24
[    0.333192] RCU Tasks Rude: Setting shift to 5 and lim to 1 rcu_task_cb_adjust=1 rcu_task_cpu_ids=24.
[    0.333196] RCU Tasks Trace: Setting shift to 5 and lim to 1 rcu_task_cb_adjust=1 rcu_task_cpu_ids=24.
[    0.337114] NR_IRQS: 524544, nr_irqs: 616, preallocated irqs: 16
[    0.337491] rcu: srcu_init: Setting srcu_struct sizes based on contention.
[    0.337647] Console: colour dummy device 80x25
[    0.337716] printk: legacy console [ttyS0] enabled
[    0.499158] ACPI: Core revision 20250404
[    0.500672] APIC: Switch to symmetric I/O mode setup
[    0.502117] x2apic enabled
[    0.506305] APIC: Switched APIC routing to: physical x2apic
[    0.513020] ..TIMER: vector=0x30 apic1=0 pin1=0 apic2=-1 pin2=-1
[    0.514288] clocksource: tsc-early: mask: 0xffffffffffffffff max_cycles: 0x212733415c7, max_idle_ns: 440795236380 ns
[    0.515853] Calibrating delay loop (skipped) preset value.. 4599.99 BogoMIPS (lpj=2299998)
[    0.517176] Last level iTLB entries: 4KB 1024, 2MB 1024, 4MB 1024
[    0.517851] Last level dTLB entries: 4KB 1024, 2MB 1024, 4MB 1024, 1GB 4
[    0.518897] mitigations: Enabled attack vectors: user_kernel, user_user, guest_host, guest_guest, SMT mitigations: auto
[    0.519853] Speculative Store Bypass: Mitigation: Speculative Store Bypass disabled via prctl
[    0.520852] Spectre V2 : Mitigation: IBRS
[    0.521851] RETBleed: Mitigation: IBRS
[    0.522400] ITS: Mitigation: Aligned branch/return thunks
[    0.522851] Spectre V2 : User space: Mitigation: STIBP via prctl
[    0.523851] MDS: Mitigation: Clear CPU buffers
[    0.524851] MMIO Stale Data: Vulnerable: Clear CPU buffers attempted, no microcode
[    0.525851] Spectre V1 : Mitigation: usercopy/swapgs barriers and __user pointer sanitization
[    0.526856] Spectre V2 : Spectre v2 / SpectreRSB: Filling RSB on context switch and VMEXIT
[    0.527854] Spectre V2 : mitigation: Enabling conditional Indirect Branch Prediction Barrier
[    0.528861] active return thunk: its_return_thunk
[    0.529851] Spectre V2 : Spectre BHI mitigation: SW BHB clearing on syscall and VM exit
[    0.530867] x86/fpu: Supporting XSAVE feature 0x001: 'x87 floating point registers'
[    0.531851] x86/fpu: Supporting XSAVE feature 0x002: 'SSE registers'
[    0.532851] x86/fpu: Supporting XSAVE feature 0x004: 'AVX registers'
[    0.533852] x86/fpu: xstate_offset[2]:  576, xstate_sizes[2]:  256
[    0.534851] x86/fpu: Enabled xstate features 0x7, context size is 832 bytes, using 'standard' format.
[    0.600464] Freeing SMP alternatives memory: 52K
[    0.600855] pid_max: default: 32768 minimum: 301
[    0.602927] LSM: initializing lsm=lockdown,capability,landlock,yama,apparmor,ima,evm
[    0.603876] landlock: Up and running.
[    0.604851] Yama: becoming mindful.
[    0.605438] AppArmor: AppArmor initialized
[    0.606113] Mount-cache hash table entries: 131072 (order: 8, 1048576 bytes, linear)
[    0.607029] Mountpoint-cache hash table entries: 131072 (order: 8, 1048576 bytes, linear)
[    0.711403] smpboot: CPU0: Intel(R) Xeon(R) CPU @ 2.30GHz (family: 0x6, model: 0x3f, stepping: 0x0)
[    0.713076] Performance Events: unsupported CPU family 6 model 63 no PMU driver, software events only.
[    0.713943] signal: max sigframe size: 1776
[    0.714919] rcu: Hierarchical SRCU implementation.
[    0.715852] rcu: 	Max phase no-delay instances is 400.
[    0.716948] Timer migration: 2 hierarchy levels; 8 children per group; 2 crossnode level
[    0.720019] NMI watchdog: Perf NMI watchdog permanently disabled
[    0.721896] smp: Bringing up secondary CPUs ...
[    0.723047] smpboot: x86: Booting SMP configuration:
[    0.723853] .... node  #0, CPUs:        #1  #2  #3  #4  #5  #6  #7  #8  #9 #10 #11 #12 #13 #14 #15 #16 #17 #18 #19 #20 #21 #22 #23
[    0.736211] MDS CPU bug present and SMT on, data leak possible. See https://www.kernel.org/doc/html/latest/admin-guide/hw-vuln/mds.html for more details.
[    0.737852] MMIO Stale Data CPU bug present and SMT on, data leak possible. See https://www.kernel.org/doc/html/latest/admin-guide/hw-vuln/processor_mmio_stale_data.html for more details.
[    0.744006] smp: Brought up 1 node, 24 CPUs
[    0.744856] smpboot: Total of 24 processors activated (110399.90 BogoMIPS)
[    0.748950] Memory: 65805544K/67105084K available (22206K kernel code, 4673K rwdata, 15608K rodata, 5404K init, 6100K bss, 1277608K reserved, 0K cma-reserved)
[    0.752856] devtmpfs: initialized
[    0.753931] x86/mm: Memory block size: 1024MB
[    0.757554] ACPI: PM: Registering ACPI NVS region [mem 0xbfb7f000-0xbfbfefff] (524288 bytes)
[    0.758937] clocksource: jiffies: mask: 0xffffffff max_cycles: 0xffffffff, max_idle_ns: 1911260446275000 ns
[    0.759913] posixtimers hash table entries: 16384 (order: 6, 262144 bytes, linear)
[    0.761002] futex hash table entries: 8192 (524288 bytes on 1 NUMA nodes, total 512 KiB, linear).
[    0.761999] pinctrl core: initialized pinctrl subsystem
[    0.763121] PM: RTC time: 00:45:36, date: 2026-05-15
[    0.765056] NET: Registered PF_NETLINK/PF_ROUTE protocol family
[    0.766940] DMA: preallocated 4096 KiB GFP_KERNEL pool for atomic allocations
[    0.769148] DMA: preallocated 4096 KiB GFP_KERNEL|GFP_DMA pool for atomic allocations
[    0.770579] DMA: preallocated 4096 KiB GFP_KERNEL|GFP_DMA32 pool for atomic allocations
[    0.770866] audit: initializing netlink subsys (disabled)
[    0.771916] audit: type=2000 audit(1778805936.168:1): state=initialized audit_enabled=0 res=1
[    0.772060] thermal_sys: Registered thermal governor 'fair_share'
[    0.772852] thermal_sys: Registered thermal governor 'bang_bang'
[    0.773852] thermal_sys: Registered thermal governor 'step_wise'
[    0.774852] thermal_sys: Registered thermal governor 'user_space'
[    0.775852] thermal_sys: Registered thermal governor 'power_allocator'
[    0.776880] cpuidle: using governor ladder
[    0.778859] cpuidle: using governor menu
[    0.779924] acpiphp: ACPI Hot Plug PCI Controller Driver version: 0.5
[    0.781900] PCI: Using configuration type 1 for base access
[    0.782963] kprobes: kprobe jump-optimization is enabled. All kprobes are optimized if possible.
[    0.785039] HugeTLB: registered 1.00 GiB page size, pre-allocated 0 pages
[    0.785852] HugeTLB: 16380 KiB vmemmap can be freed for a 1.00 GiB page
[    0.786852] HugeTLB: registered 2.00 MiB page size, pre-allocated 0 pages
[    0.787851] HugeTLB: 28 KiB vmemmap can be freed for a 2.00 MiB page
[    0.793086] ACPI: Added _OSI(Module Device)
[    0.793853] ACPI: Added _OSI(Processor Device)
[    0.794852] ACPI: Added _OSI(Processor Aggregator Device)
[    0.799723] ACPI: 3 ACPI AML tables successfully acquired and loaded
[    0.820116] ACPI: Interpreter enabled
[    0.820871] ACPI: PM: (supports S0 S3 S4 S5)
[    0.821853] ACPI: Using IOAPIC for interrupt routing
[    0.823902] PCI: Using host bridge windows from ACPI; if necessary, use "pci=nocrs" and report a bug
[    0.824852] PCI: Ignoring E820 reservations for host bridge windows
[    0.826215] ACPI: Enabled 16 GPEs in block 00 to 0F
[    0.833795] ACPI: PCI Root Bridge [PCI0] (domain 0000 [bus 00-ff])
[    0.833858] acpi PNP0A03:00: _OSC: OS supports [ASPM ClockPM Segments MSI EDR HPX-Type3]
[    0.834853] acpi PNP0A03:00: _OSC: not requesting OS control; OS requires [ExtendedConfig ASPM ClockPM MSI]
[    0.835865] acpi PNP0A03:00: fail to add MMCONFIG information, can't access extended configuration space under this bridge
[    0.838522] PCI host bridge to bus 0000:00
[    0.838856] pci_bus 0000:00: root bus resource [io  0x0000-0x0cf7 window]
[    0.839853] pci_bus 0000:00: root bus resource [io  0x0d00-0xffff window]
[    0.840852] pci_bus 0000:00: root bus resource [mem 0x000a0000-0x000bffff window]
[    0.841852] pci_bus 0000:00: root bus resource [mem 0xc0000000-0xc53fffff window]
[    0.842852] pci_bus 0000:00: root bus resource [mem 0xc5440000-0xee3fffff window]
[    0.843852] pci_bus 0000:00: root bus resource [mem 0xee440000-0xfebfefff window]
[    0.844852] pci_bus 0000:00: root bus resource [mem 0x1040000000-0x2103fffffff window]
[    0.845853] pci_bus 0000:00: root bus resource [bus 00-ff]
[    0.846928] pci 0000:00:00.0: [8086:1237] type 00 class 0x060000 conventional PCI endpoint
[    0.851487] pci 0000:00:01.0: [8086:7110] type 00 class 0x060100 conventional PCI endpoint
[    0.856360] pci 0000:00:01.3: [8086:7113] type 00 class 0x068000 conventional PCI endpoint
[    0.861020] pci 0000:00:01.3: quirk: [io  0xb000-0xb03f] claimed by PIIX4 ACPI
[    0.862780] pci 0000:00:03.0: [1af4:1004] type 00 class 0x000000 conventional PCI endpoint
[    0.870885] pci 0000:00:03.0: BAR 0 [io  0xc040-0xc07f]
[    0.871870] pci 0000:00:03.0: BAR 1 [mem 0xc1001000-0xc100107f]
[    0.874349] pci 0000:00:04.0: [10de:1eb8] type 00 class 0x030200 conventional PCI endpoint
[    0.888892] pci 0000:00:04.0: BAR 0 [mem 0xc0000000-0xc0ffffff]
[    0.889883] pci 0000:00:04.0: BAR 1 [mem 0x1040000000-0x104fffffff 64bit pref]
[    0.890880] pci 0000:00:04.0: BAR 3 [mem 0x1050000000-0x1051ffffff 64bit pref]
[    0.893011] pci 0000:00:05.0: [1af4:1000] type 00 class 0x020000 conventional PCI endpoint
[    0.901881] pci 0000:00:05.0: BAR 0 [io  0xc000-0xc03f]
[    0.902868] pci 0000:00:05.0: BAR 1 [mem 0xc1000000-0xc10003ff]
[    0.905468] pci 0000:00:06.0: [1af4:1005] type 00 class 0x00ff00 conventional PCI endpoint
[    0.914852] pci 0000:00:06.0: BAR 0 [io  0xc080-0xc09f]
[    0.915868] pci 0000:00:06.0: BAR 1 [mem 0xc1002000-0xc100203f]
[    0.929272] ACPI: PCI: Interrupt link LNKA configured for IRQ 10
[    0.931010] ACPI: PCI: Interrupt link LNKB configured for IRQ 10
[    0.933000] ACPI: PCI: Interrupt link LNKC configured for IRQ 11
[    0.935939] ACPI: PCI: Interrupt link LNKD configured for IRQ 11
[    0.937905] ACPI: PCI: Interrupt link LNKS configured for IRQ 9
[    0.943169] iommu: Default domain type: Translated
[    0.943855] iommu: DMA domain TLB invalidation policy: lazy mode
[    0.946963] SCSI subsystem initialized
[    0.948908] ACPI: bus type USB registered
[    0.949875] usbcore: registered new interface driver usbfs
[    0.950872] usbcore: registered new interface driver hub
[    0.951878] usbcore: registered new device driver usb
[    0.952887] pps_core: LinuxPPS API ver. 1 registered
[    0.953851] pps_core: Software ver. 5.3.6 - Copyright 2005-2007 Rodolfo Giometti <giometti@linux.it>
[    0.954870] PTP clock support registered
[    0.955892] EDAC MC: Ver: 3.0.0
[    0.957118] efivars: Registered efivars operations
[    0.959550] NetLabel: Initializing
[    0.959853] NetLabel:  domain hash size = 128
[    0.960852] NetLabel:  protocols = UNLABELED CIPSOv4 CALIPSO
[    0.961879] NetLabel:  unlabeled traffic allowed by default
[    0.963895] mctp: management component transport protocol core
[    0.964853] NET: Registered PF_MCTP protocol family
[    0.965877] PCI: Using ACPI for IRQ routing
[    0.967974] vgaarb: loaded
[    0.969095] clocksource: Switched to clocksource kvm-clock
[    0.972319] VFS: Disk quotas dquot_6.6.0
[    0.973892] VFS: Dquot-cache hash table entries: 512 (order 0, 4096 bytes)
[    0.976867] AppArmor: AppArmor Filesystem Enabled
[    0.978695] pnp: PnP ACPI init
[    0.980721] pnp: PnP ACPI: found 7 devices
[    0.989832] clocksource: acpi_pm: mask: 0xffffff max_cycles: 0xffffff, max_idle_ns: 2085701024 ns
[    0.993181] NET: Registered PF_INET protocol family
[    0.995297] IP idents hash table entries: 262144 (order: 9, 2097152 bytes, linear)
[    1.021476] tcp_listen_portaddr_hash hash table entries: 32768 (order: 7, 524288 bytes, linear)
[    1.024746] Table-perturb hash table entries: 65536 (order: 6, 262144 bytes, linear)
[    1.028309] TCP established hash table entries: 524288 (order: 10, 4194304 bytes, linear)
[    1.032120] TCP bind hash table entries: 65536 (order: 9, 2097152 bytes, linear)
[    1.035135] TCP: Hash tables configured (established 524288 bind 65536)
[    1.038135] MPTCP token hash table entries: 65536 (order: 9, 1572864 bytes, linear)
[    1.041475] UDP hash table entries: 32768 (order: 9, 2097152 bytes, linear)
[    1.044635] UDP-Lite hash table entries: 32768 (order: 9, 2097152 bytes, linear)
[    1.047698] NET: Registered PF_UNIX/PF_LOCAL protocol family
[    1.049850] NET: Registered PF_XDP protocol family
[    1.051628] pci_bus 0000:00: resource 4 [io  0x0000-0x0cf7 window]
[    1.053919] pci_bus 0000:00: resource 5 [io  0x0d00-0xffff window]
[    1.056143] pci_bus 0000:00: resource 6 [mem 0x000a0000-0x000bffff window]
[    1.058698] pci_bus 0000:00: resource 7 [mem 0xc0000000-0xc53fffff window]
[    1.061241] pci_bus 0000:00: resource 8 [mem 0xc5440000-0xee3fffff window]
[    1.063826] pci_bus 0000:00: resource 9 [mem 0xee440000-0xfebfefff window]
[    1.066372] pci_bus 0000:00: resource 10 [mem 0x1040000000-0x2103fffffff window]
[    1.069203] pci 0000:00:00.0: Limiting direct PCI/PCI transfers
[    1.071793] PCI: CLS 0 bytes, default 64
[    1.073398] PCI-DMA: Using software bounce buffering for IO (SWIOTLB)
[    1.075359] software IO TLB: mapped [mem 0x00000000b7f7f000-0x00000000bbf7f000] (64MB)
[    1.077383] clocksource: tsc: mask: 0xffffffffffffffff max_cycles: 0x212733415c7, max_idle_ns: 440795236380 ns
[    1.079798] clocksource: Switched to clocksource tsc
[    1.100105] Initialise system trusted keyrings
[    1.101218] Key type blacklist registered
[    1.102835] workingset: timestamp_bits=36 max_order=24 bucket_order=0
[    1.105099] squashfs: version 4.0 (2009/01/31) Phillip Lougher
[    1.107368] fuse: init (API version 7.44)
[    1.109320] integrity: Platform Keyring initialized
[    1.111024] integrity: Machine keyring initialized
[    1.126430] Key type asymmetric registered
[    1.127644] Asymmetric key parser 'x509' registered
[    1.129059] Block layer SCSI generic (bsg) driver version 0.4 loaded (major 242)
[    1.131204] io scheduler mq-deadline registered
[    1.135317] ledtrig-cpu: registered to indicate activity on CPUs
[    1.136906] input: Power Button as /devices/LNXSYSTM:00/LNXPWRBN:00/input/input0
[    1.138422] ACPI: button: Power Button [PWRF]
[    1.139486] input: Sleep Button as /devices/LNXSYSTM:00/LNXSLPBN:00/input/input1
[    1.140841] ACPI: button: Sleep Button [SLPF]
[    1.148906] ACPI: \_SB_.LNKC: Enabled at IRQ 11
[    1.150691] virtio-pci 0000:00:03.0: virtio_pci: leaving for legacy driver
[    1.161696] ACPI: \_SB_.LNKA: Enabled at IRQ 10
[    1.163636] virtio-pci 0000:00:05.0: virtio_pci: leaving for legacy driver
[    1.175311] ACPI: \_SB_.LNKB: Enabled at IRQ 10
[    1.176974] virtio-pci 0000:00:06.0: virtio_pci: leaving for legacy driver
[    1.183642] Serial: 8250/16550 driver, 32 ports, IRQ sharing enabled
[    1.209055] 00:03: ttyS0 at I/O 0x3f8 (irq = 4, base_baud = 115200) is a 16550A
[    1.234504] 00:04: ttyS1 at I/O 0x2f8 (irq = 3, base_baud = 115200) is a 16550A
[    1.259754] 00:05: ttyS2 at I/O 0x3e8 (irq = 6, base_baud = 115200) is a 16550A
[    1.284701] 00:06: ttyS3 at I/O 0x2e8 (irq = 7, base_baud = 115200) is a 16550A
[    1.289183] Linux agpgart interface v0.103
[    1.291605] tpm_tis MSFT0101:00: 2.0 TPM (device-id 0x9009, rev-id 0)
[    1.309532] loop: module loaded
[    1.313884] virtio_scsi virtio0: 1/0/0 default/read/poll queues
[    1.333853] scsi host0: Virtio SCSI HBA
[    1.334910] blk-mq: reduced tag depth to 10240
[    1.341616] Key type psk registered
[    1.342045] scsi 0:0:1:0: Direct-Access     Google   PersistentDisk   1    PQ: 0 ANSI: 6
[    1.343239] ACPI: bus type drm_connector registered
[    1.346279] tun: Universal TUN/TAP device driver, 1.6
[    1.451715] sd 0:0:1:0: Attached scsi generic sg0 type 0
[    1.451967] sd 0:0:1:0: [sda] 4194304000 512-byte logical blocks: (2.15 TB/1.95 TiB)
[    1.485385] sd 0:0:1:0: [sda] 4096-byte physical blocks
[    1.495153] sd 0:0:1:0: [sda] Write Protect is off
[    1.508301] sd 0:0:1:0: [sda] Write cache: enabled, read cache: enabled, doesn't support DPO or FUA
[    1.588774] PPP generic driver version 2.4.2
[    1.590295] i8042: PNP: PS/2 Controller [PNP0303:KBD,PNP0f13:MOU] at 0x60,0x64 irq 1,12
[    1.592829] i8042: Warning: Keylock active
[    1.596301] serio: i8042 KBD port at 0x60,0x64 irq 1
[    1.597687] serio: i8042 AUX port at 0x60,0x64 irq 12
[    1.599391] mousedev: PS/2 mouse device common for all mice
[    1.600657] GPT:Primary header thinks Alt. header is not at the end of the disk.
[    1.601159] rtc_cmos 00:00: RTC can wake from S4
[    1.602928] GPT:104857599 != 4194303999
[    1.602931] GPT:Alternate GPT header not at the end of the disk.
[    1.602932] GPT:104857599 != 4194303999
[    1.605702] rtc_cmos 00:00: registered as rtc0
[    1.607094] GPT: Use GNU Parted to correct GPT errors.
[    1.608380] rtc_cmos 00:00: setting system clock to 2026-05-15T00:45:37 UTC (1778805937)
[    1.609497]  sda: sda1 sda14 sda15 sda16
[    1.610978] rtc_cmos 00:00: alarms up to one day, 114 bytes nvram
[    1.613431] sd 0:0:1:0: [sda] Attached SCSI disk
[    1.614242] i2c_dev: i2c /dev entries driver
[    1.618295] device-mapper: core: CONFIG_IMA_DISABLE_HTABLE is disabled. Duplicate IMA measurements will not be recorded in the IMA log.
[    1.621669] device-mapper: uevent: version 1.0.3
[    1.623204] device-mapper: ioctl: 4.50.0-ioctl (2025-04-28) initialised: dm-devel@lists.linux.dev
[    1.625656] intel_pstate: CPU model not supported
[    1.627387] drop_monitor: Initializing network drop monitor service
[    1.629984] NET: Registered PF_INET6 protocol family
[    1.632138] Segment Routing with IPv6
[    1.633196] In-situ OAM (IOAM) with IPv6
[    1.634360] NET: Registered PF_PACKET protocol family
[    1.635994] Key type dns_resolver registered
[    1.641889] IPI shorthand broadcast: enabled
[    1.645953] sched_clock: Marking stable (1472005263, 173348522)->(1880199453, -234845668)
[    1.648930] registered taskstats version 1
[    1.652466] Loading compiled-in X.509 certificates
[    1.654679] Loaded X.509 cert 'Build time autogenerated kernel key: e45cb4cd1c398ae218369364b5dd9534d3664c1e'
[    1.658091] Loaded X.509 cert 'Canonical Ltd. Live Patch Signing 2025 Kmod: d541cef61dc7e793b7eb7e899970a2eef0b5dc8c'
[    1.661590] Loaded X.509 cert 'Canonical Ltd. Live Patch Signing: 14df34d1a87cf37625abec039ef2bf521249b969'
[    1.664772] Loaded X.509 cert 'Canonical Ltd. Kernel Module Signing: 88f752e560a1e0737e31163a466ad7b70a850c19'
[    1.667475] blacklist: Loading compiled-in revocation X.509 certificates
[    1.669339] Loaded X.509 cert 'Canonical Ltd. Secure Boot Signing: 61482aa2830d0ab2ad5af10b7250da9033ddcef0'
[    1.672123] Loaded X.509 cert 'Canonical Ltd. Secure Boot Signing (2017): 242ade75ac4a15e50d50c84b0d45ff3eae707a03'
[    1.675019] Loaded X.509 cert 'Canonical Ltd. Secure Boot Signing (ESM 2018): 365188c1d374d6b07c3c8f240f8ef722433d6a8b'
[    1.677938] Loaded X.509 cert 'Canonical Ltd. Secure Boot Signing (2019): c0746fd6c5da3ae827864651ad66ae47fe24b3e8'
[    1.680808] Loaded X.509 cert 'Canonical Ltd. Secure Boot Signing (2021 v1): a8d54bbb3825cfb94fa13c9f8a594a195c107b8d'
[    1.683800] Loaded X.509 cert 'Canonical Ltd. Secure Boot Signing (2021 v2): 4cf046892d6fd3c9a5b03f98d845f90851dc6a8c'
[    1.686792] Loaded X.509 cert 'Canonical Ltd. Secure Boot Signing (2021 v3): 100437bb6de6e469b581e61cd66bce3ef4ed53af'
[    1.689741] Loaded X.509 cert 'Canonical Ltd. Secure Boot Signing (Ubuntu Core 2019): c1d57b8f6b743f23ee41f4f7ee292f06eecadfb9'
[    1.699426] Demotion targets for Node 0: null
[    1.700904] Key type .fscrypt registered
[    1.701895] Key type fscrypt-provisioning registered
[    1.703200] Key type big_key registered
[    1.704130] Key type trusted registered
[    1.706610] Key type encrypted registered
[    1.707745] AppArmor: AppArmor sha256 policy hashing enabled
[    1.709927] integrity: Loading X.509 certificate: UEFI:db
[    1.711272] integrity: Loaded X.509 cert 'Microsoft Corporation UEFI CA 2011: 13adbf4309bd82709c8cd54f316ed522988a1bd4'
[    1.714067] integrity: Loading X.509 certificate: UEFI:db
[    1.715681] integrity: Loaded X.509 cert 'Microsoft Windows Production PCA 2011: a92902398e16c49778cd90f99e4f9ae17c55af53'
[    1.718395] integrity: Loading X.509 certificate: UEFI:db
[    1.719886] integrity: Loaded X.509 cert 'Microsoft Corporation: Windows UEFI CA 2023: aefc5fbbbe055d8f8daa585473499417ab5a5272'
[    1.722961] integrity: Loading X.509 certificate: UEFI:db
[    1.724380] integrity: Loaded X.509 cert 'Microsoft UEFI CA 2023: 81aa6b3244c935bce0d6628af39827421e32497d'
[    1.727212] integrity: Revoking X.509 certificate: UEFI:dbx
[    1.728687] blacklist: Revoked X.509 cert 'Canonical Ltd. Secure Boot Signing: 61482aa2830d0ab2ad5af10b7250da9033ddcef0'
[    1.731497] integrity: Revoking X.509 certificate: UEFI:dbx
[    1.733161] blacklist: Revoked X.509 cert 'Cisco: Virtual UEFI SubCA: 13df2e3f54ebf347dcaecebf21d3cbb2355a4c9a'
[    1.735960] integrity: Revoking X.509 certificate: UEFI:dbx
[    1.737481] blacklist: Revoked X.509 cert 'Debian Secure Boot Signer: 00a7468def'
[    1.739881] Loading compiled-in module X.509 certificates
[    1.742044] Loaded X.509 cert 'Build time autogenerated kernel key: e45cb4cd1c398ae218369364b5dd9534d3664c1e'
[    1.744888] ima: Allocated hash algorithm: sha256
[    1.785336] ima: No architecture policies found
[    1.786681] evm: Initialising EVM extended attributes:
[    1.787955] evm: security.selinux
[    1.788918] evm: security.SMACK64
[    1.790009] evm: security.SMACK64EXEC
[    1.791000] evm: security.SMACK64TRANSMUTE
[    1.792085] evm: security.SMACK64MMAP
[    1.793197] evm: security.apparmor
[    1.794033] evm: security.ima
[    1.794858] evm: security.capability
[    1.795958] evm: HMAC attrs: 0x1
[    1.797137] PM:   Magic number: 10:353:759
[    1.800637] RAS: Correctable Errors collector initialized.
[    1.807980] input: AT Translated Set 2 keyboard as /devices/platform/i8042/serio0/input/input2
[    1.814733] clk: Disabling unused clocks
[    1.815926] PM: genpd: Disabling unused power domains
[    1.818018] check access for rdinit=/init failed: -2, ignoring
[    1.818861] md: Waiting for all devices to be available before autodetect
[    1.819966] md: If you don't use raid, use raid=noautodetect
[    1.820801] md: Autodetecting RAID arrays.
[    1.821395] md: autorun ...
[    1.821824] md: ... autorun DONE.
[    1.829412] EXT4-fs (sda1): mounted filesystem 89fcf612-67c3-434b-97ea-2cfdbfe01b5b ro with ordered data mode. Quota mode: none.
[    1.831163] VFS: Mounted root (ext4 filesystem) readonly on device 8:1.
[    1.840136] devtmpfs: mounted
[    1.842999] Freeing unused decrypted memory: 2028K
[    1.845509] Freeing unused kernel image (initmem) memory: 5404K
[    1.846671] Write protecting the kernel read-only data: 38912k
[    1.848163] Freeing unused kernel image (text/rodata gap) memory: 320K
[    1.849743] Freeing unused kernel image (rodata/data gap) memory: 776K
[    1.909967] x86/mm: Checked W+X mappings: passed, no W+X pages found.
[    1.910961] x86/mm: Checking user space page tables
[    1.969641] x86/mm: Checked W+X mappings: passed, no W+X pages found.
[    1.970699] Run /sbin/init as init process
[    2.185046] systemd[1]: Inserted module 'autofs4'
[    2.339295] systemd[1]: systemd 255.4-1ubuntu8.15 running in system mode (+PAM +AUDIT +SELINUX +APPARMOR +IMA +SMACK +SECCOMP +GCRYPT -GNUTLS +OPENSSL +ACL +BLKID +CURL +ELFUTILS +FIDO2 +IDN2 -IDN +IPTC +KMOD +LIBCRYPTSETUP +LIBFDISK +PCRE2 -PWQUALITY +P11KIT +QRENCODE +TPM2 +BZIP2 +LZ4 +XZ +ZLIB +ZSTD -BPF_FRAMEWORK -XKBCOMMON +UTMP +SYSVINIT default-hierarchy=unified)
[    2.344001] systemd[1]: Detected virtualization google.
[    2.344811] systemd[1]: Detected architecture x86-64.

Welcome to [1mUbuntu 24.04.4 LTS[0m!

[    2.352451] systemd[1]: No hostname configured, using default hostname.
[    2.353482] systemd[1]: Hostname set to <localhost>.
[    2.774709] systemd[1]: Queued start job for default target graphical.target.
[    2.799897] systemd[1]: Created slice system-modprobe.slice - Slice /system/modprobe.
[[0;32m  OK  [0m] Created slice [0;1;39msystem-modprobe.slice[0m - Slice /system/modprobe.
[    2.805873] systemd[1]: Created slice system-serial\x2dgetty.slice - Slice /system/serial-getty.
[[0;32m  OK  [0m] Created slice [0;1;39msystem-serial\x2dget…slice[0m - Slice /system/serial-getty.
[    2.810973] systemd[1]: Created slice system-systemd\x2dfsck.slice - Slice /system/systemd-fsck.
[[0;32m  OK  [0m] Created slice [0;1;39msystem-systemd\x2dfs…slice[0m - Slice /system/systemd-fsck.
[    2.815953] systemd[1]: Created slice user.slice - User and Session Slice.
[[0;32m  OK  [0m] Created slice [0;1;39muser.slice[0m - User and Session Slice.
[    2.820484] systemd[1]: Started systemd-ask-password-wall.path - Forward Password Requests to Wall Directory Watch.
[[0;32m  OK  [0m] Started [0;1;39msystemd-ask-password-wall.…[0md Requests to Wall Directory Watch.
[    2.825676] systemd[1]: Set up automount proc-sys-fs-binfmt_misc.automount - Arbitrary Executable File Formats File System Automount Point.
[[0;32m  OK  [0m] Set up automount [0;1;39mproc-sys-fs-binfm…[0mormats File System Automount Point.
[    2.830419] systemd[1]: Expecting device dev-disk-by\x2dlabel-BOOT.device - /dev/disk/by-label/BOOT...
         Expecting device [0;1;39mdev-disk-by\x2dla…device[0m - /dev/disk/by-label/BOOT...
[    2.835407] systemd[1]: Expecting device dev-disk-by\x2dlabel-UEFI.device - /dev/disk/by-label/UEFI...
         Expecting device [0;1;39mdev-disk-by\x2dla…device[0m - /dev/disk/by-label/UEFI...
[    2.838374] systemd[1]: Expecting device dev-ttyS0.device - /dev/ttyS0...
         Expecting device [0;1;39mdev-ttyS0.device[0m - /dev/ttyS0...
[    2.842437] systemd[1]: Reached target integritysetup.target - Local Integrity Protected Volumes.
[[0;32m  OK  [0m] Reached target [0;1;39mintegritysetup.targ…[0m Local Integrity Protected Volumes.
[    2.846431] systemd[1]: Reached target slices.target - Slice Units.
[[0;32m  OK  [0m] Reached target [0;1;39mslices.target[0m - Slice Units.
[    2.850418] systemd[1]: Reached target snapd.mounts-pre.target - Mounting snaps.
[[0;32m  OK  [0m] Reached target [0;1;39msnapd.mounts-pre.target[0m - Mounting snaps.
[    2.854418] systemd[1]: Reached target swap.target - Swaps.
[[0;32m  OK  [0m] Reached target [0;1;39mswap.target[0m - Swaps.
[    2.857420] systemd[1]: Reached target time-set.target - System Time Set.
[[0;32m  OK  [0m] Reached target [0;1;39mtime-set.target[0m - System Time Set.
[    2.861438] systemd[1]: Reached target veritysetup.target - Local Verity Protected Volumes.
[[0;32m  OK  [0m] Reached target [0;1;39mveritysetup.target[0m - Local Verity Protected Volumes.
[    2.864486] systemd[1]: Listening on dm-event.socket - Device-mapper event daemon FIFOs.
[[0;32m  OK  [0m] Listening on [0;1;39mdm-event.socket[0m - Device-mapper event daemon FIFOs.
[    2.868565] systemd[1]: Listening on lvm2-lvmpolld.socket - LVM2 poll daemon socket.
[[0;32m  OK  [0m] Listening on [0;1;39mlvm2-lvmpolld.socket[0m - LVM2 poll daemon socket.
[    2.872558] systemd[1]: Listening on multipathd.socket - multipathd control socket.
[[0;32m  OK  [0m] Listening on [0;1;39mmultipathd.socket[0m - multipathd control socket.
[    2.876544] systemd[1]: Listening on syslog.socket - Syslog Socket.
[[0;32m  OK  [0m] Listening on [0;1;39msyslog.socket[0m - Syslog Socket.
[    2.880527] systemd[1]: Listening on systemd-fsckd.socket - fsck to fsckd communication Socket.
[[0;32m  OK  [0m] Listening on [0;1;39msystemd-fsckd.socket[0m …fsck to fsckd communication Socket.
[    2.884487] systemd[1]: Listening on systemd-initctl.socket - initctl Compatibility Named Pipe.
[[0;32m  OK  [0m] Listening on [0;1;39msystemd-initctl.socke…[0m- initctl Compatibility Named Pipe.
[    2.889544] systemd[1]: Listening on systemd-journald-dev-log.socket - Journal Socket (/dev/log).
[[0;32m  OK  [0m] Listening on [0;1;39msystemd-journald-dev-…socket[0m - Journal Socket (/dev/log).
[    2.894582] systemd[1]: Listening on systemd-journald.socket - Journal Socket.
[[0;32m  OK  [0m] Listening on [0;1;39msystemd-journald.socket[0m - Journal Socket.
[    2.898628] systemd[1]: Listening on systemd-networkd.socket - Network Service Netlink Socket.
[[0;32m  OK  [0m] Listening on [0;1;39msystemd-networkd.socket[0m - Network Service Netlink Socket.
[    2.903555] systemd[1]: systemd-pcrextend.socket - TPM2 PCR Extension (Varlink) was skipped because of an unmet condition check (ConditionSecurity=measured-uki).
[    2.905874] systemd[1]: Listening on systemd-udevd-control.socket - udev Control Socket.
[[0;32m  OK  [0m] Listening on [0;1;39msystemd-udevd-control.socket[0m - udev Control Socket.
[    2.910529] systemd[1]: Listening on systemd-udevd-kernel.socket - udev Kernel Socket.
[[0;32m  OK  [0m] Listening on [0;1;39msystemd-udevd-kernel.socket[0m - udev Kernel Socket.
[    2.932466] systemd[1]: Mounting dev-hugepages.mount - Huge Pages File System...
         Mounting [0;1;39mdev-hugepages.mount[0m - Huge Pages File System...
[    2.937497] systemd[1]: Mounting dev-mqueue.mount - POSIX Message Queue File System...
         Mounting [0;1;39mdev-mqueue.mount[0m - POSIX Message Queue File System...
[    2.942527] systemd[1]: Mounting sys-kernel-debug.mount - Kernel Debug File System...
         Mounting [0;1;39msys-kernel-debug.mount[0m - Kernel Debug File System...
[    2.947381] systemd[1]: Mounting sys-kernel-tracing.mount - Kernel Trace File System...
         Mounting [0;1;39msys-kernel-tracing.mount[0m - Kernel Trace File System...
[    2.955761] systemd[1]: Starting systemd-journald.service - Journal Service...
         Starting [0;1;39msystemd-journald.service[0m - Journal Service...
[    2.961639] systemd[1]: Starting keyboard-setup.service - Set the console keyboard layout...
         Starting [0;1;39mkeyboard-setup.service[0m - Set the console keyboard layout...
[    2.966611] systemd[1]: Starting kmod-static-nodes.service - Create List of Static Device Nodes...
         Starting [0;1;39mkmod-static-nodes.service[0m…eate List of Static Device Nodes...
[    2.972616] systemd[1]: Starting lvm2-monitor.service - Monitoring of LVM2 mirrors, snapshots etc. using dmeventd or progress polling...
         Starting [0;1;39mlvm2-monitor.service[0m - Mo…ing dmeventd or progress polling...
[    2.976866] systemd-journald[284]: Collecting audit messages is disabled.
[    2.977466] systemd[1]: Starting modprobe@configfs.service - Load Kernel Module configfs...
         Starting [0;1;39mmodprobe@configfs.service[0m - Load Kernel Module co[    2.980498] systemd[1]: Starting modprobe@dm_mod.service - Load Kernel Module dm_mod...
nfigfs...
         Starting [0;1;39mmodprobe@dm_mod.service[0m - Load Kernel Module dm_mod...
[    2.987461] systemd[1]: Starting modprobe@drm.service - Load Kernel Module drm...
         Starting [0;1;39mmodprobe@drm.service[0m - Load Kernel Module drm...
[    2.992519] systemd[1]: Starting modprobe@efi_pstore.service - Load Kernel Module efi_pstore...
         Starting [0;1;39mmodprobe@efi_pstore.servi…[0m - Load Kernel Module efi_pstore...
[    2.998415] systemd[1]: Starting modprobe@fuse.service - Load Kernel Module fuse...
         Starting [0;1;39mmodprobe@fuse.service[0m - Load Kernel Module fuse...
[    3.003189] pstore: Using crash dump compression: deflate
[    3.003663] systemd[1]: Starting modprobe@loop.service - Load Kernel Module loop...
         Starting [0;1;39mmodprobe@loop.service[0m - Load Kernel Module loop...
[    3.009401] systemd[1]: Starting modprobe@nvme_fabrics.service - Load Kernel Module nvme_fabrics...
         Starting [0;1;39mmodprobe@nvme_fabrics.ser…[0m Load Kernel Module nvme_fabrics...
[    3.012460] pstore: Registered efi_pstore as persistent store backend
[    3.013847] systemd[1]: netplan-ovs-cleanup.service - OpenVSwitch configuration for cleanup was skipped because of an unmet condition check (ConditionFileIsExecutable=/usr/bin/ovs-vsctl).
[    3.017611] systemd[1]: Starting systemd-fsck-root.service - File System Check on Root Device...
         Starting [0;1;39msystemd-fsck-root.service[0m…File System Check on Root Device...
[    3.023732] systemd[1]: Starting systemd-modules-load.service - Load Kernel Modules...
         Starting [0;1;39msystemd-modules-load.service[0m - Load Kernel Modules...
[    3.028417] systemd[1]: systemd-pcrmachine.service - TPM2 PCR Machine ID Measurement was skipped because of an unmet condition check (ConditionSecurity=measured-uki).
[    3.030654] systemd[1]: systemd-tpm2-setup-early.service - TPM2 SRK Setup (Early) was skipped because of an unmet condition check (ConditionSecurity=measured-uki).
[    3.033819] systemd[1]: Starting systemd-udev-trigger.service - Coldplug All udev Devices...
         Starting [0;1;39msystemd-udev-trigger.service[0m - Coldplug All udev Devices...
[    3.036813] systemd[1]: Started systemd-journald.service - Journal Service.
[[0;32m  OK  [0m] Started [0;1;39msystemd-journald.service[0m - Journal Service.
[[0;32m  OK  [0m] Mounted [0;1;39mdev-hugepages.mount[0m - Huge Pages File System.
[[0;32m  OK  [0m] Mounted [0;1;39mdev-mqueue.mount[0m - POSIX Message Queue File System.
[[0;32m  OK  [0m] Mounted [0;1;39msys-kernel-debug.mount[0m - Kernel Debug File System.
[[0;32m  OK  [0m] Mounted [0;1;39msys-kernel-tracing.mount[0m - Kernel Trace File System.
[[0;32m  OK  [0m] Finished [0;1;39mkeyboard-setup.service[0m - Set the console keyboard layout.
[[0;32m  OK  [0m] Finished [0;1;39mkmod-static-nodes.service[0m…Create List of Static Device Nodes.
[[0;32m  OK  [0m] Finished [0;1;39mmodprobe@configfs.service[0m - Load Kernel Module configfs.
[[0;32m  OK  [0m] Finished [0;1;39mmodprobe@dm_mod.service[0m - Load Kernel Module dm_mod.
[[0;32m  OK  [0m] Finished [0;1;39mmodprobe@drm.service[0m - Load Kernel Module drm.
[[0;32m  OK  [0m] Finished [0;1;39mmodprobe@efi_pstore.service[0m - Load Kernel Module efi_pstore.
[[0;32m  OK  [0m] Finished [0;1;39mmodprobe@fuse.service[0m - Load Kernel Module fuse.
[[0;32m  OK  [0m] Finished [0;1;39mmodprobe@loop.service[0m - Load Kernel Module loop.
[[0;32m  OK  [0m] Finished [0;1;39mmodprobe@nvme_fabrics.ser…[0m - Load Kernel Module nvme_fabrics.
[[0;32m  OK  [0m] Finished [0;1;39msystemd-modules-load.service[0m - Load Kernel Modules.
         Mounting [0;1;39msys-fs-fuse-connections.mount[0m - FUSE Control File System...
         Mounting [0;1;39msys-kernel-config.mount[0m - Kernel Configuration File System...
[[0;32m  OK  [0m] Started [0;1;39msystemd-fsckd.service[0m - Fi…stem Check Daemon to report status.
         Starting [0;1;39msystemd-sysctl.service[0m - Apply Kernel Variables...
         Starting [0;1;39msystemd-tmpfiles-setup-de…[0m Device Nodes in /dev gracefully...
[[0;32m  OK  [0m] Finished [0;1;39msystemd-fsck-root.service[0m - File System Check on Root Device.
[[0;32m  OK  [0m] Mounted [0;1;39msys-fs-fuse-connections.mount[0m - FUSE Control File System.
[[0;32m  OK  [0m] Mounted [0;1;39msys-kernel-config.mount[0m - Kernel Configuration File System.
         Starting [0;1;39msystemd-remount-fs.servic…[0munt Root and Kernel File Systems...
[[0;32m  OK  [0m] Finished [0;1;39mlvm2-monitor.service[0m - Mo…using dmeventd or progress polling.
[[0;32m  OK  [0m] Finished [0;1;39msystemd-sysctl.service[0m - Apply Kernel Variables.
[[0;32m  OK  [0m] Finished [0;1;39msystemd-tmpfiles-setup-de…[0mic Device Nodes in /dev gracefully.
[[0;32m  OK  [0m] Finished [0;1;39msystemd-remount-fs.servic…[0mmount Root and Kernel File Systems.
         Starting [0;1;39mmultipathd.service[0m - Devi…pper Multipath Device Controller...
         Starting [0;1;39msystemd-journal-flush.ser…[0msh Journal to Persistent Storage...
         Starting [0;1;39msystemd-random-seed.service[0m - Load/Save OS Random Seed...
         Starting [0;1;39msystemd-tmpfiles-setup-de…[0meate Static Device Nodes in /dev...
[[0;32m  OK  [0m] Finished [0;1;39msystemd-random-seed.service[0m - Load/Save OS Random Seed.
[[0;32m  OK  [0m] Finished [0;1;39msystemd-udev-trigger.service[0m - Coldplug All udev Devices.
[[0;32m  OK  [0m] Finished [0;1;39msystemd-tmpfiles-setup-de…[0mCreate Static Device Nodes in /dev.
         Starting [0;1;39msystemd-udevd.service[0m - R…ager for Device Events and Files...
[[0;32m  OK  [0m] Started [0;1;39mmultipathd.service[0m - Devic…Mapper Multipath Device Controller.
[[0;32m  OK  [0m] Started [0;1;39msystemd-udevd.service[0m - Ru…anager for Device Events and Files.
[[0;32m  OK  [0m] Reached target [0;1;39mlocal-fs-pre.target[0m…Preparation for Local File Systems.
         Mounting [0;1;39msnap-core22-2411.mount[0m - …t unit for core22, revision 2411...
         Mounting [0;1;39msnap-google\x2dcloud\x2dc…[0mr google-cloud-cli, revision 448...
         Mounting [0;1;39msnap-snapd-26865.mount[0m - …t unit for snapd, revision 26865...
[[0;32m  OK  [0m] Started [0;1;39msystemd-ask-password-conso…[0mequests to Console Directory Watch.
[[0;32m  OK  [0m] Reached target [0;1;39mcryptsetup.target[0m - Local Encrypted Volumes.
[[0;32m  OK  [0m] Finished [0;1;39msystemd-journal-flush.ser…[0mlush Journal to Persistent Storage.
[[0;32m  OK  [0m] Mounted [0;1;39msnap-core22-2411.mount[0m - Mount unit for core22, revision 2411.
[[0;32m  OK  [0m] Mounted [0;1;39msnap-google\x2dcloud\x2dcl…[0mfor google-cloud-cli, revision 448.
[[0;32m  OK  [0m] Mounted [0;1;39msnap-snapd-26865.mount[0m - Mount unit for snapd, revision 26865.
[[0;32m  OK  [0m] Found device [0;1;39mdev-ttyS0.device[0m - /dev/ttyS0.
[[0;32m  OK  [0m] Found device [0;1;39mdev-disk-by\x2dlabel-UEFI.device[0m - PersistentDisk UEFI.
[[0;32m  OK  [0m] Found device [0;1;39mdev-disk-by\x2dlabel-BOOT.device[0m - PersistentDisk BOOT.
[[0;32m  OK  [0m] Reached target [0;1;39msnapd.mounts.target[0m - Mounted snaps.
[[0;32m  OK  [0m] Listening on [0;1;39msystemd-rfkill.socket[0m…ll Switch Status /dev/rfkill Watch.
[    3.663931] 
         Starting [0;1;39msystemd-fsck@dev-disk-by\…[0mCheck on /dev/disk/by-label/BOOT...
         Starting [0;1;39msystemd-fsck@dev-disk-by\…[0mCheck on /dev/disk/by-label/UEFI...
Checking in progress on 1 disk (0.0% complete)[[0;32m  OK  [0m] Finished [0;1;39msystemd-fsck@dev-disk-by\…[0mm Check on /dev/disk/by-label/BOOT.
Checking in progress on 0 disks (100.0% complete)[[0;32m  OK  [0m] Finished [0;1;39msystemd-fsck@dev-disk-by\…[0mm Check on /dev/disk/by-label/UEFI.
         Mounting [0;1;39mboot.mount[0m - /boot...
[[0;32m  OK  [0m] Mounted [0;1;39mboot.mount[0m - /boot.
         Mounting [0;1;39mboot-efi.mount[0m - /boot/efi...
[[0;32m  OK  [0m] Mounted [0;1;39mboot-efi.mount[0m - /boot/efi.
[[0;32m  OK  [0m] Reached target [0;1;39mlocal-fs.target[0m - Local File Systems.
[[0;32m  OK  [0m] Listening on [0;1;39msystemd-sysext.socket[0m…tension Image Management (Varlink).
         Starting [0;1;39mapparmor.service[0m - Load AppArmor profiles...
         Starting [0;1;39mconsole-setup.service[0m - Set console font and keymap...
         Starting [0;1;39mfinalrd.service[0m - Create …time dir for shutdown pivot root...
         Starting [0;1;39mplymouth-read-write.servi…[0mymouth To Write Out Runtime Data...
         Starting [0;1;39msystemd-binfmt.service[0m - Set Up Additional Binary Formats...
         Starting [0;1;39msystemd-tmpfiles-setup.se…[0me Volatile Files and Directories...
         Starting [0;1;39mufw.service[0m - Uncomplicated firewall...
[[0;32m  OK  [0m] Finished [0;1;39mconsole-setup.service[0m - Set console font and keymap.
[[0;32m  OK  [0m] Finished [0;1;39mfinalrd.service[0m - Create …untime dir for shutdown pivot root.
[[0;32m  OK  [0m] Finished [0;1;39mplymouth-read-write.servi…[0mPlymouth To Write Out Runtime Data.
[[0;32m  OK  [0m] Finished [0;1;39mapparmor.service[0m - Load AppArmor profiles.
[[0;32m  OK  [0m] Finished [0;1;39msystemd-tmpfiles-setup.se…[0mate Volatile Files and Directories.
[[0;32m  OK  [0m] Finished [0;1;39mufw.service[0m - Uncomplicated firewall.
         Mounting [0;1;39mproc-sys-fs-binfmt_misc.m…[0mcutable File Formats File System...
         Starting [0;1;39msnapd.apparmor.service[0m - …iles managed internally by snapd...
         Starting [0;1;39msystemd-resolved.service[0m - Network Name Resolution...
         Starting [0;1;39msystemd-update-utmp.servi…[0mord System Boot/Shutdown in UTMP...
         Starting [0;1;39mcloud-init-local.service[0m …-init: Local Stage (pre-network)...
[[0;32m  OK  [0m] Mounted [0;1;39mproc-sys-fs-binfmt_misc.mo…[0mxecutable File Formats File System.
[[0;32m  OK  [0m] Finished [0;1;39msystemd-binfmt.service[0m - Set Up Additional Binary Formats.
         Starting [0;1;39mmodprobe@dm_mod.service[0m - Load Kernel Module dm_mod...
         Starting [0;1;39mmodprobe@efi_pstore.servi…[0m - Load Kernel Module efi_pstore...
         Starting [0;1;39mmodprobe@loop.service[0m - Load Kernel Module loop...
[[0;32m  OK  [0m] Finished [0;1;39msystemd-update-utmp.servi…[0mecord System Boot/Shutdown in UTMP.
[[0;32m  OK  [0m] Finished [0;1;39mmodprobe@dm_mod.service[0m - Load Kernel Module dm_mod.
[[0;32m  OK  [0m] Finished [0;1;39mmodprobe@efi_pstore.service[0m - Load Kernel Module efi_pstore.
[[0;32m  OK  [0m] Finished [0;1;39mmodprobe@loop.service[0m - Load Kernel Module loop.
[[0;32m  OK  [0m] Started [0;1;39msystemd-resolved.service[0m - Network Name Resolution.
[[0;32m  OK  [0m] Reached target [0;1;39mnss-lookup.target[0m - Host and Network Name Lookups.
[[0;32m  OK  [0m] Finished [0;1;39msnapd.apparmor.service[0m - …ofiles managed internally by snapd.
[    5.917746] cloud-init[711]: Cloud-init v. 25.3-0ubuntu1~24.04.1 running 'init-local' at Fri, 15 May 2026 00:45:41 +0000. Up 5.89 seconds.
         Starting [0;1;39mmodprobe@dm_mod.service[0m - Load Kernel Module dm_mod...
         Starting [0;1;39mmodprobe@efi_pstore.servi…[0m - Load Kernel Module efi_pstore...
         Starting [0;1;39mmodprobe@loop.service[0m - Load Kernel Module loop...
[[0;32m  OK  [0m] Finished [0;1;39mmodprobe@dm_mod.service[0m - Load Kernel Module dm_mod.
[[0;32m  OK  [0m] Finished [0;1;39mmodprobe@efi_pstore.service[0m - Load Kernel Module efi_pstore.
[[0;32m  OK  [0m] Finished [0;1;39mmodprobe@loop.service[0m - Load Kernel Module loop.
         Starting [0;1;39mmodprobe@dm_mod.service[0m - Load Kernel Module dm_mod...
         Starting [0;1;39mmodprobe@efi_pstore.servi…[0m - Load Kernel Module efi_pstore...
         Starting [0;1;39mmodprobe@loop.service[0m - Load Kernel Module loop...
[[0;32m  OK  [0m] Finished [0;1;39mmodprobe@dm_mod.service[0m - Load Kernel Module dm_mod.
[[0;32m  OK  [0m] Finished [0;1;39mmodprobe@efi_pstore.service[0m - Load Kernel Module efi_pstore.
[[0;32m  OK  [0m] Finished [0;1;39mmodprobe@loop.service[0m - Load Kernel Module loop.
[[0;32m  OK  [0m] Finished [0;1;39mcloud-init-local.service[0m …ud-init: Local Stage (pre-network).
[[0;32m  OK  [0m] Reached target [0;1;39mnetwork-pre.target[0m - Preparation for Network.
         Starting [0;1;39msystemd-networkd.service[0m - Network Configuration...
[[0;32m  OK  [0m] Started [0;1;39msystemd-networkd.service[0m - Network Configuration.
[[0;32m  OK  [0m] Reached target [0;1;39mnetwork.target[0m - Network.
         Starting [0;1;39msystemd-networkd-wait-onl…[0mait for Network to be Configured...
[[0;32m  OK  [0m] Finished [0;1;39msystemd-networkd-wait-onl…[0m Wait for Network to be Configured.
         Starting [0;1;39mcloud-init.service[0m - Cloud-init: Network Stage...
[    9.344873] cloud-init[805]: Cloud-init v. 25.3-0ubuntu1~24.04.1 running 'init' at Fri, 15 May 2026 00:45:45 +0000. Up 9.32 seconds.
[    9.359146] cloud-init[805]: ci-info: ++++++++++++++++++++++++++++++++++++++Net device info+++++++++++++++++++++++++++++++++++++++
[    9.372148] cloud-init[805]: ci-info: +--------+------+---------------------------+-----------------+--------+-------------------+
[    9.385221] cloud-init[805]: ci-info: | Device |  Up  |          Address          |       Mask      | Scope  |     Hw-Address    |
[    9.399213] cloud-init[805]: ci-info: +--------+------+---------------------------+-----------------+--------+-------------------+
[    9.413192] cloud-init[805]: ci-info: |  ens5  | True |        10.128.0.54        | 255.255.255.255 | global | 42:01:0a:80:00:36 |
[    9.427207] cloud-init[805]: ci-info: |  ens5  | True | fe80::4001:aff:fe80:36/64 |        .        |  link  | 42:01:0a:80:00:36 |
[    9.441172] cloud-init[805]: ci-info: |   lo   | True |         127.0.0.1         |    255.0.0.0    |  host  |         .         |
[    9.455210] cloud-init[805]: ci-info: |   lo   | True |          ::1/128          |        .        |  host  |         .         |
[    9.468140] cloud-init[805]: ci-info: +--------+------+---------------------------+-----------------+--------+-------------------+
[    9.481110] cloud-init[805]: ci-info: +++++++++++++++++++++++++++++++Route IPv4 info++++++++++++++++++++++++++++++++
[    9.493221] cloud-init[805]: ci-info: +-------+-----------------+------------+-----------------+-----------+-------+
[    9.505247] cloud-init[805]: ci-info: | Route |   Destination   |  Gateway   |     Genmask     | Interface | Flags |
[    9.517143] cloud-init[805]: ci-info: +-------+-----------------+------------+-----------------+-----------+-------+
[    9.529101] cloud-init[805]: ci-info: |   0   |     0.0.0.0     | 10.128.0.1 |     0.0.0.0     |    ens5   |   UG  |
[    9.541088] cloud-init[805]: ci-info: |   1   |    10.128.0.1   |  0.0.0.0   | 255.255.255.255 |    ens5   |   UH  |
[    9.552090] cloud-init[805]: ci-info: |   2   | 169.254.169.254 | 10.128.0.1 | 255.255.255.255 |    ens5   |  UGH  |
[    9.564101] cloud-init[805]: ci-info: +-------+-----------------+------------+-----------------+-----------+-------+
[    9.576099] cloud-init[805]: ci-info: +++++++++++++++++++Route IPv6 info+++++++++++++++++++
[    9.585086] cloud-init[805]: ci-info: +-------+-------------+---------+-----------+-------+
[    9.594114] cloud-init[805]: ci-info: | Route | Destination | Gateway | Interface | Flags |
[    9.603108] cloud-init[805]: ci-info: +-------+-------------+---------+-----------+-------+
[    9.614087] cloud-init[805]: ci-info: |   0   |  fe80::/64  |    ::   |    ens5   |   U   |
[    9.623159] cloud-init[805]: ci-info: |   2   |    local    |    ::   |    ens5   |   U   |
[    9.634148] cloud-init[805]: ci-info: |   3   |  multicast  |    ::   |    ens5   |   U   |
[    9.643094] cloud-init[805]: ci-info: +-------+-------------+---------+-----------+-------+
[   14.848663] cloud-init[805]: Generating public/private rsa key pair.
[   14.857196] cloud-init[805]: Your identification has been saved in /etc/ssh/ssh_host_rsa_key
[   14.868210] cloud-init[805]: Your public key has been saved in /etc/ssh/ssh_host_rsa_key.pub
[   14.879137] cloud-init[805]: The key fingerprint is:
[   14.885204] cloud-init[805]: SHA256:sjRnzPOmLrybVeAsNzVyM113KCd1JlugdeprLbOrnZY root@loadgen-t958
[   14.896209] cloud-init[805]: The key's randomart image is:
[[0;32m  OK  [0m] Finished [0;1;39mcloud-init.service[0m - Cloud-init: Network Stage.
[   14.902145] cloud-init[805]: +---[RSA 3072]----+
[[0;32m  OK  [0m] Reached target [0;1;39mcloud-config.target[0m - Cloud-config availability.
[   14.916121] cloud-init[805]: |             .*oB|
[[0;32m  OK  [0m] Reached target [0;1;39mnetwork-online.target[0m - Network is Online.
[   14.930213] cloud-init[805]: |           .o+oX.|
[[0;32m  OK  [0m] Reached target [0;1;39msysinit.target[0m - System Initialization.
[   14.944114] cloud-init[805]: |        o * o+o  |
[[0;32m  OK  [0m] Started [0;1;39mnvidia-cdi-refresh.path[0m - …r toolkit install / upgrade events.
[   14.957134] cloud-init[805]: |       = = + .   |
[[0;32m  OK  [0m] Started [0;1;39mgce-workload-cert-refresh.…[0mWorkload Certificate refresh timer.
[   14.973104] cloud-init[805]: |      = S .   .  |
[   14.989100] cloud-init[805]: |     . O =     o |
[   14.995092] cloud-init[805]: |     .. . o   =..|
[[0;32m  OK  [0m] Started [0;1;39mgoogle-oslogin-cache.timer[0m - NSS cache refresh timer.
[   15.001098] cloud-init[805]: |      oo o   oE= |
[   15.016082] cloud-init[805]: |      +=o   .o=. |
[[0;32m  OK  [0m] Started [0;1;39msystemd-tmpfiles-clean.tim…[0my Cleanup of Temporary Directories.
[   15.022111] cloud-init[805]: +----[SHA256]-----+
[   15.038107] cloud-init[805]: Generating public/private ecdsa key pair.
[   15.038189] cloud-init[805]: Your identification has been saved in /etc/ssh/ssh_host_ecdsa_key
[[0;32m  OK  [0m] Started [0;1;39mupdate-notifier-download.t…[0mhat failed at package install time.
[   15.038354] cloud-init[805]: Your public key has been saved in /etc/ssh/ssh_host_ecdsa_key.pub
[   15.074117] cloud-init[805]: The key fingerprint is:
[   15.080098] cloud-init[805]: SHA256:Y8u4TyKnkmpXn28mFYxRRTdH/aUpO4cdguTvifIYoQI root@loadgen-t958
[   15.091109] cloud-init[805]: The key's randomart image is:
[   15.099084] cloud-init[805]: +---[ECDSA 256]---+
[[0;32m  OK  [0m] Reached target [0;1;39mpaths.target[0m - Path Units.
[   15.105114] cloud-init[805]: |        ..oo o.o.|
[[0;32m  OK  [0m] Listening on [0;1;39mcloud-init-hotplugd.s…t[0m - cloud-init hotplug hook socket.
[   15.118120] cloud-init[805]: |       .  . . o o|
[[0;32m  OK  [0m] Listening on [0;1;39mdbus.socket[0m - D-Bus System Message Bus Socket.
[   15.134124] cloud-init[805]: |        +o .   oo|
         Starting [0;1;39mdocker.socket[0m - Docker Socket for the API...
[   15.149239] cloud-init[805]: |       . oo o + .|
[[0;32m  OK  [0m] Listening on [0;1;39miscsid.socket[0m - Open-iSCSI iscsid Socket.
[   15.162144] cloud-init[805]: |  E     S .. * . |
         Starting [0;1;39mlxd-installer.socket[0m - He…er to install lxd snap on demand...
[   15.175252] cloud-init[805]: |   . . = =  = o  |
         Starting [0;1;39msnapd.socket[0m - Socket activation for snappy daemon...
[   15.191237] cloud-init[805]: |   .+ * B  o +   |
[[0;32m  OK  [0m] Listening on [0;1;39mssh.socket[0m - OpenBSD Secure Shell server socket.
[   15.204127] cloud-init[805]: | .o. = B.=. o    |
[[0;32m  OK  [0m] Listening on [0;1;39muuidd.socket[0m - UUID daemon activation socket.
[   15.218132] cloud-init[805]: |o.... ..B+.      |
[[0;32m  OK  [0m] Finished [0;1;39mblk-availability.service[0m - Availability of block devices.
[   15.232110] cloud-init[805]: +----[SHA256]-----+
[[0;32m  OK  [0m] Listening on [0;1;39mdocker.socket[0m - Docker Socket for the API.
[   15.246107] cloud-init[805]: Generating public/private ed25519 key pair.
[[0;32m  OK  [0m] Listening on [0;1;39mlxd-installer.socket[0m …lper to install lxd snap on demand.
[   15.262142] cloud-init[805]: Your identification has been saved in /etc/ssh/ssh_host_ed25519_key
[[0;32m  OK  [0m] Listening on [0;1;39msnapd.socket[0m - Socket activation for snappy daemon.
[   15.282144] cloud-init[805]: Your public key has been saved in /etc/ssh/ssh_host_ed25519_key.pub
[[0;32m  OK  [0m] Reached target [0;1;39msockets.target[0m - Socket Units.
[   15.300140] cloud-init[805]: The key fingerprint is:
[[0;32m  OK  [0m] Reached target [0;1;39mbasic.target[0m - Basic System.
[   15.313113] cloud-init[805]: SHA256:zorDPVug+dgiLmruplH8KpWGEXMlXeAP4ksJfgDLeMc root@loadgen-t958
[   15.330122] cloud-init[805]: The key's randomart image is:
[   15.330200] cloud-init[805]: +--[ED25519 256]--+
         Starting [0;1;39mchrony.service[0m - chrony, an NTP client/server...
[   15.337376] cloud-init[805]: |. .ooo.          |
[   15.356132] cloud-init[805]: |*..+.            |
[   15.362142] cloud-init[805]: |+*o E            |
[   15.362231] cloud-init[805]: |o=.+ o           |
[   15.362368] cloud-init[805]: | +*o  o S        |
[   15.372225] cloud-init[805]: |.o=o o +         |
         Starting [0;1;39mcloud-config.service[0m - Cloud-init: Config Stage...
[   15.372320] cloud-init[805]: |.o..+.  +        |
         Starting [0;1;39mdbus.service[0m - D-Bus System Message Bus...
[   15.395256] cloud-init[805]: |o+..+=oo         |
[[0;32m  OK  [0m] Started [0;1;39mdmesg.service[0m - Save initial kernel messages after boot.
[   15.406648] cloud-init[805]: |X*o.oo=o         |
         Starting [0;1;39me2scrub_reap.service[0m - Re…ne ext4 Metadata Check Snapshots...
[   15.422170] cloud-init[805]: +----[SHA256]-----+
         Starting [0;1;39mgce-workload-cert-refresh…[0mGCE Workload Certificate refresh...
[[0;32m  OK  [0m] Started [0;1;39mgoogle-osconfig-agent.service[0m - Google OSConfig Agent.
         Starting [0;1;39mgoogle-oslogin-cache.service[0m - NSS cache refresh...
         Starting [0;1;39mgrub-common.service[0m - Record successful boot for GRUB...
         Starting [0;1;39mnetworkd-dispatcher.servi…[0mcher daemon for systemd-networkd...
         Starting [0;1;39mnvidia-persistenced.service[0m - NVIDIA Persistence Daemon...
         Starting [0;1;39mnvmf-autoconnect.service[0m …ystems automatically during boot...
         Starting [0;1;39mrsyslog.service[0m - System Logging Service...
         Starting [0;1;39msecureboot-db.service[0m - Secure Boot updates for DB and DBX...
[[0;32m  OK  [0m] Reached target [0;1;39mgetty-pre.target[0m - Preparation for Logins.
         Starting [0;1;39msnapd.seeded.service[0m - Wait until snapd is fully seeded...
         Starting [0;1;39msnapd.service[0m - Snap Daemon...
         Starting [0;1;39msysstat.service[0m - Resets System Activity Logs...
         Starting [0;1;39msystemd-logind.service[0m - User Login Management...
[[0;32m  OK  [0m] Started [0;1;39mubuntu-advantage.service[0m - Ubuntu Pro Background Auto Attach.
[[0;32m  OK  [0m] Started [0;1;39mdbus.service[0m - D-Bus System Message Bus.
[[0;32m  OK  [0m] Finished [0;1;39mgce-workload-cert-refresh…[0m- GCE Workload Certificate refresh.
[[0;32m  OK  [0m] Finished [0;1;39mgoogle-oslogin-cache.service[0m - NSS cache refresh.
[[0;32m  OK  [0m] Started [0;1;39mnetworkd-dispatcher.servic…[0matcher daemon for systemd-networkd.
[[0;32m  OK  [0m] Started [0;1;39msystemd-logind.service[0m - User Login Management.
[[0;32m  OK  [0m] Started [0;1;39mnvidia-persistenced.service[0m - NVIDIA Persistence Daemon.
[[0;32m  OK  [0m] Finished [0;1;39mnvmf-autoconnect.service[0m …bsystems automatically during boot.
[[0;32m  OK  [0m] Finished [0;1;39msysstat.service[0m - Resets System Activity Logs.
[[0;32m  OK  [0m] Reached target [0;1;39mremote-fs-pre.targe…[0mreparation for Remote File Systems.
[   15.716962] cloud-init[997]: Cloud-init v. 25.3-0ubuntu1~24.04.1 running 'modules:config' at Fri, 15 May 2026 00:45:51 +0000. Up 15.67 seconds.
[[0;32m  OK  [0m] Reached target [0;1;39mremote-fs.target[0m - Remote File Systems.
         Starting [0;1;39mapport.service[0m - automatic crash report generation...
         Starting [0;1;39mcontainerd.service[0m - containerd container runtime...
[[0;32m  OK  [0m] Started [0;1;39mcron.service[0m - Regular background program processing daemon.
         Starting [0;1;39msystemd-user-sessions.service[0m - Permit User Sessions...
[[0;32m  OK  [0m] Started [0;1;39munattended-upgrades.service[0m - Unattended Upgrades Shutdown.
[[0;32m  OK  [0m] Started [0;1;39mchrony.service[0m - chrony, an NTP client/server.
[[0;32m  OK  [0m] Finished [0;1;39mgrub-common.service[0m - Record successful boot for GRUB.
[[0;32m  OK  [0m] Finished [0;1;39msystemd-user-sessions.service[0m - Permit User Sessions.
2026-05-15T00:45:51.934808+00:00 loadgen-t958 systemd[1]: Mounted dev-hugepages.mount - Huge Pages File System.
[[0;32m  OK  [0m] Started [0;1;39mrsyslog.service[0m - System Logging Service.
2026-05-15T00:45:51.934973+00:00 loadgen-t958 systemd[1]: Mounted dev-mqueue.mount - POSIX Message Queue File System.
2026-05-15T00:45:51.935024+00:00 loadgen-t958 systemd[1]: Mounted sys-kernel-debug.mount - Kernel Debug File System.
2026-05-15T00:45:51.935030+00:00 loadgen-t958 systemd[1]: Mounted sys-kernel-tracing.mount - Kernel Trace File System.
2026-05-15T00:45:51.935035+00:00 loadgen-t958 systemd[1]: Finished keyboard-setup.service - Set the console keyboard layout.
2026-05-15T00:45:51.935039+00:00 loadgen-t958 systemd[1]: Finished kmod-static-nodes.service - Create List of Static Device Nodes.
2026-05-15T00:45:51.935044+00:00 loadgen-t958 systemd[1]: modprobe@configfs.service: Deactivated successfully.
2026-05-15T00:45:51.935048+00:00 loadgen-t958 systemd[1]: Finished modprobe@configfs.service - Load Kernel Module configfs.
2026-05-15T00:45:51.935055+00:00 loadgen-t958 systemd[1]: modprobe@dm_mod.service: Deactivated successfully.
2026-05-15T00:45:51.935056+00:00 loadgen-t958 kernel: Linux version 6.17.0-1013-gcp (buildd@lcy02-amd64-034) (x86_64-linux-gnu-gcc-13 (Ubuntu 13.3.0-6ubuntu2~24.04.1) 13.3.0, GNU ld (GNU Binutils for Ubuntu) 2.42) #13~24.04.1-Ubuntu SMP Thu Apr 16 02:10:24 UTC 2026 (Ubuntu 6.17.0-1013.13~24.04.1-gcp 6.17.13)
2026-05-15T00:45:51.935060+00:00 loadgen-t958 systemd[1]: Finished modprobe@dm_mod.service - Load Kernel Module dm_mod.
2026-05-15T00:45:51.935065+00:00 loadgen-t958 kernel: Command line: BOOT_IMAGE=/vmlinuz-6.17.0-1013-gcp root=PARTUUID=6624332c-1f00-4e51-a0bf-94661fe17234 ro console=ttyS0,115200 panic=-1
2026-05-15T00:45:51.935066+00:00 loadgen-t958 kernel: KERNEL supported cpus:
2026-05-15T00:45:51.935067+00:00 loadgen-t958 kernel:   Intel GenuineIntel
2026-05-15T00:45:51.935067+00:00 loadgen-t958 kernel:   AMD AuthenticAMD
2026-05-15T00:45:51.935068+00:00 loadgen-t958 kernel:   Hygon HygonGenuine
2026-05-15T00:45:51.935065+00:00 loadgen-t958 systemd[1]: modprobe@drm.service: Deactivated successfully.
2026-05-15T00:45:51.935068+00:00 loadgen-t958 kernel:   Centaur CentaurHauls
2026-05-15T00:45:51.935072+00:00 loadgen-t958 kernel:   zhaoxin   Shanghai  
2026-05-15T00:45:51.935072+00:00 loadgen-t958 kernel: x86/CPU: Model not found in latest microcode list
2026-05-15T00:45:51.935071+00:00 loadgen-t958 systemd[1]: Finished modprobe@drm.service - Load Kernel Module drm.
2026-05-15T00:45:51.935073+00:00 loadgen-t958 kernel: BIOS-provided physical RAM map:
2026-05-15T00:45:51.935078+00:00 loadgen-t958 kernel: BIOS-e820: [mem 0x0000000000000000-0x0000000000000fff] reserved
2026-05-15T00:45:51.935078+00:00 loadgen-t958 kernel: BIOS-e820: [mem 0x0000000000001000-0x0000000000054fff] usable
2026-05-15T00:45:51.935079+00:00 loadgen-t958 kernel: BIOS-e820: [mem 0x0000000000055000-0x000000000005ffff] reserved
2026-05-15T00:45:51.935077+00:00 loadgen-t958 systemd[1]: modprobe@efi_pstore.service: Deactivated successfully.
2026-05-15T00:45:51.935082+00:00 loadgen-t958 kernel: BIOS-e820: [mem 0x0000000000060000-0x0000000000097fff] usable
2026-05-15T00:45:51.935083+00:00 loadgen-t958 kernel: BIOS-e820: [mem 0x0000000000098000-0x000000000009ffff] reserved
2026-05-15T00:45:51.935083+00:00 loadgen-t958 kernel: BIOS-e820: [mem 0x0000000000100000-0x00000000bd254fff] usable
2026-05-15T00:45:51.935084+00:00 loadgen-t958 kernel: BIOS-e820: [mem 0x00000000bd255000-0x00000000bd25ffff] ACPI data
2026-05-15T00:45:51.935084+00:00 loadgen-t958 kernel: BIOS-e820: [mem 0x00000000bd260000-0x00000000bf8ecfff] usable
2026-05-15T00:45:51.935085+00:00 loadgen-t958 kernel: BIOS-e820: [mem 0x00000000bf8ed000-0x00000000bfb6cfff] reserved
2026-05-15T00:45:51.935085+00:00 loadgen-t958 kernel: BIOS-e820: [mem 0x00000000bfb6d000-0x00000000bfb7efff] ACPI data
2026-05-15T00:45:51.935082+00:00 loadgen-t958 systemd[1]: Finished modprobe@efi_pstore.service - Load Kernel Module efi_pstore.
2026-05-15T00:45:51.935088+00:00 loadgen-t958 kernel: BIOS-e820: [mem 0x00000000bfb7f000-0x00000000bfbfefff] ACPI NVS
2026-05-15T00:45:51.935089+00:00 loadgen-t958 kernel: BIOS-e820: [mem 0x00000000bfbff000-0x00000000bffdffff] usable
2026-05-15T00:45:51.935089+00:00 loadgen-t958 kernel: BIOS-e820: [mem 0x00000000bffe0000-0x00000000bfffffff] reserved
2026-05-15T00:45:51.935090+00:00 loadgen-t958 kernel: BIOS-e820: [mem 0x0000000100000000-0x000000103fffffff] usable
2026-05-15T00:45:51.935090+00:00 loadgen-t958 kernel: NX (Execute Disable) protection: active
2026-05-15T00:45:51.935090+00:00 loadgen-t958 kernel: APIC: Static calls initialized
2026-05-15T00:45:51.935090+00:00 loadgen-t958 systemd[1]: modprobe@fuse.service: Deactivated successfully.
2026-05-15T00:45:51.935093+00:00 loadgen-t958 kernel: efi: EFI v2.7 by EDK II
2026-05-15T00:45:51.935094+00:00 loadgen-t958 kernel: efi: TPMFinalLog=0xbfbf7000 ACPI=0xbfb7e000 ACPI 2.0=0xbfb7e014 SMBIOS=0xbf9ca000 MEMATTR=0xbd260018 MOKvar=0xbf9c8000 RNG=0xbfb72018 TPMEventLog=0xbd255018 
2026-05-15T00:45:51.935095+00:00 loadgen-t958 kernel: random: crng init done
2026-05-15T00:45:51.935095+00:00 loadgen-t958 kernel: SMBIOS 2.4 present.
2026-05-15T00:45:51.935096+00:00 loadgen-t958 kernel: DMI: Google Google Compute Engine/Google Compute Engine, BIOS Google 04/21/2026
2026-05-15T00:45:51.935095+00:00 loadgen-t958 systemd[1]: Finished modprobe@fuse.service - Load Kernel Module fuse.
2026-05-15T00:45:51.935096+00:00 loadgen-t958 kernel: DMI: Memory slots populated: 4/4
2026-05-15T00:45:51.935102+00:00 loadgen-t958 kernel: secureboot: Secure boot disabled
2026-05-15T00:45:51.935103+00:00 loadgen-t958 kernel: Hypervisor detected: KVM
2026-05-15T00:45:51.935103+00:00 loadgen-t958 kernel: last_pfn = 0xbffe0 max_arch_pfn = 0x400000000
2026-05-15T00:45:51.935104+00:00 loadgen-t958 kernel: kvm-clock: Using msrs 4b564d01 and 4b564d00
2026-05-15T00:45:51.935104+00:00 loadgen-t958 kernel: kvm-clock: using sched offset of 14540052852 cycles
2026-05-15T00:45:51.935105+00:00 loadgen-t958 kernel: clocksource: kvm-clock: mask: 0xffffffffffffffff max_cycles: 0x1cd42e4dffb, max_idle_ns: 881590591483 ns
2026-05-15T00:45:51.935105+00:00 loadgen-t958 kernel: tsc: Detected 2299.998 MHz processor
2026-05-15T00:45:51.935106+00:00 loadgen-t958 systemd[1]: modprobe@loop.service: Deactivated successfully.
2026-05-15T00:45:51.935108+00:00 loadgen-t958 kernel: e820: update [mem 0x00000000-0x00000fff] usable ==> reserved
2026-05-15T00:45:51.935112+00:00 loadgen-t958 kernel: e820: remove [mem 0x000a0000-0x000fffff] usable
2026-05-15T00:45:51.935112+00:00 loadgen-t958 kernel: last_pfn = 0x1040000 max_arch_pfn = 0x400000000
2026-05-15T00:45:51.935113+00:00 loadgen-t958 kernel: MTRR map: 3 entries (2 fixed + 1 variable; max 18), built from 8 variable MTRRs
2026-05-15T00:45:51.935113+00:00 loadgen-t958 kernel: x86/PAT: Configuration [0-7]: WB  WC  UC- UC  WB  WP  UC- WT  
2026-05-15T00:45:51.935114+00:00 loadgen-t958 kernel: last_pfn = 0xbffe0 max_arch_pfn = 0x400000000
2026-05-15T00:45:51.935113+00:00 loadgen-t958 systemd[1]: Finished modprobe@loop.service - Load Kernel Module loop.
2026-05-15T00:45:51.935116+00:00 loadgen-t958 kernel: Using GB pages for direct mapping
2026-05-15T00:45:51.935117+00:00 loadgen-t958 kernel: secureboot: Secure boot disabled
2026-05-15T00:45:51.935118+00:00 loadgen-t958 kernel: ACPI: Early table checksum verification disabled
2026-05-15T00:45:51.935118+00:00 loadgen-t958 kernel: ACPI: RSDP 0x00000000BFB7E014 000024 (v02 Google)
2026-05-15T00:45:51.935119+00:00 loadgen-t958 kernel: ACPI: XSDT 0x00000000BFB7D0E8 00005C (v01 Google GOOGFACP 00000001      01000013)
2026-05-15T00:45:51.935119+00:00 loadgen-t958 kernel: ACPI: FACP 0x00000000BFB78000 0000F4 (v02 Google GOOGFACP 00000001 GOOG 00000001)
2026-05-15T00:45:51.935118+00:00 loadgen-t958 systemd[1]: modprobe@nvme_fabrics.service: Deactivated successfully.
2026-05-15T00:45:51.935122+00:00 loadgen-t958 kernel: ACPI: DSDT 0x00000000BFB79000 001A64 (v01 Google GOOGDSDT 00000001 GOOG 00000001)
2026-05-15T00:45:51.935123+00:00 loadgen-t958 kernel: ACPI: FACS 0x00000000BFBF1000 000040
2026-05-15T00:45:51.935123+00:00 loadgen-t958 kernel: ACPI: SSDT 0x00000000BFB7C000 000316 (v02 GOOGLE Tpm2Tabl 00001000 INTL 20250807)
2026-05-15T00:45:51.935124+00:00 loadgen-t958 kernel: ACPI: TPM2         Stopping [0;1;39mchrony.service[0m - chrony, an NTP client/server...
 0x00000000BFB7B000 000034 (v04 GOOGLE          00000001 GOOG 00000001)
2026-05-15T00:45:51.935124+00:00 loadgen-t958 kernel: ACPI: SRAT 0x00000000BFB77000 000228 (v03 Google GOOGSRAT 00000001 GOOG 00000001)
2026-05-15T00:45:51.935128+00:00 loadgen-t958 kernel: ACPI: APIC 0x00000000BFB76000 000126 (v05 Google GOOGAPIC 00000001 GOOG 00000001)
2026-05-15T00:45:51.935128+00:00 loadgen-t958 kernel: ACPI: SSDT 0x00000000BFB74000 0011D6 (v01 Google GOOGSSDT 00000001 GOOG 00000001)
2026-05-15T00:45:51.935123+00:00 loadgen-t958 systemd[1]: Finished modprobe@nvme_fabrics.service - Load Kernel Module nvme_fabrics.
2026-05-15T00:45:51.935131+00:00 loadgen-t958 kernel: ACPI: WAET 0x00000000BFB73000 000028 (v01 Google GOOGWAET 00000001 GOOG 00000001)
2026-05-15T00:45:51.935132+00:00 loadgen-t958 kernel: ACPI: Reserving FACP table memory at [mem 0xbfb78000-0xbfb780f3]
2026-05-15T00:45:51.935133+00:00 loadgen-t958 kernel: ACPI: Reserving DSDT table memory at [mem 0xbfb79000-0xbfb7aa63]
2026-05-15T00:45:51.935133+00:00 loadgen-t958 kernel: ACPI: Reserving FACS table memory at [mem 0xbfbf1000-0xbfbf103f]
2026-05-15T00:45:51.935133+00:00 loadgen-t958 kernel: ACPI: Reserving SSDT table memory at [mem 0xbfb7c000-0xbfb7c315]
2026-05-15T00:45:51.935134+00:00 loadgen-t958 kernel: ACPI: Reserving TPM2 table memory at [mem 0xbfb7b000-0xbfb7b033]
2026-05-15T00:45:51.935132+00:00 loadgen-t958 systemd-modules-load[306]: Inserted module 'dm_multipath'
2026-05-15T00:45:51.935137+00:00 loadgen-t958 kernel: ACPI: Reserving SRAT table memory at [mem 0xbfb77000-0xbfb77227]
2026-05-15T00:45:51.935138+00:00 loadgen-t958 kernel: ACPI: Reserving APIC table memory at [mem 0xbfb76000-0xbfb76125]
2026-05-15T00:45:51.935138+00:00 loadgen-t958 kernel: ACPI: Reserving SSDT table memory at [mem 0xbfb74000-0xbfb751d5]
2026-05-15T00:45:51.935139+00:00 loadgen-t958 kernel: ACPI: Reserving WAET table memory at [mem 0xbfb73000-0xbfb73027]
2026-05-15T00:45:51.935139+00:00 loadgen-t958 kernel: ACPI: SRAT: Node 0 PXM 0 [mem 0x00000000-0x0009ffff]
2026-05-15T00:45:51.935140+00:00 loadgen-t958 kernel: ACPI: SRAT: Node 0 PXM 0 [mem 0x00100000-0xbfffffff]
2026-05-15T00:45:51.935140+00:00 loadgen-t958 kernel: ACPI: SRAT: Node 0 PXM 0 [mem 0x100000000-0x103fffffff]
2026-05-15T00:45:51.935139+00:00 loadgen-t958 systemd[1]: Finished systemd-modules-load.service - Load Kernel Modules.
2026-05-15T00:45:51.935143+00:00 loadgen-t958 kernel: NUMA: Node 0 [mem 0x00001000-0x0009ffff] + [mem 0x00100000-0xbfffffff] -> [mem 0x00001000-0xbfffffff]
2026-05-15T00:45:51.935144+00:00 loadgen-t958 kernel: NUMA: Node 0 [mem 0x00001000-0xbfffffff] + [mem 0x100000000-0x103fffffff] -> [mem 0x00001000-0x103fffffff]
2026-05-15T00:45:51.935144+00:00 loadgen-t958 kernel: NODE_DATA(0) allocated [mem 0x103ffd52c0-0x103fffffff]
2026-05-15T00:45:51.935145+00:00 loadgen-t958 kernel: Zone ranges:
2026-05-15T00:45:51.935145+00:00 loadgen-t958 kernel:   DMA      [mem 0x0000000000001000-0x0000000000ffffff]
2026-05-15T00:45:51.935146+00:00 loadgen-t958 kernel:   DMA32    [mem 0x0000000001000000-0x00000000ffffffff]
2026-05-15T00:45:51.935144+00:00 loadgen-t958 systemd-fsck[309]: cloudimg-rootfs: clean, 172898/6422528 files, 2136941/12844795 blocks
2026-05-15T00:45:51.935149+00:00 loadgen-t958 kernel:   Normal   [mem 0x0000000100000000-0x000000103fffffff]
2026-05-15T00:45:51.935150+00:00 loadgen-t958 kernel:   Device   empty
2026-05-15T00:45:51.935150+00:00 loadgen-t958 kernel: Movable zone start for each node
2026-05-15T00:45:51.935151+00:00 loadgen-t958 kernel: Early memory node ranges
2026-05-15T00:45:51.935151+00:00 loadgen-t958 kernel:   node   0: [mem 0x0000000000001000-0x0000000000054fff]
2026-05-15T00:45:51.935152+00:00 loadgen-t958 kernel:   node   0: [mem 0x0000000000060000-0x0000000000097fff]
2026-05-15T00:45:51.935150+00:00 loadgen-t958 systemd[1]: Mounting sys-fs-fuse-connections.mount - FUSE Control File System...
2026-05-15T00:45:51.935155+00:00 loadgen-t958 kernel:   node   0: [mem 0x0000000000100000-0x00000000bd254fff]
2026-05-15T00:45:51.935156+00:00 loadgen-t958 kernel:   node   0: [mem 0x00000000bd260000-0x00000000bf8ecfff]
2026-05-15T00:45:51.935156+00:00 loadgen-t958 kernel:   node   0: [mem 0x00000000bfbff000-0x00000000bffdffff]
2026-05-15T00:45:51.935157+00:00 loadgen-t958 kernel:   node   0: [mem 0x0000000100000000-0x000000103fffffff]
2026-05-15T00:45:51.935157+00:00 loadgen-t958 kernel: Initmem setup node 0 [mem 0x0000000000001000-0x000000103fffffff]
2026-05-15T00:45:51.935158+00:00 loadgen-t958 kernel: On node 0, zone DMA: 1 pages in unavailable ranges
2026-05-15T00:45:51.935155+00:00 loadgen-t958 systemd[1]: Mounting sys-kernel-config.mount - Kernel Configuration File System...
2026-05-15T00:45:51.935161+00:00 loadgen-t958 kernel: On node 0, zone DMA: 11 pages in unavailable ranges
2026-05-15T00:45:51.935161+00:00 loadgen-t958 kernel: On node 0, zone DMA: 104 pages in unavailable ranges
2026-05-15T00:45:51.935162+00:00 loadgen-t958 kernel: On node 0, zone DMA32: 11 pages in unavailable ranges
2026-05-15T00:45:51.935162+00:00 loadgen-t958 kernel: On node 0, zone DMA32: 786 pages in unavailable ranges
2026-05-15T00:45:51.935163+00:00 loadgen-t958 kernel: On node 0, zone Normal: 32 pages in unavailable ranges
2026-05-15T00:45:51.935163+00:00 loadgen-t958 kernel: ACPI: PM-Timer IO Port: 0xb008
2026-05-15T00:45:51.935164+00:00 loadgen-t958 kernel: ACPI: LAPIC_NMI (acpi_id[0xff] dfl dfl lint[0x1])
2026-05-15T00:45:51.935161+00:00 loadgen-t958 systemd[1]: Started systemd-fsckd.service - File System Check Daemon to report status.
2026-05-15T00:45:51.935167+00:00 loadgen-t958 kernel: IOAPIC[0]: apic_id 0, version 17, address 0xfec00000, GSI 0-23
2026-05-15T00:45:51.935167+00:00 loadgen-t958 kernel: ACPI: INT_SRC_OVR (bus 0 bus_irq 5 global_irq 5 high level)
2026-05-15T00:45:51.935168+00:00 loadgen-t958 kernel: ACPI: INT_SRC_OVR (bus 0 bus_irq 9 global_irq 9 high level)
2026-05-15T00:45:51.935168+00:00 loadgen-t958 kernel: ACPI: INT_SRC_OVR (bus 0 bus_irq 10 global_irq 10 high level)
2026-05-15T00:45:51.935169+00:00 loadgen-t958 kernel: ACPI: INT_SRC_OVR (bus 0 bus_irq 11 global_irq 11 high level)
2026-05-15T00:45:51.935169+00:00 loadgen-t958 kernel: ACPI: Using ACPI (MADT) for SMP configuration information
2026-05-15T00:45:51.935169+00:00 loadgen-t958 systemd[1]: systemd-repart.service - Repartition Root Disk was skipped because no trigger condition checks were met.
2026-05-15T00:45:51.935172+00:00 loadgen-t958 kernel: CPU topo: Max. logical packages:   1
2026-05-15T00:45:51.935173+00:00 loadgen-t958 kernel: CPU topo: Max. logical dies:       1
2026-05-15T00:45:51.935173+00:00 loadgen-t958 kernel: CPU topo: Max. dies per package:   1
2026-05-15T00:45:51.935174+00:00 loadgen-t958 kernel: CPU topo: Max. threads per core:   2
2026-05-15T00:45:51.935174+00:00 loadgen-t958 kernel: CPU topo: Num. cores per package:    12
2026-05-15T00:45:51.935174+00:00 loadgen-t958 systemd[1]: Starting systemd-sysctl.service - Apply Kernel Variables...
2026-05-15T00:45:51.935179+00:00 loadgen-t958 systemd[1]: Starting systemd-tmpfiles-setup-dev-early.service - Create Static Device Nodes in /dev gracefully...
2026-05-15T00:45:51.935184+00:00 loadgen-t958 systemd[1]: Finished systemd-fsck-root.service - File System Check on Root Device.
2026-05-15T00:45:51.935188+00:00 loadgen-t958 systemd[1]: Mounted sys-fs-fuse-connections.mount - FUSE Control File System.
2026-05-15T00:45:51.935193+00:00 loadgen-t958 systemd[1]: Mounted sys-kernel-config.mount - Kernel Configuration File System.
2026-05-15T00:45:51.935200+00:00 loadgen-t958 systemd[1]: Starting systemd-remount-fs.service - Remount Root and Kernel File Systems...
2026-05-15T00:45:51.935204+00:00 loadgen-t958 systemd[1]: Finished lvm2-monitor.service - Monitoring of LVM2 mirrors, snapshots etc. using dmeventd or progress polling.
2026-05-15T00:45:51.935209+00:00 loadgen-t958 systemd[1]: Finished systemd-sysctl.service - Apply Kernel Variables.
2026-05-15T00:45:51.935213+00:00 loadgen-t958 systemd[1]: Finished systemd-tmpfiles-setup-dev-early.service - Create Static Device Nodes in /dev gracefully.
2026-05-15T00:45:51.935218+00:00 loadgen-t958 systemd[1]: Finished systemd-remount-fs.ser         Starting [0;1;39mgoogle-guest-agent.servic…[0moogle Compute Engine Guest Agent...
vice - Remount Root and Kernel File Systems.
2026-05-15T00:45:51.935225+00:00 loadgen-t958 systemd[1]: Starting multipathd.service - Device-Mapper Multipath Device Controller...
2026-05-15T00:45:51.935230+00:00 loadgen-t958 systemd[1]: systemd-hwdb-update.service - Rebuild Hardware Database was skipped because of an unmet condition check (ConditionNeedsUpdate=/etc).
2026-05-15T00:45:51.935234+00:00 loadgen-t958 systemd[1]: Starting systemd-journal-flush.service - Flush Journal to Persistent Storage...
2026-05-15T00:45:51.935239+00:00 loadgen-t958 kernel: CPU topo: Num. threads per package:  24
2026-05-15T00:45:51.935240+00:00 loadgen-t958 kernel: CPU topo: Allowing 24 present CPUs plus 0 hotplug CPUs
2026-05-15T00:45:51.935238+00:00 loadgen-t958 systemd[1]: systemd-pstore.service - Platform Persistent Storage Archival was skipped because of an unmet condition check (ConditionDirectoryNotEmpty=/sys/fs/pstore).
2026-05-15T00:45:51.935245+00:00 loadgen-t958 kernel: PM: hibernation: Registered nosave memory: [mem 0x00000000-0x00000fff]
2026-05-15T00:45:51.935246+00:00 loadgen-t958 kernel: PM: hibernation: Registered nosave memory: [mem 0x00055000-0x0005ffff]
2026-05-15T00:45:51.935246+00:00 loadgen-t958 kernel: PM: hibernation: Registered nosave memory: [mem 0x00098000-0x000fffff]
2026-05-15T00:45:51.935247+00:00 loadgen-t958 kernel: PM: hibernation: Registered nosave memory: [mem 0xbd255000-0xbd25ffff]
2026-05-15T00:45:51.935247+00:00 loadgen-t958 kernel: PM: hibernation: Registered nosave memory: [mem 0xbf8ed000-0xbfbfefff]
2026-05-15T00:45:51.935246+00:00 loadgen-t958 systemd[1]: Starting systemd-random-seed.service - Load/Save OS Random Seed...
2026-05-15T00:45:51.935248+00:00 loadgen-t958 kernel: PM: hibernation: Registered nosave memory: [mem 0xbffe0000-0xffffffff]
2026-05-15T00:45:51.935253+00:00 loadgen-t958 kernel: [mem 0xc0000000-0xffffffff] available for PCI devices
2026-05-15T00:45:51.935254+00:00 loadgen-t958 kernel: Booting paravirtualized kernel on KVM
2026-05-15T00:45:51.935254+00:00 loadgen-t958 kernel: clocksource: refined-jiffies: mask: 0xffffffff max_cycles: 0xffffffff, max_idle_ns: 1910969940391419 ns
2026-05-15T00:45:51.935255+00:00 loadgen-t958 kernel: setup_percpu: NR_CPUS:8192 nr_cpumask_bits:24 nr_cpu_ids:24 nr_node_ids:1
2026-05-15T00:45:51.935255+00:00 loadgen-t958 kernel: percpu: Embedded 84 pages/cpu s221184 r8192 d114688 u524288
2026-05-15T00:45:51.935256+00:00 loadgen-t958 kernel: pcpu-alloc: s221184 r8192 d114688 u524288 alloc=1*2097152
2026-05-15T00:45:51.935252+00:00 loadgen-t958 systemd[1]: systemd-sysusers.service - Create System Users was skipped because no trigger condition checks were met.
2026-05-15T00:45:51.935259+00:00 loadgen-t958 kernel: pcpu-alloc: [0] 00 01 02 03 [0] 04 05 06 07 
2026-05-15T00:45:51.935260+00:00 loadgen-t958 kernel: pcpu-alloc: [0] 08 09 10 11 [0] 12 13 14 15 
2026-05-15T00:45:51.935260+00:00 loadgen-t958 kernel: pcpu-alloc: [0] 16 17 18 19 [0] 20 21 22 23 
2026-05-15T00:45:51.935260+00:00 loadgen-t958 kernel: kvm-guest: PV spinlocks enabled
2026-05-15T00:45:51.935261+00:00 loadgen-t958 kernel: PV qspinlock hash table entries: 256 (order: 0, 4096 bytes, linear)
2026-05-15T00:45:51.935261+00:00 loadgen-t958 kernel: Kernel command line: BOOT_IMAGE=/vmlinuz-6.17.0-1013-gcp root=PARTUUID=6624332c-1f00-4e51-a0bf-94661fe17234 ro console=ttyS0,115200 panic=-1
2026-05-15T00:45:51.935260+00:00 loadgen-t958 systemd[1]: Starting systemd-tmpfiles-setup-dev.service - Create Static Device Nodes in /dev...
2026-05-15T00:45:51.935265+00:00 loadgen-t958 kernel: printk: log buffer data + meta data: 262144 + 917504 = 1179648 bytes
2026-05-15T00:45:51.935266+00:00 loadgen-t958 kernel: Dentry cache hash table entries: 8388608 (order: 14, 67108864 bytes, linear)
2026-05-15T00:45:51.935266+00:00 loadgen-t958 kernel: Inode-cache hash table entries: 4194304 (order: 13, 33554432 bytes, linear)
2026-05-15T00:45:51.935265+00:00 loadgen-t958 systemd[1]: systemd-tpm2-setup.service - TPM2 SRK Setup was skipped because of an unmet condition check (ConditionSecurity=measured-uki).
2026-05-15T00:45:51.935267+00:00 loadgen-t958 kernel: software IO TLB: area num 32.
2026-05-15T00:45:51.935270+00:00 loadgen-t958 kernel: Fallback order for Node 0: 0 
2026-05-15T00:45:51.935270+00:00 loadgen-t958 kernel: Built 1 zonelists, mobility grouping on.  Total pages: 16776271
2026-05-15T00:45:51.935271+00:00 loadgen-t958 kernel: Policy zone: Normal
2026-05-15T00:45:51.935271+00:00 loadgen-t958 systemd[1]: Finished systemd-random-seed.service - Load/Save OS Random Seed.
2026-05-15T00:45:51.935274+00:00 loadgen-t958 kernel: mem auto-init: stack:all(zero), heap alloc:on, heap free:off
2026-05-15T00:45:51.935275+00:00 loadgen-t958 kernel: SLUB: HWalign=64, Order=0-3, MinObjects=0, CPUs=24, Nodes=1
2026-05-15T00:45:51.935275+00:00 loadgen-t958 kernel: Kernel/User page tables isolation: enabled
2026-05-15T00:45:51.935276+00:00 loadgen-t958 kernel: ftrace: allocating 61994 entries in 244 pages
2026-05-15T00:45:51.935276+00:00 loadgen-t958 kernel: ftrace: allocated 244 pages with 5 groups
2026-05-15T00:45:51.935276+00:00 loadgen-t958 kernel: rcu: Hierarchical RCU implementation.
2026-05-15T00:45:51.935276+00:00 loadgen-t958 multipathd[355]: multipathd v0.9.4: start up
2026-05-15T00:45:51.935279+00:00 loadgen-t958 kernel: rcu: 	RCU restricting CPUs from NR_CPUS=8192 to nr_cpu_ids=24.
2026-05-15T00:45:51.935280+00:00 loadgen-t958 kernel: 	Rude variant of Tasks RCU enabled.
2026-05-15T00:45:51.935281+00:00 loadgen-t958 kernel: 	Tracing variant of Tasks RCU enabled.
2026-05-15T00:45:51.935281+00:00 loadgen-t958 kernel: rcu: RCU calculated value of scheduler-enlistment delay is 100 jiffies.
2026-05-15T00:45:51.935281+00:00 loadgen-t958 kernel: rcu: Adjusting geometry for rcu_fanout_leaf=16, nr_cpu_ids=24
2026-05-15T00:45:51.935282+00:00 loadgen-t958 kernel: RCU Tasks Rude: Setting shift to 5 and lim to 1 rcu_task_cb_adjust=1 rcu_task_cpu_ids=24.
2026-05-15T00:45:51.935282+00:00 loadgen-t958 kernel: RCU Tasks Trace: Setting shift to 5 and lim to 1 rcu_task_cb_adjust=1 rcu_task_cpu_ids=24.
2026-05-15T00:45:51.935285+00:00 loadgen-t958 kernel: NR_IRQS: 524544, nr_irqs: 616, preallocated irqs: 16
2026-05-15T00:45:51.935281+00:00 loadgen-t958 multipathd[355]: reconfigure: setting up paths and maps
2026-05-15T00:45:51.935286+00:00 loadgen-t958 kernel: rcu: srcu_init: Setting srcu_struct sizes based on contention.
2026-05-15T00:45:51.935287+00:00 loadgen-t958 kernel: Console: colour dummy device 80x25
2026-05-15T00:45:51.935287+00:00 loadgen-t958 kernel: printk: legacy console [ttyS0] enabled
2026-05-15T00:45:51.935288+00:00 loadgen-t958 kernel: ACPI: Core revision 20250404
2026-05-15T00:45:51.935288+00:00 loadgen-t958 kernel: APIC: Switch to symmetric I/O mode setup
2026-05-15T00:45:51.935289+00:00 loadgen-t958 systemd[1]: Finished systemd-udev-trigger.service - Coldplug All udev Devices.
2026-05-15T00:45:51.935291+00:00 loadgen-t958 kernel: x2apic enabled
2026-05-15T00:45:51.935292+00:00 loadgen-t958 kernel: APIC: Switched APIC routing to: physical x2apic
2026-05-15T00:45:51.935293+00:00 loadgen-t958 kernel: ..TIMER: vector=0x30 apic1=0 pin1=0 apic2=-1 pin2=-1
2026-05-15T00:45:51.935293+00:00 loadgen-t958 kernel: clocksource: tsc-early: mask: 0xffffffffffffffff max_cycles: 0x212733415c7, max_idle_ns: 440795236380 ns
2026-05-15T00:45:51.935294+00:00 loadgen-t958 kernel: Calibrating delay loop (skipped) preset value.. 4599.99 BogoMIPS (lpj=2299998)
2026-05-15T00:45:51.935294+00:00 loadgen-t958 kernel: Last level iTLB entries: 4KB 1024, 2MB 1024, 4MB 1024
2026-05-15T00:45:51.935294+00:00 loadgen-t958 systemd[1]: Finished systemd-tmpfiles-setup-dev.service - Create Static Device Nodes in /dev.
2026-05-15T00:45:51.935297+00:00 loadgen-t958 kernel: Last level dTLB entries: 4KB 1024, 2MB 1024, 4MB 1024, 1GB 4
2026-05-15T00:45:51.935298+00:00 loadgen-t958 kernel: mitigations: Enabled attack vectors: user_kernel, user_user, guest_host, guest_guest, SMT mitigations: auto
2026-05-15T00:45:51.935298+00:00 loadgen-t958 kernel: Speculative Store Bypass: Mitigation: Speculative Store Bypass disabled via prctl
2026-05-15T00:45:51.935299+00:00 loadgen-t958 ke         Starting [0;1;39mgrub-initrd-fallback.service[0m - GRUB failed boot detection...
rnel: Spectre V2 : Mitigation: IBRS
2026-05-15T00:45:51.935299+00:00 loadgen-t958 kernel: RETBleed: Mitigation: IBRS
2026-05-15T00:45:51.935300+00:00 loadgen-t958 kernel: ITS: Mitigation: Aligned branch/return thunks
2026-05-15T00:45:51.935299+00:00 loadgen-t958 systemd[1]: Starting systemd-udevd.service - Rule-based Manager for Device Events and Files...
2026-05-15T00:45:51.935302+00:00 loadgen-t958 kernel: Spectre V2 : User space: Mitigation: STIBP via prctl
2026-05-15T00:45:51.935303+00:00 loadgen-t958 kernel: MDS: Mitigation: Clear CPU buffers
2026-05-15T00:45:51.935304+00:00 loadgen-t958 kernel: MMIO Stale Data: Vulnerable: Clear CPU buffers attempted, no microcode
2026-05-15T00:45:51.935304+00:00 loadgen-t958 kernel: Spectre V1 : Mitigation: usercopy/swapgs barriers and __user pointer sanitization
2026-05-15T00:45:51.935305+00:00 loadgen-t958 kernel: Spectre V2 : Spectre v2 / SpectreRSB: Filling RSB on context switch and VMEXIT
2026-05-15T00:45:51.935304+00:00 loadgen-t958 systemd-udevd[363]: Using default interface naming scheme 'v255'.
2026-05-15T00:45:51.935305+00:00 loadgen-t958 kernel: Spectre V2 : mitigation: Enabling conditional Indirect Branch Prediction Barrier
2026-05-15T00:45:51.935308+00:00 loadgen-t958 kernel: active return thunk: its_return_thunk
2026-05-15T00:45:51.935310+00:00 loadgen-t958 systemd[1]: Started multipathd.service - Device-Mapper Multipath Device Controller.
2026-05-15T00:45:51.935315+00:00 loadgen-t958 kernel: Spectre V2 : Spectre BHI mitigation: SW BHB clearing on syscall and VM exit
2026-05-15T00:45:51.935316+00:00 loadgen-t958 kernel: x86/fpu: Supporting XSAVE feature 0x001: 'x87 floating point registers'
2026-05-15T00:45:51.935316+00:00 loadgen-t958 kernel: x86/fpu: Supporting XSAVE feature 0x002: 'SSE registers'
2026-05-15T00:45:51.935317+00:00 loadgen-t958 kernel: x86/fpu: Supporting XSAVE feature 0x004: 'AVX registers'
2026-05-15T00:45:51.935317+00:00 loadgen-t958 kernel: x86/fpu: xstate_offset[2]:  576, xstate_sizes[2]:  256
2026-05-15T00:45:51.935318+00:00 loadgen-t958 kernel: x86/fpu: Enabled xstate features 0x7, context size is 832 bytes, using 'standard' format.
2026-05-15T00:45:51.935315+00:00 loadgen-t958 systemd[1]: Started systemd-udevd.service - Rule-based Manager for Device Events and Files.
2026-05-15T00:45:51.935321+00:00 loadgen-t958 kernel: Freeing SMP alternatives memory: 52K
2026-05-15T00:45:51.935322+00:00 loadgen-t958 kernel: pid_max: default: 32768 minimum: 301
2026-05-15T00:45:51.935322+00:00 loadgen-t958 kernel: LSM: initializing lsm=lockdown,capability,landlock,yama,apparmor,ima,evm
2026-05-15T00:45:51.935323+00:00 loadgen-t958 kernel: landlock: Up and running.
2026-05-15T00:45:51.935323+00:00 loadgen-t958 kernel: Yama: becoming mindful.
2026-05-15T00:45:51.935323+00:00 loadgen-t958 kernel: AppArmor: AppArmor initialized
2026-05-15T00:45:51.935324+00:00 loadgen-t958 kernel: Mount-cache hash table entries: 131072 (order: 8, 1048576 bytes, linear)
2026-05-15T00:45:51.935322+00:00 loadgen-t958 systemd[1]: nvmefc-boot-connections.service - Auto-connect to subsystems on FC-NVME devices found during boot was skipped because of an unmet condition check (ConditionPathExists=/sys/class/fc/fc_udev_device/nvme_discovery).
2026-05-15T00:45:51.935327+00:00 loadgen-t958 kernel: Mountpoint-cache hash table entries: 131072 (order: 8, 1048576 bytes, linear)
2026-05-15T00:45:51.935328+00:00 loadgen-t958 kernel: smpboot: CPU0: Intel(R) Xeon(R) CPU @ 2.30GHz (family: 0x6, model: 0x3f, stepping: 0x0)
2026-05-15T00:45:51.935328+00:00 loadgen-t958 kernel: Performance Events: unsupported CPU family 6 model 63 no PMU driver, software events only.
2026-05-15T00:45:51.935327+00:00 loadgen-t958 systemd[1]: Reached target local-fs-pre.target - Preparation for Local File Systems.
2026-05-15T00:45:51.935329+00:00 loadgen-t958 kernel: signal: max sigframe size: 1776
2026-05-15T00:45:51.935332+00:00 loadgen-t958 kernel: rcu: Hierarchical SRCU implementation.
2026-05-15T00:45:51.935332+00:00 loadgen-t958 kernel: rcu: 	Max phase no-delay instances is 400.
2026-05-15T00:45:51.935333+00:00 loadgen-t958 systemd[1]: Mounting snap-core22-2411.mount - Mount unit for core22, revision 2411...
2026-05-15T00:45:51.935335+00:00 loadgen-t958 kernel: Timer migration: 2 hierarchy levels; 8 children per group; 2 crossnode level
2026-05-15T00:45:51.935336+00:00 loadgen-t958 kernel: NMI watchdog: Perf NMI watchdog permanently disabled
2026-05-15T00:45:51.935337+00:00 loadgen-t958 kernel: smp: Bringing up secondary CPUs ...
2026-05-15T00:45:51.935337+00:00 loadgen-t958 kernel: smpboot: x86: Booting SMP configuration:
2026-05-15T00:45:51.935338+00:00 loadgen-t958 kernel: .... node  #0, CPUs:        #1  #2  #3  #4  #5  #6  #7  #8  #9 #10 #11 #12 #13 #14 #15 #16 #17 #18 #19 #20 #21 #22 #23
2026-05-15T00:45:51.935338+00:00 loadgen-t958 kernel: MDS CPU bug present and SMT on, data leak possible. See https://www.kernel.org/doc/html/latest/admin-guide/hw-vuln/mds.html for more details.
2026-05-15T00:45:51.935339+00:00 loadgen-t958 systemd[1]: Mounting snap-google\x2dcloud\x2dcli-448.mount - Mount unit for google-cloud-cli, revision 448...
2026-05-15T00:45:51.935341+00:00 loadgen-t958 kernel: MMIO Stale Data CPU bug present and SMT on, data leak possible. See https://www.kernel.org/doc/html/latest/admin-guide/hw-vuln/processor_mmio_stale_data.html for more details.
2026-05-15T00:45:51.935342+00:00 loadgen-t958 kernel: smp: Brought up 1 node, 24 CPUs
         Starting [0;1;39mplymouth-quit-wait.servic…[0md until boot process finishes up...
