2026-05-14 18:54:39,192 DEBUG    root            Loaded Command Group: ['gcloud', 'compute']
2026-05-14 18:54:39,194 DEBUG    root            Loaded Command Group: ['gcloud', 'compute', 'instances']
2026-05-14 18:54:39,195 DEBUG    root            Loaded Command Group: ['gcloud', 'compute', 'instances', 'get_serial_port_output']
2026-05-14 18:54:39,196 DEBUG    root            Running [gcloud.compute.instances.get-serial-port-output] with arguments: [--project: "env-integration-fenway", --zone: "us-central1-f", INSTANCE_NAME: "loadgen-88cd"]
2026-05-14 18:54:39,198 DEBUG    root            On GCE from memory cache: False
2026-05-14 18:54:39,199 DEBUG    root            On GCE from memory cache: False
2026-05-14 18:54:39,292 DEBUG    urllib3.connectionpool Starting new HTTPS connection (1): compute.googleapis.com:443
2026-05-14 18:54:39,788 DEBUG    urllib3.connectionpool https://compute.googleapis.com:443 "GET /compute/v1/projects/env-integration-fenway/zones/us-central1-f/instances/loadgen-88cd/serialPort?alt=json&port=1 HTTP/1.1" 200 None
2026-05-14 18:54:39,857 DEBUG    root            Chosen display Format:value[no-quote](contents)
2026-05-14 18:54:39,859 INFO     root            Display format: "value[no-quote](contents)"
2026-05-14 18:54:39,879 INFO     ___FILE_ONLY___ [2J[01;01H[=3h[2J[01;01H[2J[01;01H[=3h[2J[01;01HCSM BBS Table full.
BdsDxe: loading Boot0003 "Ubuntu" from PciRoot(0x0)/Pci(0x3,0x0)/Scsi(0x1,0x0)/HD(15,GPT,C848D457-4750-4825-A2CD-4EBFB870DC53,0x2800,0x35000)/\EFI\ubuntu\shimx64.efi
BdsDxe: starting Boot0003 "Ubuntu" from PciRoot(0x0)/Pci(0x3,0x0)/Scsi(0x1,0x0)/HD(15,GPT,C848D457-4750-4825-A2CD-4EBFB870DC53,0x2800,0x35000)/\EFI\ubuntu\shimx64.efi

UEFI: Attempting to start image.
Description: Ubuntu
FilePath: PciRoot(0x0)/Pci(0x3,0x0)/Scsi(0x1,0x0)/HD(15,GPT,C848D457-4750-4825-A2CD-4EBFB870DC53,0x2800,0x35000)/\EFI\ubuntu\shimx64.efi
OptionNumber: 3.

[H[J[1;1HGRUB_FORCE_PARTUUID set, attempting initrdless boot.
[    0.000000] Linux version 6.17.0-1013-gcp (buildd@lcy02-amd64-034) (x86_64-linux-gnu-gcc-13 (Ubuntu 13.3.0-6ubuntu2~24.04.1) 13.3.0, GNU ld (GNU Binutils for Ubuntu) 2.42) #13~24.04.1-Ubuntu SMP Thu Apr 16 02:10:24 UTC 2026 (Ubuntu 6.17.0-1013.13~24.04.1-gcp 6.17.13)
[    0.000000] Command line: BOOT_IMAGE=/vmlinuz-6.17.0-1013-gcp root=PARTUUID=6624332c-1f00-4e51-a0bf-94661fe17234 ro console=ttyS0,115200 panic=-1
[    0.000000] KERNEL supported cpus:
[    0.000000]   Intel GenuineIntel
[    0.000000]   AMD AuthenticAMD
[    0.000000]   Hygon HygonGenuine
[    0.000000]   Centaur CentaurHauls
[    0.000000]   zhaoxin   Shanghai  
[    0.000000] x86/CPU: Model not found in latest microcode list
[    0.000000] BIOS-provided physical RAM map:
[    0.000000] BIOS-e820: [mem 0x0000000000000000-0x0000000000000fff] reserved
[    0.000000] BIOS-e820: [mem 0x0000000000001000-0x0000000000054fff] usable
[    0.000000] BIOS-e820: [mem 0x0000000000055000-0x000000000005ffff] reserved
[    0.000000] BIOS-e820: [mem 0x0000000000060000-0x0000000000097fff] usable
[    0.000000] BIOS-e820: [mem 0x0000000000098000-0x000000000009ffff] reserved
[    0.000000] BIOS-e820: [mem 0x0000000000100000-0x00000000bd254fff] usable
[    0.000000] BIOS-e820: [mem 0x00000000bd255000-0x00000000bd25ffff] ACPI data
[    0.000000] BIOS-e820: [mem 0x00000000bd260000-0x00000000bf8ecfff] usable
[    0.000000] BIOS-e820: [mem 0x00000000bf8ed000-0x00000000bfb6cfff] reserved
[    0.000000] BIOS-e820: [mem 0x00000000bfb6d000-0x00000000bfb7efff] ACPI data
[    0.000000] BIOS-e820: [mem 0x00000000bfb7f000-0x00000000bfbfefff] ACPI NVS
[    0.000000] BIOS-e820: [mem 0x00000000bfbff000-0x00000000bffdffff] usable
[    0.000000] BIOS-e820: [mem 0x00000000bffe0000-0x00000000bfffffff] reserved
[    0.000000] BIOS-e820: [mem 0x0000000100000000-0x000000103fffffff] usable
[    0.000000] NX (Execute Disable) protection: active
[    0.000000] APIC: Static calls initialized
[    0.000000] efi: EFI v2.7 by EDK II
[    0.000000] efi: TPMFinalLog=0xbfbf7000 ACPI=0xbfb7e000 ACPI 2.0=0xbfb7e014 SMBIOS=0xbf9ca000 MEMATTR=0xbd260018 MOKvar=0xbf9c8000 RNG=0xbfb72018 TPMEventLog=0xbd255018 
[    0.000000] random: crng init done
[    0.000000] SMBIOS 2.4 present.
[    0.000000] DMI: Google Google Compute Engine/Google Compute Engine, BIOS Google 04/21/2026
[    0.000000] DMI: Memory slots populated: 4/4
[    0.000000] secureboot: Secure boot disabled
[    0.000000] Hypervisor detected: KVM
[    0.000000] last_pfn = 0xbffe0 max_arch_pfn = 0x400000000
[    0.000000] kvm-clock: Using msrs 4b564d01 and 4b564d00
[    0.000001] kvm-clock: using sched offset of 14587580644 cycles
[    0.000003] clocksource: kvm-clock: mask: 0xffffffffffffffff max_cycles: 0x1cd42e4dffb, max_idle_ns: 881590591483 ns
[    0.000007] tsc: Detected 2299.998 MHz processor
[    0.000091] last_pfn = 0x1040000 max_arch_pfn = 0x400000000
[    0.000132] MTRR map: 3 entries (2 fixed + 1 variable; max 18), built from 8 variable MTRRs
[    0.000136] x86/PAT: Configuration [0-7]: WB  WC  UC- UC  WB  WP  UC- WT  
[    0.000182] last_pfn = 0xbffe0 max_arch_pfn = 0x400000000
[    0.015279] Using GB pages for direct mapping
[    0.015584] secureboot: Secure boot disabled
[    0.015586] ACPI: Early table checksum verification disabled
[    0.015591] ACPI: RSDP 0x00000000BFB7E014 000024 (v02 Google)
[    0.015597] ACPI: XSDT 0x00000000BFB7D0E8 00005C (v01 Google GOOGFACP 00000001      01000013)
[    0.015605] ACPI: FACP 0x00000000BFB78000 0000F4 (v02 Google GOOGFACP 00000001 GOOG 00000001)
[    0.015613] ACPI: DSDT 0x00000000BFB79000 001A64 (v01 Google GOOGDSDT 00000001 GOOG 00000001)
[    0.015619] ACPI: FACS 0x00000000BFBF1000 000040
[    0.015623] ACPI: SSDT 0x00000000BFB7C000 000316 (v02 GOOGLE Tpm2Tabl 00001000 INTL 20250807)
[    0.015629] ACPI: TPM2 0x00000000BFB7B000 000034 (v04 GOOGLE          00000001 GOOG 00000001)
[    0.015634] ACPI: SRAT 0x00000000BFB77000 000228 (v03 Google GOOGSRAT 00000001 GOOG 00000001)
[    0.015639] ACPI: APIC 0x00000000BFB76000 000126 (v05 Google GOOGAPIC 00000001 GOOG 00000001)
[    0.015644] ACPI: SSDT 0x00000000BFB74000 0011D6 (v01 Google GOOGSSDT 00000001 GOOG 00000001)
[    0.015649] ACPI: WAET 0x00000000BFB73000 000028 (v01 Google GOOGWAET 00000001 GOOG 00000001)
[    0.015652] ACPI: Reserving FACP table memory at [mem 0xbfb78000-0xbfb780f3]
[    0.015654] ACPI: Reserving DSDT table memory at [mem 0xbfb79000-0xbfb7aa63]
[    0.015655] ACPI: Reserving FACS table memory at [mem 0xbfbf1000-0xbfbf103f]
[    0.015656] ACPI: Reserving SSDT table memory at [mem 0xbfb7c000-0xbfb7c315]
[    0.015657] ACPI: Reserving TPM2 table memory at [mem 0xbfb7b000-0xbfb7b033]
[    0.015658] ACPI: Reserving SRAT table memory at [mem 0xbfb77000-0xbfb77227]
[    0.015659] ACPI: Reserving APIC table memory at [mem 0xbfb76000-0xbfb76125]
[    0.015661] ACPI: Reserving SSDT table memory at [mem 0xbfb74000-0xbfb751d5]
[    0.015662] ACPI: Reserving WAET table memory at [mem 0xbfb73000-0xbfb73027]
[    0.015768] ACPI: SRAT: Node 0 PXM 0 [mem 0x00000000-0x0009ffff]
[    0.015771] ACPI: SRAT: Node 0 PXM 0 [mem 0x00100000-0xbfffffff]
[    0.015773] ACPI: SRAT: Node 0 PXM 0 [mem 0x100000000-0x103fffffff]
[    0.015778] NUMA: Node 0 [mem 0x00001000-0x0009ffff] + [mem 0x00100000-0xbfffffff] -> [mem 0x00001000-0xbfffffff]
[    0.015780] NUMA: Node 0 [mem 0x00001000-0xbfffffff] + [mem 0x100000000-0x103fffffff] -> [mem 0x00001000-0x103fffffff]
[    0.015794] NODE_DATA(0) allocated [mem 0x103ffd32c0-0x103fffdfff]
[    0.016047] Zone ranges:
[    0.016048]   DMA      [mem 0x0000000000001000-0x0000000000ffffff]
[    0.016050]   DMA32    [mem 0x0000000001000000-0x00000000ffffffff]
[    0.016052]   Normal   [mem 0x0000000100000000-0x000000103fffffff]
[    0.016054]   Device   empty
[    0.016055] Movable zone start for each node
[    0.016057] Early memory node ranges
[    0.016058]   node   0: [mem 0x0000000000001000-0x0000000000054fff]
[    0.016059]   node   0: [mem 0x0000000000060000-0x0000000000097fff]
[    0.016061]   node   0: [mem 0x0000000000100000-0x00000000bd254fff]
[    0.016062]   node   0: [mem 0x00000000bd260000-0x00000000bf8ecfff]
[    0.016063]   node   0: [mem 0x00000000bfbff000-0x00000000bffdffff]
[    0.016064]   node   0: [mem 0x0000000100000000-0x000000103fffffff]
[    0.016070] Initmem setup node 0 [mem 0x0000000000001000-0x000000103fffffff]
[    0.016145] On node 0, zone DMA: 1 pages in unavailable ranges
[    0.016147] On node 0, zone DMA: 11 pages in unavailable ranges
[    0.016176] On node 0, zone DMA: 104 pages in unavailable ranges
[    0.021538] On node 0, zone DMA32: 11 pages in unavailable ranges
[    0.021555] On node 0, zone DMA32: 786 pages in unavailable ranges
[    0.125022] On node 0, zone Normal: 32 pages in unavailable ranges
[    0.125592] ACPI: PM-Timer IO Port: 0xb008
[    0.125615] ACPI: LAPIC_NMI (acpi_id[0xff] dfl dfl lint[0x1])
[    0.125693] IOAPIC[0]: apic_id 0, version 17, address 0xfec00000, GSI 0-23
[    0.125697] ACPI: INT_SRC_OVR (bus 0 bus_irq 5 global_irq 5 high level)
[    0.125700] ACPI: INT_SRC_OVR (bus 0 bus_irq 9 global_irq 9 high level)
[    0.125701] ACPI: INT_SRC_OVR (bus 0 bus_irq 10 global_irq 10 high level)
[    0.125702] ACPI: INT_SRC_OVR (bus 0 bus_irq 11 global_irq 11 high level)
[    0.125708] ACPI: Using ACPI (MADT) for SMP configuration information
[    0.125714] CPU topo: Max. logical packages:   1
[    0.125714] CPU topo: Max. logical dies:       1
[    0.125715] CPU topo: Max. dies per package:   1
[    0.125719] CPU topo: Max. threads per core:   2
[    0.125720] CPU topo: Num. cores per package:    12
[    0.125721] CPU topo: Num. threads per package:  24
[    0.125722] CPU topo: Allowing 24 present CPUs plus 0 hotplug CPUs
[    0.125747] PM: hibernation: Registered nosave memory: [mem 0x00000000-0x00000fff]
[    0.125749] PM: hibernation: Registered nosave memory: [mem 0x00055000-0x0005ffff]
[    0.125751] PM: hibernation: Registered nosave memory: [mem 0x00098000-0x000fffff]
[    0.125753] PM: hibernation: Registered nosave memory: [mem 0xbd255000-0xbd25ffff]
[    0.125754] PM: hibernation: Registered nosave memory: [mem 0xbf8ed000-0xbfbfefff]
[    0.125756] PM: hibernation: Registered nosave memory: [mem 0xbffe0000-0xffffffff]
[    0.125758] [mem 0xc0000000-0xffffffff] available for PCI devices
[    0.125760] Booting paravirtualized kernel on KVM
[    0.125762] clocksource: refined-jiffies: mask: 0xffffffff max_cycles: 0xffffffff, max_idle_ns: 1910969940391419 ns
[    0.125770] setup_percpu: NR_CPUS:8192 nr_cpumask_bits:24 nr_cpu_ids:24 nr_node_ids:1
[    0.127564] percpu: Embedded 84 pages/cpu s221184 r8192 d114688 u524288
[    0.127623] kvm-guest: PV spinlocks enabled
[    0.127626] PV qspinlock hash table entries: 256 (order: 0, 4096 bytes, linear)
[    0.127630] Kernel command line: BOOT_IMAGE=/vmlinuz-6.17.0-1013-gcp root=PARTUUID=6624332c-1f00-4e51-a0bf-94661fe17234 ro console=ttyS0,115200 panic=-1
[    0.127703] printk: log buffer data + meta data: 262144 + 917504 = 1179648 bytes
[    0.134312] Dentry cache hash table entries: 8388608 (order: 14, 67108864 bytes, linear)
[    0.137574] Inode-cache hash table entries: 4194304 (order: 13, 33554432 bytes, linear)
[    0.138240] software IO TLB: area num 32.
[    0.151386] Fallback order for Node 0: 0 
[    0.151393] Built 1 zonelists, mobility grouping on.  Total pages: 16776271
[    0.151394] Policy zone: Normal
[    0.151405] mem auto-init: stack:all(zero), heap alloc:on, heap free:off
[    0.307466] SLUB: HWalign=64, Order=0-3, MinObjects=0, CPUs=24, Nodes=1
[    0.307535] Kernel/User page tables isolation: enabled
[    0.320833] ftrace: allocating 61994 entries in 244 pages
[    0.320836] ftrace: allocated 244 pages with 5 groups
[    0.321239] rcu: Hierarchical RCU implementation.
[    0.321240] rcu: 	RCU restricting CPUs from NR_CPUS=8192 to nr_cpu_ids=24.
[    0.321242] 	Rude variant of Tasks RCU enabled.
[    0.321243] 	Tracing variant of Tasks RCU enabled.
[    0.321244] rcu: RCU calculated value of scheduler-enlistment delay is 100 jiffies.
[    0.321244] rcu: Adjusting geometry for rcu_fanout_leaf=16, nr_cpu_ids=24
[    0.321271] RCU Tasks Rude: Setting shift to 5 and lim to 1 rcu_task_cb_adjust=1 rcu_task_cpu_ids=24.
[    0.321275] RCU Tasks Trace: Setting shift to 5 and lim to 1 rcu_task_cb_adjust=1 rcu_task_cpu_ids=24.
[    0.325591] NR_IRQS: 524544, nr_irqs: 616, preallocated irqs: 16
[    0.325973] rcu: srcu_init: Setting srcu_struct sizes based on contention.
[    0.326116] Console: colour dummy device 80x25
[    0.326181] printk: legacy console [ttyS0] enabled
[    0.505476] ACPI: Core revision 20250404
[    0.506319] APIC: Switch to symmetric I/O mode setup
[    0.507669] x2apic enabled
[    0.511200] APIC: Switched APIC routing to: physical x2apic
[    0.517275] ..TIMER: vector=0x30 apic1=0 pin1=0 apic2=-1 pin2=-1
[    0.519041] clocksource: tsc-early: mask: 0xffffffffffffffff max_cycles: 0x212733415c7, max_idle_ns: 440795236380 ns
[    0.520711] Calibrating delay loop (skipped) preset value.. 4599.99 BogoMIPS (lpj=2299998)
[    0.522732] Last level iTLB entries: 4KB 1024, 2MB 1024, 4MB 1024
[    0.523692] Last level dTLB entries: 4KB 1024, 2MB 1024, 4MB 1024, 1GB 4
[    0.524729] mitigations: Enabled attack vectors: user_kernel, user_user, guest_host, guest_guest, SMT mitigations: auto
[    0.525711] Speculative Store Bypass: Mitigation: Speculative Store Bypass disabled via prctl
[    0.526710] Spectre V2 : Mitigation: IBRS
[    0.527447] RETBleed: Mitigation: IBRS
[    0.527709] ITS: Mitigation: Aligned branch/return thunks
[    0.528709] Spectre V2 : User space: Mitigation: STIBP via prctl
[    0.529709] MDS: Mitigation: Clear CPU buffers
[    0.530709] MMIO Stale Data: Vulnerable: Clear CPU buffers attempted, no microcode
[    0.531709] Spectre V1 : Mitigation: usercopy/swapgs barriers and __user pointer sanitization
[    0.532712] Spectre V2 : Spectre v2 / SpectreRSB: Filling RSB on context switch and VMEXIT
[    0.533711] Spectre V2 : mitigation: Enabling conditional Indirect Branch Prediction Barrier
[    0.534716] active return thunk: its_return_thunk
[    0.535495] Spectre V2 : Spectre BHI mitigation: SW BHB clearing on syscall and VM exit
[    0.535725] x86/fpu: Supporting XSAVE feature 0x001: 'x87 floating point registers'
[    0.536709] x86/fpu: Supporting XSAVE feature 0x002: 'SSE registers'
[    0.537709] x86/fpu: Supporting XSAVE feature 0x004: 'AVX registers'
[    0.538709] x86/fpu: xstate_offset[2]:  576, xstate_sizes[2]:  256
[    0.540711] x86/fpu: Enabled xstate features 0x7, context size is 832 bytes, using 'standard' format.
[    0.601716] Freeing SMP alternatives memory: 52K
[    0.602713] pid_max: default: 32768 minimum: 301
[    0.603815] LSM: initializing lsm=lockdown,capability,landlock,yama,apparmor,ima,evm
[    0.604730] landlock: Up and running.
[    0.605709] Yama: becoming mindful.
[    0.606761] AppArmor: AppArmor initialized
[    0.607818] Mount-cache hash table entries: 131072 (order: 8, 1048576 bytes, linear)
[    0.608881] Mountpoint-cache hash table entries: 131072 (order: 8, 1048576 bytes, linear)
[    0.713169] smpboot: CPU0: Intel(R) Xeon(R) CPU @ 2.30GHz (family: 0x6, model: 0x3f, stepping: 0x0)
[    0.714722] Performance Events: unsupported CPU family 6 model 63 no PMU driver, software events only.
[    0.715790] signal: max sigframe size: 1776
[    0.716755] rcu: Hierarchical SRCU implementation.
[    0.717709] rcu: 	Max phase no-delay instances is 400.
[    0.718809] Timer migration: 2 hierarchy levels; 8 children per group; 2 crossnode level
[    0.722163] NMI watchdog: Perf NMI watchdog permanently disabled
[    0.723042] smp: Bringing up secondary CPUs ...
[    0.724820] smpboot: x86: Booting SMP configuration:
[    0.725571] .... node  #0, CPUs:        #1  #2  #3  #4  #5  #6  #7  #8  #9 #10 #11 #12 #13 #14 #15 #16 #17 #18 #19 #20 #21 #22 #23
[    0.737085] MDS CPU bug present and SMT on, data leak possible. See https://www.kernel.org/doc/html/latest/admin-guide/hw-vuln/mds.html for more details.
[    0.738713] MMIO Stale Data CPU bug present and SMT on, data leak possible. See https://www.kernel.org/doc/html/latest/admin-guide/hw-vuln/processor_mmio_stale_data.html for more details.
[    0.744855] smp: Brought up 1 node, 24 CPUs
[    0.746710] smpboot: Total of 24 processors activated (110399.90 BogoMIPS)
[    0.749008] Memory: 65799600K/67105084K available (22206K kernel code, 4673K rwdata, 15608K rodata, 5404K init, 6100K bss, 1277612K reserved, 0K cma-reserved)
[    0.752830] devtmpfs: initialized
[    0.753815] x86/mm: Memory block size: 1024MB
[    0.756754] ACPI: PM: Registering ACPI NVS region [mem 0xbfb7f000-0xbfbfefff] (524288 bytes)
[    0.758825] clocksource: jiffies: mask: 0xffffffff max_cycles: 0xffffffff, max_idle_ns: 1911260446275000 ns
[    0.759771] posixtimers hash table entries: 16384 (order: 6, 262144 bytes, linear)
[    0.760854] futex hash table entries: 8192 (524288 bytes on 1 NUMA nodes, total 512 KiB, linear).
[    0.761856] pinctrl core: initialized pinctrl subsystem
[    0.762971] PM: RTC time: 01:51:39, date: 2026-05-15
[    0.765397] NET: Registered PF_NETLINK/PF_ROUTE protocol family
[    0.767310] DMA: preallocated 4096 KiB GFP_KERNEL pool for atomic allocations
[    0.768748] DMA: preallocated 4096 KiB GFP_KERNEL|GFP_DMA pool for atomic allocations
[    0.771117] DMA: preallocated 4096 KiB GFP_KERNEL|GFP_DMA32 pool for atomic allocations
[    0.771723] audit: initializing netlink subsys (disabled)
[    0.772745] audit: type=2000 audit(1778809898.977:1): state=initialized audit_enabled=0 res=1
[    0.772915] thermal_sys: Registered thermal governor 'fair_share'
[    0.773713] thermal_sys: Registered thermal governor 'bang_bang'
[    0.774711] thermal_sys: Registered thermal governor 'step_wise'
[    0.775710] thermal_sys: Registered thermal governor 'user_space'
[    0.776710] thermal_sys: Registered thermal governor 'power_allocator'
[    0.777731] cpuidle: using governor ladder
[    0.779719] cpuidle: using governor menu
[    0.780788] acpiphp: ACPI Hot Plug PCI Controller Driver version: 0.5
[    0.781996] PCI: Using configuration type 1 for base access
[    0.782828] kprobes: kprobe jump-optimization is enabled. All kprobes are optimized if possible.
[    0.783943] HugeTLB: registered 1.00 GiB page size, pre-allocated 0 pages
[    0.784711] HugeTLB: 16380 KiB vmemmap can be freed for a 1.00 GiB page
[    0.785710] HugeTLB: registered 2.00 MiB page size, pre-allocated 0 pages
[    0.786710] HugeTLB: 28 KiB vmemmap can be freed for a 2.00 MiB page
[    0.791156] ACPI: Added _OSI(Module Device)
[    0.791711] ACPI: Added _OSI(Processor Device)
[    0.792710] ACPI: Added _OSI(Processor Aggregator Device)
[    0.797614] ACPI: 3 ACPI AML tables successfully acquired and loaded
[    0.801650] ACPI: Interpreter enabled
[    0.801730] ACPI: PM: (supports S0 S3 S4 S5)
[    0.802711] ACPI: Using IOAPIC for interrupt routing
[    0.804039] PCI: Using host bridge windows from ACPI; if necessary, use "pci=nocrs" and report a bug
[    0.804710] PCI: Ignoring E820 reservations for host bridge windows
[    0.806715] ACPI: Enabled 16 GPEs in block 00 to 0F
[    0.814581] ACPI: PCI Root Bridge [PCI0] (domain 0000 [bus 00-ff])
[    0.814716] acpi PNP0A03:00: _OSC: OS supports [ASPM ClockPM Segments MSI EDR HPX-Type3]
[    0.815711] acpi PNP0A03:00: _OSC: not requesting OS control; OS requires [ExtendedConfig ASPM ClockPM MSI]
[    0.816724] acpi PNP0A03:00: fail to add MMCONFIG information, can't access extended configuration space under this bridge
[    0.819910] PCI host bridge to bus 0000:00
[    0.820714] pci_bus 0000:00: root bus resource [io  0x0000-0x0cf7 window]
[    0.821711] pci_bus 0000:00: root bus resource [io  0x0d00-0xffff window]
[    0.822710] pci_bus 0000:00: root bus resource [mem 0x000a0000-0x000bffff window]
[    0.823711] pci_bus 0000:00: root bus resource [mem 0xc0000000-0xc53fffff window]
[    0.824710] pci_bus 0000:00: root bus resource [mem 0xc5440000-0xee3fffff window]
[    0.825710] pci_bus 0000:00: root bus resource [mem 0xee440000-0xfebfefff window]
[    0.826711] pci_bus 0000:00: root bus resource [mem 0x1040000000-0x2103fffffff window]
[    0.827711] pci_bus 0000:00: root bus resource [bus 00-ff]
[    0.828799] pci 0000:00:00.0: [8086:1237] type 00 class 0x060000 conventional PCI endpoint
[    0.832924] pci 0000:00:01.0: [8086:7110] type 00 class 0x060100 conventional PCI endpoint
[    0.839207] pci 0000:00:01.3: [8086:7113] type 00 class 0x068000 conventional PCI endpoint
[    0.843882] pci 0000:00:01.3: quirk: [io  0xb000-0xb03f] claimed by PIIX4 ACPI
[    0.846121] pci 0000:00:03.0: [1af4:1004] type 00 class 0x000000 conventional PCI endpoint
[    0.855738] pci 0000:00:03.0: BAR 0 [io  0xc040-0xc07f]
[    0.856726] pci 0000:00:03.0: BAR 1 [mem 0xc1001000-0xc100107f]
[    0.859226] pci 0000:00:04.0: [10de:1eb8] type 00 class 0x030200 conventional PCI endpoint
[    0.874739] pci 0000:00:04.0: BAR 0 [mem 0xc0000000-0xc0ffffff]
[    0.875740] pci 0000:00:04.0: BAR 1 [mem 0x1040000000-0x104fffffff 64bit pref]
[    0.876738] pci 0000:00:04.0: BAR 3 [mem 0x1050000000-0x1051ffffff 64bit pref]
[    0.878618] pci 0000:00:05.0: [1af4:1000] type 00 class 0x020000 conventional PCI endpoint
[    0.889744] pci 0000:00:05.0: BAR 0 [io  0xc000-0xc03f]
[    0.890725] pci 0000:00:05.0: BAR 1 [mem 0xc1000000-0xc10003ff]
[    0.893085] pci 0000:00:06.0: [1af4:1005] type 00 class 0x00ff00 conventional PCI endpoint
[    0.901738] pci 0000:00:06.0: BAR 0 [io  0xc080-0xc09f]
[    0.902725] pci 0000:00:06.0: BAR 1 [mem 0xc1002000-0xc100203f]
[    0.916864] ACPI: PCI: Interrupt link LNKA configured for IRQ 10
[    0.918864] ACPI: PCI: Interrupt link LNKB configured for IRQ 10
[    0.920854] ACPI: PCI: Interrupt link LNKC configured for IRQ 11
[    0.923769] ACPI: PCI: Interrupt link LNKD configured for IRQ 11
[    0.925760] ACPI: PCI: Interrupt link LNKS configured for IRQ 9
[    0.930728] iommu: Default domain type: Translated
[    0.931710] iommu: DMA domain TLB invalidation policy: lazy mode
[    0.933967] SCSI subsystem initialized
[    0.935765] ACPI: bus type USB registered
[    0.936734] usbcore: registered new interface driver usbfs
[    0.937734] usbcore: registered new interface driver hub
[    0.939731] usbcore: registered new device driver usb
[    0.940744] pps_core: LinuxPPS API ver. 1 registered
[    0.941710] pps_core: Software ver. 5.3.6 - Copyright 2005-2007 Rodolfo Giometti <giometti@linux.it>
[    0.942723] PTP clock support registered
[    0.944760] EDAC MC: Ver: 3.0.0
[    0.946713] efivars: Registered efivars operations
[    0.949311] NetLabel: Initializing
[    0.949711] NetLabel:  domain hash size = 128
[    0.950710] NetLabel:  protocols = UNLABELED CIPSOv4 CALIPSO
[    0.951741] NetLabel:  unlabeled traffic allowed by default
[    0.952788] mctp: management component transport protocol core
[    0.953711] NET: Registered PF_MCTP protocol family
[    0.954730] PCI: Using ACPI for IRQ routing
[    0.955957] vgaarb: loaded
[    0.957933] clocksource: Switched to clocksource kvm-clock
[    0.961083] VFS: Disk quotas dquot_6.6.0
[    0.962572] VFS: Dquot-cache hash table entries: 512 (order 0, 4096 bytes)
[    0.965503] AppArmor: AppArmor Filesystem Enabled
[    0.967502] pnp: PnP ACPI init
[    0.969642] pnp: PnP ACPI: found 7 devices
[    0.978795] clocksource: acpi_pm: mask: 0xffffff max_cycles: 0xffffff, max_idle_ns: 2085701024 ns
[    0.982143] NET: Registered PF_INET protocol family
[    0.984281] IP idents hash table entries: 262144 (order: 9, 2097152 bytes, linear)
[    1.010133] tcp_listen_portaddr_hash hash table entries: 32768 (order: 7, 524288 bytes, linear)
[    1.013159] Table-perturb hash table entries: 65536 (order: 6, 262144 bytes, linear)
[    1.017039] TCP established hash table entries: 524288 (order: 10, 4194304 bytes, linear)
[    1.020691] TCP bind hash table entries: 65536 (order: 9, 2097152 bytes, linear)
[    1.023655] TCP: Hash tables configured (established 524288 bind 65536)
[    1.026631] MPTCP token hash table entries: 65536 (order: 9, 1572864 bytes, linear)
[    1.030040] UDP hash table entries: 32768 (order: 9, 2097152 bytes, linear)
[    1.033218] UDP-Lite hash table entries: 32768 (order: 9, 2097152 bytes, linear)
[    1.036380] NET: Registered PF_UNIX/PF_LOCAL protocol family
[    1.038692] NET: Registered PF_XDP protocol family
[    1.040615] pci_bus 0000:00: resource 4 [io  0x0000-0x0cf7 window]
[    1.042962] pci_bus 0000:00: resource 5 [io  0x0d00-0xffff window]
[    1.045369] pci_bus 0000:00: resource 6 [mem 0x000a0000-0x000bffff window]
[    1.048010] pci_bus 0000:00: resource 7 [mem 0xc0000000-0xc53fffff window]
[    1.050741] pci_bus 0000:00: resource 8 [mem 0xc5440000-0xee3fffff window]
[    1.053478] pci_bus 0000:00: resource 9 [mem 0xee440000-0xfebfefff window]
[    1.056181] pci_bus 0000:00: resource 10 [mem 0x1040000000-0x2103fffffff window]
[    1.059072] pci 0000:00:00.0: Limiting direct PCI/PCI transfers
[    1.061583] PCI: CLS 0 bytes, default 64
[    1.063195] PCI-DMA: Using software bounce buffering for IO (SWIOTLB)
[    1.065747] software IO TLB: mapped [mem 0x00000000b7f7f000-0x00000000bbf7f000] (64MB)
[    1.068874] clocksource: tsc: mask: 0xffffffffffffffff max_cycles: 0x212733415c7, max_idle_ns: 440795236380 ns
[    1.072919] clocksource: Switched to clocksource tsc
[    1.095537] Initialise system trusted keyrings
[    1.097298] Key type blacklist registered
[    1.098992] workingset: timestamp_bits=36 max_order=24 bucket_order=0
[    1.101915] squashfs: version 4.0 (2009/01/31) Phillip Lougher
[    1.104435] fuse: init (API version 7.44)
[    1.106328] integrity: Platform Keyring initialized
[    1.108158] integrity: Machine keyring initialized
[    1.124921] Key type asymmetric registered
[    1.126514] Asymmetric key parser 'x509' registered
[    1.128403] Block layer SCSI generic (bsg) driver version 0.4 loaded (major 242)
[    1.131225] io scheduler mq-deadline registered
[    1.134928] ledtrig-cpu: registered to indicate activity on CPUs
[    1.137424] input: Power Button as /devices/LNXSYSTM:00/LNXPWRBN:00/input/input0
[    1.140323] ACPI: button: Power Button [PWRF]
[    1.142053] input: Sleep Button as /devices/LNXSYSTM:00/LNXSLPBN:00/input/input1
[    1.144881] ACPI: button: Sleep Button [SLPF]
[    1.153091] ACPI: \_SB_.LNKC: Enabled at IRQ 11
[    1.154854] virtio-pci 0000:00:03.0: virtio_pci: leaving for legacy driver
[    1.165247] ACPI: \_SB_.LNKA: Enabled at IRQ 10
[    1.167046] virtio-pci 0000:00:05.0: virtio_pci: leaving for legacy driver
[    1.178581] ACPI: \_SB_.LNKB: Enabled at IRQ 10
[    1.180386] virtio-pci 0000:00:06.0: virtio_pci: leaving for legacy driver
[    1.188178] Serial: 8250/16550 driver, 32 ports, IRQ sharing enabled
[    1.213738] 00:03: ttyS0 at I/O 0x3f8 (irq = 4, base_baud = 115200) is a 16550A
[    1.238970] 00:04: ttyS1 at I/O 0x2f8 (irq = 3, base_baud = 115200) is a 16550A
[    1.264281] 00:05: ttyS2 at I/O 0x3e8 (irq = 6, base_baud = 115200) is a 16550A
[    1.289855] 00:06: ttyS3 at I/O 0x2e8 (irq = 7, base_baud = 115200) is a 16550A
[    1.294676] Linux agpgart interface v0.103
[    1.297706] tpm_tis MSFT0101:00: 2.0 TPM (device-id 0x9009, rev-id 0)
[    1.316232] loop: module loaded
[    1.320646] virtio_scsi virtio0: 1/0/0 default/read/poll queues
[    1.339575] scsi host0: Virtio SCSI HBA
[    1.340673] blk-mq: reduced tag depth to 10240
[    1.347724] Key type psk registered
[    1.348437] scsi 0:0:1:0: Direct-Access     Google   PersistentDisk   1    PQ: 0 ANSI: 6
[    1.350720] ACPI: bus type drm_connector registered
[    1.354277] tun: Universal TUN/TAP device driver, 1.6
[    1.565188] sd 0:0:1:0: Attached scsi generic sg0 type 0
[    1.565297] sd 0:0:1:0: [sda] 4194304000 512-byte logical blocks: (2.15 TB/1.95 TiB)
[    1.572454] sd 0:0:1:0: [sda] 4096-byte physical blocks
[    1.573947] sd 0:0:1:0: [sda] Write Protect is off
[    1.589779] PPP generic driver version 2.4.2
[    1.591706] sd 0:0:1:0: [sda] Write cache: enabled, read cache: enabled, doesn't support DPO or FUA
[    1.591836] i8042: PNP: PS/2 Controller [PNP0303:KBD,PNP0f13:MOU] at 0x60,0x64 irq 1,12
[    1.596639] i8042: Warning: Keylock active
[    1.600186] serio: i8042 KBD port at 0x60,0x64 irq 1
[    1.601570] serio: i8042 AUX port at 0x60,0x64 irq 12
[    1.603235] mousedev: PS/2 mouse device common for all mice
[    1.605119] rtc_cmos 00:00: RTC can wake from S4
[    1.607933] rtc_cmos 00:00: registered as rtc0
[    1.609381] rtc_cmos 00:00: setting system clock to 2026-05-15T01:51:40 UTC (1778809900)
[    1.611667] rtc_cmos 00:00: alarms up to one day, 114 bytes nvram
[    1.612982] GPT:Primary header thinks Alt. header is not at the end of the disk.
[    1.613359] i2c_dev: i2c /dev entries driver
[    1.615291] GPT:104857599 != 4194303999
[    1.616517] device-mapper: core: CONFIG_IMA_DISABLE_HTABLE is disabled. Duplicate IMA measurements will not be recorded in the IMA log.
[    1.617579] GPT:Alternate GPT header not at the end of the disk.
[    1.621360] device-mapper: uevent: version 1.0.3
[    1.623118] GPT:104857599 != 4194303999
[    1.623121] GPT: Use GNU Parted to correct GPT errors.
[    1.623130]  sda: sda1 sda14 sda15 sda16
[    1.624534] device-mapper: ioctl: 4.50.0-ioctl (2025-04-28) initialised: dm-devel@lists.linux.dev
[    1.625763] sd 0:0:1:0: [sda] Attached SCSI disk
[    1.626856] intel_pstate: CPU model not supported
[    1.633064] drop_monitor: Initializing network drop monitor service
[    1.635553] NET: Registered PF_INET6 protocol family
[    1.637541] Segment Routing with IPv6
[    1.638609] In-situ OAM (IOAM) with IPv6
[    1.639774] NET: Registered PF_PACKET protocol family
[    1.641263] Key type dns_resolver registered
[    1.647916] IPI shorthand broadcast: enabled
[    1.651689] sched_clock: Marking stable (1461021402, 189723511)->(1874998085, -224253172)
[    1.654340] registered taskstats version 1
[    1.658057] Loading compiled-in X.509 certificates
[    1.660050] Loaded X.509 cert 'Build time autogenerated kernel key: e45cb4cd1c398ae218369364b5dd9534d3664c1e'
[    1.662949] Loaded X.509 cert 'Canonical Ltd. Live Patch Signing 2025 Kmod: d541cef61dc7e793b7eb7e899970a2eef0b5dc8c'
[    1.666022] Loaded X.509 cert 'Canonical Ltd. Live Patch Signing: 14df34d1a87cf37625abec039ef2bf521249b969'
[    1.669353] Loaded X.509 cert 'Canonical Ltd. Kernel Module Signing: 88f752e560a1e0737e31163a466ad7b70a850c19'
[    1.671976] blacklist: Loading compiled-in revocation X.509 certificates
[    1.673713] Loaded X.509 cert 'Canonical Ltd. Secure Boot Signing: 61482aa2830d0ab2ad5af10b7250da9033ddcef0'
[    1.676267] Loaded X.509 cert 'Canonical Ltd. Secure Boot Signing (2017): 242ade75ac4a15e50d50c84b0d45ff3eae707a03'
[    1.678884] Loaded X.509 cert 'Canonical Ltd. Secure Boot Signing (ESM 2018): 365188c1d374d6b07c3c8f240f8ef722433d6a8b'
[    1.681541] Loaded X.509 cert 'Canonical Ltd. Secure Boot Signing (2019): c0746fd6c5da3ae827864651ad66ae47fe24b3e8'
[    1.684342] Loaded X.509 cert 'Canonical Ltd. Secure Boot Signing (2021 v1): a8d54bbb3825cfb94fa13c9f8a594a195c107b8d'
[    1.687319] Loaded X.509 cert 'Canonical Ltd. Secure Boot Signing (2021 v2): 4cf046892d6fd3c9a5b03f98d845f90851dc6a8c'
[    1.690286] Loaded X.509 cert 'Canonical Ltd. Secure Boot Signing (2021 v3): 100437bb6de6e469b581e61cd66bce3ef4ed53af'
[    1.693122] Loaded X.509 cert 'Canonical Ltd. Secure Boot Signing (Ubuntu Core 2019): c1d57b8f6b743f23ee41f4f7ee292f06eecadfb9'
[    1.701360] Demotion targets for Node 0: null
[    1.702831] Key type .fscrypt registered
[    1.704013] Key type fscrypt-provisioning registered
[    1.705543] Key type big_key registered
[    1.706639] Key type trusted registered
[    1.709714] Key type encrypted registered
[    1.710773] AppArmor: AppArmor sha256 policy hashing enabled
[    1.712758] integrity: Loading X.509 certificate: UEFI:db
[    1.714150] integrity: Loaded X.509 cert 'Microsoft Corporation UEFI CA 2011: 13adbf4309bd82709c8cd54f316ed522988a1bd4'
[    1.716988] integrity: Loading X.509 certificate: UEFI:db
[    1.718347] integrity: Loaded X.509 cert 'Microsoft Windows Production PCA 2011: a92902398e16c49778cd90f99e4f9ae17c55af53'
[    1.721063] integrity: Loading X.509 certificate: UEFI:db
[    1.722423] integrity: Loaded X.509 cert 'Microsoft Corporation: Windows UEFI CA 2023: aefc5fbbbe055d8f8daa585473499417ab5a5272'
[    1.725239] integrity: Loading X.509 certificate: UEFI:db
[    1.726680] integrity: Loaded X.509 cert 'Microsoft UEFI CA 2023: 81aa6b3244c935bce0d6628af39827421e32497d'
[    1.729487] integrity: Revoking X.509 certificate: UEFI:dbx
[    1.730866] blacklist: Revoked X.509 cert 'Canonical Ltd. Secure Boot Signing: 61482aa2830d0ab2ad5af10b7250da9033ddcef0'
[    1.733557] integrity: Revoking X.509 certificate: UEFI:dbx
[    1.734994] blacklist: Revoked X.509 cert 'Cisco: Virtual UEFI SubCA: 13df2e3f54ebf347dcaecebf21d3cbb2355a4c9a'
[    1.737470] integrity: Revoking X.509 certificate: UEFI:dbx
[    1.738904] blacklist: Revoked X.509 cert 'Debian Secure Boot Signer: 00a7468def'
[    1.741302] Loading compiled-in module X.509 certificates
[    1.743153] Loaded X.509 cert 'Build time autogenerated kernel key: e45cb4cd1c398ae218369364b5dd9534d3664c1e'
[    1.745556] ima: Allocated hash algorithm: sha256
[    1.778708] ima: No architecture policies found
[    1.780041] evm: Initialising EVM extended attributes:
[    1.781535] evm: security.selinux
[    1.782444] evm: security.SMACK64
[    1.783376] evm: security.SMACK64EXEC
[    1.784626] evm: security.SMACK64TRANSMUTE
[    1.785920] evm: security.SMACK64MMAP
[    1.786950] evm: security.apparmor
[    1.787854] evm: security.ima
[    1.788697] evm: security.capability
[    1.789691] evm: HMAC attrs: 0x1
[    1.790956] PM:   Magic number: 10:562:862
[    1.792245] processor cpu22: hash matches
[    1.795918] RAS: Correctable Errors collector initialized.
[    1.810192] clk: Disabling unused clocks
[    1.811339] PM: genpd: Disabling unused power domains
[    1.812564] input: AT Translated Set 2 keyboard as /devices/platform/i8042/serio0/input/input2
[    1.817398] check access for rdinit=/init failed: -2, ignoring
[    1.818290] md: Waiting for all devices to be available before autodetect
[    1.819281] md: If you don't use raid, use raid=noautodetect
[    1.820127] md: Autodetecting RAID arrays.
[    1.820784] md: autorun ...
[    1.821264] md: ... autorun DONE.
[    1.833313] EXT4-fs (sda1): mounted filesystem 89fcf612-67c3-434b-97ea-2cfdbfe01b5b ro with ordered data mode. Quota mode: none.
[    1.835035] VFS: Mounted root (ext4 filesystem) readonly on device 8:1.
[    1.838420] devtmpfs: mounted
[    1.841017] Freeing unused decrypted memory: 2028K
[    1.843583] Freeing unused kernel image (initmem) memory: 5404K
[    1.844711] Write protecting the kernel read-only data: 38912k
[    1.846300] Freeing unused kernel image (text/rodata gap) memory: 320K
[    1.847997] Freeing unused kernel image (rodata/data gap) memory: 776K
[    1.906755] x86/mm: Checked W+X mappings: passed, no W+X pages found.
[    1.907694] x86/mm: Checking user space page tables
[    1.964213] x86/mm: Checked W+X mappings: passed, no W+X pages found.
[    1.965255] Run /sbin/init as init process
[    2.232972] systemd[1]: Inserted module 'autofs4'
[    2.377679] systemd[1]: systemd 255.4-1ubuntu8.15 running in system mode (+PAM +AUDIT +SELINUX +APPARMOR +IMA +SMACK +SECCOMP +GCRYPT -GNUTLS +OPENSSL +ACL +BLKID +CURL +ELFUTILS +FIDO2 +IDN2 -IDN +IPTC +KMOD +LIBCRYPTSETUP +LIBFDISK +PCRE2 -PWQUALITY +P11KIT +QRENCODE +TPM2 +BZIP2 +LZ4 +XZ +ZLIB +ZSTD -BPF_FRAMEWORK -XKBCOMMON +UTMP +SYSVINIT default-hierarchy=unified)
[    2.382488] systemd[1]: Detected virtualization google.
[    2.383321] systemd[1]: Detected architecture x86-64.

Welcome to [1mUbuntu 24.04.4 LTS[0m!

[    2.388853] systemd[1]: No hostname configured, using default hostname.
[    2.390093] systemd[1]: Hostname set to <localhost>.
[    2.782776] systemd[1]: Queued start job for default target graphical.target.
[    2.811040] systemd[1]: Created slice system-modprobe.slice - Slice /system/modprobe.
[[0;32m  OK  [0m] Created slice [0;1;39msystem-modprobe.slice[0m - Slice /system/modprobe.
[    2.816853] systemd[1]: Created slice system-serial\x2dgetty.slice - Slice /system/serial-getty.
[[0;32m  OK  [0m] Created slice [0;1;39msystem-serial\x2dget…slice[0m - Slice /system/serial-getty.
[    2.822420] systemd[1]: Created slice system-systemd\x2dfsck.slice - Slice /system/systemd-fsck.
[[0;32m  OK  [0m] Created slice [0;1;39msystem-systemd\x2dfs…slice[0m - Slice /system/systemd-fsck.
[    2.827224] systemd[1]: Created slice user.slice - User and Session Slice.
[[0;32m  OK  [0m] Created slice [0;1;39muser.slice[0m - User and Session Slice.
[    2.830854] systemd[1]: Started systemd-ask-password-wall.path - Forward Password Requests to Wall Directory Watch.
[[0;32m  OK  [0m] Started [0;1;39msystemd-ask-password-wall.…[0md Requests to Wall Directory Watch.
[    2.836013] systemd[1]: Set up automount proc-sys-fs-binfmt_misc.automount - Arbitrary Executable File Formats File System Automount Point.
[[0;32m  OK  [0m] Set up automount [0;1;39mproc-sys-fs-binfm…[0mormats File System Automount Point.
[    2.840792] systemd[1]: Expecting device dev-disk-by\x2dlabel-BOOT.device - /dev/disk/by-label/BOOT...
         Expecting device [0;1;39mdev-disk-by\x2dla…device[0m - /dev/disk/by-label/BOOT...
[    2.844792] systemd[1]: Expecting device dev-disk-by\x2dlabel-UEFI.device - /dev/disk/by-label/UEFI...
         Expecting device [0;1;39mdev-disk-by\x2dla…device[0m - /dev/disk/by-label/UEFI...
[    2.848788] systemd[1]: Expecting device dev-ttyS0.device - /dev/ttyS0...
         Expecting device [0;1;39mdev-ttyS0.device[0m - /dev/ttyS0...
[    2.852798] systemd[1]: Reached target integritysetup.target - Local Integrity Protected Volumes.
[[0;32m  OK  [0m] Reached target [0;1;39mintegritysetup.targ…[0m Local Integrity Protected Volumes.
[    2.856812] systemd[1]: Reached target slices.target - Slice Units.
[[0;32m  OK  [0m] Reached target [0;1;39mslices.target[0m - Slice Units.
[    2.860834] systemd[1]: Reached target snapd.mounts-pre.target - Mounting snaps.
[[0;32m  OK  [0m] Reached target [0;1;39msnapd.mounts-pre.target[0m - Mounting snaps.
[    2.864818] systemd[1]: Reached target swap.target - Swaps.
[[0;32m  OK  [0m] Reached target [0;1;39mswap.target[0m - Swaps.
[    2.868810] systemd[1]: Reached target time-set.target - System Time Set.
[[0;32m  OK  [0m] Reached target [0;1;39mtime-set.target[0m - System Time Set.
[    2.872847] systemd[1]: Reached target veritysetup.target - Local Verity Protected Volumes.
[[0;32m  OK  [0m] Reached target [0;1;39mveritysetup.target[0m - Local Verity Protected Volumes.
[    2.876911] systemd[1]: Listening on dm-event.socket - Device-mapper event daemon FIFOs.
[[0;32m  OK  [0m] Listening on [0;1;39mdm-event.socket[0m - Device-mapper event daemon FIFOs.
[    2.880991] systemd[1]: Listening on lvm2-lvmpolld.socket - LVM2 poll daemon socket.
[[0;32m  OK  [0m] Listening on [0;1;39mlvm2-lvmpolld.socket[0m - LVM2 poll daemon socket.
[    2.884976] systemd[1]: Listening on multipathd.socket - multipathd control socket.
[[0;32m  OK  [0m] Listening on [0;1;39mmultipathd.socket[0m - multipathd control socket.
[    2.888961] systemd[1]: Listening on syslog.socket - Syslog Socket.
[[0;32m  OK  [0m] Listening on [0;1;39msyslog.socket[0m - Syslog Socket.
[    2.892928] systemd[1]: Listening on systemd-fsckd.socket - fsck to fsckd communication Socket.
[[0;32m  OK  [0m] Listening on [0;1;39msystemd-fsckd.socket[0m …fsck to fsckd communication Socket.
[    2.897867] systemd[1]: Listening on systemd-initctl.socket - initctl Compatibility Named Pipe.
[[0;32m  OK  [0m] Listening on [0;1;39msystemd-initctl.socke…[0m- initctl Compatibility Named Pipe.
[    2.902938] systemd[1]: Listening on systemd-journald-dev-log.socket - Journal Socket (/dev/log).
[[0;32m  OK  [0m] Listening on [0;1;39msystemd-journald-dev-…socket[0m - Journal Socket (/dev/log).
[    2.908062] systemd[1]: Listening on systemd-journald.socket - Journal Socket.
[[0;32m  OK  [0m] Listening on [0;1;39msystemd-journald.socket[0m - Journal Socket.
[    2.912048] systemd[1]: Listening on systemd-networkd.socket - Network Service Netlink Socket.
[[0;32m  OK  [0m] Listening on [0;1;39msystemd-networkd.socket[0m - Network Service Netlink Socket.
[    2.916832] systemd[1]: systemd-pcrextend.socket - TPM2 PCR Extension (Varlink) was skipped because of an unmet condition check (ConditionSecurity=measured-uki).
[    2.919097] systemd[1]: Listening on systemd-udevd-control.socket - udev Control Socket.
[[0;32m  OK  [0m] Listening on [0;1;39msystemd-udevd-control.socket[0m - udev Control Socket.
[    2.923935] systemd[1]: Listening on systemd-udevd-kernel.socket - udev Kernel Socket.
[[0;32m  OK  [0m] Listening on [0;1;39msystemd-udevd-kernel.socket[0m - udev Kernel Socket.
[    2.945861] systemd[1]: Mounting dev-hugepages.mount - Huge Pages File System...
         Mounting [0;1;39mdev-hugepages.mount[0m - Huge Pages File System...
[    2.949610] systemd[1]: Mounting dev-mqueue.mount - POSIX Message Queue File System...
         Mounting [0;1;39mdev-mqueue.mount[0m - POSIX Message Queue File System...
[    2.954909] systemd[1]: Mounting sys-kernel-debug.mount - Kernel Debug File System...
         Mounting [0;1;39msys-kernel-debug.mount[0m - Kernel Debug File System...
[    2.959781] systemd[1]: Mounting sys-kernel-tracing.mount - Kernel Trace File System...
         Mounting [0;1;39msys-kernel-tracing.mount[0m - Kernel Trace File System...
[    2.968025] systemd[1]: Starting systemd-journald.service - Journal Service...
         Starting [0;1;39msystemd-journald.service[0m - Journal Service...
[    2.974023] systemd[1]: Starting keyboard-setup.service - Set the console keyboard layout...
         Starting [0;1;39mkeyboard-setup.service[0m - Set the console keyboard layout...
[    2.979123] systemd[1]: Starting kmod-static-nodes.service - Create List of Static Device Nodes...
         Starting [0;1;39mkmod-static-nodes.service[0m…eate List of Static Device Nodes...
[    2.984908] systemd[1]: Starting lvm2-monitor.service - Monitoring of LVM2 mirrors, snapshots etc. using dmeventd or progress polling...
         Starting [0;1;39mlvm2-monitor.service[0m - Mo…ing dmeventd or progress polling...
[    2.989482] systemd-journald[284]: Collecting audit messages is disabled.
[    2.991646] systemd[1]: Starting modprobe@configfs.service - Load Kernel Module configfs...
         Starting [0;1;39mmodprobe@configfs.service[0m - Load Kernel Module configfs...
[    2.996844] systemd[1]: Starting modprobe@dm_mod.service - Load Kernel Module dm_mod...
         Starting [0;1;39mmodprobe@dm_mod.service[0m - Load Kernel Module dm_mod...
[    3.001903] systemd[1]: Starting modprobe@drm.service - Load Kernel Module drm...
         Starting [0;1;39mmodprobe@drm.service[0m - Load Kernel Module drm...
[    3.006824] systemd[1]: Starting modprobe@efi_pstore.service - Load Kernel Module efi_pstore...
         Starting [0;1;39mmodprobe@efi_pstore.servi…[0m - Load Kernel Module efi_pstore...
[    3.012846] systemd[1]: Starting modprobe@fuse.service - Load Kernel Module fuse...
         Starting [0;1;39mmodprobe@fuse.service[0m - Load Kernel Module fuse...
[    3.018385] pstore: Using crash dump compression: deflate
[    3.018959] systemd[1]: Starting modprobe@loop.service - Load Kernel Module loop...
         Starting [0;1;39mmodprobe@loop.service[0m - Load Kernel Module loop...
[    3.025779] pstore: Registered efi_pstore as persistent store backend
[    3.026427] systemd[1]: Starting modprobe@nvme_fabrics.service - Load Kernel Module nvme_fabrics...
         Starting [0;1;39mmodprobe@nvme_fabrics.ser…[0m Load Kernel Module nvme_fabrics...
[    3.031087] systemd[1]: netplan-ovs-cleanup.service - OpenVSwitch configuration for cleanup was skipped because of an unmet condition check (ConditionFileIsExecutable=/usr/bin/ovs-vsctl).
[    3.034590] systemd[1]: Starting systemd-fsck-root.service - File System Check on Root Device...
         Starting [0;1;39msystemd-fsck-root.service[0m…File System Check on Root Device...
[    3.042209] systemd[1]: Starting systemd-modules-load.service - Load Kernel Modules...
         Starting [0;1;39msystemd-modules-load.service[0m - Load Kernel Modules...
[    3.046793] systemd[1]: systemd-pcrmachine.service - TPM2 PCR Machine ID Measurement was skipped because of an unmet condition check (ConditionSecurity=measured-uki).
[    3.048984] systemd[1]: systemd-tpm2-setup-early.service - TPM2 SRK Setup (Early) was skipped because of an unmet condition check (ConditionSecurity=measured-uki).
[    3.052251] systemd[1]: Starting systemd-udev-trigger.service - Coldplug All udev Devices...
         Starting [0;1;39msystemd-udev-trigger.service[0m - Coldplug All udev Devices...
[    3.055392] systemd[1]: Started systemd-journald.service - Journal Service.
[[0;32m  OK  [0m] Started [0;1;39msystemd-journald.service[0m - Journal Service.
[[0;32m  OK  [0m] Mounted [0;1;39mdev-hugepages.mount[0m - Huge Pages File System.
[[0;32m  OK  [0m] Mounted [0;1;39mdev-mqueue.mount[0m - POSIX Message Queue File System.
[[0;32m  OK  [0m] Mounted [0;1;39msys-kernel-debug.mount[0m - Kernel Debug File System.
[[0;32m  OK  [0m] Mounted [0;1;39msys-kernel-tracing.mount[0m - Kernel Trace File System.
[[0;32m  OK  [0m] Finished [0;1;39mkeyboard-setup.service[0m - Set the console keyboard layout.
[[0;32m  OK  [0m] Finished [0;1;39mkmod-static-nodes.service[0m…Create List of Static Device Nodes.
[[0;32m  OK  [0m] Finished [0;1;39mmodprobe@configfs.service[0m - Load Kernel Module configfs.
[[0;32m  OK  [0m] Finished [0;1;39mmodprobe@dm_mod.service[0m - Load Kernel Module dm_mod.
[[0;32m  OK  [0m] Finished [0;1;39mmodprobe@drm.service[0m - Load Kernel Module drm.
[[0;32m  OK  [0m] Finished [0;1;39mmodprobe@efi_pstore.service[0m - Load Kernel Module efi_pstore.
[[0;32m  OK  [0m] Finished [0;1;39mmodprobe@fuse.service[0m - Load Kernel Module fuse.
[[0;32m  OK  [0m] Finished [0;1;39mmodprobe@loop.service[0m - Load Kernel Module loop.
[[0;32m  OK  [0m] Finished [0;1;39mmodprobe@nvme_fabrics.ser…[0m - Load Kernel Module nvme_fabrics.
[[0;32m  OK  [0m] Finished [0;1;39msystemd-modules-load.service[0m - Load Kernel Modules.
         Mounting [0;1;39msys-fs-fuse-connections.mount[0m - FUSE Control File System...
         Mounting [0;1;39msys-kernel-config.mount[0m - Kernel Configuration File System...
[[0;32m  OK  [0m] Started [0;1;39msystemd-fsckd.service[0m - Fi…stem Check Daemon to report status.
         Starting [0;1;39msystemd-sysctl.service[0m - Apply Kernel Variables...
         Starting [0;1;39msystemd-tmpfiles-setup-de…[0m Device Nodes in /dev gracefully...
[[0;32m  OK  [0m] Finished [0;1;39mlvm2-monitor.service[0m - Mo…using dmeventd or progress polling.
[[0;32m  OK  [0m] Finished [0;1;39msystemd-fsck-root.service[0m - File System Check on Root Device.
[[0;32m  OK  [0m] Mounted [0;1;39msys-fs-fuse-connections.mount[0m - FUSE Control File System.
[[0;32m  OK  [0m] Mounted [0;1;39msys-kernel-config.mount[0m - Kernel Configuration File System.
         Starting [0;1;39msystemd-remount-fs.servic…[0munt Root and Kernel File Systems...
[[0;32m  OK  [0m] Finished [0;1;39msystemd-sysctl.service[0m - Apply Kernel Variables.
[[0;32m  OK  [0m] Finished [0;1;39msystemd-tmpfiles-setup-de…[0mic Device Nodes in /dev gracefully.
[[0;32m  OK  [0m] Finished [0;1;39msystemd-remount-fs.servic…[0mmount Root and Kernel File Systems.
         Starting [0;1;39mmultipathd.service[0m - Devi…pper Multipath Device Controller...
         Starting [0;1;39msystemd-journal-flush.ser…[0msh Journal to Persistent Storage...
         Starting [0;1;39msystemd-random-seed.service[0m - Load/Save OS Random Seed...
         Starting [0;1;39msystemd-tmpfiles-setup-de…[0meate Static Device Nodes in /dev...
[[0;32m  OK  [0m] Finished [0;1;39msystemd-udev-trigger.service[0m - Coldplug All udev Devices.
[[0;32m  OK  [0m] Finished [0;1;39msystemd-random-seed.service[0m - Load/Save OS Random Seed.
[[0;32m  OK  [0m] Finished [0;1;39msystemd-tmpfiles-setup-de…[0mCreate Static Device Nodes in /dev.
         Starting [0;1;39msystemd-udevd.service[0m - R…ager for Device Events and Files...
[[0;32m  OK  [0m] Started [0;1;39mmultipathd.service[0m - Devic…Mapper Multipath Device Controller.
[[0;32m  OK  [0m] Started [0;1;39msystemd-udevd.service[0m - Ru…anager for Device Events and Files.
[[0;32m  OK  [0m] Reached target [0;1;39mlocal-fs-pre.target[0m…Preparation for Local File Systems.
         Mounting [0;1;39msnap-core22-2411.mount[0m - …t unit for core22, revision 2411...
         Mounting [0;1;39msnap-google\x2dcloud\x2dc…[0mr google-cloud-cli, revision 448...
         Mounting [0;1;39msnap-snapd-26865.mount[0m - …t unit for snapd, revision 26865...
[[0;32m  OK  [0m] Started [0;1;39msystemd-ask-password-conso…[0mequests to Console Directory Watch.
[[0;32m  OK  [0m] Reached target [0;1;39mcryptsetup.target[0m - Local Encrypted Volumes.
[[0;32m  OK  [0m] Finished [0;1;39msystemd-journal-flush.ser…[0mlush Journal to Persistent Storage.
[[0;32m  OK  [0m] Mounted [0;1;39msnap-core22-2411.mount[0m - Mount unit for core22, revision 2411.
[[0;32m  OK  [0m] Mounted [0;1;39msnap-google\x2dcloud\x2dcl…[0mfor google-cloud-cli, revision 448.
[[0;32m  OK  [0m] Mounted [0;1;39msnap-snapd-26865.mount[0m - Mount unit for snapd, revision 26865.
[[0;32m  OK  [0m] Found device [0;1;39mdev-ttyS0.device[0m - /dev/ttyS0.
[[0;32m  OK  [0m] Found device [0;1;39mdev-disk-by\x2dlabel-BOOT.device[0m - PersistentDisk BOOT.
[[0;32m  OK  [0m] Found device [0;1;39mdev-disk-by\x2dlabel-UEFI.device[0m - PersistentDisk UEFI.
[[0;32m  OK  [0m] Reached target [0;1;39msnapd.mounts.target[0m - Mounted snaps.
[[0;32m  OK  [0m] Listening on [0;1;39msystemd-rfkill.socket[0m…ll Switch Status /dev/rfkill Watch.
[    3.682919] 
         Starting [0;1;39msystemd-fsck@dev-disk-by\…[0mCheck on /dev/disk/by-label/BOOT...
         Starting [0;1;39msystemd-fsck@dev-disk-by\…[0mCheck on /dev/disk/by-label/UEFI...
Checking in progress on 1 disk (0.0% complete)[[0;32m  OK  [0m] Finished [0;1;39msystemd-fsck@dev-disk-by\…[0mm Check on /dev/disk/by-label/BOOT.
Checking in progress on 0 disks (100.0% complete)[[0;32m  OK  [0m] Finished [0;1;39msystemd-fsck@dev-disk-by\…[0mm Check on /dev/disk/by-label/UEFI.
         Mounting [0;1;39mboot.mount[0m - /boot...
[[0;32m  OK  [0m] Mounted [0;1;39mboot.mount[0m - /boot.
         Mounting [0;1;39mboot-efi.mount[0m - /boot/efi...
[[0;32m  OK  [0m] Mounted [0;1;39mboot-efi.mount[0m - /boot/efi.
[[0;32m  OK  [0m] Reached target [0;1;39mlocal-fs.target[0m - Local File Systems.
[[0;32m  OK  [0m] Listening on [0;1;39msystemd-sysext.socket[0m…tension Image Management (Varlink).
         Starting [0;1;39mapparmor.service[0m - Load AppArmor profiles...
         Starting [0;1;39mconsole-setup.service[0m - Set console font and keymap...
         Starting [0;1;39mfinalrd.service[0m - Create …time dir for shutdown pivot root...
         Starting [0;1;39mplymouth-read-write.servi…[0mymouth To Write Out Runtime Data...
         Starting [0;1;39msystemd-binfmt.service[0m - Set Up Additional Binary Formats...
         Starting [0;1;39msystemd-tmpfiles-setup.se…[0me Volatile Files and Directories...
         Starting [0;1;39mufw.service[0m - Uncomplicated firewall...
[[0;32m  OK  [0m] Finished [0;1;39mconsole-setup.service[0m - Set console font and keymap.
[[0;32m  OK  [0m] Finished [0;1;39mfinalrd.service[0m - Create …untime dir for shutdown pivot root.
[[0;32m  OK  [0m] Finished [0;1;39mplymouth-read-write.servi…[0mPlymouth To Write Out Runtime Data.
[[0;32m  OK  [0m] Finished [0;1;39mapparmor.service[0m - Load AppArmor profiles.
[[0;32m  OK  [0m] Finished [0;1;39msystemd-tmpfiles-setup.se…[0mate Volatile Files and Directories.
[[0;32m  OK  [0m] Finished [0;1;39mufw.service[0m - Uncomplicated firewall.
         Mounting [0;1;39mproc-sys-fs-binfmt_misc.m…[0mcutable File Formats File System...
         Starting [0;1;39msnapd.apparmor.service[0m - …iles managed internally by snapd...
         Starting [0;1;39msystemd-resolved.service[0m - Network Name Resolution...
         Starting [0;1;39msystemd-update-utmp.servi…[0mord System Boot/Shutdown in UTMP...
         Starting [0;1;39mcloud-init-local.service[0m …-init: Local Stage (pre-network)...
[[0;32m  OK  [0m] Mounted [0;1;39mproc-sys-fs-binfmt_misc.mo…[0mxecutable File Formats File System.
[[0;32m  OK  [0m] Finished [0;1;39msystemd-binfmt.service[0m - Set Up Additional Binary Formats.
         Starting [0;1;39mmodprobe@dm_mod.service[0m - Load Kernel Module dm_mod...
         Starting [0;1;39mmodprobe@efi_pstore.servi…[0m - Load Kernel Module efi_pstore...
         Starting [0;1;39mmodprobe@loop.service[0m - Load Kernel Module loop...
[[0;32m  OK  [0m] Finished [0;1;39msystemd-update-utmp.servi…[0mecord System Boot/Shutdown in UTMP.
[[0;32m  OK  [0m] Finished [0;1;39mmodprobe@dm_mod.service[0m - Load Kernel Module dm_mod.
[[0;32m  OK  [0m] Finished [0;1;39mmodprobe@efi_pstore.service[0m - Load Kernel Module efi_pstore.
[[0;32m  OK  [0m] Finished [0;1;39mmodprobe@loop.service[0m - Load Kernel Module loop.
[[0;32m  OK  [0m] Started [0;1;39msystemd-resolved.service[0m - Network Name Resolution.
[[0;32m  OK  [0m] Reached target [0;1;39mnss-lookup.target[0m - Host and Network Name Lookups.
[[0;32m  OK  [0m] Finished [0;1;39msnapd.apparmor.service[0m - …ofiles managed internally by snapd.
[    5.954224] cloud-init[715]: Cloud-init v. 25.3-0ubuntu1~24.04.1 running 'init-local' at Fri, 15 May 2026 01:51:45 +0000. Up 5.93 seconds.
         Starting [0;1;39mmodprobe@dm_mod.service[0m - Load Kernel Module dm_mod...
         Starting [0;1;39mmodprobe@efi_pstore.servi…[0m - Load Kernel Module efi_pstore...
         Starting [0;1;39mmodprobe@loop.service[0m - Load Kernel Module loop...
[[0;32m  OK  [0m] Finished [0;1;39mmodprobe@dm_mod.service[0m - Load Kernel Module dm_mod.
[[0;32m  OK  [0m] Finished [0;1;39mmodprobe@efi_pstore.service[0m - Load Kernel Module efi_pstore.
[[0;32m  OK  [0m] Finished [0;1;39mmodprobe@loop.service[0m - Load Kernel Module loop.
         Starting [0;1;39mmodprobe@dm_mod.service[0m - Load Kernel Module dm_mod...
         Starting [0;1;39mmodprobe@efi_pstore.servi…[0m - Load Kernel Module efi_pstore...
         Starting [0;1;39mmodprobe@loop.service[0m - Load Kernel Module loop...
[[0;32m  OK  [0m] Finished [0;1;39mmodprobe@dm_mod.service[0m - Load Kernel Module dm_mod.
[[0;32m  OK  [0m] Finished [0;1;39mmodprobe@efi_pstore.service[0m - Load Kernel Module efi_pstore.
[[0;32m  OK  [0m] Finished [0;1;39mmodprobe@loop.service[0m - Load Kernel Module loop.
[[0;32m  OK  [0m] Finished [0;1;39mcloud-init-local.service[0m …ud-init: Local Stage (pre-network).
[[0;32m  OK  [0m] Reached target [0;1;39mnetwork-pre.target[0m - Preparation for Network.
         Starting [0;1;39msystemd-networkd.service[0m - Network Configuration...
[[0;32m  OK  [0m] Started [0;1;39msystemd-networkd.service[0m - Network Configuration.
[[0;32m  OK  [0m] Reached target [0;1;39mnetwork.target[0m - Network.
         Starting [0;1;39msystemd-networkd-wait-onl…[0mait for Network to be Configured...
[[0;32m  OK  [0m] Finished [0;1;39msystemd-networkd-wait-onl…[0m Wait for Network to be Configured.
         Starting [0;1;39mcloud-init.service[0m - Cloud-init: Network Stage...
[    9.522955] cloud-init[809]: Cloud-init v. 25.3-0ubuntu1~24.04.1 running 'init' at Fri, 15 May 2026 01:51:48 +0000. Up 9.50 seconds.
[    9.536158] cloud-init[809]: ci-info: ++++++++++++++++++++++++++++++++++++++Net device info+++++++++++++++++++++++++++++++++++++++
[    9.549144] cloud-init[809]: ci-info: +--------+------+---------------------------+-----------------+--------+-------------------+
[    9.562123] cloud-init[809]: ci-info: | Device |  Up  |          Address          |       Mask      | Scope  |     Hw-Address    |
[    9.575146] cloud-init[809]: ci-info: +--------+------+---------------------------+-----------------+--------+-------------------+
[    9.588130] cloud-init[809]: ci-info: |  ens5  | True |        10.128.0.56        | 255.255.255.255 | global | 42:01:0a:80:00:38 |
[    9.601141] cloud-init[809]: ci-info: |  ens5  | True | fe80::4001:aff:fe80:38/64 |        .        |  link  | 42:01:0a:80:00:38 |
[    9.614147] cloud-init[809]: ci-info: |   lo   | True |         127.0.0.1         |    255.0.0.0    |  host  |         .         |
[    9.627229] cloud-init[809]: ci-info: |   lo   | True |          ::1/128          |        .        |  host  |         .         |
[    9.640143] cloud-init[809]: ci-info: +--------+------+---------------------------+-----------------+--------+-------------------+
[    9.653130] cloud-init[809]: ci-info: +++++++++++++++++++++++++++++++Route IPv4 info++++++++++++++++++++++++++++++++
[    9.665141] cloud-init[809]: ci-info: +-------+-----------------+------------+-----------------+-----------+-------+
[    9.677263] cloud-init[809]: ci-info: | Route |   Destination   |  Gateway   |     Genmask     | Interface | Flags |
[    9.690095] cloud-init[809]: ci-info: +-------+-----------------+------------+-----------------+-----------+-------+
[    9.702128] cloud-init[809]: ci-info: |   0   |     0.0.0.0     | 10.128.0.1 |     0.0.0.0     |    ens5   |   UG  |
[    9.715141] cloud-init[809]: ci-info: |   1   |    10.128.0.1   |  0.0.0.0   | 255.255.255.255 |    ens5   |   UH  |
[    9.727224] cloud-init[809]: ci-info: |   2   | 169.254.169.254 | 10.128.0.1 | 255.255.255.255 |    ens5   |  UGH  |
[    9.740221] cloud-init[809]: ci-info: +-------+-----------------+------------+-----------------+-----------+-------+
[    9.752151] cloud-init[809]: ci-info: +++++++++++++++++++Route IPv6 info+++++++++++++++++++
[    9.761137] cloud-init[809]: ci-info: +-------+-------------+---------+-----------+-------+
[    9.770121] cloud-init[809]: ci-info: | Route | Destination | Gateway | Interface | Flags |
[    9.779164] cloud-init[809]: ci-info: +-------+-------------+---------+-----------+-------+
[    9.788102] cloud-init[809]: ci-info: |   0   |  fe80::/64  |    ::   |    ens5   |   U   |
[    9.797122] cloud-init[809]: ci-info: |   2   |    local    |    ::   |    ens5   |   U   |
[    9.806162] cloud-init[809]: ci-info: |   3   |  multicast  |    ::   |    ens5   |   U   |
[    9.815191] cloud-init[809]: ci-info: +-------+-------------+---------+-----------+-------+
[   14.712360] cloud-init[809]: Generating public/private rsa key pair.
[   14.720147] cloud-init[809]: Your identification has been saved in /etc/ssh/ssh_host_rsa_key
[   14.730239] cloud-init[809]: Your public key has been saved in /etc/ssh/ssh_host_rsa_key.pub
[   14.740155] cloud-init[809]: The key fingerprint is:
[   14.746148] cloud-init[809]: SHA256:xDTFT6Mh55fGL1Aj/rNztAoKV0YsMCSfVymSO5K8TBE root@loadgen-88cd
[   14.756249] cloud-init[809]: The key's randomart image is:
[   14.762295] cloud-init[809]: +---[RSA 3072]----+
[[0;32m  OK  [0m] Finished [0;1;39mcloud-init.service[0m - Cloud-init: Network Stage.
[   14.768162] cloud-init[809]: |    Eo+.ooo.     |
[[0;32m  OK  [0m] Reached target [0;1;39mcloud-config.target[0m - Cloud-config availability.
[   14.783218] cloud-init[809]: |    .oo*o+* =    |
[[0;32m  OK  [0m] Reached target [0;1;39mnetwork-online.target[0m - Network is Online.
[   14.798232] cloud-init[809]: |   . ooo=*oO +   |
[[0;32m  OK  [0m] Reached target [0;1;39msysinit.target[0m - System Initialization.
[   14.813218] cloud-init[809]: |    = oo o= *    |
[[0;32m  OK  [0m] Started [0;1;39mnvidia-cdi-refresh.path[0m - …r toolkit install / upgrade events.
[   14.828150] cloud-init[809]: |   o o .S o= .   |
[[0;32m  OK  [0m] Started [0;1;39mgce-workload-cert-refresh.…[0mWorkload Certificate refresh timer.
[   14.844111] cloud-init[809]: |    o    o  + o  |
[[0;32m  OK  [0m] Started [0;1;39mgoogle-oslogin-cache.timer[0m - NSS cache refresh timer.
[   14.860111] cloud-init[809]: |      . . .  = . |
[   14.874106] cloud-init[809]: |       o . .o o  |
[[0;32m  OK  [0m] Started [0;1;39msystemd-tmpfiles-clean.tim…[0my Cleanup of Temporary Directories.
[   14.874179] cloud-init[809]: |        .   .+   |
[   14.896112] cloud-init[809]: +----[SHA256]-----+
[[0;32m  OK  [0m] Started [0;1;39mupdate-notifier-download.t…[0mhat failed at package install time.
[[0;32m  OK  [0m] Reached target [0;1;39mpaths.target[0m - Path Units.
[   14.896182] cloud-init[809]: Generating public/private ecdsa key pair.
[[0;32m  OK  [0m] Listening on [0;1;39mcloud-init-hotplugd.s…t[0m - cloud-init hotplug hook socket.
[   14.927120] cloud-init[809]: Your identification has been saved in /etc/ssh/ssh_host_ecdsa_key
[[0;32m  OK  [0m] Listening on [0;1;39mdbus.socket[0m - D-Bus System Message Bus Socket.
[   14.946122] cloud-init[809]: Your public key has been saved in /etc/ssh/ssh_host_ecdsa_key.pub
[   14.965127] cloud-init[809]: The key fingerprint is:
         Starting [0;1;39mdocker.socket[0m - Docker Socket for the API...
[   14.965195] cloud-init[809]: SHA256:zBQ99PIt/xNmPFgpBE77L8RrHwzVV86j5kS30LkfOfI root@loadgen-88cd
[[0;32m  OK  [0m] Listening on [0;1;39miscsid.socket[0m - Open-iSCSI iscsid Socket.
[   14.988142] cloud-init[809]: The key's randomart image is:
[   15.002146] cloud-init[809]: +---[ECDSA 256]---+
         Starting [0;1;39mlxd-installer.socket[0m - He…er to install lxd snap on demand...
[   15.002236] cloud-init[809]: |        .o.o.   .|
         Starting [0;1;39msnapd.socket[0m - Socket activation for snappy daemon...
[   15.024138] cloud-init[809]: |         .=....o+|
[[0;32m  OK  [0m] Listening on [0;1;39mssh.socket[0m - OpenBSD Secure Shell server socket.
[   15.038131] cloud-init[809]: |        . .+oo **|
[[0;32m  OK  [0m] Listening on [0;1;39muuidd.socket[0m - UUID daemon activation socket.
[   15.053161] cloud-init[809]: |       +   o+o=o*|
[   15.068103] cloud-init[809]: |        S   oX** |
[[0;32m  OK  [0m] Finished [0;1;39mblk-availability.service[0m - Availability of block devices.
[   15.068174] cloud-init[809]: |            =+B*+|
[[0;32m  OK  [0m] Listening on [0;1;39mdocker.socket[0m - Docker Socket for the API.
[   15.089114] cloud-init[809]: |             =+E+|
[[0;32m  OK  [0m] Listening on [0;1;39mlxd-installer.socket[0m …lper to install lxd snap on demand.
[   15.104123] cloud-init[809]: |            . oo.|
[[0;32m  OK  [0m] Listening on [0;1;39msnapd.socket[0m - Socket activation for snappy daemon.
[   15.120223] cloud-init[809]: |               .o|
[[0;32m  OK  [0m] Reached target [0;1;39msockets.target[0m - Socket Units.
[   15.135163] cloud-init[809]: +----[SHA256]-----+
[[0;32m  OK  [0m] Reached target [0;1;39mbasic.target[0m - Basic System.
[   15.149091] cloud-init[809]: Generating public/private ed25519 key pair.
[   15.164253] cloud-init[809]: Your identification has been saved in /etc/ssh/ssh_host_ed25519_key
[   15.174149] cloud-init[809]: Your public key has been saved in /etc/ssh/ssh_host_ed25519_key.pub
         Starting [0;1;39mchrony.service[0m - chrony, an NTP client/server...
[   15.184335] cloud-init[809]: The key fingerprint is:
         Starting [0;1;39mcloud-config.service[0m - Cloud-init: Config Stage...
[   15.197150] cloud-init[809]: SHA256:8oLpxDaxjdHsrIzNUpMiyFgs17/Pefla9EWri1Z4l24 root@loadgen-88cd
[   15.197225] cloud-init[809]: The key's randomart image is:
         Starting [0;1;39mdbus.service[0m - D-Bus System Message Bus...
[   15.214241] cloud-init[809]: +--[ED25519 256]--+
[[0;32m  OK  [0m] Started [0;1;39mdmesg.service[0m - Save initial kernel messages after boot.
[   15.228235] cloud-init[809]: |                 |
[   15.228346] cloud-init[809]: |                 |
         Starting [0;1;39me2scrub_reap.service[0m - Re…ne ext4 Metadata Check Snapshots...
[   15.248302] cloud-init[809]: | . .            .|
         Starting [0;1;39mgce-workload-cert-refresh…[0mGCE Workload Certificate refresh...
[   15.268127] cloud-init[809]: |. + .o         ..|
[   15.268182] cloud-init[809]: |++  oo+ S   o  .o|
[[0;32m  OK  [0m] Started [0;1;39mgoogle-osconfig-agent.service[0m - Google OSConfig Agent.
[   15.283251] cloud-init[809]: |+...+@.o   o +.+ |
         Starting [0;1;39mgoogle-oslogin-cache.service[0m - NSS cache refresh...
[   15.298360] cloud-init[809]: | . oX.=..  .+.+  |
[   15.298456] cloud-init[809]: |  .O o.o .oo. .E |
[   15.298492] cloud-init[809]: |  ..*  .+.o+...  |
         Starting [0;1;39mgrub-common.service[0m - Record successful boot for GRUB...
[   15.322414] cloud-init[809]: +----[SHA256]-----+
         Starting [0;1;39mnetworkd-dispatcher.servi…[0mcher daemon for systemd-networkd...
         Starting [0;1;39mnvidia-persistenced.service[0m - NVIDIA Persistence Daemon...
         Starting [0;1;39mnvmf-autoconnect.service[0m …ystems automatically during boot...
         Starting [0;1;39mrsyslog.service[0m - System Logging Service...
         Starting [0;1;39msecureboot-db.service[0m - Secure Boot updates for DB and DBX...
[[0;32m  OK  [0m] Reached target [0;1;39mgetty-pre.target[0m - Preparation for Logins.
         Starting [0;1;39msnapd.seeded.service[0m - Wait until snapd is fully seeded...
         Starting [0;1;39msnapd.service[0m - Snap Daemon...
         Starting [0;1;39msysstat.service[0m - Resets System Activity Logs...
         Starting [0;1;39msystemd-logind.service[0m - User Login Management...
[[0;32m  OK  [0m] Started [0;1;39mubuntu-advantage.service[0m - Ubuntu Pro Background Auto Attach.
[[0;32m  OK  [0m] Started [0;1;39mdbus.service[0m - D-Bus System Message Bus.
[[0;32m  OK  [0m] Finished [0;1;39me2scrub_reap.service[0m - Re…line ext4 Metadata Check Snapshots.
[[0;32m  OK  [0m] Finished [0;1;39mgce-workload-cert-refresh…[0m- GCE Workload Certificate refresh.
[[0;32m  OK  [0m] Started [0;1;39msystemd-logind.service[0m - User Login Management.
[[0;32m  OK  [0m] Started [0;1;39mnetworkd-dispatcher.servic…[0matcher daemon for systemd-networkd.
[[0;32m  OK  [0m] Finished [0;1;39mgoogle-oslogin-cache.service[0m - NSS cache refresh.
[[0;32m  OK  [0m] Started [0;1;39mnvidia-persistenced.service[0m - NVIDIA Persistence Daemon.
[[0;32m  OK  [0m] Finished [0;1;39mnvmf-autoconnect.service[0m …bsystems automatically during boot.
[[0;32m  OK  [0m] Finished [0;1;39msysstat.service[0m - Resets System Activity Logs.
[[0;32m  OK  [0m] Finished [0;1;39mgrub-common.service[0m - Record successful boot for GRUB.
[[0;32m  OK  [0m] Reached target [0;1;39mremote-fs-pre.targe…[0mreparation for Remote File Systems.
[[0;32m  OK  [0m] Reached target [0;1;39mremote-fs.target[0m - Remote File Systems.
         Starting [0;1;39mapport.service[0m - automatic crash report generation...
[   15.630330] cloud-init[1016]: Cloud-init v. 25.3-0ubuntu1~24.04.1 running 'modules:config' at Fri, 15 May 2026 01:51:54 +0000. Up 15.58 seconds.
         Starting [0;1;39mcontainerd.service[0m - containerd container runtime...
[[0;32m  OK  [0m] Started [0;1;39mcron.service[0m - Regular background program processing daemon.
         Starting [0;1;39mgrub-initrd-fallback.service[0m - GRUB failed boot detection...
         Starting [0;1;39msystemd-hostnamed.service[0m - Hostname Service...
         Starting [0;1;39msystemd-user-sessions.service[0m - Permit User Sessions...
[[0;32m  OK  [0m] Started [0;1;39munattended-upgrades.service[0m - Unattended Upgrades Shutdown.
[[0;32m  OK  [0m] Started [0;1;39mchrony.service[0m - chrony, an NTP client/server.
[[0;32m  OK  [0m] Finished [0;1;39msecureboot-db.service[0m - Secure Boot updates for DB and DBX.
[[0;32m  OK  [0m] Finished [0;1;39msystemd-user-sessions.service[0m - Permit User Sessions.
[[0;32m  OK  [0m] Finished [0;1;39mgrub-initrd-fallback.service[0m - GRUB failed boot detection.
         Stopping [0;1;39mchrony.service[0m - chrony, an NTP client/server...
2026-05-15T01:51:54.847136+00:00 loadgen-88cd systemd[1]: Mounted dev-hugepages.mount - Huge Pages File System.
2026-05-15T01:51:54.847329+00:00 loadgen-88cd systemd[1]: Mounted dev-mqueue.mount - POSIX Message Queue File System.
2026-05-15T01:51:54.847366+00:00 loadgen-88cd systemd[1]: Mounted sys-kernel-debug.mount - Kernel Debug File System.
2026-05-15T01:51:54.847372+00:00 loadgen-88cd systemd[1]: Mounted sys-kernel-tracing.mount - Kernel Trace File System.
2026-05-15T01:51:54.847377+00:00 loadgen-88cd systemd[1]: Finished keyboard-setup.service - Set the console keyboard layout.
2026-05-15T01:51:54.847298+00:00 loadgen-88cd kernel: Linux version 6.17.0-1013-gcp (buildd@lcy02-amd64-034) (x86_64-linux-gnu-gcc-13 (Ubuntu 13.3.0-6ubuntu2~24.04.1) 13.3.0, GNU ld (GNU Binutils for Ubuntu) 2.42) #13~24.04.1-Ubuntu SMP Thu Apr 16 02:10:24 UTC 2026 (Ubuntu 6.17.0-1013.13~24.04.1-gcp 6.17.13)
2026-05-15T01:51:54.847381+00:00 loadgen-88cd systemd[1]: Finished kmod-static-nodes.service - Create List of Static Device Nodes.
2026-05-15T01:51:54.847406+00:00 loadgen-88cd kernel: Command line: BOOT_IMAGE=/vmlinuz-6.17.0-1013-gcp root=PARTUUID=6624332c-1f00-4e51-a0bf-94661fe17234 ro console=ttyS0,115200 panic=-1
2026-05-15T01:51:54.847409+00:00 loadgen-88cd kernel: KERNEL supported cpus:
2026-05-15T01:51:54.847405+00:00 loadgen-88cd systemd[1]: modprobe@configfs.service: Deactivated successfully.
2026-05-15T01:51:54.847409+00:00 loadgen-88cd kernel:   Intel GenuineIntel
2026-05-15T01:51:54.847412+00:00 loadgen-88cd kernel:   AMD AuthenticAMD
2026-05-15T01:51:54.847413+00:00 loadgen-88cd kernel:   Hygon HygonGenuine
2026-05-15T01:51:54.847413+00:00 loadgen-88cd kernel:   Centaur CentaurHauls
2026-05-15T01:51:54.847417+00:00 loadgen-88cd kernel:   zhaoxin   Shanghai  
2026-05-15T01:51:54.847417+00:00 loadgen-88cd kernel: x86/CPU: Model not found in latest microcode list
2026-05-15T01:51:54.847418+00:00 loadgen-88cd kernel: BIOS-provided physical RAM map:
2026-05-15T01:51:54.847418+00:00 loadgen-88cd kernel: BIOS-e820: [mem 0x0000000000000000-0x0000000000000fff] reserved
2026-05-15T01:51:54.847419+00:00 loadgen-88cd kernel: BIOS-e820: [mem 0x0000000000001000-0x0000000000054fff] usable
2026-05-15T01:51:54.847419+00:00 loadgen-88cd kernel: BIOS-e820: [mem 0x0000000000055000-0x000000000005ffff] reserved
2026-05-15T01:51:54.847423+00:00 loadgen-88cd kernel: BIOS-e820: [mem 0x0000000000060000-0x0000000000097fff] usable
2026-05-15T01:51:54.847423+00:00 loadgen-88cd kernel: BIOS-e820: [mem 0x0000000000098000-0x000000000009ffff] reserved
2026-05-15T01:51:54.847415+00:00 loadgen-88cd systemd[1]: Finished modprobe@configfs.service - Load Kernel Module configfs.
2026-05-15T01:51:54.847424+00:00 loadgen-88cd kernel: BIOS-e820: [mem 0x0000000000100000-0x00000000bd254fff] usable
2026-05-15T01:51:54.847427+00:00 loadgen-88cd kernel: BIOS-e820: [mem 0x00000000bd255000-0x00000000bd25ffff] ACPI data
2026-05-15T01:51:54.847427+00:00 loadgen-88cd kernel: BIOS-e820: [mem 0x00000000bd260000-0x00000000bf8ecfff] usable
2026-05-15T01:51:54.847428+00:00 loadgen-88cd kernel: BIOS-e820: [mem 0x00000000bf8ed000-0x00000000bfb6cfff] reserved
2026-05-15T01:51:54.847428+00:00 loadgen-88cd kernel: BIOS-e820: [mem 0x00000000bfb6d000-0x00000000bfb7efff] ACPI data
2026-05-15T01:51:54.847431+00:00 loadgen-88cd kernel: BIOS-e820: [mem 0x00000000bfb7f000-0x00000000bfbfefff] ACPI NVS
2026-05-15T01:51:54.847432+00:00 loadgen-88cd kernel: BIOS-e820: [mem 0x00000000bfbff000-0x00000000bffdffff] usable
2026-05-15T01:51:54.847432+00:00 loadgen-88cd kernel: BIOS-e820: [mem 0x00000000bffe0000-0x00000000bfffffff] reserved
2026-05-15T01:51:54.847433+00:00 loadgen-88cd kernel: BIOS-e820: [mem 0x0000000100000000-0x000000103fffffff] usable
2026-05-15T01:51:54.847430+00:00 loadgen-88cd systemd[1]: modprobe@dm_mod.service: Deactivated successfully.
2026-05-15T01:51:54.847433+00:00 loadgen-88cd kernel: NX (Execute Disable) protection: active
2026-05-15T01:51:54.847434+00:00 loadgen-88cd kernel: APIC: Static calls initialized
2026-05-15T01:51:54.847437+00:00 loadgen-88cd kernel: efi: EFI v2.7 by EDK II
2026-05-15T01:51:54.847438+00:00 loadgen-88cd kernel: efi: TPMFinalLog=0xbfbf7000 ACPI=0xbfb7e000 ACPI 2.0=0xbfb7e014 SMBIOS=0xbf9ca000 MEMATTR=0xbd260018 MOKvar=0xbf9c8000 RNG=0xbfb72018 TPMEventLog=0xbd255018 
2026-05-15T01:51:54.847438+00:00 loadgen-88cd kernel: random: crng init done
2026-05-15T01:51:54.847439+00:00 loadgen-88cd kernel: SMBIOS 2.4 present.
2026-05-15T01:51:54.847439+00:00 loadgen-88cd kernel: DMI: Google Google Compute Engine/Google Compute Engine, BIOS Google 04/21/2026
2026-05-15T01:51:54.847444+00:00 loadgen-88cd kernel: DMI: Memory slots populated: 4/4
2026-05-15T01:51:54.847437+00:00 loadgen-88cd systemd[1]: Finished modprobe@dm_mod.service - Load Kernel Module dm_mod.
2026-05-15T01:51:54.847449+00:00 loadgen-88cd kernel: secureboot: Secure boot disabled
2026-05-15T01:51:54.847450+00:00 loadgen-88cd kernel: Hypervisor detected: KVM
2026-05-15T01:51:54.847450+00:00 loadgen-88cd kernel: last_pfn = 0xbffe0 max_arch_pfn = 0x400000000
2026-05-15T01:51:54.847451+00:00 loadgen-88cd kernel: kvm-clock: Using msrs 4b564d01 and 4b564d00
2026-05-15T01:51:54.847451+00:00 loadgen-88cd kernel: kvm-clock: using sched offset of 14587580644 cycles
2026-05-15T01:51:54.847452+00:00 loadgen-88cd kernel: clocksource: kvm-clock: mask: 0xffffffffffffffff max_cycles: 0x1cd42e4dffb, max_idle_ns: 881590591483 ns
2026-05-15T01:51:54.847452+00:00 loadgen-88cd kernel: tsc: Detected 2299.998 MHz processor
2026-05-15T01:51:54.847451+00:00 loadgen-88cd systemd[1]: modprobe@drm.service: Deactivated successfully.
2026-05-15T01:51:54.847456+00:00 loadgen-88cd kernel: e820: update [mem 0x00000000-0x00000fff] usable ==> reserved
2026-05-15T01:51:54.847456+00:00 loadgen-88cd kernel: e820: remove [mem 0x000a0000-0x000fffff] usable
2026-05-15T01:51:54.847457+00:00 loadgen-88cd kernel: last_pfn = 0x1040000 max_arch_pfn = 0x400000000
2026-05-15T01:51:54.847457+00:00 loadgen-88cd kernel: MTRR map: 3 entries (2 fixed + 1 variable; max 18), built from 8 variable MTRRs
2026-05-15T01:51:54.847458+00:00 loadgen-88cd kernel: x86/PAT: Configuration [0-7]: WB  WC  UC- UC  WB  WP  UC- WT  
2026-05-15T01:51:54.847458+00:00 loadgen-88cd kernel: last_pfn = 0xbffe0 max_arch_pfn = 0x400000000
2026-05-15T01:51:54.847459+00:00 loadgen-88cd systemd[1]: Finished modprobe@drm.service - Load Kernel Module drm.
2026-05-15T01:51:54.847461+00:00 loadgen-88cd kernel: Using GB pages for direct mapping
2026-05-15T01:51:54.847465+00:00 loadgen-88cd kernel: secureboot: Secure boot disabled
2026-05-15T01:51:54.847465+00:00 loadgen-88cd kernel: ACPI: Early table checksum verification disabled
2026-05-15T01:51:54.847466+00:00 loadgen-88cd kernel: ACPI: RSDP 0x00000000BFB7E014 000024 (v02 Google)
2026-05-15T01:51:54.847466+00:00 loadgen-88cd kernel: ACPI: XSDT 0x00000000BFB7D0E8 00005C (v01 Google GOOGFACP 00000001      01000013)
2026-05-15T01:51:54.847466+00:00 loadgen-88cd kernel: ACPI: FACP 0x00000000BFB78000 0000F4 (v02 Google GOOGFACP 00000001 GOOG 00000001)
2026-05-15T01:51:54.847470+00:00 loadgen-88cd kernel: ACPI: DSDT 0x00000000BFB79000 001A64 (v01 Google GOOGDSDT 00000001 GOOG 00000001)
2026-05-15T01:51:54.847467+00:00 loadgen-88cd systemd[1]: modprobe@efi_pstore.service: Deactivated successfully.
2026-05-15T01:51:54.847470+00:00 loadgen-88cd kernel: ACPI: FACS 0x00000000BFBF1000 000040
2026-05-15T01:51:54.847473+00:00 loadgen-88cd kernel: ACPI: SSDT 0x00000000BFB7C000 000316 (v02 GOOGLE Tpm2Tabl 00001000 INTL 20250807)
2026-05-15T01:51:54.847474+00:00 loadgen-88cd kernel: ACPI: TPM2 0x00000000BFB7B000 000034 (v04 GOOGLE          00000001 GOOG 00000001)
2026-05-15T01:51:54.847474+00:00 loadgen-88cd kernel: ACPI: SRAT 0x00000000BFB77000 000228 (v03 Google GOOGSRAT 00000001 GOOG 00000001)
2026-05-15T01:51:54.847475+00:00 loadgen-88cd kernel: ACPI: APIC 0x00000000BFB76000 000126 (v05 Google GOOGAPIC 00000001 GOOG 00000001)
2026-05-15T01:51:54.847475+00:00 loadgen-88cd kernel: ACPI: SSDT 0x00000000BFB74000 0011D6 (v01 Google GOOGSSDT 00000001 GOOG 00000001)
2026-05-15T01:51:54.847479+00:00 loadgen-88cd kernel: ACPI: WAET 0x00000000BFB73000 000028 (v01 Google GOOGWAET 00000001 GOOG 00000001)
2026-05-15T01:51:54.847479+00:00 loadgen-88cd kernel: ACPI: Reserving FAC         Starting [0;1;39mplymouth-quit-wait.servic…[0md until boot process finishes up...
P table memory at [mem 0xbfb78000-0xbfb780f3]
2026-05-15T01:51:54.847480+00:00 loadgen-88cd kernel: ACPI: Reserving DSDT table memory at [mem 0xbfb79000-0xbfb7aa63]
2026-05-15T01:51:54.847480+00:00 loadgen-88cd kernel: ACPI: Reserving FACS table memory at [mem 0xbfbf1000-0xbfbf103f]
2026-05-15T01:51:54.847481+00:00 loadgen-88cd kernel: ACPI: Reserving SSDT table memory at [mem 0xbfb7c000-0xbfb7c315]
2026-05-15T01:51:54.847481+00:00 loadgen-88cd kernel: ACPI: Reserving TPM2 table memory at [mem 0xbfb7b000-0xbfb7b033]
2026-05-15T01:51:54.847475+00:00 loadgen-88cd systemd[1]: Finished modprobe@efi_pstore.service - Load Kernel Module efi_pstore.
2026-05-15T01:51:54.847484+00:00 loadgen-88cd kernel: ACPI: Reserving SRAT table memory at [mem 0xbfb77000-0xbfb77227]
2026-05-15T01:51:54.847485+00:00 loadgen-88cd kernel: ACPI: Reserving APIC table memory at [mem 0xbfb76000-0xbfb76125]
2026-05-15T01:51:54.847485+00:00 loadgen-88cd kernel: ACPI: Reserving SSDT table memory at [mem 0xbfb74000-0xbfb751d5]
2026-05-15T01:51:54.847486+00:00 loadgen-88cd kernel: ACPI: Reserving WAET table memory at [mem 0xbfb73000-0xbfb73027]
2026-05-15T01:51:54.847486+00:00 loadgen-88cd kernel: ACPI: SRAT: Node 0 PXM 0 [mem 0x00000000-0x0009ffff]
2026-05-15T01:51:54.847487+00:00 loadgen-88cd kernel: ACPI: SRAT: Node 0 PXM 0 [mem 0x00100000-0xbfffffff]
2026-05-15T01:51:54.847487+00:00 loadgen-88cd kernel: ACPI: SRAT: Node 0 PXM 0 [mem 0x100000000-0x103fffffff]
2026-05-15T01:51:54.847487+00:00 loadgen-88cd systemd[1]: modprobe@fuse.service: Deactivated successfully.
2026-05-15T01:51:54.847490+00:00 loadgen-88cd kernel: NUMA: Node 0 [mem 0x00001000-0x0009ffff] + [mem 0x00100000-0xbfffffff] -> [mem 0x00001000-0xbfffffff]
2026-05-15T01:51:54.847491+00:00 loadgen-88cd kernel: NUMA: Node 0 [mem 0x00001000-0xbfffffff] + [mem 0x100000000-0x103fffffff] -> [mem 0x00001000-0x103fffffff]
2026-05-15T01:51:54.847492+00:00 loadgen-88cd kernel: NODE_DATA(0) allocated [mem 0x103ffd32c0-0x103fffdfff]
2026-05-15T01:51:54.847492+00:00 loadgen-88cd kernel: Zone ranges:
2026-05-15T01:51:54.847493+00:00 loadgen-88cd kernel:   DMA      [mem 0x0000000000001000-0x0000000000ffffff]
2026-05-15T01:51:54.847493+00:00 loadgen-88cd kernel:   DMA32    [mem 0x0000000001000000-0x00000000ffffffff]
2026-05-15T01:51:54.847494+00:00 loadgen-88cd systemd[1]: Finished modprobe@fuse.service - Load Kernel Module fuse.
2026-05-15T01:51:54.847496+00:00 loadgen-88cd kernel:   Normal   [mem 0x0000000100000000-0x000000103fffffff]
2026-05-15T01:51:54.847502+00:00 loadgen-88cd kernel:   Device   empty
2026-05-15T01:51:54.847502+00:00 loadgen-88cd kernel: Movable zone start for each node
2026-05-15T01:51:54.847503+00:00 loadgen-88cd kernel: Early memory node ranges
2026-05-15T01:51:54.847503+00:00 loadgen-88cd kernel:   node   0: [mem 0x0000000000001000-0x0000000000054fff]
2026-05-15T01:51:54.847503+00:00 loadgen-88cd kernel:   node   0: [mem 0x0000000000060000-0x0000000000097fff]
2026-05-15T01:51:54.847507+00:00 loadgen-88cd kernel:   node   0: [mem 0x0000000000100000-0x00000000bd254fff]
2026-05-15T01:51:54.847507+00:00 loadgen-88cd kernel:   node   0: [mem 0x00000000bd260000-0x00000000bf8ecfff]
2026-05-15T01:51:54.847504+00:00 loadgen-88cd systemd[1]: modprobe@loop.service: Deactivated successfully.
2026-05-15T01:51:54.847508+00:00 loadgen-88cd kernel:   node   0: [mem 0x00000000bfbff000-0x00000000bffdffff]
2026-05-15T01:51:54.847509+00:00 loadgen-88cd kernel:   node   0: [mem 0x0000000100000000-0x000000103fffffff]
2026-05-15T01:51:54.847509+00:00 loadgen-88cd kernel: Initmem setup node 0 [mem 0x0000000000001000-0x000000103fffffff]
2026-05-15T01:51:54.847509+00:00 loadgen-88cd kernel: On node 0, zone DMA: 1 pages in unavailable ranges
2026-05-15T01:51:54.847512+00:00 loadgen-88cd kernel: On node 0, zone DMA: 11 pages in unavailable ranges
2026-05-15T01:51:54.847513+00:00 loadgen-88cd kernel: On node 0, zone DMA: 104 pages in unavailable ranges
2026-05-15T01:51:54.847513+00:00 loadgen-88cd kernel: On node 0, zone DMA32: 11 pages in unavailable ranges
2026-05-15T01:51:54.847514+00:00 loadgen-88cd kernel:          Starting [0;1;39mplymouth-quit.service[0m - Terminate Plymouth Boot Screen...
On node 0, zone DMA32: 786 pages in unavailable ranges
2026-05-15T01:51:54.847514+00:00 loadgen-88cd kernel: On node 0, zone Normal: 32 pages in unavailable ranges
2026-05-15T01:51:54.847517+00:00 loadgen-88cd kernel: ACPI: PM-Timer IO Port: 0xb008
2026-05-15T01:51:54.847512+00:00 loadgen-88cd systemd[1]: Finished modprobe@loop.service - Load Kernel Module loop.
2026-05-15T01:51:54.847517+00:00 loadgen-88cd kernel: ACPI: LAPIC_NMI (acpi_id[0xff] dfl dfl lint[0x1])
2026-05-15T01:51:54.847523+00:00 loadgen-88cd kernel: IOAPIC[0]: apic_id 0, version 17, address 0xfec00000, GSI 0-23
2026-05-15T01:51:54.847523+00:00 loadgen-88cd kernel: ACPI: INT_SRC_OVR (bus 0 bus_irq 5 global_irq 5 high level)
2026-05-15T01:51:54.847524+00:00 loadgen-88cd kernel: ACPI: INT_SRC_OVR (bus 0 bus_irq 9 global_irq 9 high level)
2026-05-15T01:51:54.847524+00:00 loadgen-88cd kernel: ACPI: INT_SRC_OVR (bus 0 bus_irq 10 global_irq 10 high level)
2026-05-15T01:51:54.847522+00:00 loadgen-88cd systemd[1]: modprobe@nvme_fabrics.service: Deactivated successfully.
2026-05-15T01:51:54.847525+00:00 loadgen-88cd kernel: ACPI: INT_SRC_OVR (bus 0 bus_irq 11 global_irq 11 high level)
2026-05-15T01:51:54.847527+00:00 loadgen-88cd kernel: ACPI: Using ACPI (MADT) for SMP configuration information
2026-05-15T01:51:54.847530+00:00 loadgen-88cd kernel: CPU topo: Max. logical packages:   1
2026-05-15T01:51:54.847530+00:00 loadgen-88cd kernel: CPU topo: Max. logical dies:       1
2026-05-15T01:51:54.847531+00:00 loadgen-88cd kernel: CPU topo: Max. dies per package:   1
2026-05-15T01:51:54.847531+00:00 loadgen-88cd kernel: CPU topo: Max. threads per core:   2
2026-05-15T01:51:54.847534+00:00 loadgen-88cd kernel: CPU topo: Num. cores per package:    12
2026-05-15T01:51:54.847529+00:00 loadgen-88cd systemd[1]: Finished modprobe@nvme_fabrics.service - Load Kernel Module nvme_fabrics.
2026-05-15T01:51:54.847542+00:00 loadgen-88cd systemd-modules-load[308]: Inserted module 'dm_multipath'
2026-05-15T01:51:54.847554+00:00 loadgen-88cd systemd[1]: Finished systemd-modules-load.service - Load Kernel Modules.
2026-05-15T01:51:54.847560+00:00 loadgen-88cd systemd[1]: Mounting sys-fs-fuse-connections.mount - FUSE Control File System...
2026-05-15T01:51:54.847566+00:00 loadgen-88cd systemd-fsck[311]: cloudimg-rootfs: clean, 172898/6422528 files, 2136941/12844795 blocks
2026-05-15T01:51:54.847574+00:00 loadgen-88cd systemd[1]: Mounting sys-kernel-config.mount - Kernel Configuration File System...
2026-05-15T01:51:54.847581+00:00 loadgen-88cd systemd[1]: Started systemd-fsckd.service - File System Check Daemon to report status.
2026-05-15T01:51:54.847591+00:00 loadgen-88cd systemd[1]: systemd-repart.service - Repartition Root Disk was skipped because no trigger condition checks were met.
2026-05-15T01:51:54.847599+00:00 loadgen-88cd kernel: CPU topo: Num. threads per package:  24
2026-05-15T01:51:54.847600+00:00 loadgen-88cd kernel: CPU topo: Allowing 24 present CPUs plus 0 hotplug CPUs
2026-05-15T01:51:54.847598+00:00 loadgen-88cd systemd[1]: Starting systemd-sysctl.service - Apply Kernel Variables...
2026-05-15T01:51:54.847603+00:00 loadgen-88cd kernel: PM: hibernation: Registered nosave memory: [mem 0x00000000-0x00000fff]
2026-05-15T01:51:54.847604+00:00 loadgen-88cd kernel: PM: hibernation: Registered nosave memory: [mem 0x00055000-0x0005ffff]
2026-05-15T01:51:54.847605+00:00 loadgen-88cd kernel: PM: hibernation: Registered nosave memory: [mem 0x00098000-0x000fffff]
2026-05-15T01:51:54.847605+00:00 loadgen-88cd kernel: PM: hibernation: Registered nosave memory: [mem 0xbd255000-0xbd25ffff]
2026-05-15T01:51:54.847605+00:00 loadgen-88cd kernel: PM: hibernation: Registered nosave memory: [mem 0xbf8ed000-0xbfbfefff]
2026-05-15T01:51:54.847606+00:00 loadgen-88cd kernel: PM: hibernation: Registered nosave memory: [mem 0xbffe0000-0xffffffff]
2026-05-15T01:51:54.847605+00:00 loadgen-88cd systemd[1]: Starting systemd-tmpfiles-setup-dev-early.service - Create Static Device Nodes in /dev gracefully...
2026-05-15T01:51:54.847609+00:00 loadgen-88cd kernel: [mem 0xc0000000-0xffffffff] available for PCI devices
2026-05-15T01:51:54.847610+00:00 loadgen-88cd kernel: Booting paravirtualized kernel on KVM
2026-05-15T01:51:54.847611+00:00 loadgen-88cd kernel: clocksource: refined-jiffies: mask: 0xffffffff max_cycles: 0xffffffff, max_idle_ns: 1910969940391419 ns
2026-05-15T01:51:54.847611+00:00 loadgen-88cd kernel: setup_percpu: NR_CPUS:8192 nr_cpumask_bits:24 nr_cpu_ids:24 nr_node_ids:1
2026-05-15T01:51:54.847612+00:00 loadgen-88cd kernel: percpu: Embedded 84 pages/cpu s221184 r8192 d114688 u524288
2026-05-15T01:51:54.847612+00:00 loadgen-88cd kernel: pcpu-alloc: s221184 r8192 d114688 u524288 alloc=1*2097152
2026-05-15T01:51:54.847613+00:00 loadgen-88cd systemd[1]: Finished lvm2-monitor.service - Monitoring of LVM2 mirrors, snapshots etc. using dmeventd or progress polling.
2026-05-15T01:51:54.847619+00:00 loadgen-88cd kernel: pcpu-alloc: [0] 00 01 02 03 [0] 04 05 06 07 
2026-05-15T01:51:54.847620+00:00 loadgen-88cd kernel: pcpu-alloc: [0] 08 09 10 11 [0] 12 13 14 15 
2026-05-15T01:51:54.847621+00:00 loadgen-88cd kernel: pcpu-alloc: [0] 16 17 18 19 [0] 20 21 22 23 
2026-05-15T01:51:54.847621+00:00 loadgen-88cd kernel: kvm-guest: PV spinlocks enabled
2026-05-15T01:51:54.847622+00:00 loadgen-88cd kernel: PV qspinlock hash table entries: 256 (order: 0, 4096 bytes, linear)
2026-05-15T01:51:54.847622+00:00 loadgen-88cd kernel: Kernel command line: BOOT_IMAGE=/vmlinuz-6.17.0-1013-gcp root=PARTUUID=6624332c-1f00-4e51-a0bf-94661fe17234 ro console=ttyS0,115200 panic=-1
2026-05-15T01:51:54.847620+00:00 loadgen-88cd systemd[1]: Finished systemd-fsck-root.service - File System Check on Root Device.
2026-05-15T01:51:54.847626+00:00 loadgen-88cd kernel: printk: log buffer data + meta data: 262144 + 917504 = 1179648 bytes
2026-05-15T01:51:54.847626+00:00 loadgen-88cd kernel: Dentry cache hash table entries: 8388608 (order: 14, 67108864 bytes, linear)
2026-05-15T01:51:54.847627+00:00 loadgen-88cd kernel: Inode-cache hash table entries: 4194304 (order: 13, 33554432 bytes, linear)
2026-05-15T01:51:54.847627+00:00 loadgen-88cd kernel: software IO TLB: area num 32.
2026-05-15T01:51:54.847628+00:00 loadgen-88cd kernel: Fallback order for Node 0: 0 
2026-05-15T01:51:54.847628+00:00 loadgen-88cd kernel: Built 1 zonelists, mobility grouping on.  Total pages: 16776271
2026-05-15T01:51:54.847629+00:00 loadgen-88cd kernel: Policy zone: Normal
2026-05-15T01:51:54.847632+00:00 loadgen-88cd kernel: mem auto-init: stack:all(zero), heap alloc:on, heap free:off
2026-05-15T01:51:54.847633+00:00 loadgen-88cd kernel: SLUB: HWalign=64, Order=0-3, MinObjects=0, CPUs=24, Nodes=1
2026-05-15T01:51:54.847633+00:00 loadgen-88cd kernel: Kernel/User page tables isolation: enabled
2026-05-15T01:51:54.847633+00:00 loadgen-88cd kernel: ftrace: allocating 61994 entries in 244 pages
2026-05-15T01:51:54.847634+00:00 loadgen-88cd kernel: ftrace: allocated 244 pages with 5 groups
2026-05-15T01:51:54.847634+00:00 loadgen-88cd kernel: rcu: Hierarchical RCU implementation.
2026-05-15T01:51:54.847628+00:00 loadgen-88cd systemd[1]: Mounted sys-fs-fuse-connections.mount - FUSE Control File System.
2026-05-15T01:51:54.847637+00:00 loadgen-88cd kernel: rcu: 	RCU restricting CPUs from NR_CPUS=8192 to nr_cpu_ids=24.
2026-05-15T01:51:54.847638+00:00 loadgen-88cd kernel: 	Rude variant of Tasks RCU enabled.
2026-05-15T01:51:54.847639+00:00 loadgen-88cd kernel: 	Tracing variant of Tasks RCU enabled.
2026-05-15T01:51:54.847639+00:00 loadgen-88cd kernel: rcu: RCU calculated value of scheduler-enlistment delay is 100 jiffies.
2026-05-15T01:51:54.847639+00:00 loadgen-88cd kernel: rcu: Adjusting geometry for rcu_fanout_leaf=16, nr_cpu_ids=24
2026-05-15T01:51:54.847640+00:00 loadgen-88cd kernel: RCU Tasks Rude: Setting shift to 5 and lim to 1 rcu_task_cb_adjust=1 rcu_task_cpu_ids=24.
2026-05-15T01:51:54.847640+00:00 loadgen-88cd kernel: RCU Tasks Trace: Setting shift to 5 and lim to 1 rcu_task_cb_adjust=1 rcu_task_cpu_ids=24.
2026-05-15T01:51:54.847639+00:00 loadgen-88cd systemd[1]: Mounted sys-kernel-config.mount - Kernel Configuration File System.
2026-05-15T01:51:54.847643+00:00 loadgen[[0;32m  OK  [0m] Started [0;1;39mrsyslog.service[0m - System Logging Service.
-88cd kernel: NR_IRQS: 524544, nr_irqs: 616, preallocated irqs: 16
2026-05-15T01:51:54.847644+00:00 loadgen-88cd kernel: rcu: srcu_init: Setting srcu_struct sizes based on contention.
2026-05-15T01:51:54.847645+00:00 loadgen-88cd kernel: Console: colour dummy device 80x25
2026-05-15T01:51:54.847645+00:00 loadgen-88cd kernel: printk: legacy console [ttyS0] enabled
2026-05-15T01:51:54.847646+00:00 loadgen-88cd kernel: ACPI: Core revision 20250404
2026-05-15T01:51:54.847646+00:00 loadgen-88cd kernel: APIC: Switch to symmetric I/O mode setup
2026-05-15T01:51:54.847646+00:00 loadgen-88cd systemd[1]: Starting systemd-remount-fs.service - Remount Root and Kernel File Systems...
2026-05-15T01:51:54.847649+00:00 loadgen-88cd kernel: x2apic enabled
2026-05-15T01:51:54.847652+00:00 loadgen-88cd kernel: APIC: Switched APIC routing to: physical x2apic
2026-05-15T01:51:54.847653+00:00 loadgen-88cd kernel: ..TIMER: vector=0x30 apic1=0 pin1=0 apic2=-1 pin2=-1
2026-05-15T01:51:54.847653+00:00 loadgen-88cd kernel: clocksource: tsc-early: mask: 0xffffffffffffffff max_cycles: 0x212733415c7, max_idle_ns: 440795236380 ns
2026-05-15T01:51:54.847654+00:00 loadgen-88cd kernel: Calibrating delay loop (skipped) preset value.. 4599.99 BogoMIPS (lpj=2299998)
2026-05-15T01:51:54.847654+00:00 loadgen-88cd kernel: Last level iTLB entries: 4KB 1024, 2MB 1024, 4MB 1024
2026-05-15T01:51:54.847657+00:00 loadgen-88cd kernel: Last level dTLB entries: 4KB 1024, 2MB 1024, 4MB 1024, 1GB 4
2026-05-15T01:51:54.847655+00:00 loadgen-88cd systemd[1]: Finished systemd-sysctl.service - Apply Kernel Variables.
2026-05-15T01:51:54.847658+00:00 loadgen-88cd kernel: mitigations: Enabled attack vectors: user_kernel, user_user, guest_host, guest_guest, SMT mitigations: auto
2026-05-15T01:51:54.847661+00:00 loadgen-88cd kernel: Speculative Store Bypass: Mitigation: Speculative Store Bypass disabled via prctl
2026-05-15T01:51:54.847662+00:00 loadgen-88cd kernel: Spectre V2 : Mitigation: IBRS
2026-05-15T01:51:54.847662+00:00 loadgen-88cd kernel: RETBleed: Mitigation: IBRS
2026-05-15T01:51:54.847662+00:00 loadgen-88cd kernel: ITS: Mitigation: Aligned branch/return thunks
2026-05-15T01:51:54.847666+00:00 loadgen-88cd kernel: Spectre V2 : User space: Mitigation: STIBP via prctl
2026-05-15T01:51:54.847666+00:00 loadgen-88cd kernel: MDS: Mitigation: Clear CPU buffers
2026-05-15T01:51:54.847664+00:00 loadgen-88cd systemd[1]: Finished systemd-tmpfiles-setup-dev-early.service - Create Static Device Nodes in /dev gracefully.
2026-05-15T01:51:54.847667+00:00 loadgen-88cd kernel: MMIO Stale Data: Vulnerable: Clear CPU buffers attempted, no microcode
2026-05-15T01:51:54.847670+00:00 loadgen-88cd kernel: Spectre V1 : Mitigation: usercopy/swapgs barriers and __user pointer sanitization
2026-05-15T01:51:54.847670+00:00 loadgen-88cd kernel: Spectre V2 : Spectre v2 / SpectreRSB: Filling RSB on context switch and VMEXIT
2026-05-15T01:51:54.847671+00:00 loadgen-88cd kernel: Spectre V2 : mitigation: Enabling conditional Indirect Branch Prediction Barrier
2026-05-15T01:51:54.847671+00:00 loadgen-88cd kernel: active return thunk: its_return_thunk
2026-05-15T01:51:54.847674+00:00 loadgen-88cd kernel: Spectre V2 : Spectre BHI mitigation: SW BHB clearing on syscall and VM exit
2026-05-15T01:51:54.847675+00:00 loadgen-88cd kernel: x86/fpu: Supporting XSAVE feature 0x001: 'x87 floating point registers'
2026-05-15T01:51:54.847675+00:00 loadgen-88cd kernel: x86/fpu: Supporting XSAVE feature 0x002: 'SSE registers'
2026-05-15T01:51:54.847676+00:00 loadgen-88cd kernel: x86/fpu: Supporting XSAVE feature 0x004: 'AVX registers'
2026-05-15T01:51:54.847676+00:00 loadgen-88cd kernel: x86/fpu: xstate_offset[2]:  576, xstate_sizes[2]:  256
2026-05-15T01:51:54.847677+00:00 loadgen-88cd kernel: x86/fpu: Enabled xstate features 0x7, context size is 832 bytes, using 'standard' format.
2026-05-15T01:51:54.847672+00:00 loadgen-88cd systemd[1]: Finished systemd-remount-fs.service - Remount Root and Kernel File Systems.
2026-05-15T01:51:54.847680+00:00 loadgen-88cd kernel: Freeing SMP alternatives memory: 52K
2026-05-15T01:[[0;32m  OK  [0m] Started [0;1;39mcontainerd.service[0m - containerd container runtime.
51:54.847681+00:00 loadgen-88cd kernel: pid_max: default: 32768 minimum: 301
2026-05-15T01:51:54.847681+00:00 loadgen-88cd kernel: LSM: initializing lsm=lockdown,capability,landlock,yama,apparmor,ima,evm
2026-05-15T01:51:54.847682+00:00 loadgen-88cd kernel: landlock: Up and running.
2026-05-15T01:51:54.847682+00:00 loadgen-88cd kernel: Yama: becoming mindful.
2026-05-15T01:51:54.847683+00:00 loadgen-88cd kernel: AppArmor: AppArmor initialized
2026-05-15T01:51:54.847683+00:00 loadgen-88cd kernel: Mount-cache hash table entries: 131072 (order: 8, 1048576 bytes, linear)
2026-05-15T01:51:54.847682+00:00 loadgen-88cd systemd[1]: Starting multipathd.service - Device-Mapper Multipath Device Controller...
2026-05-15T01:51:54.847686+00:00 loadgen-88cd kernel: Mountpoint-cache hash table entries: 131072 (order: 8, 1048576 bytes, linear)
2026-05-15T01:51:54.847687+00:00 loadgen-88cd kernel: smpboot: CPU0: Intel(R) Xeon(R) CPU @ 2.30GHz (family: 0x6, model: 0x3f, stepping: 0x0)
2026-05-15T01:51:54.847688+00:00 loadgen-88cd kernel: Performance Events: unsupported CPU family 6 model 63 no PMU driver, software events only.
2026-05-15T01:51:54.847688+00:00 loadgen-88cd kernel: signal: max sigframe size: 1776
2026-05-15T01:51:54.847688+00:00 loadgen-88cd kernel: rcu: Hierarchical SRCU implementation.
2026-05-15T01:51:54.847689+00:00 loadgen-88cd kernel: rcu: 	Max phase no-delay instances is 400.
2026-05-15T01:51:54.847692+00:00 loadgen-88cd kernel: Timer migration: 2 hierarchy levels; 8 children per group; 2 crossnode level
2026-05-15T01:51:54.847693+00:00 loadgen-88cd kernel: NMI watchdog: Perf NMI watchdog permanently disabled
2026-05-15T01:51:54.847689+00:00 loadgen-88cd systemd[1]: systemd-hwdb-update.service - Rebuild Hardware Database was skipped because of an unmet condition check (ConditionNeedsUpdate=/etc).
2026-05-15T01:51:54.847694+00:00 loadgen-88cd kernel: smp: Bringing up secondary CPUs ...
2026-05-15T01:51:54.847697+00:00 loadgen-88cd kernel: smpboot: x86: Booting SMP configuration:
2026-05-15T01:51:54.847698+00:00 loadgen-88cd kernel: .... node  #0, CPUs:        #1  #2  #3  #4  #5  #6  #7  #8  #9 #10 #11 #12 #13 #14 #15 #16 #17 #18 #19 #20 #21 #22 #23
2026-05-15T01:51:54.847698+00:00 loadgen-88cd kernel: MDS CPU bug present and SMT on, data leak possible. See https://www.kernel.org/doc/html/latest/admin-guide/hw-vuln/mds.html for more details.
2026-05-15T01:51:54.847702+00:00 loadgen-88cd kernel: MMIO Stale Data CPU bug present and SMT on, data leak possible. See https://www.kernel.org/doc/html/latest/admin-guide/hw-vuln/processor_mmio_stale_data.html for more details.
2026-05-15T01:51:54.847702+00:00 loadgen-88cd kernel: smp: Brought up 1 node, 24 CPUs
2026-05-15T01:51:54.847699+00:00 loadgen-88cd systemd[1]: Starting systemd-journal-flush.service - Flush Journal to Persistent Storage...
2026-05-15T01:51:54.847704+00:00 loadgen-88cd kernel: smpboot: Total of 24 processors activated (110399.90 BogoMIPS)
2026-05-15T01:51:54.847707+00:00 loadgen-88cd kernel: Memory: 65799600K/67105084K available (22206K kernel code, 4673K rwdata, 15608K rodata, 5404K init, 6100K bss, 1277612K reserved, 0K cma-reserved)
2026-05-15T01:51:54.847708+00:00 loadgen-88cd kernel: devtmpfs: initialized
2026-05-15T01:51:54.847708+00:00 loadgen-88cd kernel: x86/mm: Memory block size: 1024MB
2026-05-15T01:51:54.847709+00:00 loadgen-88cd systemd[1]: systemd-pstore.service - Platform Persistent Storage Archival was skipped because of an unmet condition check (ConditionDirectoryNotEmpty=/sys/fs/pstore).
2026-05-15T01:51:54.847716+00:00 loadgen-88cd kernel: ACPI: PM: Registering ACPI NVS region [mem 0xbfb7f000-0xbfbfefff] (524288 bytes)
2026-05-15T01:51:54.847717+00:00 loadgen-88cd kernel: clocksource: jiffies: mask: 0xffffffff max_cycles: 0xffffffff, max_idle_ns: 1911260446275000 ns
2026-05-15T01:51:54.847718+00:00 loadgen-88cd kernel: posixtimers hash table entries: 16384 (order: 6, 262144 bytes, linear)
2026-05-15T01:51:54.847718+00:00 loadgen-88cd kernel: futex hash table entries: 8192 (524288 bytes on 1 NUMA nodes, total 512 KiB, linear).
2026-05-15T0[[0;32m  OK  [0m] Finished [0;1;39mapport.service[0m - automatic crash report generation.
1:51:54.847719+00:00 loadgen-88cd kernel: pinctrl core: initialized pinctrl subsystem
2026-05-15T01:51:54.847719+00:00 loadgen-88cd kernel: PM: RTC time: 01:51:39, date: 2026-05-15
2026-05-15T01:51:54.847716+00:00 loadgen-88cd systemd[1]: Starting systemd-random-seed.service - Load/Save OS Random Seed...
2026-05-15T01:51:54.847725+00:00 loadgen-88cd systemd[1]: systemd-sysusers.service - Create System Users was skipped because no trigger condition checks were met.
2026-05-15T01:51:54.847735+00:00 loadgen-88cd systemd[1]: Starting systemd-tmpfiles-setup-dev.service - Create Static Device Nodes in /dev...
2026-05-15T01:51:54.847742+00:00 loadgen-88cd systemd[1]: systemd-tpm2-setup.service - TPM2 SRK Setup was skipped because of an unmet condition check (ConditionSecurity=measured-uki).
