2026-05-14 18:54:37,956 DEBUG    root            Loaded Command Group: ['gcloud', 'compute']
2026-05-14 18:54:37,958 DEBUG    root            Loaded Command Group: ['gcloud', 'compute', 'instances']
2026-05-14 18:54:37,959 DEBUG    root            Loaded Command Group: ['gcloud', 'compute', 'instances', 'get_serial_port_output']
2026-05-14 18:54:37,960 DEBUG    root            Running [gcloud.compute.instances.get-serial-port-output] with arguments: [--project: "env-integration-fenway", --zone: "us-central1-c", INSTANCE_NAME: "loadgen-70fm"]
2026-05-14 18:54:37,962 DEBUG    root            On GCE from memory cache: False
2026-05-14 18:54:37,963 DEBUG    root            On GCE from memory cache: False
2026-05-14 18:54:38,060 DEBUG    urllib3.connectionpool Starting new HTTPS connection (1): compute.googleapis.com:443
2026-05-14 18:54:38,526 DEBUG    urllib3.connectionpool https://compute.googleapis.com:443 "GET /compute/v1/projects/env-integration-fenway/zones/us-central1-c/instances/loadgen-70fm/serialPort?alt=json&port=1 HTTP/1.1" 200 None
2026-05-14 18:54:38,591 DEBUG    root            Chosen display Format:value[no-quote](contents)
2026-05-14 18:54:38,592 INFO     root            Display format: "value[no-quote](contents)"
2026-05-14 18:54:38,615 INFO     ___FILE_ONLY___ [2J[01;01H[=3h[2J[01;01H[2J[01;01H[=3h[2J[01;01HCSM BBS Table full.
BdsDxe: loading Boot0003 "Ubuntu" from PciRoot(0x0)/Pci(0x3,0x0)/Scsi(0x1,0x0)/HD(15,GPT,C848D457-4750-4825-A2CD-4EBFB870DC53,0x2800,0x35000)/\EFI\ubuntu\shimx64.efi
BdsDxe: starting Boot0003 "Ubuntu" from PciRoot(0x0)/Pci(0x3,0x0)/Scsi(0x1,0x0)/HD(15,GPT,C848D457-4750-4825-A2CD-4EBFB870DC53,0x2800,0x35000)/\EFI\ubuntu\shimx64.efi

UEFI: Attempting to start image.
Description: Ubuntu
FilePath: PciRoot(0x0)/Pci(0x3,0x0)/Scsi(0x1,0x0)/HD(15,GPT,C848D457-4750-4825-A2CD-4EBFB870DC53,0x2800,0x35000)/\EFI\ubuntu\shimx64.efi
OptionNumber: 3.

[H[J[1;1HGRUB_FORCE_PARTUUID set, attempting initrdless boot.
[    0.000000] Linux version 6.17.0-1013-gcp (buildd@lcy02-amd64-034) (x86_64-linux-gnu-gcc-13 (Ubuntu 13.3.0-6ubuntu2~24.04.1) 13.3.0, GNU ld (GNU Binutils for Ubuntu) 2.42) #13~24.04.1-Ubuntu SMP Thu Apr 16 02:10:24 UTC 2026 (Ubuntu 6.17.0-1013.13~24.04.1-gcp 6.17.13)
[    0.000000] Command line: BOOT_IMAGE=/vmlinuz-6.17.0-1013-gcp root=PARTUUID=6624332c-1f00-4e51-a0bf-94661fe17234 ro console=ttyS0,115200 panic=-1
[    0.000000] KERNEL supported cpus:
[    0.000000]   Intel GenuineIntel
[    0.000000]   AMD AuthenticAMD
[    0.000000]   Hygon HygonGenuine
[    0.000000]   Centaur CentaurHauls
[    0.000000]   zhaoxin   Shanghai  
[    0.000000] x86/CPU: Model not found in latest microcode list
[    0.000000] BIOS-provided physical RAM map:
[    0.000000] BIOS-e820: [mem 0x0000000000000000-0x0000000000000fff] reserved
[    0.000000] BIOS-e820: [mem 0x0000000000001000-0x0000000000054fff] usable
[    0.000000] BIOS-e820: [mem 0x0000000000055000-0x000000000005ffff] reserved
[    0.000000] BIOS-e820: [mem 0x0000000000060000-0x0000000000097fff] usable
[    0.000000] BIOS-e820: [mem 0x0000000000098000-0x000000000009ffff] reserved
[    0.000000] BIOS-e820: [mem 0x0000000000100000-0x00000000bd254fff] usable
[    0.000000] BIOS-e820: [mem 0x00000000bd255000-0x00000000bd25ffff] ACPI data
[    0.000000] BIOS-e820: [mem 0x00000000bd260000-0x00000000bf8ecfff] usable
[    0.000000] BIOS-e820: [mem 0x00000000bf8ed000-0x00000000bfb6cfff] reserved
[    0.000000] BIOS-e820: [mem 0x00000000bfb6d000-0x00000000bfb7efff] ACPI data
[    0.000000] BIOS-e820: [mem 0x00000000bfb7f000-0x00000000bfbfefff] ACPI NVS
[    0.000000] BIOS-e820: [mem 0x00000000bfbff000-0x00000000bffdffff] usable
[    0.000000] BIOS-e820: [mem 0x00000000bffe0000-0x00000000bfffffff] reserved
[    0.000000] BIOS-e820: [mem 0x0000000100000000-0x000000103fffffff] usable
[    0.000000] NX (Execute Disable) protection: active
[    0.000000] APIC: Static calls initialized
[    0.000000] efi: EFI v2.7 by EDK II
[    0.000000] efi: TPMFinalLog=0xbfbf7000 ACPI=0xbfb7e000 ACPI 2.0=0xbfb7e014 SMBIOS=0xbf9ca000 MEMATTR=0xbd260018 MOKvar=0xbf9c8000 RNG=0xbfb72018 TPMEventLog=0xbd255018 
[    0.000000] random: crng init done
[    0.000000] SMBIOS 2.4 present.
[    0.000000] DMI: Google Google Compute Engine/Google Compute Engine, BIOS Google 04/21/2026
[    0.000000] DMI: Memory slots populated: 4/4
[    0.000000] secureboot: Secure boot disabled
[    0.000000] Hypervisor detected: KVM
[    0.000000] last_pfn = 0xbffe0 max_arch_pfn = 0x400000000
[    0.000000] kvm-clock: Using msrs 4b564d01 and 4b564d00
[    0.000001] kvm-clock: using sched offset of 15285881337 cycles
[    0.000003] clocksource: kvm-clock: mask: 0xffffffffffffffff max_cycles: 0x1cd42e4dffb, max_idle_ns: 881590591483 ns
[    0.000007] tsc: Detected 2299.998 MHz processor
[    0.000094] last_pfn = 0x1040000 max_arch_pfn = 0x400000000
[    0.000132] MTRR map: 3 entries (2 fixed + 1 variable; max 18), built from 8 variable MTRRs
[    0.000135] x86/PAT: Configuration [0-7]: WB  WC  UC- UC  WB  WP  UC- WT  
[    0.000182] last_pfn = 0xbffe0 max_arch_pfn = 0x400000000
[    0.017812] Using GB pages for direct mapping
[    0.018179] secureboot: Secure boot disabled
[    0.018182] ACPI: Early table checksum verification disabled
[    0.018187] ACPI: RSDP 0x00000000BFB7E014 000024 (v02 Google)
[    0.018194] ACPI: XSDT 0x00000000BFB7D0E8 00005C (v01 Google GOOGFACP 00000001      01000013)
[    0.018203] ACPI: FACP 0x00000000BFB78000 0000F4 (v02 Google GOOGFACP 00000001 GOOG 00000001)
[    0.018213] ACPI: DSDT 0x00000000BFB79000 001A64 (v01 Google GOOGDSDT 00000001 GOOG 00000001)
[    0.018219] ACPI: FACS 0x00000000BFBF1000 000040
[    0.018224] ACPI: SSDT 0x00000000BFB7C000 000316 (v02 GOOGLE Tpm2Tabl 00001000 INTL 20250807)
[    0.018230] ACPI: TPM2 0x00000000BFB7B000 000034 (v04 GOOGLE          00000001 GOOG 00000001)
[    0.018236] ACPI: SRAT 0x00000000BFB77000 000228 (v03 Google GOOGSRAT 00000001 GOOG 00000001)
[    0.018242] ACPI: APIC 0x00000000BFB76000 000126 (v05 Google GOOGAPIC 00000001 GOOG 00000001)
[    0.018247] ACPI: SSDT 0x00000000BFB74000 0011D6 (v01 Google GOOGSSDT 00000001 GOOG 00000001)
[    0.018253] ACPI: WAET 0x00000000BFB73000 000028 (v01 Google GOOGWAET 00000001 GOOG 00000001)
[    0.018257] ACPI: Reserving FACP table memory at [mem 0xbfb78000-0xbfb780f3]
[    0.018259] ACPI: Reserving DSDT table memory at [mem 0xbfb79000-0xbfb7aa63]
[    0.018260] ACPI: Reserving FACS table memory at [mem 0xbfbf1000-0xbfbf103f]
[    0.018261] ACPI: Reserving SSDT table memory at [mem 0xbfb7c000-0xbfb7c315]
[    0.018262] ACPI: Reserving TPM2 table memory at [mem 0xbfb7b000-0xbfb7b033]
[    0.018263] ACPI: Reserving SRAT table memory at [mem 0xbfb77000-0xbfb77227]
[    0.018264] ACPI: Reserving APIC table memory at [mem 0xbfb76000-0xbfb76125]
[    0.018265] ACPI: Reserving SSDT table memory at [mem 0xbfb74000-0xbfb751d5]
[    0.018266] ACPI: Reserving WAET table memory at [mem 0xbfb73000-0xbfb73027]
[    0.018425] ACPI: SRAT: Node 0 PXM 0 [mem 0x00000000-0x0009ffff]
[    0.018429] ACPI: SRAT: Node 0 PXM 0 [mem 0x00100000-0xbfffffff]
[    0.018430] ACPI: SRAT: Node 0 PXM 0 [mem 0x100000000-0x103fffffff]
[    0.018435] NUMA: Node 0 [mem 0x00001000-0x0009ffff] + [mem 0x00100000-0xbfffffff] -> [mem 0x00001000-0xbfffffff]
[    0.018438] NUMA: Node 0 [mem 0x00001000-0xbfffffff] + [mem 0x100000000-0x103fffffff] -> [mem 0x00001000-0x103fffffff]
[    0.018452] NODE_DATA(0) allocated [mem 0x103ffd52c0-0x103fffffff]
[    0.018717] Zone ranges:
[    0.018718]   DMA      [mem 0x0000000000001000-0x0000000000ffffff]
[    0.018720]   DMA32    [mem 0x0000000001000000-0x00000000ffffffff]
[    0.018730]   Normal   [mem 0x0000000100000000-0x000000103fffffff]
[    0.018732]   Device   empty
[    0.018733] Movable zone start for each node
[    0.018735] Early memory node ranges
[    0.018736]   node   0: [mem 0x0000000000001000-0x0000000000054fff]
[    0.018738]   node   0: [mem 0x0000000000060000-0x0000000000097fff]
[    0.018739]   node   0: [mem 0x0000000000100000-0x00000000bd254fff]
[    0.018740]   node   0: [mem 0x00000000bd260000-0x00000000bf8ecfff]
[    0.018741]   node   0: [mem 0x00000000bfbff000-0x00000000bffdffff]
[    0.018742]   node   0: [mem 0x0000000100000000-0x000000103fffffff]
[    0.018748] Initmem setup node 0 [mem 0x0000000000001000-0x000000103fffffff]
[    0.018824] On node 0, zone DMA: 1 pages in unavailable ranges
[    0.018826] On node 0, zone DMA: 11 pages in unavailable ranges
[    0.018854] On node 0, zone DMA: 104 pages in unavailable ranges
[    0.024284] On node 0, zone DMA32: 11 pages in unavailable ranges
[    0.024300] On node 0, zone DMA32: 786 pages in unavailable ranges
[    0.133132] On node 0, zone Normal: 32 pages in unavailable ranges
[    0.133686] ACPI: PM-Timer IO Port: 0xb008
[    0.133710] ACPI: LAPIC_NMI (acpi_id[0xff] dfl dfl lint[0x1])
[    0.133792] IOAPIC[0]: apic_id 0, version 17, address 0xfec00000, GSI 0-23
[    0.133796] ACPI: INT_SRC_OVR (bus 0 bus_irq 5 global_irq 5 high level)
[    0.133799] ACPI: INT_SRC_OVR (bus 0 bus_irq 9 global_irq 9 high level)
[    0.133800] ACPI: INT_SRC_OVR (bus 0 bus_irq 10 global_irq 10 high level)
[    0.133801] ACPI: INT_SRC_OVR (bus 0 bus_irq 11 global_irq 11 high level)
[    0.133807] ACPI: Using ACPI (MADT) for SMP configuration information
[    0.133812] CPU topo: Max. logical packages:   1
[    0.133813] CPU topo: Max. logical dies:       1
[    0.133814] CPU topo: Max. dies per package:   1
[    0.133818] CPU topo: Max. threads per core:   2
[    0.133819] CPU topo: Num. cores per package:    12
[    0.133820] CPU topo: Num. threads per package:  24
[    0.133821] CPU topo: Allowing 24 present CPUs plus 0 hotplug CPUs
[    0.133846] PM: hibernation: Registered nosave memory: [mem 0x00000000-0x00000fff]
[    0.133848] PM: hibernation: Registered nosave memory: [mem 0x00055000-0x0005ffff]
[    0.133849] PM: hibernation: Registered nosave memory: [mem 0x00098000-0x000fffff]
[    0.133851] PM: hibernation: Registered nosave memory: [mem 0xbd255000-0xbd25ffff]
[    0.133853] PM: hibernation: Registered nosave memory: [mem 0xbf8ed000-0xbfbfefff]
[    0.133854] PM: hibernation: Registered nosave memory: [mem 0xbffe0000-0xffffffff]
[    0.133856] [mem 0xc0000000-0xffffffff] available for PCI devices
[    0.133858] Booting paravirtualized kernel on KVM
[    0.133860] clocksource: refined-jiffies: mask: 0xffffffff max_cycles: 0xffffffff, max_idle_ns: 1910969940391419 ns
[    0.133868] setup_percpu: NR_CPUS:8192 nr_cpumask_bits:24 nr_cpu_ids:24 nr_node_ids:1
[    0.135609] percpu: Embedded 84 pages/cpu s221184 r8192 d114688 u524288
[    0.135661] kvm-guest: PV spinlocks enabled
[    0.135664] PV qspinlock hash table entries: 256 (order: 0, 4096 bytes, linear)
[    0.135667] Kernel command line: BOOT_IMAGE=/vmlinuz-6.17.0-1013-gcp root=PARTUUID=6624332c-1f00-4e51-a0bf-94661fe17234 ro console=ttyS0,115200 panic=-1
[    0.135736] printk: log buffer data + meta data: 262144 + 917504 = 1179648 bytes
[    0.142352] Dentry cache hash table entries: 8388608 (order: 14, 67108864 bytes, linear)
[    0.145572] Inode-cache hash table entries: 4194304 (order: 13, 33554432 bytes, linear)
[    0.146165] software IO TLB: area num 32.
[    0.159049] Fallback order for Node 0: 0 
[    0.159054] Built 1 zonelists, mobility grouping on.  Total pages: 16776271
[    0.159056] Policy zone: Normal
[    0.159064] mem auto-init: stack:all(zero), heap alloc:on, heap free:off
[    0.313961] SLUB: HWalign=64, Order=0-3, MinObjects=0, CPUs=24, Nodes=1
[    0.314025] Kernel/User page tables isolation: enabled
[    0.326667] ftrace: allocating 61994 entries in 244 pages
[    0.326669] ftrace: allocated 244 pages with 5 groups
[    0.327101] rcu: Hierarchical RCU implementation.
[    0.327103] rcu: 	RCU restricting CPUs from NR_CPUS=8192 to nr_cpu_ids=24.
[    0.327105] 	Rude variant of Tasks RCU enabled.
[    0.327105] 	Tracing variant of Tasks RCU enabled.
[    0.327106] rcu: RCU calculated value of scheduler-enlistment delay is 100 jiffies.
[    0.327107] rcu: Adjusting geometry for rcu_fanout_leaf=16, nr_cpu_ids=24
[    0.327139] RCU Tasks Rude: Setting shift to 5 and lim to 1 rcu_task_cb_adjust=1 rcu_task_cpu_ids=24.
[    0.327143] RCU Tasks Trace: Setting shift to 5 and lim to 1 rcu_task_cb_adjust=1 rcu_task_cpu_ids=24.
[    0.331497] NR_IRQS: 524544, nr_irqs: 616, preallocated irqs: 16
[    0.331895] rcu: srcu_init: Setting srcu_struct sizes based on contention.
[    0.332037] Console: colour dummy device 80x25
[    0.332107] printk: legacy console [ttyS0] enabled
[    0.507388] ACPI: Core revision 20250404
[    0.508290] APIC: Switch to symmetric I/O mode setup
[    0.509948] x2apic enabled
[    0.513892] APIC: Switched APIC routing to: physical x2apic
[    0.520351] ..TIMER: vector=0x30 apic1=0 pin1=0 apic2=-1 pin2=-1
[    0.521811] clocksource: tsc-early: mask: 0xffffffffffffffff max_cycles: 0x212733415c7, max_idle_ns: 440795236380 ns
[    0.523429] Calibrating delay loop (skipped) preset value.. 4599.99 BogoMIPS (lpj=2299998)
[    0.524752] Last level iTLB entries: 4KB 1024, 2MB 1024, 4MB 1024
[    0.525428] Last level dTLB entries: 4KB 1024, 2MB 1024, 4MB 1024, 1GB 4
[    0.526450] mitigations: Enabled attack vectors: user_kernel, user_user, guest_host, guest_guest, SMT mitigations: auto
[    0.527430] Speculative Store Bypass: Mitigation: Speculative Store Bypass disabled via prctl
[    0.528428] Spectre V2 : Mitigation: IBRS
[    0.529427] RETBleed: Mitigation: IBRS
[    0.530427] ITS: Mitigation: Aligned branch/return thunks
[    0.531427] Spectre V2 : User space: Mitigation: STIBP via prctl
[    0.532427] MDS: Mitigation: Clear CPU buffers
[    0.533427] MMIO Stale Data: Vulnerable: Clear CPU buffers attempted, no microcode
[    0.534427] Spectre V1 : Mitigation: usercopy/swapgs barriers and __user pointer sanitization
[    0.535430] Spectre V2 : Spectre v2 / SpectreRSB: Filling RSB on context switch and VMEXIT
[    0.536429] Spectre V2 : mitigation: Enabling conditional Indirect Branch Prediction Barrier
[    0.537435] active return thunk: its_return_thunk
[    0.538428] Spectre V2 : Spectre BHI mitigation: SW BHB clearing on syscall and VM exit
[    0.539445] x86/fpu: Supporting XSAVE feature 0x001: 'x87 floating point registers'
[    0.540428] x86/fpu: Supporting XSAVE feature 0x002: 'SSE registers'
[    0.541428] x86/fpu: Supporting XSAVE feature 0x004: 'AVX registers'
[    0.542428] x86/fpu: xstate_offset[2]:  576, xstate_sizes[2]:  256
[    0.543428] x86/fpu: Enabled xstate features 0x7, context size is 832 bytes, using 'standard' format.
[    0.608612] Freeing SMP alternatives memory: 52K
[    0.609431] pid_max: default: 32768 minimum: 301
[    0.610545] LSM: initializing lsm=lockdown,capability,landlock,yama,apparmor,ima,evm
[    0.611443] landlock: Up and running.
[    0.612428] Yama: becoming mindful.
[    0.613497] AppArmor: AppArmor initialized
[    0.615611] Mount-cache hash table entries: 131072 (order: 8, 1048576 bytes, linear)
[    0.616607] Mountpoint-cache hash table entries: 131072 (order: 8, 1048576 bytes, linear)
[    0.720412] smpboot: CPU0: Intel(R) Xeon(R) CPU @ 2.30GHz (family: 0x6, model: 0x3f, stepping: 0x0)
[    0.721495] Performance Events: unsupported CPU family 6 model 63 no PMU driver, software events only.
[    0.722525] signal: max sigframe size: 1776
[    0.723472] rcu: Hierarchical SRCU implementation.
[    0.724428] rcu: 	Max phase no-delay instances is 400.
[    0.725509] Timer migration: 2 hierarchy levels; 8 children per group; 2 crossnode level
[    0.728272] NMI watchdog: Perf NMI watchdog permanently disabled
[    0.728746] smp: Bringing up secondary CPUs ...
[    0.730543] smpboot: x86: Booting SMP configuration:
[    0.731430] .... node  #0, CPUs:        #1  #2  #3  #4  #5  #6  #7  #8  #9 #10 #11 #12 #13 #14 #15 #16 #17 #18 #19 #20 #21 #22 #23
[    0.743431] MDS CPU bug present and SMT on, data leak possible. See https://www.kernel.org/doc/html/latest/admin-guide/hw-vuln/mds.html for more details.
[    0.745430] MMIO Stale Data CPU bug present and SMT on, data leak possible. See https://www.kernel.org/doc/html/latest/admin-guide/hw-vuln/processor_mmio_stale_data.html for more details.
[    0.751567] smp: Brought up 1 node, 24 CPUs
[    0.752429] smpboot: Total of 24 processors activated (110399.90 BogoMIPS)
[    0.754852] Memory: 65803292K/67105084K available (22206K kernel code, 4673K rwdata, 15608K rodata, 5404K init, 6100K bss, 1277600K reserved, 0K cma-reserved)
[    0.758508] devtmpfs: initialized
[    0.759579] x86/mm: Memory block size: 1024MB
[    0.762869] ACPI: PM: Registering ACPI NVS region [mem 0xbfb7f000-0xbfbfefff] (524288 bytes)
[    0.763548] clocksource: jiffies: mask: 0xffffffff max_cycles: 0xffffffff, max_idle_ns: 1911260446275000 ns
[    0.764523] posixtimers hash table entries: 16384 (order: 6, 262144 bytes, linear)
[    0.765553] futex hash table entries: 8192 (524288 bytes on 1 NUMA nodes, total 512 KiB, linear).
[    0.766609] pinctrl core: initialized pinctrl subsystem
[    0.767688] PM: RTC time: 01:51:14, date: 2026-05-15
[    0.770115] NET: Registered PF_NETLINK/PF_ROUTE protocol family
[    0.771489] DMA: preallocated 4096 KiB GFP_KERNEL pool for atomic allocations
[    0.773552] DMA: preallocated 4096 KiB GFP_KERNEL|GFP_DMA pool for atomic allocations
[    0.775913] DMA: preallocated 4096 KiB GFP_KERNEL|GFP_DMA32 pool for atomic allocations
[    0.776441] audit: initializing netlink subsys (disabled)
[    0.777462] audit: type=2000 audit(1778809874.193:1): state=initialized audit_enabled=0 res=1
[    0.778497] thermal_sys: Registered thermal governor 'fair_share'
[    0.779428] thermal_sys: Registered thermal governor 'bang_bang'
[    0.780429] thermal_sys: Registered thermal governor 'step_wise'
[    0.781428] thermal_sys: Registered thermal governor 'user_space'
[    0.782429] thermal_sys: Registered thermal governor 'power_allocator'
[    0.783445] cpuidle: using governor ladder
[    0.785437] cpuidle: using governor menu
[    0.786508] acpiphp: ACPI Hot Plug PCI Controller Driver version: 0.5
[    0.787722] PCI: Using configuration type 1 for base access
[    0.788532] kprobes: kprobe jump-optimization is enabled. All kprobes are optimized if possible.
[    0.790619] HugeTLB: registered 1.00 GiB page size, pre-allocated 0 pages
[    0.791430] HugeTLB: 16380 KiB vmemmap can be freed for a 1.00 GiB page
[    0.792429] HugeTLB: registered 2.00 MiB page size, pre-allocated 0 pages
[    0.793428] HugeTLB: 28 KiB vmemmap can be freed for a 2.00 MiB page
[    0.797549] ACPI: Added _OSI(Module Device)
[    0.798429] ACPI: Added _OSI(Processor Device)
[    0.799429] ACPI: Added _OSI(Processor Aggregator Device)
[    0.804072] ACPI: 3 ACPI AML tables successfully acquired and loaded
[    0.808058] ACPI: Interpreter enabled
[    0.808447] ACPI: PM: (supports S0 S3 S4 S5)
[    0.809430] ACPI: Using IOAPIC for interrupt routing
[    0.810729] PCI: Using host bridge windows from ACPI; if necessary, use "pci=nocrs" and report a bug
[    0.811429] PCI: Ignoring E820 reservations for host bridge windows
[    0.812817] ACPI: Enabled 16 GPEs in block 00 to 0F
[    0.820639] ACPI: PCI Root Bridge [PCI0] (domain 0000 [bus 00-ff])
[    0.821447] acpi PNP0A03:00: _OSC: OS supports [ASPM ClockPM Segments MSI EDR HPX-Type3]
[    0.822429] acpi PNP0A03:00: _OSC: not requesting OS control; OS requires [ExtendedConfig ASPM ClockPM MSI]
[    0.823441] acpi PNP0A03:00: fail to add MMCONFIG information, can't access extended configuration space under this bridge
[    0.826414] PCI host bridge to bus 0000:00
[    0.826441] pci_bus 0000:00: root bus resource [io  0x0000-0x0cf7 window]
[    0.827429] pci_bus 0000:00: root bus resource [io  0x0d00-0xffff window]
[    0.828429] pci_bus 0000:00: root bus resource [mem 0x000a0000-0x000bffff window]
[    0.829429] pci_bus 0000:00: root bus resource [mem 0xc0000000-0xc53fffff window]
[    0.830429] pci_bus 0000:00: root bus resource [mem 0xc5440000-0xee3fffff window]
[    0.831429] pci_bus 0000:00: root bus resource [mem 0xee440000-0xfebfefff window]
[    0.832429] pci_bus 0000:00: root bus resource [mem 0x1040000000-0x2103fffffff window]
[    0.833429] pci_bus 0000:00: root bus resource [bus 00-ff]
[    0.834499] pci 0000:00:00.0: [8086:1237] type 00 class 0x060000 conventional PCI endpoint
[    0.838285] pci 0000:00:01.0: [8086:7110] type 00 class 0x060100 conventional PCI endpoint
[    0.844651] pci 0000:00:01.3: [8086:7113] type 00 class 0x068000 conventional PCI endpoint
[    0.851603] pci 0000:00:01.3: quirk: [io  0xb000-0xb03f] claimed by PIIX4 ACPI
[    0.853799] pci 0000:00:03.0: [1af4:1004] type 00 class 0x000000 conventional PCI endpoint
[    0.862457] pci 0000:00:03.0: BAR 0 [io  0xc040-0xc07f]
[    0.863445] pci 0000:00:03.0: BAR 1 [mem 0xc1001000-0xc100107f]
[    0.865824] pci 0000:00:04.0: [10de:1eb8] type 00 class 0x030200 conventional PCI endpoint
[    0.881461] pci 0000:00:04.0: BAR 0 [mem 0xc0000000-0xc0ffffff]
[    0.882457] pci 0000:00:04.0: BAR 1 [mem 0x1040000000-0x104fffffff 64bit pref]
[    0.883456] pci 0000:00:04.0: BAR 3 [mem 0x1050000000-0x1051ffffff 64bit pref]
[    0.885681] pci 0000:00:05.0: [1af4:1000] type 00 class 0x020000 conventional PCI endpoint
[    0.894461] pci 0000:00:05.0: BAR 0 [io  0xc000-0xc03f]
[    0.895445] pci 0000:00:05.0: BAR 1 [mem 0xc1000000-0xc10003ff]
[    0.897443] pci 0000:00:06.0: [1af4:1005] type 00 class 0x00ff00 conventional PCI endpoint
[    0.906462] pci 0000:00:06.0: BAR 0 [io  0xc080-0xc09f]
[    0.907444] pci 0000:00:06.0: BAR 1 [mem 0xc1002000-0xc100203f]
[    0.921316] ACPI: PCI: Interrupt link LNKA configured for IRQ 10
[    0.922586] ACPI: PCI: Interrupt link LNKB configured for IRQ 10
[    0.924577] ACPI: PCI: Interrupt link LNKC configured for IRQ 11
[    0.926609] ACPI: PCI: Interrupt link LNKD configured for IRQ 11
[    0.928485] ACPI: PCI: Interrupt link LNKS configured for IRQ 9
[    0.933814] iommu: Default domain type: Translated
[    0.934430] iommu: DMA domain TLB invalidation policy: lazy mode
[    0.937596] SCSI subsystem initialized
[    0.938488] ACPI: bus type USB registered
[    0.939456] usbcore: registered new interface driver usbfs
[    0.940446] usbcore: registered new interface driver hub
[    0.941447] usbcore: registered new device driver usb
[    0.942461] pps_core: LinuxPPS API ver. 1 registered
[    0.943428] pps_core: Software ver. 5.3.6 - Copyright 2005-2007 Rodolfo Giometti <giometti@linux.it>
[    0.944435] PTP clock support registered
[    0.945483] EDAC MC: Ver: 3.0.0
[    0.946693] efivars: Registered efivars operations
[    0.948793] NetLabel: Initializing
[    0.949430] NetLabel:  domain hash size = 128
[    0.950430] NetLabel:  protocols = UNLABELED CIPSOv4 CALIPSO
[    0.951461] NetLabel:  unlabeled traffic allowed by default
[    0.953450] mctp: management component transport protocol core
[    0.954429] NET: Registered PF_MCTP protocol family
[    0.955447] PCI: Using ACPI for IRQ routing
[    0.956680] vgaarb: loaded
[    0.958717] clocksource: Switched to clocksource kvm-clock
[    0.961666] VFS: Disk quotas dquot_6.6.0
[    0.963192] VFS: Dquot-cache hash table entries: 512 (order 0, 4096 bytes)
[    0.966238] AppArmor: AppArmor Filesystem Enabled
[    0.968272] pnp: PnP ACPI init
[    0.970353] pnp: PnP ACPI: found 7 devices
[    0.979661] clocksource: acpi_pm: mask: 0xffffff max_cycles: 0xffffff, max_idle_ns: 2085701024 ns
[    0.982914] NET: Registered PF_INET protocol family
[    0.985025] IP idents hash table entries: 262144 (order: 9, 2097152 bytes, linear)
[    1.011952] tcp_listen_portaddr_hash hash table entries: 32768 (order: 7, 524288 bytes, linear)
[    1.015299] Table-perturb hash table entries: 65536 (order: 6, 262144 bytes, linear)
[    1.018781] TCP established hash table entries: 524288 (order: 10, 4194304 bytes, linear)
[    1.022409] TCP bind hash table entries: 65536 (order: 9, 2097152 bytes, linear)
[    1.025454] TCP: Hash tables configured (established 524288 bind 65536)
[    1.028342] MPTCP token hash table entries: 65536 (order: 9, 1572864 bytes, linear)
[    1.031689] UDP hash table entries: 32768 (order: 9, 2097152 bytes, linear)
[    1.034885] UDP-Lite hash table entries: 32768 (order: 9, 2097152 bytes, linear)
[    1.038008] NET: Registered PF_UNIX/PF_LOCAL protocol family
[    1.040129] NET: Registered PF_XDP protocol family
[    1.041967] pci_bus 0000:00: resource 4 [io  0x0000-0x0cf7 window]
[    1.044209] pci_bus 0000:00: resource 5 [io  0x0d00-0xffff window]
[    1.046555] pci_bus 0000:00: resource 6 [mem 0x000a0000-0x000bffff window]
[    1.049108] pci_bus 0000:00: resource 7 [mem 0xc0000000-0xc53fffff window]
[    1.051646] pci_bus 0000:00: resource 8 [mem 0xc5440000-0xee3fffff window]
[    1.054164] pci_bus 0000:00: resource 9 [mem 0xee440000-0xfebfefff window]
[    1.056738] pci_bus 0000:00: resource 10 [mem 0x1040000000-0x2103fffffff window]
[    1.059537] pci 0000:00:00.0: Limiting direct PCI/PCI transfers
[    1.061935] PCI: CLS 0 bytes, default 64
[    1.063535] PCI-DMA: Using software bounce buffering for IO (SWIOTLB)
[    1.065969] software IO TLB: mapped [mem 0x00000000b7f7f000-0x00000000bbf7f000] (64MB)
[    1.069036] clocksource: tsc: mask: 0xffffffffffffffff max_cycles: 0x212733415c7, max_idle_ns: 440795236380 ns
[    1.073175] clocksource: Switched to clocksource tsc
[    1.096339] Initialise system trusted keyrings
[    1.098175] Key type blacklist registered
[    1.099974] workingset: timestamp_bits=36 max_order=24 bucket_order=0
[    1.102993] squashfs: version 4.0 (2009/01/31) Phillip Lougher
[    1.105472] fuse: init (API version 7.44)
[    1.107667] integrity: Platform Keyring initialized
[    1.109513] integrity: Machine keyring initialized
[    1.126358] Key type asymmetric registered
[    1.127744] Asymmetric key parser 'x509' registered
[    1.129007] Block layer SCSI generic (bsg) driver version 0.4 loaded (major 242)
[    1.131085] io scheduler mq-deadline registered
[    1.134387] ledtrig-cpu: registered to indicate activity on CPUs
[    1.136398] input: Power Button as /devices/LNXSYSTM:00/LNXPWRBN:00/input/input0
[    1.138422] ACPI: button: Power Button [PWRF]
[    1.139619] input: Sleep Button as /devices/LNXSYSTM:00/LNXSLPBN:00/input/input1
[    1.141589] ACPI: button: Sleep Button [SLPF]
[    1.150309] ACPI: \_SB_.LNKC: Enabled at IRQ 11
[    1.152013] virtio-pci 0000:00:03.0: virtio_pci: leaving for legacy driver
[    1.162437] ACPI: \_SB_.LNKA: Enabled at IRQ 10
[    1.164183] virtio-pci 0000:00:05.0: virtio_pci: leaving for legacy driver
[    1.175578] ACPI: \_SB_.LNKB: Enabled at IRQ 10
[    1.177304] virtio-pci 0000:00:06.0: virtio_pci: leaving for legacy driver
[    1.184706] Serial: 8250/16550 driver, 32 ports, IRQ sharing enabled
[    1.210247] 00:03: ttyS0 at I/O 0x3f8 (irq = 4, base_baud = 115200) is a 16550A
[    1.235826] 00:04: ttyS1 at I/O 0x2f8 (irq = 3, base_baud = 115200) is a 16550A
[    1.261309] 00:05: ttyS2 at I/O 0x3e8 (irq = 6, base_baud = 115200) is a 16550A
[    1.286717] 00:06: ttyS3 at I/O 0x2e8 (irq = 7, base_baud = 115200) is a 16550A
[    1.291668] Linux agpgart interface v0.103
[    1.294765] tpm_tis MSFT0101:00: 2.0 TPM (device-id 0x9009, rev-id 0)
[    1.311982] loop: module loaded
[    1.316132] virtio_scsi virtio0: 1/0/0 default/read/poll queues
[    1.334583] scsi host0: Virtio SCSI HBA
[    1.335663] blk-mq: reduced tag depth to 10240
[    1.342380] Key type psk registered
[    1.342790] scsi 0:0:1:0: Direct-Access     Google   PersistentDisk   1    PQ: 0 ANSI: 6
[    1.344423] ACPI: bus type drm_connector registered
[    1.347228] tun: Universal TUN/TAP device driver, 1.6
[    1.487617] sd 0:0:1:0: Attached scsi generic sg0 type 0
[    1.491460] sd 0:0:1:0: [sda] 4194304000 512-byte logical blocks: (2.15 TB/1.95 TiB)
[    1.526501] sd 0:0:1:0: [sda] 4096-byte physical blocks
[    1.542458] sd 0:0:1:0: [sda] Write Protect is off
[    1.554819] sd 0:0:1:0: [sda] Write cache: enabled, read cache: enabled, doesn't support DPO or FUA
[    1.572039] PPP generic driver version 2.4.2
[    1.575262] i8042: PNP: PS/2 Controller [PNP0303:KBD,PNP0f13:MOU] at 0x60,0x64 irq 1,12
[    1.577722] i8042: Warning: Keylock active
[    1.581246] serio: i8042 KBD port at 0x60,0x64 irq 1
[    1.583229] serio: i8042 AUX port at 0x60,0x64 irq 12
[    1.584845] mousedev: PS/2 mouse device common for all mice
[    1.586723] rtc_cmos 00:00: RTC can wake from S4
[    1.589366] rtc_cmos 00:00: registered as rtc0
[    1.590681] GPT:Primary header thinks Alt. header is not at the end of the disk.
[    1.590946] rtc_cmos 00:00: setting system clock to 2026-05-15T01:51:15 UTC (1778809875)
[    1.592829] GPT:104857599 != 4194303999
[    1.592832] GPT:Alternate GPT header not at the end of the disk.
[    1.592833] GPT:104857599 != 4194303999
[    1.592834] GPT: Use GNU Parted to correct GPT errors.
[    1.592847]  sda: sda1 sda14 sda15 sda16
[    1.593161] sd 0:0:1:0: [sda] Attached SCSI disk
[    1.595294] rtc_cmos 00:00: alarms up to one day, 114 bytes nvram
[    1.604678] i2c_dev: i2c /dev entries driver
[    1.605995] device-mapper: core: CONFIG_IMA_DISABLE_HTABLE is disabled. Duplicate IMA measurements will not be recorded in the IMA log.
[    1.609412] device-mapper: uevent: version 1.0.3
[    1.610901] device-mapper: ioctl: 4.50.0-ioctl (2025-04-28) initialised: dm-devel@lists.linux.dev
[    1.613442] intel_pstate: CPU model not supported
[    1.614966] drop_monitor: Initializing network drop monitor service
[    1.617726] NET: Registered PF_INET6 protocol family
[    1.620105] Segment Routing with IPv6
[    1.621239] In-situ OAM (IOAM) with IPv6
[    1.622325] NET: Registered PF_PACKET protocol family
[    1.623870] Key type dns_resolver registered
[    1.629000] IPI shorthand broadcast: enabled
[    1.632851] sched_clock: Marking stable (1446005036, 186521139)->(1857585382, -225059207)
[    1.635607] registered taskstats version 1
[    1.639111] Loading compiled-in X.509 certificates
[    1.641374] Loaded X.509 cert 'Build time autogenerated kernel key: e45cb4cd1c398ae218369364b5dd9534d3664c1e'
[    1.644854] Loaded X.509 cert 'Canonical Ltd. Live Patch Signing 2025 Kmod: d541cef61dc7e793b7eb7e899970a2eef0b5dc8c'
[    1.648310] Loaded X.509 cert 'Canonical Ltd. Live Patch Signing: 14df34d1a87cf37625abec039ef2bf521249b969'
[    1.651509] Loaded X.509 cert 'Canonical Ltd. Kernel Module Signing: 88f752e560a1e0737e31163a466ad7b70a850c19'
[    1.654259] blacklist: Loading compiled-in revocation X.509 certificates
[    1.656142] Loaded X.509 cert 'Canonical Ltd. Secure Boot Signing: 61482aa2830d0ab2ad5af10b7250da9033ddcef0'
[    1.658808] Loaded X.509 cert 'Canonical Ltd. Secure Boot Signing (2017): 242ade75ac4a15e50d50c84b0d45ff3eae707a03'
[    1.661699] Loaded X.509 cert 'Canonical Ltd. Secure Boot Signing (ESM 2018): 365188c1d374d6b07c3c8f240f8ef722433d6a8b'
[    1.664710] Loaded X.509 cert 'Canonical Ltd. Secure Boot Signing (2019): c0746fd6c5da3ae827864651ad66ae47fe24b3e8'
[    1.667550] Loaded X.509 cert 'Canonical Ltd. Secure Boot Signing (2021 v1): a8d54bbb3825cfb94fa13c9f8a594a195c107b8d'
[    1.670536] Loaded X.509 cert 'Canonical Ltd. Secure Boot Signing (2021 v2): 4cf046892d6fd3c9a5b03f98d845f90851dc6a8c'
[    1.673441] Loaded X.509 cert 'Canonical Ltd. Secure Boot Signing (2021 v3): 100437bb6de6e469b581e61cd66bce3ef4ed53af'
[    1.676352] Loaded X.509 cert 'Canonical Ltd. Secure Boot Signing (Ubuntu Core 2019): c1d57b8f6b743f23ee41f4f7ee292f06eecadfb9'
[    1.685625] Demotion targets for Node 0: null
[    1.687011] Key type .fscrypt registered
[    1.688092] Key type fscrypt-provisioning registered
[    1.689500] Key type big_key registered
[    1.690608] Key type trusted registered
[    1.693149] Key type encrypted registered
[    1.694274] AppArmor: AppArmor sha256 policy hashing enabled
[    1.696285] integrity: Loading X.509 certificate: UEFI:db
[    1.697901] integrity: Loaded X.509 cert 'Microsoft Corporation UEFI CA 2011: 13adbf4309bd82709c8cd54f316ed522988a1bd4'
[    1.700918] integrity: Loading X.509 certificate: UEFI:db
[    1.702491] integrity: Loaded X.509 cert 'Microsoft Windows Production PCA 2011: a92902398e16c49778cd90f99e4f9ae17c55af53'
[    1.705612] integrity: Loading X.509 certificate: UEFI:db
[    1.707152] integrity: Loaded X.509 cert 'Microsoft Corporation: Windows UEFI CA 2023: aefc5fbbbe055d8f8daa585473499417ab5a5272'
[    1.710480] integrity: Loading X.509 certificate: UEFI:db
[    1.712027] integrity: Loaded X.509 cert 'Microsoft UEFI CA 2023: 81aa6b3244c935bce0d6628af39827421e32497d'
[    1.715056] integrity: Revoking X.509 certificate: UEFI:dbx
[    1.716645] blacklist: Revoked X.509 cert 'Canonical Ltd. Secure Boot Signing: 61482aa2830d0ab2ad5af10b7250da9033ddcef0'
[    1.719748] integrity: Revoking X.509 certificate: UEFI:dbx
[    1.721291] blacklist: Revoked X.509 cert 'Cisco: Virtual UEFI SubCA: 13df2e3f54ebf347dcaecebf21d3cbb2355a4c9a'
[    1.724105] integrity: Revoking X.509 certificate: UEFI:dbx
[    1.725700] blacklist: Revoked X.509 cert 'Debian Secure Boot Signer: 00a7468def'
[    1.728317] Loading compiled-in module X.509 certificates
[    1.730449] Loaded X.509 cert 'Build time autogenerated kernel key: e45cb4cd1c398ae218369364b5dd9534d3664c1e'
[    1.733205] ima: Allocated hash algorithm: sha256
[    1.760792] ima: No architecture policies found
[    1.762367] evm: Initialising EVM extended attributes:
[    1.763745] evm: security.selinux
[    1.764740] evm: security.SMACK64
[    1.765637] evm: security.SMACK64EXEC
[    1.766608] evm: security.SMACK64TRANSMUTE
[    1.767737] evm: security.SMACK64MMAP
[    1.768669] evm: security.apparmor
[    1.769544] evm: security.ima
[    1.770281] evm: security.capability
[    1.771289] evm: HMAC attrs: 0x1
[    1.772569] PM:   Magic number: 10:562:862
[    1.773801] processor cpu22: hash matches
[    1.777679] RAS: Correctable Errors collector initialized.
[    1.790917] input: AT Translated Set 2 keyboard as /devices/platform/i8042/serio0/input/input2
[    1.792628] clk: Disabling unused clocks
[    1.794396] PM: genpd: Disabling unused power domains
[    1.796976] check access for rdinit=/init failed: -2, ignoring
[    1.797825] md: Waiting for all devices to be available before autodetect
[    1.798786] md: If you don't use raid, use raid=noautodetect
[    1.799622] md: Autodetecting RAID arrays.
[    1.800263] md: autorun ...
[    1.800677] md: ... autorun DONE.
[    1.811122] EXT4-fs (sda1): mounted filesystem 89fcf612-67c3-434b-97ea-2cfdbfe01b5b ro with ordered data mode. Quota mode: none.
[    1.812740] VFS: Mounted root (ext4 filesystem) readonly on device 8:1.
[    1.821638] devtmpfs: mounted
[    1.824381] Freeing unused decrypted memory: 2028K
[    1.827209] Freeing unused kernel image (initmem) memory: 5404K
[    1.828333] Write protecting the kernel read-only data: 38912k
[    1.830156] Freeing unused kernel image (text/rodata gap) memory: 320K
[    1.831769] Freeing unused kernel image (rodata/data gap) memory: 776K
[    1.894799] x86/mm: Checked W+X mappings: passed, no W+X pages found.
[    1.895845] x86/mm: Checking user space page tables
[    1.956731] x86/mm: Checked W+X mappings: passed, no W+X pages found.
[    1.957670] Run /sbin/init as init process
[    2.180580] systemd[1]: Inserted module 'autofs4'
[    2.325389] systemd[1]: systemd 255.4-1ubuntu8.15 running in system mode (+PAM +AUDIT +SELINUX +APPARMOR +IMA +SMACK +SECCOMP +GCRYPT -GNUTLS +OPENSSL +ACL +BLKID +CURL +ELFUTILS +FIDO2 +IDN2 -IDN +IPTC +KMOD +LIBCRYPTSETUP +LIBFDISK +PCRE2 -PWQUALITY +P11KIT +QRENCODE +TPM2 +BZIP2 +LZ4 +XZ +ZLIB +ZSTD -BPF_FRAMEWORK -XKBCOMMON +UTMP +SYSVINIT default-hierarchy=unified)
[    2.330055] systemd[1]: Detected virtualization google.
[    2.330884] systemd[1]: Detected architecture x86-64.

Welcome to [1mUbuntu 24.04.4 LTS[0m!

[    2.335637] systemd[1]: No hostname configured, using default hostname.
[    2.336728] systemd[1]: Hostname set to <localhost>.
[    2.737870] systemd[1]: Queued start job for default target graphical.target.
[    2.766317] systemd[1]: Created slice system-modprobe.slice - Slice /system/modprobe.
[[0;32m  OK  [0m] Created slice [0;1;39msystem-modprobe.slice[0m - Slice /system/modprobe.
[    2.771727] systemd[1]: Created slice system-serial\x2dgetty.slice - Slice /system/serial-getty.
[[0;32m  OK  [0m] Created slice [0;1;39msystem-serial\x2dget…slice[0m - Slice /system/serial-getty.
[    2.777116] systemd[1]: Created slice system-systemd\x2dfsck.slice - Slice /system/systemd-fsck.
[[0;32m  OK  [0m] Created slice [0;1;39msystem-systemd\x2dfs…slice[0m - Slice /system/systemd-fsck.
[    2.782067] systemd[1]: Created slice user.slice - User and Session Slice.
[[0;32m  OK  [0m] Created slice [0;1;39muser.slice[0m - User and Session Slice.
[    2.785648] systemd[1]: Started systemd-ask-password-wall.path - Forward Password Requests to Wall Directory Watch.
[[0;32m  OK  [0m] Started [0;1;39msystemd-ask-password-wall.…[0md Requests to Wall Directory Watch.
[    2.790845] systemd[1]: Set up automount proc-sys-fs-binfmt_misc.automount - Arbitrary Executable File Formats File System Automount Point.
[[0;32m  OK  [0m] Set up automount [0;1;39mproc-sys-fs-binfm…[0mormats File System Automount Point.
[    2.795588] systemd[1]: Expecting device dev-disk-by\x2dlabel-BOOT.device - /dev/disk/by-label/BOOT...
         Expecting device [0;1;39mdev-disk-by\x2dla…device[0m - /dev/disk/by-label/BOOT...
[    2.799572] systemd[1]: Expecting device dev-disk-by\x2dlabel-UEFI.device - /dev/disk/by-label/UEFI...
         Expecting device [0;1;39mdev-disk-by\x2dla…device[0m - /dev/disk/by-label/UEFI...
[    2.803571] systemd[1]: Expecting device dev-ttyS0.device - /dev/ttyS0...
         Expecting device [0;1;39mdev-ttyS0.device[0m - /dev/ttyS0...
[    2.807591] systemd[1]: Reached target integritysetup.target - Local Integrity Protected Volumes.
[[0;32m  OK  [0m] Reached target [0;1;39mintegritysetup.targ…[0m Local Integrity Protected Volumes.
[    2.811604] systemd[1]: Reached target slices.target - Slice Units.
[[0;32m  OK  [0m] Reached target [0;1;39mslices.target[0m - Slice Units.
[    2.815600] systemd[1]: Reached target snapd.mounts-pre.target - Mounting snaps.
[[0;32m  OK  [0m] Reached target [0;1;39msnapd.mounts-pre.target[0m - Mounting snaps.
[    2.819594] systemd[1]: Reached target swap.target - Swaps.
[[0;32m  OK  [0m] Reached target [0;1;39mswap.target[0m - Swaps.
[    2.822588] systemd[1]: Reached target time-set.target - System Time Set.
[[0;32m  OK  [0m] Reached target [0;1;39mtime-set.target[0m - System Time Set.
[    2.826614] systemd[1]: Reached target veritysetup.target - Local Verity Protected Volumes.
[[0;32m  OK  [0m] Reached target [0;1;39mveritysetup.target[0m - Local Verity Protected Volumes.
[    2.830689] systemd[1]: Listening on dm-event.socket - Device-mapper event daemon FIFOs.
[[0;32m  OK  [0m] Listening on [0;1;39mdm-event.socket[0m - Device-mapper event daemon FIFOs.
[    2.833817] systemd[1]: Listening on lvm2-lvmpolld.socket - LVM2 poll daemon socket.
[[0;32m  OK  [0m] Listening on [0;1;39mlvm2-lvmpolld.socket[0m - LVM2 poll daemon socket.
[    2.837729] systemd[1]: Listening on multipathd.socket - multipathd control socket.
[[0;32m  OK  [0m] Listening on [0;1;39mmultipathd.socket[0m - multipathd control socket.
[    2.841752] systemd[1]: Listening on syslog.socket - Syslog Socket.
[[0;32m  OK  [0m] Listening on [0;1;39msyslog.socket[0m - Syslog Socket.
[    2.845708] systemd[1]: Listening on systemd-fsckd.socket - fsck to fsckd communication Socket.
[[0;32m  OK  [0m] Listening on [0;1;39msystemd-fsckd.socket[0m …fsck to fsckd communication Socket.
[    2.850661] systemd[1]: Listening on systemd-initctl.socket - initctl Compatibility Named Pipe.
[[0;32m  OK  [0m] Listening on [0;1;39msystemd-initctl.socke…[0m- initctl Compatibility Named Pipe.
[    2.855746] systemd[1]: Listening on systemd-journald-dev-log.socket - Journal Socket (/dev/log).
[[0;32m  OK  [0m] Listening on [0;1;39msystemd-journald-dev-…socket[0m - Journal Socket (/dev/log).
[    2.860760] systemd[1]: Listening on systemd-journald.socket - Journal Socket.
[[0;32m  OK  [0m] Listening on [0;1;39msystemd-journald.socket[0m - Journal Socket.
[    2.864838] systemd[1]: Listening on systemd-networkd.socket - Network Service Netlink Socket.
[[0;32m  OK  [0m] Listening on [0;1;39msystemd-networkd.socket[0m - Network Service Netlink Socket.
[    2.869614] systemd[1]: systemd-pcrextend.socket - TPM2 PCR Extension (Varlink) was skipped because of an unmet condition check (ConditionSecurity=measured-uki).
[    2.871770] systemd[1]: Listening on systemd-udevd-control.socket - udev Control Socket.
[[0;32m  OK  [0m] Listening on [0;1;39msystemd-udevd-control.socket[0m - udev Control Socket.
[    2.875712] systemd[1]: Listening on systemd-udevd-kernel.socket - udev Kernel Socket.
[[0;32m  OK  [0m] Listening on [0;1;39msystemd-udevd-kernel.socket[0m - udev Kernel Socket.
[    2.893617] systemd[1]: Mounting dev-hugepages.mount - Huge Pages File System...
         Mounting [0;1;39mdev-hugepages.mount[0m - Huge Pages File System...
[    2.898623] systemd[1]: Mounting dev-mqueue.mount - POSIX Message Queue File System...
         Mounting [0;1;39mdev-mqueue.mount[0m - POSIX Message Queue File System...
[    2.903696] systemd[1]: Mounting sys-kernel-debug.mount - Kernel Debug File System...
         Mounting [0;1;39msys-kernel-debug.mount[0m - Kernel Debug File System...
[    2.908666] systemd[1]: Mounting sys-kernel-tracing.mount - Kernel Trace File System...
         Mounting [0;1;39msys-kernel-tracing.mount[0m - Kernel Trace File System...
[    2.917089] systemd[1]: Starting systemd-journald.service - Journal Service...
         Starting [0;1;39msystemd-journald.service[0m - Journal Service...
[    2.923993] systemd[1]: Starting keyboard-setup.service - Set the console keyboard layout...
         Starting [0;1;39mkeyboard-setup.service[0m - Set the console keyboard layout...
[    2.929859] systemd[1]: Starting kmod-static-nodes.service - Create List of Static Device Nodes...
         Starting [0;1;39mkmod-static-nodes.service[0m…eate List of Static Device Nodes...
[    2.935742] systemd[1]: Starting lvm2-monitor.service - Monitoring of LVM2 mirrors, snapshots etc. using dmeventd or progress polling...
         Starting [0;1;39mlvm2-monitor.service[0m - Mo…ing dmeventd or progress polling...
[    2.940312] systemd[1]: Starting modprobe@configfs.service - Load Kernel Module configfs...
         Starting [0;1;39mmodprobe@configfs.service[0m - Load Kernel Module configfs...
[    2.943389] systemd-journald[287]: Collecting audit messages is disabled.
[    2.945761] systemd[1]: Starting modprobe@dm_mod.service - Load Kernel Module dm_mod...
         Starting [0;1;39mmodprobe@dm_mod.service[0m - Load Kernel Module dm_mod...
[    2.949555] systemd[1]: Starting modprobe@drm.service - Load Kernel Module drm...
         Starting [0;1;39mmodprobe@drm.service[0m - Load Kernel Module drm...
[    2.953197] systemd[1]: Starting modprobe@efi_pstore.service - Load Kernel Module efi_pstore...
         Starting [0;1;39mmodprobe@efi_pstore.servi…[0m - Lo[    2.955792] systemd[1]: Starting modprobe@fuse.service - Load Kernel Module fuse...
ad Kernel Module efi_pstore...
         Starting [0;1;39mmodprobe@fuse.service[0m - Load Kernel Module fuse..[    2.959084] systemd[1]: Starting modprobe@loop.service - Load Kernel Module loop...
.
         Starting [0;1;39mmodprobe@loop.service[0m - Load Kernel Module loop...
[    2.964774] systemd[1]: Starting modprobe@nvme_fabrics.service - Load Kernel Module nvme_fabrics...
         Starting [0;1;39mmodprobe@nvme_fabrics.ser…[0m Load Kernel Module nvme_fabrics...[    2.968060] pstore: Using crash dump compression: deflate

[    2.969581] systemd[1]: netplan-ovs-cleanup.service - OpenVSwitch configuration for cleanup was skipped because of an unmet condition check (ConditionFileIsExecutable=/usr/bin/ovs-vsctl).
[    2.973356] systemd[1]: Starting systemd-fsck-root.service - File System Check on Root Device...
[    2.974510] pstore: Registered efi_pstore as persistent store backend
         Starting [0;1;39msystemd-fsck-root.service[0m…File System Check on Root Device...
[    2.981303] systemd[1]: Starting systemd-modules-load.service - Load Kernel Modules...
         Starting [0;1;39msystemd-modules-load.service[0m - Load Kernel Modules...
[    2.985600] systemd[1]: systemd-pcrmachine.service - TPM2 PCR Machine ID Measurement was skipped because of an unmet condition check (ConditionSecurity=measured-uki).
[    2.987887] systemd[1]: systemd-tpm2-setup-early.service - TPM2 SRK Setup (Early) was skipped because of an unmet condition check (ConditionSecurity=measured-uki).
[    2.991086] systemd[1]: Starting systemd-udev-trigger.service - Coldplug All udev Devices...
         Starting [0;1;39msystemd-udev-trigger.service[0m - Coldplug All udev Devices...
[    2.994161] systemd[1]: Started systemd-journald.service - Journal Service.
[[0;32m  OK  [0m] Started [0;1;39msystemd-journald.service[0m - Journal Service.
[[0;32m  OK  [0m] Mounted [0;1;39mdev-hugepages.mount[0m - Huge Pages File System.
[[0;32m  OK  [0m] Mounted [0;1;39mdev-mqueue.mount[0m - POSIX Message Queue File System.
[[0;32m  OK  [0m] Mounted [0;1;39msys-kernel-debug.mount[0m - Kernel Debug File System.
[[0;32m  OK  [0m] Mounted [0;1;39msys-kernel-tracing.mount[0m - Kernel Trace File System.
[[0;32m  OK  [0m] Finished [0;1;39mkmod-static-nodes.service[0m…Create List of Static Device Nodes.
[[0;32m  OK  [0m] Finished [0;1;39mmodprobe@configfs.service[0m - Load Kernel Module configfs.
[[0;32m  OK  [0m] Finished [0;1;39mmodprobe@dm_mod.service[0m - Load Kernel Module dm_mod.
[[0;32m  OK  [0m] Finished [0;1;39mmodprobe@drm.service[0m - Load Kernel Module drm.
[[0;32m  OK  [0m] Finished [0;1;39mmodprobe@efi_pstore.service[0m - Load Kernel Module efi_pstore.
[[0;32m  OK  [0m] Finished [0;1;39mkeyboard-setup.service[0m - Set the console keyboard layout.
[[0;32m  OK  [0m] Finished [0;1;39mmodprobe@fuse.service[0m - Load Kernel Module fuse.
[[0;32m  OK  [0m] Finished [0;1;39mmodprobe@loop.service[0m - Load Kernel Module loop.
[[0;32m  OK  [0m] Finished [0;1;39mmodprobe@nvme_fabrics.ser…[0m - Load Kernel Module nvme_fabrics.
[[0;32m  OK  [0m] Finished [0;1;39msystemd-modules-load.service[0m - Load Kernel Modules.
         Mounting [0;1;39msys-fs-fuse-connections.mount[0m - FUSE Control File System...
         Mounting [0;1;39msys-kernel-config.mount[0m - Kernel Configuration File System...
[[0;32m  OK  [0m] Started [0;1;39msystemd-fsckd.service[0m - Fi…stem Check Daemon to report status.
         Starting [0;1;39msystemd-sysctl.service[0m - Apply Kernel Variables...
         Starting [0;1;39msystemd-tmpfiles-setup-de…[0m Device Nodes in /dev gracefully...
[[0;32m  OK  [0m] Finished [0;1;39msystemd-fsck-root.service[0m - File System Check on Root Device.
[[0;32m  OK  [0m] Finished [0;1;39mlvm2-monitor.service[0m - Mo…using dmeventd or progress polling.
[[0;32m  OK  [0m] Mounted [0;1;39msys-fs-fuse-connections.mount[0m - FUSE Control File System.
[[0;32m  OK  [0m] Mounted [0;1;39msys-kernel-config.mount[0m - Kernel Configuration File System.
         Starting [0;1;39msystemd-remount-fs.servic…[0munt Root and Kernel File Systems...
[[0;32m  OK  [0m] Finished [0;1;39msystemd-sysctl.service[0m - Apply Kernel Variables.
[[0;32m  OK  [0m] Finished [0;1;39msystemd-tmpfiles-setup-de…[0mic Device Nodes in /dev gracefully.
[[0;32m  OK  [0m] Finished [0;1;39msystemd-remount-fs.servic…[0mmount Root and Kernel File Systems.
         Starting [0;1;39mmultipathd.service[0m - Devi…pper Multipath Device Controller...
         Starting [0;1;39msystemd-journal-flush.ser…[0msh Journal to Persistent Storage...
         Starting [0;1;39msystemd-random-seed.service[0m - Load/Save OS Random Seed...
         Starting [0;1;39msystemd-tmpfiles-setup-de…[0meate Static Device Nodes in /dev...
[[0;32m  OK  [0m] Finished [0;1;39msystemd-random-seed.service[0m - Load/Save OS Random Seed.
[[0;32m  OK  [0m] Finished [0;1;39msystemd-tmpfiles-setup-de…[0mCreate Static Device Nodes in /dev.
         Starting [0;1;39msystemd-udevd.service[0m - R…ager for Device Events and Files...
[[0;32m  OK  [0m] Finished [0;1;39msystemd-udev-trigger.service[0m - Coldplug All udev Devices.
[[0;32m  OK  [0m] Started [0;1;39mmultipathd.service[0m - Devic…Mapper Multipath Device Controller.
[[0;32m  OK  [0m] Started [0;1;39msystemd-udevd.service[0m - Ru…anager for Device Events and Files.
[[0;32m  OK  [0m] Reached target [0;1;39mlocal-fs-pre.target[0m…Preparation for Local File Systems.
         Mounting [0;1;39msnap-core22-2411.mount[0m - …t unit for core22, revision 2411...
         Mounting [0;1;39msnap-google\x2dcloud\x2dc…[0mr google-cloud-cli, revision 448...
         Mounting [0;1;39msnap-snapd-26865.mount[0m - …t unit for snapd, revision 26865...
[[0;32m  OK  [0m] Started [0;1;39msystemd-ask-password-conso…[0mequests to Console Directory Watch.
[[0;32m  OK  [0m] Reached target [0;1;39mcryptsetup.target[0m - Local Encrypted Volumes.
[[0;32m  OK  [0m] Finished [0;1;39msystemd-journal-flush.ser…[0mlush Journal to Persistent Storage.
[[0;32m  OK  [0m] Mounted [0;1;39msnap-core22-2411.mount[0m - Mount unit for core22, revision 2411.
[[0;32m  OK  [0m] Mounted [0;1;39msnap-google\x2dcloud\x2dcl…[0mfor google-cloud-cli, revision 448.
[[0;32m  OK  [0m] Mounted [0;1;39msnap-snapd-26865.mount[0m - Mount unit for snapd, revision 26865.
[[0;32m  OK  [0m] Found device [0;1;39mdev-ttyS0.device[0m - /dev/ttyS0.
[[0;32m  OK  [0m] Found device [0;1;39mdev-disk-by\x2dlabel-BOOT.device[0m - PersistentDisk BOOT.
[[0;32m  OK  [0m] Found device [0;1;39mdev-disk-by\x2dlabel-UEFI.device[0m - PersistentDisk UEFI.
[[0;32m  OK  [0m] Reached target [0;1;39msnapd.mounts.target[0m - Mounted snaps.
[[0;32m  OK  [0m] Listening on [0;1;39msystemd-rfkill.socket[0m…ll Switch Status /dev/rfkill Watch.
[    3.611001] 
         Starting [0;1;39msystemd-fsck@dev-disk-by\…[0mCheck on /dev/disk/by-label/BOOT...
         Starting [0;1;39msystemd-fsck@dev-disk-by\…[0mCheck on /dev/disk/by-label/UEFI...
Checking in progress on 1 disk (0.0% complete)[[0;32m  OK  [0m] Finished [0;1;39msystemd-fsck@dev-disk-by\…[0mm Check on /dev/disk/by-label/BOOT.
Checking in progress on 0 disks (100.0% complete)[[0;32m  OK  [0m] Finished [0;1;39msystemd-fsck@dev-disk-by\…[0mm Check on /dev/disk/by-label/UEFI.
         Mounting [0;1;39mboot.mount[0m - /boot...
[[0;32m  OK  [0m] Mounted [0;1;39mboot.mount[0m - /boot.
         Mounting [0;1;39mboot-efi.mount[0m - /boot/efi...
[[0;32m  OK  [0m] Mounted [0;1;39mboot-efi.mount[0m - /boot/efi.
[[0;32m  OK  [0m] Reached target [0;1;39mlocal-fs.target[0m - Local File Systems.
[[0;32m  OK  [0m] Listening on [0;1;39msystemd-sysext.socket[0m…tension Image Management (Varlink).
         Starting [0;1;39mapparmor.service[0m - Load AppArmor profiles...
         Starting [0;1;39mconsole-setup.service[0m - Set console font and keymap...
         Starting [0;1;39mfinalrd.service[0m - Create …time dir for shutdown pivot root...
         Starting [0;1;39mplymouth-read-write.servi…[0mymouth To Write Out Runtime Data...
         Starting [0;1;39msystemd-binfmt.service[0m - Set Up Additional Binary Formats...
         Starting [0;1;39msystemd-tmpfiles-setup.se…[0me Volatile Files and Directories...
         Starting [0;1;39mufw.service[0m - Uncomplicated firewall...
[[0;32m  OK  [0m] Finished [0;1;39mconsole-setup.service[0m - Set console font and keymap.
[[0;32m  OK  [0m] Finished [0;1;39mfinalrd.service[0m - Create …untime dir for shutdown pivot root.
[[0;32m  OK  [0m] Finished [0;1;39mapparmor.service[0m - Load AppArmor profiles.
[[0;32m  OK  [0m] Finished [0;1;39mplymouth-read-write.servi…[0mPlymouth To Write Out Runtime Data.
[[0;32m  OK  [0m] Finished [0;1;39msystemd-tmpfiles-setup.se…[0mate Volatile Files and Directories.
[[0;32m  OK  [0m] Finished [0;1;39mufw.service[0m - Uncomplicated firewall.
         Mounting [0;1;39mproc-sys-fs-binfmt_misc.m…[0mcutable File Formats File System...
         Starting [0;1;39mmodprobe@dm_mod.service[0m - Load Kernel Module dm_mod...
         Starting [0;1;39mmodprobe@efi_pstore.servi…[0m - Load Kernel Module efi_pstore...
         Starting [0;1;39mmodprobe@loop.service[0m - Load Kernel Module loop...
         Starting [0;1;39msnapd.apparmor.service[0m - …iles managed internally by snapd...
         Starting [0;1;39msystemd-resolved.service[0m - Network Name Resolution...
         Starting [0;1;39msystemd-update-utmp.servi…[0mord System Boot/Shutdown in UTMP...
         Starting [0;1;39mcloud-init-local.service[0m …-init: Local Stage (pre-network)...
[[0;32m  OK  [0m] Mounted [0;1;39mproc-sys-fs-binfmt_misc.mo…[0mxecutable File Formats File System.
[[0;32m  OK  [0m] Finished [0;1;39mmodprobe@dm_mod.service[0m - Load Kernel Module dm_mod.
[[0;32m  OK  [0m] Finished [0;1;39msystemd-binfmt.service[0m - Set Up Additional Binary Formats.
[[0;32m  OK  [0m] Finished [0;1;39mmodprobe@efi_pstore.service[0m - Load Kernel Module efi_pstore.
[[0;32m  OK  [0m] Finished [0;1;39mmodprobe@loop.service[0m - Load Kernel Module loop.
[[0;32m  OK  [0m] Finished [0;1;39msystemd-update-utmp.servi…[0mecord System Boot/Shutdown in UTMP.
[[0;32m  OK  [0m] Finished [0;1;39msnapd.apparmor.service[0m - …ofiles managed internally by snapd.
[[0;32m  OK  [0m] Started [0;1;39msystemd-resolved.service[0m - Network Name Resolution.
[[0;32m  OK  [0m] Reached target [0;1;39mnss-lookup.target[0m - Host and Network Name Lookups.
[    5.976322] cloud-init[722]: Cloud-init v. 25.3-0ubuntu1~24.04.1 running 'init-local' at Fri, 15 May 2026 01:51:20 +0000. Up 5.95 seconds.
         Starting [0;1;39mmodprobe@dm_mod.service[0m - Load Kernel Module dm_mod...
         Starting [0;1;39mmodprobe@efi_pstore.servi…[0m - Load Kernel Module efi_pstore...
         Starting [0;1;39mmodprobe@loop.service[0m - Load Kernel Module loop...
[[0;32m  OK  [0m] Finished [0;1;39mmodprobe@dm_mod.service[0m - Load Kernel Module dm_mod.
[[0;32m  OK  [0m] Finished [0;1;39mmodprobe@efi_pstore.service[0m - Load Kernel Module efi_pstore.
[[0;32m  OK  [0m] Finished [0;1;39mmodprobe@loop.service[0m - Load Kernel Module loop.
         Starting [0;1;39mmodprobe@dm_mod.service[0m - Load Kernel Module dm_mod...
         Starting [0;1;39mmodprobe@efi_pstore.servi…[0m - Load Kernel Module efi_pstore...
         Starting [0;1;39mmodprobe@loop.service[0m - Load Kernel Module loop...
[[0;32m  OK  [0m] Finished [0;1;39mmodprobe@dm_mod.service[0m - Load Kernel Module dm_mod.
[[0;32m  OK  [0m] Finished [0;1;39mmodprobe@efi_pstore.service[0m - Load Kernel Module efi_pstore.
[[0;32m  OK  [0m] Finished [0;1;39mmodprobe@loop.service[0m - Load Kernel Module loop.
[[0;32m  OK  [0m] Finished [0;1;39mcloud-init-local.service[0m …ud-init: Local Stage (pre-network).
[[0;32m  OK  [0m] Reached target [0;1;39mnetwork-pre.target[0m - Preparation for Network.
         Starting [0;1;39msystemd-networkd.service[0m - Network Configuration...
[[0;32m  OK  [0m] Started [0;1;39msystemd-networkd.service[0m - Network Configuration.
[[0;32m  OK  [0m] Reached target [0;1;39mnetwork.target[0m - Network.
         Starting [0;1;39msystemd-networkd-wait-onl…[0mait for Network to be Configured...
[[0;32m  OK  [0m] Finished [0;1;39msystemd-networkd-wait-onl…[0m Wait for Network to be Configured.
         Starting [0;1;39mcloud-init.service[0m - Cloud-init: Network Stage...
[   10.173399] cloud-init[816]: Cloud-init v. 25.3-0ubuntu1~24.04.1 running 'init' at Fri, 15 May 2026 01:51:24 +0000. Up 10.15 seconds.
[   10.187182] cloud-init[816]: ci-info: ++++++++++++++++++++++++++++++++++++++Net device info+++++++++++++++++++++++++++++++++++++++
[   10.200175] cloud-init[816]: ci-info: +--------+------+---------------------------+-----------------+--------+-------------------+
[   10.213110] cloud-init[816]: ci-info: | Device |  Up  |          Address          |       Mask      | Scope  |     Hw-Address    |
[   10.226151] cloud-init[816]: ci-info: +--------+------+---------------------------+-----------------+--------+-------------------+
[   10.239143] cloud-init[816]: ci-info: |  ens5  | True |        10.128.0.57        | 255.255.255.255 | global | 42:01:0a:80:00:39 |
[   10.252104] cloud-init[816]: ci-info: |  ens5  | True | fe80::4001:aff:fe80:39/64 |        .        |  link  | 42:01:0a:80:00:39 |
[   10.265099] cloud-init[816]: ci-info: |   lo   | True |         127.0.0.1         |    255.0.0.0    |  host  |         .         |
[   10.278109] cloud-init[816]: ci-info: |   lo   | True |          ::1/128          |        .        |  host  |         .         |
[   10.291134] cloud-init[816]: ci-info: +--------+------+---------------------------+-----------------+--------+-------------------+
[   10.304107] cloud-init[816]: ci-info: +++++++++++++++++++++++++++++++Route IPv4 info++++++++++++++++++++++++++++++++
[   10.316132] cloud-init[816]: ci-info: +-------+-----------------+------------+-----------------+-----------+-------+
[   10.328129] cloud-init[816]: ci-info: | Route |   Destination   |  Gateway   |     Genmask     | Interface | Flags |
[   10.340133] cloud-init[816]: ci-info: +-------+-----------------+------------+-----------------+-----------+-------+
[   10.352143] cloud-init[816]: ci-info: |   0   |     0.0.0.0     | 10.128.0.1 |     0.0.0.0     |    ens5   |   UG  |
[   10.364141] cloud-init[816]: ci-info: |   1   |    10.128.0.1   |  0.0.0.0   | 255.255.255.255 |    ens5   |   UH  |
[   10.376115] cloud-init[816]: ci-info: |   2   | 169.254.169.254 | 10.128.0.1 | 255.255.255.255 |    ens5   |  UGH  |
[   10.388108] cloud-init[816]: ci-info: +-------+-----------------+------------+-----------------+-----------+-------+
[   10.400102] cloud-init[816]: ci-info: +++++++++++++++++++Route IPv6 info+++++++++++++++++++
[   10.409125] cloud-init[816]: ci-info: +-------+-------------+---------+-----------+-------+
[   10.418123] cloud-init[816]: ci-info: | Route | Destination | Gateway | Interface | Flags |
[   10.427117] cloud-init[816]: ci-info: +-------+-------------+---------+-----------+-------+
[   10.436094] cloud-init[816]: ci-info: |   0   |  fe80::/64  |    ::   |    ens5   |   U   |
[   10.445124] cloud-init[816]: ci-info: |   2   |    local    |    ::   |    ens5   |   U   |
[   10.454151] cloud-init[816]: ci-info: |   3   |  multicast  |    ::   |    ens5   |   U   |
[   10.463117] cloud-init[816]: ci-info: +-------+-------------+---------+-----------+-------+
[   15.072491] cloud-init[816]: Generating public/private rsa key pair.
[   15.080182] cloud-init[816]: Your identification has been saved in /etc/ssh/ssh_host_rsa_key
[   15.090145] cloud-init[816]: Your public key has been saved in /etc/ssh/ssh_host_rsa_key.pub
[   15.100136] cloud-init[816]: The key fingerprint is:
[   15.106115] cloud-init[816]: SHA256:W6qMpG7RGwqoqeuuFhCeo2sZvFNpWTdV2JTqpL7ylzs root@loadgen-70fm
[   15.116139] cloud-init[816]: The key's randomart image is:
[   15.122207] cloud-init[816]: +---[RSA 3072]----+
[[0;32m  OK  [0m] Finished [0;1;39mcloud-init.service[0m - Cloud-init: Network Stage.
[   15.129189] cloud-init[816]: |          =o.    |
[[0;32m  OK  [0m] Reached target [0;1;39mcloud-config.target[0m - Cloud-config availability.
[   15.145188] cloud-init[816]: |.        o o     |
[[0;32m  OK  [0m] Reached target [0;1;39mnetwork-online.target[0m - Network is Online.
[   15.163179] cloud-init[816]: |...     . .      |
[[0;32m  OK  [0m] Reached target [0;1;39msysinit.target[0m - System Initialization.
[   15.179174] cloud-init[816]: |.+   . o o       |
[[0;32m  OK  [0m] Started [0;1;39mnvidia-cdi-refresh.path[0m - …r toolkit install / upgrade events.
[   15.194187] cloud-init[816]: |= ..+ . S .      |
[[0;32m  OK  [0m] Started [0;1;39mgce-workload-cert-refresh.…[0mWorkload Certificate refresh timer.
[   15.210179] cloud-init[816]: |++.=o  . =       |
[[0;32m  OK  [0m] Started [0;1;39mgoogle-oslogin-cache.timer[0m - NSS cache refresh timer.
[   15.226168] cloud-init[816]: |.+Bo.o. o .      |
[[0;32m  OK  [0m] Started [0;1;39msystemd-tmpfiles-clean.tim…[0my Cleanup of Temporary Directories.
[   15.242192] cloud-init[816]: |+*oo.+ o E       |
[[0;32m  OK  [0m] Started [0;1;39mupdate-notifier-download.t…[0mhat failed at package install time.
[   15.259159] cloud-init[816]: |@*+ . =oo.o      |
[[0;32m  OK  [0m] Reached target [0;1;39mpaths.target[0m - Path Units.
[   15.276142] cloud-init[816]: +----[SHA256]-----+
[[0;32m  OK  [0m] Listening on [0;1;39mcloud-init-hotplugd.s…t[0m - cloud-init hotplug hook socket.
[   15.290164] cloud-init[816]: Generating public/private ecdsa key pair.
[[0;32m  OK  [0m] Listening on [0;1;39mdbus.socket[0m - D-Bus System Message Bus Socket.
[   15.308185] cloud-init[816]: Your identification has been saved in /etc/ssh/ssh_host_ecdsa_key
         Starting [0;1;39mdocker.socket[0m - Docker Socket for the API...
[   15.327231] cloud-init[816]: Your public key has been saved in /etc/ssh/ssh_host_ecdsa_key.pub
[[0;32m  OK  [0m] Listening on [0;1;39miscsid.socket[0m - Open-iSCSI iscsid Socket.
[   15.347286] cloud-init[816]: The key fingerprint is:
         Starting [0;1;39mlxd-installer.socket[0m - He…er to install lxd snap on demand...
[   15.362154] cloud-init[816]: SHA256:TR882iIJecCFfkzCa3YcV7ko+Q4hV6tg5y6hPrP/xSE root@loadgen-70fm
         Starting [0;1;39msnapd.socket[0m - Socket activation for snappy daemon...
[   15.382215] cloud-init[816]: The key's randomart image is:
[[0;32m  OK  [0m] Listening on [0;1;39mssh.socket[0m - OpenBSD Secure Shell server socket.
[   15.399210] cloud-init[816]: +---[ECDSA 256]---+
[[0;32m  OK  [0m] Listening on [0;1;39muuidd.socket[0m - UUID daemon activation socket.
[   15.416169] cloud-init[816]: |     o.o.  ...   |
[[0;32m  OK  [0m] Finished [0;1;39mblk-availability.service[0m - Availability of block devices.
[   15.431168] cloud-init[816]: |      =oo o..    |
[[0;32m  OK  [0m] Listening on [0;1;39mdocker.socket[0m - Docker Socket for the API.
[   15.447204] cloud-init[816]: |     .o*.=.o+.   |
[[0;32m  OK  [0m] Listening on [0;1;39mlxd-installer.socket[0m …lper to install lxd snap on demand.
[   15.462167] cloud-init[816]: |      Oo@+o+.o   |
[[0;32m  OK  [0m] Listening on [0;1;39msnapd.socket[0m - Socket activation for snappy daemon.
[   15.478192] cloud-init[816]: |     + OE== o    |
[[0;32m  OK  [0m] Reached target [0;1;39msockets.target[0m - Socket Units.
[   15.494197] cloud-init[816]: |      . ++.o     |
[[0;32m  OK  [0m] Reached target [0;1;39mbasic.target[0m - Basic System.
[   15.509179] cloud-init[816]: |     . o oo      |
[   15.524125] cloud-init[816]: |    + . ...      |
[   15.530117] cloud-init[816]: |   .o=.o.        |
[   15.536176] cloud-init[816]: +----[SHA256]-----+
[   15.542118] cloud-init[816]: Generating public/private ed25519 key pair.
         Starting [0;1;39mchrony.service[0m - chrony, an NTP client/server...
[   15.549186] cloud-init[816]: Your identification has been saved in /etc/ssh/ssh_host_ed25519_key
         Starting [0;1;39mcloud-config.service[0m - Cloud-init: Config Stage...
[   15.568206] cloud-init[816]: Your public key has been saved in /etc/ssh/ssh_host_ed25519_key.pub
         Starting [0;1;39mdbus.service[0m - D-Bus System Message Bus...
[   15.578263] cloud-init[816]: The key fingerprint is:
[[0;32m  OK  [0m] Started [0;1;39mdmesg.service[0m - Save initial kernel messages after boot.
[   15.596233] cloud-init[816]: SHA256:opem/DSg+B3tHq1bxbniiiJDd7HYY7UQdN+moouoNaQ root@loadgen-70fm
[   15.596307] cloud-init[816]: The key's randomart image is:
         Starting [0;1;39me2scrub_reap.service[0m - Re…ne ext4 Metadata Check Snapshots...
[   15.621237] cloud-init[816]: +--[ED25519 256]--+
         Starting [0;1;39mgce-workload-cert-refresh…[0mGCE Workload Certificate refresh...
[   15.637326] cloud-init[816]: |    .. .         |
[[0;32m  OK  [0m] Started [0;1;39mgoogle-osconfig-agent.service[0m - Google OSConfig Agent.
[   15.652381] cloud-init[816]: |     .. . .      |
         Starting [0;1;39mgoogle-oslogin-cache.service[0m - NSS cache refresh...
[   15.667252] cloud-init[816]: |      .  . o     |
         Starting [0;1;39mgrub-common.service[0m - Record successful boot for GRUB...
[   15.681280] cloud-init[816]: |     o . .o.     |
         Starting [0;1;39mnetworkd-dispatcher.servi…[0mcher daemon for systemd-networkd...
[   15.695341] cloud-init[816]: |  . + *.S.+      |
         Starting [0;1;39mnvidia-persistenced.service[0m - NVIDIA Persistence Daemon...
[   15.714426] cloud-init[816]: | = + X.=.. .     |
         Starting [0;1;39mnvmf-autoconnect.service[0m …ystems automatically during boot...
[   15.724441] cloud-init[816]: |E = =.X + .      |
         Starting [0;1;39mrsyslog.service[0m - System Logging Service...
[   15.746389] cloud-init[816]: |ooo+.O.* .       |
         Starting [0;1;39msecureboot-db.service[0m - Secure Boot updates for DB and DBX...
[[0;32m  OK  [0m] Reached target [0;1;39mgetty-pre.target[0m - Preparation for Logins.
[   15.761333] cloud-init[816]: |o+.o=+Bo.        |
[   15.786196] cloud-init[816]: +----[SHA256]-----+
         Starting [0;1;39msnapd.seeded.service[0m - Wait until snapd is fully seeded...
         Starting [0;1;39msnapd.service[0m - Snap Daemon...
         Starting [0;1;39msysstat.service[0m - Resets System Activity Logs...
         Starting [0;1;39msystemd-logind.service[0m - User Login Management...
[[0;32m  OK  [0m] Started [0;1;39mubuntu-advantage.service[0m - Ubuntu Pro Background Auto Attach.
[[0;32m  OK  [0m] Started [0;1;39mdbus.service[0m - D-Bus System Message Bus.
[[0;32m  OK  [0m] Started [0;1;39mnetworkd-dispatcher.servic…[0matcher daemon for systemd-networkd.
[[0;32m  OK  [0m] Finished [0;1;39mgce-workload-cert-refresh…[0m- GCE Workload Certificate refresh.
[[0;32m  OK  [0m] Started [0;1;39msystemd-logind.service[0m - User Login Management.
[[0;32m  OK  [0m] Finished [0;1;39mgoogle-oslogin-cache.service[0m - NSS cache refresh.
[[0;32m  OK  [0m] Started [0;1;39mnvidia-persistenced.service[0m - NVIDIA Persistence Daemon.
[[0;32m  OK  [0m] Finished [0;1;39mnvmf-autoconnect.service[0m …bsystems automatically during boot.
[[0;32m  OK  [0m] Finished [0;1;39msysstat.service[0m - Resets System Activity Logs.
[[0;32m  OK  [0m] Finished [0;1;39mgrub-common.service[0m - Record successful boot for GRUB.
[   15.977395] cloud-init[1025]: Cloud-init v. 25.3-0ubuntu1~24.04.1 running 'modules:config' at Fri, 15 May 2026 01:51:30 +0000. Up 15.93 seconds.
[[0;32m  OK  [0m] Reached target [0;1;39mremote-fs-pre.targe…[0mreparation for Remote File Systems.
[[0;32m  OK  [0m] Reached target [0;1;39mremote-fs.target[0m - Remote File Systems.
         Starting [0;1;39mapport.service[0m - automatic crash report generation...
         Starting [0;1;39mcontainerd.service[0m - containerd container runtime...
[[0;32m  OK  [0m] Started [0;1;39mcron.service[0m - Regular background program processing daemon.
         Starting [0;1;39mgrub-initrd-fallback.service[0m - GRUB failed boot detection...
         Starting [0;1;39msystemd-hostnamed.service[0m - Hostname Service...
         Starting [0;1;39msystemd-user-sessions.service[0m - Permit User Sessions...
[[0;32m  OK  [0m] Started [0;1;39munattended-upgrades.service[0m - Unattended Upgrades Shutdown.
[[0;32m  OK  [0m] Started [0;1;39mchrony.service[0m - chrony, an NTP client/server.
[[0;32m  OK  [0m] Finished [0;1;39msecureboot-db.service[0m - Secure Boot updates for DB and DBX.
[[0;32m  OK  [0m] Finished [0;1;39me2scrub_reap.service[0m - Re…line ext4 Metadata Check Snapshots.
[[0;32m  OK  [0m] Finished [0;1;39msystemd-user-sessions.service[0m - Permit User Sessions.
[[0;32m  OK  [0m] Finished [0;1;39mgrub-initrd-fallback.service[0m - GRUB failed boot detection.
[[0;32m  OK  [0m] Started [0;1;39msystemd-hostnamed.service[0m - Hostname Service.
[[0;32m  OK  [0m] Started [0;1;39mrsyslog.service[0m - System Logging Service.
2026-05-15T01:51:30.297477+00:00 loadgen-70fm systemd[1]: Mounted dev-hugepages.mount - Huge Pages File System.
2026-05-15T01:51:30.297634+00:00 loadgen-70fm systemd[1]: Mounted dev-mqueue.mount - POSIX Message Queue File System.
2026-05-15T01:51:30.297695+00:00 loadgen-70fm systemd[1]: Mounted sys-kernel-debug.mount - Kernel Debug File System.
2026-05-15T01:51:30.297701+00:00 loadgen-70fm systemd[1]: Mounted sys-kernel-tracing.mount - Kernel Trace File System.
2026-05-15T01:51:30.297706+00:00 loadgen-70fm systemd[1]: Finished kmod-static-nodes.service - Create List of Static Device Nodes.
2026-05-15T01:51:30.297711+00:00 loadgen-70fm systemd[1]: modprobe@configfs.service: Deactivated successfully.
2026-05-15T01:51:30.297715+00:00 loadgen-70fm systemd[1]: Finished modprobe@configfs.service - Load Kernel Module configfs.
2026-05-15T01:51:30.297716+00:00 loadgen-70fm kernel: Linux version 6.17.0-1013-gcp (buildd@lcy02-amd64-034) (x86_64-linux-gnu-gcc-13 (Ubuntu 13.3.0-6ubuntu2~24.04.1) 13.3.0, GNU ld (GNU Binutils for Ubuntu) 2.42) #13~24.04.1-Ubuntu SMP Thu Apr 16 02:10:24 UTC 2026 (Ubuntu 6.17.0-1013.13~24.04.1-gcp 6.17.13)
2026-05-15T01:51:30.297723+00:00 loadgen-70fm kernel: Command line: BOOT_IMAGE=/vmlinuz-6.17.0-1013-gcp root=PARTUUID=6624332c-1f00-4e51-a0bf-94661fe17234 ro console=ttyS0,115200 panic=-1
2026-05-15T01:51:30.297724+00:00 loadgen-70fm kernel: KERNEL supported cpus:
2026-05-15T01:51:30.297725+00:00 loadgen-70fm kernel:   Intel GenuineIntel
2026-05-15T01:51:30.297725+00:00 loadgen-70fm kernel:   AMD AuthenticAMD
2026-05-15T01:51:30.297725+00:00 loadgen-70fm kernel:   Hygon HygonGenuine
2026-05-15T01:51:30.297720+00:00 loadgen-70fm systemd[1]: modprobe@dm_mod.service: Deactivated successfully.
2026-05-15T01:51:30.297726+00:00 loadgen-70fm kernel:   Centaur CentaurHauls
2026-05-15T01:51:30.297730+00:00 loadgen-70fm systemd[1]: Finished modprobe@dm_mod.service - Load Kernel Module dm_mod.
2026-05-15T01:51:30.297733+00:00 loadgen-70fm kernel:   zhaoxin   Shanghai  
2026-05-15T01:51:30.297734+00:00 loadgen-70fm kernel: x86/CPU: Model not found in latest microcode list
2026-05-15T01:51:30.297734+00:00 loadgen-70fm kernel: BIOS-provided physical RAM map:
2026-05-15T01:51:30.297735+00:00 loadgen-70fm kernel: BIOS-e820: [mem 0x0000000000000000-0x0000000000000fff] reserved
2026-05-15T01:51:30.297735+00:00 loadgen-70fm kernel: BIOS-e820: [mem 0x0000000000001000-0x0000000000054fff] usable
2026-05-15T01:51:30.297736+00:00 loadgen-70fm kernel: BIOS-e820: [mem 0x0000000000055000-0x000000000005ffff] reserved
2026-05-15T01:51:30.297735+00:00 loadgen-70fm systemd[1]: modprobe@drm.service: Deactivated successfully.
2026-05-15T01:51:30.297738+00:00 loadgen-70fm kernel: BIOS-e820: [mem 0x0000000000060000-0x0000000000097fff] usable
2026-05-15T01:51:30.297739+00:00 loadgen-70fm kernel: BIOS-e820: [mem 0x0000000000098000-0x000000000009ffff] reserved
2026-05-15T01:51:30.297740+00:00 loadgen-70fm kernel: BIOS-e820: [mem 0x0000000000100000-0x00000000bd254fff] usable
2026-05-15T01:51:30.297740+00:00 loadgen-70fm kernel: BIOS-e820: [mem 0x00000000bd255000-0x00000000bd25ffff] ACPI data
2026-05-15T01:51:30.297741+00:00 loadgen-70fm kernel: BIOS-e820: [mem 0x00000000bd260000-0x00000000bf8ecfff] usable
2026-05-15T01:51:30.297741+00:00 loadgen-70fm kernel: BIOS-e820: [mem 0x00000000bf8ed000-0x00000000bfb6cfff] reserved
2026-05-15T01:51:30.297741+00:00 loadgen-70fm kernel: BIOS-e820: [mem 0x00000000bfb6d000-0x00000000bfb7efff] ACPI data
2026-05-15T01:51:30.297740+00:00 loadgen-70fm systemd[1]: Finished modprobe@drm.service - Load Kernel Module drm.
2026-05-15T01:51:30.297744+00:00 loadgen-70fm kernel: BIOS-e820: [mem 0x00000000bfb7f000-0x00000000bfbfefff] ACPI NVS
2026-05-15T01:51:30.297745+00:00 loadgen-70fm kernel: BIOS-e820: [mem 0x00000000bfbff000-0x00000000bffdffff] usable
2026-05-15T01:51:30.297746+00:00 loadgen-70fm kernel: BIOS-e820: [mem 0x00000000bffe0000-0x00000000bfffffff] reserved
2026-05-15T01:51:30.297746+00:00 loadgen-70fm kernel: BIOS-e820: [mem 0x0000000100000000-0x000000103fffffff] usable
2026-05-15T01:51:30.297746+00:00 loadgen-70fm kernel: NX (Execute Disable) protection: active
2026-05-15T01:51:30.297747+00:00 loadgen-70fm kernel: APIC: Static calls initialized
2026-05-15T01:51:30.297747+00:00 loadgen-70fm systemd[1]: modprobe@efi_pstore.service: Deactivated successfully.
2026-05-15T01:51:30.297750+00:00 loadgen-70fm kernel: efi: EFI v2.7 by EDK II
2026-05-15T01:51:30.297751+00:00 loadgen-70fm kernel: efi: TPMFinalLog=0xbfbf7000 ACPI=0xbfb7e000 ACPI 2.0=0xbfb7e014 SMBIOS=0xbf9ca000 MEMATTR=0xbd260018 MOKvar=0xbf9c8000 RNG=0xbfb72018 TPMEventLog=0xbd255018 
2026-05-15T01:51:30.297751+00:00 loadgen-70fm kernel: random: crng init done
2026-05-15T01:51:30.297752+00:00 loadgen-70fm kernel: SMBIOS 2.4 present.
2026-05-15T01:51:30.297752+00:00 loadgen-70fm kernel: DMI: Google Google Compute Engine/Google Compute Engine, BIOS Google 04/21/2026
2026-05-15T01:51:30.297753+00:00 loadgen-70fm kernel: DMI: Memory slots populated: 4/4
2026-05-15T01:51:30.297752+00:00 loadgen-70fm systemd[1]: Finished modprobe@efi_pstore.service - Load Kernel Module efi_pstore.
2026-05-15T01:51:30.297756+00:00 loadgen-70fm kernel: secureboot: Secure boot disabled
2026-05-15T01:51:30.297757+00:00 loadgen-70fm kernel: Hypervisor detected: KVM
2026-05-15T01:51:30.297757+00:00 loadgen-70fm kernel: last_pfn = 0xbffe0 max_arch_pfn = 0x400000000
2026-05-15T01:51:30.297758+00:00 loadgen-70fm kernel: kvm-clock: Using msrs 4b564d01 and 4b564d00
2026-05-15T01:51:30.297758+00:00 loadgen-70fm kernel: kvm-clock: using sched offset of 15285881337 cycles
2026-05-15T01:51:30.297759+00:00 loadgen-70fm kernel: clocksource: kvm-clock: mask: 0xffffffffffffffff max_cycles: 0x1cd42e4dffb, max_idle_ns: 881590591483 ns
2026-05-15T01:51:30.297759+00:00 loadgen-70fm kernel: tsc: Detected 2299.998 MHz processor
2026-05-15T01:51:30.297762+00:00 loadgen-70fm kernel: e820: update [mem 0x00000000-0x00000fff] usable ==> reserved
2026-05-15T01:51:30.297763+00:00 loadgen-70fm kernel: e820: remove [mem 0x000a0000-0x000fffff] usable
2026-05-15T01:51:30.297757+00:00 loadgen-70fm systemd-modules-load[307]: Inserted module 'dm_multipath'
2026-05-15T01:51:30.297763+00:00 loadgen-70fm kernel: last_pfn = 0x1040000 max_arch_pfn = 0x400000000
2026-05-15T01:51:30.297766+00:00 loadgen-70fm kernel: MTRR map: 3 entries (2 fixed + 1 variable; max 18), built from 8 variable MTRRs
2026-05-15T01:51:30.297767+00:00 loadgen-70fm kernel: x86/PAT: Configuration [0-7]: WB  WC  UC- UC  WB  WP  UC- WT  
2026-05-15T01:51:30.297767+00:00 loadgen-70fm kernel: last_pfn = 0xbffe0 max_arch_pfn = 0x400000000
2026-05-15T01:51:30.297768+00:00 loadgen-70fm systemd[1]: Finished keyboard-setup.service - Set the console keyboard layout.
2026-05-15T01:51:30.297770+00:00 loadgen-70fm kernel: Using GB pages for direct mapping
2026-05-15T01:51:30.297771+00:00 loadgen-70fm kernel: secureboot: Secure boot disabled
2026-05-15T01:51:30.297771+00:00 loadgen-70fm kernel: ACPI: Early table checksum verification disabled
2026-05-15T01:51:30.297772+00:00 loadgen-70fm kernel: ACPI: RSDP 0x00000000BFB7E014 000024 (v02 Google)
2026-05-15T01:51:30.297772+00:00 loadgen-70fm kernel: ACPI: XSDT 0x00000000BFB7D0E8 00005C (v01 Google GOOGFACP 00000001      01000013)
2026-05-15T01:51:30.297773+00:00 loadgen-70fm kernel: ACPI: FACP 0x00000000BFB78000 0000F4 (v02 Google GOOGFACP 00000001 GOOG 00000001)
2026-05-15T01:51:30.297773+00:00 loadgen-70fm systemd[1]: modprobe@fuse.service: Deactivated successfully.
2026-05-15T01:51:30.297776+00:00 loadgen-70fm kernel: ACPI: DSDT 0x00000000BFB79000 001A64 (v01 Google GOOGDSDT 00000001 GOOG 00000001)
2026-05-15T01:51:30.297777+00:00 loadgen-70fm kernel: ACPI: FACS 0x00000000BFBF1000 000040
2026-05-15T01:51:30.297777+00:00 loadgen-70fm kernel: ACPI: SSDT 0x00000000BFB7C000 000316 (v02 GOOGLE Tpm2Tabl 00001000 INTL 20250807)
2026-05-15T01:51:30.297778+00:00 loadgen-70fm kernel: ACPI: TPM2 0x00000000BFB7B000 000034 (v04 GOOGLE          00000001 GOOG 00000001)
2026-05-15T01:51:30.297778+00:00 loadgen-70fm kernel: ACPI: SRAT 0x00000000BFB77000 000228 (v03 Google GOOGSRAT 00000001 GOOG 00000001)
2026-05-15T01:51:30.297779+00:00 loadgen-70fm kernel: ACPI: APIC 0x00000000BFB76000 000126 (v05 Google GOOGAPIC 00000001 GOOG 00000001)
2026-0[[0;32m  OK  [0m] Finished [0;1;39mapport.service[0m - automatic crash report generation.
5-15T01:51:30.297779+00:00 loadgen-70fm kernel: ACPI: SSDT 0x00000000BFB74000 0011D6 (v01 Google GOOGSSDT 00000001 GOOG 00000001)
2026-05-15T01:51:30.297778+00:00 loadgen-70fm systemd[1]: Finished modprobe@fuse.service - Load Kernel Module fuse.
2026-05-15T01:51:30.297782+00:00 loadgen-70fm kernel: ACPI: WAET 0x00000000BFB73000 000028 (v01 Google GOOGWAET 00000001 GOOG 00000001)
2026-05-15T01:51:30.297783+00:00 loadgen-70fm kernel: ACPI: Reserving FACP table memory at [mem 0xbfb78000-0xbfb780f3]
2026-05-15T01:51:30.297783+00:00 loadgen-70fm kernel: ACPI: Reserving DSDT table memory at [mem 0xbfb79000-0xbfb7aa63]
2026-05-15T01:51:30.297784+00:00 loadgen-70fm kernel: ACPI: Reserving FACS table memory at [mem 0xbfbf1000-0xbfbf103f]
2026-05-15T01:51:30.297784+00:00 loadgen-70fm kernel: ACPI: Reserving SSDT table memory at [mem 0xbfb7c000-0xbfb7c315]
2026-05-15T01:51:30.297783+00:00 loadgen-70fm systemd[1]: modprobe@loop.service: Deactivated successfully.
2026-05-15T01:51:30.297787+00:00 loadgen-70fm kernel: ACPI: Reserving TPM2 table memory at [mem 0xbfb7b000-0xbfb7b033]
2026-05-15T01:51:30.297790+00:00 loadgen-70fm kernel: ACPI: Reserving SRAT table memory at [mem 0xbfb77000-0xbfb77227]
2026-05-15T01:51:30.297791+00:00 loadgen-70fm kernel: ACPI: Reserving APIC table memory at [mem 0xbfb76000-0xbfb76125]
2026-05-15T01:51:30.297791+00:00 loadgen-70fm kernel: ACPI: Reserving SSDT table memory at [mem 0xbfb74000-0xbfb751d5]
2026-05-15T01:51:30.297792+00:00 loadgen-70fm kernel: ACPI: Reserving WAET table memory at [mem 0xbfb73000-0xbfb73027]
2026-05-15T01:51:30.297792+00:00 loadgen-70fm kernel: ACPI: SRAT: Node 0 PXM 0 [mem 0x00000000-0x0009ffff]
2026-05-15T01:51:30.297790+00:00 loadgen-70fm systemd[1]: Finished modprobe@loop.service - Load Kernel Module loop.
2026-05-15T01:51:30.297793+00:00 loadgen-70fm kernel: ACPI: SRAT: Node 0 PXM 0 [mem 0x00100000-0xbfffffff]
2026-05-15T01:51:30.297794+00:00 loadgen-70fm kernel: ACPI: SRAT: Node 0 PXM 0 [mem 0x100000000-0x103fffffff]
2026-05-15T01:51:30.297797+00:00 loadgen-70fm kernel: NUMA: Node 0 [mem 0x00001000-0x0009ffff] + [mem 0x00100000-0xbfffffff] -> [mem 0x00001000-0xbfffffff]
2026-05-15T01:51:30.297798+00:00 loadgen-70fm kernel: NUMA: Node 0 [mem 0x00001000-0xbfffffff] + [mem 0x100000000-0x103fffffff] -> [mem 0x00001000-0x103fffffff]
2026-05-15T01:51:30.297799+00:00 loadgen-70fm kernel: NODE_DATA(0) allocated [mem 0x103ffd52c0-0x103fffffff]
2026-05-15T01:51:30.297799+00:00 loadgen-70fm kernel: Zone ranges:
2026-05-15T01:51:30.297799+00:00 loadgen-70fm kernel:   DMA      [mem 0x0000000000001000-0x0000000000ffffff]
2026-05-15T01:51:30.297800+00:00 loadgen-70fm kernel:   DMA32    [mem 0x0000000001000000-0x00000000ffffffff]
2026-05-15T01:51:30.297796+00:00 loadgen-70fm systemd[1]: modprobe@nvme_fabrics.service: Deactivated successfully.
2026-05-15T01:51:30.297803+00:00 loadgen-70fm kernel:   Normal   [mem 0x0000000100000000-0x000000103fffffff]
2026-05-15T01:51:30.297804+00:00 loadgen-70fm kernel:   Device   empty
2026-05-15T01:51:30.297804+00:00 loadgen-70fm kernel: Movable zone start for each node
2026-05-15T01:51:30.297805+00:00 loadgen-70fm kernel: Early memory node ranges
2026-05-15T01:51:30.297805+00:00 loadgen-70fm kernel:   node   0: [mem 0x0000000000001000-0x0000000000054fff]
2026-05-15T01:51:30.297803+00:00 loadgen-70fm systemd[1]: Finished modprobe@nvme_fabrics.service - Load Kernel Module nvme_fabrics.
2026-05-15T01:51:30.297806+00:00 loadgen-70fm kernel:   node   0: [mem 0x0000000000060000-0x0000000000097fff]
2026-05-15T01:51:30.297810+00:00 loadgen-70fm kernel:   node   0: [mem 0x0000000000100000-0x00000000bd254fff]
2026-05-15T01:51:30.297809+00:00 loadgen-70fm systemd[1]: Finished systemd-modules-load.service - Load Kernel Modules.
2026-05-15T01:51:30.297811+00:00 loadgen-70fm kernel:   node   0: [mem 0x00000000bd260000-0x00000000bf8ecfff]
2026-05-15T01:51:30.297814+00:00 loadgen-70fm kernel:   node   0: [mem 0x00000000bfbff000-0x00000000bffdffff]
2026-05-15T01:51:30.297815+00:00 loadgen-70fm kernel:   node   0: [mem 0x0000000100000000-0x000000103fffffff]
2026-05-15T01:51:30.297815+00:00 loadgen-70fm kernel: Initmem setup node 0 [mem 0x0000000000001000-0x000000103fffffff]
2026-05-15T01:51:30.297816+00:00 loadgen-70fm kernel: On node 0, zone DMA: 1 pages in unavailable ranges
2026-05-15T01:51:30.297815+00:00 loadgen-70fm systemd[1]: Mounting sys-fs-fuse-connections.mount - FUSE Control File System...
2026-05-15T01:51:30.297819+00:00 loadgen-70fm kernel: On node 0, zone DMA: 11 pages in unavailable ranges
2026-05-15T01:51:30.297820+00:00 loadgen-70fm kernel: On node 0, zone DMA: 104 pages in unavailable ranges
2026-05-15T01:51:30.297820+00:00 loadgen-70fm kernel: On node 0, zone DMA32: 11 pages in unavailable ranges
2026-05-15T01:51:30.297821+00:00 loadgen-70fm kernel: On node 0, zone DMA32: 786 pages in unavailable ranges
2026-05-15T01:51:30.297821+00:00 loadgen-70fm kernel: On node 0, zone Normal: 32 pages in unavailable ranges
2026-05-15T01:51:30.297820+00:00 loadgen-70fm systemd[1]: Mounting sys-kernel-config.mount - Kernel Configuration File System...
2026-05-15T01:51:30.297821+00:00 loadgen-70fm kernel: ACPI: PM-Timer IO Port: 0xb008
2026-05-15T01:51:30.297825+00:00 loadgen-70fm kernel: ACPI: LAPIC_NMI (acpi_id[0xff] dfl dfl lint[0x1])
2026-05-15T01:51:30.297826+00:00 loadgen-70fm systemd-fsck[310]: cloudimg-rootfs: clean, 172898/6422528 files, 2136941/12844795 blocks
2026-05-15T01:51:30.297828+00:00 loadgen-70fm kernel: IOAPIC[0]: apic_id 0, version 17, address 0xfec00000, GSI 0-23
2026-05-15T01:51:30.297831+00:00 loadgen-70fm kernel: ACPI: INT_SRC_OVR (bus 0 bus_irq 5 global_irq 5 high level)
2026-05-15T01:51:30.297832+00:00 loadgen-70fm kernel: ACPI: INT_SRC_OVR (bus 0 bus_irq 9 global_irq 9 high level)
2026-05-15T01:51:30.297832+00:00 loadgen-70fm kernel: ACPI: INT_SRC_OVR (bus 0 bus_irq 10 global_irq 10 high level)
2026-05-15T01:51:30.297832+00:00 loadgen-70fm kernel: ACPI: INT_SRC_OVR (bus 0 bus_irq 11 global_irq 11 high level)
2026-05-15T01:51:30.297833+00:00 loadgen-70fm kernel: ACPI: Using ACPI (MADT) for SMP configuration information
2026-05-15T01:51:30.297836+00:00 loadgen-70fm kernel: CPU topo: Max. logical packages:   1
2026-05-15T01:51:30.297836+00:00 loadgen-70fm kernel: CPU topo: Max. logical dies:       1
2026-05-15T01:51:30.297832+00:00 loadgen-70fm systemd[1]: Started systemd-fsckd.service - File System Check Daemon to report status.
2026-05-15T01:51:30.297837+00:00 loadgen-70fm kernel: CPU topo: Max. dies per package:   1
2026-05-15T01:51:30.297840+00:00 loadgen-70fm kernel: CPU topo: Max. threads per core:   2
2026-05-15T01:51:30.297841+00:00 loadgen-70fm kernel: CPU topo: Num. cores per package:    12
2026-05-15T01:51:30.297841+00:00 loadgen-70fm systemd[1]: systemd-repart.service - Repartition Root Disk was skipped because no trigger condition checks were met.
2026-05-15T01:51:30.297846+00:00 loadgen-70fm systemd[1]: Starting systemd-sysctl.service - Apply Kernel Variables...
2026-05-15T01:51:30.297850+00:00 loadgen-70fm systemd[1]: Starting systemd-tmpfiles-setup-dev-early.service - Create Static Device Nodes in /dev gracefully...
2026-05-15T01:51:30.297855+00:00 loadgen-70fm systemd[1]: Finished systemd-fsck-root.service - File System Check on Root Device.
2026-05-15T01:51:30.297859+00:00 loadgen-70fm systemd[1]: Finished lvm2-monitor.service - Monitoring of LVM2 mirrors, snapshots etc. using dmeventd or progress polling.
2026-05-15T01:51:30.297863+00:00 loadgen-70fm systemd[1]: Mounted sys-fs-fuse-connections.mount - FUSE Control File System.
2026-05-15T01:51:30.297870+00:00 loadgen-70fm systemd[1]: Mounted sys-kernel-config.mount - Kernel Configuration File System.
2026-05-15T01:51:30.297875+00:00 loadgen-70fm systemd[1]: Starting systemd-remount-fs.service - Remount Root and Kernel File Systems...
2026-05-15T01:51:30.297880+00:00 loadgen-70fm systemd[1]: Finished systemd-sysctl.service - Apply Kernel Variables.
2026-05-15T01:51:30.297885+00:00 loadgen-70fm systemd[1]: Finished systemd-tmpfiles-setup-dev-early.service - Create Static Device Nodes in /dev gracefully.
2026-05-15T01:51:30.297889+00:00 loadgen-70fm systemd[1]: Finished systemd-remount-fs.ser[[0;32m  OK  [0m] Started [0;1;39mcontainerd.service[0m - containerd container runtime.
vice - Remount Root and Kernel File Systems.
2026-05-15T01:51:30.297896+00:00 loadgen-70fm systemd[1]: Starting multipathd.service - Device-Mapper Multipath Device Controller...
2026-05-15T01:51:30.297901+00:00 loadgen-70fm systemd[1]: systemd-hwdb-update.service - Rebuild Hardware Database was skipped because of an unmet condition check (ConditionNeedsUpdate=/etc).
2026-05-15T01:51:30.297905+00:00 loadgen-70fm kernel: CPU topo: Num. threads per package:  24
2026-05-15T01:51:30.297923+00:00 loadgen-70fm kernel: CPU topo: Allowing 24 present CPUs plus 0 hotplug CPUs
2026-05-15T01:51:30.297905+00:00 loadgen-70fm systemd[1]: Starting systemd-journal-flush.service - Flush Journal to Persistent Storage...
2026-05-15T01:51:30.297930+00:00 loadgen-70fm kernel: PM: hibernation: Registered nosave memory: [mem 0x00000000-0x00000fff]
2026-05-15T01:51:30.297931+00:00 loadgen-70fm kernel: PM: hibernation: Registered nosave memory: [mem 0x00055000-0x0005ffff]
2026-05-15T01:51:30.297931+00:00 loadgen-70fm kernel: PM: hibernation: Registered nosave memory: [mem 0x00098000-0x000fffff]
2026-05-15T01:51:30.297932+00:00 loadgen-70fm kernel: PM: hibernation: Registered nosave memory: [mem 0xbd255000-0xbd25ffff]
2026-05-15T01:51:30.297932+00:00 loadgen-70fm kernel: PM: hibernation: Registered nosave memory: [mem 0xbf8ed000-0xbfbfefff]
2026-05-15T01:51:30.297931+00:00 loadgen-70fm systemd[1]: systemd-pstore.service - Platform Persistent Storage Archival was skipped because of an unmet condition check (ConditionDirectoryNotEmpty=/sys/fs/pstore).
2026-05-15T01:51:30.297933+00:00 loadgen-70fm kernel: PM: hibernation: Registered nosave memory: [mem 0xbffe0000-0xffffffff]
2026-05-15T01:51:30.297939+00:00 loadgen-70fm kernel: [mem 0xc0000000-0xffffffff] available for PCI devices
2026-05-15T01:51:30.297939+00:00 loadgen-70fm kernel: Booting paravirtualized kernel on KVM
2026-05-15T01:51:30.297937+00:00 loadgen-70fm systemd[1]: Starting systemd-random-seed.service - Load/Save OS Random Seed...
2026-05-15T01:51:30.297941+00:00 loadgen-70fm kernel: clocksource: refined-jiffies: mask: 0xffffffff max_cycles: 0xffffffff, max_idle_ns: 1910969940391419 ns
2026-05-15T01:51:30.297942+00:00 loadgen-70fm kernel: setup_percpu: NR_CPUS:8192 nr_cpumask_bits:24 nr_cpu_ids:24 nr_node_ids:1
2026-05-15T01:51:30.297943+00:00 loadgen-70fm kernel: percpu: Embedded 84 pages/cpu s221184 r8192 d114688 u524288
2026-05-15T01:51:30.297943+00:00 loadgen-70fm kernel: pcpu-alloc: s221184 r8192 d114688 u524288 alloc=1*2097152
2026-05-15T01:51:30.297946+00:00 loadgen-70fm kernel: pcpu-alloc: [0] 00 01 02 03 [0] 04 05 06 07 
2026-05-15T01:51:30.297947+00:00 loadgen-70fm kernel: pcpu-alloc: [0] 08 09 10 11 [0] 12 13 14 15 
2026-05-15T01:51:30.297945+00:00 loadgen-70fm systemd[1]: systemd-sysusers.service - Create System Users was skipped because no trigger condition checks were met.
2026-05-15T01:51:30.297947+00:00 loadgen-70fm kernel: pcpu-alloc: [0] 16 17 18 19 [0] 20 21 22 23 
2026-05-15T01:51:30.297961+00:00 loadgen-70fm kernel: kvm-guest: PV spinlocks enabled
2026-05-15T01:51:30.297961+00:00 loadgen-70fm kernel: PV qspinlock hash table entries: 256 (order: 0, 4096 bytes, linear)
2026-05-15T01:51:30.297962+00:00 loadgen-70fm kernel: Kernel command line: BOOT_IMAGE=/vmlinuz-6.17.0-1013-gcp root=PARTUUID=6624332c-1f00-4e51-a0bf-94661fe17234 ro console=ttyS0,115200 panic=-1
2026-05-15T01:51:30.297965+00:00 loadgen-70fm kernel: printk: log buffer data + meta data: 262144 + 917504 = 1179648 bytes
2026-05-15T01:51:30.297953+00:00 loadgen-70fm systemd[1]: Starting systemd-tmpfiles-setup-dev.service - Create Static Device Nodes in /dev...
2026-05-15T01:51:30.297966+00:00 loadgen-70fm kernel: Dentry cache hash table entries: 8388608 (order: 14, 67108864 bytes, linear)
2026-05-15T01:51:30.297967+00:00 loadgen-70fm kernel: Inode-cache hash table entries: 4194304 (order: 13, 33554432 bytes, linear)
2026-05-15T01:51:30.297967+00:00 loadgen-70fm kernel: software IO TLB: area num 32.
2026-05-15T01:51:30.297968+00:00 loadgen-70fm kernel: Fallback order for Node 0: 0 
2026-05-15T01:51:30.297968+00:00 loadgen-70fm kernel: Built 1 zonelists, mobility grouping on.  Total pages: 16776271
2026-05-15T01:51:30.297969+00:00 loadgen-70fm kernel: Policy zone: Normal
2026-05-15T01:51:30.297969+00:00 loadgen-70fm systemd[1]: systemd-tpm2-setup.service - TPM2 SRK Setup was skipped because of an unmet condition check (ConditionSecurity=measured-uki).
2026-05-15T01:51:30.297972+00:00 loadgen-70fm kernel: mem auto-init: stack:all(zero), heap alloc:on, heap free:off
2026-05-15T01:51:30.297972+00:00 loadgen-70fm kernel: SLUB: HWalign=64, Order=0-3, MinObjects=0, CPUs=24, Nodes=1
2026-05-15T01:51:30.297973+00:00 loadgen-70fm kernel: Kernel/User page tables isolation: enabled
2026-05-15T01:51:30.297973+00:00 loadgen-70fm kernel: ftrace: allocating 61994 entries in 244 pages
2026-05-15T01:51:30.297974+00:00 loadgen-70fm kernel: ftrace: allocated 244 pages with 5 groups
2026-05-15T01:51:30.297974+00:00 loadgen-70fm kernel: rcu: Hierarchical RCU implementation.
2026-05-15T01:51:30.297974+00:00 loadgen-70fm systemd[1]: Finished systemd-random-seed.service - Load/Save OS Random Seed.
2026-05-15T01:51:30.297977+00:00 loadgen-70fm kernel: rcu: 	RCU restricting CPUs from NR_CPUS=8192 to nr_cpu_ids=24.
2026-05-15T01:51:30.297978+00:00 loadgen-70fm kernel: 	Rude variant of Tasks RCU enabled.
2026-05-15T01:51:30.297978+00:00 loadgen-70fm kernel: 	Tracing variant of Tasks RCU enabled.
2026-05-15T01:51:30.297979+00:00 loadgen-70fm kernel: rcu: RCU calculated value of scheduler-enlistment delay is 100 jiffies.
2026-05-15T01:51:30.297979+00:00 loadgen-70fm kernel: rcu: Adjusting geometry for rcu_fanout_leaf=16, nr_cpu_ids=24
2026-05-15T01:51:30.297980+00:00 loadgen-70fm kernel: RCU Tasks Rude: Setting shift to 5 and lim to 1 rcu_task_cb_adjust=1 rcu_task_cpu_ids=24.
2026-05-15T01:51:30.297980+00:00 loadgen-70fm kernel: RCU Tasks Trace: Setting shift to 5 and lim to 1 rcu_task_cb_adjust=1 rcu_task_cpu_ids=24.
2026-05-15T01:51:30.297980+00:00 loadgen-70fm systemd[1]: Finished systemd-tmpfiles-setup-dev.service - Create Static Device Nodes in /dev.
2026-05-15T01:51:30.297983+00:00 loadgen-70fm kernel: NR_IRQS: 524544, nr_irqs: 616, preallocated irqs: 16
2026-05-15T01:51:30.297984+00:00 loadgen-70fm kernel: rcu: srcu_init: Setting srcu_struct sizes based on contention.
2026-05-15T01:51:30.297985+00:00 loadgen-70fm kernel: Console: colour dummy device 80x25
2026-05-15T01:51:30.297985+00:00 loadgen-70fm kernel: printk: legacy console [ttyS0] enabled
2026-05-15T01:51:30.297985+00:00 loadgen-70fm kernel: ACPI: Core revision 20250404
2026-05-15T01:51:30.297986+00:00 loadgen-70fm kernel: APIC: Switch to symmetric I/O mode setup
2026-05-15T01:51:30.297991+00:00 loadgen-70fm kernel: x2apic enabled
2026-05-15T01:51:30.297992+00:00 loadgen-70fm kernel: APIC: Switched APIC routing to: physical x2apic
2026-05-15T01:51:30.297992+00:00 loadgen-70fm kernel: ..TIMER: vector=0x30 apic1=0 pin1=0 apic2=-1 pin2=-1
2026-05-15T01:51:30.297993+00:00 loadgen-70fm kernel: clocksource: tsc-early: mask: 0xffffffffffffffff max_cycles: 0x212733415c7, max_idle_ns: 440795236380 ns
2026-05-15T01:51:30.297993+00:00 loadgen-70fm kernel: Calibrating delay loop (skipped) preset value.. 4599.99 BogoMIPS (lpj=2299998)
2026-05-15T01:51:30.297994+00:00 loadgen-70fm kernel: Last level iTLB entries: 4KB 1024, 2MB 1024, 4MB 1024
2026-05-15T01:51:30.297984+00:00 loadgen-70fm multipathd[355]: multipathd v0.9.4: start up
2026-05-15T01:51:30.297996+00:00 loadgen-70fm kernel: Last level dTLB entries: 4KB 1024, 2MB 1024, 4MB 1024, 1GB 4
2026-05-15T01:51:30.297997+00:00 loadgen-70fm kernel: mitigations: Enabled attack vectors: user_kernel, user_user, guest_host, guest_guest, SMT mitigations: auto
2026-05-15T01:51:30.297998+00:00 loadgen-70fm kernel: Speculative Store Bypass: Mitigation: Speculative Store Bypass disabled via prctl
2026-05-15T01:51:30.297998+00:00 loadgen-70fm kernel: Spectre V2 : Mitigation: IBRS
2026-05-15T01:51:30.297999+00:00 loadgen-70fm kernel: RETBleed: Mitigation: IBRS
2026-05-15T01:51:30.297999+00:00 loadgen-70fm kernel: ITS: Mitigation: Aligned branch/return thunks
2026-05-15         Stopping [0;1;39mchrony.service[0m - chrony, an NTP client/server...
T01:51:30.297998+00:00 loadgen-70fm multipathd[355]: reconfigure: setting up paths and maps
2026-05-15T01:51:30.298002+00:00 loadgen-70fm kernel: Spectre V2 : User space: Mitigation: STIBP via prctl
2026-05-15T01:51:30.298003+00:00 loadgen-70fm kernel: MDS: Mitigation: Clear CPU buffers
2026-05-15T01:51:30.298003+00:00 loadgen-70fm kernel: MMIO Stale Data: Vulnerable: Clear CPU buffers attempted, no microcode
2026-05-15T01:51:30.298004+00:00 loadgen-70fm kernel: Spectre V1 : Mitigation: usercopy/swapgs barriers and __user pointer sanitization
2026-05-15T01:51:30.298004+00:00 loadgen-70fm kernel: Spectre V2 : Spectre v2 / SpectreRSB: Filling RSB on context switch and VMEXIT
2026-05-15T01:51:30.298005+00:00 loadgen-70fm kernel: Spectre V2 : mitigation: Enabling conditional Indirect Branch Prediction Barrier
2026-05-15T01:51:30.298005+00:00 loadgen-70fm kernel: active return thunk: its_return_thunk
2026-05-15T01:51:30.298004+00:00 loadgen-70fm systemd[1]: Starting systemd-udevd.service - Rule-based Manager for Device Events and Files...
2026-05-15T01:51:30.298008+00:00 loadgen-70fm kernel: Spectre V2 : Spectre BHI mitigation: SW BHB clearing on syscall and VM exit
2026-05-15T01:51:30.298009+00:00 loadgen-70fm kernel: x86/fpu: Supporting XSAVE feature 0x001: 'x87 floating point registers'
2026-05-15T01:51:30.298010+00:00 loadgen-70fm kernel: x86/fpu: Supporting XSAVE feature 0x002: 'SSE registers'
2026-05-15T01:51:30.298010+00:00 loadgen-70fm kernel: x86/fpu: Supporting XSAVE feature 0x004: 'AVX registers'
2026-05-15T01:51:30.298009+00:00 loadgen-70fm systemd[1]: Finished systemd-udev-trigger.service - Coldplug All udev Devices.
2026-05-15T01:51:30.298010+00:00 loadgen-70fm kernel: x86/fpu: xstate_offset[2]:  576, xstate_sizes[2]:  256
2026-05-15T01:51:30.298013+00:00 loadgen-70fm kernel: x86/fpu: Enabled xstate features 0x7, context size is 832 bytes, using 'standard' format.
2026-05-15T01:51:30.298016+00:00 loadgen-70fm kernel: Freeing SMP alternatives memory: 52K
2026-05-15T01:51:30.298017+00:00 loadgen-70fm kernel: pid_max: default: 32768 minimum: 301
2026-05-15T01:51:30.298015+00:00 loadgen-70fm systemd-udevd[360]: Using default interface naming scheme 'v255'.
2026-05-15T01:51:30.298019+00:00 loadgen-70fm kernel: LSM: initializing lsm=lockdown,capability,landlock,yama,apparmor,ima,evm
2026-05-15T01:51:30.298020+00:00 loadgen-70fm kernel: landlock: Up and running.
2026-05-15T01:51:30.298020+00:00 loadgen-70fm kernel: Yama: becoming mindful.
2026-05-15T01:51:30.298021+00:00 loadgen-70fm kernel: AppArmor: AppArmor initialized
2026-05-15T01:51:30.298021+00:00 loadgen-70fm kernel: Mount-cache hash table entries: 131072 (order: 8, 1048576 bytes, linear)
2026-05-15T01:51:30.298024+00:00 loadgen-70fm kernel: Mountpoint-cache hash table entries: 131072 (order: 8, 1048576 bytes, linear)
2026-05-15T01:51:30.298025+00:00 loadgen-70fm kernel: smpboot: CPU0: Intel(R) Xeon(R) CPU @ 2.30GHz (family: 0x6, model: 0x3f, stepping: 0x0)
2026-05-15T01:51:30.298025+00:00 loadgen-70fm kernel: Performance Events: unsupported CPU family 6 model 63 no PMU driver, software events only.
2026-05-15T01:51:30.298023+00:00 loadgen-70fm systemd[1]: Started multipathd.service - Device-Mapper Multipath Device Controller.
2026-05-15T01:51:30.298027+00:00 loadgen-70fm kernel: signal: max sigframe size: 1776
2026-05-15T01:51:30.298028+00:00 loadgen-70fm kernel: rcu: Hierarchical SRCU implementation.
2026-05-15T01:51:30.298028+00:00 loadgen-70fm kernel: rcu: 	Max phase no-delay instances is 400.
2026-05-15T01:51:30.298031+00:00 loadgen-70fm kernel: Timer migration: 2 hierarchy levels; 8 children per group; 2 crossnode level
2026-05-15T01:51:30.298032+00:00 loadgen-70fm kernel: NMI watchdog: Perf NMI watchdog permanently disabled
2026-05-15T01:51:30.298032+00:00 loadgen-70fm kernel: smp: Bringing up secondary CPUs ...
2026-05-15T01:51:30.298033+00:00 loadgen-70fm kernel: smpboot: x86: Booting SMP configuration:
2026-05-15T01:51:30.298033+00:00 loadgen-70fm kernel: .... node  #0, CPUs:        #1  #2  #3  #4  #5  #6  #7  #8  #9 #10 #11 #12 #13 #14 #15 #16 #17 #18 #19 #20 #21 #22 #23
2026-05-15T01:51:30.298034+00:00 loadgen-70fm kernel: MDS CPU bug present and SMT on, data leak possible. See https://www.kernel.org/doc/html/latest/admin-guide/hw-vuln/mds.html for more details.
2026-05-15T01:51:30.298031+00:00 loadgen-70fm systemd[1]: Started systemd-udevd.service - Rule-based Manager for Device Events and Files.
2026-05-15T01:51:30.298037+00:00 loadgen-70fm kernel: MMIO Stale Data CPU bug present and SMT on, data leak possible. See https://www.kernel.org/doc/html/latest/admin-guide/hw-vuln/processor_mmio_stale_data.html for more details.
2026-05-15T01:51:30.298038+00:00 loadgen-70fm kernel: smp: Brought up 1 node, 24 CPUs
2026-05-15T01:51:30.298038+00:00 loadgen-70fm kernel: smpboot: Total of 24 processors activated (110399.90 BogoMIPS)
