2026-05-14 18:54:35,516 DEBUG    root            Loaded Command Group: ['gcloud', 'compute']
2026-05-14 18:54:35,517 DEBUG    root            Loaded Command Group: ['gcloud', 'compute', 'instances']
2026-05-14 18:54:35,519 DEBUG    root            Loaded Command Group: ['gcloud', 'compute', 'instances', 'get_serial_port_output']
2026-05-14 18:54:35,520 DEBUG    root            Running [gcloud.compute.instances.get-serial-port-output] with arguments: [--project: "env-integration-fenway", --zone: "us-central1-b", INSTANCE_NAME: "loadgen-l2d1"]
2026-05-14 18:54:35,521 DEBUG    root            On GCE from memory cache: False
2026-05-14 18:54:35,522 DEBUG    root            On GCE from memory cache: False
2026-05-14 18:54:35,624 DEBUG    urllib3.connectionpool Starting new HTTPS connection (1): compute.googleapis.com:443
2026-05-14 18:54:36,151 DEBUG    urllib3.connectionpool https://compute.googleapis.com:443 "GET /compute/v1/projects/env-integration-fenway/zones/us-central1-b/instances/loadgen-l2d1/serialPort?alt=json&port=1 HTTP/1.1" 200 None
2026-05-14 18:54:36,212 DEBUG    root            Chosen display Format:value[no-quote](contents)
2026-05-14 18:54:36,213 INFO     root            Display format: "value[no-quote](contents)"
2026-05-14 18:54:36,233 INFO     ___FILE_ONLY___ [2J[01;01H[=3h[2J[01;01H[2J[01;01H[=3h[2J[01;01HCSM BBS Table full.
BdsDxe: loading Boot0003 "Ubuntu" from PciRoot(0x0)/Pci(0x3,0x0)/Scsi(0x1,0x0)/HD(15,GPT,C848D457-4750-4825-A2CD-4EBFB870DC53,0x2800,0x35000)/\EFI\ubuntu\shimx64.efi
BdsDxe: starting Boot0003 "Ubuntu" from PciRoot(0x0)/Pci(0x3,0x0)/Scsi(0x1,0x0)/HD(15,GPT,C848D457-4750-4825-A2CD-4EBFB870DC53,0x2800,0x35000)/\EFI\ubuntu\shimx64.efi

UEFI: Attempting to start image.
Description: Ubuntu
FilePath: PciRoot(0x0)/Pci(0x3,0x0)/Scsi(0x1,0x0)/HD(15,GPT,C848D457-4750-4825-A2CD-4EBFB870DC53,0x2800,0x35000)/\EFI\ubuntu\shimx64.efi
OptionNumber: 3.

[H[J[1;1HGRUB_FORCE_PARTUUID set, attempting initrdless boot.
[    0.000000] Linux version 6.17.0-1013-gcp (buildd@lcy02-amd64-034) (x86_64-linux-gnu-gcc-13 (Ubuntu 13.3.0-6ubuntu2~24.04.1) 13.3.0, GNU ld (GNU Binutils for Ubuntu) 2.42) #13~24.04.1-Ubuntu SMP Thu Apr 16 02:10:24 UTC 2026 (Ubuntu 6.17.0-1013.13~24.04.1-gcp 6.17.13)
[    0.000000] Command line: BOOT_IMAGE=/vmlinuz-6.17.0-1013-gcp root=PARTUUID=6624332c-1f00-4e51-a0bf-94661fe17234 ro console=ttyS0,115200 panic=-1
[    0.000000] KERNEL supported cpus:
[    0.000000]   Intel GenuineIntel
[    0.000000]   AMD AuthenticAMD
[    0.000000]   Hygon HygonGenuine
[    0.000000]   Centaur CentaurHauls
[    0.000000]   zhaoxin   Shanghai  
[    0.000000] x86/CPU: Model not found in latest microcode list
[    0.000000] BIOS-provided physical RAM map:
[    0.000000] BIOS-e820: [mem 0x0000000000000000-0x0000000000000fff] reserved
[    0.000000] BIOS-e820: [mem 0x0000000000001000-0x0000000000054fff] usable
[    0.000000] BIOS-e820: [mem 0x0000000000055000-0x000000000005ffff] reserved
[    0.000000] BIOS-e820: [mem 0x0000000000060000-0x0000000000097fff] usable
[    0.000000] BIOS-e820: [mem 0x0000000000098000-0x000000000009ffff] reserved
[    0.000000] BIOS-e820: [mem 0x0000000000100000-0x00000000bd254fff] usable
[    0.000000] BIOS-e820: [mem 0x00000000bd255000-0x00000000bd25ffff] ACPI data
[    0.000000] BIOS-e820: [mem 0x00000000bd260000-0x00000000bf8ecfff] usable
[    0.000000] BIOS-e820: [mem 0x00000000bf8ed000-0x00000000bfb6cfff] reserved
[    0.000000] BIOS-e820: [mem 0x00000000bfb6d000-0x00000000bfb7efff] ACPI data
[    0.000000] BIOS-e820: [mem 0x00000000bfb7f000-0x00000000bfbfefff] ACPI NVS
[    0.000000] BIOS-e820: [mem 0x00000000bfbff000-0x00000000bffdffff] usable
[    0.000000] BIOS-e820: [mem 0x00000000bffe0000-0x00000000bfffffff] reserved
[    0.000000] BIOS-e820: [mem 0x0000000100000000-0x000000103fffffff] usable
[    0.000000] NX (Execute Disable) protection: active
[    0.000000] APIC: Static calls initialized
[    0.000000] efi: EFI v2.7 by EDK II
[    0.000000] efi: TPMFinalLog=0xbfbf7000 ACPI=0xbfb7e000 ACPI 2.0=0xbfb7e014 SMBIOS=0xbf9ca000 MEMATTR=0xbd260018 MOKvar=0xbf9c8000 RNG=0xbfb72018 TPMEventLog=0xbd255018 
[    0.000000] random: crng init done
[    0.000000] SMBIOS 2.4 present.
[    0.000000] DMI: Google Google Compute Engine/Google Compute Engine, BIOS Google 04/21/2026
[    0.000000] DMI: Memory slots populated: 4/4
[    0.000000] secureboot: Secure boot disabled
[    0.000000] Hypervisor detected: KVM
[    0.000000] last_pfn = 0xbffe0 max_arch_pfn = 0x400000000
[    0.000000] kvm-clock: Using msrs 4b564d01 and 4b564d00
[    0.000001] kvm-clock: using sched offset of 15149511934 cycles
[    0.000003] clocksource: kvm-clock: mask: 0xffffffffffffffff max_cycles: 0x1cd42e4dffb, max_idle_ns: 881590591483 ns
[    0.000007] tsc: Detected 2299.998 MHz processor
[    0.000091] last_pfn = 0x1040000 max_arch_pfn = 0x400000000
[    0.000129] MTRR map: 3 entries (2 fixed + 1 variable; max 18), built from 8 variable MTRRs
[    0.000133] x86/PAT: Configuration [0-7]: WB  WC  UC- UC  WB  WP  UC- WT  
[    0.000179] last_pfn = 0xbffe0 max_arch_pfn = 0x400000000
[    0.016816] Using GB pages for direct mapping
[    0.017327] secureboot: Secure boot disabled
[    0.017329] ACPI: Early table checksum verification disabled
[    0.017334] ACPI: RSDP 0x00000000BFB7E014 000024 (v02 Google)
[    0.017339] ACPI: XSDT 0x00000000BFB7D0E8 00005C (v01 Google GOOGFACP 00000001      01000013)
[    0.017347] ACPI: FACP 0x00000000BFB78000 0000F4 (v02 Google GOOGFACP 00000001 GOOG 00000001)
[    0.017355] ACPI: DSDT 0x00000000BFB79000 001A64 (v01 Google GOOGDSDT 00000001 GOOG 00000001)
[    0.017361] ACPI: FACS 0x00000000BFBF1000 000040
[    0.017365] ACPI: SSDT 0x00000000BFB7C000 000316 (v02 GOOGLE Tpm2Tabl 00001000 INTL 20250807)
[    0.017370] ACPI: TPM2 0x00000000BFB7B000 000034 (v04 GOOGLE          00000001 GOOG 00000001)
[    0.017375] ACPI: SRAT 0x00000000BFB77000 000228 (v03 Google GOOGSRAT 00000001 GOOG 00000001)
[    0.017380] ACPI: APIC 0x00000000BFB76000 000126 (v05 Google GOOGAPIC 00000001 GOOG 00000001)
[    0.017385] ACPI: SSDT 0x00000000BFB74000 0011D6 (v01 Google GOOGSSDT 00000001 GOOG 00000001)
[    0.017390] ACPI: WAET 0x00000000BFB73000 000028 (v01 Google GOOGWAET 00000001 GOOG 00000001)
[    0.017393] ACPI: Reserving FACP table memory at [mem 0xbfb78000-0xbfb780f3]
[    0.017395] ACPI: Reserving DSDT table memory at [mem 0xbfb79000-0xbfb7aa63]
[    0.017396] ACPI: Reserving FACS table memory at [mem 0xbfbf1000-0xbfbf103f]
[    0.017397] ACPI: Reserving SSDT table memory at [mem 0xbfb7c000-0xbfb7c315]
[    0.017398] ACPI: Reserving TPM2 table memory at [mem 0xbfb7b000-0xbfb7b033]
[    0.017399] ACPI: Reserving SRAT table memory at [mem 0xbfb77000-0xbfb77227]
[    0.017400] ACPI: Reserving APIC table memory at [mem 0xbfb76000-0xbfb76125]
[    0.017401] ACPI: Reserving SSDT table memory at [mem 0xbfb74000-0xbfb751d5]
[    0.017402] ACPI: Reserving WAET table memory at [mem 0xbfb73000-0xbfb73027]
[    0.017556] ACPI: SRAT: Node 0 PXM 0 [mem 0x00000000-0x0009ffff]
[    0.017560] ACPI: SRAT: Node 0 PXM 0 [mem 0x00100000-0xbfffffff]
[    0.017563] ACPI: SRAT: Node 0 PXM 0 [mem 0x100000000-0x103fffffff]
[    0.017572] NUMA: Node 0 [mem 0x00001000-0x0009ffff] + [mem 0x00100000-0xbfffffff] -> [mem 0x00001000-0xbfffffff]
[    0.017576] NUMA: Node 0 [mem 0x00001000-0xbfffffff] + [mem 0x100000000-0x103fffffff] -> [mem 0x00001000-0x103fffffff]
[    0.017606] NODE_DATA(0) allocated [mem 0x103ffd52c0-0x103fffffff]
[    0.017863] Zone ranges:
[    0.017863]   DMA      [mem 0x0000000000001000-0x0000000000ffffff]
[    0.017866]   DMA32    [mem 0x0000000001000000-0x00000000ffffffff]
[    0.017867]   Normal   [mem 0x0000000100000000-0x000000103fffffff]
[    0.017869]   Device   empty
[    0.017870] Movable zone start for each node
[    0.017873] Early memory node ranges
[    0.017873]   node   0: [mem 0x0000000000001000-0x0000000000054fff]
[    0.017875]   node   0: [mem 0x0000000000060000-0x0000000000097fff]
[    0.017876]   node   0: [mem 0x0000000000100000-0x00000000bd254fff]
[    0.017877]   node   0: [mem 0x00000000bd260000-0x00000000bf8ecfff]
[    0.017878]   node   0: [mem 0x00000000bfbff000-0x00000000bffdffff]
[    0.017879]   node   0: [mem 0x0000000100000000-0x000000103fffffff]
[    0.017885] Initmem setup node 0 [mem 0x0000000000001000-0x000000103fffffff]
[    0.017957] On node 0, zone DMA: 1 pages in unavailable ranges
[    0.017959] On node 0, zone DMA: 11 pages in unavailable ranges
[    0.017987] On node 0, zone DMA: 104 pages in unavailable ranges
[    0.023375] On node 0, zone DMA32: 11 pages in unavailable ranges
[    0.023395] On node 0, zone DMA32: 786 pages in unavailable ranges
[    0.130954] On node 0, zone Normal: 32 pages in unavailable ranges
[    0.131654] ACPI: PM-Timer IO Port: 0xb008
[    0.131680] ACPI: LAPIC_NMI (acpi_id[0xff] dfl dfl lint[0x1])
[    0.131770] IOAPIC[0]: apic_id 0, version 17, address 0xfec00000, GSI 0-23
[    0.131775] ACPI: INT_SRC_OVR (bus 0 bus_irq 5 global_irq 5 high level)
[    0.131777] ACPI: INT_SRC_OVR (bus 0 bus_irq 9 global_irq 9 high level)
[    0.131779] ACPI: INT_SRC_OVR (bus 0 bus_irq 10 global_irq 10 high level)
[    0.131780] ACPI: INT_SRC_OVR (bus 0 bus_irq 11 global_irq 11 high level)
[    0.131787] ACPI: Using ACPI (MADT) for SMP configuration information
[    0.131794] CPU topo: Max. logical packages:   1
[    0.131795] CPU topo: Max. logical dies:       1
[    0.131796] CPU topo: Max. dies per package:   1
[    0.131801] CPU topo: Max. threads per core:   2
[    0.131802] CPU topo: Num. cores per package:    12
[    0.131803] CPU topo: Num. threads per package:  24
[    0.131803] CPU topo: Allowing 24 present CPUs plus 0 hotplug CPUs
[    0.131832] PM: hibernation: Registered nosave memory: [mem 0x00000000-0x00000fff]
[    0.131835] PM: hibernation: Registered nosave memory: [mem 0x00055000-0x0005ffff]
[    0.131836] PM: hibernation: Registered nosave memory: [mem 0x00098000-0x000fffff]
[    0.131838] PM: hibernation: Registered nosave memory: [mem 0xbd255000-0xbd25ffff]
[    0.131840] PM: hibernation: Registered nosave memory: [mem 0xbf8ed000-0xbfbfefff]
[    0.131842] PM: hibernation: Registered nosave memory: [mem 0xbffe0000-0xffffffff]
[    0.131844] [mem 0xc0000000-0xffffffff] available for PCI devices
[    0.131846] Booting paravirtualized kernel on KVM
[    0.131848] clocksource: refined-jiffies: mask: 0xffffffff max_cycles: 0xffffffff, max_idle_ns: 1910969940391419 ns
[    0.131858] setup_percpu: NR_CPUS:8192 nr_cpumask_bits:24 nr_cpu_ids:24 nr_node_ids:1
[    0.133649] percpu: Embedded 84 pages/cpu s221184 r8192 d114688 u524288
[    0.133709] kvm-guest: PV spinlocks enabled
[    0.133712] PV qspinlock hash table entries: 256 (order: 0, 4096 bytes, linear)
[    0.133716] Kernel command line: BOOT_IMAGE=/vmlinuz-6.17.0-1013-gcp root=PARTUUID=6624332c-1f00-4e51-a0bf-94661fe17234 ro console=ttyS0,115200 panic=-1
[    0.133784] printk: log buffer data + meta data: 262144 + 917504 = 1179648 bytes
[    0.140458] Dentry cache hash table entries: 8388608 (order: 14, 67108864 bytes, linear)
[    0.143679] Inode-cache hash table entries: 4194304 (order: 13, 33554432 bytes, linear)
[    0.144300] software IO TLB: area num 32.
[    0.156775] Fallback order for Node 0: 0 
[    0.156780] Built 1 zonelists, mobility grouping on.  Total pages: 16776271
[    0.156781] Policy zone: Normal
[    0.156790] mem auto-init: stack:all(zero), heap alloc:on, heap free:off
[    0.307638] SLUB: HWalign=64, Order=0-3, MinObjects=0, CPUs=24, Nodes=1
[    0.307701] Kernel/User page tables isolation: enabled
[    0.320077] ftrace: allocating 61994 entries in 244 pages
[    0.320080] ftrace: allocated 244 pages with 5 groups
[    0.320443] rcu: Hierarchical RCU implementation.
[    0.320444] rcu: 	RCU restricting CPUs from NR_CPUS=8192 to nr_cpu_ids=24.
[    0.320446] 	Rude variant of Tasks RCU enabled.
[    0.320446] 	Tracing variant of Tasks RCU enabled.
[    0.320447] rcu: RCU calculated value of scheduler-enlistment delay is 100 jiffies.
[    0.320448] rcu: Adjusting geometry for rcu_fanout_leaf=16, nr_cpu_ids=24
[    0.320476] RCU Tasks Rude: Setting shift to 5 and lim to 1 rcu_task_cb_adjust=1 rcu_task_cpu_ids=24.
[    0.320480] RCU Tasks Trace: Setting shift to 5 and lim to 1 rcu_task_cb_adjust=1 rcu_task_cpu_ids=24.
[    0.324401] NR_IRQS: 524544, nr_irqs: 616, preallocated irqs: 16
[    0.324744] rcu: srcu_init: Setting srcu_struct sizes based on contention.
[    0.324884] Console: colour dummy device 80x25
[    0.324947] printk: legacy console [ttyS0] enabled
[    0.639890] ACPI: Core revision 20250404
[    0.641498] APIC: Switch to symmetric I/O mode setup
[    0.644110] x2apic enabled
[    0.648668] APIC: Switched APIC routing to: physical x2apic
[    0.656241] ..TIMER: vector=0x30 apic1=0 pin1=0 apic2=-1 pin2=-1
[    0.658620] clocksource: tsc-early: mask: 0xffffffffffffffff max_cycles: 0x212733415c7, max_idle_ns: 440795236380 ns
[    0.662076] Calibrating delay loop (skipped) preset value.. 4599.99 BogoMIPS (lpj=2299998)
[    0.664238] Last level iTLB entries: 4KB 1024, 2MB 1024, 4MB 1024
[    0.665073] Last level dTLB entries: 4KB 1024, 2MB 1024, 4MB 1024, 1GB 4
[    0.666095] mitigations: Enabled attack vectors: user_kernel, user_user, guest_host, guest_guest, SMT mitigations: auto
[    0.667076] Speculative Store Bypass: Mitigation: Speculative Store Bypass disabled via prctl
[    0.668074] Spectre V2 : Mitigation: IBRS
[    0.669073] RETBleed: Mitigation: IBRS
[    0.670073] ITS: Mitigation: Aligned branch/return thunks
[    0.671073] Spectre V2 : User space: Mitigation: STIBP via prctl
[    0.672073] MDS: Mitigation: Clear CPU buffers
[    0.673073] MMIO Stale Data: Vulnerable: Clear CPU buffers attempted, no microcode
[    0.674073] Spectre V1 : Mitigation: usercopy/swapgs barriers and __user pointer sanitization
[    0.675075] Spectre V2 : Spectre v2 / SpectreRSB: Filling RSB on context switch and VMEXIT
[    0.676075] Spectre V2 : mitigation: Enabling conditional Indirect Branch Prediction Barrier
[    0.677079] active return thunk: its_return_thunk
[    0.678073] Spectre V2 : Spectre BHI mitigation: SW BHB clearing on syscall and VM exit
[    0.679090] x86/fpu: Supporting XSAVE feature 0x001: 'x87 floating point registers'
[    0.680074] x86/fpu: Supporting XSAVE feature 0x002: 'SSE registers'
[    0.681073] x86/fpu: Supporting XSAVE feature 0x004: 'AVX registers'
[    0.682074] x86/fpu: xstate_offset[2]:  576, xstate_sizes[2]:  256
[    0.683073] x86/fpu: Enabled xstate features 0x7, context size is 832 bytes, using 'standard' format.
[    0.742928] Freeing SMP alternatives memory: 52K
[    0.743079] pid_max: default: 32768 minimum: 301
[    0.744159] LSM: initializing lsm=lockdown,capability,landlock,yama,apparmor,ima,evm
[    0.745088] landlock: Up and running.
[    0.746073] Yama: becoming mindful.
[    0.747137] AppArmor: AppArmor initialized
[    0.748326] Mount-cache hash table entries: 131072 (order: 8, 1048576 bytes, linear)
[    0.749249] Mountpoint-cache hash table entries: 131072 (order: 8, 1048576 bytes, linear)
[    0.853466] smpboot: CPU0: Intel(R) Xeon(R) CPU @ 2.30GHz (family: 0x6, model: 0x3f, stepping: 0x0)
[    0.854373] Performance Events: unsupported CPU family 6 model 63 no PMU driver, software events only.
[    0.855152] signal: max sigframe size: 1776
[    0.856120] rcu: Hierarchical SRCU implementation.
[    0.857074] rcu: 	Max phase no-delay instances is 400.
[    0.858167] Timer migration: 2 hierarchy levels; 8 children per group; 2 crossnode level
[    0.860989] NMI watchdog: Perf NMI watchdog permanently disabled
[    0.861399] smp: Bringing up secondary CPUs ...
[    0.862258] smpboot: x86: Booting SMP configuration:
[    0.863077] .... node  #0, CPUs:        #1  #2  #3  #4  #5  #6  #7  #8  #9 #10 #11 #12 #13 #14 #15 #16 #17 #18 #19 #20 #21 #22 #23
[    0.875237] MDS CPU bug present and SMT on, data leak possible. See https://www.kernel.org/doc/html/latest/admin-guide/hw-vuln/mds.html for more details.
[    0.877074] MMIO Stale Data CPU bug present and SMT on, data leak possible. See https://www.kernel.org/doc/html/latest/admin-guide/hw-vuln/processor_mmio_stale_data.html for more details.
[    0.883225] smp: Brought up 1 node, 24 CPUs
[    0.884078] smpboot: Total of 24 processors activated (110399.90 BogoMIPS)
[    0.886377] Memory: 65803288K/67105084K available (22206K kernel code, 4673K rwdata, 15608K rodata, 5404K init, 6100K bss, 1277600K reserved, 0K cma-reserved)
[    0.890146] devtmpfs: initialized
[    0.891158] x86/mm: Memory block size: 1024MB
[    0.894742] ACPI: PM: Registering ACPI NVS region [mem 0xbfb7f000-0xbfbfefff] (524288 bytes)
[    0.895244] clocksource: jiffies: mask: 0xffffffff max_cycles: 0xffffffff, max_idle_ns: 1911260446275000 ns
[    0.896128] posixtimers hash table entries: 16384 (order: 6, 262144 bytes, linear)
[    0.898153] futex hash table entries: 8192 (524288 bytes on 1 NUMA nodes, total 512 KiB, linear).
[    0.899237] pinctrl core: initialized pinctrl subsystem
[    0.900372] PM: RTC time: 01:51:13, date: 2026-05-15
[    0.902542] NET: Registered PF_NETLINK/PF_ROUTE protocol family
[    0.904640] DMA: preallocated 4096 KiB GFP_KERNEL pool for atomic allocations
[    0.906794] DMA: preallocated 4096 KiB GFP_KERNEL|GFP_DMA pool for atomic allocations
[    0.908327] DMA: preallocated 4096 KiB GFP_KERNEL|GFP_DMA32 pool for atomic allocations
[    0.909087] audit: initializing netlink subsys (disabled)
[    0.911092] audit: type=2000 audit(1778809873.565:1): state=initialized audit_enabled=0 res=1
[    0.911285] thermal_sys: Registered thermal governor 'fair_share'
[    0.913076] thermal_sys: Registered thermal governor 'bang_bang'
[    0.914074] thermal_sys: Registered thermal governor 'step_wise'
[    0.915074] thermal_sys: Registered thermal governor 'user_space'
[    0.916074] thermal_sys: Registered thermal governor 'power_allocator'
[    0.917090] cpuidle: using governor ladder
[    0.919081] cpuidle: using governor menu
[    0.920149] acpiphp: ACPI Hot Plug PCI Controller Driver version: 0.5
[    0.921366] PCI: Using configuration type 1 for base access
[    0.922192] kprobes: kprobe jump-optimization is enabled. All kprobes are optimized if possible.
[    0.924255] HugeTLB: registered 1.00 GiB page size, pre-allocated 0 pages
[    0.925075] HugeTLB: 16380 KiB vmemmap can be freed for a 1.00 GiB page
[    0.926076] HugeTLB: registered 2.00 MiB page size, pre-allocated 0 pages
[    0.927074] HugeTLB: 28 KiB vmemmap can be freed for a 2.00 MiB page
[    0.931827] ACPI: Added _OSI(Module Device)
[    0.932075] ACPI: Added _OSI(Processor Device)
[    0.933075] ACPI: Added _OSI(Processor Aggregator Device)
[    0.938043] ACPI: 3 ACPI AML tables successfully acquired and loaded
[    0.941774] ACPI: Interpreter enabled
[    0.942096] ACPI: PM: (supports S0 S3 S4 S5)
[    0.943075] ACPI: Using IOAPIC for interrupt routing
[    0.944418] PCI: Using host bridge windows from ACPI; if necessary, use "pci=nocrs" and report a bug
[    0.945074] PCI: Ignoring E820 reservations for host bridge windows
[    0.946439] ACPI: Enabled 16 GPEs in block 00 to 0F
[    0.954266] ACPI: PCI Root Bridge [PCI0] (domain 0000 [bus 00-ff])
[    0.955080] acpi PNP0A03:00: _OSC: OS supports [ASPM ClockPM Segments MSI EDR HPX-Type3]
[    0.956075] acpi PNP0A03:00: _OSC: not requesting OS control; OS requires [ExtendedConfig ASPM ClockPM MSI]
[    0.957088] acpi PNP0A03:00: fail to add MMCONFIG information, can't access extended configuration space under this bridge
[    0.959482] PCI host bridge to bus 0000:00
[    0.960080] pci_bus 0000:00: root bus resource [io  0x0000-0x0cf7 window]
[    0.961075] pci_bus 0000:00: root bus resource [io  0x0d00-0xffff window]
[    0.962075] pci_bus 0000:00: root bus resource [mem 0x000a0000-0x000bffff window]
[    0.963074] pci_bus 0000:00: root bus resource [mem 0xc0000000-0xc53fffff window]
[    0.964075] pci_bus 0000:00: root bus resource [mem 0xc5440000-0xee3fffff window]
[    0.965074] pci_bus 0000:00: root bus resource [mem 0xee440000-0xfebfefff window]
[    0.966075] pci_bus 0000:00: root bus resource [mem 0x1040000000-0x2103fffffff window]
[    0.967075] pci_bus 0000:00: root bus resource [bus 00-ff]
[    0.968150] pci 0000:00:00.0: [8086:1237] type 00 class 0x060000 conventional PCI endpoint
[    0.972230] pci 0000:00:01.0: [8086:7110] type 00 class 0x060100 conventional PCI endpoint
[    0.979515] pci 0000:00:01.3: [8086:7113] type 00 class 0x068000 conventional PCI endpoint
[    0.985234] pci 0000:00:01.3: quirk: [io  0xb000-0xb03f] claimed by PIIX4 ACPI
[    0.987782] pci 0000:00:03.0: [1af4:1004] type 00 class 0x000000 conventional PCI endpoint
[    0.998101] pci 0000:00:03.0: BAR 0 [io  0xc040-0xc07f]
[    0.999090] pci 0000:00:03.0: BAR 1 [mem 0xc1001000-0xc100107f]
[    1.001578] pci 0000:00:04.0: [10de:1eb8] type 00 class 0x030200 conventional PCI endpoint
[    1.016105] pci 0000:00:04.0: BAR 0 [mem 0xc0000000-0xc0ffffff]
[    1.017102] pci 0000:00:04.0: BAR 1 [mem 0x1040000000-0x104fffffff 64bit pref]
[    1.018101] pci 0000:00:04.0: BAR 3 [mem 0x1050000000-0x1051ffffff 64bit pref]
[    1.020340] pci 0000:00:05.0: [1af4:1000] type 00 class 0x020000 conventional PCI endpoint
[    1.030105] pci 0000:00:05.0: BAR 0 [io  0xc000-0xc03f]
[    1.031089] pci 0000:00:05.0: BAR 1 [mem 0xc1000000-0xc10003ff]
[    1.032757] pci 0000:00:06.0: [1af4:1005] type 00 class 0x00ff00 conventional PCI endpoint
[    1.042102] pci 0000:00:06.0: BAR 0 [io  0xc080-0xc09f]
[    1.043090] pci 0000:00:06.0: BAR 1 [mem 0xc1002000-0xc100203f]
[    1.057096] ACPI: PCI: Interrupt link LNKA configured for IRQ 10
[    1.059223] ACPI: PCI: Interrupt link LNKB configured for IRQ 10
[    1.061242] ACPI: PCI: Interrupt link LNKC configured for IRQ 11
[    1.063215] ACPI: PCI: Interrupt link LNKD configured for IRQ 11
[    1.065118] ACPI: PCI: Interrupt link LNKS configured for IRQ 9
[    1.070662] iommu: Default domain type: Translated
[    1.071075] iommu: DMA domain TLB invalidation policy: lazy mode
[    1.073319] SCSI subsystem initialized
[    1.074131] ACPI: bus type USB registered
[    1.075099] usbcore: registered new interface driver usbfs
[    1.076084] usbcore: registered new interface driver hub
[    1.077093] usbcore: registered new device driver usb
[    1.078124] pps_core: LinuxPPS API ver. 1 registered
[    1.079074] pps_core: Software ver. 5.3.6 - Copyright 2005-2007 Rodolfo Giometti <giometti@linux.it>
[    1.080079] PTP clock support registered
[    1.082090] EDAC MC: Ver: 3.0.0
[    1.083332] efivars: Registered efivars operations
[    1.085295] NetLabel: Initializing
[    1.086077] NetLabel:  domain hash size = 128
[    1.087075] NetLabel:  protocols = UNLABELED CIPSOv4 CALIPSO
[    1.088106] NetLabel:  unlabeled traffic allowed by default
[    1.089118] mctp: management component transport protocol core
[    1.090075] NET: Registered PF_MCTP protocol family
[    1.091092] PCI: Using ACPI for IRQ routing
[    1.092338] vgaarb: loaded
[    1.093347] clocksource: Switched to clocksource kvm-clock
[    1.095589] VFS: Disk quotas dquot_6.6.0
[    1.096948] VFS: Dquot-cache hash table entries: 512 (order 0, 4096 bytes)
[    1.100240] AppArmor: AppArmor Filesystem Enabled
[    1.101745] pnp: PnP ACPI init
[    1.103844] pnp: PnP ACPI: found 7 devices
[    1.112374] clocksource: acpi_pm: mask: 0xffffff max_cycles: 0xffffff, max_idle_ns: 2085701024 ns
[    1.115344] NET: Registered PF_INET protocol family
[    1.117247] IP idents hash table entries: 262144 (order: 9, 2097152 bytes, linear)
[    1.140947] tcp_listen_portaddr_hash hash table entries: 32768 (order: 7, 524288 bytes, linear)
[    1.144123] Table-perturb hash table entries: 65536 (order: 6, 262144 bytes, linear)
[    1.147649] TCP established hash table entries: 524288 (order: 10, 4194304 bytes, linear)
[    1.151361] TCP bind hash table entries: 65536 (order: 9, 2097152 bytes, linear)
[    1.154372] TCP: Hash tables configured (established 524288 bind 65536)
[    1.157191] MPTCP token hash table entries: 65536 (order: 9, 1572864 bytes, linear)
[    1.160295] UDP hash table entries: 32768 (order: 9, 2097152 bytes, linear)
[    1.163316] UDP-Lite hash table entries: 32768 (order: 9, 2097152 bytes, linear)
[    1.165716] NET: Registered PF_UNIX/PF_LOCAL protocol family
[    1.167572] NET: Registered PF_XDP protocol family
[    1.169218] pci_bus 0000:00: resource 4 [io  0x0000-0x0cf7 window]
[    1.171376] pci_bus 0000:00: resource 5 [io  0x0d00-0xffff window]
[    1.173713] pci_bus 0000:00: resource 6 [mem 0x000a0000-0x000bffff window]
[    1.176090] pci_bus 0000:00: resource 7 [mem 0xc0000000-0xc53fffff window]
[    1.178284] pci_bus 0000:00: resource 8 [mem 0xc5440000-0xee3fffff window]
[    1.180950] pci_bus 0000:00: resource 9 [mem 0xee440000-0xfebfefff window]
[    1.183390] pci_bus 0000:00: resource 10 [mem 0x1040000000-0x2103fffffff window]
[    1.186022] pci 0000:00:00.0: Limiting direct PCI/PCI transfers
[    1.188570] PCI: CLS 0 bytes, default 64
[    1.190213] PCI-DMA: Using software bounce buffering for IO (SWIOTLB)
[    1.192483] software IO TLB: mapped [mem 0x00000000b7f7f000-0x00000000bbf7f000] (64MB)
[    1.195551] clocksource: tsc: mask: 0xffffffffffffffff max_cycles: 0x212733415c7, max_idle_ns: 440795236380 ns
[    1.199150] clocksource: Switched to clocksource tsc
[    1.219232] Initialise system trusted keyrings
[    1.221254] Key type blacklist registered
[    1.223085] workingset: timestamp_bits=36 max_order=24 bucket_order=0
[    1.225798] squashfs: version 4.0 (2009/01/31) Phillip Lougher
[    1.228535] fuse: init (API version 7.44)
[    1.230382] integrity: Platform Keyring initialized
[    1.232152] integrity: Machine keyring initialized
[    1.246801] Key type asymmetric registered
[    1.248445] Asymmetric key parser 'x509' registered
[    1.250290] Block layer SCSI generic (bsg) driver version 0.4 loaded (major 242)
[    1.252820] io scheduler mq-deadline registered
[    1.257105] ledtrig-cpu: registered to indicate activity on CPUs
[    1.259599] input: Power Button as /devices/LNXSYSTM:00/LNXPWRBN:00/input/input0
[    1.262049] ACPI: button: Power Button [PWRF]
[    1.263720] input: Sleep Button as /devices/LNXSYSTM:00/LNXSLPBN:00/input/input1
[    1.266569] ACPI: button: Sleep Button [SLPF]
[    1.276089] ACPI: \_SB_.LNKC: Enabled at IRQ 11
[    1.277699] virtio-pci 0000:00:03.0: virtio_pci: leaving for legacy driver
[    1.288644] ACPI: \_SB_.LNKA: Enabled at IRQ 10
[    1.290241] virtio-pci 0000:00:05.0: virtio_pci: leaving for legacy driver
[    1.301597] ACPI: \_SB_.LNKB: Enabled at IRQ 10
[    1.303352] virtio-pci 0000:00:06.0: virtio_pci: leaving for legacy driver
[    1.310786] Serial: 8250/16550 driver, 32 ports, IRQ sharing enabled
[    1.336378] 00:03: ttyS0 at I/O 0x3f8 (irq = 4, base_baud = 115200) is a 16550A
[    1.362912] 00:04: ttyS1 at I/O 0x2f8 (irq = 3, base_baud = 115200) is a 16550A
[    1.389071] 00:05: ttyS2 at I/O 0x3e8 (irq = 6, base_baud = 115200) is a 16550A
[    1.414998] 00:06: ttyS3 at I/O 0x2e8 (irq = 7, base_baud = 115200) is a 16550A
[    1.419599] Linux agpgart interface v0.103
[    1.422643] tpm_tis MSFT0101:00: 2.0 TPM (device-id 0x9009, rev-id 0)
[    1.441871] loop: module loaded
[    1.446508] virtio_scsi virtio0: 1/0/0 default/read/poll queues
[    1.466687] scsi host0: Virtio SCSI HBA
[    1.468125] blk-mq: reduced tag depth to 10240
[    1.475228] Key type psk registered
[    1.475729] scsi 0:0:1:0: Direct-Access     Google   PersistentDisk   1    PQ: 0 ANSI: 6
[    1.477972] ACPI: bus type drm_connector registered
[    1.481766] tun: Universal TUN/TAP device driver, 1.6
[    1.608264] sd 0:0:1:0: Attached scsi generic sg0 type 0
[    1.611942] sd 0:0:1:0: [sda] 4194304000 512-byte logical blocks: (2.15 TB/1.95 TiB)
[    1.654913] sd 0:0:1:0: [sda] 4096-byte physical blocks
[    1.674677] sd 0:0:1:0: [sda] Write Protect is off
[    1.691526] sd 0:0:1:0: [sda] Write cache: enabled, read cache: enabled, doesn't support DPO or FUA
[    1.706422] PPP generic driver version 2.4.2
[    1.710785] i8042: PNP: PS/2 Controller [PNP0303:KBD,PNP0f13:MOU] at 0x60,0x64 irq 1,12
[    1.713881] i8042: Warning: Keylock active
[    1.717406] serio: i8042 KBD port at 0x60,0x64 irq 1
[    1.719080] serio: i8042 AUX port at 0x60,0x64 irq 12
[    1.721317] mousedev: PS/2 mouse device common for all mice
[    1.723535] rtc_cmos 00:00: RTC can wake from S4
[    1.726458] rtc_cmos 00:00: registered as rtc0
[    1.728199] rtc_cmos 00:00: setting system clock to 2026-05-15T01:51:14 UTC (1778809874)
[    1.728242] GPT:Primary header thinks Alt. header is not at the end of the disk.
[    1.730782] rtc_cmos 00:00: alarms up to one day, 114 bytes nvram
[    1.732947] GPT:104857599 != 4194303999
[    1.732949] GPT:Alternate GPT header not at the end of the disk.
[    1.734630] i2c_dev: i2c /dev entries driver
[    1.735692] GPT:104857599 != 4194303999
[    1.735694] GPT: Use GNU Parted to correct GPT errors.
[    1.735701]  sda: sda1 sda14 sda15 sda16
[    1.736020] sd 0:0:1:0: [sda] Attached SCSI disk
[    1.737557] device-mapper: core: CONFIG_IMA_DISABLE_HTABLE is disabled. Duplicate IMA measurements will not be recorded in the IMA log.
[    1.749101] device-mapper: uevent: version 1.0.3
[    1.750762] device-mapper: ioctl: 4.50.0-ioctl (2025-04-28) initialised: dm-devel@lists.linux.dev
[    1.753947] intel_pstate: CPU model not supported
[    1.755692] drop_monitor: Initializing network drop monitor service
[    1.758617] NET: Registered PF_INET6 protocol family
[    1.760980] Segment Routing with IPv6
[    1.762387] In-situ OAM (IOAM) with IPv6
[    1.764161] NET: Registered PF_PACKET protocol family
[    1.765678] Key type dns_resolver registered
[    1.771035] IPI shorthand broadcast: enabled
[    1.775083] sched_clock: Marking stable (1442004941, 332318645)->(2033853320, -259529734)
[    1.778052] registered taskstats version 1
[    1.781300] Loading compiled-in X.509 certificates
[    1.783814] Loaded X.509 cert 'Build time autogenerated kernel key: e45cb4cd1c398ae218369364b5dd9534d3664c1e'
[    1.787420] Loaded X.509 cert 'Canonical Ltd. Live Patch Signing 2025 Kmod: d541cef61dc7e793b7eb7e899970a2eef0b5dc8c'
[    1.791487] Loaded X.509 cert 'Canonical Ltd. Live Patch Signing: 14df34d1a87cf37625abec039ef2bf521249b969'
[    1.795421] Loaded X.509 cert 'Canonical Ltd. Kernel Module Signing: 88f752e560a1e0737e31163a466ad7b70a850c19'
[    1.798543] blacklist: Loading compiled-in revocation X.509 certificates
[    1.800686] Loaded X.509 cert 'Canonical Ltd. Secure Boot Signing: 61482aa2830d0ab2ad5af10b7250da9033ddcef0'
[    1.803654] Loaded X.509 cert 'Canonical Ltd. Secure Boot Signing (2017): 242ade75ac4a15e50d50c84b0d45ff3eae707a03'
[    1.806981] Loaded X.509 cert 'Canonical Ltd. Secure Boot Signing (ESM 2018): 365188c1d374d6b07c3c8f240f8ef722433d6a8b'
[    1.810138] Loaded X.509 cert 'Canonical Ltd. Secure Boot Signing (2019): c0746fd6c5da3ae827864651ad66ae47fe24b3e8'
[    1.813656] Loaded X.509 cert 'Canonical Ltd. Secure Boot Signing (2021 v1): a8d54bbb3825cfb94fa13c9f8a594a195c107b8d'
[    1.817071] Loaded X.509 cert 'Canonical Ltd. Secure Boot Signing (2021 v2): 4cf046892d6fd3c9a5b03f98d845f90851dc6a8c'
[    1.820647] Loaded X.509 cert 'Canonical Ltd. Secure Boot Signing (2021 v3): 100437bb6de6e469b581e61cd66bce3ef4ed53af'
[    1.824060] Loaded X.509 cert 'Canonical Ltd. Secure Boot Signing (Ubuntu Core 2019): c1d57b8f6b743f23ee41f4f7ee292f06eecadfb9'
[    1.833572] Demotion targets for Node 0: null
[    1.835161] Key type .fscrypt registered
[    1.836213] Key type fscrypt-provisioning registered
[    1.837739] Key type big_key registered
[    1.839269] Key type trusted registered
[    1.841828] Key type encrypted registered
[    1.843165] AppArmor: AppArmor sha256 policy hashing enabled
[    1.845557] integrity: Loading X.509 certificate: UEFI:db
[    1.847418] integrity: Loaded X.509 cert 'Microsoft Corporation UEFI CA 2011: 13adbf4309bd82709c8cd54f316ed522988a1bd4'
[    1.850803] integrity: Loading X.509 certificate: UEFI:db
[    1.852684] integrity: Loaded X.509 cert 'Microsoft Windows Production PCA 2011: a92902398e16c49778cd90f99e4f9ae17c55af53'
[    1.856529] integrity: Loading X.509 certificate: UEFI:db
[    1.858505] integrity: Loaded X.509 cert 'Microsoft Corporation: Windows UEFI CA 2023: aefc5fbbbe055d8f8daa585473499417ab5a5272'
[    1.862247] integrity: Loading X.509 certificate: UEFI:db
[    1.864156] integrity: Loaded X.509 cert 'Microsoft UEFI CA 2023: 81aa6b3244c935bce0d6628af39827421e32497d'
[    1.867595] integrity: Revoking X.509 certificate: UEFI:dbx
[    1.869261] blacklist: Revoked X.509 cert 'Canonical Ltd. Secure Boot Signing: 61482aa2830d0ab2ad5af10b7250da9033ddcef0'
[    1.872323] integrity: Revoking X.509 certificate: UEFI:dbx
[    1.874121] blacklist: Revoked X.509 cert 'Cisco: Virtual UEFI SubCA: 13df2e3f54ebf347dcaecebf21d3cbb2355a4c9a'
[    1.877916] integrity: Revoking X.509 certificate: UEFI:dbx
[    1.880131] blacklist: Revoked X.509 cert 'Debian Secure Boot Signer: 00a7468def'
[    1.883189] Loading compiled-in module X.509 certificates
[    1.885746] Loaded X.509 cert 'Build time autogenerated kernel key: e45cb4cd1c398ae218369364b5dd9534d3664c1e'
[    1.889053] ima: Allocated hash algorithm: sha256
[    1.926572] ima: No architecture policies found
[    1.928114] evm: Initialising EVM extended attributes:
[    1.929970] evm: security.selinux
[    1.931228] evm: security.SMACK64
[    1.932587] evm: security.SMACK64EXEC
[    1.933893] evm: security.SMACK64TRANSMUTE
[    1.935375] evm: security.SMACK64MMAP
[    1.936702] evm: security.apparmor
[    1.937906] evm: security.ima
[    1.939037] evm: security.capability
[    1.940309] evm: HMAC attrs: 0x1
[    1.941928] input: AT Translated Set 2 keyboard as /devices/platform/i8042/serio0/input/input2
[    1.942228] PM:   Magic number: 10:562:862
[    1.946880] processor cpu22: hash matches
[    1.950992] RAS: Correctable Errors collector initialized.
[    1.965705] clk: Disabling unused clocks
[    1.966884] PM: genpd: Disabling unused power domains
[    1.969215] check access for rdinit=/init failed: -2, ignoring
[    1.970075] md: Waiting for all devices to be available before autodetect
[    1.971138] md: If you don't use raid, use raid=noautodetect
[    1.972015] md: Autodetecting RAID arrays.
[    1.972643] md: autorun ...
[    1.973063] md: ... autorun DONE.
[    1.982430] EXT4-fs (sda1): mounted filesystem 89fcf612-67c3-434b-97ea-2cfdbfe01b5b ro with ordered data mode. Quota mode: none.
[    1.984372] VFS: Mounted root (ext4 filesystem) readonly on device 8:1.
[    1.998542] devtmpfs: mounted
[    2.001451] Freeing unused decrypted memory: 2028K
[    2.004058] Freeing unused kernel image (initmem) memory: 5404K
[    2.005281] Write protecting the kernel read-only data: 38912k
[    2.007016] Freeing unused kernel image (text/rodata gap) memory: 320K
[    2.008674] Freeing unused kernel image (rodata/data gap) memory: 776K
[    2.069432] x86/mm: Checked W+X mappings: passed, no W+X pages found.
[    2.070403] x86/mm: Checking user space page tables
[    2.127025] x86/mm: Checked W+X mappings: passed, no W+X pages found.
[    2.128053] Run /sbin/init as init process
[    2.403541] systemd[1]: Inserted module 'autofs4'
[    2.569098] systemd[1]: systemd 255.4-1ubuntu8.15 running in system mode (+PAM +AUDIT +SELINUX +APPARMOR +IMA +SMACK +SECCOMP +GCRYPT -GNUTLS +OPENSSL +ACL +BLKID +CURL +ELFUTILS +FIDO2 +IDN2 -IDN +IPTC +KMOD +LIBCRYPTSETUP +LIBFDISK +PCRE2 -PWQUALITY +P11KIT +QRENCODE +TPM2 +BZIP2 +LZ4 +XZ +ZLIB +ZSTD -BPF_FRAMEWORK -XKBCOMMON +UTMP +SYSVINIT default-hierarchy=unified)
[    2.573978] systemd[1]: Detected virtualization google.
[    2.574816] systemd[1]: Detected architecture x86-64.

Welcome to [1mUbuntu 24.04.4 LTS[0m!

[    2.579407] systemd[1]: No hostname configured, using default hostname.
[    2.580501] systemd[1]: Hostname set to <localhost>.
[    2.996840] systemd[1]: Queued start job for default target graphical.target.
[    3.024674] systemd[1]: Created slice system-modprobe.slice - Slice /system/modprobe.
[[0;32m  OK  [0m] Created slice [0;1;39msystem-modprobe.slice[0m - Slice /system/modprobe.
[    3.030509] systemd[1]: Created slice system-serial\x2dgetty.slice - Slice /system/serial-getty.
[[0;32m  OK  [0m] Created slice [0;1;39msystem-serial\x2dget…slice[0m - Slice /system/serial-getty.
[    3.035906] systemd[1]: Created slice system-systemd\x2dfsck.slice - Slice /system/systemd-fsck.
[[0;32m  OK  [0m] Created slice [0;1;39msystem-systemd\x2dfs…slice[0m - Slice /system/systemd-fsck.
[    3.040810] systemd[1]: Created slice user.slice - User and Session Slice.
[[0;32m  OK  [0m] Created slice [0;1;39muser.slice[0m - User and Session Slice.
[    3.045465] systemd[1]: Started systemd-ask-password-wall.path - Forward Password Requests to Wall Directory Watch.
[[0;32m  OK  [0m] Started [0;1;39msystemd-ask-password-wall.…[0md Requests to Wall Directory Watch.
[    3.050646] systemd[1]: Set up automount proc-sys-fs-binfmt_misc.automount - Arbitrary Executable File Formats File System Automount Point.
[[0;32m  OK  [0m] Set up automount [0;1;39mproc-sys-fs-binfm…[0mormats File System Automount Point.
[    3.056403] systemd[1]: Expecting device dev-disk-by\x2dlabel-BOOT.device - /dev/disk/by-label/BOOT...
         Expecting device [0;1;39mdev-disk-by\x2dla…device[0m - /dev/disk/by-label/BOOT...
[    3.061382] systemd[1]: Expecting device dev-disk-by\x2dlabel-UEFI.device - /dev/disk/by-label/UEFI...
         Expecting device [0;1;39mdev-disk-by\x2dla…device[0m - /dev/disk/by-label/UEFI...
[    3.066372] systemd[1]: Expecting device dev-ttyS0.device - /dev/ttyS0...
         Expecting device [0;1;39mdev-ttyS0.device[0m - /dev/ttyS0...
[    3.070388] systemd[1]: Reached target integritysetup.target - Local Integrity Protected Volumes.
[[0;32m  OK  [0m] Reached target [0;1;39mintegritysetup.targ…[0m Local Integrity Protected Volumes.
[    3.075510] systemd[1]: Reached target slices.target - Slice Units.
[[0;32m  OK  [0m] Reached target [0;1;39mslices.target[0m - Slice Units.
[    3.079394] systemd[1]: Reached target snapd.mounts-pre.target - Mounting snaps.
[[0;32m  OK  [0m] Reached target [0;1;39msnapd.mounts-pre.target[0m - Mounting snaps.
[    3.083395] systemd[1]: Reached target swap.target - Swaps.
[[0;32m  OK  [0m] Reached target [0;1;39mswap.target[0m - Swaps.
[    3.087393] systemd[1]: Reached target time-set.target - System Time Set.
[[0;32m  OK  [0m] Reached target [0;1;39mtime-set.target[0m - System Time Set.
[    3.091426] systemd[1]: Reached target veritysetup.target - Local Verity Protected Volumes.
[[0;32m  OK  [0m] Reached target [0;1;39mveritysetup.target[0m - Local Verity Protected Volumes.
[    3.096473] systemd[1]: Listening on dm-event.socket - Device-mapper event daemon FIFOs.
[[0;32m  OK  [0m] Listening on [0;1;39mdm-event.socket[0m - Device-mapper event daemon FIFOs.
[    3.101693] systemd[1]: Listening on lvm2-lvmpolld.socket - LVM2 poll daemon socket.
[[0;32m  OK  [0m] Listening on [0;1;39mlvm2-lvmpolld.socket[0m - LVM2 poll daemon socket.
[    3.106548] systemd[1]: Listening on multipathd.socket - multipathd control socket.
[[0;32m  OK  [0m] Listening on [0;1;39mmultipathd.socket[0m - multipathd control socket.
[    3.110566] systemd[1]: Listening on syslog.socket - Syslog Socket.
[[0;32m  OK  [0m] Listening on [0;1;39msyslog.socket[0m - Syslog Socket.
[    3.114552] systemd[1]: Listening on systemd-fsckd.socket - fsck to fsckd communication Socket.
[[0;32m  OK  [0m] Listening on [0;1;39msystemd-fsckd.socket[0m …fsck to fsckd communication Socket.
[    3.119473] systemd[1]: Listening on systemd-initctl.socket - initctl Compatibility Named Pipe.
[[0;32m  OK  [0m] Listening on [0;1;39msystemd-initctl.socke…[0m- initctl Compatibility Named Pipe.
[    3.124545] systemd[1]: Listening on systemd-journald-dev-log.socket - Journal Socket (/dev/log).
[[0;32m  OK  [0m] Listening on [0;1;39msystemd-journald-dev-…socket[0m - Journal Socket (/dev/log).
[    3.129543] systemd[1]: Listening on systemd-journald.socket - Journal Socket.
[[0;32m  OK  [0m] Listening on [0;1;39msystemd-journald.socket[0m - Journal Socket.
[    3.133627] systemd[1]: Listening on systemd-networkd.socket - Network Service Netlink Socket.
[[0;32m  OK  [0m] Listening on [0;1;39msystemd-networkd.socket[0m - Network Service Netlink Socket.
[    3.138414] systemd[1]: systemd-pcrextend.socket - TPM2 PCR Extension (Varlink) was skipped because of an unmet condition check (ConditionSecurity=measured-uki).
[    3.141004] systemd[1]: Listening on systemd-udevd-control.socket - udev Control Socket.
[[0;32m  OK  [0m] Listening on [0;1;39msystemd-udevd-control.socket[0m - udev Control Socket.
[    3.145513] systemd[1]: Listening on systemd-udevd-kernel.socket - udev Kernel Socket.
[[0;32m  OK  [0m] Listening on [0;1;39msystemd-udevd-kernel.socket[0m - udev Kernel Socket.
[    3.168443] systemd[1]: Mounting dev-hugepages.mount - Huge Pages File System...
         Mounting [0;1;39mdev-hugepages.mount[0m - Huge Pages File System...
[    3.173568] systemd[1]: Mounting dev-mqueue.mount - POSIX Message Queue File System...
         Mounting [0;1;39mdev-mqueue.mount[0m - POSIX Message Queue File System...
[    3.179681] systemd[1]: Mounting sys-kernel-debug.mount - Kernel Debug File System...
         Mounting [0;1;39msys-kernel-debug.mount[0m - Kernel Debug File System...
[    3.185573] systemd[1]: Mounting sys-kernel-tracing.mount - Kernel Trace File System...
         Mounting [0;1;39msys-kernel-tracing.mount[0m - Kernel Trace File System...
[    3.194532] systemd[1]: Starting systemd-journald.service - Journal Service...
         Starting [0;1;39msystemd-journald.service[0m - Journal Service...
[    3.200686] systemd[1]: Starting keyboard-setup.service - Set the console keyboard layout...
         Starting [0;1;39mkeyboard-setup.service[0m - Set the console keyboard layout...
[    3.206718] systemd[1]: Starting kmod-static-nodes.service - Create List of Static Device Nodes...
         Starting [0;1;39mkmod-static-nodes.service[0m…eate List of Static Device Nodes...
[    3.212555] systemd[1]: Starting lvm2-monitor.service - Monitoring of LVM2 mirrors, snapshots etc. using dmeventd or progress polling...
         Starting [0;1;39mlvm2-monitor.service[    3.215238] systemd-journald[287]: Collecting audit messages is disabled.
[0m - Mo…ing dmeventd or progress polling...
[    3.218260] systemd[1]: Starting modprobe@configfs.service - Load Kernel Module configfs...
         Starting [0;1;39mmodprobe@configfs.service[0m - Load Kernel Module configfs...
[    3.223491] systemd[1]: Starting modprobe@dm_mod.service - Load Kernel Module dm_mod...
         Starting [0;1;39mmodprobe@dm_mod.service[0m - Load Kernel Module dm_mod...
[    3.229517] systemd[1]: Starting modprobe@drm.service - Load Kernel Module drm...
         Starting [0;1;39mmodprobe@drm.service[0m - Load Kernel Module drm...
[    3.233320] systemd[1]: Starting modprobe@efi_pstore.service - Load Kernel Module efi_pstore...
         Starting [0;1;39mmodprobe@efi_pstore.servi…[0m - Load Kernel Module efi_pstore...
[    3.239462] systemd[1]: Starting modprobe@fuse.service - Load Kernel Module fuse...
         Starting [0;1;39mmodprobe@fuse.service[0m - Load Kernel Module fuse...
[    3.243491] systemd[1]: Starting modprobe@loop.service - Load Kernel Module loop...
         Startin[    3.244898] pstore: Using crash dump compression: deflate
g [0;1;39mmodprobe@loop.service[0m - Load Kernel Module loop...
[    3.249433] systemd[1]: Starting modprobe@nvme_fabrics.service - Load Kernel Module nvme_fabrics...
         Starting [0;1;39mmodprobe@nvme_fabrics.ser…[0m Load Kernel Module nvme_fabrics...
[    3.254784] systemd[1]: netplan-ovs-cleanup.service - OpenVSwitch configuration for cleanup was skipped because of an unmet condition check (ConditionFileIsExecutable=/usr/bin/ovs-vsctl).
[    3.254799] pstore: Registered efi_pstore as persistent store backend
[    3.258676] systemd[1]: Starting systemd-fsck-root.service - File System Check on Root Device...
         Starting [0;1;39msystemd-fsck-root.service[0m…File System Check on Root Device...
[    3.266397] systemd[1]: Starting systemd-modules-load.service - Load Kernel Modules...
         Starting [0;1;39msystemd-modules-load.service[0m - Load Kernel Modules...
[    3.270391] systemd[1]: systemd-pcrmachine.service - TPM2 PCR Machine ID Measurement was skipped because of an unmet condition check (ConditionSecurity=measured-uki).
[    3.272698] systemd[1]: systemd-tpm2-setup-early.service - TPM2 SRK Setup (Early) was skipped because of an unmet condition check (ConditionSecurity=measured-uki).
[    3.275948] systemd[1]: Starting systemd-udev-trigger.service - Coldplug All udev Devices...
         Starting [0;1;39msystemd-udev-trigger.service[0m - Coldplug All udev Devices...
[    3.279018] systemd[1]: Started systemd-journald.service - Journal Service.
[[0;32m  OK  [0m] Started [0;1;39msystemd-journald.service[0m - Journal Service.
[[0;32m  OK  [0m] Mounted [0;1;39mdev-hugepages.mount[0m - Huge Pages File System.
[[0;32m  OK  [0m] Mounted [0;1;39mdev-mqueue.mount[0m - POSIX Message Queue File System.
[[0;32m  OK  [0m] Mounted [0;1;39msys-kernel-debug.mount[0m - Kernel Debug File System.
[[0;32m  OK  [0m] Mounted [0;1;39msys-kernel-tracing.mount[0m - Kernel Trace File System.
[[0;32m  OK  [0m] Finished [0;1;39mkmod-static-nodes.service[0m…Create List of Static Device Nodes.
[[0;32m  OK  [0m] Finished [0;1;39mmodprobe@configfs.service[0m - Load Kernel Module configfs.
[[0;32m  OK  [0m] Finished [0;1;39mmodprobe@dm_mod.service[0m - Load Kernel Module dm_mod.
[[0;32m  OK  [0m] Finished [0;1;39mmodprobe@drm.service[0m - Load Kernel Module drm.
[[0;32m  OK  [0m] Finished [0;1;39mmodprobe@efi_pstore.service[0m - Load Kernel Module efi_pstore.
[[0;32m  OK  [0m] Finished [0;1;39mmodprobe@fuse.service[0m - Load Kernel Module fuse.
[[0;32m  OK  [0m] Finished [0;1;39mmodprobe@loop.service[0m - Load Kernel Module loop.
[[0;32m  OK  [0m] Finished [0;1;39mmodprobe@nvme_fabrics.ser…[0m - Load Kernel Module nvme_fabrics.
[[0;32m  OK  [0m] Finished [0;1;39mkeyboard-setup.service[0m - Set the console keyboard layout.
         Mounting [0;1;39msys-fs-fuse-connections.mount[0m - FUSE Control File System...
         Mounting [0;1;39msys-kernel-config.mount[0m - Kernel Configuration File System...
[[0;32m  OK  [0m] Started [0;1;39msystemd-fsckd.service[0m - Fi…stem Check Daemon to report status.
         Starting [0;1;39msystemd-tmpfiles-setup-de…[0m Device Nodes in /dev gracefully...
[[0;32m  OK  [0m] Finished [0;1;39msystemd-modules-load.service[0m - Load Kernel Modules.
         Starting [0;1;39msystemd-sysctl.service[0m - Apply Kernel Variables...
[[0;32m  OK  [0m] Mounted [0;1;39msys-fs-fuse-connections.mount[0m - FUSE Control File System.
[[0;32m  OK  [0m] Finished [0;1;39mlvm2-monitor.service[0m - Mo…using dmeventd or progress polling.
[[0;32m  OK  [0m] Finished [0;1;39msystemd-fsck-root.service[0m - File System Check on Root Device.
[[0;32m  OK  [0m] Mounted [0;1;39msys-kernel-config.mount[0m - Kernel Configuration File System.
         Starting [0;1;39msystemd-remount-fs.servic…[0munt Root and Kernel File Systems...
[[0;32m  OK  [0m] Finished [0;1;39msystemd-sysctl.service[0m - Apply Kernel Variables.
[[0;32m  OK  [0m] Finished [0;1;39msystemd-tmpfiles-setup-de…[0mic Device Nodes in /dev gracefully.
[[0;32m  OK  [0m] Finished [0;1;39msystemd-remount-fs.servic…[0mmount Root and Kernel File Systems.
         Starting [0;1;39mmultipathd.service[0m - Devi…pper Multipath Device Controller...
         Starting [0;1;39msystemd-journal-flush.ser…[0msh Journal to Persistent Storage...
         Starting [0;1;39msystemd-random-seed.service[0m - Load/Save OS Random Seed...
         Starting [0;1;39msystemd-tmpfiles-setup-de…[0meate Static Device Nodes in /dev...
[[0;32m  OK  [0m] Finished [0;1;39msystemd-random-seed.service[0m - Load/Save OS Random Seed.
[[0;32m  OK  [0m] Finished [0;1;39msystemd-tmpfiles-setup-de…[0mCreate Static Device Nodes in /dev.
         Starting [0;1;39msystemd-udevd.service[0m - R…ager for Device Events and Files...
[[0;32m  OK  [0m] Finished [0;1;39msystemd-udev-trigger.service[0m - Coldplug All udev Devices.
[[0;32m  OK  [0m] Started [0;1;39mmultipathd.service[0m - Devic…Mapper Multipath Device Controller.
[[0;32m  OK  [0m] Started [0;1;39msystemd-udevd.service[0m - Ru…anager for Device Events and Files.
[[0;32m  OK  [0m] Reached target [0;1;39mlocal-fs-pre.target[0m…Preparation for Local File Systems.
         Mounting [0;1;39msnap-core22-2411.mount[0m - …t unit for core22, revision 2411...
         Mounting [0;1;39msnap-google\x2dcloud\x2dc…[0mr google-cloud-cli, revision 448...
         Mounting [0;1;39msnap-snapd-26865.mount[0m - …t unit for snapd, revision 26865...
[[0;32m  OK  [0m] Started [0;1;39msystemd-ask-password-conso…[0mequests to Console Directory Watch.
[[0;32m  OK  [0m] Reached target [0;1;39mcryptsetup.target[0m - Local Encrypted Volumes.
[[0;32m  OK  [0m] Finished [0;1;39msystemd-journal-flush.ser…[0mlush Journal to Persistent Storage.
[[0;32m  OK  [0m] Mounted [0;1;39msnap-core22-2411.mount[0m - Mount unit for core22, revision 2411.
[[0;32m  OK  [0m] Mounted [0;1;39msnap-google\x2dcloud\x2dcl…[0mfor google-cloud-cli, revision 448.
[[0;32m  OK  [0m] Mounted [0;1;39msnap-snapd-26865.mount[0m - Mount unit for snapd, revision 26865.
[[0;32m  OK  [0m] Found device [0;1;39mdev-ttyS0.device[0m - /dev/ttyS0.
[[0;32m  OK  [0m] Found device [0;1;39mdev-disk-by\x2dlabel-BOOT.device[0m - PersistentDisk BOOT.
[[0;32m  OK  [0m] Found device [0;1;39mdev-disk-by\x2dlabel-UEFI.device[0m - PersistentDisk UEFI.
[[0;32m  OK  [0m] Reached target [0;1;39msnapd.mounts.target[0m - Mounted snaps.
[[0;32m  OK  [0m] Listening on [0;1;39msystemd-rfkill.socket[0m…ll Switch Status /dev/rfkill Watch.
[    3.890274] 
         Starting [0;1;39msystemd-fsck@dev-disk-by\…[0mCheck on /dev/disk/by-label/BOOT...
         Starting [0;1;39msystemd-fsck@dev-disk-by\…[0mCheck on /dev/disk/by-label/UEFI...
Checking in progress on 1 disk (0.0% complete)[[0;32m  OK  [0m] Finished [0;1;39msystemd-fsck@dev-disk-by\…[0mm Check on /dev/disk/by-label/BOOT.
Checking in progress on 0 disks (100.0% complete)[[0;32m  OK  [0m] Finished [0;1;39msystemd-fsck@dev-disk-by\…[0mm Check on /dev/disk/by-label/UEFI.
         Mounting [0;1;39mboot.mount[0m - /boot...
[[0;32m  OK  [0m] Mounted [0;1;39mboot.mount[0m - /boot.
         Mounting [0;1;39mboot-efi.mount[0m - /boot/efi...
[[0;32m  OK  [0m] Mounted [0;1;39mboot-efi.mount[0m - /boot/efi.
[[0;32m  OK  [0m] Reached target [0;1;39mlocal-fs.target[0m - Local File Systems.
[[0;32m  OK  [0m] Listening on [0;1;39msystemd-sysext.socket[0m…tension Image Management (Varlink).
         Starting [0;1;39mapparmor.service[0m - Load AppArmor profiles...
         Starting [0;1;39mconsole-setup.service[0m - Set console font and keymap...
         Starting [0;1;39mfinalrd.service[0m - Create …time dir for shutdown pivot root...
         Starting [0;1;39mplymouth-read-write.servi…[0mymouth To Write Out Runtime Data...
         Starting [0;1;39msystemd-binfmt.service[0m - Set Up Additional Binary Formats...
         Starting [0;1;39msystemd-tmpfiles-setup.se…[0me Volatile Files and Directories...
         Starting [0;1;39mufw.service[0m - Uncomplicated firewall...
[[0;32m  OK  [0m] Finished [0;1;39mconsole-setup.service[0m - Set console font and keymap.
[[0;32m  OK  [0m] Finished [0;1;39mfinalrd.service[0m - Create …untime dir for shutdown pivot root.
[[0;32m  OK  [0m] Finished [0;1;39mapparmor.service[0m - Load AppArmor profiles.
[[0;32m  OK  [0m] Finished [0;1;39mplymouth-read-write.servi…[0mPlymouth To Write Out Runtime Data.
[[0;32m  OK  [0m] Finished [0;1;39msystemd-tmpfiles-setup.se…[0mate Volatile Files and Directories.
[[0;32m  OK  [0m] Finished [0;1;39mufw.service[0m - Uncomplicated firewall.
         Mounting [0;1;39mproc-sys-fs-binfmt_misc.m…[0mcutable File Formats File System...
         Starting [0;1;39mmodprobe@dm_mod.service[0m - Load Kernel Module dm_mod...
         Starting [0;1;39mmodprobe@efi_pstore.servi…[0m - Load Kernel Module efi_pstore...
         Starting [0;1;39mmodprobe@loop.service[0m - Load Kernel Module loop...
         Starting [0;1;39msnapd.apparmor.service[0m - …iles managed internally by snapd...
         Starting [0;1;39msystemd-resolved.service[0m - Network Name Resolution...
         Starting [0;1;39msystemd-update-utmp.servi…[0mord System Boot/Shutdown in UTMP...
         Starting [0;1;39mcloud-init-local.service[0m …-init: Local Stage (pre-network)...
[[0;32m  OK  [0m] Mounted [0;1;39mproc-sys-fs-binfmt_misc.mo…[0mxecutable File Formats File System.
[[0;32m  OK  [0m] Finished [0;1;39mmodprobe@dm_mod.service[0m - Load Kernel Module dm_mod.
[[0;32m  OK  [0m] Finished [0;1;39msystemd-binfmt.service[0m - Set Up Additional Binary Formats.
[[0;32m  OK  [0m] Finished [0;1;39mmodprobe@efi_pstore.service[0m - Load Kernel Module efi_pstore.
[[0;32m  OK  [0m] Finished [0;1;39mmodprobe@loop.service[0m - Load Kernel Module loop.
[[0;32m  OK  [0m] Finished [0;1;39msystemd-update-utmp.servi…[0mecord System Boot/Shutdown in UTMP.
[[0;32m  OK  [0m] Started [0;1;39msystemd-resolved.service[0m - Network Name Resolution.
[[0;32m  OK  [0m] Reached target [0;1;39mnss-lookup.target[0m - Host and Network Name Lookups.
[[0;32m  OK  [0m] Finished [0;1;39msnapd.apparmor.service[0m - …ofiles managed internally by snapd.
[    6.083323] cloud-init[713]: Cloud-init v. 25.3-0ubuntu1~24.04.1 running 'init-local' at Fri, 15 May 2026 01:51:19 +0000. Up 6.06 seconds.
         Starting [0;1;39mmodprobe@dm_mod.service[0m - Load Kernel Module dm_mod...
         Starting [0;1;39mmodprobe@efi_pstore.servi…[0m - Load Kernel Module efi_pstore...
         Starting [0;1;39mmodprobe@loop.service[0m - Load Kernel Module loop...
[[0;32m  OK  [0m] Finished [0;1;39mmodprobe@dm_mod.service[0m - Load Kernel Module dm_mod.
[[0;32m  OK  [0m] Finished [0;1;39mmodprobe@efi_pstore.service[0m - Load Kernel Module efi_pstore.
[[0;32m  OK  [0m] Finished [0;1;39mmodprobe@loop.service[0m - Load Kernel Module loop.
         Starting [0;1;39mmodprobe@dm_mod.service[0m - Load Kernel Module dm_mod...
         Starting [0;1;39mmodprobe@efi_pstore.servi…[0m - Load Kernel Module efi_pstore...
         Starting [0;1;39mmodprobe@loop.service[0m - Load Kernel Module loop...
[[0;32m  OK  [0m] Finished [0;1;39mmodprobe@dm_mod.service[0m - Load Kernel Module dm_mod.
[[0;32m  OK  [0m] Finished [0;1;39mmodprobe@efi_pstore.service[0m - Load Kernel Module efi_pstore.
[[0;32m  OK  [0m] Finished [0;1;39mmodprobe@loop.service[0m - Load Kernel Module loop.
[[0;32m  OK  [0m] Finished [0;1;39mcloud-init-local.service[0m …ud-init: Local Stage (pre-network).
[[0;32m  OK  [0m] Reached target [0;1;39mnetwork-pre.target[0m - Preparation for Network.
         Starting [0;1;39msystemd-networkd.service[0m - Network Configuration...
[[0;32m  OK  [0m] Started [0;1;39msystemd-networkd.service[0m - Network Configuration.
[[0;32m  OK  [0m] Reached target [0;1;39mnetwork.target[0m - Network.
         Starting [0;1;39msystemd-networkd-wait-onl…[0mait for Network to be Configured...
[[0;32m  OK  [0m] Finished [0;1;39msystemd-networkd-wait-onl…[0m Wait for Network to be Configured.
         Starting [0;1;39mcloud-init.service[0m - Cloud-init: Network Stage...
[    9.530459] cloud-init[806]: Cloud-init v. 25.3-0ubuntu1~24.04.1 running 'init' at Fri, 15 May 2026 01:51:22 +0000. Up 9.50 seconds.
[    9.544153] cloud-init[806]: ci-info: ++++++++++++++++++++++++++++++++++++++Net device info+++++++++++++++++++++++++++++++++++++++
[    9.558124] cloud-init[806]: ci-info: +--------+------+---------------------------+-----------------+--------+-------------------+
[    9.571147] cloud-init[806]: ci-info: | Device |  Up  |          Address          |       Mask      | Scope  |     Hw-Address    |
[    9.584192] cloud-init[806]: ci-info: +--------+------+---------------------------+-----------------+--------+-------------------+
[    9.597221] cloud-init[806]: ci-info: |  ens5  | True |        10.128.0.58        | 255.255.255.255 | global | 42:01:0a:80:00:3a |
[    9.610245] cloud-init[806]: ci-info: |  ens5  | True | fe80::4001:aff:fe80:3a/64 |        .        |  link  | 42:01:0a:80:00:3a |
[    9.623209] cloud-init[806]: ci-info: |   lo   | True |         127.0.0.1         |    255.0.0.0    |  host  |         .         |
[    9.636279] cloud-init[806]: ci-info: |   lo   | True |          ::1/128          |        .        |  host  |         .         |
[    9.650242] cloud-init[806]: ci-info: +--------+------+---------------------------+-----------------+--------+-------------------+
[    9.664215] cloud-init[806]: ci-info: +++++++++++++++++++++++++++++++Route IPv4 info++++++++++++++++++++++++++++++++
[    9.676121] cloud-init[806]: ci-info: +-------+-----------------+------------+-----------------+-----------+-------+
[    9.688210] cloud-init[806]: ci-info: | Route |   Destination   |  Gateway   |     Genmask     | Interface | Flags |
[    9.700154] cloud-init[806]: ci-info: +-------+-----------------+------------+-----------------+-----------+-------+
[    9.712277] cloud-init[806]: ci-info: |   0   |     0.0.0.0     | 10.128.0.1 |     0.0.0.0     |    ens5   |   UG  |
[    9.724218] cloud-init[806]: ci-info: |   1   |    10.128.0.1   |  0.0.0.0   | 255.255.255.255 |    ens5   |   UH  |
[    9.737295] cloud-init[806]: ci-info: |   2   | 169.254.169.254 | 10.128.0.1 | 255.255.255.255 |    ens5   |  UGH  |
[    9.749114] cloud-init[806]: ci-info: +-------+-----------------+------------+-----------------+-----------+-------+
[    9.762218] cloud-init[806]: ci-info: +++++++++++++++++++Route IPv6 info+++++++++++++++++++
[    9.772194] cloud-init[806]: ci-info: +-------+-------------+---------+-----------+-------+
[    9.783205] cloud-init[806]: ci-info: | Route | Destination | Gateway | Interface | Flags |
[    9.793112] cloud-init[806]: ci-info: +-------+-------------+---------+-----------+-------+
[    9.804094] cloud-init[806]: ci-info: |   0   |  fe80::/64  |    ::   |    ens5   |   U   |
[    9.814106] cloud-init[806]: ci-info: |   2   |    local    |    ::   |    ens5   |   U   |
[    9.825180] cloud-init[806]: ci-info: |   3   |  multicast  |    ::   |    ens5   |   U   |
[    9.835093] cloud-init[806]: ci-info: +-------+-------------+---------+-----------+-------+
[   14.745265] cloud-init[806]: Generating public/private rsa key pair.
[   14.754148] cloud-init[806]: Your identification has been saved in /etc/ssh/ssh_host_rsa_key
[   14.765261] cloud-init[806]: Your public key has been saved in /etc/ssh/ssh_host_rsa_key.pub
[   14.776176] cloud-init[806]: The key fingerprint is:
[   14.782226] cloud-init[806]: SHA256:mmMkePV1gtAPSywNSL0+BF0ePMNdksL6q1APmpNP75o root@loadgen-l2d1
[   14.793261] cloud-init[806]: The key's randomart image is:
[[0;32m  OK  [0m] Finished [0;1;39mcloud-init.service[0m - Cloud-init: Network Stage.
[   14.799149] cloud-init[806]: +---[RSA 3072]----+
[[0;32m  OK  [0m] Reached target [0;1;39mcloud-config.target[0m - Cloud-config availability.
[   14.813273] cloud-init[806]: |   ..+oXo..o.    |
[[0;32m  OK  [0m] Reached target [0;1;39mnetwork-online.target[0m - Network is Online.
[   14.827141] cloud-init[806]: |    o +o&oo.     |
[[0;32m  OK  [0m] Reached target [0;1;39msysinit.target[0m - System Initialization.
[   14.841157] cloud-init[806]: |     ..=oBo .    |
[   14.856114] cloud-init[806]: |   . .+....o     |
[[0;32m  OK  [0m] Started [0;1;39mnvidia-cdi-refresh.path[0m - …r toolkit install / upgrade events.
[   14.862127] cloud-init[806]: |  . oo+.S        |
[[0;32m  OK  [0m] Started [0;1;39mgce-workload-cert-refresh.…[0mWorkload Certificate refresh timer.
[   14.878114] cloud-init[806]: |   . Bo=.        |
[   14.895142] cloud-init[806]: |    * *...       |
[   14.901137] cloud-init[806]: |     * +.        |
[   14.907111] cloud-init[806]: |      E+o        |
[   14.913117] cloud-init[806]: +----[SHA256]-----+
[   14.913189] cloud-init[806]: Generating public/private ecdsa key pair.
[[0;32m  OK  [0m] Started [0;1;39mgoogle-oslogin-cache.timer[0m - NSS cache refresh timer.
[[0;32m  OK  [0m] Started [0;1;39msystemd-tmpfiles-clean.tim…[0my Cleanup of Temporary Directories.
[   14.913296] cloud-init[806]: Your identification has been saved in /etc/ssh/ssh_host_ecdsa_key
[[0;32m  OK  [0m] Started [0;1;39mupdate-notifier-download.t…[0mhat failed at package install time.
[   14.954105] cloud-init[806]: Your public key has been saved in /etc/ssh/ssh_host_ecdsa_key.pub
[   14.973118] cloud-init[806]: The key fingerprint is:
[[0;32m  OK  [0m] Reached target [0;1;39mpaths.target[0m - Path Units.
[   14.979103] cloud-init[806]: SHA256:c9wn3SZl15DqvHkFbvLk9HaDtYXzh2bvpHyH5TeGT0c root@loadgen-l2d1
[   14.996115] cloud-init[806]: The key's randomart image is:
[[0;32m  OK  [0m] Listening on [0;1;39mcloud-init-hotplugd.s…t[0m - cloud-init hotplug hook socket.
[   15.002080] cloud-init[806]: +---[ECDSA 256]---+
[[0;32m  OK  [0m] Listening on [0;1;39mdbus.socket[0m - D-Bus System Message Bus Socket.
[   15.018088] cloud-init[806]: |              .. |
[   15.032137] cloud-init[806]: |              ...|
         Starting [0;1;39mdocker.socket[0m - Docker Socket for the API...
[   15.038121] cloud-init[806]: |             .  =|
[[0;32m  OK  [0m] Listening on [0;1;39miscsid.socket[0m - Open-iSCSI iscsid Socket.
[   15.051114] cloud-init[806]: |         . ....+.|
         Starting [0;1;39mlxd-installer.socket[0m - He…er to install lxd snap on demand...
[   15.064218] cloud-init[806]: |        S ooo.+oE|
         Starting [0;1;39msnapd.socket[0m - Socket activation for snappy daemon...
[   15.078127] cloud-init[806]: |         o  +oB=+|
[   15.078310] cloud-init[806]: |             X+@=|
[[0;32m  OK  [0m] Listening on [0;1;39mssh.socket[0m - OpenBSD Secure Shell server socket.
[   15.098274] cloud-init[806]: |            o+XB%|
[[0;32m  OK  [0m] Listening on [0;1;39muuidd.socket[0m - UUID daemon activation socket.
[   15.112136] cloud-init[806]: |             +=*X|
[[0;32m  OK  [0m] Finished [0;1;39mblk-availability.service[0m - Availability of block devices.
[   15.126205] cloud-init[806]: +----[SHA256]-----+
[[0;32m  OK  [0m] Listening on [0;1;39mdocker.socket[0m - Docker Socket for the API.
[   15.141111] cloud-init[806]: Generating public/private ed25519 key pair.
[[0;32m  OK  [0m] Listening on [0;1;39mlxd-installer.socket[0m …lper to install lxd snap on demand.
[   15.157146] cloud-init[806]: Your identification has been saved in /etc/ssh/ssh_host_ed25519_key
[[0;32m  OK  [0m] Listening on [0;1;39msnapd.socket[0m - Socket activation for snappy daemon.
[   15.177224] cloud-init[806]: Your public key has been saved in /etc/ssh/ssh_host_ed25519_key.pub
[[0;32m  OK  [0m] Reached target [0;1;39msockets.target[0m - Socket Units.
[   15.196258] cloud-init[806]: The key fingerprint is:
[[0;32m  OK  [0m] Reached target [0;1;39mbasic.target[0m - Basic System.
[   15.209223] cloud-init[806]: SHA256:41zobWA36897rPePdCFReeTTFzKM/61itlYeOkt86Yw root@loadgen-l2d1
[   15.226230] cloud-init[806]: The key's randomart image is:
[   15.232192] cloud-init[806]: +--[ED25519 256]--+
         Starting [0;1;39mchrony.service[0m - chrony, an NTP client/server...
[   15.238120] cloud-init[806]: |            oo +o|
         Starting [0;1;39mcloud-config.service[0m - Cloud-init: Config Stage...
[   15.251166] cloud-init[806]: |           . .+o+|
         Starting [0;1;39mdbus.service[0m - D-Bus System Message Bus...
[   15.264213] cloud-init[806]: |            .. .=|
[[0;32m  OK  [0m] Started [0;1;39mdmesg.service[0m - Save initial kernel messages after boot.
[   15.275659] cloud-init[806]: |         .   .. o|
         Starting [0;1;39me2scrub_reap.service[0m - Re…ne ext4 Metadata Check Snapshots...
[   15.290221] cloud-init[806]: |        S +  ....|
         Starting [0;1;39mgce-workload-cert-refresh…[0mGCE Workload Certificate refresh...
[   15.304170] cloud-init[806]: |       = * +  +oo|
[[0;32m  OK  [0m] Started [0;1;39mgoogle-osconfig-agent.service[0m - Google OSConfig Agent.
[   15.319141] cloud-init[806]: |        + + o=+o.|
         Starting [0;1;39mgoogle-oslogin-cache.service[0m - NSS cache refresh...
[   15.334240] cloud-init[806]: |         o oB**o |
         Starting [0;1;39mgrub-common.service[0m - Record successful boot for GRUB...
[   15.347163] cloud-init[806]: |          .=EX+.+|
         Starting [0;1;39mnetworkd-dispatcher.servi…[0mcher daemon for systemd-networkd...
[   15.361126] cloud-init[806]: +----[SHA256]-----+
         Starting [0;1;39mnvidia-persistenced.service[0m - NVIDIA Persistence Daemon...
         Starting [0;1;39mnvmf-autoconnect.service[0m …ystems automatically during boot...
         Starting [0;1;39mrsyslog.service[0m - System Logging Service...
         Starting [0;1;39msecureboot-db.service[0m - Secure Boot updates for DB and DBX...
[[0;32m  OK  [0m] Reached target [0;1;39mgetty-pre.target[0m - Preparation for Logins.
         Starting [0;1;39msnapd.seeded.service[0m - Wait until snapd is fully seeded...
         Starting [0;1;39msnapd.service[0m - Snap Daemon...
         Starting [0;1;39msysstat.service[0m - Resets System Activity Logs...
         Starting [0;1;39msystemd-logind.service[0m - User Login Management...
[[0;32m  OK  [0m] Started [0;1;39mubuntu-advantage.service[0m - Ubuntu Pro Background Auto Attach.
[[0;32m  OK  [0m] Started [0;1;39mdbus.service[0m - D-Bus System Message Bus.
[[0;32m  OK  [0m] Started [0;1;39mnetworkd-dispatcher.servic…[0matcher daemon for systemd-networkd.
[[0;32m  OK  [0m] Finished [0;1;39mgce-workload-cert-refresh…[0m- GCE Workload Certificate refresh.
[[0;32m  OK  [0m] Started [0;1;39msystemd-logind.service[0m - User Login Management.
[[0;32m  OK  [0m] Finished [0;1;39mgoogle-oslogin-cache.service[0m - NSS cache refresh.
[[0;32m  OK  [0m] Started [0;1;39mnvidia-persistenced.service[0m - NVIDIA Persistence Daemon.
[[0;32m  OK  [0m] Finished [0;1;39mnvmf-autoconnect.service[0m …bsystems automatically during boot.
[[0;32m  OK  [0m] Finished [0;1;39msysstat.service[0m - Resets System Activity Logs.
[[0;32m  OK  [0m] Finished [0;1;39mgrub-common.service[0m - Record successful boot for GRUB.
[[0;32m  OK  [0m] Reached target [0;1;39mremote-fs-pre.targe…[0mreparation for Remote File Systems.
[[0;32m  OK  [0m] Reached target [0;1;39mremote-fs.target[0m - Remote File Systems.
         Starting [0;1;39mapport.service[0m - automatic crash report generation...
         Starting [0;1;39mcontainerd.service[0m - containerd container runtime...
[[0;32m  OK  [0m] Started [0;1;39mcron.service[0m - Regular background program processing daemon.
         Starting [0;1;39mgrub-initrd-fallback.service[0m - GRUB failed boot detection...
         Starting [0;1;39msystemd-hostnamed.service[0m - Hostname Service...
         Starting [0;1;39msystemd-user-sessions.service[0m - Permit User Sessions...
[   15.733869] cloud-init[1047]: Cloud-init v. 25.3-0ubuntu1~24.04.1 running 'modules:config' at Fri, 15 May 2026 01:51:28 +0000. Up 15.67 seconds.
[[0;32m  OK  [0m] Started [0;1;39munattended-upgrades.service[0m - Unattended Upgrades Shutdown.
[[0;32m  OK  [0m] Started [0;1;39mchrony.service[0m - chrony, an NTP client/server.
[[0;32m  OK  [0m] Finished [0;1;39msecureboot-db.service[0m - Secure Boot updates for DB and DBX.
[[0;32m  OK  [0m] Finished [0;1;39me2scrub_reap.service[0m - Re…line ext4 Metadata Check Snapshots.
[[0;32m  OK  [0m] Finished [0;1;39msystemd-user-sessions.service[0m - Permit User Sessions.
[[0;32m  OK  [0m] Finished [0;1;39mgrub-initrd-fallback.service[0m - GRUB failed boot detection.
         Stopping [0;1;39mchrony.service[0m - chrony, an NTP client/server...
2026-05-15T01:51:28.957790+00:00 loadgen-l2d1 systemd[1]: Mounted dev-hugepages.mount - Huge Pages File System.
2026-05-15T01:51:28.957948+00:00 loadgen-l2d1 systemd[1]: Mounted dev-mqueue.mount - POSIX Message Queue File System.
2026-05-15T01:51:28.957997+00:00 loadgen-l2d1 systemd[1]: Mounted sys-kernel-debug.mount - Kernel Debug File System.
2026-05-15T01:51:28.958002+00:00 loadgen-l2d1 systemd[1]: Mounted sys-kernel-tracing.mount - Kernel Trace File System.
2026-05-15T01:51:28.958007+00:00 loadgen-l2d1 systemd[1]: Finished kmod-static-nodes.service - Create List of Static Device Nodes.
2026-05-15T01:51:28.958011+00:00 loadgen-l2d1 systemd[1]: modprobe@configfs.service: Deactivated successfully.
2026-05-15T01:51:28.958012+00:00 loadgen-l2d1 kernel: Linux version 6.17.0-1013-gcp (buildd@lcy02-amd64-034) (x86_64-linux-gnu-gcc-13 (Ubuntu 13.3.0-6ubuntu2~24.04.1) 13.3.0, GNU ld (GNU Binutils for Ubuntu) 2.42) #13~24.04.1-Ubuntu SMP Thu Apr 16 02:10:24 UTC 2026 (Ubuntu 6.17.0-1013.13~24.04.1-gcp 6.17.13)
2026-05-15T01:51:28.958017+00:00 loadgen-l2d1 systemd[1]: Finished modprobe@configfs.service - Load Kernel Module configfs.
2026-05-15T01:51:28.958019+00:00 loadgen-l2d1 kernel: Command line: BOOT_IMAGE=/vmlinuz-6.17.0-1013-gcp root=PARTUUID=6624332c-1f00-4e51-a0bf-94661fe17234 ro console=ttyS0,115200 panic=-1
2026-05-15T01:51:28.958021+00:00 loadgen-l2d1 kernel: KERNEL supported cpus:
2026-05-15T01:51:28.958021+00:00 loadgen-l2d1 kernel:   Intel GenuineIntel
2026-05-15T01:51:28.958021+00:00 loadgen-l2d1 kernel:   AMD AuthenticAMD
2026-05-15T01:51:28.958022+00:00 loadgen-l2d1 kernel:   Hygon HygonGenuine
2026-05-15T01:51:28.958022+00:00 loadgen-l2d1 kernel:   Centaur CentaurHauls
2026-05-15T01:51:28.958025+00:00 loadgen-l2d1 kernel:   zhaoxin   Shanghai  
2026-05-15T01:51:28.958026+00:00 loadgen-l2d1 kernel: x86/CPU: Model not found in latest microcode list
2026-05-15T01:51:28.958026+00:00 loadgen-l2d1 kernel: BIOS-provided physical RAM map:
2026-05-15T01:51:28.958022+00:00 loadgen-l2d1 systemd[1]: modprobe@dm_mod.service: Deactivated successfully.
2026-05-15T01:51:28.958027+00:00 loadgen-l2d1 kernel: BIOS-e820: [mem 0x0000000000000000-0x0000000000000fff] reserved
2026-05-15T01:51:28.958029+00:00 loadgen-l2d1 kernel: BIOS-e820: [mem 0x0000000000001000-0x0000000000054fff] usable
2026-05-15T01:51:28.958030+00:00 loadgen-l2d1 kernel: BIOS-e820: [mem 0x0000000000055000-0x000000000005ffff] reserved
2026-05-15T01:51:28.958030+00:00 loadgen-l2d1 systemd[1]: Finished modprobe@dm_mod.service - Load Kernel Module dm_mod.
2026-05-15T01:51:28.958033+00:00 loadgen-l2d1 kernel: BIOS-e820: [mem 0x0000000000060000-0x0000000000097fff] usable
2026-05-15T01:51:28.958034+00:00 loadgen-l2d1 kernel: BIOS-e820: [mem 0x0000000000098000-0x000000000009ffff] reserved
2026-05-15T01:51:28.958034+00:00 loadgen-l2d1 kernel: BIOS-e820: [mem 0x0000000000100000-0x00000000bd254fff] usable
2026-05-15T01:51:28.958035+00:00 loadgen-l2d1 kernel: BIOS-e820: [mem 0x00000000bd255000-0x00000000bd25ffff] ACPI data
2026-05-15T01:51:28.958035+00:00 loadgen-l2d1 kernel: BIOS-e820: [mem 0x00000000bd260000-0x00000000bf8ecfff] usable
2026-05-15T01:51:28.958034+00:00 loadgen-l2d1 systemd[1]: modprobe@drm.service: Deactivated successfully.
2026-05-15T01:51:28.958036+00:00 loadgen-l2d1 kernel: BIOS-e820: [mem 0x00000000bf8ed000-0x00000000bfb6cfff] reserved
2026-05-15T01:51:28.958038+00:00 loadgen-l2d1 kernel: BIOS-e820: [mem 0x00000000bfb6d000-0x00000000bfb7efff] ACPI data
2026-05-15T01:51:28.958041+00:00 loadgen-l2d1 kernel: BIOS-e820: [mem 0x00000000bfb7f000-0x00000000bfbfefff] ACPI NVS
2026-05-15T01:51:28.958039+00:00 loadgen-l2d1 systemd[1]: Finished modprobe@drm.service - Load Kernel Module drm.
2026-05-15T01:51:28.958043+00:00 loadgen-l2d1 kernel: BIOS-e820: [mem 0x00000000bfbff000-0x00000000bffdffff] usable
2026-05-15T01:51:28.958044+00:00 loadgen-l2d1 kernel: BIOS-e820: [mem 0x00000000bffe0000-0x00000000bfffffff] reserved
2026-05-15T01:51:28.958044+00:00 loadgen-l2d1 kernel: BIOS-e820: [mem 0x0000000100000000-0x000000103fffffff] usable
2026-05-15T01:51:28.958044+00:00 loadgen-l2d1 kernel: NX (Execute Disable) protection: active
2026-05-15T01:51:28.958045+00:00 loadgen-l2d1 kernel: APIC: Static calls initialized
2026-05-15T01:51:28.958048+00:00 loadgen-l2d1 kernel: efi: EFI v2.7 by EDK II
2026-05-15T01:51:28.958046+00:00 loadgen-l2d1 systemd[1]: modprobe@efi_pstore.service: Deactivated successfully.
2026-05-15T01:51:28.958048+00:00 loadgen-l2d1 kernel: efi: TPMFinalLog=0xbfbf7000 ACPI=0xbfb7e000 ACPI 2.0=0xbfb7e014 SMBIOS=0xbf9ca000 MEMATTR=0xbd260018 MOKvar=0xbf9c8000 RNG=0xbfb72018 TPMEventLog=0xbd255018 
2026-05-15T01:51:28.958052+00:00 loadgen-l2d1 kernel: random: crng init done
2026-05-15T01:51:28.958052+00:00 loadgen-l2d1 kernel: SMBIOS 2.4 present.
2026-05-15T01:51:28.958053+00:00 loadgen-l2d1 kernel: DMI: Google Google Compute Engine/Google Compute Engine, BIOS Google 04/21/2026
2026-05-15T01:51:28.958053+00:00 loadgen-l2d1 kernel: DMI: Memory slots populated: 4/4
2026-05-15T01:51:28.958053+00:00 loadgen-l2d1 systemd[1]: Finished modprobe@efi_pstore.service - Load Kernel Module efi_pstore.
2026-05-15T01:51:28.958056+00:00 loadgen-l2d1 kernel: secureboot: Secure boot disabled
2026-05-15T01:51:28.958057+00:00 loadgen-l2d1 kernel: Hypervisor detected: KVM
2026-05-15T01:51:28.958058+00:00 loadgen-l2d1 kernel: last_pfn = 0xbffe0 max_arch_pfn = 0x400000000
2026-05-15T01:51:28.958058+00:00 loadgen-l2d1 kernel: kvm-clock: Using msrs 4b564d01 and 4b564d00
2026-05-15T01:51:28.958058+00:00 loadgen-l2d1 kernel: kvm-clock: using sched offset of 15149511934 cycles
2026-05-15T01:51:28.958059+00:00 loadgen-l2d1 kernel: clocksource: kvm-clock: mask: 0xffffffffffffffff max_cycles: 0x1cd42e4dffb, max_idle_ns: 881590591483 ns
2026-05-15T01:51:28.958059+00:00 loadgen-l2d1 kernel: tsc: Detected 2299.998 MHz processor
2026-05-15T01:51:28.958057+00:00 loadgen-l2d1 systemd[1]: modprobe@fuse.service: Deactivated successfully.
2026-05-15T01:51:28.958063+00:00 loadgen-l2d1 kernel: e820: update [mem 0x00000000-0x00000fff] usable ==> reserved
2026-05-15T01:51:28.958063+00:00 loadgen-l2d1 kernel: e820: remove [mem 0x000a0000-0x000fffff] usable
2026-05-15T01:51:28.958064+00:00 loadgen-l2d1 kernel: last_pfn = 0x1040000 max_arch_pfn = 0x400000000
2026-05-15T01:51:28.958064+00:00 loadgen-l2d1 kernel: MTRR map: 3 entries (2 fixed + 1 variable; max 18), built from 8 variable MTRRs
2026-05-15T01:51:28.958065+00:00 loadgen-l2d1 kernel: x86/PAT: Configuration [0-7]: WB  WC  UC- UC  WB  WP  UC- WT  
2026-05-15T01:51:28.958065+00:00 loadgen-l2d1 kernel: last_pfn = 0xbffe0 max_arch_pfn = 0x400000000
2026-05-15T01:51:28.958065+00:00 loadgen-l2d1 systemd[1]: Finished modprobe@fuse.service - Load Kernel Module fuse.
2026-05-15T01:51:28.958068+00:00 loadgen-l2d1 kernel: Using GB pages for direct mapping
2026-05-15T01:51:28.958069+00:00 loadgen-l2d1 kernel: secureboot: Secure boot disabled
2026-05-15T01:51:28.958069+00:00 loadgen-l2d1 kernel: ACPI: Early table checksum verification disabled
2026-05-15T01:51:28.958070+00:00 loadgen-l2d1 kernel: ACPI: RSDP 0x00000000BFB7E014 000024 (v02 Google)
2026-05-15T01:51:28.958070+00:00 loadgen-l2d1 kernel: ACPI: XSDT 0x00000000BFB7D0E8 00005C (v01 Google GOOGFACP 00000001      01000013)
2026-05-15T01:51:28.958070+00:00 loadgen-l2d1 kernel: ACPI: FACP 0x00000000BFB78000 0000F4 (v02 Google GOOGFACP 00000001 GOOG 00000001)
2026-05-15T01:51:28.958070+00:00 loadgen-l2d1 systemd[1]: modprobe@loop.service: Deactivated successfully.
2026-05-15T01:51:28.958075+00:00 loadgen-l2d1 systemd[1]: Finished modprobe@loop.service - Load Kernel Module loop.
2026-05-15T01:51:28.958077+00:00 loadgen-l2d1 kernel: ACPI: DSDT 0x00000000BFB79000 001A64 (v01 Google GOOGDSDT 00000001 GOOG 00000001)
2026-05-15T01:51:28.958078+00:00 loadgen-l2d1 kernel: ACPI: FACS 0x00000000BFBF1000 000040
2026-05-15T01:51:28.958078+00:00 loadgen-l2d1 kernel: ACPI: SSDT 0x00000000BFB7C000 000316 (v02 GOOGLE Tpm2Tabl 00001000 INTL 20250807)
2026-05-15T01:51:28.958079+00:00 loadgen-l2d1 kernel: ACPI: TPM2 0x00000000BFB7B000 000034 (v04 GOOGLE          00000001 GOOG 00000001)
2026-05-15T01:51:28.958079+00:00 loadgen-l2d1 kernel: ACPI: SRAT 0x00000000BFB77000 000228 (v03 Google GOOGSRAT 00000001 GOOG 00000001)
2026-05-15T01:51:28.958079+00:00         Starting [0;1;39mplymouth-quit-wait.servic…[0md until boot process finishes up...
 loadgen-l2d1 kernel: ACPI: APIC 0x00000000BFB76000 000126 (v05 Google GOOGAPIC 00000001 GOOG 00000001)
2026-05-15T01:51:28.958080+00:00 loadgen-l2d1 kernel: ACPI: SSDT 0x00000000BFB74000 0011D6 (v01 Google GOOGSSDT 00000001 GOOG 00000001)
2026-05-15T01:51:28.958079+00:00 loadgen-l2d1 systemd[1]: modprobe@nvme_fabrics.service: Deactivated successfully.
2026-05-15T01:51:28.958083+00:00 loadgen-l2d1 kernel: ACPI: WAET 0x00000000BFB73000 000028 (v01 Google GOOGWAET 00000001 GOOG 00000001)
2026-05-15T01:51:28.958084+00:00 loadgen-l2d1 kernel: ACPI: Reserving FACP table memory at [mem 0xbfb78000-0xbfb780f3]
2026-05-15T01:51:28.958084+00:00 loadgen-l2d1 kernel: ACPI: Reserving DSDT table memory at [mem 0xbfb79000-0xbfb7aa63]
2026-05-15T01:51:28.958085+00:00 loadgen-l2d1 kernel: ACPI: Reserving FACS table memory at [mem 0xbfbf1000-0xbfbf103f]
2026-05-15T01:51:28.958085+00:00 loadgen-l2d1 kernel: ACPI: Reserving SSDT table memory at [mem 0xbfb7c000-0xbfb7c315]
2026-05-15T01:51:28.958085+00:00 loadgen-l2d1 kernel: ACPI: Reserving TPM2 table memory at [mem 0xbfb7b000-0xbfb7b033]
2026-05-15T01:51:28.958084+00:00 loadgen-l2d1 systemd[1]: Finished modprobe@nvme_fabrics.service - Load Kernel Module nvme_fabrics.
2026-05-15T01:51:28.958088+00:00 loadgen-l2d1 kernel: ACPI: Reserving SRAT table memory at [mem 0xbfb77000-0xbfb77227]
2026-05-15T01:51:28.958089+00:00 loadgen-l2d1 kernel: ACPI: Reserving APIC table memory at [mem 0xbfb76000-0xbfb76125]
2026-05-15T01:51:28.958090+00:00 loadgen-l2d1 kernel: ACPI: Reserving SSDT table memory at [mem 0xbfb74000-0xbfb751d5]
2026-05-15T01:51:28.958090+00:00 loadgen-l2d1 kernel: ACPI: Reserving WAET table memory at [mem 0xbfb73000-0xbfb73027]
2026-05-15T01:51:28.958091+00:00 loadgen-l2d1 kernel: ACPI: SRAT: Node 0 PXM 0 [mem 0x00000000-0x0009ffff]
2026-05-15T01:51:28.958091+00:00 loadgen-l2d1 kernel: ACPI: SRAT: Node 0 PXM 0 [mem 0x00100000-0xbfffffff]
2026-05-15T01:51:28.958092+00:00 loadgen-l2d1 kernel: ACPI: SRAT: Node 0 PXM 0 [mem 0x100000000-0x103fffffff]
2026-05-15T01:51:28.958089+00:00 loadgen-l2d1 systemd[1]: Finished keyboard-setup.service - Set the console keyboard layout.
2026-05-15T01:51:28.958094+00:00 loadgen-l2d1 kernel: NUMA: Node 0 [mem 0x00001000-0x0009ffff] + [mem 0x00100000-0xbfffffff] -> [mem 0x00001000-0xbfffffff]
2026-05-15T01:51:28.958095+00:00 loadgen-l2d1 kernel: NUMA: Node 0 [mem 0x00001000-0xbfffffff] + [mem 0x100000000-0x103fffffff] -> [mem 0x00001000-0x103fffffff]
2026-05-15T01:51:28.958096+00:00 loadgen-l2d1 kernel: NODE_DATA(0) allocated [mem 0x103ffd52c0-0x103fffffff]
2026-05-15T01:51:28.958096+00:00 loadgen-l2d1 kernel: Zone ranges:
2026-05-15T01:51:28.958097+00:00 loadgen-l2d1 kernel:   DMA      [mem 0x0000000000001000-0x0000000000ffffff]
2026-05-15T01:51:28.958097+00:00 loadgen-l2d1 kernel:   DMA32    [mem 0x0000000001000000-0x00000000ffffffff]
2026-05-15T01:51:28.958095+00:00 loadgen-l2d1 systemd-modules-load[308]: Inserted module 'dm_multipath'
2026-05-15T01:51:28.958100+00:00 loadgen-l2d1 kernel:   Normal   [mem 0x0000000100000000-0x000000103fffffff]
2026-05-15T01:51:28.958101+00:00 loadgen-l2d1 kernel:   Device   empty
2026-05-15T01:51:28.958102+00:00 loadgen-l2d1 kernel: Movable zone start for each node
2026-05-15T01:51:28.958102+00:00 loadgen-l2d1 kernel: Early memory node ranges
2026-05-15T01:51:28.958102+00:00 loadgen-l2d1 kernel:   node   0: [mem 0x0000000000001000-0x0000000000054fff]
2026-05-15T01:51:28.958103+00:00 loadgen-l2d1 kernel:   node   0: [mem 0x0000000000060000-0x0000000000097fff]
2026-05-15T01:51:28.958101+00:00 loadgen-l2d1 systemd[1]: Mounting sys-fs-fuse-connections.mount - FUSE Control File System...
2026-05-15T01:51:28.958106+00:00 loadgen-l2d1 kernel:   node   0: [mem 0x0000000000100000-0x00000000bd254fff]
2026-05-15T01:51:28.958107+00:00 loadgen-l2d1 kernel:   node   0: [mem 0x00000000bd260000-0x00000000bf8ecfff]
2026-05-15T01:51:28.958107+00:00 loadgen-l2d1 kernel:   node   0: [mem 0x00000000bfbff000-0x00000000bffdffff]
2026-05-15T01:51:28.958108+00:00 loadgen-l2d1 kernel:   node   0: [mem 0x0000000100000000-0x000000103fffffff]
2026-05-15T01:51:28.958106+00:00 loadgen-l2d1 systemd[1]: Mounting sys-kernel-config.mount - Kernel Configuration File System...
2026-05-15T01:51:28.958108+00:00 loadgen-l2d1 kernel: Initmem setup node 0 [mem 0x0000000000001000-0x000000103fffffff]
2026-05-15T01:51:28.958111+00:00 loadgen-l2d1 kernel: On node 0, zone DMA: 1 pages in unavailable ranges
2026-05-15T01:51:28.958113+00:00 loadgen-l2d1 systemd[1]: Started systemd-fsckd.service - File System Check Daemon to report status.
2026-05-15T01:51:28.958114+00:00 loadgen-l2d1 kernel: On node 0, zone DMA: 11 pages in unavailable ranges
2026-05-15T01:51:28.958115+00:00 loadgen-l2d1 kernel: On node 0, zone DMA: 104 pages in unavailable ranges
2026-05-15T01:51:28.958116+00:00 loadgen-l2d1 kernel: On node 0, zone DMA32: 11 pages in unavailable ranges
2026-05-15T01:51:28.958116+00:00 loadgen-l2d1 kernel: On node 0, zone DMA32: 786 pages in unavailable ranges
2026-05-15T01:51:28.958117+00:00 loadgen-l2d1 kernel: On node 0, zone Normal: 32 pages in unavailable ranges
2026-05-15T01:51:28.958117+00:00 loadgen-l2d1 kernel: ACPI: PM-Timer IO Port: 0xb008
2026-05-15T01:51:28.958118+00:00 loadgen-l2d1 kernel: ACPI: LAPIC_NMI (acpi_id[0xff] dfl dfl lint[0x1])
2026-05-15T01:51:28.958117+00:00 loadgen-l2d1 systemd[1]: systemd-repart.service - Repartition Root Disk was skipped because no trigger condition checks were met.
2026-05-15T01:51:28.958120+00:00 loadgen-l2d1 kernel: IOAPIC[0]: apic_id 0, version 17, address 0xfec00000, GSI 0-23
2026-05-15T01:51:28.958121+00:00 loadgen-l2d1 kernel: ACPI: INT_SRC_OVR (bus 0 bus_irq 5 global_irq 5 high level)
2026-05-15T01:51:28.958122+00:00 loadgen-l2d1 kernel: ACPI: INT_SRC_OVR (bus 0 bus_irq 9 global_irq 9 high level)
2026-05-15T01:51:28.958122+00:00 loadgen-l2d1 kernel: ACPI: INT_SRC_OVR (bus 0 bus_irq 10 global_irq 10 high level)
2026-05-15T01:51:28.958122+00:00 loadgen-l2d1 kernel: ACPI: INT_SRC_OVR (bus 0 bus_irq 11 global_irq 11 high level)
2026-05-15T01:51:28.958123+00:00 loadgen-l2d1 kernel: ACPI: Using ACPI (MADT) for SMP configuration information
2026-05-15T01:51:28.958126+00:00 loadgen-l2d1 kernel: CPU topo: Max. logical packages:   1
2026-05-15T01:51:28.958127+00:00 loadgen-l2d1 kernel: CPU topo: Max. logical dies:       1
2026-05-15T01:51:28.958129+00:00 loadgen-l2d1 kernel: CPU topo: Max. dies per package:   1
2026-05-15T01:51:28.958129+00:00 loadgen-l2d1 kernel: CPU topo: Max. threads per core:   2
2026-05-15T01:51:28.958130+00:00 loadgen-l2d1 kernel: CPU topo: Num. cores per package:    12
2026-05-15T01:51:28.958122+00:00 loadgen-l2d1 systemd[1]: Starting systemd-tmpfiles-setup-dev-early.service - Create Static Device Nodes in /dev gracefully...
2026-05-15T01:51:28.958142+00:00 loadgen-l2d1 systemd[1]: Finished systemd-modules-load.service - Load Kernel Modules.
2026-05-15T01:51:28.958147+00:00 loadgen-l2d1 systemd[1]: Starting systemd-sysctl.service - Apply Kernel Variables...
2026-05-15T01:51:28.958151+00:00 loadgen-l2d1 systemd-fsck[310]: cloudimg-rootfs: clean, 172898/6422528 files, 2136941/12844795 blocks
2026-05-15T01:51:28.958156+00:00 loadgen-l2d1 systemd[1]: Mounted sys-fs-fuse-connections.mount - FUSE Control File System.
2026-05-15T01:51:28.958160+00:00 loadgen-l2d1 systemd[1]: Finished lvm2-monitor.service - Monitoring of LVM2 mirrors, snapshots etc. using dmeventd or progress polling.
2026-05-15T01:51:28.958164+00:00 loadgen-l2d1 systemd[1]: Finished systemd-fsck-root.service - File System Check on Root Device.
2026-05-15T01:51:28.958171+00:00 loadgen-l2d1 systemd[1]: Mounted sys-kernel-config.mount - Kernel Configuration File System.
2026-05-15T01:51:28.958176+00:00 loadgen-l2d1 systemd[1]: Starting systemd-remount-fs.service - Remount Root and Kernel File Systems...
2026-05-15T01:51:28.958180+00:00 loadgen-l2d1 systemd[1]: Finished systemd-sysctl.service - Apply Kernel Variables.
2026-05-15T01:51:28.958184+00:00 loadgen-l2d1 systemd[1]: Finished systemd-tmpfiles-setup-dev-early.service - Create Static Device Nodes in /dev gracefully.
2026-05-15T01:51:28.958188+00:00 loadgen-l2d1 systemd[1]: Finished systemd-remount-fs.ser         Starting [0;1;39mplymouth-quit.service[0m - Terminate Plymouth Boot Screen...
vice - Remount Root and Kernel File Systems.
2026-05-15T01:51:28.958195+00:00 loadgen-l2d1 systemd[1]: Starting multipathd.service - Device-Mapper Multipath Device Controller...
2026-05-15T01:51:28.958200+00:00 loadgen-l2d1 systemd[1]: systemd-hwdb-update.service - Rebuild Hardware Database was skipped because of an unmet condition check (ConditionNeedsUpdate=/etc).
2026-05-15T01:51:28.958202+00:00 loadgen-l2d1 kernel: CPU topo: Num. threads per package:  24
2026-05-15T01:51:28.958203+00:00 loadgen-l2d1 kernel: CPU topo: Allowing 24 present CPUs plus 0 hotplug CPUs
2026-05-15T01:51:28.958206+00:00 loadgen-l2d1 kernel: PM: hibernation: Registered nosave memory: [mem 0x00000000-0x00000fff]
2026-05-15T01:51:28.958204+00:00 loadgen-l2d1 systemd[1]: Starting systemd-journal-flush.service - Flush Journal to Persistent Storage...
2026-05-15T01:51:28.958208+00:00 loadgen-l2d1 kernel: PM: hibernation: Registered nosave memory: [mem 0x00055000-0x0005ffff]
2026-05-15T01:51:28.958209+00:00 loadgen-l2d1 kernel: PM: hibernation: Registered nosave memory: [mem 0x00098000-0x000fffff]
2026-05-15T01:51:28.958209+00:00 loadgen-l2d1 kernel: PM: hibernation: Registered nosave memory: [mem 0xbd255000-0xbd25ffff]
2026-05-15T01:51:28.958210+00:00 loadgen-l2d1 kernel: PM: hibernation: Registered nosave memory: [mem 0xbf8ed000-0xbfbfefff]
2026-05-15T01:51:28.958210+00:00 loadgen-l2d1 kernel: PM: hibernation: Registered nosave memory: [mem 0xbffe0000-0xffffffff]
2026-05-15T01:51:28.958211+00:00 loadgen-l2d1 systemd[1]: systemd-pstore.service - Platform Persistent Storage Archival was skipped because of an unmet condition check (ConditionDirectoryNotEmpty=/sys/fs/pstore).
2026-05-15T01:51:28.958213+00:00 loadgen-l2d1 kernel: [mem 0xc0000000-0xffffffff] available for PCI devices
2026-05-15T01:51:28.958214+00:00 loadgen-l2d1 kernel: Booting paravirtualized kernel on KVM
2026-05-15T01:51:28.958214+00:00 loadgen-l2d1 kernel: clocksource: refined-jiffies: mask: 0xffffffff max_cycles: 0xffffffff, max_idle_ns: 1910969940391419 ns
2026-05-15T01:51:28.958215+00:00 loadgen-l2d1 kernel: setup_percpu: NR_CPUS:8192 nr_cpumask_bits:24 nr_cpu_ids:24 nr_node_ids:1
2026-05-15T01:51:28.958215+00:00 loadgen-l2d1 kernel: percpu: Embedded 84 pages/cpu s221184 r8192 d114688 u524288
2026-05-15T01:51:28.958216+00:00 loadgen-l2d1 kernel: pcpu-alloc: s221184 r8192 d114688 u524288 alloc=1*2097152
2026-05-15T01:51:28.958216+00:00 loadgen-l2d1 systemd[1]: Starting systemd-random-seed.service - Load/Save OS Random Seed...
2026-05-15T01:51:28.958219+00:00 loadgen-l2d1 kernel: pcpu-alloc: [0] 00 01 02 03 [0] 04 05 06 07 
2026-05-15T01:51:28.958219+00:00 loadgen-l2d1 kernel: pcpu-alloc: [0] 08 09 10 11 [0] 12 13 14 15 
2026-05-15T01:51:28.958220+00:00 loadgen-l2d1 kernel: pcpu-alloc: [0] 16 17 18 19 [0] 20 21 22 23 
2026-05-15T01:51:28.958220+00:00 loadgen-l2d1 kernel: kvm-guest: PV spinlocks enabled
2026-05-15T01:51:28.958221+00:00 loadgen-l2d1 kernel: PV qspinlock hash table entries: 256 (order: 0, 4096 bytes, linear)
2026-05-15T01:51:28.958221+00:00 loadgen-l2d1 kernel: Kernel command line: BOOT_IMAGE=/vmlinuz-6.17.0-1013-gcp root=PARTUUID=6624332c-1f00-4e51-a0bf-94661fe17234 ro console=ttyS0,115200 panic=-1
2026-05-15T01:51:28.958224+00:00 loadgen-l2d1 kernel: printk: log buffer data + meta data: 262144 + 917504 = 1179648 bytes
2026-05-15T01:51:28.958225+00:00 loadgen-l2d1 kernel: Dentry cache hash table entries: 8388608 (order: 14, 67108864 bytes, linear)
2026-05-15T01:51:28.958221+00:00 loadgen-l2d1 systemd[1]: systemd-sysusers.service - Create System Users was skipped because no trigger condition checks were met.
2026-05-15T01:51:28.958225+00:00 loadgen-l2d1 kernel: Inode-cache hash table entries: 4194304 (order: 13, 33554432 bytes, linear)
2026-05-15T01:51:28.958228+00:00 loadgen-l2d1 kernel: software IO TLB: area num 32.
2026-05-15T01:51:28.958229+00:00 loadgen-l2d1 kernel: Fallback order for Node 0: 0 
2026-05-15T01:51:28.958229+00:00 loadgen-l2d1 kernel: Built 1 zonelists, mobility grouping on.  Total pages: 16776271
2026-05-15T01:51:28.958230+00:00 loadgen-l2d1 kernel: Policy zone: Normal
2026-05-15T01:51:28.958230+00:00 loadgen-l2d1 systemd[1]: Starting systemd-tmpfiles-setup-dev.service - Create Static Device Nodes in /dev...
2026-05-15T01:51:28.958233+00:00 loadgen-l2d1 kernel: mem auto-init: stack:all(zero), heap alloc:on, heap free:off
2026-05-15T01:51:28.958234+00:00 loadgen-l2d1 kernel: SLUB: HWalign=64, Order=0-3, MinObjects=0, CPUs=24, Nodes=1
2026-05-15T01:51:28.958235+00:00 loadgen-l2d1 kernel: Kernel/User page tables isolation: enabled
2026-05-15T01:51:28.958235+00:00 loadgen-l2d1 kernel: ftrace: allocating 61994 entries in 244 pages
2026-05-15T01:51:28.958235+00:00 loadgen-l2d1 kernel: ftrace: allocated 244 pages with 5 groups
2026-05-15T01:51:28.958236+00:00 loadgen-l2d1 kernel: rcu: Hierarchical RCU implementation.
2026-05-15T01:51:28.958235+00:00 loadgen-l2d1 systemd[1]: systemd-tpm2-setup.service - TPM2 SRK Setup was skipped because of an unmet condition check (ConditionSecurity=measured-uki).
2026-05-15T01:51:28.958239+00:00 loadgen-l2d1 kernel: rcu: 	RCU restricting CPUs from NR_CPUS=8192 to nr_cpu_ids=24.
2026-05-15T01:51:28.958239+00:00 loadgen-l2d1 kernel: 	Rude variant of Tasks RCU enabled.
2026-05-15T01:51:28.958240+00:00 loadgen-l2d1 kernel: 	Tracing variant of Tasks RCU enabled.
2026-05-15T01:51:28.958240+00:00 loadgen-l2d1 kernel: rcu: RCU calculated value of scheduler-enlistment delay is 100 jiffies.
2026-05-15T01:51:28.958241+00:00 loadgen-l2d1 kernel: rcu: Adjusting geometry for rcu_fanout_leaf=16, nr_cpu_ids=24
2026-05-15T01:51:28.958241+00:00 loadgen-l2d1 kernel: RCU Tasks Rude: Setting shift to 5 and lim to 1 rcu_task_cb_adjust=1 rcu_task_cpu_ids=24.
2026-05-15T01:51:28.958242+00:00 loadgen-l2d1 kernel: RCU Tasks Trace: Setting shift to 5 and lim to 1 rcu_task_cb_adjust=1 rcu_task_cpu_ids=24.
2026-05-15T01:51:28.958241+00:00 loadgen-l2d1 systemd[1]: Finished systemd-random-seed.service - Load/Save OS Random Seed.
2026-05-15T01:51:28.958245+00:00 loadgen-l2d1 kernel: NR_IRQS: 524544, nr_irqs: 616, preallocated irqs: 16
2026-05-15T01:51:28.958245+00:00 loadgen-l2d1 kernel: rcu: srcu_init: Setting srcu_struct sizes based on contention.
2026-05-15T01:51:28.958246+00:00 loadgen-l2d1 kernel: Console: colour dummy device 80x25
2026-05-15T01:51:28.958246+00:00 loadgen-l2d1 kernel: printk: legacy console [ttyS0] enabled
2026-05-15T01:51:28.958247+00:00 loadgen-l2d1 kernel: ACPI: Core revision 20250404
2026-05-15T01:51:28.958247+00:00 loadgen-l2d1 kernel: APIC: Switch to symmetric I/O mode setup
2026-05-15T01:51:28.958245+00:00 loadgen-l2d1 multipathd[358]: multipathd v0.9.4: start up
2026-05-15T01:51:28.958250+00:00 loadgen-l2d1 kernel: x2apic enabled
2026-05-15T01:51:28.958251+00:00 loadgen-l2d1 kernel: APIC: Switched APIC routing to: physical x2apic
2026-05-15T01:51:28.958252+00:00 loadgen-l2d1 kernel: ..TIMER: vector=0x30 apic1=0 pin1=0 apic2=-1 pin2=-1
2026-05-15T01:51:28.958252+00:00 loadgen-l2d1 kernel: clocksource: tsc-early: mask: 0xffffffffffffffff max_cycles: 0x212733415c7, max_idle_ns: 440795236380 ns
2026-05-15T01:51:28.958252+00:00 loadgen-l2d1 kernel: Calibrating delay loop (skipped) preset value.. 4599.99 BogoMIPS (lpj=2299998)
2026-05-15T01:51:28.958253+00:00 loadgen-l2d1 kernel: Last level iTLB entries: 4KB 1024, 2MB 1024, 4MB 1024
2026-05-15T01:51:28.958251+00:00 loadgen-l2d1 multipathd[358]: reconfigure: setting up paths and maps
2026-05-15T01:51:28.958256+00:00 loadgen-l2d1 kernel: Last level dTLB entries: 4KB 1024, 2MB 1024, 4MB 1024, 1GB 4
2026-05-15T01:51:28.958257+00:00 loadgen-l2d1 kernel: mitigations: Enabled attack vectors: user_kernel, user_user, guest_host, guest_guest, SMT mitigations: auto
2026-05-15T01:51:28.958257+00:00 loadgen-l2d1 kernel: Speculative Store Bypass: Mitigation: Speculative Store Bypass disabled via prctl
2026-05-15T01:51:28.958258+00:00 loadgen-l2d1 kernel: Spectre V2 : Mitigation: IBRS
2026-05-15T01:51:28.958258+00:00 loadgen-l2d1 kernel: RETBleed: Mitigation: IBRS
2026-05-15T01:51:28.958258+00:00 loadgen-l2d1 kernel: ITS: Mitigation: Aligned branch/return thunks
2026-05-15T01:51:28.958258+00:00 loadgen-l2d1 sy[[0;32m  OK  [0m] Started [0;1;39mrsyslog.service[0m - System Logging Service.
stemd[1]: Finished systemd-tmpfiles-setup-dev.service - Create Static Device Nodes in /dev.
2026-05-15T01:51:28.958261+00:00 loadgen-l2d1 kernel: Spectre V2 : User space: Mitigation: STIBP via prctl
2026-05-15T01:51:28.958262+00:00 loadgen-l2d1 kernel: MDS: Mitigation: Clear CPU buffers
2026-05-15T01:51:28.958262+00:00 loadgen-l2d1 kernel: MMIO Stale Data: Vulnerable: Clear CPU buffers attempted, no microcode
2026-05-15T01:51:28.958263+00:00 loadgen-l2d1 kernel: Spectre V1 : Mitigation: usercopy/swapgs barriers and __user pointer sanitization
2026-05-15T01:51:28.958263+00:00 loadgen-l2d1 kernel: Spectre V2 : Spectre v2 / SpectreRSB: Filling RSB on context switch and VMEXIT
2026-05-15T01:51:28.958264+00:00 loadgen-l2d1 kernel: Spectre V2 : mitigation: Enabling conditional Indirect Branch Prediction Barrier
2026-05-15T01:51:28.958264+00:00 loadgen-l2d1 kernel: active return thunk: its_return_thunk
2026-05-15T01:51:28.958263+00:00 loadgen-l2d1 systemd[1]: Starting systemd-udevd.service - Rule-based Manager for Device Events and Files...
2026-05-15T01:51:28.958267+00:00 loadgen-l2d1 kernel: Spectre V2 : Spectre BHI mitigation: SW BHB clearing on syscall and VM exit
2026-05-15T01:51:28.958268+00:00 loadgen-l2d1 kernel: x86/fpu: Supporting XSAVE feature 0x001: 'x87 floating point registers'
2026-05-15T01:51:28.958269+00:00 loadgen-l2d1 kernel: x86/fpu: Supporting XSAVE feature 0x002: 'SSE registers'
2026-05-15T01:51:28.958268+00:00 loadgen-l2d1 systemd[1]: Finished systemd-udev-trigger.service - Coldplug All udev Devices.
2026-05-15T01:51:28.958269+00:00 loadgen-l2d1 kernel: x86/fpu: Supporting XSAVE feature 0x004: 'AVX registers'
2026-05-15T01:51:28.958272+00:00 loadgen-l2d1 kernel: x86/fpu: xstate_offset[2]:  576, xstate_sizes[2]:  256
2026-05-15T01:51:28.958272+00:00 loadgen-l2d1 kernel: x86/fpu: Enabled xstate features 0x7, context size is 832 bytes, using 'standard' format.
2026-05-15T01:51:28.958273+00:00 loadgen-l2d1 systemd-udevd[363]: Using default interface naming scheme 'v255'.
2026-05-15T01:51:28.958275+00:00 loadgen-l2d1 kernel: Freeing SMP alternatives memory: 52K
2026-05-15T01:51:28.958277+00:00 loadgen-l2d1 kernel: pid_max: default: 32768 minimum: 301
2026-05-15T01:51:28.958278+00:00 loadgen-l2d1 kernel: LSM: initializing lsm=lockdown,capability,landlock,yama,apparmor,ima,evm
2026-05-15T01:51:28.958278+00:00 loadgen-l2d1 kernel: landlock: Up and running.
2026-05-15T01:51:28.958279+00:00 loadgen-l2d1 kernel: Yama: becoming mindful.
2026-05-15T01:51:28.958279+00:00 loadgen-l2d1 kernel: AppArmor: AppArmor initialized
2026-05-15T01:51:28.958280+00:00 loadgen-l2d1 kernel: Mount-cache hash table entries: 131072 (order: 8, 1048576 bytes, linear)
2026-05-15T01:51:28.958278+00:00 loadgen-l2d1 systemd[1]: Started multipathd.service - Device-Mapper Multipath Device Controller.
2026-05-15T01:51:28.958283+00:00 loadgen-l2d1 kernel: Mountpoint-cache hash table entries: 131072 (order: 8, 1048576 bytes, linear)
2026-05-15T01:51:28.958284+00:00 loadgen-l2d1 kernel: smpboot: CPU0: Intel(R) Xeon(R) CPU @ 2.30GHz (family: 0x6, model: 0x3f, stepping: 0x0)
2026-05-15T01:51:28.958284+00:00 loadgen-l2d1 kernel: Performance Events: unsupported CPU family 6 model 63 no PMU driver, software events only.
2026-05-15T01:51:28.958284+00:00 loadgen-l2d1 kernel: signal: max sigframe size: 1776
2026-05-15T01:51:28.958285+00:00 loadgen-l2d1 kernel: rcu: Hierarchical SRCU implementation.
2026-05-15T01:51:28.958285+00:00 loadgen-l2d1 kernel: rcu: 	Max phase no-delay instances is 400.
2026-05-15T01:51:28.958283+00:00 loadgen-l2d1 systemd[1]: Started systemd-udevd.service - Rule-based Manager for Device Events and Files.
2026-05-15T01:51:28.958289+00:00 loadgen-l2d1 kernel: Timer migration: 2 hierarchy levels; 8 children per group; 2 crossnode level
2026-05-15T01:51:28.958289+00:00 loadgen-l2d1 kernel: NMI watchdog: Perf NMI watchdog permanently disabled
2026-05-15T01:51:28.958290+00:00 loadgen-l2d1 kernel: smp: Bringing up secondary CPUs ...
2026-05-15T01:51:28.958290+00:00 loadgen-l2d1 kernel: smpboot: x86: Booting SMP configuration:
2026-05-15T01:51:28.958291+00:00 loadgen-l2d1 kernel: .... node  #0, CPUs:        #1  #2  #3  #4  #5  #6  #7  #8  #9 #10 #11 #12 #13 #14 #15 #16 #17 #18 #19 #20 #21 #22 #23
2026-05-15T01:51:28.958291+00:00 loadgen-l2d1 kernel: MDS CPU bug present and SMT on, data leak possible. See https://www.kernel.org/doc/html/latest/admin-guide/hw-vuln/mds.html for more details.
2026-05-15T01:51:28.958291+00:00 loadgen-l2d1 systemd[1]: nvmefc-boot-connections.service - Auto-connect to subsystems on FC-NVME devices found during boot was skipped because of an unmet condition check (ConditionPathExists=/sys/class/fc/fc_udev_device/nvme_discovery).
2026-05-15T01:51:28.958294+00:00 loadgen-l2d1 kernel: MMIO Stale Data CPU bug present and SMT on, data leak possible. See https://www.kernel.org/doc/html/latest/admin-guide/hw-vuln/processor_mmio_stale_data.html for more details.
2026-05-15T01:51:28.958295+00:00 loadgen-l2d1 kernel: smp: Brought up 1 node, 24 CPUs
