2026-05-14 18:54:36,818 DEBUG    root            Loaded Command Group: ['gcloud', 'compute']
2026-05-14 18:54:36,820 DEBUG    root            Loaded Command Group: ['gcloud', 'compute', 'instances']
2026-05-14 18:54:36,821 DEBUG    root            Loaded Command Group: ['gcloud', 'compute', 'instances', 'get_serial_port_output']
2026-05-14 18:54:36,822 DEBUG    root            Running [gcloud.compute.instances.get-serial-port-output] with arguments: [--project: "env-integration-fenway", --zone: "us-central1-b", INSTANCE_NAME: "loadgen-wjzq"]
2026-05-14 18:54:36,823 DEBUG    root            On GCE from memory cache: False
2026-05-14 18:54:36,824 DEBUG    root            On GCE from memory cache: False
2026-05-14 18:54:36,918 DEBUG    urllib3.connectionpool Starting new HTTPS connection (1): compute.googleapis.com:443
2026-05-14 18:54:37,192 DEBUG    urllib3.connectionpool https://compute.googleapis.com:443 "GET /compute/v1/projects/env-integration-fenway/zones/us-central1-b/instances/loadgen-wjzq/serialPort?alt=json&port=1 HTTP/1.1" 200 None
2026-05-14 18:54:37,289 DEBUG    root            Chosen display Format:value[no-quote](contents)
2026-05-14 18:54:37,290 INFO     root            Display format: "value[no-quote](contents)"
2026-05-14 18:54:37,312 INFO     ___FILE_ONLY___ [2J[01;01H[=3h[2J[01;01H[2J[01;01H[=3h[2J[01;01HCSM BBS Table full.
BdsDxe: loading Boot0003 "Ubuntu" from PciRoot(0x0)/Pci(0x3,0x0)/Scsi(0x1,0x0)/HD(15,GPT,C848D457-4750-4825-A2CD-4EBFB870DC53,0x2800,0x35000)/\EFI\ubuntu\shimx64.efi
BdsDxe: starting Boot0003 "Ubuntu" from PciRoot(0x0)/Pci(0x3,0x0)/Scsi(0x1,0x0)/HD(15,GPT,C848D457-4750-4825-A2CD-4EBFB870DC53,0x2800,0x35000)/\EFI\ubuntu\shimx64.efi

UEFI: Attempting to start image.
Description: Ubuntu
FilePath: PciRoot(0x0)/Pci(0x3,0x0)/Scsi(0x1,0x0)/HD(15,GPT,C848D457-4750-4825-A2CD-4EBFB870DC53,0x2800,0x35000)/\EFI\ubuntu\shimx64.efi
OptionNumber: 3.

[H[J[1;1HGRUB_FORCE_PARTUUID set, attempting initrdless boot.
[    0.000000] Linux version 6.17.0-1013-gcp (buildd@lcy02-amd64-034) (x86_64-linux-gnu-gcc-13 (Ubuntu 13.3.0-6ubuntu2~24.04.1) 13.3.0, GNU ld (GNU Binutils for Ubuntu) 2.42) #13~24.04.1-Ubuntu SMP Thu Apr 16 02:10:24 UTC 2026 (Ubuntu 6.17.0-1013.13~24.04.1-gcp 6.17.13)
[    0.000000] Command line: BOOT_IMAGE=/vmlinuz-6.17.0-1013-gcp root=PARTUUID=6624332c-1f00-4e51-a0bf-94661fe17234 ro console=ttyS0,115200 panic=-1
[    0.000000] KERNEL supported cpus:
[    0.000000]   Intel GenuineIntel
[    0.000000]   AMD AuthenticAMD
[    0.000000]   Hygon HygonGenuine
[    0.000000]   Centaur CentaurHauls
[    0.000000]   zhaoxin   Shanghai  
[    0.000000] x86/CPU: Model not found in latest microcode list
[    0.000000] BIOS-provided physical RAM map:
[    0.000000] BIOS-e820: [mem 0x0000000000000000-0x0000000000000fff] reserved
[    0.000000] BIOS-e820: [mem 0x0000000000001000-0x0000000000054fff] usable
[    0.000000] BIOS-e820: [mem 0x0000000000055000-0x000000000005ffff] reserved
[    0.000000] BIOS-e820: [mem 0x0000000000060000-0x0000000000097fff] usable
[    0.000000] BIOS-e820: [mem 0x0000000000098000-0x000000000009ffff] reserved
[    0.000000] BIOS-e820: [mem 0x0000000000100000-0x00000000bd254fff] usable
[    0.000000] BIOS-e820: [mem 0x00000000bd255000-0x00000000bd25ffff] ACPI data
[    0.000000] BIOS-e820: [mem 0x00000000bd260000-0x00000000bf8ecfff] usable
[    0.000000] BIOS-e820: [mem 0x00000000bf8ed000-0x00000000bfb6cfff] reserved
[    0.000000] BIOS-e820: [mem 0x00000000bfb6d000-0x00000000bfb7efff] ACPI data
[    0.000000] BIOS-e820: [mem 0x00000000bfb7f000-0x00000000bfbfefff] ACPI NVS
[    0.000000] BIOS-e820: [mem 0x00000000bfbff000-0x00000000bffdffff] usable
[    0.000000] BIOS-e820: [mem 0x00000000bffe0000-0x00000000bfffffff] reserved
[    0.000000] BIOS-e820: [mem 0x0000000100000000-0x000000103fffffff] usable
[    0.000000] NX (Execute Disable) protection: active
[    0.000000] APIC: Static calls initialized
[    0.000000] efi: EFI v2.7 by EDK II
[    0.000000] efi: TPMFinalLog=0xbfbf7000 ACPI=0xbfb7e000 ACPI 2.0=0xbfb7e014 SMBIOS=0xbf9ca000 MEMATTR=0xbd260018 MOKvar=0xbf9c8000 RNG=0xbfb72018 TPMEventLog=0xbd255018 
[    0.000000] random: crng init done
[    0.000000] SMBIOS 2.4 present.
[    0.000000] DMI: Google Google Compute Engine/Google Compute Engine, BIOS Google 04/21/2026
[    0.000000] DMI: Memory slots populated: 4/4
[    0.000000] secureboot: Secure boot disabled
[    0.000000] Hypervisor detected: KVM
[    0.000000] last_pfn = 0xbffe0 max_arch_pfn = 0x400000000
[    0.000000] kvm-clock: Using msrs 4b564d01 and 4b564d00
[    0.000001] kvm-clock: using sched offset of 14921904406 cycles
[    0.000003] clocksource: kvm-clock: mask: 0xffffffffffffffff max_cycles: 0x1cd42e4dffb, max_idle_ns: 881590591483 ns
[    0.000007] tsc: Detected 2299.998 MHz processor
[    0.000085] last_pfn = 0x1040000 max_arch_pfn = 0x400000000
[    0.000121] MTRR map: 3 entries (2 fixed + 1 variable; max 18), built from 8 variable MTRRs
[    0.000125] x86/PAT: Configuration [0-7]: WB  WC  UC- UC  WB  WP  UC- WT  
[    0.000168] last_pfn = 0xbffe0 max_arch_pfn = 0x400000000
[    0.015930] Using GB pages for direct mapping
[    0.016162] secureboot: Secure boot disabled
[    0.016164] ACPI: Early table checksum verification disabled
[    0.016168] ACPI: RSDP 0x00000000BFB7E014 000024 (v02 Google)
[    0.016173] ACPI: XSDT 0x00000000BFB7D0E8 00005C (v01 Google GOOGFACP 00000001      01000013)
[    0.016180] ACPI: FACP 0x00000000BFB78000 0000F4 (v02 Google GOOGFACP 00000001 GOOG 00000001)
[    0.016188] ACPI: DSDT 0x00000000BFB79000 001A64 (v01 Google GOOGDSDT 00000001 GOOG 00000001)
[    0.016193] ACPI: FACS 0x00000000BFBF1000 000040
[    0.016197] ACPI: SSDT 0x00000000BFB7C000 000316 (v02 GOOGLE Tpm2Tabl 00001000 INTL 20250807)
[    0.016201] ACPI: TPM2 0x00000000BFB7B000 000034 (v04 GOOGLE          00000001 GOOG 00000001)
[    0.016206] ACPI: SRAT 0x00000000BFB77000 000228 (v03 Google GOOGSRAT 00000001 GOOG 00000001)
[    0.016210] ACPI: APIC 0x00000000BFB76000 000126 (v05 Google GOOGAPIC 00000001 GOOG 00000001)
[    0.016215] ACPI: SSDT 0x00000000BFB74000 0011D6 (v01 Google GOOGSSDT 00000001 GOOG 00000001)
[    0.016219] ACPI: WAET 0x00000000BFB73000 000028 (v01 Google GOOGWAET 00000001 GOOG 00000001)
[    0.016222] ACPI: Reserving FACP table memory at [mem 0xbfb78000-0xbfb780f3]
[    0.016224] ACPI: Reserving DSDT table memory at [mem 0xbfb79000-0xbfb7aa63]
[    0.016225] ACPI: Reserving FACS table memory at [mem 0xbfbf1000-0xbfbf103f]
[    0.016226] ACPI: Reserving SSDT table memory at [mem 0xbfb7c000-0xbfb7c315]
[    0.016226] ACPI: Reserving TPM2 table memory at [mem 0xbfb7b000-0xbfb7b033]
[    0.016227] ACPI: Reserving SRAT table memory at [mem 0xbfb77000-0xbfb77227]
[    0.016228] ACPI: Reserving APIC table memory at [mem 0xbfb76000-0xbfb76125]
[    0.016229] ACPI: Reserving SSDT table memory at [mem 0xbfb74000-0xbfb751d5]
[    0.016230] ACPI: Reserving WAET table memory at [mem 0xbfb73000-0xbfb73027]
[    0.016370] ACPI: SRAT: Node 0 PXM 0 [mem 0x00000000-0x0009ffff]
[    0.016374] ACPI: SRAT: Node 0 PXM 0 [mem 0x00100000-0xbfffffff]
[    0.016376] ACPI: SRAT: Node 0 PXM 0 [mem 0x100000000-0x103fffffff]
[    0.016384] NUMA: Node 0 [mem 0x00001000-0x0009ffff] + [mem 0x00100000-0xbfffffff] -> [mem 0x00001000-0xbfffffff]
[    0.016389] NUMA: Node 0 [mem 0x00001000-0xbfffffff] + [mem 0x100000000-0x103fffffff] -> [mem 0x00001000-0x103fffffff]
[    0.016415] NODE_DATA(0) allocated [mem 0x103ffd52c0-0x103fffffff]
[    0.016651] Zone ranges:
[    0.016652]   DMA      [mem 0x0000000000001000-0x0000000000ffffff]
[    0.016654]   DMA32    [mem 0x0000000001000000-0x00000000ffffffff]
[    0.016655]   Normal   [mem 0x0000000100000000-0x000000103fffffff]
[    0.016657]   Device   empty
[    0.016658] Movable zone start for each node
[    0.016660] Early memory node ranges
[    0.016660]   node   0: [mem 0x0000000000001000-0x0000000000054fff]
[    0.016662]   node   0: [mem 0x0000000000060000-0x0000000000097fff]
[    0.016663]   node   0: [mem 0x0000000000100000-0x00000000bd254fff]
[    0.016664]   node   0: [mem 0x00000000bd260000-0x00000000bf8ecfff]
[    0.016665]   node   0: [mem 0x00000000bfbff000-0x00000000bffdffff]
[    0.016666]   node   0: [mem 0x0000000100000000-0x000000103fffffff]
[    0.016671] Initmem setup node 0 [mem 0x0000000000001000-0x000000103fffffff]
[    0.016745] On node 0, zone DMA: 1 pages in unavailable ranges
[    0.016747] On node 0, zone DMA: 11 pages in unavailable ranges
[    0.016770] On node 0, zone DMA: 104 pages in unavailable ranges
[    0.021664] On node 0, zone DMA32: 11 pages in unavailable ranges
[    0.021680] On node 0, zone DMA32: 786 pages in unavailable ranges
[    0.124106] On node 0, zone Normal: 32 pages in unavailable ranges
[    0.124683] ACPI: PM-Timer IO Port: 0xb008
[    0.124706] ACPI: LAPIC_NMI (acpi_id[0xff] dfl dfl lint[0x1])
[    0.124788] IOAPIC[0]: apic_id 0, version 17, address 0xfec00000, GSI 0-23
[    0.124793] ACPI: INT_SRC_OVR (bus 0 bus_irq 5 global_irq 5 high level)
[    0.124795] ACPI: INT_SRC_OVR (bus 0 bus_irq 9 global_irq 9 high level)
[    0.124796] ACPI: INT_SRC_OVR (bus 0 bus_irq 10 global_irq 10 high level)
[    0.124798] ACPI: INT_SRC_OVR (bus 0 bus_irq 11 global_irq 11 high level)
[    0.124804] ACPI: Using ACPI (MADT) for SMP configuration information
[    0.124809] CPU topo: Max. logical packages:   1
[    0.124810] CPU topo: Max. logical dies:       1
[    0.124811] CPU topo: Max. dies per package:   1
[    0.124815] CPU topo: Max. threads per core:   2
[    0.124816] CPU topo: Num. cores per package:    12
[    0.124817] CPU topo: Num. threads per package:  24
[    0.124818] CPU topo: Allowing 24 present CPUs plus 0 hotplug CPUs
[    0.124848] PM: hibernation: Registered nosave memory: [mem 0x00000000-0x00000fff]
[    0.124850] PM: hibernation: Registered nosave memory: [mem 0x00055000-0x0005ffff]
[    0.124852] PM: hibernation: Registered nosave memory: [mem 0x00098000-0x000fffff]
[    0.124854] PM: hibernation: Registered nosave memory: [mem 0xbd255000-0xbd25ffff]
[    0.124855] PM: hibernation: Registered nosave memory: [mem 0xbf8ed000-0xbfbfefff]
[    0.124857] PM: hibernation: Registered nosave memory: [mem 0xbffe0000-0xffffffff]
[    0.124859] [mem 0xc0000000-0xffffffff] available for PCI devices
[    0.124861] Booting paravirtualized kernel on KVM
[    0.124863] clocksource: refined-jiffies: mask: 0xffffffff max_cycles: 0xffffffff, max_idle_ns: 1910969940391419 ns
[    0.124872] setup_percpu: NR_CPUS:8192 nr_cpumask_bits:24 nr_cpu_ids:24 nr_node_ids:1
[    0.126579] percpu: Embedded 84 pages/cpu s221184 r8192 d114688 u524288
[    0.126631] kvm-guest: PV spinlocks enabled
[    0.126634] PV qspinlock hash table entries: 256 (order: 0, 4096 bytes, linear)
[    0.126637] Kernel command line: BOOT_IMAGE=/vmlinuz-6.17.0-1013-gcp root=PARTUUID=6624332c-1f00-4e51-a0bf-94661fe17234 ro console=ttyS0,115200 panic=-1
[    0.126703] printk: log buffer data + meta data: 262144 + 917504 = 1179648 bytes
[    0.133295] Dentry cache hash table entries: 8388608 (order: 14, 67108864 bytes, linear)
[    0.136808] Inode-cache hash table entries: 4194304 (order: 13, 33554432 bytes, linear)
[    0.137425] software IO TLB: area num 32.
[    0.150452] Fallback order for Node 0: 0 
[    0.150459] Built 1 zonelists, mobility grouping on.  Total pages: 16776271
[    0.150460] Policy zone: Normal
[    0.150470] mem auto-init: stack:all(zero), heap alloc:on, heap free:off
[    0.300503] SLUB: HWalign=64, Order=0-3, MinObjects=0, CPUs=24, Nodes=1
[    0.300562] Kernel/User page tables isolation: enabled
[    0.313407] ftrace: allocating 61994 entries in 244 pages
[    0.313410] ftrace: allocated 244 pages with 5 groups
[    0.313826] rcu: Hierarchical RCU implementation.
[    0.313827] rcu: 	RCU restricting CPUs from NR_CPUS=8192 to nr_cpu_ids=24.
[    0.313829] 	Rude variant of Tasks RCU enabled.
[    0.313830] 	Tracing variant of Tasks RCU enabled.
[    0.313830] rcu: RCU calculated value of scheduler-enlistment delay is 100 jiffies.
[    0.313831] rcu: Adjusting geometry for rcu_fanout_leaf=16, nr_cpu_ids=24
[    0.313857] RCU Tasks Rude: Setting shift to 5 and lim to 1 rcu_task_cb_adjust=1 rcu_task_cpu_ids=24.
[    0.313861] RCU Tasks Trace: Setting shift to 5 and lim to 1 rcu_task_cb_adjust=1 rcu_task_cpu_ids=24.
[    0.318179] NR_IRQS: 524544, nr_irqs: 616, preallocated irqs: 16
[    0.318548] rcu: srcu_init: Setting srcu_struct sizes based on contention.
[    0.318677] Console: colour dummy device 80x25
[    0.318750] printk: legacy console [ttyS0] enabled
[    0.668462] ACPI: Core revision 20250404
[    0.669978] APIC: Switch to symmetric I/O mode setup
[    0.672697] x2apic enabled
[    0.676689] APIC: Switched APIC routing to: physical x2apic
[    0.684225] ..TIMER: vector=0x30 apic1=0 pin1=0 apic2=-1 pin2=-1
[    0.686767] clocksource: tsc-early: mask: 0xffffffffffffffff max_cycles: 0x212733415c7, max_idle_ns: 440795236380 ns
[    0.691004] Calibrating delay loop (skipped) preset value.. 4599.99 BogoMIPS (lpj=2299998)
[    0.692357] Last level iTLB entries: 4KB 1024, 2MB 1024, 4MB 1024
[    0.693002] Last level dTLB entries: 4KB 1024, 2MB 1024, 4MB 1024, 1GB 4
[    0.694023] mitigations: Enabled attack vectors: user_kernel, user_user, guest_host, guest_guest, SMT mitigations: auto
[    0.695004] Speculative Store Bypass: Mitigation: Speculative Store Bypass disabled via prctl
[    0.696002] Spectre V2 : Mitigation: IBRS
[    0.697001] RETBleed: Mitigation: IBRS
[    0.698001] ITS: Mitigation: Aligned branch/return thunks
[    0.699001] Spectre V2 : User space: Mitigation: STIBP via prctl
[    0.700002] MDS: Mitigation: Clear CPU buffers
[    0.701002] MMIO Stale Data: Vulnerable: Clear CPU buffers attempted, no microcode
[    0.702001] Spectre V1 : Mitigation: usercopy/swapgs barriers and __user pointer sanitization
[    0.703004] Spectre V2 : Spectre v2 / SpectreRSB: Filling RSB on context switch and VMEXIT
[    0.705004] Spectre V2 : mitigation: Enabling conditional Indirect Branch Prediction Barrier
[    0.706008] active return thunk: its_return_thunk
[    0.708002] Spectre V2 : Spectre BHI mitigation: SW BHB clearing on syscall and VM exit
[    0.709017] x86/fpu: Supporting XSAVE feature 0x001: 'x87 floating point registers'
[    0.710002] x86/fpu: Supporting XSAVE feature 0x002: 'SSE registers'
[    0.711002] x86/fpu: Supporting XSAVE feature 0x004: 'AVX registers'
[    0.712002] x86/fpu: xstate_offset[2]:  576, xstate_sizes[2]:  256
[    0.713002] x86/fpu: Enabled xstate features 0x7, context size is 832 bytes, using 'standard' format.
[    0.780212] Freeing SMP alternatives memory: 52K
[    0.781006] pid_max: default: 32768 minimum: 301
[    0.782124] LSM: initializing lsm=lockdown,capability,landlock,yama,apparmor,ima,evm
[    0.783021] landlock: Up and running.
[    0.784002] Yama: becoming mindful.
[    0.785062] AppArmor: AppArmor initialized
[    0.786294] Mount-cache hash table entries: 131072 (order: 8, 1048576 bytes, linear)
[    0.787180] Mountpoint-cache hash table entries: 131072 (order: 8, 1048576 bytes, linear)
[    0.890936] smpboot: CPU0: Intel(R) Xeon(R) CPU @ 2.30GHz (family: 0x6, model: 0x3f, stepping: 0x0)
[    0.892333] Performance Events: unsupported CPU family 6 model 63 no PMU driver, software events only.
[    0.893082] signal: max sigframe size: 1776
[    0.894047] rcu: Hierarchical SRCU implementation.
[    0.895002] rcu: 	Max phase no-delay instances is 400.
[    0.896084] Timer migration: 2 hierarchy levels; 8 children per group; 2 crossnode level
[    0.898729] NMI watchdog: Perf NMI watchdog permanently disabled
[    0.900287] smp: Bringing up secondary CPUs ...
[    0.901217] smpboot: x86: Booting SMP configuration:
[    0.902005] .... node  #0, CPUs:        #1  #2  #3  #4  #5  #6  #7  #8  #9 #10 #11 #12 #13 #14 #15 #16 #17 #18 #19 #20 #21 #22 #23
[    0.914092] MDS CPU bug present and SMT on, data leak possible. See https://www.kernel.org/doc/html/latest/admin-guide/hw-vuln/mds.html for more details.
[    0.916003] MMIO Stale Data CPU bug present and SMT on, data leak possible. See https://www.kernel.org/doc/html/latest/admin-guide/hw-vuln/processor_mmio_stale_data.html for more details.
[    0.923155] smp: Brought up 1 node, 24 CPUs
[    0.924004] smpboot: Total of 24 processors activated (110399.90 BogoMIPS)
[    0.927317] Memory: 65803296K/67105084K available (22206K kernel code, 4673K rwdata, 15608K rodata, 5404K init, 6100K bss, 1277628K reserved, 0K cma-reserved)
[    0.931087] devtmpfs: initialized
[    0.932106] x86/mm: Memory block size: 1024MB
[    0.935080] ACPI: PM: Registering ACPI NVS region [mem 0xbfb7f000-0xbfbfefff] (524288 bytes)
[    0.936126] clocksource: jiffies: mask: 0xffffffff max_cycles: 0xffffffff, max_idle_ns: 1911260446275000 ns
[    0.937084] posixtimers hash table entries: 16384 (order: 6, 262144 bytes, linear)
[    0.938126] futex hash table entries: 8192 (524288 bytes on 1 NUMA nodes, total 512 KiB, linear).
[    0.939180] pinctrl core: initialized pinctrl subsystem
[    0.940283] PM: RTC time: 01:51:15, date: 2026-05-15
[    0.942294] NET: Registered PF_NETLINK/PF_ROUTE protocol family
[    0.944223] DMA: preallocated 4096 KiB GFP_KERNEL pool for atomic allocations
[    0.946352] DMA: preallocated 4096 KiB GFP_KERNEL|GFP_DMA pool for atomic allocations
[    0.948610] DMA: preallocated 4096 KiB GFP_KERNEL|GFP_DMA32 pool for atomic allocations
[    0.949016] audit: initializing netlink subsys (disabled)
[    0.950039] audit: type=2000 audit(1778809875.249:1): state=initialized audit_enabled=0 res=1
[    0.950240] thermal_sys: Registered thermal governor 'fair_share'
[    0.951003] thermal_sys: Registered thermal governor 'bang_bang'
[    0.952003] thermal_sys: Registered thermal governor 'step_wise'
[    0.953003] thermal_sys: Registered thermal governor 'user_space'
[    0.954003] thermal_sys: Registered thermal governor 'power_allocator'
[    0.955020] cpuidle: using governor ladder
[    0.957010] cpuidle: using governor menu
[    0.958079] acpiphp: ACPI Hot Plug PCI Controller Driver version: 0.5
[    0.960088] PCI: Using configuration type 1 for base access
[    0.961121] kprobes: kprobe jump-optimization is enabled. All kprobes are optimized if possible.
[    0.962255] HugeTLB: registered 1.00 GiB page size, pre-allocated 0 pages
[    0.963004] HugeTLB: 16380 KiB vmemmap can be freed for a 1.00 GiB page
[    0.964003] HugeTLB: registered 2.00 MiB page size, pre-allocated 0 pages
[    0.965002] HugeTLB: 28 KiB vmemmap can be freed for a 2.00 MiB page
[    0.969633] ACPI: Added _OSI(Module Device)
[    0.970003] ACPI: Added _OSI(Processor Device)
[    0.971004] ACPI: Added _OSI(Processor Aggregator Device)
[    0.975981] ACPI: 3 ACPI AML tables successfully acquired and loaded
[    0.979724] ACPI: Interpreter enabled
[    0.980021] ACPI: PM: (supports S0 S3 S4 S5)
[    0.981003] ACPI: Using IOAPIC for interrupt routing
[    0.982328] PCI: Using host bridge windows from ACPI; if necessary, use "pci=nocrs" and report a bug
[    0.983002] PCI: Ignoring E820 reservations for host bridge windows
[    0.985178] ACPI: Enabled 16 GPEs in block 00 to 0F
[    0.993427] ACPI: PCI Root Bridge [PCI0] (domain 0000 [bus 00-ff])
[    0.994009] acpi PNP0A03:00: _OSC: OS supports [ASPM ClockPM Segments MSI EDR HPX-Type3]
[    0.995010] acpi PNP0A03:00: _OSC: not requesting OS control; OS requires [ExtendedConfig ASPM ClockPM MSI]
[    0.996020] acpi PNP0A03:00: fail to add MMCONFIG information, can't access extended configuration space under this bridge
[    0.998758] PCI host bridge to bus 0000:00
[    0.999008] pci_bus 0000:00: root bus resource [io  0x0000-0x0cf7 window]
[    1.000003] pci_bus 0000:00: root bus resource [io  0x0d00-0xffff window]
[    1.001003] pci_bus 0000:00: root bus resource [mem 0x000a0000-0x000bffff window]
[    1.002003] pci_bus 0000:00: root bus resource [mem 0xc0000000-0xc53fffff window]
[    1.003003] pci_bus 0000:00: root bus resource [mem 0xc5440000-0xee3fffff window]
[    1.004003] pci_bus 0000:00: root bus resource [mem 0xee440000-0xfebfefff window]
[    1.005003] pci_bus 0000:00: root bus resource [mem 0x1040000000-0x2103fffffff window]
[    1.006003] pci_bus 0000:00: root bus resource [bus 00-ff]
[    1.007069] pci 0000:00:00.0: [8086:1237] type 00 class 0x060000 conventional PCI endpoint
[    1.011192] pci 0000:00:01.0: [8086:7110] type 00 class 0x060100 conventional PCI endpoint
[    1.016548] pci 0000:00:01.3: [8086:7113] type 00 class 0x068000 conventional PCI endpoint
[    1.021177] pci 0000:00:01.3: quirk: [io  0xb000-0xb03f] claimed by PIIX4 ACPI
[    1.022926] pci 0000:00:03.0: [1af4:1004] type 00 class 0x000000 conventional PCI endpoint
[    1.032031] pci 0000:00:03.0: BAR 0 [io  0xc040-0xc07f]
[    1.033019] pci 0000:00:03.0: BAR 1 [mem 0xc1001000-0xc100107f]
[    1.035474] pci 0000:00:04.0: [10de:1eb8] type 00 class 0x030200 conventional PCI endpoint
[    1.050030] pci 0000:00:04.0: BAR 0 [mem 0xc0000000-0xc0ffffff]
[    1.051050] pci 0000:00:04.0: BAR 1 [mem 0x1040000000-0x104fffffff 64bit pref]
[    1.052033] pci 0000:00:04.0: BAR 3 [mem 0x1050000000-0x1051ffffff 64bit pref]
[    1.054291] pci 0000:00:05.0: [1af4:1000] type 00 class 0x020000 conventional PCI endpoint
[    1.063030] pci 0000:00:05.0: BAR 0 [io  0xc000-0xc03f]
[    1.064017] pci 0000:00:05.0: BAR 1 [mem 0xc1000000-0xc10003ff]
[    1.065674] pci 0000:00:06.0: [1af4:1005] type 00 class 0x00ff00 conventional PCI endpoint
[    1.075027] pci 0000:00:06.0: BAR 0 [io  0xc080-0xc09f]
[    1.076018] pci 0000:00:06.0: BAR 1 [mem 0xc1002000-0xc100203f]
[    1.090218] ACPI: PCI: Interrupt link LNKA configured for IRQ 10
[    1.092154] ACPI: PCI: Interrupt link LNKB configured for IRQ 10
[    1.094141] ACPI: PCI: Interrupt link LNKC configured for IRQ 11
[    1.096143] ACPI: PCI: Interrupt link LNKD configured for IRQ 11
[    1.098044] ACPI: PCI: Interrupt link LNKS configured for IRQ 9
[    1.103601] iommu: Default domain type: Translated
[    1.104004] iommu: DMA domain TLB invalidation policy: lazy mode
[    1.106280] SCSI subsystem initialized
[    1.108057] ACPI: bus type USB registered
[    1.109026] usbcore: registered new interface driver usbfs
[    1.110013] usbcore: registered new interface driver hub
[    1.111018] usbcore: registered new device driver usb
[    1.112032] pps_core: LinuxPPS API ver. 1 registered
[    1.113002] pps_core: Software ver. 5.3.6 - Copyright 2005-2007 Rodolfo Giometti <giometti@linux.it>
[    1.114023] PTP clock support registered
[    1.116014] EDAC MC: Ver: 3.0.0
[    1.118025] efivars: Registered efivars operations
[    1.120604] NetLabel: Initializing
[    1.121003] NetLabel:  domain hash size = 128
[    1.122002] NetLabel:  protocols = UNLABELED CIPSOv4 CALIPSO
[    1.124023] NetLabel:  unlabeled traffic allowed by default
[    1.126018] mctp: management component transport protocol core
[    1.127003] NET: Registered PF_MCTP protocol family
[    1.128020] PCI: Using ACPI for IRQ routing
[    1.129259] vgaarb: loaded
[    1.130215] clocksource: Switched to clocksource kvm-clock
[    1.132259] VFS: Disk quotas dquot_6.6.0
[    1.133757] VFS: Dquot-cache hash table entries: 512 (order 0, 4096 bytes)
[    1.137041] AppArmor: AppArmor Filesystem Enabled
[    1.138845] pnp: PnP ACPI init
[    1.140817] pnp: PnP ACPI: found 7 devices
[    1.149407] clocksource: acpi_pm: mask: 0xffffff max_cycles: 0xffffff, max_idle_ns: 2085701024 ns
[    1.152856] NET: Registered PF_INET protocol family
[    1.154976] IP idents hash table entries: 262144 (order: 9, 2097152 bytes, linear)
[    1.178573] tcp_listen_portaddr_hash hash table entries: 32768 (order: 7, 524288 bytes, linear)
[    1.181505] Table-perturb hash table entries: 65536 (order: 6, 262144 bytes, linear)
[    1.185100] TCP established hash table entries: 524288 (order: 10, 4194304 bytes, linear)
[    1.188618] TCP bind hash table entries: 65536 (order: 9, 2097152 bytes, linear)
[    1.191406] TCP: Hash tables configured (established 524288 bind 65536)
[    1.193926] MPTCP token hash table entries: 65536 (order: 9, 1572864 bytes, linear)
[    1.197016] UDP hash table entries: 32768 (order: 9, 2097152 bytes, linear)
[    1.200049] UDP-Lite hash table entries: 32768 (order: 9, 2097152 bytes, linear)
[    1.202932] NET: Registered PF_UNIX/PF_LOCAL protocol family
[    1.205168] NET: Registered PF_XDP protocol family
[    1.207048] pci_bus 0000:00: resource 4 [io  0x0000-0x0cf7 window]
[    1.209117] pci_bus 0000:00: resource 5 [io  0x0d00-0xffff window]
[    1.211306] pci_bus 0000:00: resource 6 [mem 0x000a0000-0x000bffff window]
[    1.213703] pci_bus 0000:00: resource 7 [mem 0xc0000000-0xc53fffff window]
[    1.216468] pci_bus 0000:00: resource 8 [mem 0xc5440000-0xee3fffff window]
[    1.218806] pci_bus 0000:00: resource 9 [mem 0xee440000-0xfebfefff window]
[    1.221383] pci_bus 0000:00: resource 10 [mem 0x1040000000-0x2103fffffff window]
[    1.224150] pci 0000:00:00.0: Limiting direct PCI/PCI transfers
[    1.226697] PCI: CLS 0 bytes, default 64
[    1.228238] PCI-DMA: Using software bounce buffering for IO (SWIOTLB)
[    1.230544] software IO TLB: mapped [mem 0x00000000b7f7f000-0x00000000bbf7f000] (64MB)
[    1.233705] clocksource: tsc: mask: 0xffffffffffffffff max_cycles: 0x212733415c7, max_idle_ns: 440795236380 ns
[    1.237001] clocksource: Switched to clocksource tsc
[    1.257273] Initialise system trusted keyrings
[    1.258722] Key type blacklist registered
[    1.260429] workingset: timestamp_bits=36 max_order=24 bucket_order=0
[    1.263140] squashfs: version 4.0 (2009/01/31) Phillip Lougher
[    1.265773] fuse: init (API version 7.44)
[    1.268120] integrity: Platform Keyring initialized
[    1.269992] integrity: Machine keyring initialized
[    1.284973] Key type asymmetric registered
[    1.286651] Asymmetric key parser 'x509' registered
[    1.288702] Block layer SCSI generic (bsg) driver version 0.4 loaded (major 242)
[    1.291217] io scheduler mq-deadline registered
[    1.295500] ledtrig-cpu: registered to indicate activity on CPUs
[    1.297686] input: Power Button as /devices/LNXSYSTM:00/LNXPWRBN:00/input/input0
[    1.300402] ACPI: button: Power Button [PWRF]
[    1.302132] input: Sleep Button as /devices/LNXSYSTM:00/LNXSLPBN:00/input/input1
[    1.304905] ACPI: button: Sleep Button [SLPF]
[    1.314500] ACPI: \_SB_.LNKC: Enabled at IRQ 11
[    1.316063] virtio-pci 0000:00:03.0: virtio_pci: leaving for legacy driver
[    1.326742] ACPI: \_SB_.LNKA: Enabled at IRQ 10
[    1.328181] virtio-pci 0000:00:05.0: virtio_pci: leaving for legacy driver
[    1.339376] ACPI: \_SB_.LNKB: Enabled at IRQ 10
[    1.341102] virtio-pci 0000:00:06.0: virtio_pci: leaving for legacy driver
[    1.348825] Serial: 8250/16550 driver, 32 ports, IRQ sharing enabled
[    1.374480] 00:03: ttyS0 at I/O 0x3f8 (irq = 4, base_baud = 115200) is a 16550A
[    1.399899] 00:04: ttyS1 at I/O 0x2f8 (irq = 3, base_baud = 115200) is a 16550A
[    1.425599] 00:05: ttyS2 at I/O 0x3e8 (irq = 6, base_baud = 115200) is a 16550A
[    1.451094] 00:06: ttyS3 at I/O 0x2e8 (irq = 7, base_baud = 115200) is a 16550A
[    1.456308] Linux agpgart interface v0.103
[    1.459507] tpm_tis MSFT0101:00: 2.0 TPM (device-id 0x9009, rev-id 0)
[    1.478715] loop: module loaded
[    1.484036] virtio_scsi virtio0: 1/0/0 default/read/poll queues
[    1.503462] scsi host0: Virtio SCSI HBA
[    1.505018] blk-mq: reduced tag depth to 10240
[    1.512193] Key type psk registered
[    1.512597] scsi 0:0:1:0: Direct-Access     Google   PersistentDisk   1    PQ: 0 ANSI: 6
[    1.514868] ACPI: bus type drm_connector registered
[    1.518512] tun: Universal TUN/TAP device driver, 1.6
[    1.627960] sd 0:0:1:0: Attached scsi generic sg0 type 0
[    1.628178] sd 0:0:1:0: [sda] 4194304000 512-byte logical blocks: (2.15 TB/1.95 TiB)
[    1.668679] sd 0:0:1:0: [sda] 4096-byte physical blocks
[    1.688375] sd 0:0:1:0: [sda] Write Protect is off
[    1.707754] sd 0:0:1:0: [sda] Write cache: enabled, read cache: enabled, doesn't support DPO or FUA
[    1.745189] PPP generic driver version 2.4.2
[    1.746971] i8042: PNP: PS/2 Controller [PNP0303:KBD,PNP0f13:MOU] at 0x60,0x64 irq 1,12
[    1.749910] i8042: Warning: Keylock active
[    1.753381] serio: i8042 KBD port at 0x60,0x64 irq 1
[    1.754920] serio: i8042 AUX port at 0x60,0x64 irq 12
[    1.756829] mousedev: PS/2 mouse device common for all mice
[    1.758813] rtc_cmos 00:00: RTC can wake from S4
[    1.761656] rtc_cmos 00:00: registered as rtc0
[    1.763305] rtc_cmos 00:00: setting system clock to 2026-05-15T01:51:16 UTC (1778809876)
[    1.765920] GPT:Primary header thinks Alt. header is not at the end of the disk.
[    1.766129] rtc_cmos 00:00: alarms up to one day, 114 bytes nvram
[    1.768699] GPT:104857599 != 4194303999
[    1.770985] i2c_dev: i2c /dev entries driver
[    1.772132] GPT:Alternate GPT header not at the end of the disk.
[    1.772133] GPT:104857599 != 4194303999
[    1.772134] GPT: Use GNU Parted to correct GPT errors.
[    1.772141]  sda: sda1 sda14 sda15 sda16
[    1.772525] sd 0:0:1:0: [sda] Attached SCSI disk
[    1.773544] device-mapper: core: CONFIG_IMA_DISABLE_HTABLE is disabled. Duplicate IMA measurements will not be recorded in the IMA log.
[    1.785663] device-mapper: uevent: version 1.0.3
[    1.787419] device-mapper: ioctl: 4.50.0-ioctl (2025-04-28) initialised: dm-devel@lists.linux.dev
[    1.790225] intel_pstate: CPU model not supported
[    1.792064] drop_monitor: Initializing network drop monitor service
[    1.794998] NET: Registered PF_INET6 protocol family
[    1.797522] Segment Routing with IPv6
[    1.798934] In-situ OAM (IOAM) with IPv6
[    1.800304] NET: Registered PF_PACKET protocol family
[    1.802481] Key type dns_resolver registered
[    1.809783] IPI shorthand broadcast: enabled
[    1.813637] sched_clock: Marking stable (1447004226, 366441680)->(2065826109, -252380203)
[    1.816696] registered taskstats version 1
[    1.820932] Loading compiled-in X.509 certificates
[    1.823422] Loaded X.509 cert 'Build time autogenerated kernel key: e45cb4cd1c398ae218369364b5dd9534d3664c1e'
[    1.826845] Loaded X.509 cert 'Canonical Ltd. Live Patch Signing 2025 Kmod: d541cef61dc7e793b7eb7e899970a2eef0b5dc8c'
[    1.830648] Loaded X.509 cert 'Canonical Ltd. Live Patch Signing: 14df34d1a87cf37625abec039ef2bf521249b969'
[    1.834163] Loaded X.509 cert 'Canonical Ltd. Kernel Module Signing: 88f752e560a1e0737e31163a466ad7b70a850c19'
[    1.837346] blacklist: Loading compiled-in revocation X.509 certificates
[    1.839543] Loaded X.509 cert 'Canonical Ltd. Secure Boot Signing: 61482aa2830d0ab2ad5af10b7250da9033ddcef0'
[    1.842697] Loaded X.509 cert 'Canonical Ltd. Secure Boot Signing (2017): 242ade75ac4a15e50d50c84b0d45ff3eae707a03'
[    1.846042] Loaded X.509 cert 'Canonical Ltd. Secure Boot Signing (ESM 2018): 365188c1d374d6b07c3c8f240f8ef722433d6a8b'
[    1.849141] Loaded X.509 cert 'Canonical Ltd. Secure Boot Signing (2019): c0746fd6c5da3ae827864651ad66ae47fe24b3e8'
[    1.852605] Loaded X.509 cert 'Canonical Ltd. Secure Boot Signing (2021 v1): a8d54bbb3825cfb94fa13c9f8a594a195c107b8d'
[    1.856029] Loaded X.509 cert 'Canonical Ltd. Secure Boot Signing (2021 v2): 4cf046892d6fd3c9a5b03f98d845f90851dc6a8c'
[    1.859203] Loaded X.509 cert 'Canonical Ltd. Secure Boot Signing (2021 v3): 100437bb6de6e469b581e61cd66bce3ef4ed53af'
[    1.862863] Loaded X.509 cert 'Canonical Ltd. Secure Boot Signing (Ubuntu Core 2019): c1d57b8f6b743f23ee41f4f7ee292f06eecadfb9'
[    1.871947] Demotion targets for Node 0: null
[    1.873623] Key type .fscrypt registered
[    1.874853] Key type fscrypt-provisioning registered
[    1.876541] Key type big_key registered
[    1.877826] Key type trusted registered
[    1.880564] Key type encrypted registered
[    1.881926] AppArmor: AppArmor sha256 policy hashing enabled
[    1.884413] integrity: Loading X.509 certificate: UEFI:db
[    1.886325] integrity: Loaded X.509 cert 'Microsoft Corporation UEFI CA 2011: 13adbf4309bd82709c8cd54f316ed522988a1bd4'
[    1.889701] integrity: Loading X.509 certificate: UEFI:db
[    1.891580] integrity: Loaded X.509 cert 'Microsoft Windows Production PCA 2011: a92902398e16c49778cd90f99e4f9ae17c55af53'
[    1.894890] integrity: Loading X.509 certificate: UEFI:db
[    1.896705] integrity: Loaded X.509 cert 'Microsoft Corporation: Windows UEFI CA 2023: aefc5fbbbe055d8f8daa585473499417ab5a5272'
[    1.900410] integrity: Loading X.509 certificate: UEFI:db
[    1.902141] integrity: Loaded X.509 cert 'Microsoft UEFI CA 2023: 81aa6b3244c935bce0d6628af39827421e32497d'
[    1.905353] integrity: Revoking X.509 certificate: UEFI:dbx
[    1.907265] blacklist: Revoked X.509 cert 'Canonical Ltd. Secure Boot Signing: 61482aa2830d0ab2ad5af10b7250da9033ddcef0'
[    1.910974] integrity: Revoking X.509 certificate: UEFI:dbx
[    1.912684] blacklist: Revoked X.509 cert 'Cisco: Virtual UEFI SubCA: 13df2e3f54ebf347dcaecebf21d3cbb2355a4c9a'
[    1.915680] integrity: Revoking X.509 certificate: UEFI:dbx
[    1.917252] blacklist: Revoked X.509 cert 'Debian Secure Boot Signer: 00a7468def'
[    1.920307] Loading compiled-in module X.509 certificates
[    1.922637] Loaded X.509 cert 'Build time autogenerated kernel key: e45cb4cd1c398ae218369364b5dd9534d3664c1e'
[    1.925895] ima: Allocated hash algorithm: sha256
[    1.965098] input: AT Translated Set 2 keyboard as /devices/platform/i8042/serio0/input/input2
[    1.968147] ima: No architecture policies found
[    1.969654] evm: Initialising EVM extended attributes:
[    1.971518] evm: security.selinux
[    1.972423] evm: security.SMACK64
[    1.973348] evm: security.SMACK64EXEC
[    1.974297] evm: security.SMACK64TRANSMUTE
[    1.975405] evm: security.SMACK64MMAP
[    1.976796] evm: security.apparmor
[    1.978276] evm: security.ima
[    1.979266] evm: security.capability
[    1.980447] evm: HMAC attrs: 0x1
[    1.982000] PM:   Magic number: 10:562:862
[    1.983412] processor cpu22: hash matches
[    1.987173] RAS: Correctable Errors collector initialized.
[    2.001576] clk: Disabling unused clocks
[    2.002927] PM: genpd: Disabling unused power domains
[    2.005131] check access for rdinit=/init failed: -2, ignoring
[    2.006038] md: Waiting for all devices to be available before autodetect
[    2.007072] md: If you don't use raid, use raid=noautodetect
[    2.007919] md: Autodetecting RAID arrays.
[    2.008551] md: autorun ...
[    2.009027] md: ... autorun DONE.
[    2.019351] EXT4-fs (sda1): mounted filesystem 89fcf612-67c3-434b-97ea-2cfdbfe01b5b ro with ordered data mode. Quota mode: none.
[    2.021173] VFS: Mounted root (ext4 filesystem) readonly on device 8:1.
[    2.031467] devtmpfs: mounted
[    2.034277] Freeing unused decrypted memory: 2028K
[    2.036899] Freeing unused kernel image (initmem) memory: 5404K
[    2.038126] Write protecting the kernel read-only data: 38912k
[    2.039845] Freeing unused kernel image (text/rodata gap) memory: 320K
[    2.041340] Freeing unused kernel image (rodata/data gap) memory: 776K
[    2.101435] x86/mm: Checked W+X mappings: passed, no W+X pages found.
[    2.102480] x86/mm: Checking user space page tables
[    2.159384] x86/mm: Checked W+X mappings: passed, no W+X pages found.
[    2.160448] Run /sbin/init as init process
[    2.356700] systemd[1]: Inserted module 'autofs4'
[    2.494062] systemd[1]: systemd 255.4-1ubuntu8.15 running in system mode (+PAM +AUDIT +SELINUX +APPARMOR +IMA +SMACK +SECCOMP +GCRYPT -GNUTLS +OPENSSL +ACL +BLKID +CURL +ELFUTILS +FIDO2 +IDN2 -IDN +IPTC +KMOD +LIBCRYPTSETUP +LIBFDISK +PCRE2 -PWQUALITY +P11KIT +QRENCODE +TPM2 +BZIP2 +LZ4 +XZ +ZLIB +ZSTD -BPF_FRAMEWORK -XKBCOMMON +UTMP +SYSVINIT default-hierarchy=unified)
[    2.499039] systemd[1]: Detected virtualization google.
[    2.499901] systemd[1]: Detected architecture x86-64.

Welcome to [1mUbuntu 24.04.4 LTS[0m!

[    2.506530] systemd[1]: No hostname configured, using default hostname.
[    2.507823] systemd[1]: Hostname set to <localhost>.
[    2.852955] systemd[1]: Queued start job for default target graphical.target.
[    2.875025] systemd[1]: Created slice system-modprobe.slice - Slice /system/modprobe.
[[0;32m  OK  [0m] Created slice [0;1;39msystem-modprobe.slice[0m - Slice /system/modprobe.
[    2.879089] systemd[1]: Created slice system-serial\x2dgetty.slice - Slice /system/serial-getty.
[[0;32m  OK  [0m] Created slice [0;1;39msystem-serial\x2dget…slice[0m - Slice /system/serial-getty.
[    2.884035] systemd[1]: Created slice system-systemd\x2dfsck.slice - Slice /system/systemd-fsck.
[[0;32m  OK  [0m] Created slice [0;1;39msystem-systemd\x2dfs…slice[0m - Slice /system/systemd-fsck.
[    2.888926] systemd[1]: Created slice user.slice - User and Session Slice.
[[0;32m  OK  [0m] Created slice [0;1;39muser.slice[0m - User and Session Slice.
[    2.892573] systemd[1]: Started systemd-ask-password-wall.path - Forward Password Requests to Wall Directory Watch.
[[0;32m  OK  [0m] Started [0;1;39msystemd-ask-password-wall.…[0md Requests to Wall Directory Watch.
[    2.897735] systemd[1]: Set up automount proc-sys-fs-binfmt_misc.automount - Arbitrary Executable File Formats File System Automount Point.
[[0;32m  OK  [0m] Set up automount [0;1;39mproc-sys-fs-binfm…[0mormats File System Automount Point.
[    2.902514] systemd[1]: Expecting device dev-disk-by\x2dlabel-BOOT.device - /dev/disk/by-label/BOOT...
         Expecting device [0;1;39mdev-disk-by\x2dla…device[0m - /dev/disk/by-label/BOOT...
[    2.907494] systemd[1]: Expecting device dev-disk-by\x2dlabel-UEFI.device - /dev/disk/by-label/UEFI...
         Expecting device [0;1;39mdev-disk-by\x2dla…device[0m - /dev/disk/by-label/UEFI...
[    2.911493] systemd[1]: Expecting device dev-ttyS0.device - /dev/ttyS0...
         Expecting device [0;1;39mdev-ttyS0.device[0m - /dev/ttyS0...
[    2.915511] systemd[1]: Reached target integritysetup.target - Local Integrity Protected Volumes.
[[0;32m  OK  [0m] Reached target [0;1;39mintegritysetup.targ…[0m Local Integrity Protected Volumes.
[    2.920551] systemd[1]: Reached target slices.target - Slice Units.
[[0;32m  OK  [0m] Reached target [0;1;39mslices.target[0m - Slice Units.
[    2.924511] systemd[1]: Reached target snapd.mounts-pre.target - Mounting snaps.
[[0;32m  OK  [0m] Reached target [0;1;39msnapd.mounts-pre.target[0m - Mounting snaps.
[    2.928512] systemd[1]: Reached target swap.target - Swaps.
[[0;32m  OK  [0m] Reached target [0;1;39mswap.target[0m - Swaps.
[    2.932520] systemd[1]: Reached target time-set.target - System Time Set.
[[0;32m  OK  [0m] Reached target [0;1;39mtime-set.target[0m - System Time Set.
[    2.936539] systemd[1]: Reached target veritysetup.target - Local Verity Protected Volumes.
[[0;32m  OK  [0m] Reached target [0;1;39mveritysetup.target[0m - Local Verity Protected Volumes.
[    2.940633] systemd[1]: Listening on dm-event.socket - Device-mapper event daemon FIFOs.
[[0;32m  OK  [0m] Listening on [0;1;39mdm-event.socket[0m - Device-mapper event daemon FIFOs.
[    2.945680] systemd[1]: Listening on lvm2-lvmpolld.socket - LVM2 poll daemon socket.
[[0;32m  OK  [0m] Listening on [0;1;39mlvm2-lvmpolld.socket[0m - LVM2 poll daemon socket.
[    2.949645] systemd[1]: Listening on multipathd.socket - multipathd control socket.
[[0;32m  OK  [0m] Listening on [0;1;39mmultipathd.socket[0m - multipathd control socket.
[    2.953657] systemd[1]: Listening on syslog.socket - Syslog Socket.
[[0;32m  OK  [0m] Listening on [0;1;39msyslog.socket[0m - Syslog Socket.
[    2.957622] systemd[1]: Listening on systemd-fsckd.socket - fsck to fsckd communication Socket.
[[0;32m  OK  [0m] Listening on [0;1;39msystemd-fsckd.socket[0m …fsck to fsckd communication Socket.
[    2.962593] systemd[1]: Listening on systemd-initctl.socket - initctl Compatibility Named Pipe.
[[0;32m  OK  [0m] Listening on [0;1;39msystemd-initctl.socke…[0m- initctl Compatibility Named Pipe.
[    2.967652] systemd[1]: Listening on systemd-journald-dev-log.socket - Journal Socket (/dev/log).
[[0;32m  OK  [0m] Listening on [0;1;39msystemd-journald-dev-…socket[0m - Journal Socket (/dev/log).
[    2.972681] systemd[1]: Listening on systemd-journald.socket - Journal Socket.
[[0;32m  OK  [0m] Listening on [0;1;39msystemd-journald.socket[0m - Journal Socket.
[    2.976722] systemd[1]: Listening on systemd-networkd.socket - Network Service Netlink Socket.
[[0;32m  OK  [0m] Listening on [0;1;39msystemd-networkd.socket[0m - Network Service Netlink Socket.
[    2.981539] systemd[1]: systemd-pcrextend.socket - TPM2 PCR Extension (Varlink) was skipped because of an unmet condition check (ConditionSecurity=measured-uki).
[    2.983918] systemd[1]: Listening on systemd-udevd-control.socket - udev Control Socket.
[[0;32m  OK  [0m] Listening on [0;1;39msystemd-udevd-control.socket[0m - udev Control Socket.
[    2.988670] systemd[1]: Listening on systemd-udevd-kernel.socket - udev Kernel Socket.
[[0;32m  OK  [0m] Listening on [0;1;39msystemd-udevd-kernel.socket[0m - udev Kernel Socket.
[    3.011557] systemd[1]: Mounting dev-hugepages.mount - Huge Pages File System...
         Mounting [0;1;39mdev-hugepages.mount[0m - Huge Pages File System...
[    3.016747] systemd[1]: Mounting dev-mqueue.mount - POSIX Message Queue File System...
         Mounting [0;1;39mdev-mqueue.mount[0m - POSIX Message Queue File System...
[    3.022535] systemd[1]: Mounting sys-kernel-debug.mount - Kernel Debug File System...
         Mounting [0;1;39msys-kernel-debug.mount[0m - Kernel Debug File System...
[    3.027559] systemd[1]: Mounting sys-kernel-tracing.mount - Kernel Trace File System...
         Mounting [0;1;39msys-kernel-tracing.mount[0m - Kernel Trace File System...
[    3.035458] systemd[1]: Starting systemd-journald.service - Journal Service...
         Starting [0;1;39msystemd-journald.service[0m - Journal Service...
[    3.041827] systemd[1]: Starting keyboard-setup.service - Set the console keyboard layout...
         Starting [0;1;39mkeyboard-setup.service[0m - Set the console keyboard layout...
[    3.047875] systemd[1]: Starting kmod-static-nodes.service - Create List of Static Device Nodes...
         Starting [0;1;39mkmod-static-nodes.service[0m…eate List of Static Device Nodes...
[    3.053783] systemd[1]: Starting lvm2-monitor.service - Monitoring of LVM2 mirrors, snapshots etc. using dmeventd or progress polling...
         Starting [0;1;39mlvm2-monitor.service[0m - Mo…ing dmeventd or progress polling...
[    3.058049] systemd-journald[284]: Collecting audit messages is disabled.
[    3.060337] systemd[1]: Starting modprobe@configfs.service - Load Kernel Module configfs...
         Starting [0;1;39mmodprobe@configfs.service[0m - Load Kernel Module configfs...
[    3.065725] systemd[1]: Starting modprobe@dm_mod.service - Load Kernel Module dm_mod...
         Starting [0;1;39mmodprobe@dm_mod.service[0m - Load Kernel Module dm_mod...
[    3.070638] systemd[1]: Starting modprobe@drm.service - Load Kernel Module drm...
         Starting [0;1;39mmodprobe@drm.service[0m - Load Kernel Module drm...
[    3.075558] systemd[1]: Starting modprobe@efi_pstore.service - Load Kernel Module efi_pstore...
         Starting [0;1;39mmodprobe@efi_pstore.servi…[0m - Load Kernel Module efi_pstore...
[    3.081710] systemd[1]: Starting modprobe@fuse.service - Load Kernel Module fuse...
         Starting [0;1;39mmodprobe@fuse.service[0m - Load Kernel Module fuse...
[    3.085649] pstore: Using crash dump compression: deflate
[    3.087796] systemd[1]: Starting modprobe@loop.service - Load Kernel Module loop...
         Starting [0;1;39mmodprobe@loop.service[0m - Load Kernel Module loop...
[    3.093551] systemd[1]: Starting modprobe@nvme_fabrics.service - Load Kernel Module nvme_fabrics...
[    3.094500] pstore: Registered efi_pstore as persistent store backend
         Starting [0;1;39mmodprobe@nvme_fabrics.ser…[0m Load Kernel Module nvme_fabrics...
[    3.098013] systemd[1]: netplan-ovs-cleanup.service - OpenVSwitch configuration for cleanup was skipped because of an unmet condition check (ConditionFileIsExecutable=/usr/bin/ovs-vsctl).
[    3.101776] systemd[1]: Starting systemd-fsck-root.service - File System Check on Root Device...
         Starting [0;1;39msystemd-fsck-root.service[0m…File System Check on Root Device...
[    3.109341] systemd[1]: Starting systemd-modules-load.service - Load Kernel Modules...
         Starting [0;1;39msystemd-modules-load.service[0m - Load Kernel Modules...
[    3.112270] systemd[1]: systemd-pcrmachine.service - TPM2 PCR Machine ID Measurement was skipped because of an unmet condition check (ConditionSecurity=measured-uki).
[    3.114645] systemd[1]: systemd-tpm2-setup-early.service - TPM2 SRK Setup (Early) was skipped because of an unmet condition check (ConditionSecurity=measured-uki).
[    3.118273] systemd[1]: Starting systemd-udev-trigger.service - Coldplug All udev Devices...
         Starting [0;1;39msystemd-udev-trigger.service[0m - Coldplug All udev Devices...
[    3.121345] systemd[1]: Started systemd-journald.service - Journal Service.
[[0;32m  OK  [0m] Started [0;1;39msystemd-journald.service[0m - Journal Service.
[[0;32m  OK  [0m] Mounted [0;1;39mdev-hugepages.mount[0m - Huge Pages File System.
[[0;32m  OK  [0m] Mounted [0;1;39mdev-mqueue.mount[0m - POSIX Message Queue File System.
[[0;32m  OK  [0m] Mounted [0;1;39msys-kernel-debug.mount[0m - Kernel Debug File System.
[[0;32m  OK  [0m] Mounted [0;1;39msys-kernel-tracing.mount[0m - Kernel Trace File System.
[[0;32m  OK  [0m] Finished [0;1;39mkeyboard-setup.service[0m - Set the console keyboard layout.
[[0;32m  OK  [0m] Finished [0;1;39mkmod-static-nodes.service[0m…Create List of Static Device Nodes.
[[0;32m  OK  [0m] Finished [0;1;39mmodprobe@configfs.service[0m - Load Kernel Module configfs.
[[0;32m  OK  [0m] Finished [0;1;39mmodprobe@dm_mod.service[0m - Load Kernel Module dm_mod.
[[0;32m  OK  [0m] Finished [0;1;39mmodprobe@drm.service[0m - Load Kernel Module drm.
[[0;32m  OK  [0m] Finished [0;1;39mmodprobe@efi_pstore.service[0m - Load Kernel Module efi_pstore.
[[0;32m  OK  [0m] Finished [0;1;39mmodprobe@fuse.service[0m - Load Kernel Module fuse.
[[0;32m  OK  [0m] Finished [0;1;39mmodprobe@loop.service[0m - Load Kernel Module loop.
[[0;32m  OK  [0m] Finished [0;1;39mmodprobe@nvme_fabrics.ser…[0m - Load Kernel Module nvme_fabrics.
[[0;32m  OK  [0m] Finished [0;1;39msystemd-modules-load.service[0m - Load Kernel Modules.
         Mounting [0;1;39msys-fs-fuse-connections.mount[0m - FUSE Control File System...
         Mounting [0;1;39msys-kernel-config.mount[0m - Kernel Configuration File System...
[[0;32m  OK  [0m] Started [0;1;39msystemd-fsckd.service[0m - Fi…stem Check Daemon to report status.
         Starting [0;1;39msystemd-sysctl.service[0m - Apply Kernel Variables...
         Starting [0;1;39msystemd-tmpfiles-setup-de…[0m Device Nodes in /dev gracefully...
[[0;32m  OK  [0m] Finished [0;1;39mlvm2-monitor.service[0m - Mo…using dmeventd or progress polling.
[[0;32m  OK  [0m] Finished [0;1;39msystemd-fsck-root.service[0m - File System Check on Root Device.
[[0;32m  OK  [0m] Mounted [0;1;39msys-fs-fuse-connections.mount[0m - FUSE Control File System.
[[0;32m  OK  [0m] Mounted [0;1;39msys-kernel-config.mount[0m - Kernel Configuration File System.
[[0;32m  OK  [0m] Finished [0;1;39msystemd-sysctl.service[0m - Apply Kernel Variables.
[[0;32m  OK  [0m] Finished [0;1;39msystemd-tmpfiles-setup-de…[0mic Device Nodes in /dev gracefully.
         Starting [0;1;39msystemd-remount-fs.servic…[0munt Root and Kernel File Systems...
[[0;32m  OK  [0m] Finished [0;1;39msystemd-remount-fs.servic…[0mmount Root and Kernel File Systems.
         Starting [0;1;39mmultipathd.service[0m - Devi…pper Multipath Device Controller...
         Starting [0;1;39msystemd-journal-flush.ser…[0msh Journal to Persistent Storage...
         Starting [0;1;39msystemd-random-seed.service[0m - Load/Save OS Random Seed...
         Starting [0;1;39msystemd-tmpfiles-setup-de…[0meate Static Device Nodes in /dev...
[[0;32m  OK  [0m] Finished [0;1;39msystemd-udev-trigger.service[0m - Coldplug All udev Devices.
[[0;32m  OK  [0m] Finished [0;1;39msystemd-random-seed.service[0m - Load/Save OS Random Seed.
[[0;32m  OK  [0m] Finished [0;1;39msystemd-tmpfiles-setup-de…[0mCreate Static Device Nodes in /dev.
         Starting [0;1;39msystemd-udevd.service[0m - R…ager for Device Events and Files...
[[0;32m  OK  [0m] Started [0;1;39mmultipathd.service[0m - Devic…Mapper Multipath Device Controller.
[[0;32m  OK  [0m] Started [0;1;39msystemd-udevd.service[0m - Ru…anager for Device Events and Files.
[[0;32m  OK  [0m] Reached target [0;1;39mlocal-fs-pre.target[0m…Preparation for Local File Systems.
         Mounting [0;1;39msnap-core22-2411.mount[0m - …t unit for core22, revision 2411...
         Mounting [0;1;39msnap-google\x2dcloud\x2dc…[0mr google-cloud-cli, revision 448...
         Mounting [0;1;39msnap-snapd-26865.mount[0m - …t unit for snapd, revision 26865...
[[0;32m  OK  [0m] Started [0;1;39msystemd-ask-password-conso…[0mequests to Console Directory Watch.
[[0;32m  OK  [0m] Reached target [0;1;39mcryptsetup.target[0m - Local Encrypted Volumes.
[[0;32m  OK  [0m] Finished [0;1;39msystemd-journal-flush.ser…[0mlush Journal to Persistent Storage.
[[0;32m  OK  [0m] Mounted [0;1;39msnap-core22-2411.mount[0m - Mount unit for core22, revision 2411.
[[0;32m  OK  [0m] Mounted [0;1;39msnap-google\x2dcloud\x2dcl…[0mfor google-cloud-cli, revision 448.
[[0;32m  OK  [0m] Mounted [0;1;39msnap-snapd-26865.mount[0m - Mount unit for snapd, revision 26865.
[[0;32m  OK  [0m] Found device [0;1;39mdev-ttyS0.device[0m - /dev/ttyS0.
[[0;32m  OK  [0m] Found device [0;1;39mdev-disk-by\x2dlabel-UEFI.device[0m - PersistentDisk UEFI.
[[0;32m  OK  [0m] Found device [0;1;39mdev-disk-by\x2dlabel-BOOT.device[0m - PersistentDisk BOOT.
[[0;32m  OK  [0m] Reached target [0;1;39msnapd.mounts.target[0m - Mounted snaps.
[[0;32m  OK  [0m] Listening on [0;1;39msystemd-rfkill.socket[0m…ll Switch Status /dev/rfkill Watch.
[    3.774768] 
         Starting [0;1;39msystemd-fsck@dev-disk-by\…[0mCheck on /dev/disk/by-label/BOOT...
         Starting [0;1;39msystemd-fsck@dev-disk-by\…[0mCheck on /dev/disk/by-label/UEFI...
Checking in progress on 1 disk (0.0% complete)[[0;32m  OK  [0m] Finished [0;1;39msystemd-fsck@dev-disk-by\…[0mm Check on /dev/disk/by-label/BOOT.
         Mounting [0;1;39mboot.mount[0m - /boot...
[[0;32m  OK  [0m] Mounted [0;1;39mboot.mount[0m - /boot.
Checking in progress on 0 disks (100.0% complete)[[0;32m  OK  [0m] Finished [0;1;39msystemd-fsck@dev-disk-by\…[0mm Check on /dev/disk/by-label/UEFI.
         Mounting [0;1;39mboot-efi.mount[0m - /boot/efi...
[[0;32m  OK  [0m] Mounted [0;1;39mboot-efi.mount[0m - /boot/efi.
[[0;32m  OK  [0m] Reached target [0;1;39mlocal-fs.target[0m - Local File Systems.
[[0;32m  OK  [0m] Listening on [0;1;39msystemd-sysext.socket[0m…tension Image Management (Varlink).
         Starting [0;1;39mapparmor.service[0m - Load AppArmor profiles...
         Starting [0;1;39mconsole-setup.service[0m - Set console font and keymap...
         Starting [0;1;39mfinalrd.service[0m - Create …time dir for shutdown pivot root...
         Starting [0;1;39mplymouth-read-write.servi…[0mymouth To Write Out Runtime Data...
         Starting [0;1;39msystemd-binfmt.service[0m - Set Up Additional Binary Formats...
         Starting [0;1;39msystemd-tmpfiles-setup.se…[0me Volatile Files and Directories...
         Starting [0;1;39mufw.service[0m - Uncomplicated firewall...
[[0;32m  OK  [0m] Finished [0;1;39mconsole-setup.service[0m - Set console font and keymap.
[[0;32m  OK  [0m] Finished [0;1;39mfinalrd.service[0m - Create …untime dir for shutdown pivot root.
[[0;32m  OK  [0m] Finished [0;1;39mapparmor.service[0m - Load AppArmor profiles.
[[0;32m  OK  [0m] Finished [0;1;39mplymouth-read-write.servi…[0mPlymouth To Write Out Runtime Data.
[[0;32m  OK  [0m] Finished [0;1;39msystemd-tmpfiles-setup.se…[0mate Volatile Files and Directories.
[[0;32m  OK  [0m] Finished [0;1;39mufw.service[0m - Uncomplicated firewall.
         Mounting [0;1;39mproc-sys-fs-binfmt_misc.m…[0mcutable File Formats File System...
         Starting [0;1;39msnapd.apparmor.service[0m - …iles managed internally by snapd...
         Starting [0;1;39msystemd-resolved.service[0m - Network Name Resolution...
         Starting [0;1;39msystemd-update-utmp.servi…[0mord System Boot/Shutdown in UTMP...
         Starting [0;1;39mcloud-init-local.service[0m …-init: Local Stage (pre-network)...
[[0;32m  OK  [0m] Mounted [0;1;39mproc-sys-fs-binfmt_misc.mo…[0mxecutable File Formats File System.
[[0;32m  OK  [0m] Finished [0;1;39msystemd-binfmt.service[0m - Set Up Additional Binary Formats.
         Starting [0;1;39mmodprobe@dm_mod.service[0m - Load Kernel Module dm_mod...
         Starting [0;1;39mmodprobe@efi_pstore.servi…[0m - Load Kernel Module efi_pstore...
         Starting [0;1;39mmodprobe@loop.service[0m - Load Kernel Module loop...
[[0;32m  OK  [0m] Finished [0;1;39msystemd-update-utmp.servi…[0mecord System Boot/Shutdown in UTMP.
[[0;32m  OK  [0m] Finished [0;1;39mmodprobe@dm_mod.service[0m - Load Kernel Module dm_mod.
[[0;32m  OK  [0m] Finished [0;1;39mmodprobe@efi_pstore.service[0m - Load Kernel Module efi_pstore.
[[0;32m  OK  [0m] Finished [0;1;39mmodprobe@loop.service[0m - Load Kernel Module loop.
[[0;32m  OK  [0m] Started [0;1;39msystemd-resolved.service[0m - Network Name Resolution.
[[0;32m  OK  [0m] Reached target [0;1;39mnss-lookup.target[0m - Host and Network Name Lookups.
[[0;32m  OK  [0m] Finished [0;1;39msnapd.apparmor.service[0m - …ofiles managed internally by snapd.
[    5.737837] cloud-init[707]: Cloud-init v. 25.3-0ubuntu1~24.04.1 running 'init-local' at Fri, 15 May 2026 01:51:20 +0000. Up 5.71 seconds.
         Starting [0;1;39mmodprobe@dm_mod.service[0m - Load Kernel Module dm_mod...
         Starting [0;1;39mmodprobe@efi_pstore.servi…[0m - Load Kernel Module efi_pstore...
         Starting [0;1;39mmodprobe@loop.service[0m - Load Kernel Module loop...
[[0;32m  OK  [0m] Finished [0;1;39mmodprobe@dm_mod.service[0m - Load Kernel Module dm_mod.
[[0;32m  OK  [0m] Finished [0;1;39mmodprobe@efi_pstore.service[0m - Load Kernel Module efi_pstore.
[[0;32m  OK  [0m] Finished [0;1;39mmodprobe@loop.service[0m - Load Kernel Module loop.
         Starting [0;1;39mmodprobe@dm_mod.service[0m - Load Kernel Module dm_mod...
         Starting [0;1;39mmodprobe@efi_pstore.servi…[0m - Load Kernel Module efi_pstore...
         Starting [0;1;39mmodprobe@loop.service[0m - Load Kernel Module loop...
[[0;32m  OK  [0m] Finished [0;1;39mmodprobe@dm_mod.service[0m - Load Kernel Module dm_mod.
[[0;32m  OK  [0m] Finished [0;1;39mmodprobe@efi_pstore.service[0m - Load Kernel Module efi_pstore.
[[0;32m  OK  [0m] Finished [0;1;39mmodprobe@loop.service[0m - Load Kernel Module loop.
[[0;32m  OK  [0m] Finished [0;1;39mcloud-init-local.service[0m …ud-init: Local Stage (pre-network).
[[0;32m  OK  [0m] Reached target [0;1;39mnetwork-pre.target[0m - Preparation for Network.
         Starting [0;1;39msystemd-networkd.service[0m - Network Configuration...
[[0;32m  OK  [0m] Started [0;1;39msystemd-networkd.service[0m - Network Configuration.
[[0;32m  OK  [0m] Reached target [0;1;39mnetwork.target[0m - Network.
         Starting [0;1;39msystemd-networkd-wait-onl…[0mait for Network to be Configured...
[[0;32m  OK  [0m] Finished [0;1;39msystemd-networkd-wait-onl…[0m Wait for Network to be Configured.
         Starting [0;1;39mcloud-init.service[0m - Cloud-init: Network Stage...
[    9.326426] cloud-init[801]: Cloud-init v. 25.3-0ubuntu1~24.04.1 running 'init' at Fri, 15 May 2026 01:51:24 +0000. Up 9.30 seconds.
[    9.340193] cloud-init[801]: ci-info: ++++++++++++++++++++++++++++++++++++++Net device info+++++++++++++++++++++++++++++++++++++++
[    9.353142] cloud-init[801]: ci-info: +--------+------+---------------------------+-----------------+--------+-------------------+
[    9.367225] cloud-init[801]: ci-info: | Device |  Up  |          Address          |       Mask      | Scope  |     Hw-Address    |
[    9.381231] cloud-init[801]: ci-info: +--------+------+---------------------------+-----------------+--------+-------------------+
[    9.395249] cloud-init[801]: ci-info: |  ens5  | True |        10.128.0.55        | 255.255.255.255 | global | 42:01:0a:80:00:37 |
[    9.409222] cloud-init[801]: ci-info: |  ens5  | True | fe80::4001:aff:fe80:37/64 |        .        |  link  | 42:01:0a:80:00:37 |
[    9.423121] cloud-init[801]: ci-info: |   lo   | True |         127.0.0.1         |    255.0.0.0    |  host  |         .         |
[    9.436267] cloud-init[801]: ci-info: |   lo   | True |          ::1/128          |        .        |  host  |         .         |
[    9.450226] cloud-init[801]: ci-info: +--------+------+---------------------------+-----------------+--------+-------------------+
[    9.463118] cloud-init[801]: ci-info: +++++++++++++++++++++++++++++++Route IPv4 info++++++++++++++++++++++++++++++++
[    9.475277] cloud-init[801]: ci-info: +-------+-----------------+------------+-----------------+-----------+-------+
[    9.488273] cloud-init[801]: ci-info: | Route |   Destination   |  Gateway   |     Genmask     | Interface | Flags |
[    9.500121] cloud-init[801]: ci-info: +-------+-----------------+------------+-----------------+-----------+-------+
[    9.512116] cloud-init[801]: ci-info: |   0   |     0.0.0.0     | 10.128.0.1 |     0.0.0.0     |    ens5   |   UG  |
[    9.525136] cloud-init[801]: ci-info: |   1   |    10.128.0.1   |  0.0.0.0   | 255.255.255.255 |    ens5   |   UH  |
[    9.537258] cloud-init[801]: ci-info: |   2   | 169.254.169.254 | 10.128.0.1 | 255.255.255.255 |    ens5   |  UGH  |
[    9.549228] cloud-init[801]: ci-info: +-------+-----------------+------------+-----------------+-----------+-------+
[    9.561130] cloud-init[801]: ci-info: +++++++++++++++++++Route IPv6 info+++++++++++++++++++
[    9.570201] cloud-init[801]: ci-info: +-------+-------------+---------+-----------+-------+
[    9.581167] cloud-init[801]: ci-info: | Route | Destination | Gateway | Interface | Flags |
[    9.592196] cloud-init[801]: ci-info: +-------+-------------+---------+-----------+-------+
[    9.601100] cloud-init[801]: ci-info: |   0   |  fe80::/64  |    ::   |    ens5   |   U   |
[    9.610100] cloud-init[801]: ci-info: |   2   |    local    |    ::   |    ens5   |   U   |
[    9.621279] cloud-init[801]: ci-info: |   3   |  multicast  |    ::   |    ens5   |   U   |
[    9.632197] cloud-init[801]: ci-info: +-------+-------------+---------+-----------+-------+
[   14.755126] cloud-init[801]: Generating public/private rsa key pair.
[   14.762291] cloud-init[801]: Your identification has been saved in /etc/ssh/ssh_host_rsa_key
[   14.773221] cloud-init[801]: Your public key has been saved in /etc/ssh/ssh_host_rsa_key.pub
[   14.783145] cloud-init[801]: The key fingerprint is:
[   14.789205] cloud-init[801]: SHA256:lQtqzyLX+wYcp6uTJ07YjqG8Xb9HFkpe66lb9yK/Izs root@loadgen-wjzq
[   14.800238] cloud-init[801]: The key's randomart image is:
[[0;32m  OK  [0m] Finished [0;1;39mcloud-init.service[0m - Cloud-init: Network Stage.
[   14.806350] cloud-init[801]: +---[RSA 3072]----+
[[0;32m  OK  [0m] Reached target [0;1;39mcloud-config.target[0m - Cloud-config availability.
[   14.821127] cloud-init[801]: |                 |
[[0;32m  OK  [0m] Reached target [0;1;39mnetwork-online.target[0m - Network is Online.
[[0;32m  OK  [0m] Reached target [0;1;39msysinit.target[0m - System Initialization.
[   14.831347] cloud-init[801]: |           .     |
[[0;32m  OK  [0m] Started [0;1;39mnvidia-cdi-refresh.path[0m - …r toolkit install / upgrade events.
[[0;32m  OK  [0m] Started [0;1;39mgce-workload-cert-refresh.…[0mWorkload Certificate refresh timer.
[[0;32m  OK  [0m] Started [0;1;39mgoogle-oslogin-cache.timer[0m - NSS cache refresh timer.
[   14.861262] cloud-init[801]: |        . o      |
[   14.897112] cloud-init[801]: |       .oo+.     |
[[0;32m  OK  [0m] Started [0;1;39msystemd-tmpfiles-clean.tim…[0my Cleanup of Temporary Directories.
[   14.897337] cloud-init[801]: |      o+S*.o     |
[[0;32m  OK  [0m] Started [0;1;39mupdate-notifier-download.t…[0mhat failed at package install time.
[   14.919114] cloud-init[801]: |     + +* +      |
[   14.935123] cloud-init[801]: |    + *.+*...    |
[[0;32m  OK  [0m] Reached target [0;1;39mpaths.target[0m - Path Units.
[   14.935325] cloud-init[801]: | . o O+oooE.o.   |
[[0;32m  OK  [0m] Listening on [0;1;39mcloud-init-hotplugd.s…t[0m - cloud-init hotplug hook socket.
[   14.954298] cloud-init[801]: |  +.o.+=*Bo*o+.  |
[   14.971262] cloud-init[801]: +----[SHA256]-----+
[[0;32m  OK  [0m] Listening on [0;1;39mdbus.socket[0m - D-Bus System Message Bus Socket.
[   14.971504] cloud-init[801]: Generating public/private ecdsa key pair.
         Starting [0;1;39mdocker.socket[0m - Docker Socket for the API...
[   14.994140] cloud-init[801]: Your identification has been saved in /etc/ssh/ssh_host_ecdsa_key
[   15.012123] cloud-init[801]: Your public key has been saved in /etc/ssh/ssh_host_ecdsa_key.pub
[[0;32m  OK  [0m] Listening on [0;1;39miscsid.socket[0m - Open-iSCSI iscsid Socket.
[   15.012327] cloud-init[801]: The key fingerprint is:
         Starting [0;1;39mlxd-installer.socket[0m - He…er to install lxd snap on demand...
[   15.036192] cloud-init[801]: SHA256:HNGZlg6y0yvfAvmVOQr8x05n1JGC9sOrHkv5HzAXt74 root@loadgen-wjzq
         Starting [0;1;39msnapd.socket[0m - Socket activation for snappy daemon...
[   15.057366] cloud-init[801]: The key's randomart image is:
[[0;32m  OK  [0m] Listening on [0;1;39mssh.socket[0m - OpenBSD Secure Shell server socket.
[   15.073202] cloud-init[801]: +---[ECDSA 256]---+
[[0;32m  OK  [0m] Listening on [0;1;39muuidd.socket[0m - UUID daemon activation socket.
[   15.084400] cloud-init[801]: |        .. +     |
[[0;32m  OK  [0m] Finished [0;1;39mblk-availability.service[0m - Availability of block devices.
[   15.104124] cloud-init[801]: |      . ..*.   . |
[[0;32m  OK  [0m] Listening on [0;1;39mdocker.socket[0m - Docker Socket for the API.
[   15.119348] cloud-init[801]: |       +.+o . + .|
[[0;32m  OK  [0m] Listening on [0;1;39mlxd-installer.socket[0m …lper to install lxd snap on demand.
[   15.128396] cloud-init[801]: |      o..o.o o +.|
[[0;32m  OK  [0m] Listening on [0;1;39msnapd.socket[0m - Socket activation for snappy daemon.
[   15.145401] cloud-init[801]: |     . oS. oB o. |
[[0;32m  OK  [0m] Reached target [0;1;39msockets.target[0m - Socket Units.
[[0;32m  OK  [0m] Reached target [0;1;39mbasic.target[0m - Basic System.
[   15.166333] cloud-init[801]: |      * . =o *.  |
[   15.189217] cloud-init[801]: |       B ==.+ .. |
[   15.195218] cloud-init[801]: |        *o+B   ..|
[   15.201126] cloud-init[801]: |         == ...E |
[   15.207129] cloud-init[801]: +----[SHA256]-----+
         Starting [0;1;39mchrony.service[0m - chrony, an NTP client/server...
[   15.207338] cloud-init[801]: Generating public/private ed25519 key pair.
         Starting [0;1;39mcloud-config.service[0m - Cloud-init: Config Stage...
[   15.230360] cloud-init[801]: Your identification has been saved in /etc/ssh/ssh_host_ed25519_key
         Starting [0;1;39mdbus.service[0m - D-Bus System Message Bus...
[   15.239410] cloud-init[801]: Your public key has been saved in /etc/ssh/ssh_host_ed25519_key.pub
[   15.257361] cloud-init[801]: The key fingerprint is:
[[0;32m  OK  [0m] Started [0;1;39mdmesg.service[0m - Save initial kernel messages after boot.
[   15.268402] cloud-init[801]: SHA256:9A56IqJBKD3xwesPoIBi+njur/XYgWEsztI0WJoSewU root@loadgen-wjzq
         Starting [0;1;39me2scrub_reap.service[0m - Re…ne ext4 Metadata Check Snapshots...
[   15.295349] cloud-init[801]: The key's randomart image is:
         Starting [0;1;39mgce-workload-cert-refresh…[0mGCE Workload Certificate refresh...
[   15.306354] cloud-init[801]: +--[ED25519 256]--+
[[0;32m  OK  [0m] Started [0;1;39mgoogle-osconfig-agent.service[0m - Google OSConfig Agent.
[   15.329191] cloud-init[801]: |  E              |
         Starting [0;1;39mgoogle-oslogin-cache.service[0m - NSS cache refresh...
[   15.344196] cloud-init[801]: |   o             |
[   15.357146] cloud-init[801]: |. o +   .        |
         Starting [0;1;39mgrub-common.service[0m - Record successful boot for GRUB...
[   15.357392] cloud-init[801]: |oO = o . .       |
         Starting [0;1;39mnetworkd-dispatcher.servi…[0mcher daemon for systemd-networkd...
[   15.376147] cloud-init[801]: |%oO *   S .      |
         Starting [0;1;39mnvidia-persistenced.service[0m - NVIDIA Persistence Daemon...
[   15.392186] cloud-init[801]: |OB B o . o       |
         Starting [0;1;39mnvmf-autoconnect.service[0m …ystems automatically during boot...
[   15.408154] cloud-init[801]: |= = * + . .      |
[   15.408372] cloud-init[801]: | *.o B +         |
         Starting [0;1;39mrsyslog.service[0m - System Logging Service...
[   15.422227] cloud-init[801]: |o+=oo +          |
         Starting [0;1;39msecureboot-db.service[0m - Secure Boot updates for DB and DBX...
[   15.435254] cloud-init[801]: +----[SHA256]-----+
[[0;32m  OK  [0m] Reached target [0;1;39mgetty-pre.target[0m - Preparation for Logins.
         Starting [0;1;39msnapd.seeded.service[0m - Wait until snapd is fully seeded...
         Starting [0;1;39msnapd.service[0m - Snap Daemon...
         Starting [0;1;39msysstat.service[0m - Resets System Activity Logs...
         Starting [0;1;39msystemd-logind.service[0m - User Login Management...
[[0;32m  OK  [0m] Started [0;1;39mubuntu-advantage.service[0m - Ubuntu Pro Background Auto Attach.
[[0;32m  OK  [0m] Started [0;1;39mdbus.service[0m - D-Bus System Message Bus.
[[0;32m  OK  [0m] Started [0;1;39mnetworkd-dispatcher.servic…[0matcher daemon for systemd-networkd.
[[0;32m  OK  [0m] Finished [0;1;39mgce-workload-cert-refresh…[0m- GCE Workload Certificate refresh.
[[0;32m  OK  [0m] Finished [0;1;39mgoogle-oslogin-cache.service[0m - NSS cache refresh.
[[0;32m  OK  [0m] Started [0;1;39msystemd-logind.service[0m - User Login Management.
[[0;32m  OK  [0m] Started [0;1;39mnvidia-persistenced.service[0m - NVIDIA Persistence Daemon.
[[0;32m  OK  [0m] Finished [0;1;39mnvmf-autoconnect.service[0m …bsystems automatically during boot.
[[0;32m  OK  [0m] Finished [0;1;39msysstat.service[0m - Resets System Activity Logs.
[[0;32m  OK  [0m] Finished [0;1;39mgrub-common.service[0m - Record successful boot for GRUB.
[   15.653851] cloud-init[1013]: Cloud-init v. 25.3-0ubuntu1~24.04.1 running 'modules:config' at Fri, 15 May 2026 01:51:30 +0000. Up 15.61 seconds.
[[0;32m  OK  [0m] Reached target [0;1;39mremote-fs-pre.targe…[0mreparation for Remote File Systems.
[[0;32m  OK  [0m] Reached target [0;1;39mremote-fs.target[0m - Remote File Systems.
         Starting [0;1;39mapport.service[0m - automatic crash report generation...
         Starting [0;1;39mcontainerd.service[0m - containerd container runtime...
[[0;32m  OK  [0m] Started [0;1;39mcron.service[0m - Regular background program processing daemon.
         Starting [0;1;39mgrub-initrd-fallback.service[0m - GRUB failed boot detection...
         Starting [0;1;39msystemd-hostnamed.service[0m - Hostname Service...
         Starting [0;1;39msystemd-user-sessions.service[0m - Permit User Sessions...
[[0;32m  OK  [0m] Started [0;1;39munattended-upgrades.service[0m - Unattended Upgrades Shutdown.
[[0;32m  OK  [0m] Started [0;1;39mchrony.service[0m - chrony, an NTP client/server.
[[0;32m  OK  [0m] Finished [0;1;39msecureboot-db.service[0m - Secure Boot updates for DB and DBX.
[[0;32m  OK  [0m] Finished [0;1;39me2scrub_reap.service[0m - Re…line ext4 Metadata Check Snapshots.
[[0;32m  OK  [0m] Finished [0;1;39msystemd-user-sessions.service[0m - Permit User Sessions.
[[0;32m  OK  [0m] Finished [0;1;39mgrub-initrd-fallback.service[0m - GRUB failed boot detection.
[[0;32m  OK  [0m] Finished [0;1;39mapport.service[0m - automatic crash report generation.
[[0;32m  OK  [0m] Started [0;1;39msystemd-hostnamed.service[0m - Hostname Service.
2026-05-15T01:51:31.041589+00:00 loadgen-wjzq systemd[1]: Mounted dev-hugepages.mount - Huge Pages File System.
[[0;32m  OK  [0m] Started [0;1;39mrsyslog.service[0m - System Logging Service.
2026-05-15T01:51:31.041748+00:00 loadgen-wjzq systemd[1]: Mounted dev-mqueue.mount - POSIX Message Queue File System.
2026-05-15T01:51:31.041778+00:00 loadgen-wjzq kernel: Linux version 6.17.0-1013-gcp (buildd@lcy02-amd64-034) (x86_64-linux-gnu-gcc-13 (Ubuntu 13.3.0-6ubuntu2~24.04.1) 13.3.0, GNU ld (GNU Binutils for Ubuntu) 2.42) #13~24.04.1-Ubuntu SMP Thu Apr 16 02:10:24 UTC 2026 (Ubuntu 6.17.0-1013.13~24.04.1-gcp 6.17.13)
2026-05-15T01:51:31.041782+00:00 loadgen-wjzq systemd[1]: Mounted sys-kernel-debug.mount - Kernel Debug File System.
2026-05-15T01:51:31.041786+00:00 loadgen-wjzq kernel: Command line: BOOT_IMAGE=/vmlinuz-6.17.0-1013-gcp root=PARTUUID=6624332c-1f00-4e51-a0bf-94661fe17234 ro console=ttyS0,115200 panic=-1
2026-05-15T01:51:31.041787+00:00 loadgen-wjzq kernel: KERNEL supported cpus:
2026-05-15T01:51:31.041788+00:00 loadgen-wjzq kernel:   Intel GenuineIntel
2026-05-15T01:51:31.041788+00:00 loadgen-wjzq kernel:   AMD AuthenticAMD
2026-05-15T01:51:31.041789+00:00 loadgen-wjzq kernel:   Hygon HygonGenuine
2026-05-15T01:51:31.041789+00:00 loadgen-wjzq kernel:   Centaur CentaurHauls
2026-05-15T01:51:31.041788+00:00 loadgen-wjzq systemd[1]: Mounted sys-kernel-tracing.mount - Kernel Trace File System.
2026-05-15T01:51:31.041792+00:00 loadgen-wjzq kernel:   zhaoxin   Shanghai  
2026-05-15T01:51:31.041793+00:00 loadgen-wjzq kernel: x86/CPU: Model not found in latest microcode list
2026-05-15T01:51:31.041794+00:00 loadgen-wjzq kernel: BIOS-provided physical RAM map:
2026-05-15T01:51:31.041794+00:00 loadgen-wjzq kernel: BIOS-e820: [mem 0x0000000000000000-0x0000000000000fff] reserved
2026-05-15T01:51:31.041793+00:00 loadgen-wjzq systemd[1]: Finished keyboard-setup.service - Set the console keyboard layout.
2026-05-15T01:51:31.041795+00:00 loadgen-wjzq kernel: BIOS-e820: [mem 0x0000000000001000-0x0000000000054fff] usable
2026-05-15T01:51:31.041800+00:00 loadgen-wjzq kernel: BIOS-e820: [mem 0x0000000000055000-0x000000000005ffff] reserved
2026-05-15T01:51:31.041799+00:00 loadgen-wjzq systemd[1]: Finished kmod-static-nodes.service - Create List of Static Device Nodes.
2026-05-15T01:51:31.041803+00:00 loadgen-wjzq kernel: BIOS-e820: [mem 0x0000000000060000-0x0000000000097fff] usable
2026-05-15T01:51:31.041804+00:00 loadgen-wjzq kernel: BIOS-e820: [mem 0x0000000000098000-0x000000000009ffff] reserved
2026-05-15T01:51:31.041804+00:00 loadgen-wjzq kernel: BIOS-e820: [mem 0x0000000000100000-0x00000000bd254fff] usable
2026-05-15T01:51:31.041805+00:00 loadgen-wjzq kernel: BIOS-e820: [mem 0x00000000bd255000-0x00000000bd25ffff] ACPI data
2026-05-15T01:51:31.041805+00:00 loadgen-wjzq kernel: BIOS-e820: [mem 0x00000000bd260000-0x00000000bf8ecfff] usable
2026-05-15T01:51:31.041806+00:00 loadgen-wjzq kernel: BIOS-e820: [mem 0x00000000bf8ed000-0x00000000bfb6cfff] reserved
2026-05-15T01:51:31.041806+00:00 loadgen-wjzq kernel: BIOS-e820: [mem 0x00000000bfb6d000-0x00000000bfb7efff] ACPI data
2026-05-15T01:51:31.041804+00:00 loadgen-wjzq systemd[1]: modprobe@configfs.service: Deactivated successfully.
2026-05-15T01:51:31.041809+00:00 loadgen-wjzq kernel: BIOS-e820: [mem 0x00000000bfb7f000-0x00000000bfbfefff] ACPI NVS
2026-05-15T01:51:31.041810+00:00 loadgen-wjzq kernel: BIOS-e820: [mem 0x00000000bfbff000-0x00000000bffdffff] usable
2026-05-15T01:51:31.041810+00:00 loadgen-wjzq kernel: BIOS-e820: [mem 0x00000000bffe0000-0x00000000bfffffff] reserved
2026-05-15T01:51:31.041811+00:00 loadgen-wjzq kernel: BIOS-e820: [mem 0x0000000100000000-0x000000103fffffff] usable
2026-05-15T01:51:31.041811+00:00 loadgen-wjzq kernel: NX (Execute Disable) protection: active
2026-05-15T01:51:31.041811+00:00 loadgen-wjzq kernel: APIC: Static calls initialized
2026-05-15T01:51:31.041810+00:00 loadgen-wjzq systemd[1]: Finished modprobe@configfs.service - Load Kernel Module configfs.
2026-05-15T01:51:31.041815+00:00 loadgen-wjzq kernel: efi: EFI v2.7 by EDK II
2026-05-15T01:51:31.041818+00:00 loadgen-wjzq kernel: efi: TPMFinalLog=0xbfbf7000 ACPI=0xbfb7e000 ACPI 2.0=0xbfb7e014 SMBIOS=0xbf9ca000 MEMATTR=0xbd260018 MOKvar=0xbf9c8000 RNG=0xbfb72018 TPMEventLog=0xbd255018 
2026-05-15T01:51:31.041819+00:00 loadgen-wjzq kernel: random: crng init done
2026-05-15T01:51:31.041819+00:00 loadgen-wjzq kernel: SMBIOS 2.4 present.
2026-05-15T01:51:31.041819+00:00 loadgen-wjzq kernel: DMI: Google Google Compute Engine/Google Compute Engine, BIOS Google 04/21/2026
2026-05-15T01:51:31.041820+00:00 loadgen-wjzq kernel: DMI: Memory slots populated: 4/4
2026-05-15T01:51:31.041819+00:00 loadgen-wjzq systemd[1]: modprobe@dm_mod.service: Deactivated successfully.
2026-05-15T01:51:31.041823+00:00 loadgen-wjzq kernel: secureboot: Secure boot disabled
2026-05-15T01:51:31.041824+00:00 loadgen-wjzq kernel: Hypervisor detected: KVM
2026-05-15T01:51:31.041824+00:00 loadgen-wjzq kernel: last_pfn = 0xbffe0 max_arch_pfn = 0x400000000
2026-05-15T01:51:31.041825+00:00 loadgen-wjzq kernel: kvm-clock: Using msrs 4b564d01 and 4b564d00
2026-05-15T01:51:31.041825+00:00 loadgen-wjzq kernel: kvm-clock: using sched offset of 14921904406 cycles
2026-05-15T01:51:31.041824+00:00 loadgen-wjzq systemd[1]: Finished modprobe@dm_mod.service - Load Kernel Module dm_mod.
2026-05-15T01:51:31.041826+00:00 loadgen-wjzq kernel: clocksource: kvm-clock: mask: 0xffffffffffffffff max_cycles: 0x1cd42e4dffb, max_idle_ns: 881590591483 ns
2026-05-15T01:51:31.041828+00:00 loadgen-wjzq kernel: tsc: Detected 2299.998 MHz processor
2026-05-15T01:51:31.041829+00:00 loadgen-wjzq systemd[1]: modprobe@drm.service: Deactivated successfully.
2026-05-15T01:51:31.041831+00:00 loadgen-wjzq kernel: e820: update [mem 0x00000000-0x00000fff] usable ==> reserved
2026-05-15T01:51:31.041833+00:00 loadgen-wjzq kernel: e820: remove [mem 0x000a0000-0x000fffff] usable
2026-05-15T01:51:31.041834+00:00 loadgen-wjzq kernel: last_pfn = 0x1040000 max_arch_pfn = 0x400000000
2026-05-15T01:51:31.041834+00:00 loadgen-wjzq kernel: MTRR map: 3 entries (2 fixed + 1 variable; max 18), built from 8 variable MTRRs
2026-05-15T01:51:31.041835+00:00 loadgen-wjzq kernel: x86/PAT: Configuration [0-7]: WB  WC  UC- UC  WB  WP  UC- WT  
2026-05-15T01:51:31.041835+00:00 loadgen-wjzq kernel: last_pfn = 0xbffe0 max_arch_pfn = 0x400000000
2026-05-15T01:51:31.041834+00:00 loadgen-wjzq systemd[1]: Finished modprobe@drm.service - Load Kernel Module drm.
2026-05-15T01:51:31.041838+00:00 loadgen-wjzq kernel: Using GB pages for direct mapping
2026-05-15T01:51:31.041839+00:00 loadgen-wjzq kernel: secureboot: Secure boot disabled
2026-05-15T01:51:31.041839+00:00 loadgen-wjzq kernel: ACPI: Early table checksum verification disabled
2026-05-15T01:51:31.041840+00:00 loadgen-wjzq kernel: ACPI: RSDP 0x00000000BFB7E014 000024 (v02 Google)
2026-05-15T01:51:31.041840+00:00 loadgen-wjzq kernel: ACPI: XSDT 0x00000000BFB7D0E8 00005C (v01 Google GOOGFACP 00000001      01000013)
2026-05-15T01:51:31.041841+00:00 loadgen-wjzq kernel: ACPI: FACP 0x00000000BFB78000 0000F4 (v02 Google GOOGFACP 00000001 GOOG 00000001)
2026-05-15T01:51:31.041840+00:00 loadgen-wjzq systemd[1]: modprobe@efi_pstore.service: Deactivated successfully.
2026-05-15T01:51:31.041844+00:00 loadgen-wjzq kernel: ACPI: DSDT 0x00000000BFB79000 001A64 (v01 Google GOOGDSDT 00000001 GOOG 00000001)
2026-05-15T01:51:31.041845+00:00 loadgen-wjzq kernel: ACPI: FACS 0x00000000BFBF1000 000040
2026-05-15T01:51:31.041845+00:00 loadgen-wjzq kernel: ACPI: SSDT 0x00000000BFB7C000 000316 (v02 GOOGLE Tpm2Tabl 00001000 INTL 20250807)
2026-05-15T01:51:31.041846+00:00 loadgen-wjzq kernel: ACPI: TPM2 0x00000000BFB7B000 000034 (v04 GOOGLE          00000001 GOOG 00000001)
2026-05-15T01:51:31.041846+00:00 loadgen-wjzq kernel: ACPI: SRAT 0x00000000BFB77000 000228 (v03 Google GOOGSRAT 00000001 GOOG 00000001)
2026-05-15T01:51:31.041847+00:00 loadgen-wjzq kernel: ACPI: APIC 0x00000000BFB76000 000126 (v05 Google GOOGAPIC 00000001 GOOG 00000001)
2026-05-15T01:51:31.041847+00:00 loadgen-wjzq kernel: ACPI: SSDT 0x00000000BFB74000 0011D6 (v01 Google GOOGSSDT 00000001 GOOG 00000001)
2026-05-15T01:51:31.041845+00:00 loadgen-wjzq systemd[1]: Finished modprobe@efi_pstore.service - Load Kernel Module efi_pstore.
2026-05-15T01:51:31.041850+00:00 loadgen-wjzq kernel: ACPI: WAET 0x00000000BFB730         Stopping [0;1;39mchrony.service[0m - chrony, an NTP client/server...
00 000028 (v01 Google GOOGWAET 00000001 GOOG 00000001)
2026-05-15T01:51:31.041851+00:00 loadgen-wjzq kernel: ACPI: Reserving FACP table memory at [mem 0xbfb78000-0xbfb780f3]
2026-05-15T01:51:31.041852+00:00 loadgen-wjzq kernel: ACPI: Reserving DSDT table memory at [mem 0xbfb79000-0xbfb7aa63]
2026-05-15T01:51:31.041852+00:00 loadgen-wjzq kernel: ACPI: Reserving FACS table memory at [mem 0xbfbf1000-0xbfbf103f]
2026-05-15T01:51:31.041852+00:00 loadgen-wjzq kernel: ACPI: Reserving SSDT table memory at [mem 0xbfb7c000-0xbfb7c315]
2026-05-15T01:51:31.041853+00:00 loadgen-wjzq kernel: ACPI: Reserving TPM2 table memory at [mem 0xbfb7b000-0xbfb7b033]
2026-05-15T01:51:31.041852+00:00 loadgen-wjzq systemd[1]: modprobe@fuse.service: Deactivated successfully.
2026-05-15T01:51:31.041856+00:00 loadgen-wjzq kernel: ACPI: Reserving SRAT table memory at [mem 0xbfb77000-0xbfb77227]
2026-05-15T01:51:31.041857+00:00 loadgen-wjzq kernel: ACPI: Reserving APIC table memory at [mem 0xbfb76000-0xbfb76125]
2026-05-15T01:51:31.041857+00:00 loadgen-wjzq kernel: ACPI: Reserving SSDT table memory at [mem 0xbfb74000-0xbfb751d5]
2026-05-15T01:51:31.041858+00:00 loadgen-wjzq kernel: ACPI: Reserving WAET table memory at [mem 0xbfb73000-0xbfb73027]
2026-05-15T01:51:31.041858+00:00 loadgen-wjzq kernel: ACPI: SRAT: Node 0 PXM 0 [mem 0x00000000-0x0009ffff]
2026-05-15T01:51:31.041859+00:00 loadgen-wjzq kernel: ACPI: SRAT: Node 0 PXM 0 [mem 0x00100000-0xbfffffff]
2026-05-15T01:51:31.041857+00:00 loadgen-wjzq systemd[1]: Finished modprobe@fuse.service - Load Kernel Module fuse.
2026-05-15T01:51:31.041859+00:00 loadgen-wjzq kernel: ACPI: SRAT: Node 0 PXM 0 [mem 0x100000000-0x103fffffff]
2026-05-15T01:51:31.041865+00:00 loadgen-wjzq kernel: NUMA: Node 0 [mem 0x00001000-0x0009ffff] + [mem 0x00100000-0xbfffffff] -> [mem 0x00001000-0xbfffffff]
2026-05-15T01:51:31.041864+00:00 loadgen-wjzq systemd[1]: modprobe@loop.service: Deactivated successfully.
2026-05-15T01:51:31.041866+00:00 loadgen-wjzq kernel: NUMA: Node 0 [mem 0x00001000-0xbfffffff] + [mem 0x100000000-0x103fffffff] -> [mem 0x00001000-0x103fffffff]
2026-05-15T01:51:31.041867+00:00 loadgen-wjzq kernel: NODE_DATA(0) allocated [mem 0x103ffd52c0-0x103fffffff]
2026-05-15T01:51:31.041867+00:00 loadgen-wjzq kernel: Zone ranges:
2026-05-15T01:51:31.041867+00:00 loadgen-wjzq kernel:   DMA      [mem 0x0000000000001000-0x0000000000ffffff]
2026-05-15T01:51:31.041868+00:00 loadgen-wjzq kernel:   DMA32    [mem 0x0000000001000000-0x00000000ffffffff]
2026-05-15T01:51:31.041869+00:00 loadgen-wjzq systemd[1]: Finished modprobe@loop.service - Load Kernel Module loop.
2026-05-15T01:51:31.041871+00:00 loadgen-wjzq kernel:   Normal   [mem 0x0000000100000000-0x000000103fffffff]
2026-05-15T01:51:31.041872+00:00 loadgen-wjzq kernel:   Device   empty
2026-05-15T01:51:31.041873+00:00 loadgen-wjzq kernel: Movable zone start for each node
2026-05-15T01:51:31.041873+00:00 loadgen-wjzq kernel: Early memory node ranges
2026-05-15T01:51:31.041874+00:00 loadgen-wjzq kernel:   node   0: [mem 0x0000000000001000-0x0000000000054fff]
2026-05-15T01:51:31.041874+00:00 loadgen-wjzq kernel:   node   0: [mem 0x0000000000060000-0x0000000000097fff]
2026-05-15T01:51:31.041874+00:00 loadgen-wjzq systemd[1]: modprobe@nvme_fabrics.service: Deactivated successfully.
2026-05-15T01:51:31.041877+00:00 loadgen-wjzq kernel:   node   0: [mem 0x0000000000100000-0x00000000bd254fff]
2026-05-15T01:51:31.041878+00:00 loadgen-wjzq kernel:   node   0: [mem 0x00000000bd260000-0x00000000bf8ecfff]
2026-05-15T01:51:31.041878+00:00 loadgen-wjzq kernel:   node   0: [mem 0x00000000bfbff000-0x00000000bffdffff]
2026-05-15T01:51:31.041879+00:00 loadgen-wjzq kernel:   node   0: [mem 0x0000000100000000-0x000000103fffffff]
2026-05-15T01:51:31.041879+00:00 loadgen-wjzq kernel: Initmem setup node 0 [mem 0x0000000000001000-0x000000103fffffff]
2026-05-15T01:51:31.041879+00:00 loadgen-wjzq kernel: On node 0, zone DMA: 1 pages in unavailable ranges
2026-05-15T01:51:31.041883+00:00 loadgen-wjzq kernel: On node 0, zone DMA: 11 pages in unavailable ranges
2026-05-15T01:51:31.041879+00:00 loadgen-wjzq systemd[1]: Finished modprobe@nvme_fabrics.service - Load Kernel Module nvme_fabrics.
2026-05-15T01:51:31.041885+00:00 loadgen-wjzq kernel: On node 0, zone DMA: 104 pages in unavailable ranges
2026-05-15T01:51:31.041886+00:00 loadgen-wjzq kernel: On node 0, zone DMA32: 11 pages in unavailable ranges
2026-05-15T01:51:31.041886+00:00 loadgen-wjzq kernel: On node 0, zone DMA32: 786 pages in unavailable ranges
2026-05-15T01:51:31.041886+00:00 loadgen-wjzq kernel: On node 0, zone Normal: 32 pages in unavailable ranges
2026-05-15T01:51:31.041887+00:00 loadgen-wjzq kernel: ACPI: PM-Timer IO Port: 0xb008
2026-05-15T01:51:31.041887+00:00 loadgen-wjzq kernel: ACPI: LAPIC_NMI (acpi_id[0xff] dfl dfl lint[0x1])
2026-05-15T01:51:31.041889+00:00 loadgen-wjzq systemd-modules-load[303]: Inserted module 'dm_multipath'
2026-05-15T01:51:31.041894+00:00 loadgen-wjzq kernel: IOAPIC[0]: apic_id 0, version 17, address 0xfec00000, GSI 0-23
2026-05-15T01:51:31.041895+00:00 loadgen-wjzq kernel: ACPI: INT_SRC_OVR (bus 0 bus_irq 5 global_irq 5 high level)
2026-05-15T01:51:31.041895+00:00 loadgen-wjzq kernel: ACPI: INT_SRC_OVR (bus 0 bus_irq 9 global_irq 9 high level)
2026-05-15T01:51:31.041896+00:00 loadgen-wjzq kernel: ACPI: INT_SRC_OVR (bus 0 bus_irq 10 global_irq 10 high level)
2026-05-15T01:51:31.041896+00:00 loadgen-wjzq kernel: ACPI: INT_SRC_OVR (bus 0 bus_irq 11 global_irq 11 high level)
2026-05-15T01:51:31.041897+00:00 loadgen-wjzq kernel: ACPI: Using ACPI (MADT) for SMP configuration information
2026-05-15T01:51:31.041896+00:00 loadgen-wjzq systemd[1]: Finished systemd-modules-load.service - Load Kernel Modules.
2026-05-15T01:51:31.041900+00:00 loadgen-wjzq kernel: CPU topo: Max. logical packages:   1
2026-05-15T01:51:31.041901+00:00 loadgen-wjzq kernel: CPU topo: Max. logical dies:       1
2026-05-15T01:51:31.041901+00:00 loadgen-wjzq kernel: CPU topo: Max. dies per package:   1
2026-05-15T01:51:31.041902+00:00 loadgen-wjzq kernel: CPU topo: Max. threads per core:   2
2026-05-15T01:51:31.041902+00:00 loadgen-wjzq kernel: CPU topo: Num. cores per package:    12
2026-05-15T01:51:31.041901+00:00 loadgen-wjzq systemd-fsck[307]: cloudimg-rootfs: clean, 172898/6422528 files, 2136941/12844795 blocks
2026-05-15T01:51:31.041907+00:00 loadgen-wjzq systemd[1]: Mounting sys-fs-fuse-connections.mount - FUSE Control File System...
2026-05-15T01:51:31.041912+00:00 loadgen-wjzq systemd[1]: Mounting sys-kernel-config.mount - Kernel Configuration File System...
2026-05-15T01:51:31.041916+00:00 loadgen-wjzq systemd[1]: Started systemd-fsckd.service - File System Check Daemon to report status.
2026-05-15T01:51:31.041923+00:00 loadgen-wjzq systemd[1]: systemd-repart.service - Repartition Root Disk was skipped because no trigger condition checks were met.
2026-05-15T01:51:31.041928+00:00 loadgen-wjzq systemd[1]: Starting systemd-sysctl.service - Apply Kernel Variables...
2026-05-15T01:51:31.041933+00:00 loadgen-wjzq systemd[1]: Starting systemd-tmpfiles-setup-dev-early.service - Create Static Device Nodes in /dev gracefully...
2026-05-15T01:51:31.041937+00:00 loadgen-wjzq systemd[1]: Finished lvm2-monitor.service - Monitoring of LVM2 mirrors, snapshots etc. using dmeventd or progress polling.
2026-05-15T01:51:31.041942+00:00 loadgen-wjzq systemd[1]: Finished systemd-fsck-root.service - File System Check on Root Device.
2026-05-15T01:51:31.041947+00:00 loadgen-wjzq systemd[1]: Mounted sys-fs-fuse-connections.mount - FUSE Control File System.
2026-05-15T01:51:31.041954+00:00 loadgen-wjzq systemd[1]: Mounted sys-kernel-config.mount - Kernel Configuration File System.
2026-05-15T01:51:31.041958+00:00 loadgen-wjzq systemd[1]: Finished systemd-sysctl.service - Apply Kernel Variables.
2026-05-15T01:51:31.041963+00:00 loadgen-wjzq systemd[1]: Finished systemd-tmpfiles-setup-dev-early.service - Create Static Device Nodes in /dev gracefully.
2026-05-15T01:51:31.041967+00:00 loadgen-wjzq kernel: CPU topo: Num. threads per package:  24
2026-05-15T01:51:31.041968+00:00 loadgen-wjzq kernel: CPU topo: Allowing 24 present CPUs plus 0 hotplug CPUs
2026-05-15T01:51:31.04         Starting [0;1;39mgoogle-guest-agent.servic…[0moogle Compute Engine Guest Agent...
1968+00:00 loadgen-wjzq systemd[1]: Starting systemd-remount-fs.service - Remount Root and Kernel File Systems...
2026-05-15T01:51:31.041971+00:00 loadgen-wjzq kernel: PM: hibernation: Registered nosave memory: [mem 0x00000000-0x00000fff]
2026-05-15T01:51:31.041972+00:00 loadgen-wjzq kernel: PM: hibernation: Registered nosave memory: [mem 0x00055000-0x0005ffff]
2026-05-15T01:51:31.041972+00:00 loadgen-wjzq kernel: PM: hibernation: Registered nosave memory: [mem 0x00098000-0x000fffff]
2026-05-15T01:51:31.041973+00:00 loadgen-wjzq kernel: PM: hibernation: Registered nosave memory: [mem 0xbd255000-0xbd25ffff]
2026-05-15T01:51:31.041973+00:00 loadgen-wjzq kernel: PM: hibernation: Registered nosave memory: [mem 0xbf8ed000-0xbfbfefff]
2026-05-15T01:51:31.041973+00:00 loadgen-wjzq kernel: PM: hibernation: Registered nosave memory: [mem 0xbffe0000-0xffffffff]
2026-05-15T01:51:31.041977+00:00 loadgen-wjzq kernel: [mem 0xc0000000-0xffffffff] available for PCI devices
2026-05-15T01:51:31.041972+00:00 loadgen-wjzq systemd[1]: Finished systemd-remount-fs.service - Remount Root and Kernel File Systems.
2026-05-15T01:51:31.041977+00:00 loadgen-wjzq kernel: Booting paravirtualized kernel on KVM
2026-05-15T01:51:31.041980+00:00 loadgen-wjzq kernel: clocksource: refined-jiffies: mask: 0xffffffff max_cycles: 0xffffffff, max_idle_ns: 1910969940391419 ns
2026-05-15T01:51:31.041981+00:00 loadgen-wjzq kernel: setup_percpu: NR_CPUS:8192 nr_cpumask_bits:24 nr_cpu_ids:24 nr_node_ids:1
2026-05-15T01:51:31.041981+00:00 loadgen-wjzq kernel: percpu: Embedded 84 pages/cpu s221184 r8192 d114688 u524288
2026-05-15T01:51:31.041982+00:00 loadgen-wjzq kernel: pcpu-alloc: s221184 r8192 d114688 u524288 alloc=1*2097152
2026-05-15T01:51:31.041981+00:00 loadgen-wjzq systemd[1]: Starting multipathd.service - Device-Mapper Multipath Device Controller...
2026-05-15T01:51:31.041985+00:00 loadgen-wjzq kernel: pcpu-alloc: [0] 00 01 02 03 [0] 04 05 06 07 
2026-05-15T01:51:31.041986+00:00 loadgen-wjzq kernel: pcpu-alloc: [0] 08 09 10 11 [0] 12 13 14 15 
2026-05-15T01:51:31.041986+00:00 loadgen-wjzq kernel: pcpu-alloc: [0] 16 17 18 19 [0] 20 21 22 23 
2026-05-15T01:51:31.041987+00:00 loadgen-wjzq kernel: kvm-guest: PV spinlocks enabled
2026-05-15T01:51:31.041987+00:00 loadgen-wjzq kernel: PV qspinlock hash table entries: 256 (order: 0, 4096 bytes, linear)
2026-05-15T01:51:31.041988+00:00 loadgen-wjzq kernel: Kernel command line: BOOT_IMAGE=/vmlinuz-6.17.0-1013-gcp root=PARTUUID=6624332c-1f00-4e51-a0bf-94661fe17234 ro console=ttyS0,115200 panic=-1
2026-05-15T01:51:31.041987+00:00 loadgen-wjzq systemd[1]: systemd-hwdb-update.service - Rebuild Hardware Database was skipped because of an unmet condition check (ConditionNeedsUpdate=/etc).
2026-05-15T01:51:31.041991+00:00 loadgen-wjzq kernel: printk: log buffer data + meta data: 262144 + 917504 = 1179648 bytes
2026-05-15T01:51:31.041992+00:00 loadgen-wjzq kernel: Dentry cache hash table entries: 8388608 (order: 14, 67108864 bytes, linear)
2026-05-15T01:51:31.041992+00:00 loadgen-wjzq kernel: Inode-cache hash table entries: 4194304 (order: 13, 33554432 bytes, linear)
2026-05-15T01:51:31.041992+00:00 loadgen-wjzq kernel: software IO TLB: area num 32.
2026-05-15T01:51:31.041993+00:00 loadgen-wjzq kernel: Fallback order for Node 0: 0 
2026-05-15T01:51:31.041992+00:00 loadgen-wjzq systemd[1]: Starting systemd-journal-flush.service - Flush Journal to Persistent Storage...
2026-05-15T01:51:31.041993+00:00 loadgen-wjzq kernel: Built 1 zonelists, mobility grouping on.  Total pages: 16776271
2026-05-15T01:51:31.041997+00:00 loadgen-wjzq kernel: Policy zone: Normal
2026-05-15T01:51:31.042000+00:00 loadgen-wjzq kernel: mem auto-init: stack:all(zero), heap alloc:on, heap free:off
2026-05-15T01:51:31.041998+00:00 loadgen-wjzq systemd[1]: systemd-pstore.service - Platform Persistent Storage Archival was skipped because of an unmet condition check (ConditionDirectoryNotEmpty=/sys/fs/pstore).
2026-05-15T01:51:31.042000+00:00 loadgen-wjzq kernel: SLUB: HWalign=64, Order=0-3, MinObjects=0, CPUs=24, Nodes=1
2026-05-15T01:51:31.042003+00:00 loadgen-wjzq kernel: Kernel/User page tables isolation: enabled
2026-05-15T01:51:31.042004+00:00 loadgen-wjzq kernel: ftrace: allocating 61994 entries in 244 pages
2026-05-15T01:51:31.042004+00:00 loadgen-wjzq kernel: ftrace: allocated 244 pages with 5 groups
2026-05-15T01:51:31.042005+00:00 loadgen-wjzq kernel: rcu: Hierarchical RCU implementation.
2026-05-15T01:51:31.042011+00:00 loadgen-wjzq systemd[1]: Starting systemd-random-seed.service - Load/Save OS Random Seed...
2026-05-15T01:51:31.042013+00:00 loadgen-wjzq kernel: rcu: 	RCU restricting CPUs from NR_CPUS=8192 to nr_cpu_ids=24.
2026-05-15T01:51:31.042014+00:00 loadgen-wjzq kernel: 	Rude variant of Tasks RCU enabled.
2026-05-15T01:51:31.042015+00:00 loadgen-wjzq kernel: 	Tracing variant of Tasks RCU enabled.
2026-05-15T01:51:31.042015+00:00 loadgen-wjzq kernel: rcu: RCU calculated value of scheduler-enlistment delay is 100 jiffies.
2026-05-15T01:51:31.042015+00:00 loadgen-wjzq kernel: rcu: Adjusting geometry for rcu_fanout_leaf=16, nr_cpu_ids=24
2026-05-15T01:51:31.042016+00:00 loadgen-wjzq kernel: RCU Tasks Rude: Setting shift to 5 and lim to 1 rcu_task_cb_adjust=1 rcu_task_cpu_ids=24.
2026-05-15T01:51:31.042016+00:00 loadgen-wjzq kernel: RCU Tasks Trace: Setting shift to 5 and lim to 1 rcu_task_cb_adjust=1 rcu_task_cpu_ids=24.
2026-05-15T01:51:31.042019+00:00 loadgen-wjzq kernel: NR_IRQS: 524544, nr_irqs: 616, preallocated irqs: 16
2026-05-15T01:51:31.042020+00:00 loadgen-wjzq kernel: rcu: srcu_init: Setting srcu_struct sizes based on contention.
2026-05-15T01:51:31.042020+00:00 loadgen-wjzq kernel: Console: colour dummy device 80x25
2026-05-15T01:51:31.042021+00:00 loadgen-wjzq kernel: printk: legacy console [ttyS0] enabled
2026-05-15T01:51:31.042016+00:00 loadgen-wjzq systemd[1]: systemd-sysusers.service - Create System Users was skipped because no trigger condition checks were met.
2026-05-15T01:51:31.042021+00:00 loadgen-wjzq kernel: ACPI: Core revision 20250404
2026-05-15T01:51:31.042022+00:00 loadgen-wjzq kernel: APIC: Switch to symmetric I/O mode setup
2026-05-15T01:51:31.042025+00:00 loadgen-wjzq kernel: x2apic enabled
2026-05-15T01:51:31.042025+00:00 loadgen-wjzq kernel: APIC: Switched APIC routing to: physical x2apic
2026-05-15T01:51:31.042026+00:00 loadgen-wjzq kernel: ..TIMER: vector=0x30 apic1=0 pin1=0 apic2=-1 pin2=-1
2026-05-15T01:51:31.042024+00:00 loadgen-wjzq systemd[1]: Starting systemd-tmpfiles-setup-dev.service - Create Static Device Nodes in /dev...
2026-05-15T01:51:31.042026+00:00 loadgen-wjzq kernel: clocksource: tsc-early: mask: 0xffffffffffffffff max_cycles: 0x212733415c7, max_idle_ns: 440795236380 ns
2026-05-15T01:51:31.042027+00:00 loadgen-wjzq kernel: Calibrating delay loop (skipped) preset value.. 4599.99 BogoMIPS (lpj=2299998)
2026-05-15T01:51:31.042028+00:00 loadgen-wjzq kernel: Last level iTLB entries: 4KB 1024, 2MB 1024, 4MB 1024
2026-05-15T01:51:31.042029+00:00 loadgen-wjzq systemd[1]: systemd-tpm2-setup.service - TPM2 SRK Setup was skipped because of an unmet condition check (ConditionSecurity=measured-uki).
2026-05-15T01:51:31.042031+00:00 loadgen-wjzq kernel: Last level dTLB entries: 4KB 1024, 2MB 1024, 4MB 1024, 1GB 4
2026-05-15T01:51:31.042034+00:00 loadgen-wjzq kernel: mitigations: Enabled attack vectors: user_kernel, user_user, guest_host, guest_guest, SMT mitigations: auto
2026-05-15T01:51:31.042034+00:00 loadgen-wjzq kernel: Speculative Store Bypass: Mitigation: Speculative Store Bypass disabled via prctl
2026-05-15T01:51:31.042035+00:00 loadgen-wjzq kernel: Spectre V2 : Mitigation: IBRS
2026-05-15T01:51:31.042035+00:00 loadgen-wjzq kernel: RETBleed: Mitigation: IBRS
2026-05-15T01:51:31.042036+00:00 loadgen-wjzq kernel: ITS: Mitigation: Aligned branch/return thunks
2026-05-15T01:51:31.042035+00:00 loadgen-wjzq systemd[1]: Finished systemd-udev-trigger.service - Coldplug All udev Devices.
2026-05-15T01:51:31.042039+00:00 loadgen-wjzq kernel: Spectre V2 : User space: Mitigation: STIBP via prctl
2026-05-15T01:51:31.042039+00:00 loadgen-wjzq kernel: MDS: Mitigation: Clear CPU buffers
2026-05-15T01:51:31.042040+00:00 loadgen-wj         Starting [0;1;39mplymouth-quit-wait.servic…[0md until boot process finishes up...
zq kernel: MMIO Stale Data: Vulnerable: Clear CPU buffers attempted, no microcode
2026-05-15T01:51:31.042040+00:00 loadgen-wjzq kernel: Spectre V1 : Mitigation: usercopy/swapgs barriers and __user pointer sanitization
2026-05-15T01:51:31.042041+00:00 loadgen-wjzq kernel: Spectre V2 : Spectre v2 / SpectreRSB: Filling RSB on context switch and VMEXIT
2026-05-15T01:51:31.042041+00:00 loadgen-wjzq kernel: Spectre V2 : mitigation: Enabling conditional Indirect Branch Prediction Barrier
2026-05-15T01:51:31.042042+00:00 loadgen-wjzq kernel: active return thunk: its_return_thunk
2026-05-15T01:51:31.042040+00:00 loadgen-wjzq systemd[1]: Finished systemd-random-seed.service - Load/Save OS Random Seed.
2026-05-15T01:51:31.042045+00:00 loadgen-wjzq kernel: Spectre V2 : Spectre BHI mitigation: SW BHB clearing on syscall and VM exit
2026-05-15T01:51:31.042046+00:00 loadgen-wjzq kernel: x86/fpu: Supporting XSAVE feature 0x001: 'x87 floating point registers'
2026-05-15T01:51:31.042046+00:00 loadgen-wjzq kernel: x86/fpu: Supporting XSAVE feature 0x002: 'SSE registers'
2026-05-15T01:51:31.042046+00:00 loadgen-wjzq kernel: x86/fpu: Supporting XSAVE feature 0x004: 'AVX registers'
2026-05-15T01:51:31.042047+00:00 loadgen-wjzq kernel: x86/fpu: xstate_offset[2]:  576, xstate_sizes[2]:  256
2026-05-15T01:51:31.042050+00:00 loadgen-wjzq kernel: x86/fpu: Enabled xstate features 0x7, context size is 832 bytes, using 'standard' format.
2026-05-15T01:51:31.042053+00:00 loadgen-wjzq kernel: Freeing SMP alternatives memory: 52K
2026-05-15T01:51:31.042053+00:00 loadgen-wjzq kernel: pid_max: default: 32768 minimum: 301
2026-05-15T01:51:31.042054+00:00 loadgen-wjzq kernel: LSM: initializing lsm=lockdown,capability,landlock,yama,apparmor,ima,evm
2026-05-15T01:51:31.042054+00:00 loadgen-wjzq kernel: landlock: Up and running.
2026-05-15T01:51:31.042055+00:00 loadgen-wjzq kernel: Yama: becoming mindful.
2026-05-15T01:51:31.042055+00:00 loadgen-wjzq kernel: AppArmor: AppArmor initialized
2026-05-15T01:51:31.042055+00:00 loadgen-wjzq kernel: Mount-cache hash table entries: 131072 (order: 8, 1048576 bytes, linear)
2026-05-15T01:51:31.042045+00:00 loadgen-wjzq systemd[1]: Finished systemd-tmpfiles-setup-dev.service - Create Static Device Nodes in /dev.
2026-05-15T01:51:31.042058+00:00 loadgen-wjzq kernel: Mountpoint-cache hash table entries: 131072 (order: 8, 1048576 bytes, linear)
2026-05-15T01:51:31.042061+00:00 loadgen-wjzq kernel: smpboot: CPU0: Intel(R) Xeon(R) CPU @ 2.30GHz (family: 0x6, model: 0x3f, stepping: 0x0)
2026-05-15T01:51:31.042062+00:00 loadgen-wjzq kernel: Performance Events: unsupported CPU family 6 model 63 no PMU driver, software events only.
2026-05-15T01:51:31.042062+00:00 loadgen-wjzq kernel: signal: max sigframe size: 1776
2026-05-15T01:51:31.042063+00:00 loadgen-wjzq kernel: rcu: Hierarchical SRCU implementation.
2026-05-15T01:51:31.042063+00:00 loadgen-wjzq kernel: rcu: 	Max phase no-delay instances is 400.
2026-05-15T01:51:31.042062+00:00 loadgen-wjzq multipathd[353]: multipathd v0.9.4: start up
2026-05-15T01:51:31.042066+00:00 loadgen-wjzq kernel: Timer migration: 2 hierarchy levels; 8 children per group; 2 crossnode level
2026-05-15T01:51:31.042067+00:00 loadgen-wjzq kernel: NMI watchdog: Perf NMI watchdog permanently disabled
2026-05-15T01:51:31.042067+00:00 loadgen-wjzq kernel: smp: Bringing up secondary CPUs ...
2026-05-15T01:51:31.042067+00:00 loadgen-wjzq kernel: smpboot: x86: Booting SMP configuration:
2026-05-15T01:51:31.042068+00:00 loadgen-wjzq kernel: .... node  #0, CPUs:        #1  #2  #3  #4  #5  #6  #7  #8  #9 #10 #11 #12 #13 #14 #15 #16 #17 #18 #19 #20 #21 #22 #23
2026-05-15T01:51:31.042068+00:00 loadgen-wjzq kernel: MDS CPU bug present and SMT on, data leak possible. See https://www.kernel.org/doc/html/latest/admin-guide/hw-vuln/mds.html for more details.
2026-05-15T01:51:31.042068+00:00 loadgen-wjzq multipathd[353]: reconfigure: setting up paths and maps
2026-05-15T01:51:31.042071+00:00 loadgen-wjzq kernel: MMIO Stale Data CPU bug present and SMT on, data leak possible. See https://www.kernel.org/doc/html/latest/admin-guide/hw-vuln/processor_mmio_stale_data.html for more details.
2026-05-15T01:51:31.042072+00:00 loadgen-wjzq kernel: smp: Brought up 1 node, 24 CPUs
2026-05-15T01:51:31.042073+00:00 loadgen-wjzq kernel: smpboot: Total of 24 processors activated (110399.90 BogoMIPS)
2026-05-15T01:51:31.042073+00:00 loadgen-wjzq kernel: Memory: 65803296K/67105084K available (22206K kernel code, 4673K rwdata, 15608K rodata, 5404K init, 6100K bss, 1277628K reserved, 0K cma-reserved)
2026-05-15T01:51:31.042074+00:00 loadgen-wjzq kernel: devtmpfs: initialized
2026-05-15T01:51:31.042074+00:00 loadgen-wjzq kernel: x86/mm: Memory block size: 1024MB
2026-05-15T01:51:31.042074+00:00 loadgen-wjzq systemd[1]: Starting systemd-udevd.service - Rule-based Manager for Device Events and Files...
