2026-05-14 19:09:40,267 DEBUG    root            Loaded Command Group: ['gcloud', 'compute']
2026-05-14 19:09:40,269 DEBUG    root            Loaded Command Group: ['gcloud', 'compute', 'instances']
2026-05-14 19:09:40,270 DEBUG    root            Loaded Command Group: ['gcloud', 'compute', 'instances', 'get_serial_port_output']
2026-05-14 19:09:40,271 DEBUG    root            Running [gcloud.compute.instances.get-serial-port-output] with arguments: [--project: "env-integration-fenway", --zone: "us-central1-c", INSTANCE_NAME: "loadgen-lwqh"]
2026-05-14 19:09:40,272 DEBUG    root            On GCE from memory cache: False
2026-05-14 19:09:40,273 DEBUG    root            On GCE from memory cache: False
2026-05-14 19:09:40,365 DEBUG    urllib3.connectionpool Starting new HTTPS connection (1): compute.googleapis.com:443
2026-05-14 19:09:40,878 DEBUG    urllib3.connectionpool https://compute.googleapis.com:443 "GET /compute/v1/projects/env-integration-fenway/zones/us-central1-c/instances/loadgen-lwqh/serialPort?alt=json&port=1 HTTP/1.1" 200 None
2026-05-14 19:09:40,935 DEBUG    root            Chosen display Format:value[no-quote](contents)
2026-05-14 19:09:40,936 INFO     root            Display format: "value[no-quote](contents)"
2026-05-14 19:09:40,958 INFO     ___FILE_ONLY___ [2J[01;01H[=3h[2J[01;01H[2J[01;01H[=3h[2J[01;01HCSM BBS Table full.
BdsDxe: loading Boot0003 "Ubuntu" from PciRoot(0x0)/Pci(0x3,0x0)/Scsi(0x1,0x0)/HD(15,GPT,C848D457-4750-4825-A2CD-4EBFB870DC53,0x2800,0x35000)/\EFI\ubuntu\shimx64.efi
BdsDxe: starting Boot0003 "Ubuntu" from PciRoot(0x0)/Pci(0x3,0x0)/Scsi(0x1,0x0)/HD(15,GPT,C848D457-4750-4825-A2CD-4EBFB870DC53,0x2800,0x35000)/\EFI\ubuntu\shimx64.efi

UEFI: Attempting to start image.
Description: Ubuntu
FilePath: PciRoot(0x0)/Pci(0x3,0x0)/Scsi(0x1,0x0)/HD(15,GPT,C848D457-4750-4825-A2CD-4EBFB870DC53,0x2800,0x35000)/\EFI\ubuntu\shimx64.efi
OptionNumber: 3.

[H[J[1;1HGRUB_FORCE_PARTUUID set, attempting initrdless boot.
[    0.000000] Linux version 6.17.0-1013-gcp (buildd@lcy02-amd64-034) (x86_64-linux-gnu-gcc-13 (Ubuntu 13.3.0-6ubuntu2~24.04.1) 13.3.0, GNU ld (GNU Binutils for Ubuntu) 2.42) #13~24.04.1-Ubuntu SMP Thu Apr 16 02:10:24 UTC 2026 (Ubuntu 6.17.0-1013.13~24.04.1-gcp 6.17.13)
[    0.000000] Command line: BOOT_IMAGE=/vmlinuz-6.17.0-1013-gcp root=PARTUUID=6624332c-1f00-4e51-a0bf-94661fe17234 ro console=ttyS0,115200 panic=-1
[    0.000000] KERNEL supported cpus:
[    0.000000]   Intel GenuineIntel
[    0.000000]   AMD AuthenticAMD
[    0.000000]   Hygon HygonGenuine
[    0.000000]   Centaur CentaurHauls
[    0.000000]   zhaoxin   Shanghai  
[    0.000000] x86/CPU: Model not found in latest microcode list
[    0.000000] BIOS-provided physical RAM map:
[    0.000000] BIOS-e820: [mem 0x0000000000000000-0x0000000000000fff] reserved
[    0.000000] BIOS-e820: [mem 0x0000000000001000-0x0000000000054fff] usable
[    0.000000] BIOS-e820: [mem 0x0000000000055000-0x000000000005ffff] reserved
[    0.000000] BIOS-e820: [mem 0x0000000000060000-0x0000000000097fff] usable
[    0.000000] BIOS-e820: [mem 0x0000000000098000-0x000000000009ffff] reserved
[    0.000000] BIOS-e820: [mem 0x0000000000100000-0x00000000bd254fff] usable
[    0.000000] BIOS-e820: [mem 0x00000000bd255000-0x00000000bd25ffff] ACPI data
[    0.000000] BIOS-e820: [mem 0x00000000bd260000-0x00000000bf8ecfff] usable
[    0.000000] BIOS-e820: [mem 0x00000000bf8ed000-0x00000000bfb6cfff] reserved
[    0.000000] BIOS-e820: [mem 0x00000000bfb6d000-0x00000000bfb7efff] ACPI data
[    0.000000] BIOS-e820: [mem 0x00000000bfb7f000-0x00000000bfbfefff] ACPI NVS
[    0.000000] BIOS-e820: [mem 0x00000000bfbff000-0x00000000bffdffff] usable
[    0.000000] BIOS-e820: [mem 0x00000000bffe0000-0x00000000bfffffff] reserved
[    0.000000] BIOS-e820: [mem 0x0000000100000000-0x000000103fffffff] usable
[    0.000000] NX (Execute Disable) protection: active
[    0.000000] APIC: Static calls initialized
[    0.000000] efi: EFI v2.7 by EDK II
[    0.000000] efi: TPMFinalLog=0xbfbf7000 ACPI=0xbfb7e000 ACPI 2.0=0xbfb7e014 SMBIOS=0xbf9ca000 MEMATTR=0xbd260018 MOKvar=0xbf9c8000 RNG=0xbfb72018 TPMEventLog=0xbd255018 
[    0.000000] random: crng init done
[    0.000000] SMBIOS 2.4 present.
[    0.000000] DMI: Google Google Compute Engine/Google Compute Engine, BIOS Google 04/21/2026
[    0.000000] DMI: Memory slots populated: 4/4
[    0.000000] secureboot: Secure boot disabled
[    0.000000] Hypervisor detected: KVM
[    0.000000] last_pfn = 0xbffe0 max_arch_pfn = 0x400000000
[    0.000000] kvm-clock: Using msrs 4b564d01 and 4b564d00
[    0.000001] kvm-clock: using sched offset of 14459823022 cycles
[    0.000003] clocksource: kvm-clock: mask: 0xffffffffffffffff max_cycles: 0x1cd42e4dffb, max_idle_ns: 881590591483 ns
[    0.000007] tsc: Detected 2299.998 MHz processor
[    0.000083] last_pfn = 0x1040000 max_arch_pfn = 0x400000000
[    0.000115] MTRR map: 3 entries (2 fixed + 1 variable; max 18), built from 8 variable MTRRs
[    0.000119] x86/PAT: Configuration [0-7]: WB  WC  UC- UC  WB  WP  UC- WT  
[    0.000161] last_pfn = 0xbffe0 max_arch_pfn = 0x400000000
[    0.018761] Using GB pages for direct mapping
[    0.019142] secureboot: Secure boot disabled
[    0.019144] ACPI: Early table checksum verification disabled
[    0.019149] ACPI: RSDP 0x00000000BFB7E014 000024 (v02 Google)
[    0.019154] ACPI: XSDT 0x00000000BFB7D0E8 00005C (v01 Google GOOGFACP 00000001      01000013)
[    0.019163] ACPI: FACP 0x00000000BFB78000 0000F4 (v02 Google GOOGFACP 00000001 GOOG 00000001)
[    0.019171] ACPI: DSDT 0x00000000BFB79000 001A64 (v01 Google GOOGDSDT 00000001 GOOG 00000001)
[    0.019176] ACPI: FACS 0x00000000BFBF1000 000040
[    0.019180] ACPI: SSDT 0x00000000BFB7C000 000316 (v02 GOOGLE Tpm2Tabl 00001000 INTL 20250807)
[    0.019185] ACPI: TPM2 0x00000000BFB7B000 000034 (v04 GOOGLE          00000001 GOOG 00000001)
[    0.019190] ACPI: SRAT 0x00000000BFB77000 000228 (v03 Google GOOGSRAT 00000001 GOOG 00000001)
[    0.019195] ACPI: APIC 0x00000000BFB76000 000126 (v05 Google GOOGAPIC 00000001 GOOG 00000001)
[    0.019199] ACPI: SSDT 0x00000000BFB74000 0011D6 (v01 Google GOOGSSDT 00000001 GOOG 00000001)
[    0.019204] ACPI: WAET 0x00000000BFB73000 000028 (v01 Google GOOGWAET 00000001 GOOG 00000001)
[    0.019207] ACPI: Reserving FACP table memory at [mem 0xbfb78000-0xbfb780f3]
[    0.019209] ACPI: Reserving DSDT table memory at [mem 0xbfb79000-0xbfb7aa63]
[    0.019210] ACPI: Reserving FACS table memory at [mem 0xbfbf1000-0xbfbf103f]
[    0.019211] ACPI: Reserving SSDT table memory at [mem 0xbfb7c000-0xbfb7c315]
[    0.019211] ACPI: Reserving TPM2 table memory at [mem 0xbfb7b000-0xbfb7b033]
[    0.019212] ACPI: Reserving SRAT table memory at [mem 0xbfb77000-0xbfb77227]
[    0.019213] ACPI: Reserving APIC table memory at [mem 0xbfb76000-0xbfb76125]
[    0.019214] ACPI: Reserving SSDT table memory at [mem 0xbfb74000-0xbfb751d5]
[    0.019215] ACPI: Reserving WAET table memory at [mem 0xbfb73000-0xbfb73027]
[    0.019356] ACPI: SRAT: Node 0 PXM 0 [mem 0x00000000-0x0009ffff]
[    0.019359] ACPI: SRAT: Node 0 PXM 0 [mem 0x00100000-0xbfffffff]
[    0.019362] ACPI: SRAT: Node 0 PXM 0 [mem 0x100000000-0x103fffffff]
[    0.019370] NUMA: Node 0 [mem 0x00001000-0x0009ffff] + [mem 0x00100000-0xbfffffff] -> [mem 0x00001000-0xbfffffff]
[    0.019374] NUMA: Node 0 [mem 0x00001000-0xbfffffff] + [mem 0x100000000-0x103fffffff] -> [mem 0x00001000-0x103fffffff]
[    0.019395] NODE_DATA(0) allocated [mem 0x103ffd52c0-0x103fffffff]
[    0.019619] Zone ranges:
[    0.019620]   DMA      [mem 0x0000000000001000-0x0000000000ffffff]
[    0.019622]   DMA32    [mem 0x0000000001000000-0x00000000ffffffff]
[    0.019623]   Normal   [mem 0x0000000100000000-0x000000103fffffff]
[    0.019625]   Device   empty
[    0.019626] Movable zone start for each node
[    0.019628] Early memory node ranges
[    0.019628]   node   0: [mem 0x0000000000001000-0x0000000000054fff]
[    0.019630]   node   0: [mem 0x0000000000060000-0x0000000000097fff]
[    0.019630]   node   0: [mem 0x0000000000100000-0x00000000bd254fff]
[    0.019631]   node   0: [mem 0x00000000bd260000-0x00000000bf8ecfff]
[    0.019632]   node   0: [mem 0x00000000bfbff000-0x00000000bffdffff]
[    0.019633]   node   0: [mem 0x0000000100000000-0x000000103fffffff]
[    0.019640] Initmem setup node 0 [mem 0x0000000000001000-0x000000103fffffff]
[    0.019720] On node 0, zone DMA: 1 pages in unavailable ranges
[    0.019722] On node 0, zone DMA: 11 pages in unavailable ranges
[    0.019750] On node 0, zone DMA: 104 pages in unavailable ranges
[    0.025217] On node 0, zone DMA32: 11 pages in unavailable ranges
[    0.025233] On node 0, zone DMA32: 786 pages in unavailable ranges
[    0.136306] On node 0, zone Normal: 32 pages in unavailable ranges
[    0.137119] ACPI: PM-Timer IO Port: 0xb008
[    0.137145] ACPI: LAPIC_NMI (acpi_id[0xff] dfl dfl lint[0x1])
[    0.137232] IOAPIC[0]: apic_id 0, version 17, address 0xfec00000, GSI 0-23
[    0.137237] ACPI: INT_SRC_OVR (bus 0 bus_irq 5 global_irq 5 high level)
[    0.137239] ACPI: INT_SRC_OVR (bus 0 bus_irq 9 global_irq 9 high level)
[    0.137241] ACPI: INT_SRC_OVR (bus 0 bus_irq 10 global_irq 10 high level)
[    0.137242] ACPI: INT_SRC_OVR (bus 0 bus_irq 11 global_irq 11 high level)
[    0.137248] ACPI: Using ACPI (MADT) for SMP configuration information
[    0.137254] CPU topo: Max. logical packages:   1
[    0.137255] CPU topo: Max. logical dies:       1
[    0.137256] CPU topo: Max. dies per package:   1
[    0.137260] CPU topo: Max. threads per core:   2
[    0.137262] CPU topo: Num. cores per package:    12
[    0.137263] CPU topo: Num. threads per package:  24
[    0.137263] CPU topo: Allowing 24 present CPUs plus 0 hotplug CPUs
[    0.137292] PM: hibernation: Registered nosave memory: [mem 0x00000000-0x00000fff]
[    0.137294] PM: hibernation: Registered nosave memory: [mem 0x00055000-0x0005ffff]
[    0.137296] PM: hibernation: Registered nosave memory: [mem 0x00098000-0x000fffff]
[    0.137298] PM: hibernation: Registered nosave memory: [mem 0xbd255000-0xbd25ffff]
[    0.137299] PM: hibernation: Registered nosave memory: [mem 0xbf8ed000-0xbfbfefff]
[    0.137301] PM: hibernation: Registered nosave memory: [mem 0xbffe0000-0xffffffff]
[    0.137303] [mem 0xc0000000-0xffffffff] available for PCI devices
[    0.137305] Booting paravirtualized kernel on KVM
[    0.137307] clocksource: refined-jiffies: mask: 0xffffffff max_cycles: 0xffffffff, max_idle_ns: 1910969940391419 ns
[    0.137316] setup_percpu: NR_CPUS:8192 nr_cpumask_bits:24 nr_cpu_ids:24 nr_node_ids:1
[    0.139253] percpu: Embedded 84 pages/cpu s221184 r8192 d114688 u524288
[    0.139310] kvm-guest: PV spinlocks enabled
[    0.139313] PV qspinlock hash table entries: 256 (order: 0, 4096 bytes, linear)
[    0.139317] Kernel command line: BOOT_IMAGE=/vmlinuz-6.17.0-1013-gcp root=PARTUUID=6624332c-1f00-4e51-a0bf-94661fe17234 ro console=ttyS0,115200 panic=-1
[    0.139381] printk: log buffer data + meta data: 262144 + 917504 = 1179648 bytes
[    0.146303] Dentry cache hash table entries: 8388608 (order: 14, 67108864 bytes, linear)
[    0.149799] Inode-cache hash table entries: 4194304 (order: 13, 33554432 bytes, linear)
[    0.150399] software IO TLB: area num 32.
[    0.164242] Fallback order for Node 0: 0 
[    0.164247] Built 1 zonelists, mobility grouping on.  Total pages: 16776271
[    0.164249] Policy zone: Normal
[    0.164258] mem auto-init: stack:all(zero), heap alloc:on, heap free:off
[    0.317535] SLUB: HWalign=64, Order=0-3, MinObjects=0, CPUs=24, Nodes=1
[    0.317601] Kernel/User page tables isolation: enabled
[    0.330063] ftrace: allocating 61994 entries in 244 pages
[    0.330066] ftrace: allocated 244 pages with 5 groups
[    0.330454] rcu: Hierarchical RCU implementation.
[    0.330455] rcu: 	RCU restricting CPUs from NR_CPUS=8192 to nr_cpu_ids=24.
[    0.330457] 	Rude variant of Tasks RCU enabled.
[    0.330457] 	Tracing variant of Tasks RCU enabled.
[    0.330458] rcu: RCU calculated value of scheduler-enlistment delay is 100 jiffies.
[    0.330459] rcu: Adjusting geometry for rcu_fanout_leaf=16, nr_cpu_ids=24
[    0.330486] RCU Tasks Rude: Setting shift to 5 and lim to 1 rcu_task_cb_adjust=1 rcu_task_cpu_ids=24.
[    0.330490] RCU Tasks Trace: Setting shift to 5 and lim to 1 rcu_task_cb_adjust=1 rcu_task_cpu_ids=24.
[    0.334262] NR_IRQS: 524544, nr_irqs: 616, preallocated irqs: 16
[    0.334662] rcu: srcu_init: Setting srcu_struct sizes based on contention.
[    0.334796] Console: colour dummy device 80x25
[    0.334883] printk: legacy console [ttyS0] enabled
[    0.487342] ACPI: Core revision 20250404
[    0.488136] APIC: Switch to symmetric I/O mode setup
[    0.489616] x2apic enabled
[    0.493469] APIC: Switched APIC routing to: physical x2apic
[    0.499714] ..TIMER: vector=0x30 apic1=0 pin1=0 apic2=-1 pin2=-1
[    0.501127] clocksource: tsc-early: mask: 0xffffffffffffffff max_cycles: 0x212733415c7, max_idle_ns: 440795236380 ns
[    0.502713] Calibrating delay loop (skipped) preset value.. 4599.99 BogoMIPS (lpj=2299998)
[    0.504916] Last level iTLB entries: 4KB 1024, 2MB 1024, 4MB 1024
[    0.505710] Last level dTLB entries: 4KB 1024, 2MB 1024, 4MB 1024, 1GB 4
[    0.506732] mitigations: Enabled attack vectors: user_kernel, user_user, guest_host, guest_guest, SMT mitigations: auto
[    0.507712] Speculative Store Bypass: Mitigation: Speculative Store Bypass disabled via prctl
[    0.508711] Spectre V2 : Mitigation: IBRS
[    0.509710] RETBleed: Mitigation: IBRS
[    0.510358] ITS: Mitigation: Aligned branch/return thunks
[    0.510713] Spectre V2 : User space: Mitigation: STIBP via prctl
[    0.511711] MDS: Mitigation: Clear CPU buffers
[    0.512710] MMIO Stale Data: Vulnerable: Clear CPU buffers attempted, no microcode
[    0.513710] Spectre V1 : Mitigation: usercopy/swapgs barriers and __user pointer sanitization
[    0.514713] Spectre V2 : Spectre v2 / SpectreRSB: Filling RSB on context switch and VMEXIT
[    0.515713] Spectre V2 : mitigation: Enabling conditional Indirect Branch Prediction Barrier
[    0.516717] active return thunk: its_return_thunk
[    0.517710] Spectre V2 : Spectre BHI mitigation: SW BHB clearing on syscall and VM exit
[    0.518726] x86/fpu: Supporting XSAVE feature 0x001: 'x87 floating point registers'
[    0.519710] x86/fpu: Supporting XSAVE feature 0x002: 'SSE registers'
[    0.520710] x86/fpu: Supporting XSAVE feature 0x004: 'AVX registers'
[    0.521711] x86/fpu: xstate_offset[2]:  576, xstate_sizes[2]:  256
[    0.522710] x86/fpu: Enabled xstate features 0x7, context size is 832 bytes, using 'standard' format.
[    0.581602] Freeing SMP alternatives memory: 52K
[    0.581714] pid_max: default: 32768 minimum: 301
[    0.582805] LSM: initializing lsm=lockdown,capability,landlock,yama,apparmor,ima,evm
[    0.583727] landlock: Up and running.
[    0.584710] Yama: becoming mindful.
[    0.585771] AppArmor: AppArmor initialized
[    0.586806] Mount-cache hash table entries: 131072 (order: 8, 1048576 bytes, linear)
[    0.587898] Mountpoint-cache hash table entries: 131072 (order: 8, 1048576 bytes, linear)
[    0.692415] smpboot: CPU0: Intel(R) Xeon(R) CPU @ 2.30GHz (family: 0x6, model: 0x3f, stepping: 0x0)
[    0.693040] Performance Events: unsupported CPU family 6 model 63 no PMU driver, software events only.
[    0.693791] signal: max sigframe size: 1776
[    0.694764] rcu: Hierarchical SRCU implementation.
[    0.695711] rcu: 	Max phase no-delay instances is 400.
[    0.696785] Timer migration: 2 hierarchy levels; 8 children per group; 2 crossnode level
[    0.700126] NMI watchdog: Perf NMI watchdog permanently disabled
[    0.701857] smp: Bringing up secondary CPUs ...
[    0.702918] smpboot: x86: Booting SMP configuration:
[    0.703713] .... node  #0, CPUs:        #1  #2  #3  #4  #5  #6  #7  #8  #9 #10 #11 #12 #13 #14 #15 #16 #17 #18 #19 #20 #21 #22 #23
[    0.715756] MDS CPU bug present and SMT on, data leak possible. See https://www.kernel.org/doc/html/latest/admin-guide/hw-vuln/mds.html for more details.
[    0.717711] MMIO Stale Data CPU bug present and SMT on, data leak possible. See https://www.kernel.org/doc/html/latest/admin-guide/hw-vuln/processor_mmio_stale_data.html for more details.
[    0.724750] smp: Brought up 1 node, 24 CPUs
[    0.725711] smpboot: Total of 24 processors activated (110399.90 BogoMIPS)
[    0.728052] Memory: 65803296K/67105084K available (22206K kernel code, 4673K rwdata, 15608K rodata, 5404K init, 6100K bss, 1277604K reserved, 0K cma-reserved)
[    0.732065] devtmpfs: initialized
[    0.732783] x86/mm: Memory block size: 1024MB
[    0.736529] ACPI: PM: Registering ACPI NVS region [mem 0xbfb7f000-0xbfbfefff] (524288 bytes)
[    0.736839] clocksource: jiffies: mask: 0xffffffff max_cycles: 0xffffffff, max_idle_ns: 1911260446275000 ns
[    0.737786] posixtimers hash table entries: 16384 (order: 6, 262144 bytes, linear)
[    0.738836] futex hash table entries: 8192 (524288 bytes on 1 NUMA nodes, total 512 KiB, linear).
[    0.740736] pinctrl core: initialized pinctrl subsystem
[    0.741988] PM: RTC time: 01:58:51, date: 2026-05-15
[    0.744586] NET: Registered PF_NETLINK/PF_ROUTE protocol family
[    0.746432] DMA: preallocated 4096 KiB GFP_KERNEL pool for atomic allocations
[    0.748387] DMA: preallocated 4096 KiB GFP_KERNEL|GFP_DMA pool for atomic allocations
[    0.750021] DMA: preallocated 4096 KiB GFP_KERNEL|GFP_DMA32 pool for atomic allocations
[    0.750724] audit: initializing netlink subsys (disabled)
[    0.751804] audit: type=2000 audit(1778810331.206:1): state=initialized audit_enabled=0 res=1
[    0.751910] thermal_sys: Registered thermal governor 'fair_share'
[    0.752716] thermal_sys: Registered thermal governor 'bang_bang'
[    0.753714] thermal_sys: Registered thermal governor 'step_wise'
[    0.754711] thermal_sys: Registered thermal governor 'user_space'
[    0.755711] thermal_sys: Registered thermal governor 'power_allocator'
[    0.756725] cpuidle: using governor ladder
[    0.758719] cpuidle: using governor menu
[    0.759806] acpiphp: ACPI Hot Plug PCI Controller Driver version: 0.5
[    0.761878] PCI: Using configuration type 1 for base access
[    0.763751] kprobes: kprobe jump-optimization is enabled. All kprobes are optimized if possible.
[    0.764966] HugeTLB: registered 1.00 GiB page size, pre-allocated 0 pages
[    0.765712] HugeTLB: 16380 KiB vmemmap can be freed for a 1.00 GiB page
[    0.766712] HugeTLB: registered 2.00 MiB page size, pre-allocated 0 pages
[    0.767711] HugeTLB: 28 KiB vmemmap can be freed for a 2.00 MiB page
[    0.772331] ACPI: Added _OSI(Module Device)
[    0.772713] ACPI: Added _OSI(Processor Device)
[    0.773712] ACPI: Added _OSI(Processor Aggregator Device)
[    0.778209] ACPI: 3 ACPI AML tables successfully acquired and loaded
[    0.799297] ACPI: Interpreter enabled
[    0.799730] ACPI: PM: (supports S0 S3 S4 S5)
[    0.800712] ACPI: Using IOAPIC for interrupt routing
[    0.801973] PCI: Using host bridge windows from ACPI; if necessary, use "pci=nocrs" and report a bug
[    0.802711] PCI: Ignoring E820 reservations for host bridge windows
[    0.804848] ACPI: Enabled 16 GPEs in block 00 to 0F
[    0.812354] ACPI: PCI Root Bridge [PCI0] (domain 0000 [bus 00-ff])
[    0.812717] acpi PNP0A03:00: _OSC: OS supports [ASPM ClockPM Segments MSI EDR HPX-Type3]
[    0.813712] acpi PNP0A03:00: _OSC: not requesting OS control; OS requires [ExtendedConfig ASPM ClockPM MSI]
[    0.814727] acpi PNP0A03:00: fail to add MMCONFIG information, can't access extended configuration space under this bridge
[    0.817417] PCI host bridge to bus 0000:00
[    0.817716] pci_bus 0000:00: root bus resource [io  0x0000-0x0cf7 window]
[    0.818712] pci_bus 0000:00: root bus resource [io  0x0d00-0xffff window]
[    0.819712] pci_bus 0000:00: root bus resource [mem 0x000a0000-0x000bffff window]
[    0.820711] pci_bus 0000:00: root bus resource [mem 0xc0000000-0xc53fffff window]
[    0.821711] pci_bus 0000:00: root bus resource [mem 0xc5440000-0xee3fffff window]
[    0.822711] pci_bus 0000:00: root bus resource [mem 0xee440000-0xfebfefff window]
[    0.823711] pci_bus 0000:00: root bus resource [mem 0x1040000000-0x2103fffffff window]
[    0.824712] pci_bus 0000:00: root bus resource [bus 00-ff]
[    0.825777] pci 0000:00:00.0: [8086:1237] type 00 class 0x060000 conventional PCI endpoint
[    0.829895] pci 0000:00:01.0: [8086:7110] type 00 class 0x060100 conventional PCI endpoint
[    0.836843] pci 0000:00:01.3: [8086:7113] type 00 class 0x068000 conventional PCI endpoint
[    0.841874] pci 0000:00:01.3: quirk: [io  0xb000-0xb03f] claimed by PIIX4 ACPI
[    0.844569] pci 0000:00:03.0: [1af4:1004] type 00 class 0x000000 conventional PCI endpoint
[    0.852735] pci 0000:00:03.0: BAR 0 [io  0xc040-0xc07f]
[    0.853726] pci 0000:00:03.0: BAR 1 [mem 0xc1001000-0xc100107f]
[    0.856007] pci 0000:00:04.0: [10de:1eb8] type 00 class 0x030200 conventional PCI endpoint
[    0.872743] pci 0000:00:04.0: BAR 0 [mem 0xc0000000-0xc0ffffff]
[    0.873743] pci 0000:00:04.0: BAR 1 [mem 0x1040000000-0x104fffffff 64bit pref]
[    0.874739] pci 0000:00:04.0: BAR 3 [mem 0x1050000000-0x1051ffffff 64bit pref]
[    0.877056] pci 0000:00:05.0: [1af4:1000] type 00 class 0x020000 conventional PCI endpoint
[    0.885743] pci 0000:00:05.0: BAR 0 [io  0xc000-0xc03f]
[    0.886727] pci 0000:00:05.0: BAR 1 [mem 0xc1000000-0xc10003ff]
[    0.888399] pci 0000:00:06.0: [1af4:1005] type 00 class 0x00ff00 conventional PCI endpoint
[    0.896739] pci 0000:00:06.0: BAR 0 [io  0xc080-0xc09f]
[    0.897729] pci 0000:00:06.0: BAR 1 [mem 0xc1002000-0xc100203f]
[    0.911748] ACPI: PCI: Interrupt link LNKA configured for IRQ 10
[    0.913867] ACPI: PCI: Interrupt link LNKB configured for IRQ 10
[    0.915861] ACPI: PCI: Interrupt link LNKC configured for IRQ 11
[    0.917851] ACPI: PCI: Interrupt link LNKD configured for IRQ 11
[    0.919765] ACPI: PCI: Interrupt link LNKS configured for IRQ 9
[    0.925519] iommu: Default domain type: Translated
[    0.925711] iommu: DMA domain TLB invalidation policy: lazy mode
[    0.928957] SCSI subsystem initialized
[    0.929755] ACPI: bus type USB registered
[    0.930733] usbcore: registered new interface driver usbfs
[    0.931722] usbcore: registered new interface driver hub
[    0.932752] usbcore: registered new device driver usb
[    0.933769] pps_core: LinuxPPS API ver. 1 registered
[    0.934711] pps_core: Software ver. 5.3.6 - Copyright 2005-2007 Rodolfo Giometti <giometti@linux.it>
[    0.935721] PTP clock support registered
[    0.936763] EDAC MC: Ver: 3.0.0
[    0.938931] efivars: Registered efivars operations
[    0.940892] NetLabel: Initializing
[    0.941712] NetLabel:  domain hash size = 128
[    0.942711] NetLabel:  protocols = UNLABELED CIPSOv4 CALIPSO
[    0.944730] NetLabel:  unlabeled traffic allowed by default
[    0.945752] mctp: management component transport protocol core
[    0.946712] NET: Registered PF_MCTP protocol family
[    0.947730] PCI: Using ACPI for IRQ routing
[    0.948955] vgaarb: loaded
[    0.950737] clocksource: Switched to clocksource kvm-clock
[    0.953663] VFS: Disk quotas dquot_6.6.0
[    0.955182] VFS: Dquot-cache hash table entries: 512 (order 0, 4096 bytes)
[    0.958245] AppArmor: AppArmor Filesystem Enabled
[    0.960065] pnp: PnP ACPI init
[    0.962092] pnp: PnP ACPI: found 7 devices
[    0.970960] clocksource: acpi_pm: mask: 0xffffff max_cycles: 0xffffff, max_idle_ns: 2085701024 ns
[    0.974164] NET: Registered PF_INET protocol family
[    0.976298] IP idents hash table entries: 262144 (order: 9, 2097152 bytes, linear)
[    0.999672] tcp_listen_portaddr_hash hash table entries: 32768 (order: 7, 524288 bytes, linear)
[    1.001206] Table-perturb hash table entries: 65536 (order: 6, 262144 bytes, linear)
[    1.003020] TCP established hash table entries: 524288 (order: 10, 4194304 bytes, linear)
[    1.004836] TCP bind hash table entries: 65536 (order: 9, 2097152 bytes, linear)
[    1.006221] TCP: Hash tables configured (established 524288 bind 65536)
[    1.007602] MPTCP token hash table entries: 65536 (order: 9, 1572864 bytes, linear)
[    1.009187] UDP hash table entries: 32768 (order: 9, 2097152 bytes, linear)
[    1.010918] UDP-Lite hash table entries: 32768 (order: 9, 2097152 bytes, linear)
[    1.012333] NET: Registered PF_UNIX/PF_LOCAL protocol family
[    1.013281] NET: Registered PF_XDP protocol family
[    1.013954] pci_bus 0000:00: resource 4 [io  0x0000-0x0cf7 window]
[    1.015014] pci_bus 0000:00: resource 5 [io  0x0d00-0xffff window]
[    1.015937] pci_bus 0000:00: resource 6 [mem 0x000a0000-0x000bffff window]
[    1.016982] pci_bus 0000:00: resource 7 [mem 0xc0000000-0xc53fffff window]
[    1.018007] pci_bus 0000:00: resource 8 [mem 0xc5440000-0xee3fffff window]
[    1.019161] pci_bus 0000:00: resource 9 [mem 0xee440000-0xfebfefff window]
[    1.020504] pci_bus 0000:00: resource 10 [mem 0x1040000000-0x2103fffffff window]
[    1.021617] pci 0000:00:00.0: Limiting direct PCI/PCI transfers
[    1.022627] PCI: CLS 0 bytes, default 64
[    1.023386] PCI-DMA: Using software bounce buffering for IO (SWIOTLB)
[    1.024383] software IO TLB: mapped [mem 0x00000000b7f7f000-0x00000000bbf7f000] (64MB)
[    1.025654] clocksource: tsc: mask: 0xffffffffffffffff max_cycles: 0x212733415c7, max_idle_ns: 440795236380 ns
[    1.027414] clocksource: Switched to clocksource tsc
[    1.046054] Initialise system trusted keyrings
[    1.046892] Key type blacklist registered
[    1.047869] workingset: timestamp_bits=36 max_order=24 bucket_order=0
[    1.049467] squashfs: version 4.0 (2009/01/31) Phillip Lougher
[    1.051129] fuse: init (API version 7.44)
[    1.052439] integrity: Platform Keyring initialized
[    1.053743] integrity: Machine keyring initialized
[    1.067481] Key type asymmetric registered
[    1.068454] Asymmetric key parser 'x509' registered
[    1.069688] Block layer SCSI generic (bsg) driver version 0.4 loaded (major 242)
[    1.071181] io scheduler mq-deadline registered
[    1.073951] ledtrig-cpu: registered to indicate activity on CPUs
[    1.075569] input: Power Button as /devices/LNXSYSTM:00/LNXPWRBN:00/input/input0
[    1.076795] ACPI: button: Power Button [PWRF]
[    1.077550] input: Sleep Button as /devices/LNXSYSTM:00/LNXSLPBN:00/input/input1
[    1.079946] ACPI: button: Sleep Button [SLPF]
[    1.088940] ACPI: \_SB_.LNKC: Enabled at IRQ 11
[    1.090716] virtio-pci 0000:00:03.0: virtio_pci: leaving for legacy driver
[    1.102330] ACPI: \_SB_.LNKA: Enabled at IRQ 10
[    1.104081] virtio-pci 0000:00:05.0: virtio_pci: leaving for legacy driver
[    1.115683] ACPI: \_SB_.LNKB: Enabled at IRQ 10
[    1.117461] virtio-pci 0000:00:06.0: virtio_pci: leaving for legacy driver
[    1.125306] Serial: 8250/16550 driver, 32 ports, IRQ sharing enabled
[    1.150627] 00:03: ttyS0 at I/O 0x3f8 (irq = 4, base_baud = 115200) is a 16550A
[    1.176474] 00:04: ttyS1 at I/O 0x2f8 (irq = 3, base_baud = 115200) is a 16550A
[    1.201549] 00:05: ttyS2 at I/O 0x3e8 (irq = 6, base_baud = 115200) is a 16550A
[    1.226789] 00:06: ttyS3 at I/O 0x2e8 (irq = 7, base_baud = 115200) is a 16550A
[    1.231645] Linux agpgart interface v0.103
[    1.234360] tpm_tis MSFT0101:00: 2.0 TPM (device-id 0x9009, rev-id 0)
[    1.250849] loop: module loaded
[    1.255213] virtio_scsi virtio0: 1/0/0 default/read/poll queues
[    1.274930] scsi host0: Virtio SCSI HBA
[    1.275971] blk-mq: reduced tag depth to 10240
[    1.282597] Key type psk registered
[    1.282998] scsi 0:0:1:0: Direct-Access     Google   PersistentDisk   1    PQ: 0 ANSI: 6
[    1.284165] ACPI: bus type drm_connector registered
[    1.287342] tun: Universal TUN/TAP device driver, 1.6
[    1.437673] sd 0:0:1:0: Attached scsi generic sg0 type 0
[    1.441529] sd 0:0:1:0: [sda] 4194304000 512-byte logical blocks: (2.15 TB/1.95 TiB)
[    1.485572] sd 0:0:1:0: [sda] 4096-byte physical blocks
[    1.501735] sd 0:0:1:0: [sda] Write Protect is off
[    1.518025] PPP generic driver version 2.4.2
[    1.519897] sd 0:0:1:0: [sda] Write cache: enabled, read cache: enabled, doesn't support DPO or FUA
[    1.520016] i8042: PNP: PS/2 Controller [PNP0303:KBD,PNP0f13:MOU] at 0x60,0x64 irq 1,12
[    1.524872] i8042: Warning: Keylock active
[    1.528232] serio: i8042 KBD port at 0x60,0x64 irq 1
[    1.529646] serio: i8042 AUX port at 0x60,0x64 irq 12
[    1.531351] mousedev: PS/2 mouse device common for all mice
[    1.533333] rtc_cmos 00:00: RTC can wake from S4
[    1.536097] rtc_cmos 00:00: registered as rtc0
[    1.537556] rtc_cmos 00:00: setting system clock to 2026-05-15T01:58:52 UTC (1778810332)
[    1.539853] rtc_cmos 00:00: alarms up to one day, 114 bytes nvram
[    1.541519] i2c_dev: i2c /dev entries driver
[    1.542920] device-mapper: core: CONFIG_IMA_DISABLE_HTABLE is disabled. Duplicate IMA measurements will not be recorded in the IMA log.
[    1.544271] GPT:Primary header thinks Alt. header is not at the end of the disk.
[    1.546211] device-mapper: uevent: version 1.0.3
[    1.548283] GPT:104857599 != 4194303999
[    1.548285] GPT:Alternate GPT header not at the end of the disk.
[    1.548286] GPT:104857599 != 4194303999
[    1.548287] GPT: Use GNU Parted to correct GPT errors.
[    1.548295]  sda: sda1 sda14 sda15 sda16
[    1.548592] sd 0:0:1:0: [sda] Attached SCSI disk
[    1.549768] device-mapper: ioctl: 4.50.0-ioctl (2025-04-28) initialised: dm-devel@lists.linux.dev
[    1.559770] intel_pstate: CPU model not supported
[    1.561241] drop_monitor: Initializing network drop monitor service
[    1.563964] NET: Registered PF_INET6 protocol family
[    1.566135] Segment Routing with IPv6
[    1.567243] In-situ OAM (IOAM) with IPv6
[    1.568467] NET: Registered PF_PACKET protocol family
[    1.570007] Key type dns_resolver registered
[    1.575319] IPI shorthand broadcast: enabled
[    1.579232] sched_clock: Marking stable (1416004095, 163034818)->(1777094279, -198055366)
[    1.582018] registered taskstats version 1
[    1.585453] Loading compiled-in X.509 certificates
[    1.587607] Loaded X.509 cert 'Build time autogenerated kernel key: e45cb4cd1c398ae218369364b5dd9534d3664c1e'
[    1.590859] Loaded X.509 cert 'Canonical Ltd. Live Patch Signing 2025 Kmod: d541cef61dc7e793b7eb7e899970a2eef0b5dc8c'
[    1.594432] Loaded X.509 cert 'Canonical Ltd. Live Patch Signing: 14df34d1a87cf37625abec039ef2bf521249b969'
[    1.597895] Loaded X.509 cert 'Canonical Ltd. Kernel Module Signing: 88f752e560a1e0737e31163a466ad7b70a850c19'
[    1.600558] blacklist: Loading compiled-in revocation X.509 certificates
[    1.602432] Loaded X.509 cert 'Canonical Ltd. Secure Boot Signing: 61482aa2830d0ab2ad5af10b7250da9033ddcef0'
[    1.605104] Loaded X.509 cert 'Canonical Ltd. Secure Boot Signing (2017): 242ade75ac4a15e50d50c84b0d45ff3eae707a03'
[    1.607976] Loaded X.509 cert 'Canonical Ltd. Secure Boot Signing (ESM 2018): 365188c1d374d6b07c3c8f240f8ef722433d6a8b'
[    1.610895] Loaded X.509 cert 'Canonical Ltd. Secure Boot Signing (2019): c0746fd6c5da3ae827864651ad66ae47fe24b3e8'
[    1.613653] Loaded X.509 cert 'Canonical Ltd. Secure Boot Signing (2021 v1): a8d54bbb3825cfb94fa13c9f8a594a195c107b8d'
[    1.616499] Loaded X.509 cert 'Canonical Ltd. Secure Boot Signing (2021 v2): 4cf046892d6fd3c9a5b03f98d845f90851dc6a8c'
[    1.619377] Loaded X.509 cert 'Canonical Ltd. Secure Boot Signing (2021 v3): 100437bb6de6e469b581e61cd66bce3ef4ed53af'
[    1.622295] Loaded X.509 cert 'Canonical Ltd. Secure Boot Signing (Ubuntu Core 2019): c1d57b8f6b743f23ee41f4f7ee292f06eecadfb9'
[    1.631382] Demotion targets for Node 0: null
[    1.632754] Key type .fscrypt registered
[    1.633863] Key type fscrypt-provisioning registered
[    1.635328] Key type big_key registered
[    1.636405] Key type trusted registered
[    1.639138] Key type encrypted registered
[    1.640355] AppArmor: AppArmor sha256 policy hashing enabled
[    1.642457] integrity: Loading X.509 certificate: UEFI:db
[    1.643938] integrity: Loaded X.509 cert 'Microsoft Corporation UEFI CA 2011: 13adbf4309bd82709c8cd54f316ed522988a1bd4'
[    1.646902] integrity: Loading X.509 certificate: UEFI:db
[    1.648419] integrity: Loaded X.509 cert 'Microsoft Windows Production PCA 2011: a92902398e16c49778cd90f99e4f9ae17c55af53'
[    1.651349] integrity: Loading X.509 certificate: UEFI:db
[    1.652764] integrity: Loaded X.509 cert 'Microsoft Corporation: Windows UEFI CA 2023: aefc5fbbbe055d8f8daa585473499417ab5a5272'
[    1.655833] integrity: Loading X.509 certificate: UEFI:db
[    1.657314] integrity: Loaded X.509 cert 'Microsoft UEFI CA 2023: 81aa6b3244c935bce0d6628af39827421e32497d'
[    1.660290] integrity: Revoking X.509 certificate: UEFI:dbx
[    1.661957] blacklist: Revoked X.509 cert 'Canonical Ltd. Secure Boot Signing: 61482aa2830d0ab2ad5af10b7250da9033ddcef0'
[    1.664847] integrity: Revoking X.509 certificate: UEFI:dbx
[    1.666327] blacklist: Revoked X.509 cert 'Cisco: Virtual UEFI SubCA: 13df2e3f54ebf347dcaecebf21d3cbb2355a4c9a'
[    1.669089] integrity: Revoking X.509 certificate: UEFI:dbx
[    1.670533] blacklist: Revoked X.509 cert 'Debian Secure Boot Signer: 00a7468def'
[    1.673130] Loading compiled-in module X.509 certificates
[    1.675187] Loaded X.509 cert 'Build time autogenerated kernel key: e45cb4cd1c398ae218369364b5dd9534d3664c1e'
[    1.677795] ima: Allocated hash algorithm: sha256
[    1.701900] ima: No architecture policies found
[    1.703239] evm: Initialising EVM extended attributes:
[    1.704702] evm: security.selinux
[    1.705631] evm: security.SMACK64
[    1.706645] evm: security.SMACK64EXEC
[    1.707731] evm: security.SMACK64TRANSMUTE
[    1.708913] evm: security.SMACK64MMAP
[    1.709943] evm: security.apparmor
[    1.710889] evm: security.ima
[    1.711673] evm: security.capability
[    1.712633] evm: HMAC attrs: 0x1
[    1.713929] PM:   Magic number: 10:665:963
[    1.715143] memory memory14: hash matches
[    1.719156] RAS: Correctable Errors collector initialized.
[    1.733642] clk: Disabling unused clocks
[    1.734687] PM: genpd: Disabling unused power domains
[    1.736954] check access for rdinit=/init failed: -2, ignoring
[    1.737818] input: AT Translated Set 2 keyboard as /devices/platform/i8042/serio0/input/input2
[    1.739628] md: Waiting for all devices to be available before autodetect
[    1.740673] md: If you don't use raid, use raid=noautodetect
[    1.741496] md: Autodetecting RAID arrays.
[    1.742098] md: autorun ...
[    1.742531] md: ... autorun DONE.
[    1.750152] EXT4-fs (sda1): mounted filesystem 89fcf612-67c3-434b-97ea-2cfdbfe01b5b ro with ordered data mode. Quota mode: none.
[    1.751799] VFS: Mounted root (ext4 filesystem) readonly on device 8:1.
[    1.759495] devtmpfs: mounted
[    1.762185] Freeing unused decrypted memory: 2028K
[    1.764752] Freeing unused kernel image (initmem) memory: 5404K
[    1.765859] Write protecting the kernel read-only data: 38912k
[    1.767357] Freeing unused kernel image (text/rodata gap) memory: 320K
[    1.769003] Freeing unused kernel image (rodata/data gap) memory: 776K
[    1.828369] x86/mm: Checked W+X mappings: passed, no W+X pages found.
[    1.829297] x86/mm: Checking user space page tables
[    1.886824] x86/mm: Checked W+X mappings: passed, no W+X pages found.
[    1.887793] Run /sbin/init as init process
[    2.101595] systemd[1]: Inserted module 'autofs4'
[    2.253957] systemd[1]: systemd 255.4-1ubuntu8.15 running in system mode (+PAM +AUDIT +SELINUX +APPARMOR +IMA +SMACK +SECCOMP +GCRYPT -GNUTLS +OPENSSL +ACL +BLKID +CURL +ELFUTILS +FIDO2 +IDN2 -IDN +IPTC +KMOD +LIBCRYPTSETUP +LIBFDISK +PCRE2 -PWQUALITY +P11KIT +QRENCODE +TPM2 +BZIP2 +LZ4 +XZ +ZLIB +ZSTD -BPF_FRAMEWORK -XKBCOMMON +UTMP +SYSVINIT default-hierarchy=unified)
[    2.258826] systemd[1]: Detected virtualization google.
[    2.259579] systemd[1]: Detected architecture x86-64.

Welcome to [1mUbuntu 24.04.4 LTS[0m!

[    2.262457] systemd[1]: No hostname configured, using default hostname.
[    2.263549] systemd[1]: Hostname set to <localhost>.
[    2.656801] systemd[1]: Queued start job for default target graphical.target.
[    2.680733] systemd[1]: Created slice system-modprobe.slice - Slice /system/modprobe.
[[0;32m  OK  [0m] Created slice [0;1;39msystem-modprobe.slice[0m - Slice /system/modprobe.
[    2.686151] systemd[1]: Created slice system-serial\x2dgetty.slice - Slice /system/serial-getty.
[[0;32m  OK  [0m] Created slice [0;1;39msystem-serial\x2dget…slice[0m - Slice /system/serial-getty.
[    2.690653] systemd[1]: Created slice system-systemd\x2dfsck.slice - Slice /system/systemd-fsck.
[[0;32m  OK  [0m] Created slice [0;1;39msystem-systemd\x2dfs…slice[0m - Slice /system/systemd-fsck.
[    2.695531] systemd[1]: Created slice user.slice - User and Session Slice.
[[0;32m  OK  [0m] Created slice [0;1;39muser.slice[0m - User and Session Slice.
[    2.699188] systemd[1]: Started systemd-ask-password-wall.path - Forward Password Requests to Wall Directory Watch.
[[0;32m  OK  [0m] Started [0;1;39msystemd-ask-password-wall.…[0md Requests to Wall Directory Watch.
[    2.704320] systemd[1]: Set up automount proc-sys-fs-binfmt_misc.automount - Arbitrary Executable File Formats File System Automount Point.
[[0;32m  OK  [0m] Set up automount [0;1;39mproc-sys-fs-binfm…[0mormats File System Automount Point.
[    2.709123] systemd[1]: Expecting device dev-disk-by\x2dlabel-BOOT.device - /dev/disk/by-label/BOOT...
         Expecting device [0;1;39mdev-disk-by\x2dla…device[0m - /dev/disk/by-label/BOOT...
[    2.714092] systemd[1]: Expecting device dev-disk-by\x2dlabel-UEFI.device - /dev/disk/by-label/UEFI...
         Expecting device [0;1;39mdev-disk-by\x2dla…device[0m - /dev/disk/by-label/UEFI...
[    2.718088] systemd[1]: Expecting device dev-ttyS0.device - /dev/ttyS0...
         Expecting device [0;1;39mdev-ttyS0.device[0m - /dev/ttyS0...
[    2.722223] systemd[1]: Reached target integritysetup.target - Local Integrity Protected Volumes.
[[0;32m  OK  [0m] Reached target [0;1;39mintegritysetup.targ…[0m Local Integrity Protected Volumes.
[    2.727183] systemd[1]: Reached target slices.target - Slice Units.
[[0;32m  OK  [0m] Reached target [0;1;39mslices.target[0m - Slice Units.
[    2.731105] systemd[1]: Reached target snapd.mounts-pre.target - Mounting snaps.
[[0;32m  OK  [0m] Reached target [0;1;39msnapd.mounts-pre.target[0m - Mounting snaps.
[    2.735111] systemd[1]: Reached target swap.target - Swaps.
[[0;32m  OK  [0m] Reached target [0;1;39mswap.target[0m - Swaps.
[    2.738105] systemd[1]: Reached target time-set.target - System Time Set.
[[0;32m  OK  [0m] Reached target [0;1;39mtime-set.target[0m - System Time Set.
[    2.742128] systemd[1]: Reached target veritysetup.target - Local Verity Protected Volumes.
[[0;32m  OK  [0m] Reached target [0;1;39mveritysetup.target[0m - Local Verity Protected Volumes.
[    2.746199] systemd[1]: Listening on dm-event.socket - Device-mapper event daemon FIFOs.
[[0;32m  OK  [0m] Listening on [0;1;39mdm-event.socket[0m - Device-mapper event daemon FIFOs.
[    2.750255] systemd[1]: Listening on lvm2-lvmpolld.socket - LVM2 poll daemon socket.
[[0;32m  OK  [0m] Listening on [0;1;39mlvm2-lvmpolld.socket[0m - LVM2 poll daemon socket.
[    2.754241] systemd[1]: Listening on multipathd.socket - multipathd control socket.
[[0;32m  OK  [0m] Listening on [0;1;39mmultipathd.socket[0m - multipathd control socket.
[    2.758237] systemd[1]: Listening on syslog.socket - Syslog Socket.
[[0;32m  OK  [0m] Listening on [0;1;39msyslog.socket[0m - Syslog Socket.
[    2.762240] systemd[1]: Listening on systemd-fsckd.socket - fsck to fsckd communication Socket.
[[0;32m  OK  [0m] Listening on [0;1;39msystemd-fsckd.socket[0m …fsck to fsckd communication Socket.
[    2.767169] systemd[1]: Listening on systemd-initctl.socket - initctl Compatibility Named Pipe.
[[0;32m  OK  [0m] Listening on [0;1;39msystemd-initctl.socke…[0m- initctl Compatibility Named Pipe.
[    2.771232] systemd[1]: Listening on systemd-journald-dev-log.socket - Journal Socket (/dev/log).
[[0;32m  OK  [0m] Listening on [0;1;39msystemd-journald-dev-…socket[0m - Journal Socket (/dev/log).
[    2.776271] systemd[1]: Listening on systemd-journald.socket - Journal Socket.
[[0;32m  OK  [0m] Listening on [0;1;39msystemd-journald.socket[0m - Journal Socket.
[    2.780309] systemd[1]: Listening on systemd-networkd.socket - Network Service Netlink Socket.
[[0;32m  OK  [0m] Listening on [0;1;39msystemd-networkd.socket[0m - Network Service Netlink Socket.
[    2.785131] systemd[1]: systemd-pcrextend.socket - TPM2 PCR Extension (Varlink) was skipped because of an unmet condition check (ConditionSecurity=measured-uki).
[    2.787347] systemd[1]: Listening on systemd-udevd-control.socket - udev Control Socket.
[[0;32m  OK  [0m] Listening on [0;1;39msystemd-udevd-control.socket[0m - udev Control Socket.
[    2.791214] systemd[1]: Listening on systemd-udevd-kernel.socket - udev Kernel Socket.
[[0;32m  OK  [0m] Listening on [0;1;39msystemd-udevd-kernel.socket[0m - udev Kernel Socket.
[    2.813148] systemd[1]: Mounting dev-hugepages.mount - Huge Pages File System...
         Mounting [0;1;39mdev-hugepages.mount[0m - Huge Pages File System...
[    2.818174] systemd[1]: Mounting dev-mqueue.mount - POSIX Message Queue File System...
         Mounting [0;1;39mdev-mqueue.mount[0m - POSIX Message Queue File System...
[    2.823155] systemd[1]: Mounting sys-kernel-debug.mount - Kernel Debug File System...
         Mounting [0;1;39msys-kernel-debug.mount[0m - Kernel Debug File System...
[    2.828173] systemd[1]: Mounting sys-kernel-tracing.mount - Kernel Trace File System...
         Mounting [0;1;39msys-kernel-tracing.mount[0m - Kernel Trace File System...
[    2.836415] systemd[1]: Starting systemd-journald.service - Journal Service...
         Starting [0;1;39msystemd-journald.service[0m - Journal Service...
[    2.842457] systemd[1]: Starting keyboard-setup.service - Set the console keyboard layout...
         Starting [0;1;39mkeyboard-setup.service[0m - Set the console keyboard layout...
[    2.848347] systemd[1]: Starting kmod-static-nodes.service - Create List of Static Device Nodes...
         Starting [0;1;39mkmod-static-nodes.service[0m…eate List of Static Device Nodes...
[    2.853086] systemd[1]: Starting lvm2-monitor.service - Monitoring of LVM2 mirrors, snapshots etc. using dmeventd or progress polling...
         Starting [0;1;39mlvm2-monitor.service[0m - Mo…ing dmeventd or progress polling...
[    2.857512] systemd-journald[283]: Collecting audit messages is disabled.
[    2.857807] systemd[1]: Starting modprobe@configfs.service - Load Kernel Module configfs...
         Starting [0;1;39mmodprobe@configfs.service[0m - Load Kernel Module co[    2.861109] systemd[1]: Starting modprobe@dm_mod.service - Load Kernel Module dm_mod...
nfigfs...
         Starting [0;1;39mmodprobe@dm_mod.service[0m - Load Kernel Module dm_m[    2.865295] systemd[1]: Starting modprobe@drm.service - Load Kernel Module drm...
od...
         Starting [0;1;39mmodprobe@drm.service[0m - Load Kernel Module drm...[    2.869288] systemd[1]: Starting modprobe@efi_pstore.service - Load Kernel Module efi_pstore...

         Starting [0;1;39mmodprobe@efi_pstore.servi…[0m - Load Kernel Module[    2.871890] systemd[1]: Starting modprobe@fuse.service - Load Kernel Module fuse...
 efi_pstore...
         Starting [0;1;39mmodprobe@fuse.service[0m - Load Kernel Module fuse...
[    2.877124] systemd[1]: Starting modprobe@loop.service - Load Kernel Module loop...
         Starting [0;1;39mmodprobe@loop.service[0m - Load Kernel Module loop..[    2.879658] pstore: Using crash dump compression: deflate
.
[    2.883152] systemd[1]: Starting modprobe@nvme_fabrics.service - Load Kernel Module nvme_fabrics...
         Starting [0;1;39mmodprobe@nvme_fabrics.ser…[0m Load Kernel Module nvme_fabrics...
[    2.886570] systemd[1]: netplan-ovs-cleanup.service - OpenVSwitch configuration for cleanup was skipped because of an unmet condition check (ConditionFileIsExecutable=/usr/bin/ovs-vsctl).
[    2.888344] pstore: Registered efi_pstore as persistent store backend
[    2.890397] systemd[1]: Starting systemd-fsck-root.service - File System Check on Root Device...
         Starting [0;1;39msystemd-fsck-root.service[0m…File System Check on Root Device...
[    2.896412] systemd[1]: Starting systemd-modules-load.service - Load Kernel Modules...
         Starting [0;1;39msystemd-modules-load.service[0m - Load Kernel Modules...
[    2.902109] systemd[1]: systemd-pcrmachine.service - TPM2 PCR Machine ID Measurement was skipped because of an unmet condition check (ConditionSecurity=measured-uki).
[    2.904282] systemd[1]: systemd-tpm2-setup-early.service - TPM2 SRK Setup (Early) was skipped because of an unmet condition check (ConditionSecurity=measured-uki).
[    2.907554] systemd[1]: Starting systemd-udev-trigger.service - Coldplug All udev Devices...
         Starting [0;1;39msystemd-udev-trigger.service[0m - Coldplug All udev Devices...
[    2.910500] systemd[1]: Started systemd-journald.service - Journal Service.
[[0;32m  OK  [0m] Started [0;1;39msystemd-journald.service[0m - Journal Service.
[[0;32m  OK  [0m] Mounted [0;1;39mdev-hugepages.mount[0m - Huge Pages File System.
[[0;32m  OK  [0m] Mounted [0;1;39mdev-mqueue.mount[0m - POSIX Message Queue File System.
[[0;32m  OK  [0m] Mounted [0;1;39msys-kernel-debug.mount[0m - Kernel Debug File System.
[[0;32m  OK  [0m] Mounted [0;1;39msys-kernel-tracing.mount[0m - Kernel Trace File System.
[[0;32m  OK  [0m] Finished [0;1;39mkeyboard-setup.service[0m - Set the console keyboard layout.
[[0;32m  OK  [0m] Finished [0;1;39mkmod-static-nodes.service[0m…Create List of Static Device Nodes.
[[0;32m  OK  [0m] Finished [0;1;39mmodprobe@configfs.service[0m - Load Kernel Module configfs.
[[0;32m  OK  [0m] Finished [0;1;39mmodprobe@dm_mod.service[0m - Load Kernel Module dm_mod.
[[0;32m  OK  [0m] Finished [0;1;39mmodprobe@drm.service[0m - Load Kernel Module drm.
[[0;32m  OK  [0m] Finished [0;1;39mmodprobe@efi_pstore.service[0m - Load Kernel Module efi_pstore.
[[0;32m  OK  [0m] Finished [0;1;39mmodprobe@fuse.service[0m - Load Kernel Module fuse.
[[0;32m  OK  [0m] Finished [0;1;39mmodprobe@loop.service[0m - Load Kernel Module loop.
[[0;32m  OK  [0m] Finished [0;1;39mmodprobe@nvme_fabrics.ser…[0m - Load Kernel Module nvme_fabrics.
[[0;32m  OK  [0m] Finished [0;1;39msystemd-modules-load.service[0m - Load Kernel Modules.
         Mounting [0;1;39msys-fs-fuse-connections.mount[0m - FUSE Control File System...
         Mounting [0;1;39msys-kernel-config.mount[0m - Kernel Configuration File System...
[[0;32m  OK  [0m] Started [0;1;39msystemd-fsckd.service[0m - Fi…stem Check Daemon to report status.
         Starting [0;1;39msystemd-sysctl.service[0m - Apply Kernel Variables...
         Starting [0;1;39msystemd-tmpfiles-setup-de…[0m Device Nodes in /dev gracefully...
[[0;32m  OK  [0m] Finished [0;1;39msystemd-fsck-root.service[0m - File System Check on Root Device.
[[0;32m  OK  [0m] Mounted [0;1;39msys-fs-fuse-connections.mount[0m - FUSE Control File System.
[[0;32m  OK  [0m] Mounted [0;1;39msys-kernel-config.mount[0m - Kernel Configuration File System.
[[0;32m  OK  [0m] Finished [0;1;39mlvm2-monitor.service[0m - Mo…using dmeventd or progress polling.
[[0;32m  OK  [0m] Finished [0;1;39msystemd-sysctl.service[0m - Apply Kernel Variables.
[[0;32m  OK  [0m] Finished [0;1;39msystemd-tmpfiles-setup-de…[0mic Device Nodes in /dev gracefully.
         Starting [0;1;39msystemd-remount-fs.servic…[0munt Root and Kernel File Systems...
[[0;32m  OK  [0m] Finished [0;1;39msystemd-remount-fs.servic…[0mmount Root and Kernel File Systems.
[[0;32m  OK  [0m] Finished [0;1;39msystemd-udev-trigger.service[0m - Coldplug All udev Devices.
         Starting [0;1;39mmultipathd.service[0m - Devi…pper Multipath Device Controller...
         Starting [0;1;39msystemd-journal-flush.ser…[0msh Journal to Persistent Storage...
         Starting [0;1;39msystemd-random-seed.service[0m - Load/Save OS Random Seed...
         Starting [0;1;39msystemd-tmpfiles-setup-de…[0meate Static Device Nodes in /dev...
[[0;32m  OK  [0m] Finished [0;1;39msystemd-random-seed.service[0m - Load/Save OS Random Seed.
[[0;32m  OK  [0m] Finished [0;1;39msystemd-tmpfiles-setup-de…[0mCreate Static Device Nodes in /dev.
         Starting [0;1;39msystemd-udevd.service[0m - R…ager for Device Events and Files...
[[0;32m  OK  [0m] Started [0;1;39mmultipathd.service[0m - Devic…Mapper Multipath Device Controller.
[[0;32m  OK  [0m] Started [0;1;39msystemd-udevd.service[0m - Ru…anager for Device Events and Files.
[[0;32m  OK  [0m] Reached target [0;1;39mlocal-fs-pre.target[0m…Preparation for Local File Systems.
         Mounting [0;1;39msnap-core22-2411.mount[0m - …t unit for core22, revision 2411...
         Mounting [0;1;39msnap-google\x2dcloud\x2dc…[0mr google-cloud-cli, revision 448...
         Mounting [0;1;39msnap-snapd-26865.mount[0m - …t unit for snapd, revision 26865...
[[0;32m  OK  [0m] Started [0;1;39msystemd-ask-password-conso…[0mequests to Console Directory Watch.
[[0;32m  OK  [0m] Reached target [0;1;39mcryptsetup.target[0m - Local Encrypted Volumes.
[[0;32m  OK  [0m] Finished [0;1;39msystemd-journal-flush.ser…[0mlush Journal to Persistent Storage.
[[0;32m  OK  [0m] Mounted [0;1;39msnap-core22-2411.mount[0m - Mount unit for core22, revision 2411.
[[0;32m  OK  [0m] Mounted [0;1;39msnap-google\x2dcloud\x2dcl…[0mfor google-cloud-cli, revision 448.
[[0;32m  OK  [0m] Mounted [0;1;39msnap-snapd-26865.mount[0m - Mount unit for snapd, revision 26865.
[[0;32m  OK  [0m] Found device [0;1;39mdev-ttyS0.device[0m - /dev/ttyS0.
[[0;32m  OK  [0m] Found device [0;1;39mdev-disk-by\x2dlabel-UEFI.device[0m - PersistentDisk UEFI.
[[0;32m  OK  [0m] Found device [0;1;39mdev-disk-by\x2dlabel-BOOT.device[0m - PersistentDisk BOOT.
[[0;32m  OK  [0m] Reached target [0;1;39msnapd.mounts.target[0m - Mounted snaps.
[[0;32m  OK  [0m] Listening on [0;1;39msystemd-rfkill.socket[0m…ll Switch Status /dev/rfkill Watch.
[    3.555134] 
         Starting [0;1;39msystemd-fsck@dev-disk-by\…[0mCheck on /dev/disk/by-label/BOOT...
         Starting [0;1;39msystemd-fsck@dev-disk-by\…[0mCheck on /dev/disk/by-label/UEFI...
Checking in progress on 1 disk (0.0% complete)[[0;32m  OK  [0m] Finished [0;1;39msystemd-fsck@dev-disk-by\…[0mm Check on /dev/disk/by-label/BOOT.
Checking in progress on 0 disks (100.0% complete)[[0;32m  OK  [0m] Finished [0;1;39msystemd-fsck@dev-disk-by\…[0mm Check on /dev/disk/by-label/UEFI.
         Mounting [0;1;39mboot.mount[0m - /boot...
[[0;32m  OK  [0m] Mounted [0;1;39mboot.mount[0m - /boot.
         Mounting [0;1;39mboot-efi.mount[0m - /boot/efi...
[[0;32m  OK  [0m] Mounted [0;1;39mboot-efi.mount[0m - /boot/efi.
[[0;32m  OK  [0m] Reached target [0;1;39mlocal-fs.target[0m - Local File Systems.
[[0;32m  OK  [0m] Listening on [0;1;39msystemd-sysext.socket[0m…tension Image Management (Varlink).
         Starting [0;1;39mapparmor.service[0m - Load AppArmor profiles...
         Starting [0;1;39mconsole-setup.service[0m - Set console font and keymap...
         Starting [0;1;39mfinalrd.service[0m - Create …time dir for shutdown pivot root...
         Starting [0;1;39mplymouth-read-write.servi…[0mymouth To Write Out Runtime Data...
         Starting [0;1;39msystemd-binfmt.service[0m - Set Up Additional Binary Formats...
         Starting [0;1;39msystemd-tmpfiles-setup.se…[0me Volatile Files and Directories...
         Starting [0;1;39mufw.service[0m - Uncomplicated firewall...
[[0;32m  OK  [0m] Finished [0;1;39mconsole-setup.service[0m - Set console font and keymap.
[[0;32m  OK  [0m] Finished [0;1;39mfinalrd.service[0m - Create …untime dir for shutdown pivot root.
[[0;32m  OK  [0m] Finished [0;1;39mplymouth-read-write.servi…[0mPlymouth To Write Out Runtime Data.
[[0;32m  OK  [0m] Finished [0;1;39mufw.service[0m - Uncomplicated firewall.
         Mounting [0;1;39mproc-sys-fs-binfmt_misc.m…[0mcutable File Formats File System...
[[0;32m  OK  [0m] Finished [0;1;39msystemd-tmpfiles-setup.se…[0mate Volatile Files and Directories.
         Starting [0;1;39msystemd-resolved.service[0m - Network Name Resolution...
         Starting [0;1;39msystemd-update-utmp.servi…[0mord System Boot/Shutdown in UTMP...
[[0;32m  OK  [0m] Finished [0;1;39mapparmor.service[0m - Load AppArmor profiles.
         Starting [0;1;39msnapd.apparmor.service[0m - …iles managed internally by snapd...
         Starting [0;1;39mcloud-init-local.service[0m …-init: Local Stage (pre-network)...
[[0;32m  OK  [0m] Mounted [0;1;39mproc-sys-fs-binfmt_misc.mo…[0mxecutable File Formats File System.
[[0;32m  OK  [0m] Finished [0;1;39msystemd-binfmt.service[0m - Set Up Additional Binary Formats.
[[0;32m  OK  [0m] Finished [0;1;39msystemd-update-utmp.servi…[0mecord System Boot/Shutdown in UTMP.
         Starting [0;1;39mmodprobe@dm_mod.service[0m - Load Kernel Module dm_mod...
         Starting [0;1;39mmodprobe@efi_pstore.servi…[0m - Load Kernel Module efi_pstore...
         Starting [0;1;39mmodprobe@loop.service[0m - Load Kernel Module loop...
[[0;32m  OK  [0m] Finished [0;1;39mmodprobe@dm_mod.service[0m - Load Kernel Module dm_mod.
[[0;32m  OK  [0m] Finished [0;1;39mmodprobe@efi_pstore.service[0m - Load Kernel Module efi_pstore.
[[0;32m  OK  [0m] Finished [0;1;39mmodprobe@loop.service[0m - Load Kernel Module loop.
[[0;32m  OK  [0m] Started [0;1;39msystemd-resolved.service[0m - Network Name Resolution.
[[0;32m  OK  [0m] Reached target [0;1;39mnss-lookup.target[0m - Host and Network Name Lookups.
[[0;32m  OK  [0m] Finished [0;1;39msnapd.apparmor.service[0m - …ofiles managed internally by snapd.
[    5.748824] cloud-init[723]: Cloud-init v. 25.3-0ubuntu1~24.04.1 running 'init-local' at Fri, 15 May 2026 01:58:56 +0000. Up 5.72 seconds.
         Starting [0;1;39mmodprobe@dm_mod.service[0m - Load Kernel Module dm_mod...
         Starting [0;1;39mmodprobe@efi_pstore.servi…[0m - Load Kernel Module efi_pstore...
         Starting [0;1;39mmodprobe@loop.service[0m - Load Kernel Module loop...
[[0;32m  OK  [0m] Finished [0;1;39mmodprobe@dm_mod.service[0m - Load Kernel Module dm_mod.
[[0;32m  OK  [0m] Finished [0;1;39mmodprobe@efi_pstore.service[0m - Load Kernel Module efi_pstore.
[[0;32m  OK  [0m] Finished [0;1;39mmodprobe@loop.service[0m - Load Kernel Module loop.
         Starting [0;1;39mmodprobe@dm_mod.service[0m - Load Kernel Module dm_mod...
         Starting [0;1;39mmodprobe@efi_pstore.servi…[0m - Load Kernel Module efi_pstore...
         Starting [0;1;39mmodprobe@loop.service[0m - Load Kernel Module loop...
[[0;32m  OK  [0m] Finished [0;1;39mmodprobe@dm_mod.service[0m - Load Kernel Module dm_mod.
[[0;32m  OK  [0m] Finished [0;1;39mmodprobe@efi_pstore.service[0m - Load Kernel Module efi_pstore.
[[0;32m  OK  [0m] Finished [0;1;39mmodprobe@loop.service[0m - Load Kernel Module loop.
[[0;32m  OK  [0m] Finished [0;1;39mcloud-init-local.service[0m …ud-init: Local Stage (pre-network).
[[0;32m  OK  [0m] Reached target [0;1;39mnetwork-pre.target[0m - Preparation for Network.
         Starting [0;1;39msystemd-networkd.service[0m - Network Configuration...
[[0;32m  OK  [0m] Started [0;1;39msystemd-networkd.service[0m - Network Configuration.
[[0;32m  OK  [0m] Reached target [0;1;39mnetwork.target[0m - Network.
         Starting [0;1;39msystemd-networkd-wait-onl…[0mait for Network to be Configured...
[[0;32m  OK  [0m] Finished [0;1;39msystemd-networkd-wait-onl…[0m Wait for Network to be Configured.
         Starting [0;1;39mcloud-init.service[0m - Cloud-init: Network Stage...
[   10.372131] cloud-init[817]: Cloud-init v. 25.3-0ubuntu1~24.04.1 running 'init' at Fri, 15 May 2026 01:59:01 +0000. Up 10.35 seconds.
[   10.385341] cloud-init[817]: ci-info: ++++++++++++++++++++++++++++++++++++++Net device info+++++++++++++++++++++++++++++++++++++++
[   10.398209] cloud-init[817]: ci-info: +--------+------+---------------------------+-----------------+--------+-------------------+
[   10.411225] cloud-init[817]: ci-info: | Device |  Up  |          Address          |       Mask      | Scope  |     Hw-Address    |
[   10.424151] cloud-init[817]: ci-info: +--------+------+---------------------------+-----------------+--------+-------------------+
[   10.437119] cloud-init[817]: ci-info: |  ens5  | True |        10.128.0.60        | 255.255.255.255 | global | 42:01:0a:80:00:3c |
[   10.450144] cloud-init[817]: ci-info: |  ens5  | True | fe80::4001:aff:fe80:3c/64 |        .        |  link  | 42:01:0a:80:00:3c |
[   10.463222] cloud-init[817]: ci-info: |   lo   | True |         127.0.0.1         |    255.0.0.0    |  host  |         .         |
[   10.477277] cloud-init[817]: ci-info: |   lo   | True |          ::1/128          |        .        |  host  |         .         |
[   10.490135] cloud-init[817]: ci-info: +--------+------+---------------------------+-----------------+--------+-------------------+
[   10.504126] cloud-init[817]: ci-info: +++++++++++++++++++++++++++++++Route IPv4 info++++++++++++++++++++++++++++++++
[   10.517136] cloud-init[817]: ci-info: +-------+-----------------+------------+-----------------+-----------+-------+
[   10.529142] cloud-init[817]: ci-info: | Route |   Destination   |  Gateway   |     Genmask     | Interface | Flags |
[   10.541247] cloud-init[817]: ci-info: +-------+-----------------+------------+-----------------+-----------+-------+
[   10.554153] cloud-init[817]: ci-info: |   0   |     0.0.0.0     | 10.128.0.1 |     0.0.0.0     |    ens5   |   UG  |
[   10.567181] cloud-init[817]: ci-info: |   1   |    10.128.0.1   |  0.0.0.0   | 255.255.255.255 |    ens5   |   UH  |
[   10.579141] cloud-init[817]: ci-info: |   2   | 169.254.169.254 | 10.128.0.1 | 255.255.255.255 |    ens5   |  UGH  |
[   10.591113] cloud-init[817]: ci-info: +-------+-----------------+------------+-----------------+-----------+-------+
[   10.603225] cloud-init[817]: ci-info: +++++++++++++++++++Route IPv6 info+++++++++++++++++++
[   10.612174] cloud-init[817]: ci-info: +-------+-------------+---------+-----------+-------+
[   10.621095] cloud-init[817]: ci-info: | Route | Destination | Gateway | Interface | Flags |
[   10.630095] cloud-init[817]: ci-info: +-------+-------------+---------+-----------+-------+
[   10.639095] cloud-init[817]: ci-info: |   0   |  fe80::/64  |    ::   |    ens5   |   U   |
[   10.648108] cloud-init[817]: ci-info: |   2   |    local    |    ::   |    ens5   |   U   |
[   10.657167] cloud-init[817]: ci-info: |   3   |  multicast  |    ::   |    ens5   |   U   |
[   10.666114] cloud-init[817]: ci-info: +-------+-------------+---------+-----------+-------+
[   15.746612] cloud-init[817]: Generating public/private rsa key pair.
[   15.754164] cloud-init[817]: Your identification has been saved in /etc/ssh/ssh_host_rsa_key
[   15.764141] cloud-init[817]: Your public key has been saved in /etc/ssh/ssh_host_rsa_key.pub
[   15.774131] cloud-init[817]: The key fingerprint is:
[   15.780106] cloud-init[817]: SHA256:qGhVPeQYT/+O5OfA6a7PgFIsdqSaxNvMuLV9j37HY7Y root@loadgen-lwqh
[   15.791101] cloud-init[817]: The key's randomart image is:
[   15.798099] cloud-init[817]: +---[RSA 3072]----+
[[0;32m  OK  [0m] Finished [0;1;39mcloud-init.service[0m - Cloud-init: Network Stage.
[   15.804103] cloud-init[817]: |      . o        |
[[0;32m  OK  [0m] Reached target [0;1;39mcloud-config.target[0m - Cloud-config availability.
[   15.818112] cloud-init[817]: |       O .       |
[[0;32m  OK  [0m] Reached target [0;1;39mnetwork-online.target[0m - Network is Online.
[   15.833097] cloud-init[817]: |      + = .      |
[[0;32m  OK  [0m] Reached target [0;1;39msysinit.target[0m - System Initialization.
[   15.847090] cloud-init[817]: | .   = . . .     |
[[0;32m  OK  [0m] Started [0;1;39mnvidia-cdi-refresh.path[0m - …r toolkit install / upgrade events.
[   15.862088] cloud-init[817]: |  o = = S . .    |
[[0;32m  OK  [0m] Started [0;1;39mgce-workload-cert-refresh.…[0mWorkload Certificate refresh timer.
[   15.878078] cloud-init[817]: | . % = . + +     |
[[0;32m  OK  [0m] Started [0;1;39mgoogle-oslogin-cache.timer[0m - NSS cache refresh timer.
[   15.894102] cloud-init[817]: |  B B . . *.o    |
[[0;32m  OK  [0m] Started [0;1;39msystemd-tmpfiles-clean.tim…[0my Cleanup of Temporary Directories.
[   15.908131] cloud-init[817]: | . o +  .=.+*    |
[[0;32m  OK  [0m] Started [0;1;39mupdate-notifier-download.t…[0mhat failed at package install time.
[   15.924171] cloud-init[817]: |  . . .o+**+Eo   |
[[0;32m  OK  [0m] Reached target [0;1;39mpaths.target[0m - Path Units.
[   15.934175] cloud-init[817]: +----[SHA256]-----+
[[0;32m  OK  [0m] Listening on [0;1;39mcloud-init-hotplugd.s…t[0m - cloud-init hotplug hook socket.
[   15.954107] cloud-init[817]: Generating public/private ecdsa key pair.
[[0;32m  OK  [0m] Listening on [0;1;39mdbus.socket[0m - D-Bus System Message Bus Socket.
[   15.971178] cloud-init[817]: Your identification has been saved in /etc/ssh/ssh_host_ecdsa_key
         Starting [0;1;39mdocker.socket[0m - Docker Socket for the API...
[   15.991162] cloud-init[817]: Your public key has been saved in /etc/ssh/ssh_host_ecdsa_key.pub
[[0;32m  OK  [0m] Listening on [0;1;39miscsid.socket[0m - Open-iSCSI iscsid Socket.
[   16.008115] cloud-init[817]: The key fingerprint is:
[   16.023112] cloud-init[817]: SHA256:79un49r0Ub8ttR0tfjUpTrF87BI8Pf/xQNT4mjhLm+o root@loadgen-lwqh
         Starting [0;1;39mlxd-installer.socket[0m - He…er to install lxd snap on demand...
[   16.023202] cloud-init[817]: The key's randomart image is:
         Starting [0;1;39msnapd.socket[0m - Socket activation for snappy daemon...
[   16.049123] cloud-init[817]: +---[ECDSA 256]---+
[[0;32m  OK  [0m] Listening on [0;1;39mssh.socket[0m - OpenBSD Secure Shell server socket.
[   16.062119] cloud-init[817]: |                 |
[[0;32m  OK  [0m] Listening on [0;1;39muuidd.socket[0m - UUID daemon activation socket.
[   16.078233] cloud-init[817]: |               o |
[[0;32m  OK  [0m] Finished [0;1;39mblk-availability.service[0m - Availability of block devices.
[   16.093138] cloud-init[817]: |              o .|
[[0;32m  OK  [0m] Listening on [0;1;39mdocker.socket[0m - Docker Socket for the API.
[   16.109124] cloud-init[817]: |             o . |
[[0;32m  OK  [0m] Listening on [0;1;39mlxd-installer.socket[0m …lper to install lxd snap on demand.
[   16.122116] cloud-init[817]: |        S   o * =|
[[0;32m  OK  [0m] Listening on [0;1;39msnapd.socket[0m - Socket activation for snappy daemon.
[   16.138109] cloud-init[817]: |         .   @.%=|
[[0;32m  OK  [0m] Reached target [0;1;39msockets.target[0m - Socket Units.
[   16.153104] cloud-init[817]: |          . B.@+X|
[[0;32m  OK  [0m] Reached target [0;1;39mbasic.target[0m - Basic System.
[   16.166122] cloud-init[817]: |         . =.O+=O|
         Starting [0;1;39mchrony.service[0m - chrony, an NTP client/server...
[   16.179167] cloud-init[817]: |         .E=O+o+=|
         Starting [0;1;39mcloud-config.service[0m - Cloud-init: Config Stage...
[   16.193150] cloud-init[817]: +----[SHA256]-----+
[   16.193205] cloud-init[817]: Generating public/private ed25519 key pair.
         Starting [0;1;39mdbus.service[0m - D-Bus System Message Bus...
[   16.206213] cloud-init[817]: Your identification has been saved in /etc/ssh/ssh_host_ed25519_key
[[0;32m  OK  [0m] Started [0;1;39mdmesg.service[0m - Save initial kernel messages after boot.
[   16.220307] cloud-init[817]: Your public key has been saved in /etc/ssh/ssh_host_ed25519_key.pub
[   16.220390] cloud-init[817]: The key fingerprint is:
         Starting [0;1;39me2scrub_reap.service[0m - Re…ne ext4 Metadata Check Snapshots...
[   16.248336] cloud-init[817]: SHA256:3nTWH4OyzdkQxJ8sPxsE6RRYfeKRg5Ojb0ZDCY6iE4Q root@loadgen-lwqh
         Starting [0;1;39mgce-workload-cert-refresh…[0mGCE Workload Certificate refresh...
[   16.262248] cloud-init[817]: The key's randomart image is:
[[0;32m  OK  [0m] Started [0;1;39mgoogle-osconfig-agent.service[0m - Google OSConfig Agent.
[   16.282221] cloud-init[817]: +--[ED25519 256]--+
         Starting [0;1;39mgoogle-oslogin-cache.service[0m - NSS cache refresh...
[   16.304242] cloud-init[817]: |   ..     ..+B+. |
         Starting [0;1;39mgrub-common.service[0m - Record successful boot for GRUB...
[   16.317120] cloud-init[817]: |  E.     o .O==..|
[   16.317176] cloud-init[817]: |    . . . .oo=++o|
         Starting [0;1;39mnetworkd-dispatcher.servi…[0mcher daemon for systemd-networkd...
[   16.330239] cloud-init[817]: |     o .  . o++= |
         Starting [0;1;39mnvidia-persistenced.service[0m - NVIDIA Persistence Daemon...
[   16.344174] cloud-init[817]: |    o   S .+o+=o |
         Starting [0;1;39mnvmf-autoconnect.service[0m …ystems automatically during boot...
[   16.359298] cloud-init[817]: |     . . o oO +=o|
         Starting [0;1;39mrsyslog.service[0m - System Logging Service...
[   16.374207] cloud-init[817]: |        . .+ + .=|
         Starting [0;1;39msecureboot-db.service[0m - Secure Boot updates for DB and DBX...
[   16.388230] cloud-init[817]: |               . |
[[0;32m  OK  [0m] Reached target [0;1;39mgetty-pre.target[0m - Preparation for Logins.
[   16.409137] cloud-init[817]: |                 |
[   16.409294] cloud-init[817]: +----[SHA256]-----+
         Starting [0;1;39msnapd.seeded.service[0m - Wait until snapd is fully seeded...
         Starting [0;1;39msnapd.service[0m - Snap Daemon...
         Starting [0;1;39msysstat.service[0m - Resets System Activity Logs...
         Starting [0;1;39msystemd-logind.service[0m - User Login Management...
[[0;32m  OK  [0m] Started [0;1;39mubuntu-advantage.service[0m - Ubuntu Pro Background Auto Attach.
[[0;32m  OK  [0m] Started [0;1;39mdbus.service[0m - D-Bus System Message Bus.
[[0;32m  OK  [0m] Started [0;1;39mnetworkd-dispatcher.servic…[0matcher daemon for systemd-networkd.
[[0;32m  OK  [0m] Finished [0;1;39mgce-workload-cert-refresh…[0m- GCE Workload Certificate refresh.
[[0;32m  OK  [0m] Started [0;1;39msystemd-logind.service[0m - User Login Management.
[[0;32m  OK  [0m] Finished [0;1;39mgoogle-oslogin-cache.service[0m - NSS cache refresh.
[[0;32m  OK  [0m] Started [0;1;39mnvidia-persistenced.service[0m - NVIDIA Persistence Daemon.
[[0;32m  OK  [0m] Finished [0;1;39mnvmf-autoconnect.service[0m …bsystems automatically during boot.
[[0;32m  OK  [0m] Finished [0;1;39msysstat.service[0m - Resets System Activity Logs.
[[0;32m  OK  [0m] Finished [0;1;39mgrub-common.service[0m - Record successful boot for GRUB.
[   16.608074] cloud-init[1031]: Cloud-init v. 25.3-0ubuntu1~24.04.1 running 'modules:config' at Fri, 15 May 2026 01:59:07 +0000. Up 16.56 seconds.
[[0;32m  OK  [0m] Reached target [0;1;39mremote-fs-pre.targe…[0mreparation for Remote File Systems.
[[0;32m  OK  [0m] Reached target [0;1;39mremote-fs.target[0m - Remote File Systems.
         Starting [0;1;39mapport.service[0m - automatic crash report generation...
         Starting [0;1;39mcontainerd.service[0m - containerd container runtime...
[[0;32m  OK  [0m] Started [0;1;39mcron.service[0m - Regular background program processing daemon.
         Starting [0;1;39mgrub-initrd-fallback.service[0m - GRUB failed boot detection...
         Starting [0;1;39msystemd-hostnamed.service[0m - Hostname Service...
         Starting [0;1;39msystemd-user-sessions.service[0m - Permit User Sessions...
[[0;32m  OK  [0m] Started [0;1;39munattended-upgrades.service[0m - Unattended Upgrades Shutdown.
[[0;32m  OK  [0m] Started [0;1;39mchrony.service[0m - chrony, an NTP client/server.
[[0;32m  OK  [0m] Finished [0;1;39msecureboot-db.service[0m - Secure Boot updates for DB and DBX.
[[0;32m  OK  [0m] Finished [0;1;39msystemd-user-sessions.service[0m - Permit User Sessions.
[[0;32m  OK  [0m] Finished [0;1;39me2scrub_reap.service[0m - Re…line ext4 Metadata Check Snapshots.
[[0;32m  OK  [0m] Finished [0;1;39mgrub-initrd-fallback.service[0m - GRUB failed boot detection.
         Stopping [0;1;39mchrony.service[0m - chrony, an NTP client/server...
2026-05-15T01:59:07.938850+00:00 loadgen-lwqh systemd[1]: Mounted dev-hugepages.mount - Huge Pages File System.
2026-05-15T01:59:07.939040+00:00 loadgen-lwqh systemd[1]: Mounted dev-mqueue.mount - POSIX Message Queue File System.
2026-05-15T01:59:07.939097+00:00 loadgen-lwqh systemd[1]: Mounted sys-kernel-debug.mount - Kernel Debug File System.
2026-05-15T01:59:07.939104+00:00 loadgen-lwqh systemd[1]: Mounted sys-kernel-tracing.mount - Kernel Trace File System.
2026-05-15T01:59:07.939109+00:00 loadgen-lwqh systemd[1]: Finished keyboard-setup.service - Set the console keyboard layout.
2026-05-15T01:59:07.939114+00:00 loadgen-lwqh systemd[1]: Finished kmod-static-nodes.service - Create List of Static Device Nodes.
2026-05-15T01:59:07.939118+00:00 loadgen-lwqh systemd[1]: modprobe@configfs.service: Deactivated successfully.
2026-05-15T01:59:07.939124+00:00 loadgen-lwqh systemd[1]: Finished modprobe@configfs.service - Load Kernel Module configfs.
2026-05-15T01:59:07.939133+00:00 loadgen-lwqh systemd[1]: modprobe@dm_mod.service: Deactivated successfully.
2026-05-15T01:59:07.939137+00:00 loadgen-lwqh systemd[1]: Finished modprobe@dm_mod.service - Load Kernel Module dm_mod.
2026-05-15T01:59:07.939142+00:00 loadgen-lwqh systemd-modules-load[306]: Inserted module 'dm_multipath'
2026-05-15T01:59:07.939148+00:00 loadgen-lwqh systemd[1]: modprobe@drm.service: Deactivated successfully.
2026-05-15T01:59:07.939153+00:00 loadgen-lwqh systemd[1]: Finished modprobe@drm.service - Load Kernel Module drm.
2026-05-15T01:59:07.939154+00:00 loadgen-lwqh kernel: Linux version 6.17.0-1013-gcp (buildd@lcy02-amd64-034) (x86_64-linux-gnu-gcc-13 (Ubuntu 13.3.0-6ubuntu2~24.04.1) 13.3.0, GNU ld (GNU Binutils for Ubuntu) 2.42) #13~24.04.1-Ubuntu SMP Thu Apr 16 02:10:24 UTC 2026 (Ubuntu 6.17.0-1013.13~24.04.1-gcp 6.17.13)
2026-05-15T01:59:07.939160+00:00 loadgen-lwqh systemd[1]: modprobe@efi_pstore.service: Deactivated successfully.
2026-05-15T01:59:07.939168+00:00 loadgen-lwqh kernel: Command line: BOOT_IMAGE=/vmlinuz-6.17.0-1013-gcp root=PARTUUID=6624332c-1f00-4e51-a0bf-94661fe17234 ro console=ttyS0,115200 panic=-1
2026-05-15T01:59:07.939168+00:00 loadgen-lwqh systemd[1]: Finished modprobe@efi_pstore.service - Load Kernel Module efi_pstore.
2026-05-15T01:59:07.939170+00:00 loadgen-lwqh kernel: KERNEL supported cpus:
2026-05-15T01:59:07.939172+00:00 loadgen-lwqh kernel:   Intel GenuineIntel
2026-05-15T01:59:07.939173+00:00 loadgen-lwqh kernel:   AMD AuthenticAMD
2026-05-15T01:59:07.939173+00:00 loadgen-lwqh systemd[1]: modprobe@fuse.service: Deactivated successfully.
2026-05-15T01:59:07.939175+00:00 loadgen-lwqh kernel:   Hygon HygonGenuine
2026-05-15T01:59:07.939177+00:00 loadgen-lwqh kernel:   Centaur CentaurHauls
2026-05-15T01:59:07.939178+00:00 loadgen-lwqh systemd[1]: Finished modprobe@fuse.service - Load Kernel Module fuse.
2026-05-15T01:59:07.939182+00:00 loadgen-lwqh kernel:   zhaoxin   Shanghai  
2026-05-15T01:59:07.939184+00:00 loadgen-lwqh kernel: x86/CPU: Model not found in latest microcode list
2026-05-15T01:59:07.939183+00:00 loadgen-lwqh systemd[1]: modprobe@loop.service: Deactivated successfully.
2026-05-15T01:59:07.939185+00:00 loadgen-lwqh kernel: BIOS-provided physical RAM map:
2026-05-15T01:59:07.939187+00:00 loadgen-lwqh kernel: BIOS-e820: [mem 0x0000000000000000-0x0000000000000fff] reserved
2026-05-15T01:59:07.939188+00:00 loadgen-lwqh kernel: BIOS-e820: [mem 0x0000000000001000-0x0000000000054fff] usable
2026-05-15T01:59:07.939188+00:00 loadgen-lwqh systemd[1]: Finished modprobe@loop.service - Load Kernel Module loop.
2026-05-15T01:59:07.939190+00:00 loadgen-lwqh kernel: BIOS-e820: [mem 0x0000000000055000-0x000000000005ffff] reserved
2026-05-15T01:59:07.939194+00:00 loadgen-lwqh systemd[1]: modprobe@nvme_fabrics.service: Deactivated successfully.
2026-05-15T01:59:07.939199+00:00 loadgen-lwqh kernel: BIOS-e820: [mem 0x0000000000060000-0x0000000000097fff] usable
2026-05-15T01:59:07.939202+00:00 loadgen-lwqh kernel: BIOS-e820: [mem 0x0000000000098000-0x000000000009ffff] reserved
2026-05-15T01:59:07.939202+00:00 loadgen-lwqh kernel: BIOS-e820: [mem 0x0000000000100000-0x00000000bd254fff] usable
2026-05-15T01:59:07.939203+00:00 loadgen-lwqh kernel: BIOS-e820: [mem 0x00000000bd255000-0x00000000bd25ffff] ACPI data
2026-05-15T01:59:07.939202+00:00 loadgen-lwqh systemd[1]: Finished modprobe@nvme_fabrics.service - Load Kernel Module nvme_fabrics.
2026-05-15T01:59:07.939205+00:00 loadgen-lwqh kernel: BIOS-e820: [mem 0x00000000bd260000-0x00000000bf8ecfff] usable
2026-05-15T01:59:07.939206+00:00 loadgen-lwqh kernel: BIOS-e820: [mem 0x00000000bf8ed000-0x00000000bfb6cfff] reserved
2026-05-15T01:59:07.939207+00:00 loadgen-lwqh kernel: BIOS-e820: [mem 0x00000000bfb6d000-0x00000000bfb7efff] ACPI data
2026-05-15T01:59:07.939207+00:00 loadgen-lwqh systemd[1]: Finished systemd-modules-load.service - Load Kernel Modules.
2026-05-15T01:59:07.939213+00:00 loadgen-lwqh kernel: BIOS-e820: [mem 0x00000000bfb7f000-0x00000000bfbfefff] ACPI NVS
2026-05-15T01:59:07.939214+00:00 loadgen-lwqh kernel: BIOS-e820: [mem 0x00000000bfbff000-0x00000000bffdffff] usable
2026-05-15T01:59:07.939214+00:00 loadgen-lwqh kernel: BIOS-e820: [mem 0x00000000bffe0000-0x00000000bfffffff] reserved
2026-05-15T01:59:07.939212+00:00 loadgen-lwqh systemd-fsck[310]: cloudimg-rootfs: clean, 172898/6422528 files, 2136941/12844795 blocks
2026-05-15T01:59:07.939215+00:00 loadgen-lwqh kernel: BIOS-e820: [mem 0x0000000100000000-0x000000103fffffff] usable
2026-05-15T01:59:07.939217+00:00 loadgen-lwqh kernel: NX (Execute Disable) protection: active
2026-05-15T01:59:07.939218+00:00 loadgen-lwqh kernel: APIC: Static calls initialized
2026-05-15T01:59:07.939218+00:00 loadgen-lwqh systemd[1]: Mounting sys-fs-fuse-connections.mount - FUSE Control File System...
2026-05-15T01:59:07.939223+00:00 loadgen-lwqh systemd[1]: Mounting sys-kernel-config.mount - Kernel Configuration File System...
2026-05-15T01:59:07.939228+00:00 loadgen-lwqh kernel: efi: EFI v2.7 by EDK II
2026-05-15T01:59:07.939229+00:00 loadgen-lwqh kernel: efi: TPMFinalLog=0xbfbf7000 ACPI=0xbfb7e000 ACPI 2.0=0xbfb7e014 SMBIOS=0xbf9ca000 MEMATTR=0xbd260018 MOKvar=0xbf9c8000 RNG=0xbfb72018 TPMEventLog=0xbd255018 
2026-05-15T01:59:07.939231+00:00 loadgen-lwqh kernel: random: crng init done
2026-05-15T01:59:07.939231+00:00 loadgen-lwqh kernel: SMBIOS 2.4 present.
2026-05-15T01:59:07.939228+00:00 loadgen-lwqh systemd[1]: Started systemd-fsckd.service - File System Check Daemon to report status.
2026-05-15T01:59:07.939232+00:00 loadgen-lwqh kernel: DMI: Google Google Compute Engine/Google Compute Engine, BIOS Google 04/21/2026
2026-05-15T01:59:07.939233+00:00 loadgen-lwqh kernel: DMI: Memory slots populated: 4/4
2026-05-15T01:59:07.939235+00:00 loadgen-lwqh systemd[1]: systemd-repart.service - Repartition Root Disk was skipped because no trigger condition checks were met.
2026-05-15T01:59:07.939239+00:00 loadgen-lwqh kernel: secureboot: Secure boot disabled
2026-05-15T01:59:07.939240+00:00 loadgen-lwqh kernel: Hypervisor detected: KVM
2026-05-15T01:59:07.939241+00:00 loadgen-lwqh kernel: last_pfn = 0xbffe0 max_arch_pfn = 0x400000000
2026-05-15T01:59:07.939240+00:00 loadgen-lwqh systemd[1]: Starting systemd-sysctl.service - Apply Kernel Variables...
2026-05-15T01:59:07.939243+00:00 loadgen-lwqh kernel: kvm-clock: Using msrs 4b564d01 and 4b564d00
2026-05-15T01:59:07.939245+00:00 loadgen-lwqh kernel: kvm-clock: using sched offset of 14459823022 cycles
2026-05-15T01:59:07.939246+00:00 loadgen-lwqh kernel: clocksource: kvm-clock: mask: 0xffffffffffffffff max_cycles: 0x1cd42e4dffb, max_idle_ns: 881590591483 ns
2026-05-15T01:59:07.939247+00:00 loadgen-lwqh kernel: tsc: Detected 2299.998 MHz processor
2026-05-15T01:59:07.939246+00:00 loadgen-lwqh systemd[1]: Starting systemd-tmpfiles-setup-dev-early.service - Create Static Device Nodes in /dev gracefully...
2026-05-15T01:59:07.939254+00:00 loadgen-lwqh kernel: e820: update [mem 0x00000000-0x00000fff] usable ==> reserved
2026-05-15T01:59:07.939253+00:00 loadgen-lwqh systemd[1]: Finished systemd-fsck-root.service - File System Check on Root Device.
2026-05-15T01:59:07.939258+00:00 loadgen-lwqh kernel: e820: remove [mem 0x000a0000-0x000fffff] usable
2026-05-15T01:59:07.939260+00:00 loadgen-lwqh kernel: last_pfn = 0x1040000 max_arch_pf         Starting [0;1;39mplymouth-quit-wait.servic…[0md until boot process finishes up...
n = 0x400000000
2026-05-15T01:59:07.939262+00:00 loadgen-lwqh kernel: MTRR map: 3 entries (2 fixed + 1 variable; max 18), built from 8 variable MTRRs
2026-05-15T01:59:07.939263+00:00 loadgen-lwqh kernel: x86/PAT: Configuration [0-7]: WB  WC  UC- UC  WB  WP  UC- WT  
2026-05-15T01:59:07.939261+00:00 loadgen-lwqh systemd[1]: Mounted sys-fs-fuse-connections.mount - FUSE Control File System.
2026-05-15T01:59:07.939263+00:00 loadgen-lwqh kernel: last_pfn = 0xbffe0 max_arch_pfn = 0x400000000
2026-05-15T01:59:07.939266+00:00 loadgen-lwqh systemd[1]: Mounted sys-kernel-config.mount - Kernel Configuration File System.
2026-05-15T01:59:07.939273+00:00 loadgen-lwqh kernel: Using GB pages for direct mapping
2026-05-15T01:59:07.939275+00:00 loadgen-lwqh kernel: secureboot: Secure boot disabled
2026-05-15T01:59:07.939276+00:00 loadgen-lwqh kernel: ACPI: Early table checksum verification disabled
2026-05-15T01:59:07.939274+00:00 loadgen-lwqh systemd[1]: Finished lvm2-monitor.service - Monitoring of LVM2 mirrors, snapshots etc. using dmeventd or progress polling.
2026-05-15T01:59:07.939279+00:00 loadgen-lwqh kernel: ACPI: RSDP 0x00000000BFB7E014 000024 (v02 Google)
2026-05-15T01:59:07.939280+00:00 loadgen-lwqh kernel: ACPI: XSDT 0x00000000BFB7D0E8 00005C (v01 Google GOOGFACP 00000001      01000013)
2026-05-15T01:59:07.939280+00:00 loadgen-lwqh kernel: ACPI: FACP 0x00000000BFB78000 0000F4 (v02 Google GOOGFACP 00000001 GOOG 00000001)
2026-05-15T01:59:07.939282+00:00 loadgen-lwqh systemd[1]: Finished systemd-sysctl.service - Apply Kernel Variables.
2026-05-15T01:59:07.939285+00:00 loadgen-lwqh kernel: ACPI: DSDT 0x00000000BFB79000 001A64 (v01 Google GOOGDSDT 00000001 GOOG 00000001)
2026-05-15T01:59:07.939287+00:00 loadgen-lwqh kernel: ACPI: FACS 0x00000000BFBF1000 000040
2026-05-15T01:59:07.939287+00:00 loadgen-lwqh kernel: ACPI: SSDT 0x00000000BFB7C000 000316 (v02 GOOGLE Tpm2Tabl 00001000 INTL 20250807)
2026-05-15T01:59:07.939288+00:00 loadgen-lwqh kernel: ACPI: TPM2 0x00000000BFB7B000 000034 (v04 GOOGLE          00000001 GOOG 00000001)
2026-05-15T01:59:07.939289+00:00 loadgen-lwqh kernel: ACPI: SRAT 0x00000000BFB77000 000228 (v03 Google GOOGSRAT 00000001 GOOG 00000001)
2026-05-15T01:59:07.939287+00:00 loadgen-lwqh systemd[1]: Finished systemd-tmpfiles-setup-dev-early.service - Create Static Device Nodes in /dev gracefully.
2026-05-15T01:59:07.939292+00:00 loadgen-lwqh kernel: ACPI: APIC 0x00000000BFB76000 000126 (v05 Google GOOGAPIC 00000001 GOOG 00000001)
2026-05-15T01:59:07.939293+00:00 loadgen-lwqh kernel: ACPI: SSDT 0x00000000BFB74000 0011D6 (v01 Google GOOGSSDT 00000001 GOOG 00000001)
2026-05-15T01:59:07.939295+00:00 loadgen-lwqh systemd[1]: Starting systemd-remount-fs.service - Remount Root and Kernel File Systems...
2026-05-15T01:59:07.939297+00:00 loadgen-lwqh kernel: ACPI: WAET 0x00000000BFB73000 000028 (v01 Google GOOGWAET 00000001 GOOG 00000001)
2026-05-15T01:59:07.939298+00:00 loadgen-lwqh kernel: ACPI: Reserving FACP table memory at [mem 0xbfb78000-0xbfb780f3]
2026-05-15T01:59:07.939300+00:00 loadgen-lwqh kernel: ACPI: Reserving DSDT table memory at [mem 0xbfb79000-0xbfb7aa63]
2026-05-15T01:59:07.939301+00:00 loadgen-lwqh kernel: ACPI: Reserving FACS table memory at [mem 0xbfbf1000-0xbfbf103f]
2026-05-15T01:59:07.939302+00:00 loadgen-lwqh kernel: ACPI: Reserving SSDT table memory at [mem 0xbfb7c000-0xbfb7c315]
2026-05-15T01:59:07.939300+00:00 loadgen-lwqh systemd[1]: Finished systemd-remount-fs.service - Remount Root and Kernel File Systems.
2026-05-15T01:59:07.939304+00:00 loadgen-lwqh kernel: ACPI: Reserving TPM2 table memory at [mem 0xbfb7b000-0xbfb7b033]
2026-05-15T01:59:07.939307+00:00 loadgen-lwqh systemd[1]: Finished systemd-udev-trigger.service - Coldplug All udev Devices.
2026-05-15T01:59:07.939309+00:00 loadgen-lwqh kernel: ACPI: Reserving SRAT table memory at [mem 0xbfb77000-0xbfb77227]
2026-05-15T01:59:07.939311+00:00 loadgen-lwqh kernel: ACPI: Reserving APIC table memory at [mem 0xbfb76000-0xbfb76125]
2026-05-15T01:59:07.939312+00:00 loadgen-lwqh kernel: ACPI: Reserving SSDT table memory at [mem 0xbfb74000-0xbfb751d5]
2026-05-15T01:59:07.939314+00:00 loadgen-lwqh kernel: ACPI: Reserving WAET table memory at [mem 0xbfb73000-0xbfb73027]
2026-05-15T01:59:07.939312+00:00 loadgen-lwqh systemd[1]: Starting multipathd.service - Device-Mapper Multipath Device Controller...
2026-05-15T01:59:07.939315+00:00 loadgen-lwqh kernel: ACPI: SRAT: Node 0 PXM 0 [mem 0x00000000-0x0009ffff]
2026-05-15T01:59:07.939316+00:00 loadgen-lwqh kernel: ACPI: SRAT: Node 0 PXM 0 [mem 0x00100000-0xbfffffff]
2026-05-15T01:59:07.939318+00:00 loadgen-lwqh systemd[1]: systemd-hwdb-update.service - Rebuild Hardware Database was skipped because of an unmet condition check (ConditionNeedsUpdate=/etc).
2026-05-15T01:59:07.939320+00:00 loadgen-lwqh kernel: ACPI: SRAT: Node 0 PXM 0 [mem 0x100000000-0x103fffffff]
2026-05-15T01:59:07.939326+00:00 loadgen-lwqh kernel: NUMA: Node 0 [mem 0x00001000-0x0009ffff] + [mem 0x00100000-0xbfffffff] -> [mem 0x00001000-0xbfffffff]
2026-05-15T01:59:07.939327+00:00 loadgen-lwqh kernel: NUMA: Node 0 [mem 0x00001000-0xbfffffff] + [mem 0x100000000-0x103fffffff] -> [mem 0x00001000-0x103fffffff]
2026-05-15T01:59:07.939329+00:00 loadgen-lwqh kernel: NODE_DATA(0) allocated [mem 0x103ffd52c0-0x103fffffff]
2026-05-15T01:59:07.939330+00:00 loadgen-lwqh kernel: Zone ranges:
2026-05-15T01:59:07.939331+00:00 loadgen-lwqh kernel:   DMA      [mem 0x0000000000001000-0x0000000000ffffff]
2026-05-15T01:59:07.939329+00:00 loadgen-lwqh systemd[1]: Starting systemd-journal-flush.service - Flush Journal to Persistent Storage...
2026-05-15T01:59:07.939332+00:00 loadgen-lwqh kernel:   DMA32    [mem 0x0000000001000000-0x00000000ffffffff]
2026-05-15T01:59:07.939334+00:00 loadgen-lwqh systemd[1]: systemd-pstore.service - Platform Persistent Storage Archival was skipped because of an unmet condition check (ConditionDirectoryNotEmpty=/sys/fs/pstore).
2026-05-15T01:59:07.939337+00:00 loadgen-lwqh kernel:   Normal   [mem 0x0000000100000000-0x000000103fffffff]
2026-05-15T01:59:07.939339+00:00 loadgen-lwqh kernel:   Device   empty
2026-05-15T01:59:07.939340+00:00 loadgen-lwqh kernel: Movable zone start for each node
2026-05-15T01:59:07.939341+00:00 loadgen-lwqh kernel: Early memory node ranges
2026-05-15T01:59:07.939341+00:00 loadgen-lwqh kernel:   node   0: [mem 0x0000000000001000-0x0000000000054fff]
2026-05-15T01:59:07.939343+00:00 loadgen-lwqh kernel:   node   0: [mem 0x0000000000060000-0x0000000000097fff]
2026-05-15T01:59:07.939339+00:00 loadgen-lwqh systemd[1]: Starting systemd-random-seed.service - Load/Save OS Random Seed...
2026-05-15T01:59:07.939348+00:00 loadgen-lwqh kernel:   node   0: [mem 0x0000000000100000-0x00000000bd254fff]
2026-05-15T01:59:07.939347+00:00 loadgen-lwqh systemd[1]: systemd-sysusers.service - Create System Users was skipped because no trigger condition checks were met.
2026-05-15T01:59:07.939352+00:00 loadgen-lwqh systemd[1]: Starting systemd-tmpfiles-setup-dev.service - Create Static Device Nodes in /dev...
2026-05-15T01:59:07.939349+00:00 loadgen-lwqh kernel:   node   0: [mem 0x00000000bd260000-0x00000000bf8ecfff]
2026-05-15T01:59:07.939359+00:00 loadgen-lwqh kernel:   node   0: [mem 0x00000000bfbff000-0x00000000bffdffff]
2026-05-15T01:59:07.939357+00:00 loadgen-lwqh systemd[1]: systemd-tpm2-setup.service - TPM2 SRK Setup was skipped because of an unmet condition check (ConditionSecurity=measured-uki).
2026-05-15T01:59:07.939360+00:00 loadgen-lwqh kernel:   node   0: [mem 0x0000000100000000-0x000000103fffffff]
2026-05-15T01:59:07.939362+00:00 loadgen-lwqh kernel: Initmem setup node 0 [mem 0x0000000000001000-0x000000103fffffff]
2026-05-15T01:59:07.939363+00:00 loadgen-lwqh kernel: On node 0, zone DMA: 1 pages in unavailable ranges
2026-05-15T01:59:07.939363+00:00 loadgen-lwqh systemd[1]: Finished systemd-random-seed.service - Load/Save OS Random Seed.
2026-05-15T01:59:07.939368+00:00 loadgen-lwqh kernel: On node 0, zone DMA: 11 pages in unavailable ranges
2026-05-15T01:59:07.939369+00:00 loadgen-lwqh kernel: On node 0, zone DMA: 104 pages in unavailable ranges
2026-05-15T01:59:07.939370+00:00 loadgen-lwqh kernel: On node 0, zone DMA32: 11          Starting [0;1;39mplymouth-quit.service[0m - Terminate Plymouth Boot Screen...
pages in unavailable ranges
2026-05-15T01:59:07.939371+00:00 loadgen-lwqh kernel: On node 0, zone DMA32: 786 pages in unavailable ranges
2026-05-15T01:59:07.939372+00:00 loadgen-lwqh kernel: On node 0, zone Normal: 32 pages in unavailable ranges
2026-05-15T01:59:07.939368+00:00 loadgen-lwqh systemd[1]: Finished systemd-tmpfiles-setup-dev.service - Create Static Device Nodes in /dev.
2026-05-15T01:59:07.939372+00:00 loadgen-lwqh kernel: ACPI: PM-Timer IO Port: 0xb008
2026-05-15T01:59:07.939374+00:00 loadgen-lwqh kernel: ACPI: LAPIC_NMI (acpi_id[0xff] dfl dfl lint[0x1])
2026-05-15T01:59:07.939375+00:00 loadgen-lwqh multipathd[357]: multipathd v0.9.4: start up
2026-05-15T01:59:07.939378+00:00 loadgen-lwqh kernel: IOAPIC[0]: apic_id 0, version 17, address 0xfec00000, GSI 0-23
2026-05-15T01:59:07.939380+00:00 loadgen-lwqh kernel: ACPI: INT_SRC_OVR (bus 0 bus_irq 5 global_irq 5 high level)
2026-05-15T01:59:07.939381+00:00 loadgen-lwqh kernel: ACPI: INT_SRC_OVR (bus 0 bus_irq 9 global_irq 9 high level)
2026-05-15T01:59:07.939382+00:00 loadgen-lwqh kernel: ACPI: INT_SRC_OVR (bus 0 bus_irq 10 global_irq 10 high level)
2026-05-15T01:59:07.939381+00:00 loadgen-lwqh multipathd[357]: reconfigure: setting up paths and maps
2026-05-15T01:59:07.939383+00:00 loadgen-lwqh kernel: ACPI: INT_SRC_OVR (bus 0 bus_irq 11 global_irq 11 high level)
2026-05-15T01:59:07.939384+00:00 loadgen-lwqh kernel: ACPI: Using ACPI (MADT) for SMP configuration information
2026-05-15T01:59:07.939386+00:00 loadgen-lwqh systemd[1]: Starting systemd-udevd.service - Rule-based Manager for Device Events and Files...
2026-05-15T01:59:07.939388+00:00 loadgen-lwqh kernel: CPU topo: Max. logical packages:   1
2026-05-15T01:59:07.939390+00:00 loadgen-lwqh kernel: CPU topo: Max. logical dies:       1
2026-05-15T01:59:07.939391+00:00 loadgen-lwqh kernel: CPU topo: Max. dies per package:   1
2026-05-15T01:59:07.939392+00:00 loadgen-lwqh kernel: CPU topo: Max. threads per core:   2
2026-05-15T01:59:07.939391+00:00 loadgen-lwqh systemd-udevd[362]: Using default interface naming scheme 'v255'.
2026-05-15T01:59:07.939393+00:00 loadgen-lwqh kernel: CPU topo: Num. cores per package:    12
2026-05-15T01:59:07.939396+00:00 loadgen-lwqh systemd[1]: Started multipathd.service - Device-Mapper Multipath Device Controller.
2026-05-15T01:59:07.939401+00:00 loadgen-lwqh systemd[1]: Started systemd-udevd.service - Rule-based Manager for Device Events and Files.
2026-05-15T01:59:07.939409+00:00 loadgen-lwqh systemd[1]: nvmefc-boot-connections.service - Auto-connect to subsystems on FC-NVME devices found during boot was skipped because of an unmet condition check (ConditionPathExists=/sys/class/fc/fc_udev_device/nvme_discovery).
2026-05-15T01:59:07.939414+00:00 loadgen-lwqh systemd[1]: Reached target local-fs-pre.target - Preparation for Local File Systems.
2026-05-15T01:59:07.939418+00:00 loadgen-lwqh systemd[1]: Mounting snap-core22-2411.mount - Mount unit for core22, revision 2411...
2026-05-15T01:59:07.939423+00:00 loadgen-lwqh systemd[1]: Mounting snap-google\x2dcloud\x2dcli-448.mount - Mount unit for google-cloud-cli, revision 448...
2026-05-15T01:59:07.939427+00:00 loadgen-lwqh systemd[1]: Mounting snap-snapd-26865.mount - Mount unit for snapd, revision 26865...
2026-05-15T01:59:07.939434+00:00 loadgen-lwqh systemd[1]: plymouth-start.service - Show Plymouth Boot Screen was skipped because of an unmet condition check (ConditionKernelCommandLine=splash).
2026-05-15T01:59:07.939439+00:00 loadgen-lwqh systemd[1]: Started systemd-ask-password-console.path - Dispatch Password Requests to Console Directory Watch.
2026-05-15T01:59:07.939443+00:00 loadgen-lwqh systemd[1]: systemd-ask-password-plymouth.path - Forward Password Requests to Plymouth Directory Watch was skipped because of an unmet condition check (ConditionPathExists=/run/plymouth/pid).
2026-05-15T01:59:07.939448+00:00 loadgen-lwqh systemd[1]: Reached target cryptsetup.target - Local Encrypted Volumes.
2026-05-15T01:59:07.939453+00:00 loadgen-lwqh systemd[1]: Finished systemd-journal-flush.service - Flush Journal to Persistent Storage.
2026-05-15T01:59:07.939457+00:00 loadgen-lwqh systemd[1]: Mounted snap-core22-2411.mount - Mount unit for core22, revision 2411.
2026-05-15T01:59:07.939464+00:00 loadgen-lwqh systemd[1]: Mounted snap-google\x2dcloud\x2dcli-448.mount - Mount unit for google-cloud-cli, revision 448.
2026-05-15T01:59:07.939469+00:00 loadgen-lwqh systemd[1]: Mounted snap-snapd-26865.mount - Mount unit for snapd, revision 26865.
2026-05-15T01:59:07.939474+00:00 loadgen-lwqh systemd[1]: Found device dev-ttyS0.device - /dev/ttyS0.
2026-05-15T01:59:07.939479+00:00 loadgen-lwqh systemd[1]: Found device dev-disk-by\x2dlabel-UEFI.device - PersistentDisk UEFI.
2026-05-15T01:59:07.939484+00:00 loadgen-lwqh systemd[1]: Found device dev-disk-by\x2dlabel-BOOT.device - PersistentDisk BOOT.
2026-05-15T01:59:07.939504+00:00 loadgen-lwqh systemd[1]: Reached target snapd.mounts.target - Mounted snaps.
2026-05-15T01:59:07.939509+00:00 loadgen-lwqh systemd[1]: Listening on systemd-rfkill.socket - Load/Save RF Kill Switch Status /dev/rfkill Watch.
2026-05-15T01:59:07.939518+00:00 loadgen-lwqh kernel: CPU topo: Num. threads per package:  24
2026-05-15T01:59:07.939517+00:00 loadgen-lwqh systemd[1]: Starting systemd-fsck@dev-disk-by\x2dlabel-BOOT.service - File System Check on /dev/disk/by-label/BOOT...
2026-05-15T01:59:07.939520+00:00 loadgen-lwqh kernel: CPU topo: Allowing 24 present CPUs plus 0 hotplug CPUs
2026-05-15T01:59:07.939524+00:00 loadgen-lwqh systemd[1]: Starting systemd-fsck@dev-disk-by\x2dlabel-UEFI.service - File System Check on /dev/disk/by-label/UEFI...
2026-05-15T01:59:07.939526+00:00 loadgen-lwqh kernel: PM: hibernation: Registered nosave memory: [mem 0x00000000-0x00000fff]
2026-05-15T01:59:07.939527+00:00 loadgen-lwqh kernel: PM: hibernation: Registered nosave memory: [mem 0x00055000-0x0005ffff]
2026-05-15T01:59:07.939528+00:00 loadgen-lwqh kernel: PM: hibernation: Registered nosave memory: [mem 0x00098000-0x000fffff]
2026-05-15T01:59:07.939529+00:00 loadgen-lwqh kernel: PM: hibernation: Registered nosave memory: [mem 0xbd255000-0xbd25ffff]
2026-05-15T01:59:07.939530+00:00 loadgen-lwqh kernel: PM: hibernation: Registered nosave memory: [mem 0xbf8ed000-0xbfbfefff]
2026-05-15T01:59:07.939531+00:00 loadgen-lwqh kernel: PM: hibernation: Registered nosave memory: [mem 0xbffe0000-0xffffffff]
2026-05-15T01:59:07.939529+00:00 loadgen-lwqh systemd-fsck[520]: BOOT: clean, 600/58496 files, 25153/233728 blocks
2026-05-15T01:59:07.939535+00:00 loadgen-lwqh kernel: [mem 0xc0000000-0xffffffff] available for PCI devices
2026-05-15T01:59:07.939537+00:00 loadgen-lwqh kernel: Booting paravirtualized kernel on KVM
2026-05-15T01:59:07.939539+00:00 loadgen-lwqh kernel: clocksource: refined-jiffies: mask: 0xffffffff max_cycles: 0xffffffff, max_idle_ns: 1910969940391419 ns
2026-05-15T01:59:07.939540+00:00 loadgen-lwqh kernel: setup_percpu: NR_CPUS:8192 nr_cpumask_bits:24 nr_cpu_ids:24 nr_node_ids:1
2026-05-15T01:59:07.939536+00:00 loadgen-lwqh systemd[1]: Finished systemd-fsck@dev-disk-by\x2dlabel-BOOT.service - File System Check on /dev/disk/by-label/BOOT.
2026-05-15T01:59:07.939541+00:00 loadgen-lwqh kernel: percpu: Embedded 84 pages/cpu s221184 r8192 d114688 u524288
2026-05-15T01:59:07.939543+00:00 loadgen-lwqh kernel: pcpu-alloc: s221184 r8192 d114688 u524288 alloc=1*2097152
2026-05-15T01:59:07.939544+00:00 loadgen-lwqh systemd-fsck[521]: fsck.fat 4.2 (2021-01-31)
2026-05-15T01:59:07.939548+00:00 loadgen-lwqh kernel: pcpu-alloc: [0] 00 01 02 03 [0] 04 05 06 07 
2026-05-15T01:59:07.939550+00:00 loadgen-lwqh kernel: pcpu-alloc: [0] 08 09 10 11 [0] 12 13 14 15 
2026-05-15T01:59:07.939552+00:00 loadgen-lwqh kernel: pcpu-alloc: [0] 16 17 18 19 [0] 20 21 22 23 
2026-05-15T01:59:07.939550+00:00 loadgen-lwqh systemd-fsck[521]: /dev/sda15: 12 files, 12499/213663 clusters
2026-05-15T01:59:07.939555+00:00 loadgen-lwqh kernel: kvm-guest: PV spinlocks enabled
2026-05-15T01:59:07.939557+00:00 loadgen-lwqh kernel: PV qspinlock hash table entries: 256 (order: 0, 4096 bytes, linear)
2026-05-15T01:59:07.939558+00:00 loadgen-lwqh kernel: Kernel command line: BOOT_IMAGE=/vmlinu[[0;32m  OK  [0m] Started [0;1;39mrsyslog.service[0m - System Logging Service.
z-6.17.0-1013-gcp root=PARTUUID=6624332c-1f00-4e51-a0bf-94661fe17234 ro console=ttyS0,115200 panic=-1
2026-05-15T01:59:07.939558+00:00 loadgen-lwqh systemd[1]: Finished systemd-fsck@dev-disk-by\x2dlabel-UEFI.service - File System Check on /dev/disk/by-label/UEFI.
2026-05-15T01:59:07.939563+00:00 loadgen-lwqh kernel: printk: log buffer data + meta data: 262144 + 917504 = 1179648 bytes
2026-05-15T01:59:07.939564+00:00 loadgen-lwqh kernel: Dentry cache hash table entries: 8388608 (order: 14, 67108864 bytes, linear)
2026-05-15T01:59:07.939565+00:00 loadgen-lwqh kernel: Inode-cache hash table entries: 4194304 (order: 13, 33554432 bytes, linear)
2026-05-15T01:59:07.939563+00:00 loadgen-lwqh systemd[1]: Mounting boot.mount - /boot...
2026-05-15T01:59:07.939568+00:00 loadgen-lwqh kernel: software IO TLB: area num 32.
2026-05-15T01:59:07.939570+00:00 loadgen-lwqh kernel: Fallback order for Node 0: 0 
2026-05-15T01:59:07.939571+00:00 loadgen-lwqh kernel: Built 1 zonelists, mobility grouping on.  Total pages: 16776271
2026-05-15T01:59:07.939571+00:00 loadgen-lwqh systemd[1]: Mounted boot.mount - /boot.
2026-05-15T01:59:07.939573+00:00 loadgen-lwqh kernel: Policy zone: Normal
2026-05-15T01:59:07.939578+00:00 loadgen-lwqh kernel: mem auto-init: stack:all(zero), heap alloc:on, heap free:off
2026-05-15T01:59:07.939579+00:00 loadgen-lwqh kernel: SLUB: HWalign=64, Order=0-3, MinObjects=0, CPUs=24, Nodes=1
2026-05-15T01:59:07.939580+00:00 loadgen-lwqh kernel: Kernel/User page tables isolation: enabled
2026-05-15T01:59:07.939581+00:00 loadgen-lwqh kernel: ftrace: allocating 61994 entries in 244 pages
2026-05-15T01:59:07.939576+00:00 loadgen-lwqh systemd[1]: Mounting boot-efi.mount - /boot/efi...
2026-05-15T01:59:07.939583+00:00 loadgen-lwqh kernel: ftrace: allocated 244 pages with 5 groups
2026-05-15T01:59:07.939584+00:00 loadgen-lwqh kernel: rcu: Hierarchical RCU implementation.
2026-05-15T01:59:07.939586+00:00 loadgen-lwqh systemd[1]: Mounted boot-efi.mount - /boot/efi.
2026-05-15T01:59:07.939589+00:00 loadgen-lwqh kernel: rcu: 	RCU restricting CPUs from NR_CPUS=8192 to nr_cpu_ids=24.
2026-05-15T01:59:07.939590+00:00 loadgen-lwqh kernel: 	Rude variant of Tasks RCU enabled.
2026-05-15T01:59:07.939591+00:00 loadgen-lwqh kernel: 	Tracing variant of Tasks RCU enabled.
2026-05-15T01:59:07.939592+00:00 loadgen-lwqh kernel: rcu: RCU calculated value of scheduler-enlistment delay is 100 jiffies.
2026-05-15T01:59:07.939593+00:00 loadgen-lwqh kernel: rcu: Adjusting geometry for rcu_fanout_leaf=16, nr_cpu_ids=24
2026-05-15T01:59:07.939592+00:00 loadgen-lwqh systemd[1]: Reached target local-fs.target - Local File Systems.
2026-05-15T01:59:07.939594+00:00 loadgen-lwqh kernel: RCU Tasks Rude: Setting shift to 5 and lim to 1 rcu_task_cb_adjust=1 rcu_task_cpu_ids=24.
2026-05-15T01:59:07.939595+00:00 loadgen-lwqh kernel: RCU Tasks Trace: Setting shift to 5 and lim to 1 rcu_task_cb_adjust=1 rcu_task_cpu_ids=24.
2026-05-15T01:59:07.939597+00:00 loadgen-lwqh systemd[1]: Listening on systemd-sysext.socket - System Extension Image Management (Varlink).
2026-05-15T01:59:07.939599+00:00 loadgen-lwqh kernel: NR_IRQS: 524544, nr_irqs: 616, preallocated irqs: 16
2026-05-15T01:59:07.939601+00:00 loadgen-lwqh kernel: rcu: srcu_init: Setting srcu_struct sizes based on contention.
2026-05-15T01:59:07.939601+00:00 loadgen-lwqh kernel: Console: colour dummy device 80x25
2026-05-15T01:59:07.939602+00:00 loadgen-lwqh kernel: printk: legacy console [ttyS0] enabled
2026-05-15T01:59:07.939603+00:00 loadgen-lwqh kernel: ACPI: Core revision 20250404
2026-05-15T01:59:07.939603+00:00 loadgen-lwqh kernel: APIC: Switch to symmetric I/O mode setup
2026-05-15T01:59:07.939602+00:00 loadgen-lwqh systemd[1]: Starting apparmor.service - Load AppArmor profiles...
2026-05-15T01:59:07.939607+00:00 loadgen-lwqh kernel: x2apic enabled
2026-05-15T01:59:07.939608+00:00 loadgen-lwqh kernel: APIC: Switched APIC routing to: physical x2apic
2026-05-15T01:59:07.939607+00:00 loadgen-lwqh systemd[1]: Starting console-setup.service - Set console font and keymap...
2026-05-15T01:59:07.939609+00:00 loadgen-lwqh kernel: ..TIMER: vector=0x30 apic1=0 pin1=0 apic2=-1 pin2=-1
2026-05-15T01:59:07.939611+00:00 loadgen-lwqh kernel: clocksource: tsc-early: mask: 0xffffffffffffffff max_cycles: 0x212733415c7, max_idle_ns: 440795236380 ns
2026-05-15T01:59:07.939612+00:00 loadgen-lwqh kernel: Calibrating delay loop (skipped) preset value.. 4599.99 BogoMIPS (lpj=2299998)
2026-05-15T01:59:07.939612+00:00 loadgen-lwqh kernel: Last level iTLB entries: 4KB 1024, 2MB 1024, 4MB 1024
2026-05-15T01:59:07.939617+00:00 loadgen-lwqh kernel: Last level dTLB entries: 4KB 1024, 2MB 1024, 4MB 1024, 1GB 4
2026-05-15T01:59:07.939619+00:00 loadgen-lwqh kernel: mitigations: Enabled attack vectors: user_kernel, user_user, guest_host, guest_guest, SMT mitigations: auto
2026-05-15T01:59:07.939620+00:00 loadgen-lwqh kernel: Speculative Store Bypass: Mitigation: Speculative Store Bypass disabled via prctl
