2026-05-14 19:11:56,424 DEBUG    root            Loaded Command Group: ['gcloud', 'compute']
2026-05-14 19:11:56,425 DEBUG    root            Loaded Command Group: ['gcloud', 'compute', 'instances']
2026-05-14 19:11:56,426 DEBUG    root            Loaded Command Group: ['gcloud', 'compute', 'instances', 'get_serial_port_output']
2026-05-14 19:11:56,427 DEBUG    root            Running [gcloud.compute.instances.get-serial-port-output] with arguments: [--project: "env-integration-fenway", --zone: "us-central1-f", INSTANCE_NAME: "loadgen-fn09"]
2026-05-14 19:11:56,429 DEBUG    root            On GCE from memory cache: False
2026-05-14 19:11:56,430 DEBUG    root            On GCE from memory cache: False
2026-05-14 19:11:56,522 DEBUG    urllib3.connectionpool Starting new HTTPS connection (1): compute.googleapis.com:443
2026-05-14 19:11:56,990 DEBUG    urllib3.connectionpool https://compute.googleapis.com:443 "GET /compute/v1/projects/env-integration-fenway/zones/us-central1-f/instances/loadgen-fn09/serialPort?alt=json&port=1 HTTP/1.1" 200 None
2026-05-14 19:11:57,061 DEBUG    root            Chosen display Format:value[no-quote](contents)
2026-05-14 19:11:57,062 INFO     root            Display format: "value[no-quote](contents)"
2026-05-14 19:11:57,081 INFO     ___FILE_ONLY___ [2J[01;01H[=3h[2J[01;01H[2J[01;01H[=3h[2J[01;01HCSM BBS Table full.
BdsDxe: loading Boot0003 "Ubuntu" from PciRoot(0x0)/Pci(0x3,0x0)/Scsi(0x1,0x0)/HD(15,GPT,C848D457-4750-4825-A2CD-4EBFB870DC53,0x2800,0x35000)/\EFI\ubuntu\shimx64.efi
BdsDxe: starting Boot0003 "Ubuntu" from PciRoot(0x0)/Pci(0x3,0x0)/Scsi(0x1,0x0)/HD(15,GPT,C848D457-4750-4825-A2CD-4EBFB870DC53,0x2800,0x35000)/\EFI\ubuntu\shimx64.efi

UEFI: Attempting to start image.
Description: Ubuntu
FilePath: PciRoot(0x0)/Pci(0x3,0x0)/Scsi(0x1,0x0)/HD(15,GPT,C848D457-4750-4825-A2CD-4EBFB870DC53,0x2800,0x35000)/\EFI\ubuntu\shimx64.efi
OptionNumber: 3.

[H[J[1;1HGRUB_FORCE_PARTUUID set, attempting initrdless boot.
[    0.000000] Linux version 6.17.0-1013-gcp (buildd@lcy02-amd64-034) (x86_64-linux-gnu-gcc-13 (Ubuntu 13.3.0-6ubuntu2~24.04.1) 13.3.0, GNU ld (GNU Binutils for Ubuntu) 2.42) #13~24.04.1-Ubuntu SMP Thu Apr 16 02:10:24 UTC 2026 (Ubuntu 6.17.0-1013.13~24.04.1-gcp 6.17.13)
[    0.000000] Command line: BOOT_IMAGE=/vmlinuz-6.17.0-1013-gcp root=PARTUUID=6624332c-1f00-4e51-a0bf-94661fe17234 ro console=ttyS0,115200 panic=-1
[    0.000000] KERNEL supported cpus:
[    0.000000]   Intel GenuineIntel
[    0.000000]   AMD AuthenticAMD
[    0.000000]   Hygon HygonGenuine
[    0.000000]   Centaur CentaurHauls
[    0.000000]   zhaoxin   Shanghai  
[    0.000000] x86/CPU: Model not found in latest microcode list
[    0.000000] BIOS-provided physical RAM map:
[    0.000000] BIOS-e820: [mem 0x0000000000000000-0x0000000000000fff] reserved
[    0.000000] BIOS-e820: [mem 0x0000000000001000-0x0000000000054fff] usable
[    0.000000] BIOS-e820: [mem 0x0000000000055000-0x000000000005ffff] reserved
[    0.000000] BIOS-e820: [mem 0x0000000000060000-0x0000000000097fff] usable
[    0.000000] BIOS-e820: [mem 0x0000000000098000-0x000000000009ffff] reserved
[    0.000000] BIOS-e820: [mem 0x0000000000100000-0x00000000bd254fff] usable
[    0.000000] BIOS-e820: [mem 0x00000000bd255000-0x00000000bd25ffff] ACPI data
[    0.000000] BIOS-e820: [mem 0x00000000bd260000-0x00000000bf8ecfff] usable
[    0.000000] BIOS-e820: [mem 0x00000000bf8ed000-0x00000000bfb6cfff] reserved
[    0.000000] BIOS-e820: [mem 0x00000000bfb6d000-0x00000000bfb7efff] ACPI data
[    0.000000] BIOS-e820: [mem 0x00000000bfb7f000-0x00000000bfbfefff] ACPI NVS
[    0.000000] BIOS-e820: [mem 0x00000000bfbff000-0x00000000bffdffff] usable
[    0.000000] BIOS-e820: [mem 0x00000000bffe0000-0x00000000bfffffff] reserved
[    0.000000] BIOS-e820: [mem 0x0000000100000000-0x000000103fffffff] usable
[    0.000000] NX (Execute Disable) protection: active
[    0.000000] APIC: Static calls initialized
[    0.000000] efi: EFI v2.7 by EDK II
[    0.000000] efi: TPMFinalLog=0xbfbf7000 ACPI=0xbfb7e000 ACPI 2.0=0xbfb7e014 SMBIOS=0xbf9ca000 MEMATTR=0xbd260018 MOKvar=0xbf9c8000 RNG=0xbfb72018 TPMEventLog=0xbd255018 
[    0.000000] random: crng init done
[    0.000000] SMBIOS 2.4 present.
[    0.000000] DMI: Google Google Compute Engine/Google Compute Engine, BIOS Google 04/21/2026
[    0.000000] DMI: Memory slots populated: 4/4
[    0.000000] secureboot: Secure boot disabled
[    0.000000] Hypervisor detected: KVM
[    0.000000] last_pfn = 0xbffe0 max_arch_pfn = 0x400000000
[    0.000000] kvm-clock: Using msrs 4b564d01 and 4b564d00
[    0.000001] kvm-clock: using sched offset of 14861597260 cycles
[    0.000003] clocksource: kvm-clock: mask: 0xffffffffffffffff max_cycles: 0x1cd42e4dffb, max_idle_ns: 881590591483 ns
[    0.000007] tsc: Detected 2299.998 MHz processor
[    0.000083] last_pfn = 0x1040000 max_arch_pfn = 0x400000000
[    0.000116] MTRR map: 3 entries (2 fixed + 1 variable; max 18), built from 8 variable MTRRs
[    0.000120] x86/PAT: Configuration [0-7]: WB  WC  UC- UC  WB  WP  UC- WT  
[    0.000160] last_pfn = 0xbffe0 max_arch_pfn = 0x400000000
[    0.015394] Using GB pages for direct mapping
[    0.015671] secureboot: Secure boot disabled
[    0.015673] ACPI: Early table checksum verification disabled
[    0.015678] ACPI: RSDP 0x00000000BFB7E014 000024 (v02 Google)
[    0.015682] ACPI: XSDT 0x00000000BFB7D0E8 00005C (v01 Google GOOGFACP 00000001      01000013)
[    0.015690] ACPI: FACP 0x00000000BFB78000 0000F4 (v02 Google GOOGFACP 00000001 GOOG 00000001)
[    0.015697] ACPI: DSDT 0x00000000BFB79000 001A64 (v01 Google GOOGDSDT 00000001 GOOG 00000001)
[    0.015702] ACPI: FACS 0x00000000BFBF1000 000040
[    0.015706] ACPI: SSDT 0x00000000BFB7C000 000316 (v02 GOOGLE Tpm2Tabl 00001000 INTL 20250807)
[    0.015711] ACPI: TPM2 0x00000000BFB7B000 000034 (v04 GOOGLE          00000001 GOOG 00000001)
[    0.015715] ACPI: SRAT 0x00000000BFB77000 000228 (v03 Google GOOGSRAT 00000001 GOOG 00000001)
[    0.015720] ACPI: APIC 0x00000000BFB76000 000126 (v05 Google GOOGAPIC 00000001 GOOG 00000001)
[    0.015724] ACPI: SSDT 0x00000000BFB74000 0011D6 (v01 Google GOOGSSDT 00000001 GOOG 00000001)
[    0.015728] ACPI: WAET 0x00000000BFB73000 000028 (v01 Google GOOGWAET 00000001 GOOG 00000001)
[    0.015732] ACPI: Reserving FACP table memory at [mem 0xbfb78000-0xbfb780f3]
[    0.015733] ACPI: Reserving DSDT table memory at [mem 0xbfb79000-0xbfb7aa63]
[    0.015734] ACPI: Reserving FACS table memory at [mem 0xbfbf1000-0xbfbf103f]
[    0.015735] ACPI: Reserving SSDT table memory at [mem 0xbfb7c000-0xbfb7c315]
[    0.015736] ACPI: Reserving TPM2 table memory at [mem 0xbfb7b000-0xbfb7b033]
[    0.015737] ACPI: Reserving SRAT table memory at [mem 0xbfb77000-0xbfb77227]
[    0.015737] ACPI: Reserving APIC table memory at [mem 0xbfb76000-0xbfb76125]
[    0.015738] ACPI: Reserving SSDT table memory at [mem 0xbfb74000-0xbfb751d5]
[    0.015739] ACPI: Reserving WAET table memory at [mem 0xbfb73000-0xbfb73027]
[    0.015879] ACPI: SRAT: Node 0 PXM 0 [mem 0x00000000-0x0009ffff]
[    0.015882] ACPI: SRAT: Node 0 PXM 0 [mem 0x00100000-0xbfffffff]
[    0.015885] ACPI: SRAT: Node 0 PXM 0 [mem 0x100000000-0x103fffffff]
[    0.015893] NUMA: Node 0 [mem 0x00001000-0x0009ffff] + [mem 0x00100000-0xbfffffff] -> [mem 0x00001000-0xbfffffff]
[    0.015898] NUMA: Node 0 [mem 0x00001000-0xbfffffff] + [mem 0x100000000-0x103fffffff] -> [mem 0x00001000-0x103fffffff]
[    0.015924] NODE_DATA(0) allocated [mem 0x103ffd52c0-0x103fffffff]
[    0.016188] Zone ranges:
[    0.016189]   DMA      [mem 0x0000000000001000-0x0000000000ffffff]
[    0.016190]   DMA32    [mem 0x0000000001000000-0x00000000ffffffff]
[    0.016192]   Normal   [mem 0x0000000100000000-0x000000103fffffff]
[    0.016193]   Device   empty
[    0.016194] Movable zone start for each node
[    0.016196] Early memory node ranges
[    0.016197]   node   0: [mem 0x0000000000001000-0x0000000000054fff]
[    0.016198]   node   0: [mem 0x0000000000060000-0x0000000000097fff]
[    0.016199]   node   0: [mem 0x0000000000100000-0x00000000bd254fff]
[    0.016200]   node   0: [mem 0x00000000bd260000-0x00000000bf8ecfff]
[    0.016201]   node   0: [mem 0x00000000bfbff000-0x00000000bffdffff]
[    0.016202]   node   0: [mem 0x0000000100000000-0x000000103fffffff]
[    0.016208] Initmem setup node 0 [mem 0x0000000000001000-0x000000103fffffff]
[    0.016278] On node 0, zone DMA: 1 pages in unavailable ranges
[    0.016280] On node 0, zone DMA: 11 pages in unavailable ranges
[    0.016304] On node 0, zone DMA: 104 pages in unavailable ranges
[    0.021476] On node 0, zone DMA32: 11 pages in unavailable ranges
[    0.021491] On node 0, zone DMA32: 786 pages in unavailable ranges
[    0.125253] On node 0, zone Normal: 32 pages in unavailable ranges
[    0.125825] ACPI: PM-Timer IO Port: 0xb008
[    0.125849] ACPI: LAPIC_NMI (acpi_id[0xff] dfl dfl lint[0x1])
[    0.125927] IOAPIC[0]: apic_id 0, version 17, address 0xfec00000, GSI 0-23
[    0.125931] ACPI: INT_SRC_OVR (bus 0 bus_irq 5 global_irq 5 high level)
[    0.125933] ACPI: INT_SRC_OVR (bus 0 bus_irq 9 global_irq 9 high level)
[    0.125935] ACPI: INT_SRC_OVR (bus 0 bus_irq 10 global_irq 10 high level)
[    0.125936] ACPI: INT_SRC_OVR (bus 0 bus_irq 11 global_irq 11 high level)
[    0.125942] ACPI: Using ACPI (MADT) for SMP configuration information
[    0.125948] CPU topo: Max. logical packages:   1
[    0.125948] CPU topo: Max. logical dies:       1
[    0.125949] CPU topo: Max. dies per package:   1
[    0.125953] CPU topo: Max. threads per core:   2
[    0.125954] CPU topo: Num. cores per package:    12
[    0.125955] CPU topo: Num. threads per package:  24
[    0.125956] CPU topo: Allowing 24 present CPUs plus 0 hotplug CPUs
[    0.125987] PM: hibernation: Registered nosave memory: [mem 0x00000000-0x00000fff]
[    0.125989] PM: hibernation: Registered nosave memory: [mem 0x00055000-0x0005ffff]
[    0.125990] PM: hibernation: Registered nosave memory: [mem 0x00098000-0x000fffff]
[    0.125992] PM: hibernation: Registered nosave memory: [mem 0xbd255000-0xbd25ffff]
[    0.125994] PM: hibernation: Registered nosave memory: [mem 0xbf8ed000-0xbfbfefff]
[    0.125995] PM: hibernation: Registered nosave memory: [mem 0xbffe0000-0xffffffff]
[    0.125997] [mem 0xc0000000-0xffffffff] available for PCI devices
[    0.125999] Booting paravirtualized kernel on KVM
[    0.126001] clocksource: refined-jiffies: mask: 0xffffffff max_cycles: 0xffffffff, max_idle_ns: 1910969940391419 ns
[    0.126010] setup_percpu: NR_CPUS:8192 nr_cpumask_bits:24 nr_cpu_ids:24 nr_node_ids:1
[    0.127786] percpu: Embedded 84 pages/cpu s221184 r8192 d114688 u524288
[    0.127845] kvm-guest: PV spinlocks enabled
[    0.127847] PV qspinlock hash table entries: 256 (order: 0, 4096 bytes, linear)
[    0.127851] Kernel command line: BOOT_IMAGE=/vmlinuz-6.17.0-1013-gcp root=PARTUUID=6624332c-1f00-4e51-a0bf-94661fe17234 ro console=ttyS0,115200 panic=-1
[    0.127920] printk: log buffer data + meta data: 262144 + 917504 = 1179648 bytes
[    0.134403] Dentry cache hash table entries: 8388608 (order: 14, 67108864 bytes, linear)
[    0.137694] Inode-cache hash table entries: 4194304 (order: 13, 33554432 bytes, linear)
[    0.138339] software IO TLB: area num 32.
[    0.151447] Fallback order for Node 0: 0 
[    0.151454] Built 1 zonelists, mobility grouping on.  Total pages: 16776271
[    0.151456] Policy zone: Normal
[    0.151467] mem auto-init: stack:all(zero), heap alloc:on, heap free:off
[    0.306286] SLUB: HWalign=64, Order=0-3, MinObjects=0, CPUs=24, Nodes=1
[    0.306349] Kernel/User page tables isolation: enabled
[    0.318913] ftrace: allocating 61994 entries in 244 pages
[    0.318915] ftrace: allocated 244 pages with 5 groups
[    0.319282] rcu: Hierarchical RCU implementation.
[    0.319283] rcu: 	RCU restricting CPUs from NR_CPUS=8192 to nr_cpu_ids=24.
[    0.319285] 	Rude variant of Tasks RCU enabled.
[    0.319285] 	Tracing variant of Tasks RCU enabled.
[    0.319286] rcu: RCU calculated value of scheduler-enlistment delay is 100 jiffies.
[    0.319287] rcu: Adjusting geometry for rcu_fanout_leaf=16, nr_cpu_ids=24
[    0.319315] RCU Tasks Rude: Setting shift to 5 and lim to 1 rcu_task_cb_adjust=1 rcu_task_cpu_ids=24.
[    0.319319] RCU Tasks Trace: Setting shift to 5 and lim to 1 rcu_task_cb_adjust=1 rcu_task_cpu_ids=24.
[    0.323353] NR_IRQS: 524544, nr_irqs: 616, preallocated irqs: 16
[    0.323682] rcu: srcu_init: Setting srcu_struct sizes based on contention.
[    0.323835] Console: colour dummy device 80x25
[    0.323900] printk: legacy console [ttyS0] enabled
[    0.649457] ACPI: Core revision 20250404
[    0.651241] APIC: Switch to symmetric I/O mode setup
[    0.653906] x2apic enabled
[    0.657935] APIC: Switched APIC routing to: physical x2apic
[    0.665166] ..TIMER: vector=0x30 apic1=0 pin1=0 apic2=-1 pin2=-1
[    0.667222] clocksource: tsc-early: mask: 0xffffffffffffffff max_cycles: 0x212733415c7, max_idle_ns: 440795236380 ns
[    0.671305] Calibrating delay loop (skipped) preset value.. 4599.99 BogoMIPS (lpj=2299998)
[    0.672634] Last level iTLB entries: 4KB 1024, 2MB 1024, 4MB 1024
[    0.674302] Last level dTLB entries: 4KB 1024, 2MB 1024, 4MB 1024, 1GB 4
[    0.675323] mitigations: Enabled attack vectors: user_kernel, user_user, guest_host, guest_guest, SMT mitigations: auto
[    0.676304] Speculative Store Bypass: Mitigation: Speculative Store Bypass disabled via prctl
[    0.677303] Spectre V2 : Mitigation: IBRS
[    0.678302] RETBleed: Mitigation: IBRS
[    0.679302] ITS: Mitigation: Aligned branch/return thunks
[    0.680302] Spectre V2 : User space: Mitigation: STIBP via prctl
[    0.681302] MDS: Mitigation: Clear CPU buffers
[    0.682302] MMIO Stale Data: Vulnerable: Clear CPU buffers attempted, no microcode
[    0.683303] Spectre V1 : Mitigation: usercopy/swapgs barriers and __user pointer sanitization
[    0.684304] Spectre V2 : Spectre v2 / SpectreRSB: Filling RSB on context switch and VMEXIT
[    0.685304] Spectre V2 : mitigation: Enabling conditional Indirect Branch Prediction Barrier
[    0.686309] active return thunk: its_return_thunk
[    0.687303] Spectre V2 : Spectre BHI mitigation: SW BHB clearing on syscall and VM exit
[    0.688318] x86/fpu: Supporting XSAVE feature 0x001: 'x87 floating point registers'
[    0.689302] x86/fpu: Supporting XSAVE feature 0x002: 'SSE registers'
[    0.690302] x86/fpu: Supporting XSAVE feature 0x004: 'AVX registers'
[    0.691303] x86/fpu: xstate_offset[2]:  576, xstate_sizes[2]:  256
[    0.692302] x86/fpu: Enabled xstate features 0x7, context size is 832 bytes, using 'standard' format.
[    0.752372] Freeing SMP alternatives memory: 52K
[    0.753306] pid_max: default: 32768 minimum: 301
[    0.754413] LSM: initializing lsm=lockdown,capability,landlock,yama,apparmor,ima,evm
[    0.755318] landlock: Up and running.
[    0.756302] Yama: becoming mindful.
[    0.757380] AppArmor: AppArmor initialized
[    0.759335] Mount-cache hash table entries: 131072 (order: 8, 1048576 bytes, linear)
[    0.760482] Mountpoint-cache hash table entries: 131072 (order: 8, 1048576 bytes, linear)
[    0.865059] smpboot: CPU0: Intel(R) Xeon(R) CPU @ 2.30GHz (family: 0x6, model: 0x3f, stepping: 0x0)
[    0.865602] Performance Events: unsupported CPU family 6 model 63 no PMU driver, software events only.
[    0.866388] signal: max sigframe size: 1776
[    0.867348] rcu: Hierarchical SRCU implementation.
[    0.868303] rcu: 	Max phase no-delay instances is 400.
[    0.869384] Timer migration: 2 hierarchy levels; 8 children per group; 2 crossnode level
[    0.872494] NMI watchdog: Perf NMI watchdog permanently disabled
[    0.873610] smp: Bringing up secondary CPUs ...
[    0.874518] smpboot: x86: Booting SMP configuration:
[    0.875306] .... node  #0, CPUs:        #1  #2  #3  #4  #5  #6  #7  #8  #9 #10 #11 #12 #13 #14 #15 #16 #17 #18 #19 #20 #21 #22 #23
[    0.886637] MDS CPU bug present and SMT on, data leak possible. See https://www.kernel.org/doc/html/latest/admin-guide/hw-vuln/mds.html for more details.
[    0.888303] MMIO Stale Data CPU bug present and SMT on, data leak possible. See https://www.kernel.org/doc/html/latest/admin-guide/hw-vuln/processor_mmio_stale_data.html for more details.
[    0.894441] smp: Brought up 1 node, 24 CPUs
[    0.895307] smpboot: Total of 24 processors activated (110399.90 BogoMIPS)
[    0.898575] Memory: 65803332K/67105084K available (22206K kernel code, 4673K rwdata, 15608K rodata, 5404K init, 6100K bss, 1277604K reserved, 0K cma-reserved)
[    0.902658] devtmpfs: initialized
[    0.903412] x86/mm: Memory block size: 1024MB
[    0.906440] ACPI: PM: Registering ACPI NVS region [mem 0xbfb7f000-0xbfbfefff] (524288 bytes)
[    0.907450] clocksource: jiffies: mask: 0xffffffff max_cycles: 0xffffffff, max_idle_ns: 1911260446275000 ns
[    0.908364] posixtimers hash table entries: 16384 (order: 6, 262144 bytes, linear)
[    0.909424] futex hash table entries: 8192 (524288 bytes on 1 NUMA nodes, total 512 KiB, linear).
[    0.911481] pinctrl core: initialized pinctrl subsystem
[    0.913590] PM: RTC time: 01:58:53, date: 2026-05-15
[    0.915672] NET: Registered PF_NETLINK/PF_ROUTE protocol family
[    0.917615] DMA: preallocated 4096 KiB GFP_KERNEL pool for atomic allocations
[    0.919940] DMA: preallocated 4096 KiB GFP_KERNEL|GFP_DMA pool for atomic allocations
[    0.921545] DMA: preallocated 4096 KiB GFP_KERNEL|GFP_DMA32 pool for atomic allocations
[    0.922317] audit: initializing netlink subsys (disabled)
[    0.923366] audit: type=2000 audit(1778810333.418:1): state=initialized audit_enabled=0 res=1
[    0.923519] thermal_sys: Registered thermal governor 'fair_share'
[    0.924322] thermal_sys: Registered thermal governor 'bang_bang'
[    0.925306] thermal_sys: Registered thermal governor 'step_wise'
[    0.926303] thermal_sys: Registered thermal governor 'user_space'
[    0.927303] thermal_sys: Registered thermal governor 'power_allocator'
[    0.928318] cpuidle: using governor ladder
[    0.930310] cpuidle: using governor menu
[    0.931375] acpiphp: ACPI Hot Plug PCI Controller Driver version: 0.5
[    0.933369] PCI: Using configuration type 1 for base access
[    0.934458] kprobes: kprobe jump-optimization is enabled. All kprobes are optimized if possible.
[    0.936399] HugeTLB: registered 1.00 GiB page size, pre-allocated 0 pages
[    0.937304] HugeTLB: 16380 KiB vmemmap can be freed for a 1.00 GiB page
[    0.938303] HugeTLB: registered 2.00 MiB page size, pre-allocated 0 pages
[    0.939303] HugeTLB: 28 KiB vmemmap can be freed for a 2.00 MiB page
[    0.944020] ACPI: Added _OSI(Module Device)
[    0.944304] ACPI: Added _OSI(Processor Device)
[    0.945303] ACPI: Added _OSI(Processor Aggregator Device)
[    0.950115] ACPI: 3 ACPI AML tables successfully acquired and loaded
[    0.954250] ACPI: Interpreter enabled
[    0.954322] ACPI: PM: (supports S0 S3 S4 S5)
[    0.955308] ACPI: Using IOAPIC for interrupt routing
[    0.957525] PCI: Using host bridge windows from ACPI; if necessary, use "pci=nocrs" and report a bug
[    0.958303] PCI: Ignoring E820 reservations for host bridge windows
[    0.960706] ACPI: Enabled 16 GPEs in block 00 to 0F
[    0.967704] ACPI: PCI Root Bridge [PCI0] (domain 0000 [bus 00-ff])
[    0.968309] acpi PNP0A03:00: _OSC: OS supports [ASPM ClockPM Segments MSI EDR HPX-Type3]
[    0.969304] acpi PNP0A03:00: _OSC: not requesting OS control; OS requires [ExtendedConfig ASPM ClockPM MSI]
[    0.970318] acpi PNP0A03:00: fail to add MMCONFIG information, can't access extended configuration space under this bridge
[    0.973359] PCI host bridge to bus 0000:00
[    0.974309] pci_bus 0000:00: root bus resource [io  0x0000-0x0cf7 window]
[    0.975304] pci_bus 0000:00: root bus resource [io  0x0d00-0xffff window]
[    0.976303] pci_bus 0000:00: root bus resource [mem 0x000a0000-0x000bffff window]
[    0.977306] pci_bus 0000:00: root bus resource [mem 0xc0000000-0xc53fffff window]
[    0.978303] pci_bus 0000:00: root bus resource [mem 0xc5440000-0xee3fffff window]
[    0.979304] pci_bus 0000:00: root bus resource [mem 0xee440000-0xfebfefff window]
[    0.980303] pci_bus 0000:00: root bus resource [mem 0x1040000000-0x2103fffffff window]
[    0.981304] pci_bus 0000:00: root bus resource [bus 00-ff]
[    0.982385] pci 0000:00:00.0: [8086:1237] type 00 class 0x060000 conventional PCI endpoint
[    0.986535] pci 0000:00:01.0: [8086:7110] type 00 class 0x060100 conventional PCI endpoint
[    0.993485] pci 0000:00:01.3: [8086:7113] type 00 class 0x068000 conventional PCI endpoint
[    0.999468] pci 0000:00:01.3: quirk: [io  0xb000-0xb03f] claimed by PIIX4 ACPI
[    1.001212] pci 0000:00:03.0: [1af4:1004] type 00 class 0x000000 conventional PCI endpoint
[    1.010330] pci 0000:00:03.0: BAR 0 [io  0xc040-0xc07f]
[    1.011320] pci 0000:00:03.0: BAR 1 [mem 0xc1001000-0xc100107f]
[    1.013419] pci 0000:00:04.0: [10de:1eb8] type 00 class 0x030200 conventional PCI endpoint
[    1.028347] pci 0000:00:04.0: BAR 0 [mem 0xc0000000-0xc0ffffff]
[    1.029335] pci 0000:00:04.0: BAR 1 [mem 0x1040000000-0x104fffffff 64bit pref]
[    1.030333] pci 0000:00:04.0: BAR 3 [mem 0x1050000000-0x1051ffffff 64bit pref]
[    1.032829] pci 0000:00:05.0: [1af4:1000] type 00 class 0x020000 conventional PCI endpoint
[    1.041335] pci 0000:00:05.0: BAR 0 [io  0xc000-0xc03f]
[    1.042319] pci 0000:00:05.0: BAR 1 [mem 0xc1000000-0xc10003ff]
[    1.044946] pci 0000:00:06.0: [1af4:1005] type 00 class 0x00ff00 conventional PCI endpoint
[    1.053331] pci 0000:00:06.0: BAR 0 [io  0xc080-0xc09f]
[    1.054320] pci 0000:00:06.0: BAR 1 [mem 0xc1002000-0xc100203f]
[    1.067810] ACPI: PCI: Interrupt link LNKA configured for IRQ 10
[    1.069471] ACPI: PCI: Interrupt link LNKB configured for IRQ 10
[    1.071475] ACPI: PCI: Interrupt link LNKC configured for IRQ 11
[    1.073442] ACPI: PCI: Interrupt link LNKD configured for IRQ 11
[    1.075359] ACPI: PCI: Interrupt link LNKS configured for IRQ 9
[    1.080317] iommu: Default domain type: Translated
[    1.081304] iommu: DMA domain TLB invalidation policy: lazy mode
[    1.084480] SCSI subsystem initialized
[    1.085352] ACPI: bus type USB registered
[    1.086347] usbcore: registered new interface driver usbfs
[    1.087321] usbcore: registered new interface driver hub
[    1.088323] usbcore: registered new device driver usb
[    1.089334] pps_core: LinuxPPS API ver. 1 registered
[    1.090303] pps_core: Software ver. 5.3.6 - Copyright 2005-2007 Rodolfo Giometti <giometti@linux.it>
[    1.091314] PTP clock support registered
[    1.093314] EDAC MC: Ver: 3.0.0
[    1.094561] efivars: Registered efivars operations
[    1.096470] NetLabel: Initializing
[    1.097304] NetLabel:  domain hash size = 128
[    1.098303] NetLabel:  protocols = UNLABELED CIPSOv4 CALIPSO
[    1.099343] NetLabel:  unlabeled traffic allowed by default
[    1.100345] mctp: management component transport protocol core
[    1.101304] NET: Registered PF_MCTP protocol family
[    1.102323] PCI: Using ACPI for IRQ routing
[    1.103590] vgaarb: loaded
[    1.104545] clocksource: Switched to clocksource kvm-clock
[    1.106883] VFS: Disk quotas dquot_6.6.0
[    1.108319] VFS: Dquot-cache hash table entries: 512 (order 0, 4096 bytes)
[    1.111036] AppArmor: AppArmor Filesystem Enabled
[    1.112659] pnp: PnP ACPI init
[    1.114576] pnp: PnP ACPI: found 7 devices
[    1.123298] clocksource: acpi_pm: mask: 0xffffff max_cycles: 0xffffff, max_idle_ns: 2085701024 ns
[    1.126382] NET: Registered PF_INET protocol family
[    1.128358] IP idents hash table entries: 262144 (order: 9, 2097152 bytes, linear)
[    1.154402] tcp_listen_portaddr_hash hash table entries: 32768 (order: 7, 524288 bytes, linear)
[    1.157431] Table-perturb hash table entries: 65536 (order: 6, 262144 bytes, linear)
[    1.160824] TCP established hash table entries: 524288 (order: 10, 4194304 bytes, linear)
[    1.164313] TCP bind hash table entries: 65536 (order: 9, 2097152 bytes, linear)
[    1.167132] TCP: Hash tables configured (established 524288 bind 65536)
[    1.169998] MPTCP token hash table entries: 65536 (order: 9, 1572864 bytes, linear)
[    1.173008] UDP hash table entries: 32768 (order: 9, 2097152 bytes, linear)
[    1.176061] UDP-Lite hash table entries: 32768 (order: 9, 2097152 bytes, linear)
[    1.179046] NET: Registered PF_UNIX/PF_LOCAL protocol family
[    1.180807] NET: Registered PF_XDP protocol family
[    1.182399] pci_bus 0000:00: resource 4 [io  0x0000-0x0cf7 window]
[    1.184328] pci_bus 0000:00: resource 5 [io  0x0d00-0xffff window]
[    1.186379] pci_bus 0000:00: resource 6 [mem 0x000a0000-0x000bffff window]
[    1.188729] pci_bus 0000:00: resource 7 [mem 0xc0000000-0xc53fffff window]
[    1.190949] pci_bus 0000:00: resource 8 [mem 0xc5440000-0xee3fffff window]
[    1.193150] pci_bus 0000:00: resource 9 [mem 0xee440000-0xfebfefff window]
[    1.195338] pci_bus 0000:00: resource 10 [mem 0x1040000000-0x2103fffffff window]
[    1.197716] pci 0000:00:00.0: Limiting direct PCI/PCI transfers
[    1.199725] PCI: CLS 0 bytes, default 64
[    1.201138] PCI-DMA: Using software bounce buffering for IO (SWIOTLB)
[    1.203150] software IO TLB: mapped [mem 0x00000000b7f7f000-0x00000000bbf7f000] (64MB)
[    1.205951] clocksource: tsc: mask: 0xffffffffffffffff max_cycles: 0x212733415c7, max_idle_ns: 440795236380 ns
[    1.209466] clocksource: Switched to clocksource tsc
[    1.231329] Initialise system trusted keyrings
[    1.232849] Key type blacklist registered
[    1.234372] workingset: timestamp_bits=36 max_order=24 bucket_order=0
[    1.237049] squashfs: version 4.0 (2009/01/31) Phillip Lougher
[    1.239325] fuse: init (API version 7.44)
[    1.241267] integrity: Platform Keyring initialized
[    1.243047] integrity: Machine keyring initialized
[    1.259685] Key type asymmetric registered
[    1.260979] Asymmetric key parser 'x509' registered
[    1.262791] Block layer SCSI generic (bsg) driver version 0.4 loaded (major 242)
[    1.265451] io scheduler mq-deadline registered
[    1.269125] ledtrig-cpu: registered to indicate activity on CPUs
[    1.271414] input: Power Button as /devices/LNXSYSTM:00/LNXPWRBN:00/input/input0
[    1.274012] ACPI: button: Power Button [PWRF]
[    1.275556] input: Sleep Button as /devices/LNXSYSTM:00/LNXSLPBN:00/input/input1
[    1.278112] ACPI: button: Sleep Button [SLPF]
[    1.286231] ACPI: \_SB_.LNKC: Enabled at IRQ 11
[    1.288019] virtio-pci 0000:00:03.0: virtio_pci: leaving for legacy driver
[    1.298373] ACPI: \_SB_.LNKA: Enabled at IRQ 10
[    1.300131] virtio-pci 0000:00:05.0: virtio_pci: leaving for legacy driver
[    1.311377] ACPI: \_SB_.LNKB: Enabled at IRQ 10
[    1.313037] virtio-pci 0000:00:06.0: virtio_pci: leaving for legacy driver
[    1.320451] Serial: 8250/16550 driver, 32 ports, IRQ sharing enabled
[    1.346182] 00:03: ttyS0 at I/O 0x3f8 (irq = 4, base_baud = 115200) is a 16550A
[    1.372604] 00:04: ttyS1 at I/O 0x2f8 (irq = 3, base_baud = 115200) is a 16550A
[    1.399141] 00:05: ttyS2 at I/O 0x3e8 (irq = 6, base_baud = 115200) is a 16550A
[    1.425362] 00:06: ttyS3 at I/O 0x2e8 (irq = 7, base_baud = 115200) is a 16550A
[    1.430945] Linux agpgart interface v0.103
[    1.434575] tpm_tis MSFT0101:00: 2.0 TPM (device-id 0x9009, rev-id 0)
[    1.452944] loop: module loaded
[    1.457756] virtio_scsi virtio0: 1/0/0 default/read/poll queues
[    1.477917] scsi host0: Virtio SCSI HBA
[    1.479333] blk-mq: reduced tag depth to 10240
[    1.486442] Key type psk registered
[    1.487167] scsi 0:0:1:0: Direct-Access     Google   PersistentDisk   1    PQ: 0 ANSI: 6
[    1.489590] ACPI: bus type drm_connector registered
[    1.493697] tun: Universal TUN/TAP device driver, 1.6
[    1.716150] sd 0:0:1:0: Attached scsi generic sg0 type 0
[    1.716309] sd 0:0:1:0: [sda] 4194304000 512-byte logical blocks: (2.15 TB/1.95 TiB)
[    1.732571] PPP generic driver version 2.4.2
[    1.733050] i8042: PNP: PS/2 Controller [PNP0303:KBD,PNP0f13:MOU] at 0x60,0x64 irq 1,12
[    1.733230] i8042: Warning: Keylock active
[    1.735576] serio: i8042 KBD port at 0x60,0x64 irq 1
[    1.737363] sd 0:0:1:0: [sda] 4096-byte physical blocks
[    1.738999] serio: i8042 AUX port at 0x60,0x64 irq 12
[    1.742231] sd 0:0:1:0: [sda] Write Protect is off
[    1.743994] mousedev: PS/2 mouse device common for all mice
[    1.747878] rtc_cmos 00:00: RTC can wake from S4
[    1.749480] sd 0:0:1:0: [sda] Write cache: enabled, read cache: enabled, doesn't support DPO or FUA
[    1.752606] rtc_cmos 00:00: registered as rtc0
[    1.760717] rtc_cmos 00:00: setting system clock to 2026-05-15T01:58:54 UTC (1778810334)
[    1.763655] rtc_cmos 00:00: alarms up to one day, 114 bytes nvram
[    1.766106] i2c_dev: i2c /dev entries driver
[    1.767845] device-mapper: core: CONFIG_IMA_DISABLE_HTABLE is disabled. Duplicate IMA measurements will not be recorded in the IMA log.
[    1.772388] device-mapper: uevent: version 1.0.3
[    1.774382] device-mapper: ioctl: 4.50.0-ioctl (2025-04-28) initialised: dm-devel@lists.linux.dev
[    1.777697] intel_pstate: CPU model not supported
[    1.779526] drop_monitor: Initializing network drop monitor service
[    1.782902] NET: Registered PF_INET6 protocol family
[    1.785865] Segment Routing with IPv6
[    1.786905] GPT:Primary header thinks Alt. header is not at the end of the disk.
[    1.787200] In-situ OAM (IOAM) with IPv6
[    1.789907] GPT:104857599 != 4194303999
[    1.791512] NET: Registered PF_PACKET protocol family
[    1.793124] GPT:Alternate GPT header not at the end of the disk.
[    1.795157] Key type dns_resolver registered
[    1.797310] GPT:104857599 != 4194303999
[    1.797311] GPT: Use GNU Parted to correct GPT errors.
[    1.797319]  sda: sda1 sda14 sda15 sda16
[    1.804702] sd 0:0:1:0: [sda] Attached SCSI disk
[    1.807238] IPI shorthand broadcast: enabled
[    1.811781] sched_clock: Marking stable (1470004629, 341607550)->(2072903842, -261291663)
[    1.815465] registered taskstats version 1
[    1.819528] Loading compiled-in X.509 certificates
[    1.822029] Loaded X.509 cert 'Build time autogenerated kernel key: e45cb4cd1c398ae218369364b5dd9534d3664c1e'
[    1.825970] Loaded X.509 cert 'Canonical Ltd. Live Patch Signing 2025 Kmod: d541cef61dc7e793b7eb7e899970a2eef0b5dc8c'
[    1.830139] Loaded X.509 cert 'Canonical Ltd. Live Patch Signing: 14df34d1a87cf37625abec039ef2bf521249b969'
[    1.834094] Loaded X.509 cert 'Canonical Ltd. Kernel Module Signing: 88f752e560a1e0737e31163a466ad7b70a850c19'
[    1.837730] blacklist: Loading compiled-in revocation X.509 certificates
[    1.840180] Loaded X.509 cert 'Canonical Ltd. Secure Boot Signing: 61482aa2830d0ab2ad5af10b7250da9033ddcef0'
[    1.844076] Loaded X.509 cert 'Canonical Ltd. Secure Boot Signing (2017): 242ade75ac4a15e50d50c84b0d45ff3eae707a03'
[    1.848095] Loaded X.509 cert 'Canonical Ltd. Secure Boot Signing (ESM 2018): 365188c1d374d6b07c3c8f240f8ef722433d6a8b'
[    1.852414] Loaded X.509 cert 'Canonical Ltd. Secure Boot Signing (2019): c0746fd6c5da3ae827864651ad66ae47fe24b3e8'
[    1.856357] Loaded X.509 cert 'Canonical Ltd. Secure Boot Signing (2021 v1): a8d54bbb3825cfb94fa13c9f8a594a195c107b8d'
[    1.860503] Loaded X.509 cert 'Canonical Ltd. Secure Boot Signing (2021 v2): 4cf046892d6fd3c9a5b03f98d845f90851dc6a8c'
[    1.864366] Loaded X.509 cert 'Canonical Ltd. Secure Boot Signing (2021 v3): 100437bb6de6e469b581e61cd66bce3ef4ed53af'
[    1.868448] Loaded X.509 cert 'Canonical Ltd. Secure Boot Signing (Ubuntu Core 2019): c1d57b8f6b743f23ee41f4f7ee292f06eecadfb9'
[    1.878894] Demotion targets for Node 0: null
[    1.880813] Key type .fscrypt registered
[    1.882340] Key type fscrypt-provisioning registered
[    1.884163] Key type big_key registered
[    1.885724] Key type trusted registered
[    1.888633] Key type encrypted registered
[    1.890065] AppArmor: AppArmor sha256 policy hashing enabled
[    1.892868] integrity: Loading X.509 certificate: UEFI:db
[    1.895134] integrity: Loaded X.509 cert 'Microsoft Corporation UEFI CA 2011: 13adbf4309bd82709c8cd54f316ed522988a1bd4'
[    1.899246] integrity: Loading X.509 certificate: UEFI:db
[    1.901358] integrity: Loaded X.509 cert 'Microsoft Windows Production PCA 2011: a92902398e16c49778cd90f99e4f9ae17c55af53'
[    1.905486] integrity: Loading X.509 certificate: UEFI:db
[    1.907644] integrity: Loaded X.509 cert 'Microsoft Corporation: Windows UEFI CA 2023: aefc5fbbbe055d8f8daa585473499417ab5a5272'
[    1.912080] integrity: Loading X.509 certificate: UEFI:db
[    1.914085] integrity: Loaded X.509 cert 'Microsoft UEFI CA 2023: 81aa6b3244c935bce0d6628af39827421e32497d'
[    1.918174] integrity: Revoking X.509 certificate: UEFI:dbx
[    1.920353] blacklist: Revoked X.509 cert 'Canonical Ltd. Secure Boot Signing: 61482aa2830d0ab2ad5af10b7250da9033ddcef0'
[    1.924690] integrity: Revoking X.509 certificate: UEFI:dbx
[    1.927007] blacklist: Revoked X.509 cert 'Cisco: Virtual UEFI SubCA: 13df2e3f54ebf347dcaecebf21d3cbb2355a4c9a'
[    1.930925] integrity: Revoking X.509 certificate: UEFI:dbx
[    1.933064] blacklist: Revoked X.509 cert 'Debian Secure Boot Signer: 00a7468def'
[    1.936542] Loading compiled-in module X.509 certificates
[    1.939195] Loaded X.509 cert 'Build time autogenerated kernel key: e45cb4cd1c398ae218369364b5dd9534d3664c1e'
[    1.943195] ima: Allocated hash algorithm: sha256
[    1.953199] input: AT Translated Set 2 keyboard as /devices/platform/i8042/serio0/input/input2
[    1.982676] ima: No architecture policies found
[    1.984370] evm: Initialising EVM extended attributes:
[    1.986195] evm: security.selinux
[    1.987340] evm: security.SMACK64
[    1.988538] evm: security.SMACK64EXEC
[    1.989713] evm: security.SMACK64TRANSMUTE
[    1.991199] evm: security.SMACK64MMAP
[    1.992426] evm: security.apparmor
[    1.993591] evm: security.ima
[    1.994571] evm: security.capability
[    1.995855] evm: HMAC attrs: 0x1
[    1.997651] PM:   Magic number: 10:665:963
[    1.999147] memory memory14: hash matches
[    2.003002] RAS: Correctable Errors collector initialized.
[    2.017477] clk: Disabling unused clocks
[    2.019120] PM: genpd: Disabling unused power domains
[    2.021866] check access for rdinit=/init failed: -2, ignoring
[    2.022779] md: Waiting for all devices to be available before autodetect
[    2.023794] md: If you don't use raid, use raid=noautodetect
[    2.024625] md: Autodetecting RAID arrays.
[    2.025274] md: autorun ...
[    2.025763] md: ... autorun DONE.
[    2.035765] EXT4-fs (sda1): mounted filesystem 89fcf612-67c3-434b-97ea-2cfdbfe01b5b ro with ordered data mode. Quota mode: none.
[    2.037673] VFS: Mounted root (ext4 filesystem) readonly on device 8:1.
[    2.040922] devtmpfs: mounted
[    2.043493] Freeing unused decrypted memory: 2028K
[    2.046069] Freeing unused kernel image (initmem) memory: 5404K
[    2.047274] Write protecting the kernel read-only data: 38912k
[    2.048948] Freeing unused kernel image (text/rodata gap) memory: 320K
[    2.050512] Freeing unused kernel image (rodata/data gap) memory: 776K
[    2.110483] x86/mm: Checked W+X mappings: passed, no W+X pages found.
[    2.111557] x86/mm: Checking user space page tables
[    2.169321] x86/mm: Checked W+X mappings: passed, no W+X pages found.
[    2.170406] Run /sbin/init as init process
[    2.436038] systemd[1]: Inserted module 'autofs4'
[    2.585541] systemd[1]: systemd 255.4-1ubuntu8.15 running in system mode (+PAM +AUDIT +SELINUX +APPARMOR +IMA +SMACK +SECCOMP +GCRYPT -GNUTLS +OPENSSL +ACL +BLKID +CURL +ELFUTILS +FIDO2 +IDN2 -IDN +IPTC +KMOD +LIBCRYPTSETUP +LIBFDISK +PCRE2 -PWQUALITY +P11KIT +QRENCODE +TPM2 +BZIP2 +LZ4 +XZ +ZLIB +ZSTD -BPF_FRAMEWORK -XKBCOMMON +UTMP +SYSVINIT default-hierarchy=unified)
[    2.590345] systemd[1]: Detected virtualization google.
[    2.591140] systemd[1]: Detected architecture x86-64.

Welcome to [1mUbuntu 24.04.4 LTS[0m!

[    2.596708] systemd[1]: No hostname configured, using default hostname.
[    2.597743] systemd[1]: Hostname set to <localhost>.
[    3.022575] systemd[1]: Queued start job for default target graphical.target.
[    3.048246] systemd[1]: Created slice system-modprobe.slice - Slice /system/modprobe.
[[0;32m  OK  [0m] Created slice [0;1;39msystem-modprobe.slice[0m - Slice /system/modprobe.
[    3.052490] systemd[1]: Created slice system-serial\x2dgetty.slice - Slice /system/serial-getty.
[[0;32m  OK  [0m] Created slice [0;1;39msystem-serial\x2dget…slice[0m - Slice /system/serial-getty.
[    3.057240] systemd[1]: Created slice system-systemd\x2dfsck.slice - Slice /system/systemd-fsck.
[[0;32m  OK  [0m] Created slice [0;1;39msystem-systemd\x2dfs…slice[0m - Slice /system/systemd-fsck.
[    3.062093] systemd[1]: Created slice user.slice - User and Session Slice.
[[0;32m  OK  [0m] Created slice [0;1;39muser.slice[0m - User and Session Slice.
[    3.066752] systemd[1]: Started systemd-ask-password-wall.path - Forward Password Requests to Wall Directory Watch.
[[0;32m  OK  [0m] Started [0;1;39msystemd-ask-password-wall.…[0md Requests to Wall Directory Watch.
[    3.071900] systemd[1]: Set up automount proc-sys-fs-binfmt_misc.automount - Arbitrary Executable File Formats File System Automount Point.
[[0;32m  OK  [0m] Set up automount [0;1;39mproc-sys-fs-binfm…[0mormats File System Automount Point.
[    3.076690] systemd[1]: Expecting device dev-disk-by\x2dlabel-BOOT.device - /dev/disk/by-label/BOOT...
         Expecting device [0;1;39mdev-disk-by\x2dla…device[0m - /dev/disk/by-label/BOOT...
[    3.081665] systemd[1]: Expecting device dev-disk-by\x2dlabel-UEFI.device - /dev/disk/by-label/UEFI...
         Expecting device [0;1;39mdev-disk-by\x2dla…device[0m - /dev/disk/by-label/UEFI...
[    3.085665] systemd[1]: Expecting device dev-ttyS0.device - /dev/ttyS0...
         Expecting device [0;1;39mdev-ttyS0.device[0m - /dev/ttyS0...
[    3.089682] systemd[1]: Reached target integritysetup.target - Local Integrity Protected Volumes.
[[0;32m  OK  [0m] Reached target [0;1;39mintegritysetup.targ…[0m Local Integrity Protected Volumes.
[    3.093710] systemd[1]: Reached target slices.target - Slice Units.
[[0;32m  OK  [0m] Reached target [0;1;39mslices.target[0m - Slice Units.
[    3.097677] systemd[1]: Reached target snapd.mounts-pre.target - Mounting snaps.
[[0;32m  OK  [0m] Reached target [0;1;39msnapd.mounts-pre.target[0m - Mounting snaps.
[    3.101692] systemd[1]: Reached target swap.target - Swaps.
[[0;32m  OK  [0m] Reached target [0;1;39mswap.target[0m - Swaps.
[    3.105688] systemd[1]: Reached target time-set.target - System Time Set.
[[0;32m  OK  [0m] Reached target [0;1;39mtime-set.target[0m - System Time Set.
[    3.109701] systemd[1]: Reached target veritysetup.target - Local Verity Protected Volumes.
[[0;32m  OK  [0m] Reached target [0;1;39mveritysetup.target[0m - Local Verity Protected Volumes.
[    3.113763] systemd[1]: Listening on dm-event.socket - Device-mapper event daemon FIFOs.
[[0;32m  OK  [0m] Listening on [0;1;39mdm-event.socket[0m - Device-mapper event daemon FIFOs.
[    3.117823] systemd[1]: Listening on lvm2-lvmpolld.socket - LVM2 poll daemon socket.
[[0;32m  OK  [0m] Listening on [0;1;39mlvm2-lvmpolld.socket[0m - LVM2 poll daemon socket.
[    3.122816] systemd[1]: Listening on multipathd.socket - multipathd control socket.
[[0;32m  OK  [0m] Listening on [0;1;39mmultipathd.socket[0m - multipathd control socket.
[    3.126831] systemd[1]: Listening on syslog.socket - Syslog Socket.
[[0;32m  OK  [0m] Listening on [0;1;39msyslog.socket[0m - Syslog Socket.
[    3.130792] systemd[1]: Listening on systemd-fsckd.socket - fsck to fsckd communication Socket.
[[0;32m  OK  [0m] Listening on [0;1;39msystemd-fsckd.socket[0m …fsck to fsckd communication Socket.
[    3.135821] systemd[1]: Listening on systemd-initctl.socket - initctl Compatibility Named Pipe.
[[0;32m  OK  [0m] Listening on [0;1;39msystemd-initctl.socke…[0m- initctl Compatibility Named Pipe.
[    3.140865] systemd[1]: Listening on systemd-journald-dev-log.socket - Journal Socket (/dev/log).
[[0;32m  OK  [0m] Listening on [0;1;39msystemd-journald-dev-…socket[0m - Journal Socket (/dev/log).
[    3.145875] systemd[1]: Listening on systemd-journald.socket - Journal Socket.
[[0;32m  OK  [0m] Listening on [0;1;39msystemd-journald.socket[0m - Journal Socket.
[    3.149901] systemd[1]: Listening on systemd-networkd.socket - Network Service Netlink Socket.
[[0;32m  OK  [0m] Listening on [0;1;39msystemd-networkd.socket[0m - Network Service Netlink Socket.
[    3.154714] systemd[1]: systemd-pcrextend.socket - TPM2 PCR Extension (Varlink) was skipped because of an unmet condition check (ConditionSecurity=measured-uki).
[    3.157133] systemd[1]: Listening on systemd-udevd-control.socket - udev Control Socket.
[[0;32m  OK  [0m] Listening on [0;1;39msystemd-udevd-control.socket[0m - udev Control Socket.
[    3.161789] systemd[1]: Listening on systemd-udevd-kernel.socket - udev Kernel Socket.
[[0;32m  OK  [0m] Listening on [0;1;39msystemd-udevd-kernel.socket[0m - udev Kernel Socket.
[    3.182719] systemd[1]: Mounting dev-hugepages.mount - Huge Pages File System...
         Mounting [0;1;39mdev-hugepages.mount[0m - Huge Pages File System...
[    3.187854] systemd[1]: Mounting dev-mqueue.mount - POSIX Message Queue File System...
         Mounting [0;1;39mdev-mqueue.mount[0m - POSIX Message Queue File System...
[    3.192960] systemd[1]: Mounting sys-kernel-debug.mount - Kernel Debug File System...
         Mounting [0;1;39msys-kernel-debug.mount[0m - Kernel Debug File System...
[    3.198806] systemd[1]: Mounting sys-kernel-tracing.mount - Kernel Trace File System...
         Mounting [0;1;39msys-kernel-tracing.mount[0m - Kernel Trace File System...
[    3.205340] systemd[1]: Starting systemd-journald.service - Journal Service...
         Starting [0;1;39msystemd-journald.service[0m - Journal Service...
[    3.212086] systemd[1]: Starting keyboard-setup.service - Set the console keyboard layout...
         Starting [0;1;39mkeyboard-setup.service[0m - Set the console keyboard layout...
[    3.218006] systemd[1]: Starting kmod-static-nodes.service - Create List of Static Device Nodes...
         Starting [0;1;39mkmod-static-nodes.service[0m…eate List of Static Device Nodes...
[    3.223684] systemd[1]: Starting lvm2-monitor.service - Monitoring of LVM2 mirrors, snapshots etc. using dmeventd or progress polling...
         Starting [0;1;39mlvm2-monitor.service[0m - Mo…ing d[    3.226736] systemd-journald[287]: Collecting audit messages is disabled.
meventd or progress polling...
[    3.230659] systemd[1]: Starting modprobe@configfs.service - Load Kernel Module configfs...
         Starting [0;1;39mmodprobe@configfs.service[0m - Load Kernel Module configfs...
[    3.235738] systemd[1]: Starting modprobe@dm_mod.service - Load Kernel Module dm_mod...
         Starting [0;1;39mmodprobe@dm_mod.service[0m - Load Kernel Module dm_mod...
[    3.240647] systemd[1]: Starting modprobe@drm.service - Load Kernel Module drm...
         Starting [0;1;39mmodprobe@drm.service[0m - Load Kernel Module drm...
[    3.245790] systemd[1]: Starting modprobe@efi_pstore.service - Load Kernel Module efi_pstore...
         Starting [0;1;39mmodprobe@efi_pstore.servi…[0m - Load Kernel Module efi_pstore...
[    3.251673] systemd[1]: Starting modprobe@fuse.service - Load Kernel Module fuse...
         Starting [0;1;39mmodprobe@fuse.service[0m - Load Kernel Module fuse...
[    3.255408] systemd[1]: Starting modprobe@loop.service - Load Kernel Module loop...
         Starting [0;1;39mmodprobe@loop.service[0m - Load Kernel Module loop..[    3.258095] pstore: Using crash dump compression: deflate
.
[    3.261700] systemd[1]: Starting modprobe@nvme_fabrics.service - Load Kernel Module nvme_fabrics...
         Starting [0;1;39mmodprobe@nvme_fabrics.ser…[0m Load Kernel Module nvme_fabrics...
[    3.267101] systemd[1]: netplan-ovs-cleanup.service - OpenVSwitch configuration for cleanup was skipped because of an unmet condition check (ConditionFileIsExecutable=/usr/bin/ovs-vsctl).
[    3.267353] pstore: Registered efi_pstore as persistent store backend
[    3.270670] systemd[1]: Starting systemd-fsck-root.service - File System Check on Root Device...
         Starting [0;1;39msystemd-fsck-root.service[0m…File System Check on Root Device...
[    3.277840] systemd[1]: Starting systemd-modules-load.service - Load Kernel Modules...
         Starting [0;1;39msystemd-modules-load.service[0m - Load Kernel Modules...
[    3.281704] systemd[1]: systemd-pcrmachine.service - TPM2 PCR Machine ID Measurement was skipped because of an unmet condition check (ConditionSecurity=measured-uki).
[    3.284090] systemd[1]: systemd-tpm2-setup-early.service - TPM2 SRK Setup (Early) was skipped because of an unmet condition check (ConditionSecurity=measured-uki).
[    3.287522] systemd[1]: Starting systemd-udev-trigger.service - Coldplug All udev Devices...
         Starting [0;1;39msystemd-udev-trigger.service[0m - Coldplug All udev Devices...
[    3.290792] systemd[1]: Started systemd-journald.service - Journal Service.
[[0;32m  OK  [0m] Started [0;1;39msystemd-journald.service[0m - Journal Service.
[[0;32m  OK  [0m] Mounted [0;1;39mdev-hugepages.mount[0m - Huge Pages File System.
[[0;32m  OK  [0m] Mounted [0;1;39mdev-mqueue.mount[0m - POSIX Message Queue File System.
[[0;32m  OK  [0m] Mounted [0;1;39msys-kernel-debug.mount[0m - Kernel Debug File System.
[[0;32m  OK  [0m] Mounted [0;1;39msys-kernel-tracing.mount[0m - Kernel Trace File System.
[[0;32m  OK  [0m] Finished [0;1;39mkeyboard-setup.service[0m - Set the console keyboard layout.
[[0;32m  OK  [0m] Finished [0;1;39mkmod-static-nodes.service[0m…Create List of Static Device Nodes.
[[0;32m  OK  [0m] Finished [0;1;39mmodprobe@configfs.service[0m - Load Kernel Module configfs.
[[0;32m  OK  [0m] Finished [0;1;39mmodprobe@dm_mod.service[0m - Load Kernel Module dm_mod.
[[0;32m  OK  [0m] Finished [0;1;39mmodprobe@drm.service[0m - Load Kernel Module drm.
[[0;32m  OK  [0m] Finished [0;1;39mmodprobe@efi_pstore.service[0m - Load Kernel Module efi_pstore.
[[0;32m  OK  [0m] Finished [0;1;39mmodprobe@fuse.service[0m - Load Kernel Module fuse.
[[0;32m  OK  [0m] Finished [0;1;39mmodprobe@loop.service[0m - Load Kernel Module loop.
[[0;32m  OK  [0m] Finished [0;1;39mmodprobe@nvme_fabrics.ser…[0m - Load Kernel Module nvme_fabrics.
[[0;32m  OK  [0m] Finished [0;1;39msystemd-modules-load.service[0m - Load Kernel Modules.
         Mounting [0;1;39msys-fs-fuse-connections.mount[0m - FUSE Control File System...
         Mounting [0;1;39msys-kernel-config.mount[0m - Kernel Configuration File System...
[[0;32m  OK  [0m] Started [0;1;39msystemd-fsckd.service[0m - Fi…stem Check Daemon to report status.
         Starting [0;1;39msystemd-sysctl.service[0m - Apply Kernel Variables...
         Starting [0;1;39msystemd-tmpfiles-setup-de…[0m Device Nodes in /dev gracefully...
[[0;32m  OK  [0m] Finished [0;1;39mlvm2-monitor.service[0m - Mo…using dmeventd or progress polling.
[[0;32m  OK  [0m] Finished [0;1;39msystemd-fsck-root.service[0m - File System Check on Root Device.
[[0;32m  OK  [0m] Mounted [0;1;39msys-fs-fuse-connections.mount[0m - FUSE Control File System.
[[0;32m  OK  [0m] Mounted [0;1;39msys-kernel-config.mount[0m - Kernel Configuration File System.
         Starting [0;1;39msystemd-remount-fs.servic…[0munt Root and Kernel File Systems...
[[0;32m  OK  [0m] Finished [0;1;39msystemd-sysctl.service[0m - Apply Kernel Variables.
[[0;32m  OK  [0m] Finished [0;1;39msystemd-tmpfiles-setup-de…[0mic Device Nodes in /dev gracefully.
[[0;32m  OK  [0m] Finished [0;1;39msystemd-remount-fs.servic…[0mmount Root and Kernel File Systems.
         Starting [0;1;39mmultipathd.service[0m - Devi…pper Multipath Device Controller...
         Starting [0;1;39msystemd-journal-flush.ser…[0msh Journal to Persistent Storage...
         Starting [0;1;39msystemd-random-seed.service[0m - Load/Save OS Random Seed...
         Starting [0;1;39msystemd-tmpfiles-setup-de…[0meate Static Device Nodes in /dev...
[[0;32m  OK  [0m] Finished [0;1;39msystemd-udev-trigger.service[0m - Coldplug All udev Devices.
[[0;32m  OK  [0m] Finished [0;1;39msystemd-random-seed.service[0m - Load/Save OS Random Seed.
[[0;32m  OK  [0m] Finished [0;1;39msystemd-tmpfiles-setup-de…[0mCreate Static Device Nodes in /dev.
         Starting [0;1;39msystemd-udevd.service[0m - R…ager for Device Events and Files...
[[0;32m  OK  [0m] Started [0;1;39mmultipathd.service[0m - Devic…Mapper Multipath Device Controller.
[[0;32m  OK  [0m] Started [0;1;39msystemd-udevd.service[0m - Ru…anager for Device Events and Files.
[[0;32m  OK  [0m] Reached target [0;1;39mlocal-fs-pre.target[0m…Preparation for Local File Systems.
         Mounting [0;1;39msnap-core22-2411.mount[0m - …t unit for core22, revision 2411...
         Mounting [0;1;39msnap-google\x2dcloud\x2dc…[0mr google-cloud-cli, revision 448...
         Mounting [0;1;39msnap-snapd-26865.mount[0m - …t unit for snapd, revision 26865...
[[0;32m  OK  [0m] Started [0;1;39msystemd-ask-password-conso…[0mequests to Console Directory Watch.
[[0;32m  OK  [0m] Reached target [0;1;39mcryptsetup.target[0m - Local Encrypted Volumes.
[[0;32m  OK  [0m] Mounted [0;1;39msnap-core22-2411.mount[0m - Mount unit for core22, revision 2411.
[[0;32m  OK  [0m] Mounted [0;1;39msnap-google\x2dcloud\x2dcl…[0mfor google-cloud-cli, revision 448.
[[0;32m  OK  [0m] Finished [0;1;39msystemd-journal-flush.ser…[0mlush Journal to Persistent Storage.
[[0;32m  OK  [0m] Mounted [0;1;39msnap-snapd-26865.mount[0m - Mount unit for snapd, revision 26865.
[[0;32m  OK  [0m] Found device [0;1;39mdev-ttyS0.device[0m - /dev/ttyS0.
[[0;32m  OK  [0m] Found device [0;1;39mdev-disk-by\x2dlabel-UEFI.device[0m - PersistentDisk UEFI.
[[0;32m  OK  [0m] Found device [0;1;39mdev-disk-by\x2dlabel-BOOT.device[0m - PersistentDisk BOOT.
[[0;32m  OK  [0m] Reached target [0;1;39msnapd.mounts.target[0m - Mounted snaps.
[[0;32m  OK  [0m] Listening on [0;1;39msystemd-rfkill.socket[0m…ll Switch Status /dev/rfkill Watch.
[    3.934435] 
         Starting [0;1;39msystemd-fsck@dev-disk-by\…[0mCheck on /dev/disk/by-label/BOOT...
         Starting [0;1;39msystemd-fsck@dev-disk-by\…[0mCheck on /dev/disk/by-label/UEFI...
Checking in progress on 1 disk (0.0% complete)[[0;32m  OK  [0m] Finished [0;1;39msystemd-fsck@dev-disk-by\…[0mm Check on /dev/disk/by-label/BOOT.
Checking in progress on 0 disks (100.0% complete)[[0;32m  OK  [0m] Finished [0;1;39msystemd-fsck@dev-disk-by\…[0mm Check on /dev/disk/by-label/UEFI.
         Mounting [0;1;39mboot.mount[0m - /boot...
[[0;32m  OK  [0m] Mounted [0;1;39mboot.mount[0m - /boot.
         Mounting [0;1;39mboot-efi.mount[0m - /boot/efi...
[[0;32m  OK  [0m] Mounted [0;1;39mboot-efi.mount[0m - /boot/efi.
[[0;32m  OK  [0m] Reached target [0;1;39mlocal-fs.target[0m - Local File Systems.
[[0;32m  OK  [0m] Listening on [0;1;39msystemd-sysext.socket[0m…tension Image Management (Varlink).
         Starting [0;1;39mapparmor.service[0m - Load AppArmor profiles...
         Starting [0;1;39mconsole-setup.service[0m - Set console font and keymap...
         Starting [0;1;39mfinalrd.service[0m - Create …time dir for shutdown pivot root...
         Starting [0;1;39mplymouth-read-write.servi…[0mymouth To Write Out Runtime Data...
         Starting [0;1;39msystemd-binfmt.service[0m - Set Up Additional Binary Formats...
         Starting [0;1;39msystemd-tmpfiles-setup.se…[0me Volatile Files and Directories...
         Starting [0;1;39mufw.service[0m - Uncomplicated firewall...
[[0;32m  OK  [0m] Finished [0;1;39mconsole-setup.service[0m - Set console font and keymap.
[[0;32m  OK  [0m] Finished [0;1;39mapparmor.service[0m - Load AppArmor profiles.
[[0;32m  OK  [0m] Finished [0;1;39mfinalrd.service[0m - Create …untime dir for shutdown pivot root.
[[0;32m  OK  [0m] Finished [0;1;39mplymouth-read-write.servi…[0mPlymouth To Write Out Runtime Data.
[[0;32m  OK  [0m] Finished [0;1;39msystemd-tmpfiles-setup.se…[0mate Volatile Files and Directories.
[[0;32m  OK  [0m] Finished [0;1;39mufw.service[0m - Uncomplicated firewall.
         Mounting [0;1;39mproc-sys-fs-binfmt_misc.m…[0mcutable File Formats File System...
         Starting [0;1;39mmodprobe@dm_mod.service[0m - Load Kernel Module dm_mod...
         Starting [0;1;39mmodprobe@efi_pstore.servi…[0m - Load Kernel Module efi_pstore...
         Starting [0;1;39mmodprobe@loop.service[0m - Load Kernel Module loop...
         Starting [0;1;39msnapd.apparmor.service[0m - …iles managed internally by snapd...
         Starting [0;1;39msystemd-resolved.service[0m - Network Name Resolution...
         Starting [0;1;39msystemd-update-utmp.servi…[0mord System Boot/Shutdown in UTMP...
         Starting [0;1;39mcloud-init-local.service[0m …-init: Local Stage (pre-network)...
[[0;32m  OK  [0m] Mounted [0;1;39mproc-sys-fs-binfmt_misc.mo…[0mxecutable File Formats File System.
[[0;32m  OK  [0m] Finished [0;1;39mmodprobe@dm_mod.service[0m - Load Kernel Module dm_mod.
[[0;32m  OK  [0m] Finished [0;1;39msystemd-binfmt.service[0m - Set Up Additional Binary Formats.
[[0;32m  OK  [0m] Finished [0;1;39mmodprobe@efi_pstore.service[0m - Load Kernel Module efi_pstore.
[[0;32m  OK  [0m] Finished [0;1;39mmodprobe@loop.service[0m - Load Kernel Module loop.
[[0;32m  OK  [0m] Finished [0;1;39msystemd-update-utmp.servi…[0mecord System Boot/Shutdown in UTMP.
[[0;32m  OK  [0m] Finished [0;1;39msnapd.apparmor.service[0m - …ofiles managed internally by snapd.
[[0;32m  OK  [0m] Started [0;1;39msystemd-resolved.service[0m - Network Name Resolution.
[[0;32m  OK  [0m] Reached target [0;1;39mnss-lookup.target[0m - Host and Network Name Lookups.
[    6.154733] cloud-init[721]: Cloud-init v. 25.3-0ubuntu1~24.04.1 running 'init-local' at Fri, 15 May 2026 01:58:59 +0000. Up 6.13 seconds.
         Starting [0;1;39mmodprobe@dm_mod.service[0m - Load Kernel Module dm_mod...
         Starting [0;1;39mmodprobe@efi_pstore.servi…[0m - Load Kernel Module efi_pstore...
         Starting [0;1;39mmodprobe@loop.service[0m - Load Kernel Module loop...
[[0;32m  OK  [0m] Finished [0;1;39mmodprobe@dm_mod.service[0m - Load Kernel Module dm_mod.
[[0;32m  OK  [0m] Finished [0;1;39mmodprobe@efi_pstore.service[0m - Load Kernel Module efi_pstore.
[[0;32m  OK  [0m] Finished [0;1;39mmodprobe@loop.service[0m - Load Kernel Module loop.
         Starting [0;1;39mmodprobe@dm_mod.service[0m - Load Kernel Module dm_mod...
         Starting [0;1;39mmodprobe@efi_pstore.servi…[0m - Load Kernel Module efi_pstore...
         Starting [0;1;39mmodprobe@loop.service[0m - Load Kernel Module loop...
[[0;32m  OK  [0m] Finished [0;1;39mmodprobe@dm_mod.service[0m - Load Kernel Module dm_mod.
[[0;32m  OK  [0m] Finished [0;1;39mmodprobe@efi_pstore.service[0m - Load Kernel Module efi_pstore.
[[0;32m  OK  [0m] Finished [0;1;39mmodprobe@loop.service[0m - Load Kernel Module loop.
[[0;32m  OK  [0m] Finished [0;1;39mcloud-init-local.service[0m …ud-init: Local Stage (pre-network).
[[0;32m  OK  [0m] Reached target [0;1;39mnetwork-pre.target[0m - Preparation for Network.
         Starting [0;1;39msystemd-networkd.service[0m - Network Configuration...
[[0;32m  OK  [0m] Started [0;1;39msystemd-networkd.service[0m - Network Configuration.
[[0;32m  OK  [0m] Reached target [0;1;39mnetwork.target[0m - Network.
         Starting [0;1;39msystemd-networkd-wait-onl…[0mait for Network to be Configured...
[[0;32m  OK  [0m] Finished [0;1;39msystemd-networkd-wait-onl…[0m Wait for Network to be Configured.
         Starting [0;1;39mcloud-init.service[0m - Cloud-init: Network Stage...
[   11.383458] cloud-init[818]: Cloud-init v. 25.3-0ubuntu1~24.04.1 running 'init' at Fri, 15 May 2026 01:59:04 +0000. Up 11.36 seconds.
[   11.396162] cloud-init[818]: ci-info: ++++++++++++++++++++++++++++++++++++++Net device info+++++++++++++++++++++++++++++++++++++++
[   11.409132] cloud-init[818]: ci-info: +--------+------+---------------------------+-----------------+--------+-------------------+
[   11.422207] cloud-init[818]: ci-info: | Device |  Up  |          Address          |       Mask      | Scope  |     Hw-Address    |
[   11.435162] cloud-init[818]: ci-info: +--------+------+---------------------------+-----------------+--------+-------------------+
[   11.448119] cloud-init[818]: ci-info: |  ens5  | True |        10.128.0.62        | 255.255.255.255 | global | 42:01:0a:80:00:3e |
[   11.461227] cloud-init[818]: ci-info: |  ens5  | True | fe80::4001:aff:fe80:3e/64 |        .        |  link  | 42:01:0a:80:00:3e |
[   11.475143] cloud-init[818]: ci-info: |   lo   | True |         127.0.0.1         |    255.0.0.0    |  host  |         .         |
[   11.489127] cloud-init[818]: ci-info: |   lo   | True |          ::1/128          |        .        |  host  |         .         |
[   11.502157] cloud-init[818]: ci-info: +--------+------+---------------------------+-----------------+--------+-------------------+
[   11.515148] cloud-init[818]: ci-info: +++++++++++++++++++++++++++++++Route IPv4 info++++++++++++++++++++++++++++++++
[   11.527270] cloud-init[818]: ci-info: +-------+-----------------+------------+-----------------+-----------+-------+
[   11.539136] cloud-init[818]: ci-info: | Route |   Destination   |  Gateway   |     Genmask     | Interface | Flags |
[   11.551233] cloud-init[818]: ci-info: +-------+-----------------+------------+-----------------+-----------+-------+
[   11.563224] cloud-init[818]: ci-info: |   0   |     0.0.0.0     | 10.128.0.1 |     0.0.0.0     |    ens5   |   UG  |
[   11.576139] cloud-init[818]: ci-info: |   1   |    10.128.0.1   |  0.0.0.0   | 255.255.255.255 |    ens5   |   UH  |
[   11.588113] cloud-init[818]: ci-info: |   2   | 169.254.169.254 | 10.128.0.1 | 255.255.255.255 |    ens5   |  UGH  |
[   11.600123] cloud-init[818]: ci-info: +-------+-----------------+------------+-----------------+-----------+-------+
[   11.613111] cloud-init[818]: ci-info: +++++++++++++++++++Route IPv6 info+++++++++++++++++++
[   11.622245] cloud-init[818]: ci-info: +-------+-------------+---------+-----------+-------+
[   11.631228] cloud-init[818]: ci-info: | Route | Destination | Gateway | Interface | Flags |
[   11.640121] cloud-init[818]: ci-info: +-------+-------------+---------+-----------+-------+
[   11.649112] cloud-init[818]: ci-info: |   0   |  fe80::/64  |    ::   |    ens5   |   U   |
[   11.658181] cloud-init[818]: ci-info: |   2   |    local    |    ::   |    ens5   |   U   |
[   11.667181] cloud-init[818]: ci-info: |   3   |  multicast  |    ::   |    ens5   |   U   |
[   11.676121] cloud-init[818]: ci-info: +-------+-------------+---------+-----------+-------+
[   17.271632] cloud-init[818]: Generating public/private rsa key pair.
[   17.280175] cloud-init[818]: Your identification has been saved in /etc/ssh/ssh_host_rsa_key
[   17.290132] cloud-init[818]: Your public key has been saved in /etc/ssh/ssh_host_rsa_key.pub
[   17.300133] cloud-init[818]: The key fingerprint is:
[   17.306129] cloud-init[818]: SHA256:csbIFOdJKij4/XVTYZLWcLntqATVtVhcMPdeP0AhKEo root@loadgen-fn09
[   17.317121] cloud-init[818]: The key's randomart image is:
[[0;32m  OK  [0m] Finished [0;1;39mcloud-init.service[0m - Cloud-init: Network Stage.
[   17.323107] cloud-init[818]: +---[RSA 3072]----+
[[0;32m  OK  [0m] Reached target [0;1;39mcloud-config.target[0m - Cloud-config availability.
[   17.338128] cloud-init[818]: |      . o +*+**oo|
[[0;32m  OK  [0m] Reached target [0;1;39mnetwork-online.target[0m - Network is Online.
[   17.354115] cloud-init[818]: |.  . E B o++*+.+.|
[[0;32m  OK  [0m] Reached target [0;1;39msysinit.target[0m - System Initialization.
[   17.368142] cloud-init[818]: |o . o + +o  o+. o|
[[0;32m  OK  [0m] Started [0;1;39mnvidia-cdi-refresh.path[0m - …r toolkit install / upgrade events.
[   17.383113] cloud-init[818]: | o . = o.  .. o.o|
[[0;32m  OK  [0m] Started [0;1;39mgce-workload-cert-refresh.…[0mWorkload Certificate refresh timer.
[   17.400161] cloud-init[818]: |  . . + S.o  o .o|
[[0;32m  OK  [0m] Started [0;1;39mgoogle-oslogin-cache.timer[0m - NSS cache refresh timer.
[   17.416109] cloud-init[818]: |     . = .... . .|
[[0;32m  OK  [0m] Started [0;1;39msystemd-tmpfiles-clean.tim…[0my Cleanup of Temporary Directories.
[   17.431098] cloud-init[818]: |      .  . .     |
[[0;32m  OK  [0m] Started [0;1;39mupdate-notifier-download.t…[0mhat failed at package install time.
[   17.448136] cloud-init[818]: |          .      |
[[0;32m  OK  [0m] Reached target [0;1;39mpaths.target[0m - Path Units.
[   17.464137] cloud-init[818]: |                 |
[[0;32m  OK  [0m] Listening on [0;1;39mcloud-init-hotplugd.s…t[0m - cloud-init hotplug hook socket.
[   17.478155] cloud-init[818]: +----[SHA256]-----+
[[0;32m  OK  [0m] Listening on [0;1;39mdbus.socket[0m - D-Bus System Message Bus Socket.
[   17.494139] cloud-init[818]: Generating public/private ecdsa key pair.
         Starting [0;1;39mdocker.socket[0m - Docker Socket for the API...
[   17.511235] cloud-init[818]: Your identification has been saved in /etc/ssh/ssh_host_ecdsa_key
[[0;32m  OK  [0m] Listening on [0;1;39miscsid.socket[0m - Open-iSCSI iscsid Socket.
[   17.528168] cloud-init[818]: Your public key has been saved in /etc/ssh/ssh_host_ecdsa_key.pub
         Starting [0;1;39mlxd-installer.socket[0m - He…er to install lxd snap on demand...
[   17.548205] cloud-init[818]: The key fingerprint is:
         Starting [0;1;39msnapd.socket[0m - Socket activation for snappy daemon...
[   17.564131] cloud-init[818]: SHA256:C2l8ZsvyxhiYCHNF3KIM3x2X+EmA1QVM9N8x8AyS9AU root@loadgen-fn09
[[0;32m  OK  [0m] Listening on [0;1;39mssh.socket[0m - OpenBSD Secure Shell server socket.
[   17.583283] cloud-init[818]: The key's randomart image is:
[[0;32m  OK  [0m] Listening on [0;1;39muuidd.socket[0m - UUID daemon activation socket.
[   17.599119] cloud-init[818]: +---[ECDSA 256]---+
[[0;32m  OK  [0m] Finished [0;1;39mblk-availability.service[0m - Availability of block devices.
[   17.614167] cloud-init[818]: |   o.+oB+=+.E..  |
[[0;32m  OK  [0m] Listening on [0;1;39mdocker.socket[0m - Docker Socket for the API.
[   17.629114] cloud-init[818]: |.   = + *..o *   |
[[0;32m  OK  [0m] Listening on [0;1;39mlxd-installer.socket[0m …lper to install lxd snap on demand.
[   17.642113] cloud-init[818]: | + + o = .. . =  |
[[0;32m  OK  [0m] Listening on [0;1;39msnapd.socket[0m - Socket activation for snappy daemon.
[   17.658113] cloud-init[818]: |o = ....o  . . o |
[[0;32m  OK  [0m] Reached target [0;1;39msockets.target[0m - Socket Units.
[   17.672129] cloud-init[818]: | + . o= S   . .  |
[[0;32m  OK  [0m] Reached target [0;1;39mbasic.target[0m - Basic System.
[   17.681199] cloud-init[818]: |  . o..* o       |
[   17.700119] cloud-init[818]: |      .++        |
[   17.706142] cloud-init[818]: |      .oo        |
[   17.712126] cloud-init[818]: |       ..        |
         Starting [0;1;39mchrony.service[0m - chrony, an NTP client/server...
[   17.718135] cloud-init[818]: +----[SHA256]-----+
         Starting [0;1;39mcloud-config.service[0m - Cloud-init: Config Stage...
[   17.731307] cloud-init[818]: Generating public/private ed25519 key pair.
[   17.731431] cloud-init[818]: Your identification has been saved in /etc/ssh/ssh_host_ed25519_key
[   17.731582] cloud-init[818]: Your public key has been saved in /etc/ssh/ssh_host_ed25519_key.pub
         Starting [0;1;39mdbus.service[0m - D-Bus System Message Bus...
[   17.756229] cloud-init[818]: The key fingerprint is:
[   17.780147] cloud-init[818]: SHA256:/Np0/r5MdkbYG/HOptJY+N86w/TFh3UZL+ZFHwuKpLk root@loadgen-fn09
[   17.790139] cloud-init[818]: The key's randomart image is:
[[0;32m  OK  [0m] Started [0;1;39mdmesg.service[0m - Save initial kernel messages after boot.
[   17.790211] cloud-init[818]: +--[ED25519 256]--+
[   17.790417] cloud-init[818]: |                 |
[   17.790450] cloud-init[818]: |         .   . o.|
[   17.790486] cloud-init[818]: |        + . . .oB|
         Starting [0;1;39me2scrub_reap.service[0m - Re…ne ext4 Metadata Check Snapshots...
[   17.826156] cloud-init[818]: |       + . .  o=O|
[   17.826228] cloud-init[818]: |        S    +.B=|
[   17.841406] cloud-init[818]: |       E .  . =+*|
         Starting [0;1;39mgce-workload-cert-refresh…[0mGCE Workload Certificate refresh...
[   17.853119] cloud-init[818]: |          o .BooO|
[[0;32m  OK  [0m] Started [0;1;39mgoogle-osconfig-agent.service[0m - Google OSConfig Agent.
[   17.868148] cloud-init[818]: |         + oo+*=o|
[   17.868206] cloud-init[818]: |        . . .+B*o|
         Starting [0;1;39mgoogle-oslogin-cache.service[0m - NSS cache refresh...
[   17.883338] cloud-init[818]: +----[SHA256]-----+
         Starting [0;1;39mgrub-common.service[0m - Record successful boot for GRUB...
         Starting [0;1;39mnetworkd-dispatcher.servi…[0mcher daemon for systemd-networkd...
         Starting [0;1;39mnvidia-persistenced.service[0m - NVIDIA Persistence Daemon...
         Starting [0;1;39mnvmf-autoconnect.service[0m …ystems automatically during boot...
         Starting [0;1;39mrsyslog.service[0m - System Logging Service...
         Starting [0;1;39msecureboot-db.service[0m - Secure Boot updates for DB and DBX...
[[0;32m  OK  [0m] Reached target [0;1;39mgetty-pre.target[0m - Preparation for Logins.
         Starting [0;1;39msnapd.seeded.service[0m - Wait until snapd is fully seeded...
         Starting [0;1;39msnapd.service[0m - Snap Daemon...
         Starting [0;1;39msysstat.service[0m - Resets System Activity Logs...
         Starting [0;1;39msystemd-logind.service[0m - User Login Management...
[[0;32m  OK  [0m] Started [0;1;39mubuntu-advantage.service[0m - Ubuntu Pro Background Auto Attach.
[[0;32m  OK  [0m] Started [0;1;39mdbus.service[0m - D-Bus System Message Bus.
[[0;32m  OK  [0m] Finished [0;1;39mgce-workload-cert-refresh…[0m- GCE Workload Certificate refresh.
[[0;32m  OK  [0m] Finished [0;1;39mgoogle-oslogin-cache.service[0m - NSS cache refresh.
[[0;32m  OK  [0m] Started [0;1;39msystemd-logind.service[0m - User Login Management.
[[0;32m  OK  [0m] Started [0;1;39mnetworkd-dispatcher.servic…[0matcher daemon for systemd-networkd.
[[0;32m  OK  [0m] Started [0;1;39mnvidia-persistenced.service[0m - NVIDIA Persistence Daemon.
[[0;32m  OK  [0m] Finished [0;1;39mnvmf-autoconnect.service[0m …bsystems automatically during boot.
[[0;32m  OK  [0m] Finished [0;1;39msysstat.service[0m - Resets System Activity Logs.
[[0;32m  OK  [0m] Finished [0;1;39mgrub-common.service[0m - Record successful boot for GRUB.
[[0;32m  OK  [0m] Reached target [0;1;39mremote-fs-pre.targe…[0mreparation for Remote File Systems.
[[0;32m  OK  [0m] Reached target [0;1;39mremote-fs.target[0m - Remote File Systems.
         Starting [0;1;39mapport.service[0m - automatic crash report generation...
         Starting [0;1;39mcontainerd.service[0m - containerd container runtime...
[[0;32m  OK  [0m] Started [0;1;39mcron.service[0m - Regular background program processing daemon.
         Starting [0;1;39mgrub-initrd-fallback.service[0m - GRUB failed boot detection...
         Starting [0;1;39msystemd-hostnamed.service[0m - Hostname Service...
[   18.237266] cloud-init[1033]: Cloud-init v. 25.3-0ubuntu1~24.04.1 running 'modules:config' at Fri, 15 May 2026 01:59:11 +0000. Up 18.17 seconds.
         Starting [0;1;39msystemd-user-sessions.service[0m - Permit User Sessions...
[[0;32m  OK  [0m] Started [0;1;39munattended-upgrades.service[0m - Unattended Upgrades Shutdown.
[[0;32m  OK  [0m] Started [0;1;39mchrony.service[0m - chrony, an NTP client/server.
[[0;32m  OK  [0m] Finished [0;1;39msecureboot-db.service[0m - Secure Boot updates for DB and DBX.
[[0;32m  OK  [0m] Finished [0;1;39msystemd-user-sessions.service[0m - Permit User Sessions.
[[0;32m  OK  [0m] Finished [0;1;39mgrub-initrd-fallback.service[0m - GRUB failed boot detection.
[[0;32m  OK  [0m] Started [0;1;39msystemd-hostnamed.service[0m - Hostname Service.
2026-05-15T01:59:11.433672+00:00 loadgen-fn09 systemd[1]: Mounted dev-hugepages.mount - Huge Pages File System.
[[0;32m  OK  [0m] Started [0;1;39mrsyslog.service[0m - System Logging Service.
2026-05-15T01:59:11.433835+00:00 loadgen-fn09 systemd[1]: Mounted dev-mqueue.mount - POSIX Message Queue File System.
2026-05-15T01:59:11.433862+00:00 loadgen-fn09 kernel: Linux version 6.17.0-1013-gcp (buildd@lcy02-amd64-034) (x86_64-linux-gnu-gcc-13 (Ubuntu 13.3.0-6ubuntu2~24.04.1) 13.3.0, GNU ld (GNU Binutils for Ubuntu) 2.42) #13~24.04.1-Ubuntu SMP Thu Apr 16 02:10:24 UTC 2026 (Ubuntu 6.17.0-1013.13~24.04.1-gcp 6.17.13)
2026-05-15T01:59:11.433869+00:00 loadgen-fn09 kernel: Command line: BOOT_IMAGE=/vmlinuz-6.17.0-1013-gcp root=PARTUUID=6624332c-1f00-4e51-a0bf-94661fe17234 ro console=ttyS0,115200 panic=-1
2026-05-15T01:59:11.433870+00:00 loadgen-fn09 kernel: KERNEL supported cpus:
2026-05-15T01:59:11.433870+00:00 loadgen-fn09 kernel:   Intel GenuineIntel
2026-05-15T01:59:11.433871+00:00 loadgen-fn09 kernel:   AMD AuthenticAMD
2026-05-15T01:59:11.433868+00:00 loadgen-fn09 systemd[1]: Mounted sys-kernel-debug.mount - Kernel Debug File System.
2026-05-15T01:59:11.433875+00:00 loadgen-fn09 systemd[1]: Mounted sys-kernel-tracing.mount - Kernel Trace File System.
2026-05-15T01:59:11.433871+00:00 loadgen-fn09 kernel:   Hygon HygonGenuine
2026-05-15T01:59:11.433880+00:00 loadgen-fn09 systemd[1]: Finished keyboard-setup.service - Set the console keyboard layout.
2026-05-15T01:59:11.433882+00:00 loadgen-fn09 kernel:   Centaur CentaurHauls
2026-05-15T01:59:11.433885+00:00 loadgen-fn09 kernel:   zhaoxin   Shanghai  
2026-05-15T01:59:11.433885+00:00 loadgen-fn09 kernel: x86/CPU: Model not found in latest microcode list
2026-05-15T01:59:11.433884+00:00 loadgen-fn09 systemd[1]: Finished kmod-static-nodes.service - Create List of Static Device Nodes.
2026-05-15T01:59:11.433886+00:00 loadgen-fn09 kernel: BIOS-provided physical RAM map:
2026-05-15T01:59:11.433889+00:00 loadgen-fn09 kernel: BIOS-e820: [mem 0x0000000000000000-0x0000000000000fff] reserved
2026-05-15T01:59:11.433889+00:00 loadgen-fn09 kernel: BIOS-e820: [mem 0x0000000000001000-0x0000000000054fff] usable
2026-05-15T01:59:11.433890+00:00 loadgen-fn09 kernel: BIOS-e820: [mem 0x0000000000055000-0x000000000005ffff] reserved
2026-05-15T01:59:11.433890+00:00 loadgen-fn09 systemd[1]: modprobe@configfs.service: Deactivated successfully.
2026-05-15T01:59:11.433892+00:00 loadgen-fn09 kernel: BIOS-e820: [mem 0x0000000000060000-0x0000000000097fff] usable
2026-05-15T01:59:11.433893+00:00 loadgen-fn09 kernel: BIOS-e820: [mem 0x0000000000098000-0x000000000009ffff] reserved
2026-05-15T01:59:11.433894+00:00 loadgen-fn09 kernel: BIOS-e820: [mem 0x0000000000100000-0x00000000bd254fff] usable
2026-05-15T01:59:11.433894+00:00 loadgen-fn09 kernel: BIOS-e820: [mem 0x00000000bd255000-0x00000000bd25ffff] ACPI data
2026-05-15T01:59:11.433894+00:00 loadgen-fn09 kernel: BIOS-e820: [mem 0x00000000bd260000-0x00000000bf8ecfff] usable
2026-05-15T01:59:11.433895+00:00 loadgen-fn09 kernel: BIOS-e820: [mem 0x00000000bf8ed000-0x00000000bfb6cfff] reserved
2026-05-15T01:59:11.433895+00:00 loadgen-fn09 kernel: BIOS-e820: [mem 0x00000000bfb6d000-0x00000000bfb7efff] ACPI data
2026-05-15T01:59:11.433898+00:00 loadgen-fn09 kernel: BIOS-e820: [mem 0x00000000bfb7f000-0x00000000bfbfefff] ACPI NVS
2026-05-15T01:59:11.433895+00:00 loadgen-fn09 systemd[1]: Finished modprobe@configfs.service - Load Kernel Module configfs.
2026-05-15T01:59:11.433914+00:00 loadgen-fn09 systemd[1]: modprobe@dm_mod.service: Deactivated successfully.
2026-05-15T01:59:11.433918+00:00 loadgen-fn09 systemd[1]: Finished modprobe@dm_mod.service - Load Kernel Module dm_mod.
2026-05-15T01:59:11.433922+00:00 loadgen-fn09 systemd[1]: modprobe@drm.service: Deactivated successfully.
2026-05-15T01:59:11.433926+00:00 loadgen-fn09 systemd[1]: Finished modprobe@drm.service - Load Kernel Module drm.
2026-05-15T01:59:11.433898+00:00 loadgen-fn09 kernel: BIOS-e820: [mem 0x00000000bfbff000-0x00000000bffdffff] usable
2026-05-15T01:59:11.433930+00:00 loadgen-fn09 kernel: BIOS-e820: [mem 0x00000000bffe0000-0x00000000bfffffff] reserved
2026-05-15T01:59:11.433931+00:00 loadgen-fn09 kernel: BIOS-e820: [mem 0x0000000100000000-0x000000103fffffff] usable
2026-05-15T01:59:11.433930+00:00 loadgen-fn09 systemd[1]: modprobe@efi_pstore.service: Deactivated successfully.
2026-05-15T01:59:11.433932+00:00 loadgen-fn09 kernel: NX (Execute Disable) protection: active
2026-05-15T01:59:11.433934+00:00 loadgen-fn09 kernel: APIC: Static calls initialized
2026-05-15T01:59:11.433938+00:00 loadgen-fn09 kernel: efi: EFI v2.7 by EDK II
2026-05-15T01:59:11.433935+00:00 loadgen-fn09 systemd[1]: Finished modprobe@efi_pstore.service - Load Kernel Module efi_pstore.
2026-05-15T01:59:11.433942+00:00 loadgen-fn09 kernel: efi: TPMFinalLog=0xbfbf7000 ACPI=0xbfb7e000 ACPI 2.0=0xbfb7e014 SMBIOS=0xbf9ca000 MEMATTR=0xbd260018 MOKvar=0xbf9c8000 RNG=0xbfb72018 TPMEventLog=0xbd255018 
2026-05-15T01:59:11.433943+00:00 loadgen-fn09 kernel: random: crng init done
2026-05-15T01:59:11.433945+00:00 loadgen-fn09 kernel: SMBIOS 2.4 present.
2026-05-15T01:59:11.433944+00:00 loadgen-fn09 systemd[1]: modprobe@fuse.service: Deactivated successfully.
2026-05-15T01:59:11.433946+00:00 loadgen-fn09 kernel: DMI: Google Google Compute Engine/Google Compute Engine, BIOS Google 04/21/2026
2026-05-15T01:59:11.433948+00:00 loadgen-fn09 kernel: DMI: Memory slots populated: 4/4
2026-05-15T01:59:11.433949+00:00 loadgen-fn09 systemd[1]: Finished modprobe@fuse.service - Load Kernel Module fuse.
2026-05-15T01:59:11.433952+00:00 loadgen-fn09 kernel: secureboot: Secure boot disabled
2026-05-15T01:59:11.433953+00:00 loadgen-fn09 kernel: Hypervisor detected: KVM
2026-05-15T01:59:11.433954+00:00 loadgen-fn09 kernel: last_pfn = 0xbffe0 max_arch_pfn = 0x400000000
2026-05-15T01:59:11.433955+00:00 loadgen-fn09 kernel: kvm-clock: Using msrs 4b564d01 and 4b564d00
2026-05-15T01:59:11.433953+00:00 loadgen-fn09 systemd[1]: modprobe@loop.service: Deactivated successfully.
2026-05-15T01:59:11.433957+00:00 loadgen-fn09 kernel: kvm-clock: using sched offset of 14861597260 cycles
2026-05-15T01:59:11.433960+00:00 loadgen-fn09 kernel: clocksource: kvm-clock: mask: 0xffffffffffffffff max_cycles: 0x1cd42e4dffb, max_idle_ns: 881590591483 ns
2026-05-15T01:59:11.433961+00:00 loadgen-fn09 kernel: tsc: Detected 2299.998 MHz processor
2026-05-15T01:59:11.433972+00:00 loadgen-fn09 kernel: e820: update [mem 0x00000000-0x00000fff] usable ==> reserved
2026-05-15T01:59:11.433973+00:00 loadgen-fn09 kernel: e820: remove [mem 0x000a0000-0x000fffff] usable
2026-05-15T01:59:11.433960+00:00 loadgen-fn09 systemd[1]: Finished modprobe@loop.service - Load Kernel Module loop.
2026-05-15T01:59:11.433973+00:00 loadgen-fn09 kernel: last_pfn = 0x1040000 max_arch_pfn = 0x400000000
2026-05-15T01:59:11.433976+00:00 loadgen-fn09 kernel: MTRR map: 3 entries (2 fixed + 1 variable; max 18), built from 8 variable MTRRs
2026-05-15T01:59:11.433977+00:00 loadgen-fn09 kernel: x86/PAT: Configuration [0-7]: WB  WC  UC- UC  WB  WP  UC- WT  
2026-05-15T01:59:11.433977+00:00 loadgen-fn09 kernel: last_pfn = 0xbffe0 max_arch_pfn = 0x400000000
2026-05-15T01:59:11.433977+00:00 loadgen-fn09 systemd[1]: modprobe@nvme_fabrics.service: Deactivated successfully.
2026-05-15T01:59:11.433980+00:00 loadgen-fn09 kernel: Using GB pages for direct mapping
2026-05-15T01:59:11.433980+00:00 loadgen-fn09 kernel: secureboot: Secure boot disabled
2026-05-15T01:59:11.433981+00:00 loadgen-fn09 kernel: ACPI: Early table checksum verification disabled
2026-05-15T01:59:11.433981+00:00 loadgen-fn09 kernel: ACPI: RSDP 0x00000000BFB7E014 000024 (v02 Google)
2026-05-15T01:59:11.433982+00:00 loadgen-fn09 kernel: ACPI: XSDT 0x00000000BFB7D0E8 00005C (v01 Google GOOGFACP 00000001      01000013)
2026-05-15T01:59:11.433982+00:00 loadgen-fn09 kernel: ACPI: FACP 0x00000000BFB78000 0000F4 (v02 Google GOOGFACP 00000001 GOOG 00000001)
2026-05-15T01:59:11.433985+00:00 loadgen-fn09 kernel: ACPI: DSDT 0x00000000BFB79000 001A64 (v01 Google GOOGDSDT 00000001 GOOG 00000001)
2026-05-15T01:59:11.433985+00:00 loadgen-fn09 kernel: ACPI: FACS 0x00000000BFBF1000 000040
2026-05-15T01:59:11.433986+00:00 loadgen-fn09 kernel: ACPI: SSDT 0x00000000BFB7C000 000316 (v02 GOOGLE Tpm2Tabl 00001000 INTL 20250807)
2026-05-15T01:59:11.433986+00:00 loadgen-fn09 kernel: ACPI: TPM2         Stopping [0;1;39mchrony.service[0m - chrony, an NTP client/server...
 0x00000000BFB7B000 000034 (v04 GOOGLE          00000001 GOOG 00000001)
2026-05-15T01:59:11.433986+00:00 loadgen-fn09 kernel: ACPI: SRAT 0x00000000BFB77000 000228 (v03 Google GOOGSRAT 00000001 GOOG 00000001)
2026-05-15T01:59:11.433982+00:00 loadgen-fn09 systemd[1]: Finished modprobe@nvme_fabrics.service - Load Kernel Module nvme_fabrics.
2026-05-15T01:59:11.433987+00:00 loadgen-fn09 kernel: ACPI: APIC 0x00000000BFB76000 000126 (v05 Google GOOGAPIC 00000001 GOOG 00000001)
2026-05-15T01:59:11.433988+00:00 loadgen-fn09 kernel: ACPI: SSDT 0x00000000BFB74000 0011D6 (v01 Google GOOGSSDT 00000001 GOOG 00000001)
2026-05-15T01:59:11.433990+00:00 loadgen-fn09 kernel: ACPI: WAET 0x00000000BFB73000 000028 (v01 Google GOOGWAET 00000001 GOOG 00000001)
2026-05-15T01:59:11.433991+00:00 loadgen-fn09 kernel: ACPI: Reserving FACP table memory at [mem 0xbfb78000-0xbfb780f3]
2026-05-15T01:59:11.433991+00:00 loadgen-fn09 kernel: ACPI: Reserving DSDT table memory at [mem 0xbfb79000-0xbfb7aa63]
2026-05-15T01:59:11.433992+00:00 loadgen-fn09 kernel: ACPI: Reserving FACS table memory at [mem 0xbfbf1000-0xbfbf103f]
2026-05-15T01:59:11.433992+00:00 loadgen-fn09 kernel: ACPI: Reserving SSDT table memory at [mem 0xbfb7c000-0xbfb7c315]
2026-05-15T01:59:11.433992+00:00 loadgen-fn09 kernel: ACPI: Reserving TPM2 table memory at [mem 0xbfb7b000-0xbfb7b033]
2026-05-15T01:59:11.433990+00:00 loadgen-fn09 systemd-modules-load[307]: Inserted module 'dm_multipath'
2026-05-15T01:59:11.433995+00:00 loadgen-fn09 kernel: ACPI: Reserving SRAT table memory at [mem 0xbfb77000-0xbfb77227]
2026-05-15T01:59:11.433996+00:00 loadgen-fn09 kernel: ACPI: Reserving APIC table memory at [mem 0xbfb76000-0xbfb76125]
2026-05-15T01:59:11.433997+00:00 loadgen-fn09 kernel: ACPI: Reserving SSDT table memory at [mem 0xbfb74000-0xbfb751d5]
2026-05-15T01:59:11.433997+00:00 loadgen-fn09 kernel: ACPI: Reserving WAET table memory at [mem 0xbfb73000-0xbfb73027]
2026-05-15T01:59:11.433995+00:00 loadgen-fn09 systemd[1]: Finished systemd-modules-load.service - Load Kernel Modules.
2026-05-15T01:59:11.433998+00:00 loadgen-fn09 kernel: ACPI: SRAT: Node 0 PXM 0 [mem 0x00000000-0x0009ffff]
2026-05-15T01:59:11.433998+00:00 loadgen-fn09 kernel: ACPI: SRAT: Node 0 PXM 0 [mem 0x00100000-0xbfffffff]
2026-05-15T01:59:11.433999+00:00 loadgen-fn09 kernel: ACPI: SRAT: Node 0 PXM 0 [mem 0x100000000-0x103fffffff]
2026-05-15T01:59:11.434000+00:00 loadgen-fn09 systemd[1]: Mounting sys-fs-fuse-connections.mount - FUSE Control File System...
2026-05-15T01:59:11.434001+00:00 loadgen-fn09 kernel: NUMA: Node 0 [mem 0x00001000-0x0009ffff] + [mem 0x00100000-0xbfffffff] -> [mem 0x00001000-0xbfffffff]
2026-05-15T01:59:11.434004+00:00 loadgen-fn09 kernel: NUMA: Node 0 [mem 0x00001000-0xbfffffff] + [mem 0x100000000-0x103fffffff] -> [mem 0x00001000-0x103fffffff]
2026-05-15T01:59:11.434005+00:00 loadgen-fn09 kernel: NODE_DATA(0) allocated [mem 0x103ffd52c0-0x103fffffff]
2026-05-15T01:59:11.434005+00:00 loadgen-fn09 kernel: Zone ranges:
2026-05-15T01:59:11.434005+00:00 loadgen-fn09 kernel:   DMA      [mem 0x0000000000001000-0x0000000000ffffff]
2026-05-15T01:59:11.434006+00:00 loadgen-fn09 kernel:   DMA32    [mem 0x0000000001000000-0x00000000ffffffff]
2026-05-15T01:59:11.434005+00:00 loadgen-fn09 systemd-fsck[311]: cloudimg-rootfs: clean, 172898/6422528 files, 2136941/12844795 blocks
2026-05-15T01:59:11.434008+00:00 loadgen-fn09 kernel:   Normal   [mem 0x0000000100000000-0x000000103fffffff]
2026-05-15T01:59:11.434012+00:00 loadgen-fn09 kernel:   Device   empty
2026-05-15T01:59:11.434012+00:00 loadgen-fn09 kernel: Movable zone start for each node
2026-05-15T01:59:11.434012+00:00 loadgen-fn09 kernel: Early memory node ranges
2026-05-15T01:59:11.434013+00:00 loadgen-fn09 kernel:   node   0: [mem 0x0000000000001000-0x0000000000054fff]
2026-05-15T01:59:11.434013+00:00 loadgen-fn09 kernel:   node   0: [mem 0x0000000000060000-0x0000000000097fff]
2026-05-15T01:59:11.434012+00:00 loadgen-fn09 systemd[1]: Mounting sys-kernel-config.mount - Kernel Configuration File System...
2026-05-15T01:59:11.434016+00:00 loadgen-fn09 kernel:   node   0: [mem 0x0000000000100000-0x00000000bd254fff]
2026-05-15T01:59:11.434017+00:00 loadgen-fn09 kernel:   node   0: [mem 0x00000000bd260000-0x00000000bf8ecfff]
2026-05-15T01:59:11.434017+00:00 loadgen-fn09 kernel:   node   0: [mem 0x00000000bfbff000-0x00000000bffdffff]
2026-05-15T01:59:11.434017+00:00 loadgen-fn09 kernel:   node   0: [mem 0x0000000100000000-0x000000103fffffff]
2026-05-15T01:59:11.434018+00:00 loadgen-fn09 kernel: Initmem setup node 0 [mem 0x0000000000001000-0x000000103fffffff]
2026-05-15T01:59:11.434018+00:00 loadgen-fn09 kernel: On node 0, zone DMA: 1 pages in unavailable ranges
2026-05-15T01:59:11.434021+00:00 loadgen-fn09 kernel: On node 0, zone DMA: 11 pages in unavailable ranges
2026-05-15T01:59:11.434017+00:00 loadgen-fn09 systemd[1]: Started systemd-fsckd.service - File System Check Daemon to report status.
2026-05-15T01:59:11.434021+00:00 loadgen-fn09 kernel: On node 0, zone DMA: 104 pages in unavailable ranges
2026-05-15T01:59:11.434022+00:00 loadgen-fn09 kernel: On node 0, zone DMA32: 11 pages in unavailable ranges
2026-05-15T01:59:11.434022+00:00 loadgen-fn09 kernel: On node 0, zone DMA32: 786 pages in unavailable ranges
2026-05-15T01:59:11.434023+00:00 loadgen-fn09 kernel: On node 0, zone Normal: 32 pages in unavailable ranges
2026-05-15T01:59:11.434023+00:00 loadgen-fn09 kernel: ACPI: PM-Timer IO Port: 0xb008
2026-05-15T01:59:11.434024+00:00 loadgen-fn09 kernel: ACPI: LAPIC_NMI (acpi_id[0xff] dfl dfl lint[0x1])
2026-05-15T01:59:11.434024+00:00 loadgen-fn09 systemd[1]: systemd-repart.service - Repartition Root Disk was skipped because no trigger condition checks were met.
2026-05-15T01:59:11.434029+00:00 loadgen-fn09 kernel: IOAPIC[0]: apic_id 0, version 17, address 0xfec00000, GSI 0-23
2026-05-15T01:59:11.434030+00:00 loadgen-fn09 kernel: ACPI: INT_SRC_OVR (bus 0 bus_irq 5 global_irq 5 high level)
2026-05-15T01:59:11.434029+00:00 loadgen-fn09 systemd[1]: Starting systemd-sysctl.service - Apply Kernel Variables...
2026-05-15T01:59:11.434032+00:00 loadgen-fn09 kernel: ACPI: INT_SRC_OVR (bus 0 bus_irq 9 global_irq 9 high level)
2026-05-15T01:59:11.434033+00:00 loadgen-fn09 kernel: ACPI: INT_SRC_OVR (bus 0 bus_irq 10 global_irq 10 high level)
2026-05-15T01:59:11.434033+00:00 loadgen-fn09 kernel: ACPI: INT_SRC_OVR (bus 0 bus_irq 11 global_irq 11 high level)
2026-05-15T01:59:11.434034+00:00 loadgen-fn09 kernel: ACPI: Using ACPI (MADT) for SMP configuration information
2026-05-15T01:59:11.434036+00:00 loadgen-fn09 kernel: CPU topo: Max. logical packages:   1
2026-05-15T01:59:11.434037+00:00 loadgen-fn09 kernel: CPU topo: Max. logical dies:       1
2026-05-15T01:59:11.434037+00:00 loadgen-fn09 kernel: CPU topo: Max. dies per package:   1
2026-05-15T01:59:11.434036+00:00 loadgen-fn09 systemd[1]: Starting systemd-tmpfiles-setup-dev-early.service - Create Static Device Nodes in /dev gracefully...
2026-05-15T01:59:11.434039+00:00 loadgen-fn09 kernel: CPU topo: Max. threads per core:   2
2026-05-15T01:59:11.434040+00:00 loadgen-fn09 kernel: CPU topo: Num. cores per package:    12
2026-05-15T01:59:11.434042+00:00 loadgen-fn09 systemd[1]: Finished lvm2-monitor.service - Monitoring of LVM2 mirrors, snapshots etc. using dmeventd or progress polling.
2026-05-15T01:59:11.434046+00:00 loadgen-fn09 systemd[1]: Finished systemd-fsck-root.service - File System Check on Root Device.
2026-05-15T01:59:11.434050+00:00 loadgen-fn09 systemd[1]: Mounted sys-fs-fuse-connections.mount - FUSE Control File System.
2026-05-15T01:59:11.434057+00:00 loadgen-fn09 systemd[1]: Mounted sys-kernel-config.mount - Kernel Configuration File System.
2026-05-15T01:59:11.434061+00:00 loadgen-fn09 systemd[1]: Starting systemd-remount-fs.service - Remount Root and Kernel File Systems...
2026-05-15T01:59:11.434066+00:00 loadgen-fn09 systemd[1]: Finished systemd-sysctl.service - Apply Kernel Variables.
2026-05-15T01:59:11.434070+00:00 loadgen-fn09 systemd[1]: Finished systemd-tmpfiles-setup-dev-early.service - Create Static Device Nodes in /dev gracefully.
2026-05-15T01:59:11.434074+00:00 loadgen-fn09 systemd[1]: Finished systemd-remount-fs.ser         Starting [0;1;39mgoogle-guest-agent.servic…[0moogle Compute Engine Guest Agent...
vice - Remount Root and Kernel File Systems.
2026-05-15T01:59:11.434080+00:00 loadgen-fn09 systemd[1]: Starting multipathd.service - Device-Mapper Multipath Device Controller...
2026-05-15T01:59:11.434084+00:00 loadgen-fn09 systemd[1]: systemd-hwdb-update.service - Rebuild Hardware Database was skipped because of an unmet condition check (ConditionNeedsUpdate=/etc).
2026-05-15T01:59:11.434088+00:00 loadgen-fn09 systemd[1]: Starting systemd-journal-flush.service - Flush Journal to Persistent Storage...
2026-05-15T01:59:11.434092+00:00 loadgen-fn09 systemd[1]: systemd-pstore.service - Platform Persistent Storage Archival was skipped because of an unmet condition check (ConditionDirectoryNotEmpty=/sys/fs/pstore).
2026-05-15T01:59:11.434096+00:00 loadgen-fn09 systemd[1]: Starting systemd-random-seed.service - Load/Save OS Random Seed...
2026-05-15T01:59:11.434098+00:00 loadgen-fn09 kernel: CPU topo: Num. threads per package:  24
2026-05-15T01:59:11.434099+00:00 loadgen-fn09 kernel: CPU topo: Allowing 24 present CPUs plus 0 hotplug CPUs
2026-05-15T01:59:11.434102+00:00 loadgen-fn09 kernel: PM: hibernation: Registered nosave memory: [mem 0x00000000-0x00000fff]
2026-05-15T01:59:11.434103+00:00 loadgen-fn09 kernel: PM: hibernation: Registered nosave memory: [mem 0x00055000-0x0005ffff]
2026-05-15T01:59:11.434103+00:00 loadgen-fn09 kernel: PM: hibernation: Registered nosave memory: [mem 0x00098000-0x000fffff]
2026-05-15T01:59:11.434104+00:00 loadgen-fn09 kernel: PM: hibernation: Registered nosave memory: [mem 0xbd255000-0xbd25ffff]
2026-05-15T01:59:11.434104+00:00 loadgen-fn09 kernel: PM: hibernation: Registered nosave memory: [mem 0xbf8ed000-0xbfbfefff]
2026-05-15T01:59:11.434100+00:00 loadgen-fn09 systemd[1]: systemd-sysusers.service - Create System Users was skipped because no trigger condition checks were met.
2026-05-15T01:59:11.434104+00:00 loadgen-fn09 kernel: PM: hibernation: Registered nosave memory: [mem 0xbffe0000-0xffffffff]
2026-05-15T01:59:11.434109+00:00 loadgen-fn09 kernel: [mem 0xc0000000-0xffffffff] available for PCI devices
2026-05-15T01:59:11.434108+00:00 loadgen-fn09 systemd[1]: Starting systemd-tmpfiles-setup-dev.service - Create Static Device Nodes in /dev...
2026-05-15T01:59:11.434110+00:00 loadgen-fn09 kernel: Booting paravirtualized kernel on KVM
2026-05-15T01:59:11.434113+00:00 loadgen-fn09 kernel: clocksource: refined-jiffies: mask: 0xffffffff max_cycles: 0xffffffff, max_idle_ns: 1910969940391419 ns
2026-05-15T01:59:11.434113+00:00 loadgen-fn09 kernel: setup_percpu: NR_CPUS:8192 nr_cpumask_bits:24 nr_cpu_ids:24 nr_node_ids:1
2026-05-15T01:59:11.434114+00:00 loadgen-fn09 kernel: percpu: Embedded 84 pages/cpu s221184 r8192 d114688 u524288
2026-05-15T01:59:11.434114+00:00 loadgen-fn09 kernel: pcpu-alloc: s221184 r8192 d114688 u524288 alloc=1*2097152
2026-05-15T01:59:11.434114+00:00 loadgen-fn09 systemd[1]: systemd-tpm2-setup.service - TPM2 SRK Setup was skipped because of an unmet condition check (ConditionSecurity=measured-uki).
2026-05-15T01:59:11.434117+00:00 loadgen-fn09 kernel: pcpu-alloc: [0] 00 01 02 03 [0] 04 05 06 07 
2026-05-15T01:59:11.434118+00:00 loadgen-fn09 kernel: pcpu-alloc: [0] 08 09 10 11 [0] 12 13 14 15 
2026-05-15T01:59:11.434118+00:00 loadgen-fn09 kernel: pcpu-alloc: [0] 16 17 18 19 [0] 20 21 22 23 
2026-05-15T01:59:11.434119+00:00 loadgen-fn09 kernel: kvm-guest: PV spinlocks enabled
2026-05-15T01:59:11.434119+00:00 loadgen-fn09 kernel: PV qspinlock hash table entries: 256 (order: 0, 4096 bytes, linear)
2026-05-15T01:59:11.434119+00:00 loadgen-fn09 kernel: Kernel command line: BOOT_IMAGE=/vmlinuz-6.17.0-1013-gcp root=PARTUUID=6624332c-1f00-4e51-a0bf-94661fe17234 ro console=ttyS0,115200 panic=-1
2026-05-15T01:59:11.434119+00:00 loadgen-fn09 systemd[1]: Finished systemd-udev-trigger.service - Coldplug All udev Devices.
2026-05-15T01:59:11.434122+00:00 loadgen-fn09 kernel: printk: log buffer data + meta data: 262144 + 917504 = 1179648 bytes
2026-05-15T01:59:11.434123+00:00 loadgen-fn09 kernel: Dentry cache hash table entries: 8388608 (order: 14, 67108864 bytes, linear)
2026-05-15T01:59:1         Starting [0;1;39mplymouth-quit-wait.servic…[0md until boot process finishes up...
1.434124+00:00 loadgen-fn09 kernel: Inode-cache hash table entries: 4194304 (order: 13, 33554432 bytes, linear)
2026-05-15T01:59:11.434124+00:00 loadgen-fn09 kernel: software IO TLB: area num 32.
2026-05-15T01:59:11.434125+00:00 loadgen-fn09 kernel: Fallback order for Node 0: 0 
2026-05-15T01:59:11.434123+00:00 loadgen-fn09 systemd[1]: Finished systemd-random-seed.service - Load/Save OS Random Seed.
2026-05-15T01:59:11.434125+00:00 loadgen-fn09 kernel: Built 1 zonelists, mobility grouping on.  Total pages: 16776271
2026-05-15T01:59:11.434126+00:00 loadgen-fn09 kernel: Policy zone: Normal
2026-05-15T01:59:11.434128+00:00 loadgen-fn09 kernel: mem auto-init: stack:all(zero), heap alloc:on, heap free:off
2026-05-15T01:59:11.434129+00:00 loadgen-fn09 kernel: SLUB: HWalign=64, Order=0-3, MinObjects=0, CPUs=24, Nodes=1
2026-05-15T01:59:11.434131+00:00 loadgen-fn09 kernel: Kernel/User page tables isolation: enabled
2026-05-15T01:59:11.434131+00:00 loadgen-fn09 kernel: ftrace: allocating 61994 entries in 244 pages
2026-05-15T01:59:11.434131+00:00 loadgen-fn09 kernel: ftrace: allocated 244 pages with 5 groups
2026-05-15T01:59:11.434132+00:00 loadgen-fn09 kernel: rcu: Hierarchical RCU implementation.
2026-05-15T01:59:11.434128+00:00 loadgen-fn09 systemd[1]: Finished systemd-tmpfiles-setup-dev.service - Create Static Device Nodes in /dev.
2026-05-15T01:59:11.434152+00:00 loadgen-fn09 kernel: rcu: 	RCU restricting CPUs from NR_CPUS=8192 to nr_cpu_ids=24.
2026-05-15T01:59:11.434152+00:00 loadgen-fn09 kernel: 	Rude variant of Tasks RCU enabled.
2026-05-15T01:59:11.434153+00:00 loadgen-fn09 kernel: 	Tracing variant of Tasks RCU enabled.
2026-05-15T01:59:11.434153+00:00 loadgen-fn09 kernel: rcu: RCU calculated value of scheduler-enlistment delay is 100 jiffies.
2026-05-15T01:59:11.434154+00:00 loadgen-fn09 kernel: rcu: Adjusting geometry for rcu_fanout_leaf=16, nr_cpu_ids=24
2026-05-15T01:59:11.434154+00:00 loadgen-fn09 kernel: RCU Tasks Rude: Setting shift to 5 and lim to 1 rcu_task_cb_adjust=1 rcu_task_cpu_ids=24.
2026-05-15T01:59:11.434154+00:00 loadgen-fn09 kernel: RCU Tasks Trace: Setting shift to 5 and lim to 1 rcu_task_cb_adjust=1 rcu_task_cpu_ids=24.
2026-05-15T01:59:11.434154+00:00 loadgen-fn09 multipathd[356]: multipathd v0.9.4: start up
2026-05-15T01:59:11.434157+00:00 loadgen-fn09 kernel: NR_IRQS: 524544, nr_irqs: 616, preallocated irqs: 16
2026-05-15T01:59:11.434158+00:00 loadgen-fn09 kernel: rcu: srcu_init: Setting srcu_struct sizes based on contention.
2026-05-15T01:59:11.434159+00:00 loadgen-fn09 kernel: Console: colour dummy device 80x25
2026-05-15T01:59:11.434159+00:00 loadgen-fn09 kernel: printk: legacy console [ttyS0] enabled
2026-05-15T01:59:11.434159+00:00 loadgen-fn09 kernel: ACPI: Core revision 20250404
2026-05-15T01:59:11.434160+00:00 loadgen-fn09 kernel: APIC: Switch to symmetric I/O mode setup
2026-05-15T01:59:11.434159+00:00 loadgen-fn09 multipathd[356]: reconfigure: setting up paths and maps
2026-05-15T01:59:11.434163+00:00 loadgen-fn09 kernel: x2apic enabled
2026-05-15T01:59:11.434164+00:00 loadgen-fn09 kernel: APIC: Switched APIC routing to: physical x2apic
2026-05-15T01:59:11.434164+00:00 loadgen-fn09 kernel: ..TIMER: vector=0x30 apic1=0 pin1=0 apic2=-1 pin2=-1
2026-05-15T01:59:11.434164+00:00 loadgen-fn09 kernel: clocksource: tsc-early: mask: 0xffffffffffffffff max_cycles: 0x212733415c7, max_idle_ns: 440795236380 ns
2026-05-15T01:59:11.434165+00:00 loadgen-fn09 kernel: Calibrating delay loop (skipped) preset value.. 4599.99 BogoMIPS (lpj=2299998)
2026-05-15T01:59:11.434165+00:00 loadgen-fn09 kernel: Last level iTLB entries: 4KB 1024, 2MB 1024, 4MB 1024
2026-05-15T01:59:11.434164+00:00 loadgen-fn09 systemd[1]: Starting systemd-udevd.service - Rule-based Manager for Device Events and Files...
2026-05-15T01:59:11.434168+00:00 loadgen-fn09 kernel: Last level dTLB entries: 4KB 1024, 2MB 1024, 4MB 1024, 1GB 4
2026-05-15T01:59:11.434169+00:00 loadgen-fn09 kernel: mitigations: Enabled attack vectors: user_kernel, user_user, guest_host, guest_guest, SMT mitigations: auto
2026-05-15T01:59:11.434170+00:00 loadgen-fn09 kernel: Speculative Store Bypass: Mitigation: Speculative Store Bypass disabled via prctl
2026-05-15T01:59:11.434170+00:00 loadgen-fn09 kernel: Spectre V2 : Mitigation: IBRS
2026-05-15T01:59:11.434168+00:00 loadgen-fn09 systemd-udevd[363]: Using default interface naming scheme 'v255'.
2026-05-15T01:59:11.434171+00:00 loadgen-fn09 kernel: RETBleed: Mitigation: IBRS
2026-05-15T01:59:11.434172+00:00 loadgen-fn09 kernel: ITS: Mitigation: Aligned branch/return thunks
2026-05-15T01:59:11.434174+00:00 loadgen-fn09 kernel: Spectre V2 : User space: Mitigation: STIBP via prctl
2026-05-15T01:59:11.434175+00:00 loadgen-fn09 kernel: MDS: Mitigation: Clear CPU buffers
2026-05-15T01:59:11.434173+00:00 loadgen-fn09 systemd[1]: Started multipathd.service - Device-Mapper Multipath Device Controller.
2026-05-15T01:59:11.434175+00:00 loadgen-fn09 kernel: MMIO Stale Data: Vulnerable: Clear CPU buffers attempted, no microcode
2026-05-15T01:59:11.434176+00:00 loadgen-fn09 kernel: Spectre V1 : Mitigation: usercopy/swapgs barriers and __user pointer sanitization
2026-05-15T01:59:11.434177+00:00 loadgen-fn09 kernel: Spectre V2 : Spectre v2 / SpectreRSB: Filling RSB on context switch and VMEXIT
2026-05-15T01:59:11.434177+00:00 loadgen-fn09 kernel: Spectre V2 : mitigation: Enabling conditional Indirect Branch Prediction Barrier
2026-05-15T01:59:11.434178+00:00 loadgen-fn09 kernel: active return thunk: its_return_thunk
2026-05-15T01:59:11.434180+00:00 loadgen-fn09 kernel: Spectre V2 : Spectre BHI mitigation: SW BHB clearing on syscall and VM exit
2026-05-15T01:59:11.434181+00:00 loadgen-fn09 kernel: x86/fpu: Supporting XSAVE feature 0x001: 'x87 floating point registers'
2026-05-15T01:59:11.434181+00:00 loadgen-fn09 kernel: x86/fpu: Supporting XSAVE feature 0x002: 'SSE registers'
2026-05-15T01:59:11.434182+00:00 loadgen-fn09 kernel: x86/fpu: Supporting XSAVE feature 0x004: 'AVX registers'
2026-05-15T01:59:11.434182+00:00 loadgen-fn09 kernel: x86/fpu: xstate_offset[2]:  576, xstate_sizes[2]:  256
2026-05-15T01:59:11.434182+00:00 loadgen-fn09 kernel: x86/fpu: Enabled xstate features 0x7, context size is 832 bytes, using 'standard' format.
2026-05-15T01:59:11.434178+00:00 loadgen-fn09 systemd[1]: Started systemd-udevd.service - Rule-based Manager for Device Events and Files.
2026-05-15T01:59:11.434185+00:00 loadgen-fn09 kernel: Freeing SMP alternatives memory: 52K
2026-05-15T01:59:11.434186+00:00 loadgen-fn09 kernel: pid_max: default: 32768 minimum: 301
2026-05-15T01:59:11.434186+00:00 loadgen-fn09 kernel: LSM: initializing lsm=lockdown,capability,landlock,yama,apparmor,ima,evm
2026-05-15T01:59:11.434187+00:00 loadgen-fn09 kernel: landlock: Up and running.
2026-05-15T01:59:11.434186+00:00 loadgen-fn09 systemd[1]: nvmefc-boot-connections.service - Auto-connect to subsystems on FC-NVME devices found during boot was skipped because of an unmet condition check (ConditionPathExists=/sys/class/fc/fc_udev_device/nvme_discovery).
2026-05-15T01:59:11.434187+00:00 loadgen-fn09 kernel: Yama: becoming mindful.
2026-05-15T01:59:11.434190+00:00 loadgen-fn09 kernel: AppArmor: AppArmor initialized
2026-05-15T01:59:11.434191+00:00 loadgen-fn09 kernel: Mount-cache hash table entries: 131072 (order: 8, 1048576 bytes, linear)
2026-05-15T01:59:11.434194+00:00 loadgen-fn09 kernel: Mountpoint-cache hash table entries: 131072 (order: 8, 1048576 bytes, linear)
2026-05-15T01:59:11.434192+00:00 loadgen-fn09 systemd[1]: Reached target local-fs-pre.target - Preparation for Local File Systems.
2026-05-15T01:59:11.434196+00:00 loadgen-fn09 kernel: smpboot: CPU0: Intel(R) Xeon(R) CPU @ 2.30GHz (family: 0x6, model: 0x3f, stepping: 0x0)
2026-05-15T01:59:11.434196+00:00 loadgen-fn09 kernel: Performance Events: unsupported CPU family 6 model 63 no PMU driver, software events only.
2026-05-15T01:59:11.434197+00:00 loadgen-fn09 kernel: signal: max sigframe size: 1776
2026-05-15T01:59:11.434197+00:00 loadgen-fn09 kernel: rcu: Hierarchical SRCU implementation.
2026-05-15T01:59:11.434198+00:00 loadgen-fn09 kernel: rcu: 	Max phase no-delay instances is 400.
2026-05-15T01:59:11.434201+00:00 l         Starting [0;1;39mplymouth-quit.service[0m - Terminate Plymouth Boot Screen...
oadgen-fn09 kernel: Timer migration: 2 hierarchy levels; 8 children per group; 2 crossnode level
2026-05-15T01:59:11.434199+00:00 loadgen-fn09 systemd[1]: Mounting snap-core22-2411.mount - Mount unit for core22, revision 2411...
2026-05-15T01:59:11.434201+00:00 loadgen-fn09 kernel: NMI watchdog: Perf NMI watchdog permanently disabled
2026-05-15T01:59:11.434202+00:00 loadgen-fn09 kernel: smp: Bringing up secondary CPUs ...
2026-05-15T01:59:11.434203+00:00 loadgen-fn09 kernel: smpboot: x86: Booting SMP configuration:
2026-05-15T01:59:11.434203+00:00 loadgen-fn09 kernel: .... node  #0, CPUs:        #1  #2  #3  #4  #5  #6  #7  #8  #9 #10 #11 #12 #13 #14 #15 #16 #17 #18 #19 #20 #21 #22 #23
2026-05-15T01:59:11.434204+00:00 loadgen-fn09 kernel: MDS CPU bug present and SMT on, data leak possible. See https://www.kernel.org/doc/html/latest/admin-guide/hw-vuln/mds.html for more details.
