2026-05-14 19:33:09,364 DEBUG    root            Loaded Command Group: ['gcloud', 'compute']
2026-05-14 19:33:09,365 DEBUG    root            Loaded Command Group: ['gcloud', 'compute', 'instances']
2026-05-14 19:33:09,367 DEBUG    root            Loaded Command Group: ['gcloud', 'compute', 'instances', 'get_serial_port_output']
2026-05-14 19:33:09,368 DEBUG    root            Running [gcloud.compute.instances.get-serial-port-output] with arguments: [--project: "env-integration-fenway", --zone: "us-central1-b", INSTANCE_NAME: "loadgen-80pv"]
2026-05-14 19:33:09,369 DEBUG    root            On GCE from memory cache: False
2026-05-14 19:33:09,371 DEBUG    root            On GCE from memory cache: False
2026-05-14 19:33:09,464 DEBUG    urllib3.connectionpool Starting new HTTPS connection (1): compute.googleapis.com:443
2026-05-14 19:33:09,750 DEBUG    urllib3.connectionpool https://compute.googleapis.com:443 "GET /compute/v1/projects/env-integration-fenway/zones/us-central1-b/instances/loadgen-80pv/serialPort?alt=json&port=1 HTTP/1.1" 200 None
2026-05-14 19:33:09,817 DEBUG    root            Chosen display Format:value[no-quote](contents)
2026-05-14 19:33:09,817 INFO     root            Display format: "value[no-quote](contents)"
2026-05-14 19:33:09,831 INFO     ___FILE_ONLY___ [2J[01;01H[=3h[2J[01;01H[2J[01;01H[=3h[2J[01;01HCSM BBS Table full.
BdsDxe: loading Boot0003 "Ubuntu" from PciRoot(0x0)/Pci(0x3,0x0)/Scsi(0x1,0x0)/HD(15,GPT,C848D457-4750-4825-A2CD-4EBFB870DC53,0x2800,0x35000)/\EFI\ubuntu\shimx64.efi
BdsDxe: starting Boot0003 "Ubuntu" from PciRoot(0x0)/Pci(0x3,0x0)/Scsi(0x1,0x0)/HD(15,GPT,C848D457-4750-4825-A2CD-4EBFB870DC53,0x2800,0x35000)/\EFI\ubuntu\shimx64.efi

UEFI: Attempting to start image.
Description: Ubuntu
FilePath: PciRoot(0x0)/Pci(0x3,0x0)/Scsi(0x1,0x0)/HD(15,GPT,C848D457-4750-4825-A2CD-4EBFB870DC53,0x2800,0x35000)/\EFI\ubuntu\shimx64.efi
OptionNumber: 3.

[H[J[1;1HGRUB_FORCE_PARTUUID set, attempting initrdless boot.
[    0.000000] Linux version 6.17.0-1013-gcp (buildd@lcy02-amd64-034) (x86_64-linux-gnu-gcc-13 (Ubuntu 13.3.0-6ubuntu2~24.04.1) 13.3.0, GNU ld (GNU Binutils for Ubuntu) 2.42) #13~24.04.1-Ubuntu SMP Thu Apr 16 02:10:24 UTC 2026 (Ubuntu 6.17.0-1013.13~24.04.1-gcp 6.17.13)
[    0.000000] Command line: BOOT_IMAGE=/vmlinuz-6.17.0-1013-gcp root=PARTUUID=6624332c-1f00-4e51-a0bf-94661fe17234 ro console=ttyS0,115200 panic=-1
[    0.000000] KERNEL supported cpus:
[    0.000000]   Intel GenuineIntel
[    0.000000]   AMD AuthenticAMD
[    0.000000]   Hygon HygonGenuine
[    0.000000]   Centaur CentaurHauls
[    0.000000]   zhaoxin   Shanghai  
[    0.000000] x86/CPU: Model not found in latest microcode list
[    0.000000] BIOS-provided physical RAM map:
[    0.000000] BIOS-e820: [mem 0x0000000000000000-0x0000000000000fff] reserved
[    0.000000] BIOS-e820: [mem 0x0000000000001000-0x0000000000054fff] usable
[    0.000000] BIOS-e820: [mem 0x0000000000055000-0x000000000005ffff] reserved
[    0.000000] BIOS-e820: [mem 0x0000000000060000-0x0000000000097fff] usable
[    0.000000] BIOS-e820: [mem 0x0000000000098000-0x000000000009ffff] reserved
[    0.000000] BIOS-e820: [mem 0x0000000000100000-0x00000000bd254fff] usable
[    0.000000] BIOS-e820: [mem 0x00000000bd255000-0x00000000bd25ffff] ACPI data
[    0.000000] BIOS-e820: [mem 0x00000000bd260000-0x00000000bf8ecfff] usable
[    0.000000] BIOS-e820: [mem 0x00000000bf8ed000-0x00000000bfb6cfff] reserved
[    0.000000] BIOS-e820: [mem 0x00000000bfb6d000-0x00000000bfb7efff] ACPI data
[    0.000000] BIOS-e820: [mem 0x00000000bfb7f000-0x00000000bfbfefff] ACPI NVS
[    0.000000] BIOS-e820: [mem 0x00000000bfbff000-0x00000000bffdffff] usable
[    0.000000] BIOS-e820: [mem 0x00000000bffe0000-0x00000000bfffffff] reserved
[    0.000000] BIOS-e820: [mem 0x0000000100000000-0x000000103fffffff] usable
[    0.000000] NX (Execute Disable) protection: active
[    0.000000] APIC: Static calls initialized
[    0.000000] efi: EFI v2.7 by EDK II
[    0.000000] efi: TPMFinalLog=0xbfbf7000 ACPI=0xbfb7e000 ACPI 2.0=0xbfb7e014 SMBIOS=0xbf9ca000 MEMATTR=0xbd260018 MOKvar=0xbf9c8000 RNG=0xbfb72018 TPMEventLog=0xbd255018 
[    0.000000] random: crng init done
[    0.000000] SMBIOS 2.4 present.
[    0.000000] DMI: Google Google Compute Engine/Google Compute Engine, BIOS Google 04/21/2026
[    0.000000] DMI: Memory slots populated: 4/4
[    0.000000] secureboot: Secure boot disabled
[    0.000000] Hypervisor detected: KVM
[    0.000000] last_pfn = 0xbffe0 max_arch_pfn = 0x400000000
[    0.000000] kvm-clock: Using msrs 4b564d01 and 4b564d00
[    0.000001] kvm-clock: using sched offset of 14815971157 cycles
[    0.000003] clocksource: kvm-clock: mask: 0xffffffffffffffff max_cycles: 0x1cd42e4dffb, max_idle_ns: 881590591483 ns
[    0.000007] tsc: Detected 2299.998 MHz processor
[    0.000088] last_pfn = 0x1040000 max_arch_pfn = 0x400000000
[    0.000125] MTRR map: 3 entries (2 fixed + 1 variable; max 18), built from 8 variable MTRRs
[    0.000129] x86/PAT: Configuration [0-7]: WB  WC  UC- UC  WB  WP  UC- WT  
[    0.000176] last_pfn = 0xbffe0 max_arch_pfn = 0x400000000
[    0.015444] Using GB pages for direct mapping
[    0.015861] secureboot: Secure boot disabled
[    0.015864] ACPI: Early table checksum verification disabled
[    0.015868] ACPI: RSDP 0x00000000BFB7E014 000024 (v02 Google)
[    0.015873] ACPI: XSDT 0x00000000BFB7D0E8 00005C (v01 Google GOOGFACP 00000001      01000013)
[    0.015881] ACPI: FACP 0x00000000BFB78000 0000F4 (v02 Google GOOGFACP 00000001 GOOG 00000001)
[    0.015889] ACPI: DSDT 0x00000000BFB79000 001A64 (v01 Google GOOGDSDT 00000001 GOOG 00000001)
[    0.015895] ACPI: FACS 0x00000000BFBF1000 000040
[    0.015899] ACPI: SSDT 0x00000000BFB7C000 000316 (v02 GOOGLE Tpm2Tabl 00001000 INTL 20250807)
[    0.015904] ACPI: TPM2 0x00000000BFB7B000 000034 (v04 GOOGLE          00000001 GOOG 00000001)
[    0.015909] ACPI: SRAT 0x00000000BFB77000 000228 (v03 Google GOOGSRAT 00000001 GOOG 00000001)
[    0.015914] ACPI: APIC 0x00000000BFB76000 000126 (v05 Google GOOGAPIC 00000001 GOOG 00000001)
[    0.015919] ACPI: SSDT 0x00000000BFB74000 0011D6 (v01 Google GOOGSSDT 00000001 GOOG 00000001)
[    0.015924] ACPI: WAET 0x00000000BFB73000 000028 (v01 Google GOOGWAET 00000001 GOOG 00000001)
[    0.015927] ACPI: Reserving FACP table memory at [mem 0xbfb78000-0xbfb780f3]
[    0.015929] ACPI: Reserving DSDT table memory at [mem 0xbfb79000-0xbfb7aa63]
[    0.015930] ACPI: Reserving FACS table memory at [mem 0xbfbf1000-0xbfbf103f]
[    0.015931] ACPI: Reserving SSDT table memory at [mem 0xbfb7c000-0xbfb7c315]
[    0.015932] ACPI: Reserving TPM2 table memory at [mem 0xbfb7b000-0xbfb7b033]
[    0.015933] ACPI: Reserving SRAT table memory at [mem 0xbfb77000-0xbfb77227]
[    0.015934] ACPI: Reserving APIC table memory at [mem 0xbfb76000-0xbfb76125]
[    0.015935] ACPI: Reserving SSDT table memory at [mem 0xbfb74000-0xbfb751d5]
[    0.015935] ACPI: Reserving WAET table memory at [mem 0xbfb73000-0xbfb73027]
[    0.016088] ACPI: SRAT: Node 0 PXM 0 [mem 0x00000000-0x0009ffff]
[    0.016092] ACPI: SRAT: Node 0 PXM 0 [mem 0x00100000-0xbfffffff]
[    0.016095] ACPI: SRAT: Node 0 PXM 0 [mem 0x100000000-0x103fffffff]
[    0.016104] NUMA: Node 0 [mem 0x00001000-0x0009ffff] + [mem 0x00100000-0xbfffffff] -> [mem 0x00001000-0xbfffffff]
[    0.016108] NUMA: Node 0 [mem 0x00001000-0xbfffffff] + [mem 0x100000000-0x103fffffff] -> [mem 0x00001000-0x103fffffff]
[    0.016137] NODE_DATA(0) allocated [mem 0x103ffd52c0-0x103fffffff]
[    0.016398] Zone ranges:
[    0.016399]   DMA      [mem 0x0000000000001000-0x0000000000ffffff]
[    0.016401]   DMA32    [mem 0x0000000001000000-0x00000000ffffffff]
[    0.016403]   Normal   [mem 0x0000000100000000-0x000000103fffffff]
[    0.016405]   Device   empty
[    0.016406] Movable zone start for each node
[    0.016408] Early memory node ranges
[    0.016409]   node   0: [mem 0x0000000000001000-0x0000000000054fff]
[    0.016411]   node   0: [mem 0x0000000000060000-0x0000000000097fff]
[    0.016412]   node   0: [mem 0x0000000000100000-0x00000000bd254fff]
[    0.016413]   node   0: [mem 0x00000000bd260000-0x00000000bf8ecfff]
[    0.016426]   node   0: [mem 0x00000000bfbff000-0x00000000bffdffff]
[    0.016427]   node   0: [mem 0x0000000100000000-0x000000103fffffff]
[    0.016432] Initmem setup node 0 [mem 0x0000000000001000-0x000000103fffffff]
[    0.016517] On node 0, zone DMA: 1 pages in unavailable ranges
[    0.016519] On node 0, zone DMA: 11 pages in unavailable ranges
[    0.016545] On node 0, zone DMA: 104 pages in unavailable ranges
[    0.021545] On node 0, zone DMA32: 11 pages in unavailable ranges
[    0.021561] On node 0, zone DMA32: 786 pages in unavailable ranges
[    0.127204] On node 0, zone Normal: 32 pages in unavailable ranges
[    0.127844] ACPI: PM-Timer IO Port: 0xb008
[    0.127869] ACPI: LAPIC_NMI (acpi_id[0xff] dfl dfl lint[0x1])
[    0.127957] IOAPIC[0]: apic_id 0, version 17, address 0xfec00000, GSI 0-23
[    0.127961] ACPI: INT_SRC_OVR (bus 0 bus_irq 5 global_irq 5 high level)
[    0.127964] ACPI: INT_SRC_OVR (bus 0 bus_irq 9 global_irq 9 high level)
[    0.127965] ACPI: INT_SRC_OVR (bus 0 bus_irq 10 global_irq 10 high level)
[    0.127967] ACPI: INT_SRC_OVR (bus 0 bus_irq 11 global_irq 11 high level)
[    0.127973] ACPI: Using ACPI (MADT) for SMP configuration information
[    0.127979] CPU topo: Max. logical packages:   1
[    0.127980] CPU topo: Max. logical dies:       1
[    0.127981] CPU topo: Max. dies per package:   1
[    0.127986] CPU topo: Max. threads per core:   2
[    0.127987] CPU topo: Num. cores per package:    12
[    0.127987] CPU topo: Num. threads per package:  24
[    0.127988] CPU topo: Allowing 24 present CPUs plus 0 hotplug CPUs
[    0.128015] PM: hibernation: Registered nosave memory: [mem 0x00000000-0x00000fff]
[    0.128017] PM: hibernation: Registered nosave memory: [mem 0x00055000-0x0005ffff]
[    0.128019] PM: hibernation: Registered nosave memory: [mem 0x00098000-0x000fffff]
[    0.128020] PM: hibernation: Registered nosave memory: [mem 0xbd255000-0xbd25ffff]
[    0.128022] PM: hibernation: Registered nosave memory: [mem 0xbf8ed000-0xbfbfefff]
[    0.128024] PM: hibernation: Registered nosave memory: [mem 0xbffe0000-0xffffffff]
[    0.128026] [mem 0xc0000000-0xffffffff] available for PCI devices
[    0.128028] Booting paravirtualized kernel on KVM
[    0.128030] clocksource: refined-jiffies: mask: 0xffffffff max_cycles: 0xffffffff, max_idle_ns: 1910969940391419 ns
[    0.128038] setup_percpu: NR_CPUS:8192 nr_cpumask_bits:24 nr_cpu_ids:24 nr_node_ids:1
[    0.129735] percpu: Embedded 84 pages/cpu s221184 r8192 d114688 u524288
[    0.129788] kvm-guest: PV spinlocks enabled
[    0.129790] PV qspinlock hash table entries: 256 (order: 0, 4096 bytes, linear)
[    0.129794] Kernel command line: BOOT_IMAGE=/vmlinuz-6.17.0-1013-gcp root=PARTUUID=6624332c-1f00-4e51-a0bf-94661fe17234 ro console=ttyS0,115200 panic=-1
[    0.129859] printk: log buffer data + meta data: 262144 + 917504 = 1179648 bytes
[    0.136317] Dentry cache hash table entries: 8388608 (order: 14, 67108864 bytes, linear)
[    0.139545] Inode-cache hash table entries: 4194304 (order: 13, 33554432 bytes, linear)
[    0.140143] software IO TLB: area num 32.
[    0.152759] Fallback order for Node 0: 0 
[    0.152766] Built 1 zonelists, mobility grouping on.  Total pages: 16776271
[    0.152767] Policy zone: Normal
[    0.152778] mem auto-init: stack:all(zero), heap alloc:on, heap free:off
[    0.301780] SLUB: HWalign=64, Order=0-3, MinObjects=0, CPUs=24, Nodes=1
[    0.301844] Kernel/User page tables isolation: enabled
[    0.314267] ftrace: allocating 61994 entries in 244 pages
[    0.314269] ftrace: allocated 244 pages with 5 groups
[    0.314632] rcu: Hierarchical RCU implementation.
[    0.314633] rcu: 	RCU restricting CPUs from NR_CPUS=8192 to nr_cpu_ids=24.
[    0.314635] 	Rude variant of Tasks RCU enabled.
[    0.314635] 	Tracing variant of Tasks RCU enabled.
[    0.314636] rcu: RCU calculated value of scheduler-enlistment delay is 100 jiffies.
[    0.314637] rcu: Adjusting geometry for rcu_fanout_leaf=16, nr_cpu_ids=24
[    0.314663] RCU Tasks Rude: Setting shift to 5 and lim to 1 rcu_task_cb_adjust=1 rcu_task_cpu_ids=24.
[    0.314667] RCU Tasks Trace: Setting shift to 5 and lim to 1 rcu_task_cb_adjust=1 rcu_task_cpu_ids=24.
[    0.318680] NR_IRQS: 524544, nr_irqs: 616, preallocated irqs: 16
[    0.319060] rcu: srcu_init: Setting srcu_struct sizes based on contention.
[    0.319215] Console: colour dummy device 80x25
[    0.319284] printk: legacy console [ttyS0] enabled
[    0.611314] ACPI: Core revision 20250404
[    0.612723] APIC: Switch to symmetric I/O mode setup
[    0.614930] x2apic enabled
[    0.618815] APIC: Switched APIC routing to: physical x2apic
[    0.625983] ..TIMER: vector=0x30 apic1=0 pin1=0 apic2=-1 pin2=-1
[    0.628211] clocksource: tsc-early: mask: 0xffffffffffffffff max_cycles: 0x212733415c7, max_idle_ns: 440795236380 ns
[    0.631516] Calibrating delay loop (skipped) preset value.. 4599.99 BogoMIPS (lpj=2299998)
[    0.633562] Last level iTLB entries: 4KB 1024, 2MB 1024, 4MB 1024
[    0.634514] Last level dTLB entries: 4KB 1024, 2MB 1024, 4MB 1024, 1GB 4
[    0.635537] mitigations: Enabled attack vectors: user_kernel, user_user, guest_host, guest_guest, SMT mitigations: auto
[    0.636516] Speculative Store Bypass: Mitigation: Speculative Store Bypass disabled via prctl
[    0.637514] Spectre V2 : Mitigation: IBRS
[    0.638514] RETBleed: Mitigation: IBRS
[    0.639513] ITS: Mitigation: Aligned branch/return thunks
[    0.640513] Spectre V2 : User space: Mitigation: STIBP via prctl
[    0.641513] MDS: Mitigation: Clear CPU buffers
[    0.642513] MMIO Stale Data: Vulnerable: Clear CPU buffers attempted, no microcode
[    0.643517] Spectre V1 : Mitigation: usercopy/swapgs barriers and __user pointer sanitization
[    0.644517] Spectre V2 : Spectre v2 / SpectreRSB: Filling RSB on context switch and VMEXIT
[    0.645517] Spectre V2 : mitigation: Enabling conditional Indirect Branch Prediction Barrier
[    0.646520] active return thunk: its_return_thunk
[    0.647514] Spectre V2 : Spectre BHI mitigation: SW BHB clearing on syscall and VM exit
[    0.648529] x86/fpu: Supporting XSAVE feature 0x001: 'x87 floating point registers'
[    0.649514] x86/fpu: Supporting XSAVE feature 0x002: 'SSE registers'
[    0.650514] x86/fpu: Supporting XSAVE feature 0x004: 'AVX registers'
[    0.651514] x86/fpu: xstate_offset[2]:  576, xstate_sizes[2]:  256
[    0.652514] x86/fpu: Enabled xstate features 0x7, context size is 832 bytes, using 'standard' format.
[    0.717292] Freeing SMP alternatives memory: 52K
[    0.717517] pid_max: default: 32768 minimum: 301
[    0.719572] LSM: initializing lsm=lockdown,capability,landlock,yama,apparmor,ima,evm
[    0.720532] landlock: Up and running.
[    0.721514] Yama: becoming mindful.
[    0.722585] AppArmor: AppArmor initialized
[    0.723766] Mount-cache hash table entries: 131072 (order: 8, 1048576 bytes, linear)
[    0.725618] Mountpoint-cache hash table entries: 131072 (order: 8, 1048576 bytes, linear)
[    0.829758] smpboot: CPU0: Intel(R) Xeon(R) CPU @ 2.30GHz (family: 0x6, model: 0x3f, stepping: 0x0)
[    0.830864] Performance Events: unsupported CPU family 6 model 63 no PMU driver, software events only.
[    0.831601] signal: max sigframe size: 1776
[    0.832571] rcu: Hierarchical SRCU implementation.
[    0.833514] rcu: 	Max phase no-delay instances is 400.
[    0.834599] Timer migration: 2 hierarchy levels; 8 children per group; 2 crossnode level
[    0.837547] NMI watchdog: Perf NMI watchdog permanently disabled
[    0.839737] smp: Bringing up secondary CPUs ...
[    0.840724] smpboot: x86: Booting SMP configuration:
[    0.841516] .... node  #0, CPUs:        #1  #2  #3  #4  #5  #6  #7  #8  #9 #10 #11 #12 #13 #14 #15 #16 #17 #18 #19 #20 #21 #22 #23
[    0.853842] MDS CPU bug present and SMT on, data leak possible. See https://www.kernel.org/doc/html/latest/admin-guide/hw-vuln/mds.html for more details.
[    0.855520] MMIO Stale Data CPU bug present and SMT on, data leak possible. See https://www.kernel.org/doc/html/latest/admin-guide/hw-vuln/processor_mmio_stale_data.html for more details.
[    0.862594] smp: Brought up 1 node, 24 CPUs
[    0.863515] smpboot: Total of 24 processors activated (110399.90 BogoMIPS)
[    0.867647] Memory: 65805232K/67105084K available (22206K kernel code, 4673K rwdata, 15608K rodata, 5404K init, 6100K bss, 1277612K reserved, 0K cma-reserved)
[    0.871992] devtmpfs: initialized
[    0.873531] x86/mm: Memory block size: 1024MB
[    0.876752] ACPI: PM: Registering ACPI NVS region [mem 0xbfb7f000-0xbfbfefff] (524288 bytes)
[    0.877622] clocksource: jiffies: mask: 0xffffffff max_cycles: 0xffffffff, max_idle_ns: 1911260446275000 ns
[    0.878594] posixtimers hash table entries: 16384 (order: 6, 262144 bytes, linear)
[    0.879639] futex hash table entries: 8192 (524288 bytes on 1 NUMA nodes, total 512 KiB, linear).
[    0.880672] pinctrl core: initialized pinctrl subsystem
[    0.882513] PM: RTC time: 02:28:43, date: 2026-05-15
[    0.885234] NET: Registered PF_NETLINK/PF_ROUTE protocol family
[    0.887220] DMA: preallocated 4096 KiB GFP_KERNEL pool for atomic allocations
[    0.888239] DMA: preallocated 4096 KiB GFP_KERNEL|GFP_DMA pool for atomic allocations
[    0.889896] DMA: preallocated 4096 KiB GFP_KERNEL|GFP_DMA32 pool for atomic allocations
[    0.890533] audit: initializing netlink subsys (disabled)
[    0.891554] audit: type=2000 audit(1778812123.198:1): state=initialized audit_enabled=0 res=1
[    0.891754] thermal_sys: Registered thermal governor 'fair_share'
[    0.892515] thermal_sys: Registered thermal governor 'bang_bang'
[    0.893515] thermal_sys: Registered thermal governor 'step_wise'
[    0.894514] thermal_sys: Registered thermal governor 'user_space'
[    0.895514] thermal_sys: Registered thermal governor 'power_allocator'
[    0.896529] cpuidle: using governor ladder
[    0.898522] cpuidle: using governor menu
[    0.900518] acpiphp: ACPI Hot Plug PCI Controller Driver version: 0.5
[    0.901804] PCI: Using configuration type 1 for base access
[    0.902641] kprobes: kprobe jump-optimization is enabled. All kprobes are optimized if possible.
[    0.904604] HugeTLB: registered 1.00 GiB page size, pre-allocated 0 pages
[    0.905515] HugeTLB: 16380 KiB vmemmap can be freed for a 1.00 GiB page
[    0.906516] HugeTLB: registered 2.00 MiB page size, pre-allocated 0 pages
[    0.907515] HugeTLB: 28 KiB vmemmap can be freed for a 2.00 MiB page
[    0.911867] ACPI: Added _OSI(Module Device)
[    0.912515] ACPI: Added _OSI(Processor Device)
[    0.913516] ACPI: Added _OSI(Processor Aggregator Device)
[    0.917977] ACPI: 3 ACPI AML tables successfully acquired and loaded
[    0.922967] ACPI: Interpreter enabled
[    0.923533] ACPI: PM: (supports S0 S3 S4 S5)
[    0.924515] ACPI: Using IOAPIC for interrupt routing
[    0.926726] PCI: Using host bridge windows from ACPI; if necessary, use "pci=nocrs" and report a bug
[    0.927514] PCI: Ignoring E820 reservations for host bridge windows
[    0.929635] ACPI: Enabled 16 GPEs in block 00 to 0F
[    0.938110] ACPI: PCI Root Bridge [PCI0] (domain 0000 [bus 00-ff])
[    0.938521] acpi PNP0A03:00: _OSC: OS supports [ASPM ClockPM Segments MSI EDR HPX-Type3]
[    0.939515] acpi PNP0A03:00: _OSC: not requesting OS control; OS requires [ExtendedConfig ASPM ClockPM MSI]
[    0.940530] acpi PNP0A03:00: fail to add MMCONFIG information, can't access extended configuration space under this bridge
[    0.943755] PCI host bridge to bus 0000:00
[    0.944520] pci_bus 0000:00: root bus resource [io  0x0000-0x0cf7 window]
[    0.945515] pci_bus 0000:00: root bus resource [io  0x0d00-0xffff window]
[    0.946515] pci_bus 0000:00: root bus resource [mem 0x000a0000-0x000bffff window]
[    0.947515] pci_bus 0000:00: root bus resource [mem 0xc0000000-0xc53fffff window]
[    0.948515] pci_bus 0000:00: root bus resource [mem 0xc5440000-0xee3fffff window]
[    0.949515] pci_bus 0000:00: root bus resource [mem 0xee440000-0xfebfefff window]
[    0.950515] pci_bus 0000:00: root bus resource [mem 0x1040000000-0x2103fffffff window]
[    0.951515] pci_bus 0000:00: root bus resource [bus 00-ff]
[    0.952581] pci 0000:00:00.0: [8086:1237] type 00 class 0x060000 conventional PCI endpoint
[    0.956715] pci 0000:00:01.0: [8086:7110] type 00 class 0x060100 conventional PCI endpoint
[    0.963519] pci 0000:00:01.3: [8086:7113] type 00 class 0x068000 conventional PCI endpoint
[    0.969687] pci 0000:00:01.3: quirk: [io  0xb000-0xb03f] claimed by PIIX4 ACPI
[    0.971553] pci 0000:00:03.0: [1af4:1004] type 00 class 0x000000 conventional PCI endpoint
[    0.980542] pci 0000:00:03.0: BAR 0 [io  0xc040-0xc07f]
[    0.981530] pci 0000:00:03.0: BAR 1 [mem 0xc1001000-0xc100107f]
[    0.983275] pci 0000:00:04.0: [10de:1eb8] type 00 class 0x030200 conventional PCI endpoint
[    0.998539] pci 0000:00:04.0: BAR 0 [mem 0xc0000000-0xc0ffffff]
[    0.999547] pci 0000:00:04.0: BAR 1 [mem 0x1040000000-0x104fffffff 64bit pref]
[    1.000541] pci 0000:00:04.0: BAR 3 [mem 0x1050000000-0x1051ffffff 64bit pref]
[    1.002528] pci 0000:00:05.0: [1af4:1000] type 00 class 0x020000 conventional PCI endpoint
[    1.012542] pci 0000:00:05.0: BAR 0 [io  0xc000-0xc03f]
[    1.013530] pci 0000:00:05.0: BAR 1 [mem 0xc1000000-0xc10003ff]
[    1.015687] pci 0000:00:06.0: [1af4:1005] type 00 class 0x00ff00 conventional PCI endpoint
[    1.024545] pci 0000:00:06.0: BAR 0 [io  0xc080-0xc09f]
[    1.025535] pci 0000:00:06.0: BAR 1 [mem 0xc1002000-0xc100203f]
[    1.039298] ACPI: PCI: Interrupt link LNKA configured for IRQ 10
[    1.040655] ACPI: PCI: Interrupt link LNKB configured for IRQ 10
[    1.043653] ACPI: PCI: Interrupt link LNKC configured for IRQ 11
[    1.045673] ACPI: PCI: Interrupt link LNKD configured for IRQ 11
[    1.047563] ACPI: PCI: Interrupt link LNKS configured for IRQ 9
[    1.052531] iommu: Default domain type: Translated
[    1.053516] iommu: DMA domain TLB invalidation policy: lazy mode
[    1.055766] SCSI subsystem initialized
[    1.056561] ACPI: bus type USB registered
[    1.057539] usbcore: registered new interface driver usbfs
[    1.058525] usbcore: registered new interface driver hub
[    1.059532] usbcore: registered new device driver usb
[    1.060544] pps_core: LinuxPPS API ver. 1 registered
[    1.061514] pps_core: Software ver. 5.3.6 - Copyright 2005-2007 Rodolfo Giometti <giometti@linux.it>
[    1.062519] PTP clock support registered
[    1.063565] EDAC MC: Ver: 3.0.0
[    1.065747] efivars: Registered efivars operations
[    1.068107] NetLabel: Initializing
[    1.068516] NetLabel:  domain hash size = 128
[    1.069514] NetLabel:  protocols = UNLABELED CIPSOv4 CALIPSO
[    1.070539] NetLabel:  unlabeled traffic allowed by default
[    1.072532] mctp: management component transport protocol core
[    1.073515] NET: Registered PF_MCTP protocol family
[    1.074533] PCI: Using ACPI for IRQ routing
[    1.076788] vgaarb: loaded
[    1.077733] clocksource: Switched to clocksource kvm-clock
[    1.080531] VFS: Disk quotas dquot_6.6.0
[    1.081781] VFS: Dquot-cache hash table entries: 512 (order 0, 4096 bytes)
[    1.084395] AppArmor: AppArmor Filesystem Enabled
[    1.085951] pnp: PnP ACPI init
[    1.087849] pnp: PnP ACPI: found 7 devices
[    1.096377] clocksource: acpi_pm: mask: 0xffffff max_cycles: 0xffffff, max_idle_ns: 2085701024 ns
[    1.099317] NET: Registered PF_INET protocol family
[    1.101277] IP idents hash table entries: 262144 (order: 9, 2097152 bytes, linear)
[    1.126742] tcp_listen_portaddr_hash hash table entries: 32768 (order: 7, 524288 bytes, linear)
[    1.129587] Table-perturb hash table entries: 65536 (order: 6, 262144 bytes, linear)
[    1.132702] TCP established hash table entries: 524288 (order: 10, 4194304 bytes, linear)
[    1.135899] TCP bind hash table entries: 65536 (order: 9, 2097152 bytes, linear)
[    1.138430] TCP: Hash tables configured (established 524288 bind 65536)
[    1.141098] MPTCP token hash table entries: 65536 (order: 9, 1572864 bytes, linear)
[    1.143976] UDP hash table entries: 32768 (order: 9, 2097152 bytes, linear)
[    1.146794] UDP-Lite hash table entries: 32768 (order: 9, 2097152 bytes, linear)
[    1.149536] NET: Registered PF_UNIX/PF_LOCAL protocol family
[    1.151465] NET: Registered PF_XDP protocol family
[    1.153052] pci_bus 0000:00: resource 4 [io  0x0000-0x0cf7 window]
[    1.155114] pci_bus 0000:00: resource 5 [io  0x0d00-0xffff window]
[    1.157077] pci_bus 0000:00: resource 6 [mem 0x000a0000-0x000bffff window]
[    1.159287] pci_bus 0000:00: resource 7 [mem 0xc0000000-0xc53fffff window]
[    1.161472] pci_bus 0000:00: resource 8 [mem 0xc5440000-0xee3fffff window]
[    1.163549] pci_bus 0000:00: resource 9 [mem 0xee440000-0xfebfefff window]
[    1.165670] pci_bus 0000:00: resource 10 [mem 0x1040000000-0x2103fffffff window]
[    1.168572] pci 0000:00:00.0: Limiting direct PCI/PCI transfers
[    1.171019] PCI: CLS 0 bytes, default 64
[    1.172378] PCI-DMA: Using software bounce buffering for IO (SWIOTLB)
[    1.174797] software IO TLB: mapped [mem 0x00000000b7f7f000-0x00000000bbf7f000] (64MB)
[    1.177804] clocksource: tsc: mask: 0xffffffffffffffff max_cycles: 0x212733415c7, max_idle_ns: 440795236380 ns
[    1.181533] clocksource: Switched to clocksource tsc
[    1.201943] Initialise system trusted keyrings
[    1.203660] Key type blacklist registered
[    1.205256] workingset: timestamp_bits=36 max_order=24 bucket_order=0
[    1.207722] squashfs: version 4.0 (2009/01/31) Phillip Lougher
[    1.209891] fuse: init (API version 7.44)
[    1.211845] integrity: Platform Keyring initialized
[    1.213402] integrity: Machine keyring initialized
[    1.228533] Key type asymmetric registered
[    1.229983] Asymmetric key parser 'x509' registered
[    1.231694] Block layer SCSI generic (bsg) driver version 0.4 loaded (major 242)
[    1.234548] io scheduler mq-deadline registered
[    1.238828] ledtrig-cpu: registered to indicate activity on CPUs
[    1.241286] input: Power Button as /devices/LNXSYSTM:00/LNXPWRBN:00/input/input0
[    1.243832] ACPI: button: Power Button [PWRF]
[    1.245224] input: Sleep Button as /devices/LNXSYSTM:00/LNXSLPBN:00/input/input1
[    1.248217] ACPI: button: Sleep Button [SLPF]
[    1.258979] ACPI: \_SB_.LNKC: Enabled at IRQ 11
[    1.260529] virtio-pci 0000:00:03.0: virtio_pci: leaving for legacy driver
[    1.271367] ACPI: \_SB_.LNKA: Enabled at IRQ 10
[    1.273063] virtio-pci 0000:00:05.0: virtio_pci: leaving for legacy driver
[    1.283618] ACPI: \_SB_.LNKB: Enabled at IRQ 10
[    1.285243] virtio-pci 0000:00:06.0: virtio_pci: leaving for legacy driver
[    1.292682] Serial: 8250/16550 driver, 32 ports, IRQ sharing enabled
[    1.318145] 00:03: ttyS0 at I/O 0x3f8 (irq = 4, base_baud = 115200) is a 16550A
[    1.344164] 00:04: ttyS1 at I/O 0x2f8 (irq = 3, base_baud = 115200) is a 16550A
[    1.370524] 00:05: ttyS2 at I/O 0x3e8 (irq = 6, base_baud = 115200) is a 16550A
[    1.396456] 00:06: ttyS3 at I/O 0x2e8 (irq = 7, base_baud = 115200) is a 16550A
[    1.401170] Linux agpgart interface v0.103
[    1.404436] tpm_tis MSFT0101:00: 2.0 TPM (device-id 0x9009, rev-id 0)
[    1.422671] loop: module loaded
[    1.427233] virtio_scsi virtio0: 1/0/0 default/read/poll queues
[    1.446301] scsi host0: Virtio SCSI HBA
[    1.447827] blk-mq: reduced tag depth to 10240
[    1.454853] Key type psk registered
[    1.455198] scsi 0:0:1:0: Direct-Access     Google   PersistentDisk   1    PQ: 0 ANSI: 6
[    1.457196] ACPI: bus type drm_connector registered
[    1.460363] tun: Universal TUN/TAP device driver, 1.6
[    1.583405] sd 0:0:1:0: Attached scsi generic sg0 type 0
[    1.583643] sd 0:0:1:0: [sda] 4194304000 512-byte logical blocks: (2.15 TB/1.95 TiB)
[    1.626667] sd 0:0:1:0: [sda] 4096-byte physical blocks
[    1.646147] sd 0:0:1:0: [sda] Write Protect is off
[    1.666553] sd 0:0:1:0: [sda] Write cache: enabled, read cache: enabled, supports DPO and FUA
[    1.688209] PPP generic driver version 2.4.2
[    1.689913] i8042: PNP: PS/2 Controller [PNP0303:KBD,PNP0f13:MOU] at 0x60,0x64 irq 1,12
[    1.692633] i8042: Warning: Keylock active
[    1.696683] serio: i8042 KBD port at 0x60,0x64 irq 1
[    1.698124] serio: i8042 AUX port at 0x60,0x64 irq 12
[    1.699890] mousedev: PS/2 mouse device common for all mice
[    1.702039] rtc_cmos 00:00: RTC can wake from S4
[    1.704744] rtc_cmos 00:00: registered as rtc0
[    1.706259] rtc_cmos 00:00: setting system clock to 2026-05-15T02:28:44 UTC (1778812124)
[    1.708999] rtc_cmos 00:00: alarms up to one day, 114 bytes nvram
[    1.711034] i2c_dev: i2c /dev entries driver
[    1.712472] device-mapper: core: CONFIG_IMA_DISABLE_HTABLE is disabled. Duplicate IMA measurements will not be recorded in the IMA log.
[    1.716408] device-mapper: uevent: version 1.0.3
[    1.717469] GPT:Primary header thinks Alt. header is not at the end of the disk.
[    1.718029] device-mapper: ioctl: 4.50.0-ioctl (2025-04-28) initialised: dm-devel@lists.linux.dev
[    1.720196] GPT:104857599 != 4194303999
[    1.722781] intel_pstate: CPU model not supported
[    1.723922] GPT:Alternate GPT header not at the end of the disk.
[    1.723924] GPT:104857599 != 4194303999
[    1.723925] GPT: Use GNU Parted to correct GPT errors.
[    1.723932]  sda: sda1 sda14 sda15 sda16
[    1.725485] drop_monitor: Initializing network drop monitor service
[    1.727657] sd 0:0:1:0: [sda] Attached SCSI disk
[    1.729246] NET: Registered PF_INET6 protocol family
[    1.737384] Segment Routing with IPv6
[    1.738572] In-situ OAM (IOAM) with IPv6
[    1.740090] NET: Registered PF_PACKET protocol family
[    1.741849] Key type dns_resolver registered
[    1.748642] IPI shorthand broadcast: enabled
[    1.752556] sched_clock: Marking stable (1446003374, 306442266)->(1988156892, -235711252)
[    1.755363] registered taskstats version 1
[    1.759600] Loading compiled-in X.509 certificates
[    1.762266] Loaded X.509 cert 'Build time autogenerated kernel key: e45cb4cd1c398ae218369364b5dd9534d3664c1e'
[    1.765700] Loaded X.509 cert 'Canonical Ltd. Live Patch Signing 2025 Kmod: d541cef61dc7e793b7eb7e899970a2eef0b5dc8c'
[    1.769246] Loaded X.509 cert 'Canonical Ltd. Live Patch Signing: 14df34d1a87cf37625abec039ef2bf521249b969'
[    1.772724] Loaded X.509 cert 'Canonical Ltd. Kernel Module Signing: 88f752e560a1e0737e31163a466ad7b70a850c19'
[    1.775518] blacklist: Loading compiled-in revocation X.509 certificates
[    1.777249] Loaded X.509 cert 'Canonical Ltd. Secure Boot Signing: 61482aa2830d0ab2ad5af10b7250da9033ddcef0'
[    1.779980] Loaded X.509 cert 'Canonical Ltd. Secure Boot Signing (2017): 242ade75ac4a15e50d50c84b0d45ff3eae707a03'
[    1.783131] Loaded X.509 cert 'Canonical Ltd. Secure Boot Signing (ESM 2018): 365188c1d374d6b07c3c8f240f8ef722433d6a8b'
[    1.786119] Loaded X.509 cert 'Canonical Ltd. Secure Boot Signing (2019): c0746fd6c5da3ae827864651ad66ae47fe24b3e8'
[    1.789660] Loaded X.509 cert 'Canonical Ltd. Secure Boot Signing (2021 v1): a8d54bbb3825cfb94fa13c9f8a594a195c107b8d'
[    1.793166] Loaded X.509 cert 'Canonical Ltd. Secure Boot Signing (2021 v2): 4cf046892d6fd3c9a5b03f98d845f90851dc6a8c'
[    1.796910] Loaded X.509 cert 'Canonical Ltd. Secure Boot Signing (2021 v3): 100437bb6de6e469b581e61cd66bce3ef4ed53af'
[    1.800426] Loaded X.509 cert 'Canonical Ltd. Secure Boot Signing (Ubuntu Core 2019): c1d57b8f6b743f23ee41f4f7ee292f06eecadfb9'
[    1.809950] Demotion targets for Node 0: null
[    1.811612] Key type .fscrypt registered
[    1.812694] Key type fscrypt-provisioning registered
[    1.814638] Key type big_key registered
[    1.815858] Key type trusted registered
[    1.818664] Key type encrypted registered
[    1.820010] AppArmor: AppArmor sha256 policy hashing enabled
[    1.822698] integrity: Loading X.509 certificate: UEFI:db
[    1.824698] integrity: Loaded X.509 cert 'Microsoft Corporation UEFI CA 2011: 13adbf4309bd82709c8cd54f316ed522988a1bd4'
[    1.828333] integrity: Loading X.509 certificate: UEFI:db
[    1.830254] integrity: Loaded X.509 cert 'Microsoft Windows Production PCA 2011: a92902398e16c49778cd90f99e4f9ae17c55af53'
[    1.834318] integrity: Loading X.509 certificate: UEFI:db
[    1.836499] integrity: Loaded X.509 cert 'Microsoft Corporation: Windows UEFI CA 2023: aefc5fbbbe055d8f8daa585473499417ab5a5272'
[    1.840283] integrity: Loading X.509 certificate: UEFI:db
[    1.842012] integrity: Loaded X.509 cert 'Microsoft UEFI CA 2023: 81aa6b3244c935bce0d6628af39827421e32497d'
[    1.845868] integrity: Revoking X.509 certificate: UEFI:dbx
[    1.847852] blacklist: Revoked X.509 cert 'Canonical Ltd. Secure Boot Signing: 61482aa2830d0ab2ad5af10b7250da9033ddcef0'
[    1.851671] integrity: Revoking X.509 certificate: UEFI:dbx
[    1.853562] blacklist: Revoked X.509 cert 'Cisco: Virtual UEFI SubCA: 13df2e3f54ebf347dcaecebf21d3cbb2355a4c9a'
[    1.856720] integrity: Revoking X.509 certificate: UEFI:dbx
[    1.858641] blacklist: Revoked X.509 cert 'Debian Secure Boot Signer: 00a7468def'
[    1.861648] Loading compiled-in module X.509 certificates
[    1.864101] Loaded X.509 cert 'Build time autogenerated kernel key: e45cb4cd1c398ae218369364b5dd9534d3664c1e'
[    1.867320] ima: Allocated hash algorithm: sha256
[    1.911565] ima: No architecture policies found
[    1.912014] input: AT Translated Set 2 keyboard as /devices/platform/i8042/serio0/input/input2
[    1.913211] evm: Initialising EVM extended attributes:
[    1.917859] evm: security.selinux
[    1.919113] evm: security.SMACK64
[    1.920184] evm: security.SMACK64EXEC
[    1.921349] evm: security.SMACK64TRANSMUTE
[    1.922829] evm: security.SMACK64MMAP
[    1.924054] evm: security.apparmor
[    1.925201] evm: security.ima
[    1.926352] evm: security.capability
[    1.927500] evm: HMAC attrs: 0x1
[    1.929003] PM:   Magic number: 10:256:460
[    1.933312] RAS: Correctable Errors collector initialized.
[    1.948616] clk: Disabling unused clocks
[    1.950051] PM: genpd: Disabling unused power domains
[    1.952654] check access for rdinit=/init failed: -2, ignoring
[    1.953619] md: Waiting for all devices to be available before autodetect
[    1.954679] md: If you don't use raid, use raid=noautodetect
[    1.955534] md: Autodetecting RAID arrays.
[    1.956166] md: autorun ...
[    1.956604] md: ... autorun DONE.
[    1.965645] EXT4-fs (sda1): mounted filesystem 89fcf612-67c3-434b-97ea-2cfdbfe01b5b ro with ordered data mode. Quota mode: none.
[    1.967466] VFS: Mounted root (ext4 filesystem) readonly on device 8:1.
[    1.969081] devtmpfs: mounted
[    1.971954] Freeing unused decrypted memory: 2028K
[    1.974819] Freeing unused kernel image (initmem) memory: 5404K
[    1.975945] Write protecting the kernel read-only data: 38912k
[    1.977611] Freeing unused kernel image (text/rodata gap) memory: 320K
[    1.979200] Freeing unused kernel image (rodata/data gap) memory: 776K
[    2.040489] x86/mm: Checked W+X mappings: passed, no W+X pages found.
[    2.041467] x86/mm: Checking user space page tables
[    2.098863] x86/mm: Checked W+X mappings: passed, no W+X pages found.
[    2.099881] Run /sbin/init as init process
[    2.301404] systemd[1]: Inserted module 'autofs4'
[    2.499480] systemd[1]: systemd 255.4-1ubuntu8.15 running in system mode (+PAM +AUDIT +SELINUX +APPARMOR +IMA +SMACK +SECCOMP +GCRYPT -GNUTLS +OPENSSL +ACL +BLKID +CURL +ELFUTILS +FIDO2 +IDN2 -IDN +IPTC +KMOD +LIBCRYPTSETUP +LIBFDISK +PCRE2 -PWQUALITY +P11KIT +QRENCODE +TPM2 +BZIP2 +LZ4 +XZ +ZLIB +ZSTD -BPF_FRAMEWORK -XKBCOMMON +UTMP +SYSVINIT default-hierarchy=unified)
[    2.504348] systemd[1]: Detected virtualization google.
[    2.505213] systemd[1]: Detected architecture x86-64.

Welcome to [1mUbuntu 24.04.4 LTS[0m!

[    2.510545] systemd[1]: No hostname configured, using default hostname.
[    2.511769] systemd[1]: Hostname set to <localhost>.
[    2.880293] systemd[1]: Queued start job for default target graphical.target.
[    2.908064] systemd[1]: Created slice system-modprobe.slice - Slice /system/modprobe.
[[0;32m  OK  [0m] Created slice [0;1;39msystem-modprobe.slice[0m - Slice /system/modprobe.
[    2.913502] systemd[1]: Created slice system-serial\x2dgetty.slice - Slice /system/serial-getty.
[[0;32m  OK  [0m] Created slice [0;1;39msystem-serial\x2dget…slice[0m - Slice /system/serial-getty.
[    2.919077] systemd[1]: Created slice system-systemd\x2dfsck.slice - Slice /system/systemd-fsck.
[[0;32m  OK  [0m] Created slice [0;1;39msystem-systemd\x2dfs…slice[0m - Slice /system/systemd-fsck.
[    2.923931] systemd[1]: Created slice user.slice - User and Session Slice.
[[0;32m  OK  [0m] Created slice [0;1;39muser.slice[0m - User and Session Slice.
[    2.927593] systemd[1]: Started systemd-ask-password-wall.path - Forward Password Requests to Wall Directory Watch.
[[0;32m  OK  [0m] Started [0;1;39msystemd-ask-password-wall.…[0md Requests to Wall Directory Watch.
[    2.932735] systemd[1]: Set up automount proc-sys-fs-binfmt_misc.automount - Arbitrary Executable File Formats File System Automount Point.
[[0;32m  OK  [0m] Set up automount [0;1;39mproc-sys-fs-binfm…[0mormats File System Automount Point.
[    2.937545] systemd[1]: Expecting device dev-disk-by\x2dlabel-BOOT.device - /dev/disk/by-label/BOOT...
         Expecting device [0;1;39mdev-disk-by\x2dla…device[0m - /dev/disk/by-label/BOOT...
[    2.942495] systemd[1]: Expecting device dev-disk-by\x2dlabel-UEFI.device - /dev/disk/by-label/UEFI...
         Expecting device [0;1;39mdev-disk-by\x2dla…device[0m - /dev/disk/by-label/UEFI...
[    2.946500] systemd[1]: Expecting device dev-ttyS0.device - /dev/ttyS0...
         Expecting device [0;1;39mdev-ttyS0.device[0m - /dev/ttyS0...
[    2.950528] systemd[1]: Reached target integritysetup.target - Local Integrity Protected Volumes.
[[0;32m  OK  [0m] Reached target [0;1;39mintegritysetup.targ…[0m Local Integrity Protected Volumes.
[    2.955527] systemd[1]: Reached target slices.target - Slice Units.
[[0;32m  OK  [0m] Reached target [0;1;39mslices.target[0m - Slice Units.
[    2.959515] systemd[1]: Reached target snapd.mounts-pre.target - Mounting snaps.
[[0;32m  OK  [0m] Reached target [0;1;39msnapd.mounts-pre.target[0m - Mounting snaps.
[    2.963518] systemd[1]: Reached target swap.target - Swaps.
[[0;32m  OK  [0m] Reached target [0;1;39mswap.target[0m - Swaps.
[    2.967513] systemd[1]: Reached target time-set.target - System Time Set.
[[0;32m  OK  [0m] Reached target [0;1;39mtime-set.target[0m - System Time Set.
[    2.970102] systemd[1]: Reached target veritysetup.target - Local Verity Protected Volumes.
[[0;32m  OK  [0m] Reached target [0;1;39mveritysetup.target[0m - Local Verity Protected Volumes.
[    2.974611] systemd[1]: Listening on dm-event.socket - Device-mapper event daemon FIFOs.
[[0;32m  OK  [0m] Listening on [0;1;39mdm-event.socket[0m - Device-mapper event daemon FIFOs.
[    2.978660] systemd[1]: Listening on lvm2-lvmpolld.socket - LVM2 poll daemon socket.
[[0;32m  OK  [0m] Listening on [0;1;39mlvm2-lvmpolld.socket[0m - LVM2 poll daemon socket.
[    2.982643] systemd[1]: Listening on multipathd.socket - multipathd control socket.
[[0;32m  OK  [0m] Listening on [0;1;39mmultipathd.socket[0m - multipathd control socket.
[    2.986663] systemd[1]: Listening on syslog.socket - Syslog Socket.
[[0;32m  OK  [0m] Listening on [0;1;39msyslog.socket[0m - Syslog Socket.
[    2.990639] systemd[1]: Listening on systemd-fsckd.socket - fsck to fsckd communication Socket.
[[0;32m  OK  [0m] Listening on [0;1;39msystemd-fsckd.socket[0m …fsck to fsckd communication Socket.
[    2.995592] systemd[1]: Listening on systemd-initctl.socket - initctl Compatibility Named Pipe.
[[0;32m  OK  [0m] Listening on [0;1;39msystemd-initctl.socke…[0m- initctl Compatibility Named Pipe.
[    3.000673] systemd[1]: Listening on systemd-journald-dev-log.socket - Journal Socket (/dev/log).
[[0;32m  OK  [0m] Listening on [0;1;39msystemd-journald-dev-…socket[0m - Journal Socket (/dev/log).
[    3.005663] systemd[1]: Listening on systemd-journald.socket - Journal Socket.
[[0;32m  OK  [0m] Listening on [0;1;39msystemd-journald.socket[0m - Journal Socket.
[    3.009751] systemd[1]: Listening on systemd-networkd.socket - Network Service Netlink Socket.
[[0;32m  OK  [0m] Listening on [0;1;39msystemd-networkd.socket[0m - Network Service Netlink Socket.
[    3.014543] systemd[1]: systemd-pcrextend.socket - TPM2 PCR Extension (Varlink) was skipped because of an unmet condition check (ConditionSecurity=measured-uki).
[    3.016981] systemd[1]: Listening on systemd-udevd-control.socket - udev Control Socket.
[[0;32m  OK  [0m] Listening on [0;1;39msystemd-udevd-control.socket[0m - udev Control Socket.
[    3.021625] systemd[1]: Listening on systemd-udevd-kernel.socket - udev Kernel Socket.
[[0;32m  OK  [0m] Listening on [0;1;39msystemd-udevd-kernel.socket[0m - udev Kernel Socket.
[    3.044551] systemd[1]: Mounting dev-hugepages.mount - Huge Pages File System...
         Mounting [0;1;39mdev-hugepages.mount[0m - Huge Pages File System...
[    3.048283] systemd[1]: Mounting dev-mqueue.mount - POSIX Message Queue File System...
         Mounting [0;1;39mdev-mqueue.mount[0m - POSIX Message Queue File System...
[    3.053536] systemd[1]: Mounting sys-kernel-debug.mount - Kernel Debug File System...
         Mounting [0;1;39msys-kernel-debug.mount[0m - Kernel Debug File System...
[    3.058545] systemd[1]: Mounting sys-kernel-tracing.mount - Kernel Trace File System...
         Mounting [0;1;39msys-kernel-tracing.mount[0m - Kernel Trace File System...
[    3.066570] systemd[1]: Starting systemd-journald.service - Journal Service...
         Starting [0;1;39msystemd-journald.service[0m - Journal Service...
[    3.072638] systemd[1]: Starting keyboard-setup.service - Set the console keyboard layout...
         Starting [0;1;39mkeyboard-setup.service[0m - Set the console keyboard layout...
[    3.077859] systemd[1]: Starting kmod-static-nodes.service - Create List of Static Device Nodes...
         Starting [0;1;39mkmod-static-nodes.service[0m…eate List of Static Device Nodes...
[    3.083833] systemd[1]: Starting lvm2-monitor.service - Monitoring of LVM2 mirrors, snapshots etc. using dmeventd or progress polling...
         Starting [0;1;39mlvm2-monitor.service[0m - Mo…ing dmeventd or progress polling...[    3.087411] systemd-journald[284]: Collecting audit messages is disabled.

[    3.091570] systemd[1]: Starting modprobe@configfs.service - Load Kernel Module configfs...
         Starting [0;1;39mmodprobe@configfs.service[0m - Load Kernel Module configfs...
[    3.097579] systemd[1]: Starting modprobe@dm_mod.service - Load Kernel Module dm_mod...
         Starting [0;1;39mmodprobe@dm_mod.service[0m - Load Kernel Module dm_mod...
[    3.102660] systemd[1]: Starting modprobe@drm.service - Load Kernel Module drm...
         Starting [0;1;39mmodprobe@drm.service[0m - Load Kernel Module drm...
[    3.107552] systemd[1]: Starting modprobe@efi_pstore.service - Load Kernel Module efi_pstore...
         Starting [0;1;39mmodprobe@efi_pstore.servi…[0m - Load Kernel Module efi_pstore...
[    3.113567] systemd[1]: Starting modprobe@fuse.service - Load Kernel Module fuse...
         Starting [0;1;39mmodprobe@fuse.service[0m - Load Kernel Module fuse...
[    3.117732] systemd[1]: Starting modprobe@loop.service - Load Kernel Module loop...
         Startin[    3.119133] pstore: Using crash dump compression: deflate
g [0;1;39mmodprobe@loop.service[0m - Load Kernel Module loop...
[    3.125369] systemd[1]: Starting modprobe@nvme_fabrics.service - Load Kernel Module nvme_fabrics...
[    3.126177] pstore: Registered efi_pstore as persistent store backend
         Starting [0;1;39mmodprobe@nvme_fabrics.ser…[0m Load Kernel Module nvme_fabrics...
[    3.131004] systemd[1]: netplan-ovs-cleanup.service - OpenVSwitch configuration for cleanup was skipped because of an unmet condition check (ConditionFileIsExecutable=/usr/bin/ovs-vsctl).
[    3.134705] systemd[1]: Starting systemd-fsck-root.service - File System Check on Root Device...
         Starting [0;1;39msystemd-fsck-root.service[0m…File System Check on Root Device...
[    3.142274] systemd[1]: Starting systemd-modules-load.service - Load Kernel Modules...
         Starting [0;1;39msystemd-modules-load.service[0m - Load Kernel Modules...
[    3.146553] systemd[1]: systemd-pcrmachine.service - TPM2 PCR Machine ID Measurement was skipped because of an unmet condition check (ConditionSecurity=measured-uki).
[    3.148860] systemd[1]: systemd-tpm2-setup-early.service - TPM2 SRK Setup (Early) was skipped because of an unmet condition check (ConditionSecurity=measured-uki).
[    3.152191] systemd[1]: Starting systemd-udev-trigger.service - Coldplug All udev Devices...
         Starting [0;1;39msystemd-udev-trigger.service[0m - Coldplug All udev Devices...
[    3.155274] systemd[1]: Started systemd-journald.service - Journal Service.
[[0;32m  OK  [0m] Started [0;1;39msystemd-journald.service[0m - Journal Service.
[[0;32m  OK  [0m] Mounted [0;1;39mdev-hugepages.mount[0m - Huge Pages File System.
[[0;32m  OK  [0m] Mounted [0;1;39mdev-mqueue.mount[0m - POSIX Message Queue File System.
[[0;32m  OK  [0m] Mounted [0;1;39msys-kernel-debug.mount[0m - Kernel Debug File System.
[[0;32m  OK  [0m] Mounted [0;1;39msys-kernel-tracing.mount[0m - Kernel Trace File System.
[[0;32m  OK  [0m] Finished [0;1;39mkeyboard-setup.service[0m - Set the console keyboard layout.
[[0;32m  OK  [0m] Finished [0;1;39mkmod-static-nodes.service[0m…Create List of Static Device Nodes.
[[0;32m  OK  [0m] Finished [0;1;39mmodprobe@configfs.service[0m - Load Kernel Module configfs.
[[0;32m  OK  [0m] Finished [0;1;39mmodprobe@dm_mod.service[0m - Load Kernel Module dm_mod.
[[0;32m  OK  [0m] Finished [0;1;39mmodprobe@drm.service[0m - Load Kernel Module drm.
[[0;32m  OK  [0m] Finished [0;1;39mmodprobe@efi_pstore.service[0m - Load Kernel Module efi_pstore.
[[0;32m  OK  [0m] Finished [0;1;39mmodprobe@fuse.service[0m - Load Kernel Module fuse.
[[0;32m  OK  [0m] Finished [0;1;39mmodprobe@loop.service[0m - Load Kernel Module loop.
[[0;32m  OK  [0m] Finished [0;1;39mmodprobe@nvme_fabrics.ser…[0m - Load Kernel Module nvme_fabrics.
         Mounting [0;1;39msys-fs-fuse-connections.mount[0m - FUSE Control File System...
         Mounting [0;1;39msys-kernel-config.mount[0m - Kernel Configuration File System...
[[0;32m  OK  [0m] Started [0;1;39msystemd-fsckd.service[0m - Fi…stem Check Daemon to report status.
         Starting [0;1;39msystemd-tmpfiles-setup-de…[0m Device Nodes in /dev gracefully...
[[0;32m  OK  [0m] Finished [0;1;39mlvm2-monitor.service[0m - Mo…using dmeventd or progress polling.
[[0;32m  OK  [0m] Finished [0;1;39msystemd-fsck-root.service[0m - File System Check on Root Device.
[[0;32m  OK  [0m] Finished [0;1;39msystemd-modules-load.service[0m - Load Kernel Modules.
[[0;32m  OK  [0m] Mounted [0;1;39msys-fs-fuse-connections.mount[0m - FUSE Control File System.
[[0;32m  OK  [0m] Mounted [0;1;39msys-kernel-config.mount[0m - Kernel Configuration File System.
         Starting [0;1;39msystemd-remount-fs.servic…[0munt Root and Kernel File Systems...
         Starting [0;1;39msystemd-sysctl.service[0m - Apply Kernel Variables...
[[0;32m  OK  [0m] Finished [0;1;39msystemd-tmpfiles-setup-de…[0mic Device Nodes in /dev gracefully.
[[0;32m  OK  [0m] Finished [0;1;39msystemd-sysctl.service[0m - Apply Kernel Variables.
[[0;32m  OK  [0m] Finished [0;1;39msystemd-remount-fs.servic…[0mmount Root and Kernel File Systems.
         Starting [0;1;39mmultipathd.service[0m - Devi…pper Multipath Device Controller...
         Starting [0;1;39msystemd-journal-flush.ser…[0msh Journal to Persistent Storage...
         Starting [0;1;39msystemd-random-seed.service[0m - Load/Save OS Random Seed...
         Starting [0;1;39msystemd-tmpfiles-setup-de…[0meate Static Device Nodes in /dev...
[[0;32m  OK  [0m] Finished [0;1;39msystemd-udev-trigger.service[0m - Coldplug All udev Devices.
[[0;32m  OK  [0m] Finished [0;1;39msystemd-random-seed.service[0m - Load/Save OS Random Seed.
[[0;32m  OK  [0m] Finished [0;1;39msystemd-tmpfiles-setup-de…[0mCreate Static Device Nodes in /dev.
         Starting [0;1;39msystemd-udevd.service[0m - R…ager for Device Events and Files...
[[0;32m  OK  [0m] Started [0;1;39mmultipathd.service[0m - Devic…Mapper Multipath Device Controller.
[[0;32m  OK  [0m] Started [0;1;39msystemd-udevd.service[0m - Ru…anager for Device Events and Files.
[[0;32m  OK  [0m] Reached target [0;1;39mlocal-fs-pre.target[0m…Preparation for Local File Systems.
         Mounting [0;1;39msnap-core22-2411.mount[0m - …t unit for core22, revision 2411...
         Mounting [0;1;39msnap-google\x2dcloud\x2dc…[0mr google-cloud-cli, revision 448...
         Mounting [0;1;39msnap-snapd-26865.mount[0m - …t unit for snapd, revision 26865...
[[0;32m  OK  [0m] Started [0;1;39msystemd-ask-password-conso…[0mequests to Console Directory Watch.
[[0;32m  OK  [0m] Reached target [0;1;39mcryptsetup.target[0m - Local Encrypted Volumes.
[[0;32m  OK  [0m] Finished [0;1;39msystemd-journal-flush.ser…[0mlush Journal to Persistent Storage.
[[0;32m  OK  [0m] Mounted [0;1;39msnap-core22-2411.mount[0m - Mount unit for core22, revision 2411.
[[0;32m  OK  [0m] Mounted [0;1;39msnap-google\x2dcloud\x2dcl…[0mfor google-cloud-cli, revision 448.
[[0;32m  OK  [0m] Mounted [0;1;39msnap-snapd-26865.mount[0m - Mount unit for snapd, revision 26865.
[[0;32m  OK  [0m] Found device [0;1;39mdev-ttyS0.device[0m - /dev/ttyS0.
[[0;32m  OK  [0m] Found device [0;1;39mdev-disk-by\x2dlabel-UEFI.device[0m - PersistentDisk UEFI.
[[0;32m  OK  [0m] Found device [0;1;39mdev-disk-by\x2dlabel-BOOT.device[0m - PersistentDisk BOOT.
[[0;32m  OK  [0m] Reached target [0;1;39msnapd.mounts.target[0m - Mounted snaps.
[[0;32m  OK  [0m] Listening on [0;1;39msystemd-rfkill.socket[0m…ll Switch Status /dev/rfkill Watch.
[    3.815230] 
         Starting [0;1;39msystemd-fsck@dev-disk-by\…[0mCheck on /dev/disk/by-label/BOOT...
         Starting [0;1;39msystemd-fsck@dev-disk-by\…[0mCheck on /dev/disk/by-label/UEFI...
Checking in progress on 1 disk (0.0% complete)[[0;32m  OK  [0m] Finished [0;1;39msystemd-fsck@dev-disk-by\…[0mm Check on /dev/disk/by-label/BOOT.
         Mounting [0;1;39mboot.mount[0m - /boot...
Checking in progress on 0 disks (100.0% complete)[[0;32m  OK  [0m] Finished [0;1;39msystemd-fsck@dev-disk-by\…[0mm Check on /dev/disk/by-label/UEFI.
[[0;32m  OK  [0m] Mounted [0;1;39mboot.mount[0m - /boot.
         Mounting [0;1;39mboot-efi.mount[0m - /boot/efi...
[[0;32m  OK  [0m] Mounted [0;1;39mboot-efi.mount[0m - /boot/efi.
[[0;32m  OK  [0m] Reached target [0;1;39mlocal-fs.target[0m - Local File Systems.
[[0;32m  OK  [0m] Listening on [0;1;39msystemd-sysext.socket[0m…tension Image Management (Varlink).
         Starting [0;1;39mapparmor.service[0m - Load AppArmor profiles...
         Starting [0;1;39mconsole-setup.service[0m - Set console font and keymap...
         Starting [0;1;39mfinalrd.service[0m - Create …time dir for shutdown pivot root...
         Starting [0;1;39mplymouth-read-write.servi…[0mymouth To Write Out Runtime Data...
         Starting [0;1;39msystemd-binfmt.service[0m - Set Up Additional Binary Formats...
         Starting [0;1;39msystemd-tmpfiles-setup.se…[0me Volatile Files and Directories...
         Starting [0;1;39mufw.service[0m - Uncomplicated firewall...
[[0;32m  OK  [0m] Finished [0;1;39mconsole-setup.service[0m - Set console font and keymap.
[[0;32m  OK  [0m] Finished [0;1;39mfinalrd.service[0m - Create …untime dir for shutdown pivot root.
[[0;32m  OK  [0m] Finished [0;1;39mapparmor.service[0m - Load AppArmor profiles.
[[0;32m  OK  [0m] Finished [0;1;39mplymouth-read-write.servi…[0mPlymouth To Write Out Runtime Data.
[[0;32m  OK  [0m] Finished [0;1;39msystemd-tmpfiles-setup.se…[0mate Volatile Files and Directories.
[[0;32m  OK  [0m] Finished [0;1;39mufw.service[0m - Uncomplicated firewall.
         Mounting [0;1;39mproc-sys-fs-binfmt_misc.m…[0mcutable File Formats File System...
         Starting [0;1;39msnapd.apparmor.service[0m - …iles managed internally by snapd...
         Starting [0;1;39msystemd-resolved.service[0m - Network Name Resolution...
         Starting [0;1;39msystemd-update-utmp.servi…[0mord System Boot/Shutdown in UTMP...
         Starting [0;1;39mcloud-init-local.service[0m …-init: Local Stage (pre-network)...
[[0;32m  OK  [0m] Mounted [0;1;39mproc-sys-fs-binfmt_misc.mo…[0mxecutable File Formats File System.
[[0;32m  OK  [0m] Finished [0;1;39msystemd-binfmt.service[0m - Set Up Additional Binary Formats.
         Starting [0;1;39mmodprobe@dm_mod.service[0m - Load Kernel Module dm_mod...
         Starting [0;1;39mmodprobe@efi_pstore.servi…[0m - Load Kernel Module efi_pstore...
         Starting [0;1;39mmodprobe@loop.service[0m - Load Kernel Module loop...
[[0;32m  OK  [0m] Finished [0;1;39msystemd-update-utmp.servi…[0mecord System Boot/Shutdown in UTMP.
[[0;32m  OK  [0m] Finished [0;1;39mmodprobe@dm_mod.service[0m - Load Kernel Module dm_mod.
[[0;32m  OK  [0m] Finished [0;1;39mmodprobe@efi_pstore.service[0m - Load Kernel Module efi_pstore.
[[0;32m  OK  [0m] Finished [0;1;39mmodprobe@loop.service[0m - Load Kernel Module loop.
[[0;32m  OK  [0m] Started [0;1;39msystemd-resolved.service[0m - Network Name Resolution.
[[0;32m  OK  [0m] Reached target [0;1;39mnss-lookup.target[0m - Host and Network Name Lookups.
[[0;32m  OK  [0m] Finished [0;1;39msnapd.apparmor.service[0m - …ofiles managed internally by snapd.
[    5.912095] cloud-init[718]: Cloud-init v. 25.3-0ubuntu1~24.04.1 running 'init-local' at Fri, 15 May 2026 02:28:48 +0000. Up 5.89 seconds.
         Starting [0;1;39mmodprobe@dm_mod.service[0m - Load Kernel Module dm_mod...
         Starting [0;1;39mmodprobe@efi_pstore.servi…[0m - Load Kernel Module efi_pstore...
         Starting [0;1;39mmodprobe@loop.service[0m - Load Kernel Module loop...
[[0;32m  OK  [0m] Finished [0;1;39mmodprobe@dm_mod.service[0m - Load Kernel Module dm_mod.
[[0;32m  OK  [0m] Finished [0;1;39mmodprobe@efi_pstore.service[0m - Load Kernel Module efi_pstore.
[[0;32m  OK  [0m] Finished [0;1;39mmodprobe@loop.service[0m - Load Kernel Module loop.
         Starting [0;1;39mmodprobe@dm_mod.service[0m - Load Kernel Module dm_mod...
         Starting [0;1;39mmodprobe@efi_pstore.servi…[0m - Load Kernel Module efi_pstore...
         Starting [0;1;39mmodprobe@loop.service[0m - Load Kernel Module loop...
[[0;32m  OK  [0m] Finished [0;1;39mmodprobe@dm_mod.service[0m - Load Kernel Module dm_mod.
[[0;32m  OK  [0m] Finished [0;1;39mmodprobe@efi_pstore.service[0m - Load Kernel Module efi_pstore.
[[0;32m  OK  [0m] Finished [0;1;39mmodprobe@loop.service[0m - Load Kernel Module loop.
[[0;32m  OK  [0m] Finished [0;1;39mcloud-init-local.service[0m …ud-init: Local Stage (pre-network).
[[0;32m  OK  [0m] Reached target [0;1;39mnetwork-pre.target[0m - Preparation for Network.
         Starting [0;1;39msystemd-networkd.service[0m - Network Configuration...
[[0;32m  OK  [0m] Started [0;1;39msystemd-networkd.service[0m - Network Configuration.
[[0;32m  OK  [0m] Reached target [0;1;39mnetwork.target[0m - Network.
         Starting [0;1;39msystemd-networkd-wait-onl…[0mait for Network to be Configured...
[[0;32m  OK  [0m] Finished [0;1;39msystemd-networkd-wait-onl…[0m Wait for Network to be Configured.
         Starting [0;1;39mcloud-init.service[0m - Cloud-init: Network Stage...
[    9.525977] cloud-init[813]: Cloud-init v. 25.3-0ubuntu1~24.04.1 running 'init' at Fri, 15 May 2026 02:28:52 +0000. Up 9.50 seconds.
[    9.540263] cloud-init[813]: ci-info: +++++++++++++++++++++++++++++++++++++++Net device info+++++++++++++++++++++++++++++++++++++++
[    9.554142] cloud-init[813]: ci-info: +--------+------+----------------------------+-----------------+--------+-------------------+
[    9.568245] cloud-init[813]: ci-info: | Device |  Up  |          Address           |       Mask      | Scope  |     Hw-Address    |
[    9.582151] cloud-init[813]: ci-info: +--------+------+----------------------------+-----------------+--------+-------------------+
[    9.596141] cloud-init[813]: ci-info: |  ens5  | True |       10.128.15.194        | 255.255.255.255 | global | 42:01:0a:80:0f:c2 |
[    9.610226] cloud-init[813]: ci-info: |  ens5  | True | fe80::4001:aff:fe80:fc2/64 |        .        |  link  | 42:01:0a:80:0f:c2 |
[    9.624144] cloud-init[813]: ci-info: |   lo   | True |         127.0.0.1          |    255.0.0.0    |  host  |         .         |
[    9.638250] cloud-init[813]: ci-info: |   lo   | True |          ::1/128           |        .        |  host  |         .         |
[    9.651249] cloud-init[813]: ci-info: +--------+------+----------------------------+-----------------+--------+-------------------+
[    9.665275] cloud-init[813]: ci-info: +++++++++++++++++++++++++++++++Route IPv4 info++++++++++++++++++++++++++++++++
[    9.677154] cloud-init[813]: ci-info: +-------+-----------------+------------+-----------------+-----------+-------+
[    9.689230] cloud-init[813]: ci-info: | Route |   Destination   |  Gateway   |     Genmask     | Interface | Flags |
[    9.702272] cloud-init[813]: ci-info: +-------+-----------------+------------+-----------------+-----------+-------+
[    9.714143] cloud-init[813]: ci-info: |   0   |     0.0.0.0     | 10.128.0.1 |     0.0.0.0     |    ens5   |   UG  |
[    9.726231] cloud-init[813]: ci-info: |   1   |    10.128.0.1   |  0.0.0.0   | 255.255.255.255 |    ens5   |   UH  |
[    9.739201] cloud-init[813]: ci-info: |   2   | 169.254.169.254 | 10.128.0.1 | 255.255.255.255 |    ens5   |  UGH  |
[    9.752236] cloud-init[813]: ci-info: +-------+-----------------+------------+-----------------+-----------+-------+
[    9.764119] cloud-init[813]: ci-info: +++++++++++++++++++Route IPv6 info+++++++++++++++++++
[    9.774119] cloud-init[813]: ci-info: +-------+-------------+---------+-----------+-------+
[    9.785172] cloud-init[813]: ci-info: | Route | Destination | Gateway | Interface | Flags |
[    9.795114] cloud-init[813]: ci-info: +-------+-------------+---------+-----------+-------+
[    9.806090] cloud-init[813]: ci-info: |   0   |  fe80::/64  |    ::   |    ens5   |   U   |
[    9.817202] cloud-init[813]: ci-info: |   2   |    local    |    ::   |    ens5   |   U   |
[    9.827149] cloud-init[813]: ci-info: |   3   |  multicast  |    ::   |    ens5   |   U   |
[    9.838222] cloud-init[813]: ci-info: +-------+-------------+---------+-----------+-------+
[   15.264993] cloud-init[813]: Generating public/private rsa key pair.
[   15.272168] cloud-init[813]: Your identification has been saved in /etc/ssh/ssh_host_rsa_key
[   15.280909] cloud-init[813]: Your public key has been saved in /etc/ssh/ssh_host_rsa_key.pub
[   15.291292] cloud-init[813]: The key fingerprint is:
[   15.297273] cloud-init[813]: SHA256:0ASFxkMeP3/5H50YLOPVOctyZuYCUc9Naai13Qua0S0 root@loadgen-80pv
[   15.307203] cloud-init[813]: The key's randomart image is:
[   15.313197] cloud-init[813]: +---[RSA 3072]----+
[   15.319239] cloud-init[813]: |     o++o     . .|
[   15.325260] cloud-init[813]: |     .==     + o.|
[   15.331167] cloud-init[813]: |     .o.+   = B.o|
[[0;32m  OK  [0m] Finished [0;1;39mcloud-init.service[0m - Cloud-init: Network Stage.
[   15.338224] cloud-init[813]: |       . o +.E.=+|
[[0;32m  OK  [0m] Reached target [0;1;39mcloud-config.target[0m - Cloud-config availability.
[   15.353182] cloud-init[813]: |        S .oB+o+.|
[[0;32m  OK  [0m] Reached target [0;1;39mnetwork-online.target[0m - Network is Online.
[[0;32m  OK  [0m] Reached target [0;1;39msysinit.target[0m - System Initialization.
[   15.364278] cloud-init[813]: |          .=+.+.=|
[[0;32m  OK  [0m] Started [0;1;39mnvidia-cdi-refresh.path[0m - …r toolkit install / upgrade events.
[   15.393228] cloud-init[813]: |           ..o.X.|
[   15.410160] cloud-init[813]: |             .B..|
[   15.416100] cloud-init[813]: |              ...|
[[0;32m  OK  [0m] Started [0;1;39mgce-workload-cert-refresh.…[0mWorkload Certificate refresh timer.
[[0;32m  OK  [0m] Started [0;1;39mgoogle-oslogin-cache.timer[0m - NSS cache refresh timer.
[   15.416175] cloud-init[813]: +----[SHA256]-----+
[[0;32m  OK  [0m] Started [0;1;39msystemd-tmpfiles-clean.tim…[0my Cleanup of Temporary Directories.
[   15.448170] cloud-init[813]: Generating public/private ecdsa key pair.
[[0;32m  OK  [0m] Started [0;1;39mupdate-notifier-download.t…[0mhat failed at package install time.
[   15.467175] cloud-init[813]: Your identification has been saved in /etc/ssh/ssh_host_ecdsa_key
[[0;32m  OK  [0m] Reached target [0;1;39mpaths.target[0m - Path Units.
[   15.488166] cloud-init[813]: Your public key has been saved in /etc/ssh/ssh_host_ecdsa_key.pub
[   15.505186] cloud-init[813]: The key fingerprint is:
[[0;32m  OK  [0m] Listening on [0;1;39mcloud-init-hotplugd.s…t[0m - cloud-init hotplug hook socket.
[   15.505312] cloud-init[813]: SHA256:ZaQYVlTleuoDzE2udjN6p+qHSDj6buaowlIu01F1XDk root@loadgen-80pv
[[0;32m  OK  [0m] Listening on [0;1;39mdbus.socket[0m - D-Bus System Message Bus Socket.
[   15.533188] cloud-init[813]: The key's randomart image is:
[   15.549222] cloud-init[813]: +---[ECDSA 256]---+
         Starting [0;1;39mdocker.socket[0m - Docker Socket for the API...
[   15.549354] cloud-init[813]: |      o+oo+o.    |
[[0;32m  OK  [0m] Listening on [0;1;39miscsid.socket[0m - Open-iSCSI iscsid Socket.
[   15.569162] cloud-init[813]: |     ..oooE.     |
         Starting [0;1;39mlxd-installer.socket[0m - He…er to install lxd snap on demand...
[   15.583183] cloud-init[813]: |     .... o..    |
         Starting [0;1;39msnapd.socket[0m - Socket activation for snappy daemon...
[   15.600216] cloud-init[813]: |    .    o..     |
[[0;32m  OK  [0m] Listening on [0;1;39mssh.socket[0m - OpenBSD Secure Shell server socket.
[   15.614150] cloud-init[813]: |   . . oS+. .    |
[[0;32m  OK  [0m] Listening on [0;1;39muuidd.socket[0m - UUID daemon activation socket.
[   15.632151] cloud-init[813]: |  o o . + oo     |
[   15.647141] cloud-init[813]: |.+ o o . +.      |
[[0;32m  OK  [0m] Finished [0;1;39mblk-availability.service[0m - Availability of block devices.
[   15.647224] cloud-init[813]: |=.+.o . +.B .    |
[[0;32m  OK  [0m] Listening on [0;1;39mdocker.socket[0m - Docker Socket for the API.
[   15.668227] cloud-init[813]: |++.*+  o+*o*     |
[[0;32m  OK  [0m] Listening on [0;1;39mlxd-installer.socket[0m …lper to install lxd snap on demand.
[   15.677323] cloud-init[813]: +----[SHA256]-----+
[[0;32m  OK  [0m] Listening on [0;1;39msnapd.socket[0m - Socket activation for snappy daemon.
[   15.700245] cloud-init[813]: Generating public/private ed25519 key pair.
[[0;32m  OK  [0m] Reached target [0;1;39msockets.target[0m - Socket Units.
[[0;32m  OK  [0m] Reached target [0;1;39mbasic.target[0m - Basic System.
[   15.719260] cloud-init[813]: Your identification has been saved in /etc/ssh/ssh_host_ed25519_key
[   15.747237] cloud-init[813]: Your public key has been saved in /etc/ssh/ssh_host_ed25519_key.pub
[   15.758230] cloud-init[813]: The key fingerprint is:
         Starting [0;1;39mchrony.service[0m - chrony, an NTP client/server...
[   15.764111] cloud-init[813]: SHA256:X2/mZS+Eh11Cf2GD2OqiioEz33ooNx76LfG9yIgNh3g root@loadgen-80pv
         Starting [0;1;39mcloud-config.service[0m - Cloud-init: Config Stage...
[   15.782161] cloud-init[813]: The key's randomart image is:
         Starting [0;1;39mdbus.service[0m - D-Bus System Message Bus...
[   15.797211] cloud-init[813]: +--[ED25519 256]--+
[   15.797283] cloud-init[813]: |            o .  |
[   15.797323] cloud-init[813]: |           . o.+ |
[   15.797360] cloud-init[813]: |            ....o|
[[0;32m  OK  [0m] Started [0;1;39mdmesg.service[0m - Save initial kernel messages after boot.
[   15.824177] cloud-init[813]: |           .  . +|
         Starting [0;1;39me2scrub_reap.service[0m - Re…ne ext4 Metadata Check Snapshots...
[   15.839187] cloud-init[813]: |        S . .+ o.|
         Starting [0;1;39mgce-workload-cert-refresh…[0mGCE Workload Certificate refresh...
[   15.851434] cloud-init[813]: |. o.     o oo.+  |
[[0;32m  OK  [0m] Started [0;1;39mgoogle-osconfig-agent.service[0m - Google OSConfig Agent.
[   15.866340] cloud-init[813]: |.*E++ . . o  o+ o|
         Starting [0;1;39mgoogle-oslogin-cache.service[0m - NSS cache refresh...
[   15.881562] cloud-init[813]: | oX=Oo.o     +.o.|
         Starting [0;1;39mgrub-common.service[0m - Record successful boot for GRUB...
[   15.894254] cloud-init[813]: | o=O=*...     ...|
         Starting [0;1;39mnetworkd-dispatcher.servi…[0mcher daemon for systemd-networkd...
[   15.907231] cloud-init[813]: +----[SHA256]-----+
         Starting [0;1;39mnvidia-persistenced.service[0m - NVIDIA Persistence Daemon...
         Starting [0;1;39mnvmf-autoconnect.service[0m …ystems automatically during boot...
         Starting [0;1;39mrsyslog.service[0m - System Logging Service...
         Starting [0;1;39msecureboot-db.service[0m - Secure Boot updates for DB and DBX...
[[0;32m  OK  [0m] Reached target [0;1;39mgetty-pre.target[0m - Preparation for Logins.
         Starting [0;1;39msnapd.seeded.service[0m - Wait until snapd is fully seeded...
         Starting [0;1;39msnapd.service[0m - Snap Daemon...
         Starting [0;1;39msysstat.service[0m - Resets System Activity Logs...
         Starting [0;1;39msystemd-logind.service[0m - User Login Management...
[[0;32m  OK  [0m] Started [0;1;39mubuntu-advantage.service[0m - Ubuntu Pro Background Auto Attach.
[[0;32m  OK  [0m] Started [0;1;39mdbus.service[0m - D-Bus System Message Bus.
[[0;32m  OK  [0m] Finished [0;1;39mgce-workload-cert-refresh…[0m- GCE Workload Certificate refresh.
[[0;32m  OK  [0m] Finished [0;1;39mgoogle-oslogin-cache.service[0m - NSS cache refresh.
[[0;32m  OK  [0m] Started [0;1;39msystemd-logind.service[0m - User Login Management.
[[0;32m  OK  [0m] Started [0;1;39mnetworkd-dispatcher.servic…[0matcher daemon for systemd-networkd.
[[0;32m  OK  [0m] Started [0;1;39mnvidia-persistenced.service[0m - NVIDIA Persistence Daemon.
[[0;32m  OK  [0m] Finished [0;1;39mnvmf-autoconnect.service[0m …bsystems automatically during boot.
[[0;32m  OK  [0m] Finished [0;1;39msysstat.service[0m - Resets System Activity Logs.
[[0;32m  OK  [0m] Finished [0;1;39mgrub-common.service[0m - Record successful boot for GRUB.
[[0;32m  OK  [0m] Reached target [0;1;39mremote-fs-pre.targe…[0mreparation for Remote File Systems.
[[0;32m  OK  [0m] Reached target [0;1;39mremote-fs.target[0m - Remote File Systems.
         Starting [0;1;39mapport.service[0m - automatic crash report generation...
[   16.193573] cloud-init[1015]: Cloud-init v. 25.3-0ubuntu1~24.04.1 running 'modules:config' at Fri, 15 May 2026 02:28:59 +0000. Up 16.14 seconds.
         Starting [0;1;39mcontainerd.service[0m - containerd container runtime...
[[0;32m  OK  [0m] Started [0;1;39mcron.service[0m - Regular background program processing daemon.
         Starting [0;1;39mgrub-initrd-fallback.service[0m - GRUB failed boot detection...
         Starting [0;1;39msystemd-hostnamed.service[0m - Hostname Service...
         Starting [0;1;39msystemd-user-sessions.service[0m - Permit User Sessions...
[[0;32m  OK  [0m] Started [0;1;39mchrony.service[0m - chrony, an NTP client/server.
[[0;32m  OK  [0m] Finished [0;1;39msecureboot-db.service[0m - Secure Boot updates for DB and DBX.
[[0;32m  OK  [0m] Finished [0;1;39msystemd-user-sessions.service[0m - Permit User Sessions.
[[0;32m  OK  [0m] Finished [0;1;39mgrub-initrd-fallback.service[0m - GRUB failed boot detection.
[[0;32m  OK  [0m] Finished [0;1;39me2scrub_reap.service[0m - Re…line ext4 Metadata Check Snapshots.
2026-05-15T02:28:59.423103+00:00 loadgen-80pv systemd[1]: Mounted dev-hugepages.mount - Huge Pages File System.
2026-05-15T02:28:59.423287+00:00 loadgen-80pv systemd[1]: Mounted dev-mqueue.mount - POSIX Message Queue File System.
2026-05-15T02:28:59.423363+00:00 loadgen-80pv systemd[1]: Mounted sys-kernel-debug.mount - Kernel Debug File System.
2026-05-15T02:28:59.423370+00:00 loadgen-80pv systemd[1]: Mounted sys-kernel-tracing.mount - Kernel Trace File System.
2026-05-15T02:28:59.423375+00:00 loadgen-80pv systemd[1]: Finished keyboard-setup.service - Set the console keyboard layout.
2026-05-15T02:28:59.423316+00:00 loadgen-80pv kernel: Linux version 6.17.0-1013-gcp (buildd@lcy02-amd64-034) (x86_64-linux-gnu-gcc-13 (Ubuntu 13.3.0-6ubuntu2~24.04.1) 13.3.0, GNU ld (GNU Binutils for Ubuntu) 2.42) #13~24.04.1-Ubuntu SMP Thu Apr 16 02:10:24 UTC 2026 (Ubuntu 6.17.0-1013.13~24.04.1-gcp 6.17.13)
2026-05-15T02:28:59.423380+00:00 loadgen-80pv systemd[1]: Finished kmod-static-nodes.service - Create List of Static Device Nodes.
2026-05-15T02:28:59.423386+00:00 loadgen-80pv kernel: Command line: BOOT_IMAGE=/vmlinuz-6.17.0-1013-gcp root=PARTUUID=6624332c-1f00-4e51-a0bf-94661fe17234 ro console=ttyS0,115200 panic=-1
2026-05-15T02:28:59.423385+00:00 loadgen-80pv systemd[1]: modprobe@configfs.service: Deactivated successfully.
2026-05-15T02:28:59.423389+00:00 loadgen-80pv kernel: KERNEL supported cpus:
2026-05-15T02:28:59.423390+00:00 loadgen-80pv kernel:   Intel GenuineIntel
2026-05-15T02:28:59.423391+00:00 loadgen-80pv kernel:   AMD AuthenticAMD
2026-05-15T02:28:59.423391+00:00 loadgen-80pv kernel:   Hygon HygonGenuine
2026-05-15T02:28:59.423392+00:00 loadgen-80pv kernel:   Centaur CentaurHauls
2026-05-15T02:28:59.423395+00:00 loadgen-80pv kernel:   zhaoxin   Shanghai  
2026-05-15T02:28:59.423396+00:00 loadgen-80pv kernel: x86/CPU: Model not found in latest microcode list
2026-05-15T02:28:59.423397+00:00 loadgen-80pv kernel: BIOS-provided physical RAM map:
2026-05-15T02:28:59.423397+00:00 loadgen-80pv kernel: BIOS-e820: [mem 0x0000000000000000-0x0000000000000fff] reserved
2026-05-15T02:28:59.423398+00:00 loadgen-80pv kernel: BIOS-e820: [mem 0x0000000000001000-0x0000000000054fff] usable
2026-05-15T02:28:59.423398+00:00 loadgen-80pv kernel: BIOS-e820: [mem 0x0000000000055000-0x000000000005ffff] reserved
2026-05-15T02:28:59.423393+00:00 loadgen-80pv systemd[1]: Finished modprobe@configfs.service - Load Kernel Module configfs.
2026-05-15T02:28:59.423401+00:00 loadgen-80pv kernel: BIOS-e820: [mem 0x0000000000060000-0x0000000000097fff] usable
2026-05-15T02:28:59.423402+00:00 loadgen-80pv kernel: BIOS-e820: [mem 0x0000000000098000-0x000000000009ffff] reserved
2026-05-15T02:28:59.423403+00:00 loadgen-80pv kernel: BIOS-e820: [mem 0x0000000000100000-0x00000000bd254fff] usable
2026-05-15T02:28:59.423403+00:00 loadgen-80pv kernel: BIOS-e820: [mem 0x00000000bd255000-0x00000000bd25ffff] ACPI data
2026-05-15T02:28:59.423403+00:00 loadgen-80pv kernel: BIOS-e820: [mem 0x00000000bd260000-0x00000000bf8ecfff] usable
2026-05-15T02:28:59.423404+00:00 loadgen-80pv kernel: BIOS-e820: [mem 0x00000000bf8ed000-0x00000000bfb6cfff] reserved
2026-05-15T02:28:59.423404+00:00 loadgen-80pv kernel: BIOS-e820: [mem 0x00000000bfb6d000-0x00000000bfb7efff] ACPI data
2026-05-15T02:28:59.423402+00:00 loadgen-80pv systemd[1]: modprobe@dm_mod.service: Deactivated successfully.
2026-05-15T02:28:59.423407+00:00 loadgen-80pv kernel: BIOS-e820: [mem 0x00000000bfb7f000-0x00000000bfbfefff] ACPI NVS
2026-05-15T02:28:59.423408+00:00 loadgen-80pv kernel: BIOS-e820: [mem 0x00000000bfbff000-0x00000000bffdffff] usable
2026-05-15T02:28:59.423409+00:00 loadgen-80pv kernel: BIOS-e820: [mem 0x00000000bffe0000-0x00000000bfffffff] reserved
2026-05-15T02:28:59.423409+00:00 loadgen-80pv kernel: BIOS-e820: [mem 0x0000000100000000-0x000000103fffffff] usable
2026-05-15T02:28:59.423410+00:00 loadgen-80pv kernel: NX (Execute Disable) protection: active
2026-05-15T02:28:59.423410+00:00 loadgen-80pv kernel: APIC: Static calls initialized
2026-05-15T02:28:59.423408+00:00 loadgen-80pv systemd[1]: Finished modprobe@dm_mod.service - Load Kernel Module dm_mod.
2026-05-15T02:28:59.423414+00:00 loadgen-80pv kernel: efi: EFI v2.7 by EDK II
2026-05-15T02:28:59.423415+00:00 loadgen-80pv kernel: efi: TPMFinalLog=0xbfbf7000 ACPI=0xbfb7e000 ACPI 2.0=0xbfb7e014 SMBIOS=0xbf9ca000 MEMATTR=0xbd260018 MOKvar=0xbf9c8000 RNG=0xbfb72018 TPMEventLog=0xbd255018 
2026-05-15T02:28:59.423415+00:00 loadgen-80pv kernel: random: crng init done
2026-05-15T02:28:59.423416+00:00 loadgen-80pv kernel: SMBIOS 2.4 present.
2026-05-15T02:28:59.423416+00:00 loadgen-80pv kernel: DMI: Google Google Compute Engine/Google Compute Engine, BIOS Google 04/21/2026
2026-05-15T02:28:59.423417+00:00 loadgen-80pv kernel: DMI: Memory slots populated: 4/4
2026-05-15T02:28:59.423415+00:00 loadgen-80pv systemd[1]: modprobe@drm.service: Deactivated successfully.
2026-05-15T02:28:59.423421+00:00 loadgen-80pv kernel: secureboot: Secure boot disabled
2026-05-15T02:28:59.423422+00:00 loadgen-80pv kernel: Hypervisor detected: KVM
2026-05-15T02:28:59.423423+00:00 loadgen-80pv kernel: last_pfn = 0xbffe0 max_arch_pfn = 0x400000000
2026-05-15T02:28:59.423423+00:00 loadgen-80pv kernel: kvm-clock: Using msrs 4b564d01 and 4b564d00
2026-05-15T02:28:59.423424+00:00 loadgen-80pv kernel: kvm-clock: using sched offset of 14815971157 cycles
2026-05-15T02:28:59.423422+00:00 loadgen-80pv systemd[1]: Finished modprobe@drm.service - Load Kernel Module drm.
2026-05-15T02:28:59.423424+00:00 loadgen-80pv kernel: clocksource: kvm-clock: mask: 0xffffffffffffffff max_cycles: 0x1cd42e4dffb, max_idle_ns: 881590591483 ns
2026-05-15T02:28:59.423428+00:00 loadgen-80pv kernel: tsc: Detected 2299.998 MHz processor
2026-05-15T02:28:59.423429+00:00 loadgen-80pv systemd[1]: modprobe@efi_pstore.service: Deactivated successfully.
2026-05-15T02:28:59.423431+00:00 loadgen-80pv kernel: e820: update [mem 0x00000000-0x00000fff] usable ==> reserved
2026-05-15T02:28:59.423435+00:00 loadgen-80pv kernel: e820: remove [mem 0x000a0000-0x000fffff] usable
2026-05-15T02:28:59.423435+00:00 loadgen-80pv kernel: last_pfn = 0x1040000 max_arch_pfn = 0x400000000
2026-05-15T02:28:59.423436+00:00 loadgen-80pv kernel: MTRR map: 3 entries (2 fixed + 1 variable; max 18), built from 8 variable MTRRs
2026-05-15T02:28:59.423436+00:00 loadgen-80pv kernel: x86/PAT: Configuration [0-7]: WB  WC  UC- UC  WB  WP  UC- WT  
2026-05-15T02:28:59.423437+00:00 loadgen-80pv kernel: last_pfn = 0xbffe0 max_arch_pfn = 0x400000000
2026-05-15T02:28:59.423436+00:00 loadgen-80pv systemd[1]: Finished modprobe@efi_pstore.service - Load Kernel Module efi_pstore.
2026-05-15T02:28:59.423444+00:00 loadgen-80pv kernel: Using GB pages for direct mapping
2026-05-15T02:28:59.423445+00:00 loadgen-80pv kernel: secureboot: Secure boot disabled
2026-05-15T02:28:59.423445+00:00 loadgen-80pv kernel: ACPI: Early table checksum verification disabled
2026-05-15T02:28:59.423446+00:00 loadgen-80pv kernel: ACPI: RSDP 0x00000000BFB7E014 000024 (v02 Google)
2026-05-15T02:28:59.423446+00:00 loadgen-80pv kernel: ACPI: XSDT 0x00000000BFB7D0E8 00005C (v01 Google GOOGFACP 00000001      01000013)
2026-05-15T02:28:59.423447+00:00 loadgen-80pv kernel: ACPI: FACP 0x00000000BFB78000 0000F4 (v02 Google GOOGFACP 00000001 GOOG 00000001)
2026-05-15T02:28:59.423444+00:00 loadgen-80pv systemd[1]: modprobe@fuse.service: Deactivated successfully.
2026-05-15T02:28:59.423450+00:00 loadgen-80pv kernel: ACPI: DSDT 0x00000000BFB79000 001A64 (v01 Google GOOGDSDT 00000001 GOOG 00000001)
2026-05-15T02:28:59.423451+00:00 loadgen-80pv kernel: ACPI: FACS 0x00000000BFBF1000 000040
2026-05-15T02:28:59.423451+00:00 loadgen-80pv kernel: ACPI: SSDT 0x00000000BFB7C000 000316 (v02 GOOGLE Tpm2Tabl 00001000 INTL 20250807)
2026-05-15T02:28:59.423452+00:00 loadgen-80pv kernel: ACPI: TPM2 0x00000000BFB7B000 000034 (v04 GOOGLE          00000001 GOOG 00000001)
2026-05-15T02:28:59.423452+00:00 loadgen-80pv kernel: ACPI: SRAT 0x00000000BFB77000 000228 (v03 Google GOOGSRAT 00000001 GOOG 00000001)
2026-05-15T02:28:59.423450+00:00 loadgen-80pv systemd[1]: Finished modprobe@fuse.service - Load Kernel Module fuse.
2026-05-15T02:28:59.423453+00:00 loadgen-80pv kernel: ACPI: APIC 0x00000000BFB76000 000126 (v05 Google GOOGAPIC 00000001 GOOG 0000[[0;32m  OK  [0m] Started [0;1;39mrsyslog.service[0m - System Logging Service.
0001)
2026-05-15T02:28:59.423454+00:00 loadgen-80pv kernel: ACPI: SSDT 0x00000000BFB74000 0011D6 (v01 Google GOOGSSDT 00000001 GOOG 00000001)
2026-05-15T02:28:59.423457+00:00 loadgen-80pv kernel: ACPI: WAET 0x00000000BFB73000 000028 (v01 Google GOOGWAET 00000001 GOOG 00000001)
2026-05-15T02:28:59.423457+00:00 loadgen-80pv kernel: ACPI: Reserving FACP table memory at [mem 0xbfb78000-0xbfb780f3]
2026-05-15T02:28:59.423459+00:00 loadgen-80pv kernel: ACPI: Reserving DSDT table memory at [mem 0xbfb79000-0xbfb7aa63]
2026-05-15T02:28:59.423460+00:00 loadgen-80pv kernel: ACPI: Reserving FACS table memory at [mem 0xbfbf1000-0xbfbf103f]
2026-05-15T02:28:59.423460+00:00 loadgen-80pv kernel: ACPI: Reserving SSDT table memory at [mem 0xbfb7c000-0xbfb7c315]
2026-05-15T02:28:59.423456+00:00 loadgen-80pv systemd[1]: modprobe@loop.service: Deactivated successfully.
2026-05-15T02:28:59.423462+00:00 loadgen-80pv kernel: ACPI: Reserving TPM2 table memory at [mem 0xbfb7b000-0xbfb7b033]
2026-05-15T02:28:59.423466+00:00 loadgen-80pv kernel: ACPI: Reserving SRAT table memory at [mem 0xbfb77000-0xbfb77227]
2026-05-15T02:28:59.423467+00:00 loadgen-80pv kernel: ACPI: Reserving APIC table memory at [mem 0xbfb76000-0xbfb76125]
2026-05-15T02:28:59.423467+00:00 loadgen-80pv kernel: ACPI: Reserving SSDT table memory at [mem 0xbfb74000-0xbfb751d5]
2026-05-15T02:28:59.423466+00:00 loadgen-80pv systemd[1]: Finished modprobe@loop.service - Load Kernel Module loop.
2026-05-15T02:28:59.423467+00:00 loadgen-80pv kernel: ACPI: Reserving WAET table memory at [mem 0xbfb73000-0xbfb73027]
2026-05-15T02:28:59.423471+00:00 loadgen-80pv kernel: ACPI: SRAT: Node 0 PXM 0 [mem 0x00000000-0x0009ffff]
2026-05-15T02:28:59.423471+00:00 loadgen-80pv kernel: ACPI: SRAT: Node 0 PXM 0 [mem 0x00100000-0xbfffffff]
2026-05-15T02:28:59.423472+00:00 loadgen-80pv kernel: ACPI: SRAT: Node 0 PXM 0 [mem 0x100000000-0x103fffffff]
2026-05-15T02:28:59.423472+00:00 loadgen-80pv systemd[1]: modprobe@nvme_fabrics.service: Deactivated successfully.
2026-05-15T02:28:59.423475+00:00 loadgen-80pv kernel: NUMA: Node 0 [mem 0x00001000-0x0009ffff] + [mem 0x00100000-0xbfffffff] -> [mem 0x00001000-0xbfffffff]
2026-05-15T02:28:59.423476+00:00 loadgen-80pv kernel: NUMA: Node 0 [mem 0x00001000-0xbfffffff] + [mem 0x100000000-0x103fffffff] -> [mem 0x00001000-0x103fffffff]
2026-05-15T02:28:59.423476+00:00 loadgen-80pv kernel: NODE_DATA(0) allocated [mem 0x103ffd52c0-0x103fffffff]
2026-05-15T02:28:59.423477+00:00 loadgen-80pv kernel: Zone ranges:
2026-05-15T02:28:59.423477+00:00 loadgen-80pv kernel:   DMA      [mem 0x0000000000001000-0x0000000000ffffff]
2026-05-15T02:28:59.423478+00:00 loadgen-80pv kernel:   DMA32    [mem 0x0000000001000000-0x00000000ffffffff]
2026-05-15T02:28:59.423481+00:00 loadgen-80pv kernel:   Normal   [mem 0x0000000100000000-0x000000103fffffff]
2026-05-15T02:28:59.423482+00:00 loadgen-80pv kernel:   Device   empty
2026-05-15T02:28:59.423482+00:00 loadgen-80pv kernel: Movable zone start for each node
2026-05-15T02:28:59.423478+00:00 loadgen-80pv systemd[1]: Finished modprobe@nvme_fabrics.service - Load Kernel Module nvme_fabrics.
2026-05-15T02:28:59.423483+00:00 loadgen-80pv kernel: Early memory node ranges
2026-05-15T02:28:59.423486+00:00 loadgen-80pv kernel:   node   0: [mem 0x0000000000001000-0x0000000000054fff]
2026-05-15T02:28:59.423486+00:00 loadgen-80pv kernel:   node   0: [mem 0x0000000000060000-0x0000000000097fff]
2026-05-15T02:28:59.423487+00:00 loadgen-80pv systemd-fsck[307]: cloudimg-rootfs: clean, 171994/6422528 files, 2139514/12844795 blocks
2026-05-15T02:28:59.423489+00:00 loadgen-80pv kernel:   node   0: [mem 0x0000000000100000-0x00000000bd254fff]
2026-05-15T02:28:59.423493+00:00 loadgen-80pv kernel:   node   0: [mem 0x00000000bd260000-0x00000000bf8ecfff]
2026-05-15T02:28:59.423493+00:00 loadgen-80pv kernel:   node   0: [mem 0x00000000bfbff000-0x00000000bffdffff]
2026-05-15T02:28:59.423494+00:00 loadgen-80pv kernel:   node   0: [mem 0x0000000100000000-0x000000103fffffff]
2026-05-15T02:28:59.423494+00:00 loadgen-80pv kernel: Initmem setup node 0 [mem 0x0000000000001000-0x000000103fffffff]
2026-05-15T02:28:59.423495+00:00 loadgen-80pv kernel: On node 0, zone DMA: 1 pages in unavailable ranges
2026-05-15T02:28:59.423494+00:00 loadgen-80pv systemd[1]: Mounting sys-fs-fuse-connections.mount - FUSE Control File System...
2026-05-15T02:28:59.423498+00:00 loadgen-80pv kernel: On node 0, zone DMA: 11 pages in unavailable ranges
2026-05-15T02:28:59.423499+00:00 loadgen-80pv kernel: On node 0, zone DMA: 104 pages in unavailable ranges
2026-05-15T02:28:59.423499+00:00 loadgen-80pv kernel: On node 0, zone DMA32: 11 pages in unavailable ranges
2026-05-15T02:28:59.423500+00:00 loadgen-80pv kernel: On node 0, zone DMA32: 786 pages in unavailable ranges
2026-05-15T02:28:59.423500+00:00 loadgen-80pv kernel: On node 0, zone Normal: 32 pages in unavailable ranges
2026-05-15T02:28:59.423501+00:00 loadgen-80pv kernel: ACPI: PM-Timer IO Port: 0xb008
2026-05-15T02:28:59.423501+00:00 loadgen-80pv kernel: ACPI: LAPIC_NMI (acpi_id[0xff] dfl dfl lint[0x1])
2026-05-15T02:28:59.423499+00:00 loadgen-80pv systemd-modules-load[304]: Inserted module 'dm_multipath'
2026-05-15T02:28:59.423504+00:00 loadgen-80pv kernel: IOAPIC[0]: apic_id 0, version 17, address 0xfec00000, GSI 0-23
2026-05-15T02:28:59.423505+00:00 loadgen-80pv kernel: ACPI: INT_SRC_OVR (bus 0 bus_irq 5 global_irq 5 high level)
2026-05-15T02:28:59.423505+00:00 loadgen-80pv kernel: ACPI: INT_SRC_OVR (bus 0 bus_irq 9 global_irq 9 high level)
2026-05-15T02:28:59.423506+00:00 loadgen-80pv kernel: ACPI: INT_SRC_OVR (bus 0 bus_irq 10 global_irq 10 high level)
2026-05-15T02:28:59.423506+00:00 loadgen-80pv kernel: ACPI: INT_SRC_OVR (bus 0 bus_irq 11 global_irq 11 high level)
2026-05-15T02:28:59.423507+00:00 loadgen-80pv kernel: ACPI: Using ACPI (MADT) for SMP configuration information
2026-05-15T02:28:59.423506+00:00 loadgen-80pv systemd[1]: Mounting sys-kernel-config.mount - Kernel Configuration File System...
2026-05-15T02:28:59.423510+00:00 loadgen-80pv kernel: CPU topo: Max. logical packages:   1
2026-05-15T02:28:59.423511+00:00 loadgen-80pv kernel: CPU topo: Max. logical dies:       1
2026-05-15T02:28:59.423511+00:00 loadgen-80pv kernel: CPU topo: Max. dies per package:   1
2026-05-15T02:28:59.423512+00:00 loadgen-80pv kernel: CPU topo: Max. threads per core:   2
2026-05-15T02:28:59.423512+00:00 loadgen-80pv kernel: CPU topo: Num. cores per package:    12
2026-05-15T02:28:59.423511+00:00 loadgen-80pv systemd[1]: Started systemd-fsckd.service - File System Check Daemon to report status.
2026-05-15T02:28:59.423517+00:00 loadgen-80pv systemd[1]: systemd-repart.service - Repartition Root Disk was skipped because no trigger condition checks were met.
2026-05-15T02:28:59.423524+00:00 loadgen-80pv systemd[1]: Starting systemd-tmpfiles-setup-dev-early.service - Create Static Device Nodes in /dev gracefully...
2026-05-15T02:28:59.423529+00:00 loadgen-80pv systemd[1]: Finished lvm2-monitor.service - Monitoring of LVM2 mirrors, snapshots etc. using dmeventd or progress polling.
2026-05-15T02:28:59.423533+00:00 loadgen-80pv systemd[1]: Finished systemd-fsck-root.service - File System Check on Root Device.
2026-05-15T02:28:59.423538+00:00 loadgen-80pv systemd[1]: Finished systemd-modules-load.service - Load Kernel Modules.
2026-05-15T02:28:59.423542+00:00 loadgen-80pv systemd[1]: Mounted sys-fs-fuse-connections.mount - FUSE Control File System.
2026-05-15T02:28:59.423547+00:00 loadgen-80pv systemd[1]: Mounted sys-kernel-config.mount - Kernel Configuration File System.
2026-05-15T02:28:59.423555+00:00 loadgen-80pv systemd[1]: Starting systemd-remount-fs.service - Remount Root and Kernel File Systems...
2026-05-15T02:28:59.423560+00:00 loadgen-80pv systemd[1]: Starting systemd-sysctl.service - Apply Kernel Variables...
2026-05-15T02:28:59.423564+00:00 loadgen-80pv systemd[1]: Finished systemd-tmpfiles-setup-dev-early.service - Create Static Device Nodes in /dev gracefully.
2026-05-15T02:28:59.423569+00:00 loadgen-80pv systemd[1]: Finished systemd-sysctl.service - Apply Kernel Variables.
2026-05-15T02:28:59.423574+00:00 loadgen-80pv systemd[1]: Finished systemd-remount-fs.ser[[0;32m  OK  [0m] Started [0;1;39mcontainerd.service[0m - containerd container runtime.
vice - Remount Root and Kernel File Systems.
2026-05-15T02:28:59.423579+00:00 loadgen-80pv kernel: CPU topo: Num. threads per package:  24
2026-05-15T02:28:59.423580+00:00 loadgen-80pv kernel: CPU topo: Allowing 24 present CPUs plus 0 hotplug CPUs
2026-05-15T02:28:59.423581+00:00 loadgen-80pv systemd[1]: Starting multipathd.service - Device-Mapper Multipath Device Controller...
2026-05-15T02:28:59.423584+00:00 loadgen-80pv kernel: PM: hibernation: Registered nosave memory: [mem 0x00000000-0x00000fff]
2026-05-15T02:28:59.423585+00:00 loadgen-80pv kernel: PM: hibernation: Registered nosave memory: [mem 0x00055000-0x0005ffff]
2026-05-15T02:28:59.423585+00:00 loadgen-80pv kernel: PM: hibernation: Registered nosave memory: [mem 0x00098000-0x000fffff]
2026-05-15T02:28:59.423586+00:00 loadgen-80pv kernel: PM: hibernation: Registered nosave memory: [mem 0xbd255000-0xbd25ffff]
2026-05-15T02:28:59.423586+00:00 loadgen-80pv kernel: PM: hibernation: Registered nosave memory: [mem 0xbf8ed000-0xbfbfefff]
2026-05-15T02:28:59.423587+00:00 loadgen-80pv kernel: PM: hibernation: Registered nosave memory: [mem 0xbffe0000-0xffffffff]
2026-05-15T02:28:59.423587+00:00 loadgen-80pv systemd[1]: systemd-hwdb-update.service - Rebuild Hardware Database was skipped because of an unmet condition check (ConditionNeedsUpdate=/etc).
2026-05-15T02:28:59.423590+00:00 loadgen-80pv kernel: [mem 0xc0000000-0xffffffff] available for PCI devices
2026-05-15T02:28:59.423591+00:00 loadgen-80pv kernel: Booting paravirtualized kernel on KVM
2026-05-15T02:28:59.423591+00:00 loadgen-80pv kernel: clocksource: refined-jiffies: mask: 0xffffffff max_cycles: 0xffffffff, max_idle_ns: 1910969940391419 ns
2026-05-15T02:28:59.423592+00:00 loadgen-80pv kernel: setup_percpu: NR_CPUS:8192 nr_cpumask_bits:24 nr_cpu_ids:24 nr_node_ids:1
2026-05-15T02:28:59.423592+00:00 loadgen-80pv kernel: percpu: Embedded 84 pages/cpu s221184 r8192 d114688 u524288
2026-05-15T02:28:59.423593+00:00 loadgen-80pv kernel: pcpu-alloc: s221184 r8192 d114688 u524288 alloc=1*2097152
2026-05-15T02:28:59.423593+00:00 loadgen-80pv systemd[1]: Starting systemd-journal-flush.service - Flush Journal to Persistent Storage...
2026-05-15T02:28:59.423596+00:00 loadgen-80pv kernel: pcpu-alloc: [0] 00 01 02 03 [0] 04 05 06 07 
2026-05-15T02:28:59.423596+00:00 loadgen-80pv kernel: pcpu-alloc: [0] 08 09 10 11 [0] 12 13 14 15 
2026-05-15T02:28:59.423597+00:00 loadgen-80pv kernel: pcpu-alloc: [0] 16 17 18 19 [0] 20 21 22 23 
2026-05-15T02:28:59.423598+00:00 loadgen-80pv kernel: kvm-guest: PV spinlocks enabled
2026-05-15T02:28:59.423598+00:00 loadgen-80pv kernel: PV qspinlock hash table entries: 256 (order: 0, 4096 bytes, linear)
2026-05-15T02:28:59.423599+00:00 loadgen-80pv kernel: Kernel command line: BOOT_IMAGE=/vmlinuz-6.17.0-1013-gcp root=PARTUUID=6624332c-1f00-4e51-a0bf-94661fe17234 ro console=ttyS0,115200 panic=-1
2026-05-15T02:28:59.423598+00:00 loadgen-80pv systemd[1]: systemd-pstore.service - Platform Persistent Storage Archival was skipped because of an unmet condition check (ConditionDirectoryNotEmpty=/sys/fs/pstore).
2026-05-15T02:28:59.423602+00:00 loadgen-80pv kernel: printk: log buffer data + meta data: 262144 + 917504 = 1179648 bytes
2026-05-15T02:28:59.423603+00:00 loadgen-80pv kernel: Dentry cache hash table entries: 8388608 (order: 14, 67108864 bytes, linear)
2026-05-15T02:28:59.423603+00:00 loadgen-80pv kernel: Inode-cache hash table entries: 4194304 (order: 13, 33554432 bytes, linear)
2026-05-15T02:28:59.423604+00:00 loadgen-80pv kernel: software IO TLB: area num 32.
2026-05-15T02:28:59.423604+00:00 loadgen-80pv kernel: Fallback order for Node 0: 0 
2026-05-15T02:28:59.423605+00:00 loadgen-80pv kernel: Built 1 zonelists, mobility grouping on.  Total pages: 16776271
2026-05-15T02:28:59.423603+00:00 loadgen-80pv systemd[1]: Starting systemd-random-seed.service - Load/Save OS Random Seed...
2026-05-15T02:28:59.423606+00:00 loadgen-80pv kernel: Policy zone: Normal
2026-05-15T02:28:59.423609+00:00 loadgen-80pv kernel: mem auto-init: stack:all(zero), heap alloc:on, heap free:off
2026-05-15T02:28:59.423610+00:00 loadgen-80pv kernel: SLUB: HWalign=64, Order=0-3, MinObjects=0, CPUs=24, Nodes=1
2026-05-15T02:28:59.423610+00:00 loadgen-80pv kernel: Kernel/User page tables isolation: enabled
2026-05-15T02:28:59.423612+00:00 loadgen-80pv kernel: ftrace: allocating 61994 entries in 244 pages
2026-05-15T02:28:59.423612+00:00 loadgen-80pv kernel: ftrace: allocated 244 pages with 5 groups
2026-05-15T02:28:59.423613+00:00 loadgen-80pv kernel: rcu: Hierarchical RCU implementation.
2026-05-15T02:28:59.423608+00:00 loadgen-80pv systemd[1]: systemd-sysusers.service - Create System Users was skipped because no trigger condition checks were met.
2026-05-15T02:28:59.423616+00:00 loadgen-80pv kernel: rcu: 	RCU restricting CPUs from NR_CPUS=8192 to nr_cpu_ids=24.
2026-05-15T02:28:59.423617+00:00 loadgen-80pv kernel: 	Rude variant of Tasks RCU enabled.
2026-05-15T02:28:59.423617+00:00 loadgen-80pv kernel: 	Tracing variant of Tasks RCU enabled.
2026-05-15T02:28:59.423618+00:00 loadgen-80pv kernel: rcu: RCU calculated value of scheduler-enlistment delay is 100 jiffies.
2026-05-15T02:28:59.423618+00:00 loadgen-80pv kernel: rcu: Adjusting geometry for rcu_fanout_leaf=16, nr_cpu_ids=24
2026-05-15T02:28:59.423619+00:00 loadgen-80pv kernel: RCU Tasks Rude: Setting shift to 5 and lim to 1 rcu_task_cb_adjust=1 rcu_task_cpu_ids=24.
2026-05-15T02:28:59.423617+00:00 loadgen-80pv systemd[1]: Starting systemd-tmpfiles-setup-dev.service - Create Static Device Nodes in /dev...
2026-05-15T02:28:59.423621+00:00 loadgen-80pv kernel: RCU Tasks Trace: Setting shift to 5 and lim to 1 rcu_task_cb_adjust=1 rcu_task_cpu_ids=24.
2026-05-15T02:28:59.423624+00:00 loadgen-80pv kernel: NR_IRQS: 524544, nr_irqs: 616, preallocated irqs: 16
2026-05-15T02:28:59.423625+00:00 loadgen-80pv kernel: rcu: srcu_init: Setting srcu_struct sizes based on contention.
2026-05-15T02:28:59.423625+00:00 loadgen-80pv kernel: Console: colour dummy device 80x25
2026-05-15T02:28:59.423626+00:00 loadgen-80pv kernel: printk: legacy console [ttyS0] enabled
2026-05-15T02:28:59.423625+00:00 loadgen-80pv systemd[1]: systemd-tpm2-setup.service - TPM2 SRK Setup was skipped because of an unmet condition check (ConditionSecurity=measured-uki).
2026-05-15T02:28:59.423626+00:00 loadgen-80pv kernel: ACPI: Core revision 20250404
2026-05-15T02:28:59.423628+00:00 loadgen-80pv kernel: APIC: Switch to symmetric I/O mode setup
2026-05-15T02:28:59.423630+00:00 loadgen-80pv systemd[1]: Finished systemd-udev-trigger.service - Coldplug All udev Devices.
2026-05-15T02:28:59.423632+00:00 loadgen-80pv kernel: x2apic enabled
2026-05-15T02:28:59.423635+00:00 loadgen-80pv kernel: APIC: Switched APIC routing to: physical x2apic
2026-05-15T02:28:59.423636+00:00 loadgen-80pv kernel: ..TIMER: vector=0x30 apic1=0 pin1=0 apic2=-1 pin2=-1
2026-05-15T02:28:59.423636+00:00 loadgen-80pv kernel: clocksource: tsc-early: mask: 0xffffffffffffffff max_cycles: 0x212733415c7, max_idle_ns: 440795236380 ns
2026-05-15T02:28:59.423637+00:00 loadgen-80pv kernel: Calibrating delay loop (skipped) preset value.. 4599.99 BogoMIPS (lpj=2299998)
2026-05-15T02:28:59.423637+00:00 loadgen-80pv kernel: Last level iTLB entries: 4KB 1024, 2MB 1024, 4MB 1024
2026-05-15T02:28:59.423636+00:00 loadgen-80pv multipathd[361]: multipathd v0.9.4: start up
2026-05-15T02:28:59.423640+00:00 loadgen-80pv kernel: Last level dTLB entries: 4KB 1024, 2MB 1024, 4MB 1024, 1GB 4
2026-05-15T02:28:59.423641+00:00 loadgen-80pv kernel: mitigations: Enabled attack vectors: user_kernel, user_user, guest_host, guest_guest, SMT mitigations: auto
2026-05-15T02:28:59.423642+00:00 loadgen-80pv kernel: Speculative Store Bypass: Mitigation: Speculative Store Bypass disabled via prctl
2026-05-15T02:28:59.423642+00:00 loadgen-80pv kernel: Spectre V2 : Mitigation: IBRS
2026-05-15T02:28:59.423643+00:00 loadgen-80pv kernel: RETBleed: Mitigation: IBRS
2026-05-15T02:28:59.423643+00:00 loadgen-80pv kernel: ITS: Mitigation: Aligned branch/return thunks
2026-05-15T02:28:59.423646+00:00 loadgen-80pv kernel: Spectre V2 : User space: Mitigation: STIBP via prctl
2026-05-15T02:28:59.423642+00:00 loadgen-[[0;32m  OK  [0m] Finished [0;1;39mapport.service[0m - automatic crash report generation.
80pv multipathd[361]: reconfigure: setting up paths and maps
2026-05-15T02:28:59.423647+00:00 loadgen-80pv kernel: MDS: Mitigation: Clear CPU buffers
2026-05-15T02:28:59.423650+00:00 loadgen-80pv kernel: MMIO Stale Data: Vulnerable: Clear CPU buffers attempted, no microcode
2026-05-15T02:28:59.423650+00:00 loadgen-80pv kernel: Spectre V1 : Mitigation: usercopy/swapgs barriers and __user pointer sanitization
2026-05-15T02:28:59.423651+00:00 loadgen-80pv kernel: Spectre V2 : Spectre v2 / SpectreRSB: Filling RSB on context switch and VMEXIT
2026-05-15T02:28:59.423651+00:00 loadgen-80pv kernel: Spectre V2 : mitigation: Enabling conditional Indirect Branch Prediction Barrier
2026-05-15T02:28:59.423652+00:00 loadgen-80pv kernel: active return thunk: its_return_thunk
2026-05-15T02:28:59.423651+00:00 loadgen-80pv systemd[1]: Finished systemd-random-seed.service - Load/Save OS Random Seed.
2026-05-15T02:28:59.423655+00:00 loadgen-80pv kernel: Spectre V2 : Spectre BHI mitigation: SW BHB clearing on syscall and VM exit
2026-05-15T02:28:59.423656+00:00 loadgen-80pv kernel: x86/fpu: Supporting XSAVE feature 0x001: 'x87 floating point registers'
2026-05-15T02:28:59.423656+00:00 loadgen-80pv kernel: x86/fpu: Supporting XSAVE feature 0x002: 'SSE registers'
2026-05-15T02:28:59.423657+00:00 loadgen-80pv kernel: x86/fpu: Supporting XSAVE feature 0x004: 'AVX registers'
2026-05-15T02:28:59.423657+00:00 loadgen-80pv kernel: x86/fpu: xstate_offset[2]:  576, xstate_sizes[2]:  256
2026-05-15T02:28:59.423658+00:00 loadgen-80pv kernel: x86/fpu: Enabled xstate features 0x7, context size is 832 bytes, using 'standard' format.
2026-05-15T02:28:59.423656+00:00 loadgen-80pv systemd[1]: Finished systemd-tmpfiles-setup-dev.service - Create Static Device Nodes in /dev.
2026-05-15T02:28:59.423661+00:00 loadgen-80pv kernel: Freeing SMP alternatives memory: 52K
2026-05-15T02:28:59.423662+00:00 loadgen-80pv kernel: pid_max: default: 32768 minimum: 301
2026-05-15T02:28:59.423662+00:00 loadgen-80pv kernel: LSM: initializing lsm=lockdown,capability,landlock,yama,apparmor,ima,evm
2026-05-15T02:28:59.423663+00:00 loadgen-80pv kernel: landlock: Up and running.
2026-05-15T02:28:59.423663+00:00 loadgen-80pv kernel: Yama: becoming mindful.
2026-05-15T02:28:59.423664+00:00 loadgen-80pv kernel: AppArmor: AppArmor initialized
2026-05-15T02:28:59.423662+00:00 loadgen-80pv systemd[1]: Starting systemd-udevd.service - Rule-based Manager for Device Events and Files...
2026-05-15T02:28:59.423666+00:00 loadgen-80pv kernel: Mount-cache hash table entries: 131072 (order: 8, 1048576 bytes, linear)
2026-05-15T02:28:59.423669+00:00 loadgen-80pv kernel: Mountpoint-cache hash table entries: 131072 (order: 8, 1048576 bytes, linear)
2026-05-15T02:28:59.423670+00:00 loadgen-80pv kernel: smpboot: CPU0: Intel(R) Xeon(R) CPU @ 2.30GHz (family: 0x6, model: 0x3f, stepping: 0x0)
2026-05-15T02:28:59.423670+00:00 loadgen-80pv kernel: Performance Events: unsupported CPU family 6 model 63 no PMU driver, software events only.
2026-05-15T02:28:59.423671+00:00 loadgen-80pv kernel: signal: max sigframe size: 1776
2026-05-15T02:28:59.423673+00:00 loadgen-80pv kernel: rcu: Hierarchical SRCU implementation.
2026-05-15T02:28:59.423673+00:00 loadgen-80pv kernel: rcu: 	Max phase no-delay instances is 400.
2026-05-15T02:28:59.423669+00:00 loadgen-80pv systemd-udevd[364]: Using default interface naming scheme 'v255'.
2026-05-15T02:28:59.423677+00:00 loadgen-80pv kernel: Timer migration: 2 hierarchy levels; 8 children per group; 2 crossnode level
2026-05-15T02:28:59.423678+00:00 loadgen-80pv kernel: NMI watchdog: Perf NMI watchdog permanently disabled
2026-05-15T02:28:59.423678+00:00 loadgen-80pv kernel: smp: Bringing up secondary CPUs ...
2026-05-15T02:28:59.423678+00:00 loadgen-80pv kernel: smpboot: x86: Booting SMP configuration:
2026-05-15T02:28:59.423679+00:00 loadgen-80pv kernel: .... node  #0, CPUs:        #1  #2  #3  #4  #5  #6  #7  #8  #9 #10 #11 #12 #13 #14 #15 #16 #17 #18 #19 #20 #21 #22 #23
2026-05-15T02:28:59.423677+00:00 loadgen-80pv systemd[1]: Started multipathd.service - Device-Mapper Multipath Device Controller.
2026-05-15T02:28:59.423681+00:00 loadgen-80pv kernel: MDS CPU bug present and SMT on, data leak possible. See https://www.kernel.org/doc/html/latest/admin-guide/hw-vuln/mds.html for more details.
2026-05-15T02:28:59.423685+00:00 loadgen-80pv kernel: MMIO Stale Data CPU bug present and SMT on, data leak possible. See https://www.kernel.org/doc/html/latest/admin-guide/hw-vuln/processor_mmio_stale_data.html for more details.
2026-05-15T02:28:59.423686+00:00 loadgen-80pv kernel: smp: Brought up 1 node, 24 CPUs
2026-05-15T02:28:59.423686+00:00 loadgen-80pv kernel: smpboot: Total of 24 processors activated (110399.90 BogoMIPS)
2026-05-15T02:28:59.423687+00:00 loadgen-80pv kernel: Memory: 65805232K/67105084K available (22206K kernel code, 4673K rwdata, 15608K rodata, 5404K init, 6100K bss, 1277612K reserved, 0K cma-reserved)
2026-05-15T02:28:59.423687+00:00 loadgen-80pv kernel: devtmpfs: initialized
2026-05-15T02:28:59.423688+00:00 loadgen-80pv kernel: x86/mm: Memory block size: 1024MB
2026-05-15T02:28:59.423685+00:00 loadgen-80pv systemd[1]: Started systemd-udevd.service - Rule-based Manager for Device Events and Files.
