2026-05-14 19:42:07,963 DEBUG    root            Loaded Command Group: ['gcloud', 'compute']
2026-05-14 19:42:07,965 DEBUG    root            Loaded Command Group: ['gcloud', 'compute', 'instances']
2026-05-14 19:42:07,966 DEBUG    root            Loaded Command Group: ['gcloud', 'compute', 'instances', 'get_serial_port_output']
2026-05-14 19:42:07,967 DEBUG    root            Running [gcloud.compute.instances.get-serial-port-output] with arguments: [--project: "env-integration-fenway", --zone: "us-central1-c", INSTANCE_NAME: "loadgen-2b4t"]
2026-05-14 19:42:07,969 DEBUG    root            On GCE from memory cache: False
2026-05-14 19:42:07,970 DEBUG    root            On GCE from memory cache: False
2026-05-14 19:42:08,066 DEBUG    urllib3.connectionpool Starting new HTTPS connection (1): compute.googleapis.com:443
2026-05-14 19:42:08,597 DEBUG    urllib3.connectionpool https://compute.googleapis.com:443 "GET /compute/v1/projects/env-integration-fenway/zones/us-central1-c/instances/loadgen-2b4t/serialPort?alt=json&port=1 HTTP/1.1" 200 None
2026-05-14 19:42:08,690 DEBUG    root            Chosen display Format:value[no-quote](contents)
2026-05-14 19:42:08,690 INFO     root            Display format: "value[no-quote](contents)"
2026-05-14 19:42:08,706 INFO     ___FILE_ONLY___ [2J[01;01H[=3h[2J[01;01H[2J[01;01H[=3h[2J[01;01HCSM BBS Table full.
BdsDxe: loading Boot0003 "Ubuntu" from PciRoot(0x0)/Pci(0x3,0x0)/Scsi(0x1,0x0)/HD(15,GPT,C848D457-4750-4825-A2CD-4EBFB870DC53,0x2800,0x35000)/\EFI\ubuntu\shimx64.efi
BdsDxe: starting Boot0003 "Ubuntu" from PciRoot(0x0)/Pci(0x3,0x0)/Scsi(0x1,0x0)/HD(15,GPT,C848D457-4750-4825-A2CD-4EBFB870DC53,0x2800,0x35000)/\EFI\ubuntu\shimx64.efi

UEFI: Attempting to start image.
Description: Ubuntu
FilePath: PciRoot(0x0)/Pci(0x3,0x0)/Scsi(0x1,0x0)/HD(15,GPT,C848D457-4750-4825-A2CD-4EBFB870DC53,0x2800,0x35000)/\EFI\ubuntu\shimx64.efi
OptionNumber: 3.

[H[J[1;1HGRUB_FORCE_PARTUUID set, attempting initrdless boot.
[    0.000000] Linux version 6.17.0-1013-gcp (buildd@lcy02-amd64-034) (x86_64-linux-gnu-gcc-13 (Ubuntu 13.3.0-6ubuntu2~24.04.1) 13.3.0, GNU ld (GNU Binutils for Ubuntu) 2.42) #13~24.04.1-Ubuntu SMP Thu Apr 16 02:10:24 UTC 2026 (Ubuntu 6.17.0-1013.13~24.04.1-gcp 6.17.13)
[    0.000000] Command line: BOOT_IMAGE=/vmlinuz-6.17.0-1013-gcp root=PARTUUID=6624332c-1f00-4e51-a0bf-94661fe17234 ro console=ttyS0,115200 panic=-1
[    0.000000] KERNEL supported cpus:
[    0.000000]   Intel GenuineIntel
[    0.000000]   AMD AuthenticAMD
[    0.000000]   Hygon HygonGenuine
[    0.000000]   Centaur CentaurHauls
[    0.000000]   zhaoxin   Shanghai  
[    0.000000] x86/CPU: Model not found in latest microcode list
[    0.000000] BIOS-provided physical RAM map:
[    0.000000] BIOS-e820: [mem 0x0000000000000000-0x0000000000000fff] reserved
[    0.000000] BIOS-e820: [mem 0x0000000000001000-0x0000000000054fff] usable
[    0.000000] BIOS-e820: [mem 0x0000000000055000-0x000000000005ffff] reserved
[    0.000000] BIOS-e820: [mem 0x0000000000060000-0x0000000000097fff] usable
[    0.000000] BIOS-e820: [mem 0x0000000000098000-0x000000000009ffff] reserved
[    0.000000] BIOS-e820: [mem 0x0000000000100000-0x00000000bd254fff] usable
[    0.000000] BIOS-e820: [mem 0x00000000bd255000-0x00000000bd25ffff] ACPI data
[    0.000000] BIOS-e820: [mem 0x00000000bd260000-0x00000000bf8ecfff] usable
[    0.000000] BIOS-e820: [mem 0x00000000bf8ed000-0x00000000bfb6cfff] reserved
[    0.000000] BIOS-e820: [mem 0x00000000bfb6d000-0x00000000bfb7efff] ACPI data
[    0.000000] BIOS-e820: [mem 0x00000000bfb7f000-0x00000000bfbfefff] ACPI NVS
[    0.000000] BIOS-e820: [mem 0x00000000bfbff000-0x00000000bffdffff] usable
[    0.000000] BIOS-e820: [mem 0x00000000bffe0000-0x00000000bfffffff] reserved
[    0.000000] BIOS-e820: [mem 0x0000000100000000-0x000000103fffffff] usable
[    0.000000] NX (Execute Disable) protection: active
[    0.000000] APIC: Static calls initialized
[    0.000000] efi: EFI v2.7 by EDK II
[    0.000000] efi: TPMFinalLog=0xbfbf7000 ACPI=0xbfb7e000 ACPI 2.0=0xbfb7e014 SMBIOS=0xbf9ca000 MEMATTR=0xbd260018 MOKvar=0xbf9c8000 RNG=0xbfb72018 TPMEventLog=0xbd255018 
[    0.000000] random: crng init done
[    0.000000] SMBIOS 2.4 present.
[    0.000000] DMI: Google Google Compute Engine/Google Compute Engine, BIOS Google 04/21/2026
[    0.000000] DMI: Memory slots populated: 4/4
[    0.000000] secureboot: Secure boot disabled
[    0.000000] Hypervisor detected: KVM
[    0.000000] last_pfn = 0xbffe0 max_arch_pfn = 0x400000000
[    0.000000] kvm-clock: Using msrs 4b564d01 and 4b564d00
[    0.000001] kvm-clock: using sched offset of 15067980638 cycles
[    0.000003] clocksource: kvm-clock: mask: 0xffffffffffffffff max_cycles: 0x1cd42e4dffb, max_idle_ns: 881590591483 ns
[    0.000007] tsc: Detected 2299.998 MHz processor
[    0.000149] last_pfn = 0x1040000 max_arch_pfn = 0x400000000
[    0.000185] MTRR map: 3 entries (2 fixed + 1 variable; max 18), built from 8 variable MTRRs
[    0.000189] x86/PAT: Configuration [0-7]: WB  WC  UC- UC  WB  WP  UC- WT  
[    0.000233] last_pfn = 0xbffe0 max_arch_pfn = 0x400000000
[    0.016135] Using GB pages for direct mapping
[    0.016359] secureboot: Secure boot disabled
[    0.016362] ACPI: Early table checksum verification disabled
[    0.016366] ACPI: RSDP 0x00000000BFB7E014 000024 (v02 Google)
[    0.016371] ACPI: XSDT 0x00000000BFB7D0E8 00005C (v01 Google GOOGFACP 00000001      01000013)
[    0.016379] ACPI: FACP 0x00000000BFB78000 0000F4 (v02 Google GOOGFACP 00000001 GOOG 00000001)
[    0.016386] ACPI: DSDT 0x00000000BFB79000 001A64 (v01 Google GOOGDSDT 00000001 GOOG 00000001)
[    0.016391] ACPI: FACS 0x00000000BFBF1000 000040
[    0.016395] ACPI: SSDT 0x00000000BFB7C000 000316 (v02 GOOGLE Tpm2Tabl 00001000 INTL 20250807)
[    0.016400] ACPI: TPM2 0x00000000BFB7B000 000034 (v04 GOOGLE          00000001 GOOG 00000001)
[    0.016404] ACPI: SRAT 0x00000000BFB77000 000228 (v03 Google GOOGSRAT 00000001 GOOG 00000001)
[    0.016409] ACPI: APIC 0x00000000BFB76000 000126 (v05 Google GOOGAPIC 00000001 GOOG 00000001)
[    0.016413] ACPI: SSDT 0x00000000BFB74000 0011D6 (v01 Google GOOGSSDT 00000001 GOOG 00000001)
[    0.016417] ACPI: WAET 0x00000000BFB73000 000028 (v01 Google GOOGWAET 00000001 GOOG 00000001)
[    0.016421] ACPI: Reserving FACP table memory at [mem 0xbfb78000-0xbfb780f3]
[    0.016422] ACPI: Reserving DSDT table memory at [mem 0xbfb79000-0xbfb7aa63]
[    0.016423] ACPI: Reserving FACS table memory at [mem 0xbfbf1000-0xbfbf103f]
[    0.016424] ACPI: Reserving SSDT table memory at [mem 0xbfb7c000-0xbfb7c315]
[    0.016425] ACPI: Reserving TPM2 table memory at [mem 0xbfb7b000-0xbfb7b033]
[    0.016426] ACPI: Reserving SRAT table memory at [mem 0xbfb77000-0xbfb77227]
[    0.016426] ACPI: Reserving APIC table memory at [mem 0xbfb76000-0xbfb76125]
[    0.016427] ACPI: Reserving SSDT table memory at [mem 0xbfb74000-0xbfb751d5]
[    0.016428] ACPI: Reserving WAET table memory at [mem 0xbfb73000-0xbfb73027]
[    0.016570] ACPI: SRAT: Node 0 PXM 0 [mem 0x00000000-0x0009ffff]
[    0.016573] ACPI: SRAT: Node 0 PXM 0 [mem 0x00100000-0xbfffffff]
[    0.016576] ACPI: SRAT: Node 0 PXM 0 [mem 0x100000000-0x103fffffff]
[    0.016584] NUMA: Node 0 [mem 0x00001000-0x0009ffff] + [mem 0x00100000-0xbfffffff] -> [mem 0x00001000-0xbfffffff]
[    0.016588] NUMA: Node 0 [mem 0x00001000-0xbfffffff] + [mem 0x100000000-0x103fffffff] -> [mem 0x00001000-0x103fffffff]
[    0.016608] NODE_DATA(0) allocated [mem 0x103ffd52c0-0x103fffffff]
[    0.016839] Zone ranges:
[    0.016840]   DMA      [mem 0x0000000000001000-0x0000000000ffffff]
[    0.016842]   DMA32    [mem 0x0000000001000000-0x00000000ffffffff]
[    0.016843]   Normal   [mem 0x0000000100000000-0x000000103fffffff]
[    0.016844]   Device   empty
[    0.016846] Movable zone start for each node
[    0.016849] Early memory node ranges
[    0.016849]   node   0: [mem 0x0000000000001000-0x0000000000054fff]
[    0.016851]   node   0: [mem 0x0000000000060000-0x0000000000097fff]
[    0.016852]   node   0: [mem 0x0000000000100000-0x00000000bd254fff]
[    0.016853]   node   0: [mem 0x00000000bd260000-0x00000000bf8ecfff]
[    0.016854]   node   0: [mem 0x00000000bfbff000-0x00000000bffdffff]
[    0.016855]   node   0: [mem 0x0000000100000000-0x000000103fffffff]
[    0.016861] Initmem setup node 0 [mem 0x0000000000001000-0x000000103fffffff]
[    0.016869] On node 0, zone DMA: 1 pages in unavailable ranges
[    0.016871] On node 0, zone DMA: 11 pages in unavailable ranges
[    0.016898] On node 0, zone DMA: 104 pages in unavailable ranges
[    0.022074] On node 0, zone DMA32: 11 pages in unavailable ranges
[    0.022089] On node 0, zone DMA32: 786 pages in unavailable ranges
[    0.127445] On node 0, zone Normal: 32 pages in unavailable ranges
[    0.128058] ACPI: PM-Timer IO Port: 0xb008
[    0.128081] ACPI: LAPIC_NMI (acpi_id[0xff] dfl dfl lint[0x1])
[    0.128165] IOAPIC[0]: apic_id 0, version 17, address 0xfec00000, GSI 0-23
[    0.128169] ACPI: INT_SRC_OVR (bus 0 bus_irq 5 global_irq 5 high level)
[    0.128172] ACPI: INT_SRC_OVR (bus 0 bus_irq 9 global_irq 9 high level)
[    0.128173] ACPI: INT_SRC_OVR (bus 0 bus_irq 10 global_irq 10 high level)
[    0.128175] ACPI: INT_SRC_OVR (bus 0 bus_irq 11 global_irq 11 high level)
[    0.128181] ACPI: Using ACPI (MADT) for SMP configuration information
[    0.128187] CPU topo: Max. logical packages:   1
[    0.128188] CPU topo: Max. logical dies:       1
[    0.128188] CPU topo: Max. dies per package:   1
[    0.128193] CPU topo: Max. threads per core:   2
[    0.128194] CPU topo: Num. cores per package:    12
[    0.128195] CPU topo: Num. threads per package:  24
[    0.128195] CPU topo: Allowing 24 present CPUs plus 0 hotplug CPUs
[    0.128221] PM: hibernation: Registered nosave memory: [mem 0x00000000-0x00000fff]
[    0.128223] PM: hibernation: Registered nosave memory: [mem 0x00055000-0x0005ffff]
[    0.128225] PM: hibernation: Registered nosave memory: [mem 0x00098000-0x000fffff]
[    0.128227] PM: hibernation: Registered nosave memory: [mem 0xbd255000-0xbd25ffff]
[    0.128228] PM: hibernation: Registered nosave memory: [mem 0xbf8ed000-0xbfbfefff]
[    0.128230] PM: hibernation: Registered nosave memory: [mem 0xbffe0000-0xffffffff]
[    0.128232] [mem 0xc0000000-0xffffffff] available for PCI devices
[    0.128234] Booting paravirtualized kernel on KVM
[    0.128237] clocksource: refined-jiffies: mask: 0xffffffff max_cycles: 0xffffffff, max_idle_ns: 1910969940391419 ns
[    0.128250] setup_percpu: NR_CPUS:8192 nr_cpumask_bits:24 nr_cpu_ids:24 nr_node_ids:1
[    0.130098] percpu: Embedded 84 pages/cpu s221184 r8192 d114688 u524288
[    0.130156] kvm-guest: PV spinlocks enabled
[    0.130159] PV qspinlock hash table entries: 256 (order: 0, 4096 bytes, linear)
[    0.130163] Kernel command line: BOOT_IMAGE=/vmlinuz-6.17.0-1013-gcp root=PARTUUID=6624332c-1f00-4e51-a0bf-94661fe17234 ro console=ttyS0,115200 panic=-1
[    0.130233] printk: log buffer data + meta data: 262144 + 917504 = 1179648 bytes
[    0.136834] Dentry cache hash table entries: 8388608 (order: 14, 67108864 bytes, linear)
[    0.140103] Inode-cache hash table entries: 4194304 (order: 13, 33554432 bytes, linear)
[    0.140775] software IO TLB: area num 32.
[    0.153733] Fallback order for Node 0: 0 
[    0.153740] Built 1 zonelists, mobility grouping on.  Total pages: 16776271
[    0.153741] Policy zone: Normal
[    0.153752] mem auto-init: stack:all(zero), heap alloc:on, heap free:off
[    0.304012] SLUB: HWalign=64, Order=0-3, MinObjects=0, CPUs=24, Nodes=1
[    0.304077] Kernel/User page tables isolation: enabled
[    0.316809] ftrace: allocating 61994 entries in 244 pages
[    0.316811] ftrace: allocated 244 pages with 5 groups
[    0.317237] rcu: Hierarchical RCU implementation.
[    0.317238] rcu: 	RCU restricting CPUs from NR_CPUS=8192 to nr_cpu_ids=24.
[    0.317240] 	Rude variant of Tasks RCU enabled.
[    0.317240] 	Tracing variant of Tasks RCU enabled.
[    0.317241] rcu: RCU calculated value of scheduler-enlistment delay is 100 jiffies.
[    0.317242] rcu: Adjusting geometry for rcu_fanout_leaf=16, nr_cpu_ids=24
[    0.317267] RCU Tasks Rude: Setting shift to 5 and lim to 1 rcu_task_cb_adjust=1 rcu_task_cpu_ids=24.
[    0.317271] RCU Tasks Trace: Setting shift to 5 and lim to 1 rcu_task_cb_adjust=1 rcu_task_cpu_ids=24.
[    0.321264] NR_IRQS: 524544, nr_irqs: 616, preallocated irqs: 16
[    0.321596] rcu: srcu_init: Setting srcu_struct sizes based on contention.
[    0.321717] Console: colour dummy device 80x25
[    0.321797] printk: legacy console [ttyS0] enabled
[    0.496564] ACPI: Core revision 20250404
[    0.497375] APIC: Switch to symmetric I/O mode setup
[    0.498880] x2apic enabled
[    0.502588] APIC: Switched APIC routing to: physical x2apic
[    0.509044] ..TIMER: vector=0x30 apic1=0 pin1=0 apic2=-1 pin2=-1
[    0.510475] clocksource: tsc-early: mask: 0xffffffffffffffff max_cycles: 0x212733415c7, max_idle_ns: 440795236380 ns
[    0.512366] Calibrating delay loop (skipped) preset value.. 4599.99 BogoMIPS (lpj=2299998)
[    0.513703] Last level iTLB entries: 4KB 1024, 2MB 1024, 4MB 1024
[    0.514364] Last level dTLB entries: 4KB 1024, 2MB 1024, 4MB 1024, 1GB 4
[    0.515384] mitigations: Enabled attack vectors: user_kernel, user_user, guest_host, guest_guest, SMT mitigations: auto
[    0.516365] Speculative Store Bypass: Mitigation: Speculative Store Bypass disabled via prctl
[    0.517364] Spectre V2 : Mitigation: IBRS
[    0.518363] RETBleed: Mitigation: IBRS
[    0.519363] ITS: Mitigation: Aligned branch/return thunks
[    0.520363] Spectre V2 : User space: Mitigation: STIBP via prctl
[    0.521363] MDS: Mitigation: Clear CPU buffers
[    0.522362] MMIO Stale Data: Vulnerable: Clear CPU buffers attempted, no microcode
[    0.523363] Spectre V1 : Mitigation: usercopy/swapgs barriers and __user pointer sanitization
[    0.524366] Spectre V2 : Spectre v2 / SpectreRSB: Filling RSB on context switch and VMEXIT
[    0.525366] Spectre V2 : mitigation: Enabling conditional Indirect Branch Prediction Barrier
[    0.526370] active return thunk: its_return_thunk
[    0.527363] Spectre V2 : Spectre BHI mitigation: SW BHB clearing on syscall and VM exit
[    0.528379] x86/fpu: Supporting XSAVE feature 0x001: 'x87 floating point registers'
[    0.529364] x86/fpu: Supporting XSAVE feature 0x002: 'SSE registers'
[    0.530364] x86/fpu: Supporting XSAVE feature 0x004: 'AVX registers'
[    0.531364] x86/fpu: xstate_offset[2]:  576, xstate_sizes[2]:  256
[    0.532363] x86/fpu: Enabled xstate features 0x7, context size is 832 bytes, using 'standard' format.
[    0.591920] Freeing SMP alternatives memory: 52K
[    0.592367] pid_max: default: 32768 minimum: 301
[    0.593476] LSM: initializing lsm=lockdown,capability,landlock,yama,apparmor,ima,evm
[    0.594379] landlock: Up and running.
[    0.595363] Yama: becoming mindful.
[    0.596122] AppArmor: AppArmor initialized
[    0.596629] Mount-cache hash table entries: 131072 (order: 8, 1048576 bytes, linear)
[    0.598423] Mountpoint-cache hash table entries: 131072 (order: 8, 1048576 bytes, linear)
[    0.702740] smpboot: CPU0: Intel(R) Xeon(R) CPU @ 2.30GHz (family: 0x6, model: 0x3f, stepping: 0x0)
[    0.703695] Performance Events: unsupported CPU family 6 model 63 no PMU driver, software events only.
[    0.704448] signal: max sigframe size: 1776
[    0.705098] rcu: Hierarchical SRCU implementation.
[    0.705364] rcu: 	Max phase no-delay instances is 400.
[    0.706437] Timer migration: 2 hierarchy levels; 8 children per group; 2 crossnode level
[    0.709315] NMI watchdog: Perf NMI watchdog permanently disabled
[    0.710612] smp: Bringing up secondary CPUs ...
[    0.711511] smpboot: x86: Booting SMP configuration:
[    0.712366] .... node  #0, CPUs:        #1  #2  #3  #4  #5  #6  #7  #8  #9 #10 #11 #12 #13 #14 #15 #16 #17 #18 #19 #20 #21 #22 #23
[    0.723750] MDS CPU bug present and SMT on, data leak possible. See https://www.kernel.org/doc/html/latest/admin-guide/hw-vuln/mds.html for more details.
[    0.725364] MMIO Stale Data CPU bug present and SMT on, data leak possible. See https://www.kernel.org/doc/html/latest/admin-guide/hw-vuln/processor_mmio_stale_data.html for more details.
[    0.732464] smp: Brought up 1 node, 24 CPUs
[    0.733365] smpboot: Total of 24 processors activated (110399.90 BogoMIPS)
[    0.736621] Memory: 65803336K/67105084K available (22206K kernel code, 4673K rwdata, 15608K rodata, 5404K init, 6100K bss, 1277616K reserved, 0K cma-reserved)
[    0.740059] devtmpfs: initialized
[    0.740496] x86/mm: Memory block size: 1024MB
[    0.743228] ACPI: PM: Registering ACPI NVS region [mem 0xbfb7f000-0xbfbfefff] (524288 bytes)
[    0.744416] clocksource: jiffies: mask: 0xffffffff max_cycles: 0xffffffff, max_idle_ns: 1911260446275000 ns
[    0.745445] posixtimers hash table entries: 16384 (order: 6, 262144 bytes, linear)
[    0.746485] futex hash table entries: 8192 (524288 bytes on 1 NUMA nodes, total 512 KiB, linear).
[    0.747512] pinctrl core: initialized pinctrl subsystem
[    0.748616] PM: RTC time: 02:30:55, date: 2026-05-15
[    0.750887] NET: Registered PF_NETLINK/PF_ROUTE protocol family
[    0.752986] DMA: preallocated 4096 KiB GFP_KERNEL pool for atomic allocations
[    0.754079] DMA: preallocated 4096 KiB GFP_KERNEL|GFP_DMA pool for atomic allocations
[    0.755047] DMA: preallocated 4096 KiB GFP_KERNEL|GFP_DMA32 pool for atomic allocations
[    0.755379] audit: initializing netlink subsys (disabled)
[    0.756400] audit: type=2000 audit(1778812255.279:1): state=initialized audit_enabled=0 res=1
[    0.756567] thermal_sys: Registered thermal governor 'fair_share'
[    0.757365] thermal_sys: Registered thermal governor 'bang_bang'
[    0.758364] thermal_sys: Registered thermal governor 'step_wise'
[    0.759364] thermal_sys: Registered thermal governor 'user_space'
[    0.760364] thermal_sys: Registered thermal governor 'power_allocator'
[    0.761386] cpuidle: using governor ladder
[    0.763372] cpuidle: using governor menu
[    0.764436] acpiphp: ACPI Hot Plug PCI Controller Driver version: 0.5
[    0.765649] PCI: Using configuration type 1 for base access
[    0.767423] kprobes: kprobe jump-optimization is enabled. All kprobes are optimized if possible.
[    0.769372] HugeTLB: registered 1.00 GiB page size, pre-allocated 0 pages
[    0.770364] HugeTLB: 16380 KiB vmemmap can be freed for a 1.00 GiB page
[    0.771366] HugeTLB: registered 2.00 MiB page size, pre-allocated 0 pages
[    0.772364] HugeTLB: 28 KiB vmemmap can be freed for a 2.00 MiB page
[    0.777233] ACPI: Added _OSI(Module Device)
[    0.777365] ACPI: Added _OSI(Processor Device)
[    0.778365] ACPI: Added _OSI(Processor Aggregator Device)
[    0.784698] ACPI: 3 ACPI AML tables successfully acquired and loaded
[    0.789579] ACPI: Interpreter enabled
[    0.790384] ACPI: PM: (supports S0 S3 S4 S5)
[    0.791365] ACPI: Using IOAPIC for interrupt routing
[    0.792644] PCI: Using host bridge windows from ACPI; if necessary, use "pci=nocrs" and report a bug
[    0.793364] PCI: Ignoring E820 reservations for host bridge windows
[    0.795590] ACPI: Enabled 16 GPEs in block 00 to 0F
[    0.803530] ACPI: PCI Root Bridge [PCI0] (domain 0000 [bus 00-ff])
[    0.804371] acpi PNP0A03:00: _OSC: OS supports [ASPM ClockPM Segments MSI EDR HPX-Type3]
[    0.805365] acpi PNP0A03:00: _OSC: not requesting OS control; OS requires [ExtendedConfig ASPM ClockPM MSI]
[    0.806381] acpi PNP0A03:00: fail to add MMCONFIG information, can't access extended configuration space under this bridge
[    0.808722] PCI host bridge to bus 0000:00
[    0.809369] pci_bus 0000:00: root bus resource [io  0x0000-0x0cf7 window]
[    0.810365] pci_bus 0000:00: root bus resource [io  0x0d00-0xffff window]
[    0.811364] pci_bus 0000:00: root bus resource [mem 0x000a0000-0x000bffff window]
[    0.812364] pci_bus 0000:00: root bus resource [mem 0xc0000000-0xc53fffff window]
[    0.813364] pci_bus 0000:00: root bus resource [mem 0xc5440000-0xee3fffff window]
[    0.814365] pci_bus 0000:00: root bus resource [mem 0xee440000-0xfebfefff window]
[    0.815364] pci_bus 0000:00: root bus resource [mem 0x1040000000-0x2103fffffff window]
[    0.816365] pci_bus 0000:00: root bus resource [bus 00-ff]
[    0.817466] pci 0000:00:00.0: [8086:1237] type 00 class 0x060000 conventional PCI endpoint
[    0.821927] pci 0000:00:01.0: [8086:7110] type 00 class 0x060100 conventional PCI endpoint
[    0.827379] pci 0000:00:01.3: [8086:7113] type 00 class 0x068000 conventional PCI endpoint
[    0.832538] pci 0000:00:01.3: quirk: [io  0xb000-0xb03f] claimed by PIIX4 ACPI
[    0.834312] pci 0000:00:03.0: [1af4:1004] type 00 class 0x000000 conventional PCI endpoint
[    0.843396] pci 0000:00:03.0: BAR 0 [io  0xc040-0xc07f]
[    0.844381] pci 0000:00:03.0: BAR 1 [mem 0xc1001000-0xc100107f]
[    0.846365] pci 0000:00:04.0: [10de:1eb8] type 00 class 0x030200 conventional PCI endpoint
[    0.864394] pci 0000:00:04.0: BAR 0 [mem 0xc0000000-0xc0ffffff]
[    0.865392] pci 0000:00:04.0: BAR 1 [mem 0x1040000000-0x104fffffff 64bit pref]
[    0.866410] pci 0000:00:04.0: BAR 3 [mem 0x1050000000-0x1051ffffff 64bit pref]
[    0.869239] pci 0000:00:05.0: [1af4:1000] type 00 class 0x020000 conventional PCI endpoint
[    0.878397] pci 0000:00:05.0: BAR 0 [io  0xc000-0xc03f]
[    0.879379] pci 0000:00:05.0: BAR 1 [mem 0xc1000000-0xc10003ff]
[    0.881638] pci 0000:00:06.0: [1af4:1005] type 00 class 0x00ff00 conventional PCI endpoint
[    0.890393] pci 0000:00:06.0: BAR 0 [io  0xc080-0xc09f]
[    0.891380] pci 0000:00:06.0: BAR 1 [mem 0xc1002000-0xc100203f]
[    0.905081] ACPI: PCI: Interrupt link LNKA configured for IRQ 10
[    0.906511] ACPI: PCI: Interrupt link LNKB configured for IRQ 10
[    0.908517] ACPI: PCI: Interrupt link LNKC configured for IRQ 11
[    0.910550] ACPI: PCI: Interrupt link LNKD configured for IRQ 11
[    0.912447] ACPI: PCI: Interrupt link LNKS configured for IRQ 9
[    0.917704] iommu: Default domain type: Translated
[    0.918365] iommu: DMA domain TLB invalidation policy: lazy mode
[    0.920611] SCSI subsystem initialized
[    0.921416] ACPI: bus type USB registered
[    0.922387] usbcore: registered new interface driver usbfs
[    0.923375] usbcore: registered new interface driver hub
[    0.924380] usbcore: registered new device driver usb
[    0.925435] pps_core: LinuxPPS API ver. 1 registered
[    0.926365] pps_core: Software ver. 5.3.6 - Copyright 2005-2007 Rodolfo Giometti <giometti@linux.it>
[    0.927370] PTP clock support registered
[    0.928420] EDAC MC: Ver: 3.0.0
[    0.930621] efivars: Registered efivars operations
[    0.932572] NetLabel: Initializing
[    0.933365] NetLabel:  domain hash size = 128
[    0.934365] NetLabel:  protocols = UNLABELED CIPSOv4 CALIPSO
[    0.935387] NetLabel:  unlabeled traffic allowed by default
[    0.936407] mctp: management component transport protocol core
[    0.938366] NET: Registered PF_MCTP protocol family
[    0.939387] PCI: Using ACPI for IRQ routing
[    0.940594] vgaarb: loaded
[    0.941582] clocksource: Switched to clocksource kvm-clock
[    0.943651] VFS: Disk quotas dquot_6.6.0
[    0.944904] VFS: Dquot-cache hash table entries: 512 (order 0, 4096 bytes)
[    0.947042] AppArmor: AppArmor Filesystem Enabled
[    0.948949] pnp: PnP ACPI init
[    0.951085] pnp: PnP ACPI: found 7 devices
[    0.961506] clocksource: acpi_pm: mask: 0xffffff max_cycles: 0xffffff, max_idle_ns: 2085701024 ns
[    0.964931] NET: Registered PF_INET protocol family
[    0.966829] IP idents hash table entries: 262144 (order: 9, 2097152 bytes, linear)
[    0.989864] tcp_listen_portaddr_hash hash table entries: 32768 (order: 7, 524288 bytes, linear)
[    0.992631] Table-perturb hash table entries: 65536 (order: 6, 262144 bytes, linear)
[    0.995532] TCP established hash table entries: 524288 (order: 10, 4194304 bytes, linear)
[    0.998198] TCP bind hash table entries: 65536 (order: 9, 2097152 bytes, linear)
[    1.000166] TCP: Hash tables configured (established 524288 bind 65536)
[    1.002256] MPTCP token hash table entries: 65536 (order: 9, 1572864 bytes, linear)
[    1.005043] UDP hash table entries: 32768 (order: 9, 2097152 bytes, linear)
[    1.007344] UDP-Lite hash table entries: 32768 (order: 9, 2097152 bytes, linear)
[    1.009782] NET: Registered PF_UNIX/PF_LOCAL protocol family
[    1.011206] NET: Registered PF_XDP protocol family
[    1.012607] pci_bus 0000:00: resource 4 [io  0x0000-0x0cf7 window]
[    1.014388] pci_bus 0000:00: resource 5 [io  0x0d00-0xffff window]
[    1.016306] pci_bus 0000:00: resource 6 [mem 0x000a0000-0x000bffff window]
[    1.018091] pci_bus 0000:00: resource 7 [mem 0xc0000000-0xc53fffff window]
[    1.019971] pci_bus 0000:00: resource 8 [mem 0xc5440000-0xee3fffff window]
[    1.021810] pci_bus 0000:00: resource 9 [mem 0xee440000-0xfebfefff window]
[    1.023825] pci_bus 0000:00: resource 10 [mem 0x1040000000-0x2103fffffff window]
[    1.026213] pci 0000:00:00.0: Limiting direct PCI/PCI transfers
[    1.027873] PCI: CLS 0 bytes, default 64
[    1.028971] PCI-DMA: Using software bounce buffering for IO (SWIOTLB)
[    1.030692] software IO TLB: mapped [mem 0x00000000b7f7f000-0x00000000bbf7f000] (64MB)
[    1.033045] clocksource: tsc: mask: 0xffffffffffffffff max_cycles: 0x212733415c7, max_idle_ns: 440795236380 ns
[    1.036667] clocksource: Switched to clocksource tsc
[    1.057171] Initialise system trusted keyrings
[    1.058563] Key type blacklist registered
[    1.060051] workingset: timestamp_bits=36 max_order=24 bucket_order=0
[    1.062533] squashfs: version 4.0 (2009/01/31) Phillip Lougher
[    1.064802] fuse: init (API version 7.44)
[    1.066481] integrity: Platform Keyring initialized
[    1.068039] integrity: Machine keyring initialized
[    1.082653] Key type asymmetric registered
[    1.083633] Asymmetric key parser 'x509' registered
[    1.085464] Block layer SCSI generic (bsg) driver version 0.4 loaded (major 242)
[    1.088022] io scheduler mq-deadline registered
[    1.092081] ledtrig-cpu: registered to indicate activity on CPUs
[    1.094364] input: Power Button as /devices/LNXSYSTM:00/LNXPWRBN:00/input/input0
[    1.096689] ACPI: button: Power Button [PWRF]
[    1.098323] input: Sleep Button as /devices/LNXSYSTM:00/LNXSLPBN:00/input/input1
[    1.100832] ACPI: button: Sleep Button [SLPF]
[    1.109008] ACPI: \_SB_.LNKC: Enabled at IRQ 11
[    1.110817] virtio-pci 0000:00:03.0: virtio_pci: leaving for legacy driver
[    1.121474] ACPI: \_SB_.LNKA: Enabled at IRQ 10
[    1.123283] virtio-pci 0000:00:05.0: virtio_pci: leaving for legacy driver
[    1.134898] ACPI: \_SB_.LNKB: Enabled at IRQ 10
[    1.136621] virtio-pci 0000:00:06.0: virtio_pci: leaving for legacy driver
[    1.144574] Serial: 8250/16550 driver, 32 ports, IRQ sharing enabled
[    1.169958] 00:03: ttyS0 at I/O 0x3f8 (irq = 4, base_baud = 115200) is a 16550A
[    1.195823] 00:04: ttyS1 at I/O 0x2f8 (irq = 3, base_baud = 115200) is a 16550A
[    1.221462] 00:05: ttyS2 at I/O 0x3e8 (irq = 6, base_baud = 115200) is a 16550A
[    1.247311] 00:06: ttyS3 at I/O 0x2e8 (irq = 7, base_baud = 115200) is a 16550A
[    1.253539] Linux agpgart interface v0.103
[    1.256525] tpm_tis MSFT0101:00: 2.0 TPM (device-id 0x9009, rev-id 0)
[    1.274437] loop: module loaded
[    1.278878] virtio_scsi virtio0: 1/0/0 default/read/poll queues
[    1.298055] scsi host0: Virtio SCSI HBA
[    1.299095] blk-mq: reduced tag depth to 10240
[    1.305682] Key type psk registered
[    1.306125] scsi 0:0:1:0: Direct-Access     Google   PersistentDisk   1    PQ: 0 ANSI: 6
[    1.307289] ACPI: bus type drm_connector registered
[    1.310381] tun: Universal TUN/TAP device driver, 1.6
[    1.450180] sd 0:0:1:0: Attached scsi generic sg0 type 0
[    1.454096] sd 0:0:1:0: [sda] 4194304000 512-byte logical blocks: (2.15 TB/1.95 TiB)
[    1.487221] sd 0:0:1:0: [sda] 4096-byte physical blocks
[    1.503501] sd 0:0:1:0: [sda] Write Protect is off
[    1.524208] sd 0:0:1:0: [sda] Write cache: enabled, read cache: enabled, doesn't support DPO or FUA
[    1.544362] PPP generic driver version 2.4.2
[    1.545922] i8042: PNP: PS/2 Controller [PNP0303:KBD,PNP0f13:MOU] at 0x60,0x64 irq 1,12
[    1.548291] i8042: Warning: Keylock active
[    1.551928] serio: i8042 KBD port at 0x60,0x64 irq 1
[    1.553317] serio: i8042 AUX port at 0x60,0x64 irq 12
[    1.554979] mousedev: PS/2 mouse device common for all mice
[    1.556987] rtc_cmos 00:00: RTC can wake from S4
[    1.559636] rtc_cmos 00:00: registered as rtc0
[    1.561150] rtc_cmos 00:00: setting system clock to 2026-05-15T02:30:56 UTC (1778812256)
[    1.563404] rtc_cmos 00:00: alarms up to one day, 114 bytes nvram
[    1.565038] i2c_dev: i2c /dev entries driver
[    1.566343] device-mapper: core: CONFIG_IMA_DISABLE_HTABLE is disabled. Duplicate IMA measurements will not be recorded in the IMA log.
[    1.567885] GPT:Primary header thinks Alt. header is not at the end of the disk.
[    1.569575] device-mapper: uevent: version 1.0.3
[    1.571362] GPT:104857599 != 4194303999
[    1.572683] device-mapper: ioctl: 4.50.0-ioctl (2025-04-28) initialised: dm-devel@lists.linux.dev
[    1.573577] GPT:Alternate GPT header not at the end of the disk.
[    1.573578] GPT:104857599 != 4194303999
[    1.573579] GPT: Use GNU Parted to correct GPT errors.
[    1.573587]  sda: sda1 sda14 sda15 sda16
[    1.575949] intel_pstate: CPU model not supported
[    1.578071] sd 0:0:1:0: [sda] Attached SCSI disk
[    1.578713] drop_monitor: Initializing network drop monitor service
[    1.586849] NET: Registered PF_INET6 protocol family
[    1.589037] Segment Routing with IPv6
[    1.590128] In-situ OAM (IOAM) with IPv6
[    1.591281] NET: Registered PF_PACKET protocol family
[    1.592865] Key type dns_resolver registered
[    1.598425] IPI shorthand broadcast: enabled
[    1.602310] sched_clock: Marking stable (1416003930, 185755807)->(1827694429, -225934692)
[    1.605280] registered taskstats version 1
[    1.608843] Loading compiled-in X.509 certificates
[    1.610965] Loaded X.509 cert 'Build time autogenerated kernel key: e45cb4cd1c398ae218369364b5dd9534d3664c1e'
[    1.614669] Loaded X.509 cert 'Canonical Ltd. Live Patch Signing 2025 Kmod: d541cef61dc7e793b7eb7e899970a2eef0b5dc8c'
[    1.618083] Loaded X.509 cert 'Canonical Ltd. Live Patch Signing: 14df34d1a87cf37625abec039ef2bf521249b969'
[    1.621256] Loaded X.509 cert 'Canonical Ltd. Kernel Module Signing: 88f752e560a1e0737e31163a466ad7b70a850c19'
[    1.623857] blacklist: Loading compiled-in revocation X.509 certificates
[    1.625711] Loaded X.509 cert 'Canonical Ltd. Secure Boot Signing: 61482aa2830d0ab2ad5af10b7250da9033ddcef0'
[    1.628378] Loaded X.509 cert 'Canonical Ltd. Secure Boot Signing (2017): 242ade75ac4a15e50d50c84b0d45ff3eae707a03'
[    1.631100] Loaded X.509 cert 'Canonical Ltd. Secure Boot Signing (ESM 2018): 365188c1d374d6b07c3c8f240f8ef722433d6a8b'
[    1.634147] Loaded X.509 cert 'Canonical Ltd. Secure Boot Signing (2019): c0746fd6c5da3ae827864651ad66ae47fe24b3e8'
[    1.637127] Loaded X.509 cert 'Canonical Ltd. Secure Boot Signing (2021 v1): a8d54bbb3825cfb94fa13c9f8a594a195c107b8d'
[    1.639916] Loaded X.509 cert 'Canonical Ltd. Secure Boot Signing (2021 v2): 4cf046892d6fd3c9a5b03f98d845f90851dc6a8c'
[    1.642428] Loaded X.509 cert 'Canonical Ltd. Secure Boot Signing (2021 v3): 100437bb6de6e469b581e61cd66bce3ef4ed53af'
[    1.645386] Loaded X.509 cert 'Canonical Ltd. Secure Boot Signing (Ubuntu Core 2019): c1d57b8f6b743f23ee41f4f7ee292f06eecadfb9'
[    1.654126] Demotion targets for Node 0: null
[    1.655567] Key type .fscrypt registered
[    1.656726] Key type fscrypt-provisioning registered
[    1.658091] Key type big_key registered
[    1.659011] Key type trusted registered
[    1.661425] Key type encrypted registered
[    1.662734] AppArmor: AppArmor sha256 policy hashing enabled
[    1.664876] integrity: Loading X.509 certificate: UEFI:db
[    1.666406] integrity: Loaded X.509 cert 'Microsoft Corporation UEFI CA 2011: 13adbf4309bd82709c8cd54f316ed522988a1bd4'
[    1.669152] integrity: Loading X.509 certificate: UEFI:db
[    1.670575] integrity: Loaded X.509 cert 'Microsoft Windows Production PCA 2011: a92902398e16c49778cd90f99e4f9ae17c55af53'
[    1.673440] integrity: Loading X.509 certificate: UEFI:db
[    1.674828] integrity: Loaded X.509 cert 'Microsoft Corporation: Windows UEFI CA 2023: aefc5fbbbe055d8f8daa585473499417ab5a5272'
[    1.677871] integrity: Loading X.509 certificate: UEFI:db
[    1.679232] integrity: Loaded X.509 cert 'Microsoft UEFI CA 2023: 81aa6b3244c935bce0d6628af39827421e32497d'
[    1.682220] integrity: Revoking X.509 certificate: UEFI:dbx
[    1.683749] blacklist: Revoked X.509 cert 'Canonical Ltd. Secure Boot Signing: 61482aa2830d0ab2ad5af10b7250da9033ddcef0'
[    1.686823] integrity: Revoking X.509 certificate: UEFI:dbx
[    1.688367] blacklist: Revoked X.509 cert 'Cisco: Virtual UEFI SubCA: 13df2e3f54ebf347dcaecebf21d3cbb2355a4c9a'
[    1.690930] integrity: Revoking X.509 certificate: UEFI:dbx
[    1.692458] blacklist: Revoked X.509 cert 'Debian Secure Boot Signer: 00a7468def'
[    1.695162] Loading compiled-in module X.509 certificates
[    1.697235] Loaded X.509 cert 'Build time autogenerated kernel key: e45cb4cd1c398ae218369364b5dd9534d3664c1e'
[    1.699900] ima: Allocated hash algorithm: sha256
[    1.729833] ima: No architecture policies found
[    1.731158] evm: Initialising EVM extended attributes:
[    1.732544] evm: security.selinux
[    1.733463] evm: security.SMACK64
[    1.734376] evm: security.SMACK64EXEC
[    1.735401] evm: security.SMACK64TRANSMUTE
[    1.736681] evm: security.SMACK64MMAP
[    1.737662] evm: security.apparmor
[    1.738817] evm: security.ima
[    1.739606] evm: security.capability
[    1.740572] evm: HMAC attrs: 0x1
[    1.741770] PM:   Magic number: 10:806:510
[    1.745631] RAS: Correctable Errors collector initialized.
[    1.759974] clk: Disabling unused clocks
[    1.761033] PM: genpd: Disabling unused power domains
[    1.763299] check access for rdinit=/init failed: -2, ignoring
[    1.764538] input: AT Translated Set 2 keyboard as /devices/platform/i8042/serio0/input/input2
[    1.766295] md: Waiting for all devices to be available before autodetect
[    1.767499] md: If you don't use raid, use raid=noautodetect
[    1.768421] md: Autodetecting RAID arrays.
[    1.769007] md: autorun ...
[    1.769470] md: ... autorun DONE.
[    1.776671] EXT4-fs (sda1): mounted filesystem 89fcf612-67c3-434b-97ea-2cfdbfe01b5b ro with ordered data mode. Quota mode: none.
[    1.778331] VFS: Mounted root (ext4 filesystem) readonly on device 8:1.
[    1.781121] devtmpfs: mounted
[    1.784098] Freeing unused decrypted memory: 2028K
[    1.786768] Freeing unused kernel image (initmem) memory: 5404K
[    1.787884] Write protecting the kernel read-only data: 38912k
[    1.789475] Freeing unused kernel image (text/rodata gap) memory: 320K
[    1.790925] Freeing unused kernel image (rodata/data gap) memory: 776K
[    1.851704] x86/mm: Checked W+X mappings: passed, no W+X pages found.
[    1.852682] x86/mm: Checking user space page tables
[    1.913509] x86/mm: Checked W+X mappings: passed, no W+X pages found.
[    1.914503] Run /sbin/init as init process
[    2.116661] systemd[1]: Inserted module 'autofs4'
[    2.265306] systemd[1]: systemd 255.4-1ubuntu8.15 running in system mode (+PAM +AUDIT +SELINUX +APPARMOR +IMA +SMACK +SECCOMP +GCRYPT -GNUTLS +OPENSSL +ACL +BLKID +CURL +ELFUTILS +FIDO2 +IDN2 -IDN +IPTC +KMOD +LIBCRYPTSETUP +LIBFDISK +PCRE2 -PWQUALITY +P11KIT +QRENCODE +TPM2 +BZIP2 +LZ4 +XZ +ZLIB +ZSTD -BPF_FRAMEWORK -XKBCOMMON +UTMP +SYSVINIT default-hierarchy=unified)
[    2.270001] systemd[1]: Detected virtualization google.
[    2.270908] systemd[1]: Detected architecture x86-64.

Welcome to [1mUbuntu 24.04.4 LTS[0m!

[    2.276879] systemd[1]: No hostname configured, using default hostname.
[    2.277969] systemd[1]: Hostname set to <localhost>.
[    2.644666] systemd[1]: Queued start job for default target graphical.target.
[    2.668590] systemd[1]: Created slice system-modprobe.slice - Slice /system/modprobe.
[[0;32m  OK  [0m] Created slice [0;1;39msystem-modprobe.slice[0m - Slice /system/modprobe.
[    2.672790] systemd[1]: Created slice system-serial\x2dgetty.slice - Slice /system/serial-getty.
[[0;32m  OK  [0m] Created slice [0;1;39msystem-serial\x2dget…slice[0m - Slice /system/serial-getty.
[    2.677354] systemd[1]: Created slice system-systemd\x2dfsck.slice - Slice /system/systemd-fsck.
[[0;32m  OK  [0m] Created slice [0;1;39msystem-systemd\x2dfs…slice[0m - Slice /system/systemd-fsck.
[    2.682239] systemd[1]: Created slice user.slice - User and Session Slice.
[[0;32m  OK  [0m] Created slice [0;1;39muser.slice[0m - User and Session Slice.
[    2.685889] systemd[1]: Started systemd-ask-password-wall.path - Forward Password Requests to Wall Directory Watch.
[[0;32m  OK  [0m] Started [0;1;39msystemd-ask-password-wall.…[0md Requests to Wall Directory Watch.
[    2.691076] systemd[1]: Set up automount proc-sys-fs-binfmt_misc.automount - Arbitrary Executable File Formats File System Automount Point.
[[0;32m  OK  [0m] Set up automount [0;1;39mproc-sys-fs-binfm…[0mormats File System Automount Point.
[    2.695827] systemd[1]: Expecting device dev-disk-by\x2dlabel-BOOT.device - /dev/disk/by-label/BOOT...
         Expecting device [0;1;39mdev-disk-by\x2dla…device[0m - /dev/disk/by-label/BOOT...
[    2.699821] systemd[1]: Expecting device dev-disk-by\x2dlabel-UEFI.device - /dev/disk/by-label/UEFI...
         Expecting device [0;1;39mdev-disk-by\x2dla…device[0m - /dev/disk/by-label/UEFI...
[    2.703817] systemd[1]: Expecting device dev-ttyS0.device - /dev/ttyS0...
         Expecting device [0;1;39mdev-ttyS0.device[0m - /dev/ttyS0...
[    2.707838] systemd[1]: Reached target integritysetup.target - Local Integrity Protected Volumes.
[[0;32m  OK  [0m] Reached target [0;1;39mintegritysetup.targ…[0m Local Integrity Protected Volumes.
[    2.712848] systemd[1]: Reached target slices.target - Slice Units.
[[0;32m  OK  [0m] Reached target [0;1;39mslices.target[0m - Slice Units.
[    2.716828] systemd[1]: Reached target snapd.mounts-pre.target - Mounting snaps.
[[0;32m  OK  [0m] Reached target [0;1;39msnapd.mounts-pre.target[0m - Mounting snaps.
[    2.720829] systemd[1]: Reached target swap.target - Swaps.
[[0;32m  OK  [0m] Reached target [0;1;39mswap.target[0m - Swaps.
[    2.724829] systemd[1]: Reached target time-set.target - System Time Set.
[[0;32m  OK  [0m] Reached target [0;1;39mtime-set.target[0m - System Time Set.
[    2.728859] systemd[1]: Reached target veritysetup.target - Local Verity Protected Volumes.
[[0;32m  OK  [0m] Reached target [0;1;39mveritysetup.target[0m - Local Verity Protected Volumes.
[    2.732916] systemd[1]: Listening on dm-event.socket - Device-mapper event daemon FIFOs.
[[0;32m  OK  [0m] Listening on [0;1;39mdm-event.socket[0m - Device-mapper event daemon FIFOs.
[    2.736986] systemd[1]: Listening on lvm2-lvmpolld.socket - LVM2 poll daemon socket.
[[0;32m  OK  [0m] Listening on [0;1;39mlvm2-lvmpolld.socket[0m - LVM2 poll daemon socket.
[    2.740949] systemd[1]: Listening on multipathd.socket - multipathd control socket.
[[0;32m  OK  [0m] Listening on [0;1;39mmultipathd.socket[0m - multipathd control socket.
[    2.744998] systemd[1]: Listening on syslog.socket - Syslog Socket.
[[0;32m  OK  [0m] Listening on [0;1;39msyslog.socket[0m - Syslog Socket.
[    2.748966] systemd[1]: Listening on systemd-fsckd.socket - fsck to fsckd communication Socket.
[[0;32m  OK  [0m] Listening on [0;1;39msystemd-fsckd.socket[0m …fsck to fsckd communication Socket.
[    2.753897] systemd[1]: Listening on systemd-initctl.socket - initctl Compatibility Named Pipe.
[[0;32m  OK  [0m] Listening on [0;1;39msystemd-initctl.socke…[0m- initctl Compatibility Named Pipe.
[    2.758963] systemd[1]: Listening on systemd-journald-dev-log.socket - Journal Socket (/dev/log).
[[0;32m  OK  [0m] Listening on [0;1;39msystemd-journald-dev-…socket[0m - Journal Socket (/dev/log).
[    2.763998] systemd[1]: Listening on systemd-journald.socket - Journal Socket.
[[0;32m  OK  [0m] Listening on [0;1;39msystemd-journald.socket[0m - Journal Socket.
[    2.768045] systemd[1]: Listening on systemd-networkd.socket - Network Service Netlink Socket.
[[0;32m  OK  [0m] Listening on [0;1;39msystemd-networkd.socket[0m - Network Service Netlink Socket.
[    2.772847] systemd[1]: systemd-pcrextend.socket - TPM2 PCR Extension (Varlink) was skipped because of an unmet condition check (ConditionSecurity=measured-uki).
[    2.775198] systemd[1]: Listening on systemd-udevd-control.socket - udev Control Socket.
[[0;32m  OK  [0m] Listening on [0;1;39msystemd-udevd-control.socket[0m - udev Control Socket.
[    2.779957] systemd[1]: Listening on systemd-udevd-kernel.socket - udev Kernel Socket.
[[0;32m  OK  [0m] Listening on [0;1;39msystemd-udevd-kernel.socket[0m - udev Kernel Socket.
[    2.802862] systemd[1]: Mounting dev-hugepages.mount - Huge Pages File System...
         Mounting [0;1;39mdev-hugepages.mount[0m - Huge Pages File System...
[    2.806681] systemd[1]: Mounting dev-mqueue.mount - POSIX Message Queue File System...
         Mounting [0;1;39mdev-mqueue.mount[0m - POSIX Message Queue File System...
[    2.811990] systemd[1]: Mounting sys-kernel-debug.mount - Kernel Debug File System...
         Mounting [0;1;39msys-kernel-debug.mount[0m - Kernel Debug File System...
[    2.817000] systemd[1]: Mounting sys-kernel-tracing.mount - Kernel Trace File System...
         Mounting [0;1;39msys-kernel-tracing.mount[0m - Kernel Trace File System...
[    2.825071] systemd[1]: Starting systemd-journald.service - Journal Service...
         Starting [0;1;39msystemd-journald.service[0m - Journal Service...
[    2.831363] systemd[1]: Starting keyboard-setup.service - Set the console keyboard layout...
         Starting [0;1;39mkeyboard-setup.service[0m - Set the console keyboard layout...
[    2.837095] systemd[1]: Starting kmod-static-nodes.service - Create List of Static Device Nodes...
         Starting [0;1;39mkmod-static-nodes.service[0m…eate List of Static Device Nodes...
[    2.841567] systemd[1]: Starting lvm2-monitor.service - Monitoring of LVM2 mirrors, snapshots etc. using dmeventd or progress polling...
         Starting [0;1;39mlvm2-monitor.service[0m - Mo…ing dmeventd or progress polling...[    2.844843] systemd[1]: Starting modprobe@configfs.service - Load Kernel Module configfs...
[    2.846192] systemd-journald[289]: Collecting audit messages is disabled.

         Starting [0;1;39mmodprobe@configfs.service[0m - Load Kernel Module configfs...
[    2.848621] systemd[1]: Starting modprobe@dm_mod.service - Load Kernel Module dm_mod...
         Starting [0;1;39mmodprobe@dm_mod.service[0m - Load Kernel Module dm_mod...
[    2.851320] systemd[1]: Starting modprobe@drm.service - Load Kernel Module drm...
         Starting [0;1;39mmodprobe@drm.service[0m - Load Kernel Module drm...
[    2.856910] systemd[1]: Starting modprobe@efi_pstore.service - Load Kernel Module efi_pstore...
         Starting [0;1;39mmodprobe@efi_pstore.servi…[0m - Load Kernel Module efi_pstore...
[    2.861152] systemd[1]: Starting modprobe@fuse.service - Load Kernel Module fuse...
         Starting [0;1;39mmodprobe@fuse.service[0m - Load Kernel Module fuse...
[    2.866065] systemd[1]: Starting modprobe@loop.service - Load Kernel Module loop...
         Starting [0;1;39mmodpr[    2.867864] pstore: Using crash dump compression: deflate
obe@loop.service[0m - Load Kernel Module loop...
[    2.871293] systemd[1]: Starting modprobe@nvme_fabrics.service - Load Kernel Module nvme_fabrics...
         Starting [0;1;39mmodprobe@nvme_fabrics.ser…[0m Load Kernel Module nvme_fabrics...
[    2.874964] systemd[1]: netplan-ovs-cleanup.service - OpenVSwitch configuration for cleanup was skipped because of an unmet condition check (ConditionFileIsExecutable=/usr/bin/ovs-vsctl).
[    2.877478] pstore: Registered efi_pstore as persistent store backend
[    2.878979] systemd[1]: Starting systemd-fsck-root.service - File System Check on Root Device...
         Starting [0;1;39msystemd-fsck-root.service[0m…File System Check on Root Device...
[    2.884739] systemd[1]: Starting systemd-modules-load.service - Load Kernel Modules...
         Starting [0;1;39msystemd-modules-load.service[0m - Load Kernel Modules...
[    2.888878] systemd[1]: systemd-pcrmachine.service - TPM2 PCR Machine ID Measurement was skipped because of an unmet condition check (ConditionSecurity=measured-uki).
[    2.891166] systemd[1]: systemd-tpm2-setup-early.service - TPM2 SRK Setup (Early) was skipped because of an unmet condition check (ConditionSecurity=measured-uki).
[    2.894633] systemd[1]: Starting systemd-udev-trigger.service - Coldplug All udev Devices...
         Starting [0;1;39msystemd-udev-trigger.service[0m - Coldplug All udev Devices...
[    2.897832] systemd[1]: Started systemd-journald.service - Journal Service.
[[0;32m  OK  [0m] Started [0;1;39msystemd-journald.service[0m - Journal Service.
[[0;32m  OK  [0m] Mounted [0;1;39mdev-hugepages.mount[0m - Huge Pages File System.
[[0;32m  OK  [0m] Mounted [0;1;39mdev-mqueue.mount[0m - POSIX Message Queue File System.
[[0;32m  OK  [0m] Mounted [0;1;39msys-kernel-debug.mount[0m - Kernel Debug File System.
[[0;32m  OK  [0m] Mounted [0;1;39msys-kernel-tracing.mount[0m - Kernel Trace File System.
[[0;32m  OK  [0m] Finished [0;1;39mkmod-static-nodes.service[0m…Create List of Static Device Nodes.
[[0;32m  OK  [0m] Finished [0;1;39mmodprobe@configfs.service[0m - Load Kernel Module configfs.
[[0;32m  OK  [0m] Finished [0;1;39mmodprobe@dm_mod.service[0m - Load Kernel Module dm_mod.
[[0;32m  OK  [0m] Finished [0;1;39mmodprobe@drm.service[0m - Load Kernel Module drm.
[[0;32m  OK  [0m] Finished [0;1;39mmodprobe@efi_pstore.service[0m - Load Kernel Module efi_pstore.
[[0;32m  OK  [0m] Finished [0;1;39mmodprobe@fuse.service[0m - Load Kernel Module fuse.
[[0;32m  OK  [0m] Finished [0;1;39mmodprobe@loop.service[0m - Load Kernel Module loop.
[[0;32m  OK  [0m] Finished [0;1;39mmodprobe@nvme_fabrics.ser…[0m - Load Kernel Module nvme_fabrics.
[[0;32m  OK  [0m] Finished [0;1;39msystemd-modules-load.service[0m - Load Kernel Modules.
[[0;32m  OK  [0m] Finished [0;1;39mkeyboard-setup.service[0m - Set the console keyboard layout.
         Mounting [0;1;39msys-fs-fuse-connections.mount[0m - FUSE Control File System...
         Mounting [0;1;39msys-kernel-config.mount[0m - Kernel Configuration File System...
[[0;32m  OK  [0m] Started [0;1;39msystemd-fsckd.service[0m - Fi…stem Check Daemon to report status.
         Starting [0;1;39msystemd-sysctl.service[0m - Apply Kernel Variables...
         Starting [0;1;39msystemd-tmpfiles-setup-de…[0m Device Nodes in /dev gracefully...
[[0;32m  OK  [0m] Finished [0;1;39msystemd-fsck-root.service[0m - File System Check on Root Device.
[[0;32m  OK  [0m] Finished [0;1;39mlvm2-monitor.service[0m - Mo…using dmeventd or progress polling.
[[0;32m  OK  [0m] Mounted [0;1;39msys-fs-fuse-connections.mount[0m - FUSE Control File System.
[[0;32m  OK  [0m] Mounted [0;1;39msys-kernel-config.mount[0m - Kernel Configuration File System.
         Starting [0;1;39msystemd-remount-fs.servic…[0munt Root and Kernel File Systems...
[[0;32m  OK  [0m] Finished [0;1;39msystemd-sysctl.service[0m - Apply Kernel Variables.
[[0;32m  OK  [0m] Finished [0;1;39msystemd-tmpfiles-setup-de…[0mic Device Nodes in /dev gracefully.
[[0;32m  OK  [0m] Finished [0;1;39msystemd-remount-fs.servic…[0mmount Root and Kernel File Systems.
         Starting [0;1;39mmultipathd.service[0m - Devi…pper Multipath Device Controller...
         Starting [0;1;39msystemd-journal-flush.ser…[0msh Journal to Persistent Storage...
         Starting [0;1;39msystemd-random-seed.service[0m - Load/Save OS Random Seed...
         Starting [0;1;39msystemd-tmpfiles-setup-de…[0meate Static Device Nodes in /dev...
[[0;32m  OK  [0m] Finished [0;1;39msystemd-udev-trigger.service[0m - Coldplug All udev Devices.
[[0;32m  OK  [0m] Finished [0;1;39msystemd-random-seed.service[0m - Load/Save OS Random Seed.
[[0;32m  OK  [0m] Finished [0;1;39msystemd-tmpfiles-setup-de…[0mCreate Static Device Nodes in /dev.
         Starting [0;1;39msystemd-udevd.service[0m - R…ager for Device Events and Files...
[[0;32m  OK  [0m] Started [0;1;39mmultipathd.service[0m - Devic…Mapper Multipath Device Controller.
[[0;32m  OK  [0m] Started [0;1;39msystemd-udevd.service[0m - Ru…anager for Device Events and Files.
[[0;32m  OK  [0m] Reached target [0;1;39mlocal-fs-pre.target[0m…Preparation for Local File Systems.
         Mounting [0;1;39msnap-core22-2411.mount[0m - …t unit for core22, revision 2411...
         Mounting [0;1;39msnap-google\x2dcloud\x2dc…[0mr google-cloud-cli, revision 448...
         Mounting [0;1;39msnap-snapd-26865.mount[0m - …t unit for snapd, revision 26865...
[[0;32m  OK  [0m] Started [0;1;39msystemd-ask-password-conso…[0mequests to Console Directory Watch.
[[0;32m  OK  [0m] Reached target [0;1;39mcryptsetup.target[0m - Local Encrypted Volumes.
[[0;32m  OK  [0m] Finished [0;1;39msystemd-journal-flush.ser…[0mlush Journal to Persistent Storage.
[[0;32m  OK  [0m] Mounted [0;1;39msnap-core22-2411.mount[0m - Mount unit for core22, revision 2411.
[[0;32m  OK  [0m] Mounted [0;1;39msnap-google\x2dcloud\x2dcl…[0mfor google-cloud-cli, revision 448.
[[0;32m  OK  [0m] Mounted [0;1;39msnap-snapd-26865.mount[0m - Mount unit for snapd, revision 26865.
[[0;32m  OK  [0m] Found device [0;1;39mdev-ttyS0.device[0m - /dev/ttyS0.
[[0;32m  OK  [0m] Found device [0;1;39mdev-disk-by\x2dlabel-BOOT.device[0m - PersistentDisk BOOT.
[[0;32m  OK  [0m] Found device [0;1;39mdev-disk-by\x2dlabel-UEFI.device[0m - PersistentDisk UEFI.
[[0;32m  OK  [0m] Reached target [0;1;39msnapd.mounts.target[0m - Mounted snaps.
[[0;32m  OK  [0m] Listening on [0;1;39msystemd-rfkill.socket[0m…ll Switch Status /dev/rfkill Watch.
[    3.547181] 
         Starting [0;1;39msystemd-fsck@dev-disk-by\…[0mCheck on /dev/disk/by-label/BOOT...
         Starting [0;1;39msystemd-fsck@dev-disk-by\…[0mCheck on /dev/disk/by-label/UEFI...
Checking in progress on 1 disk (0.0% complete)[[0;32m  OK  [0m] Finished [0;1;39msystemd-fsck@dev-disk-by\…[0mm Check on /dev/disk/by-label/BOOT.
         Mounting [0;1;39mboot.mount[0m - /boot...
[[0;32m  OK  [0m] Mounted [0;1;39mboot.mount[0m - /boot.
Checking in progress on 0 disks (100.0% complete)[[0;32m  OK  [0m] Finished [0;1;39msystemd-fsck@dev-disk-by\…[0mm Check on /dev/disk/by-label/UEFI.
         Mounting [0;1;39mboot-efi.mount[0m - /boot/efi...
[[0;32m  OK  [0m] Mounted [0;1;39mboot-efi.mount[0m - /boot/efi.
[[0;32m  OK  [0m] Reached target [0;1;39mlocal-fs.target[0m - Local File Systems.
[[0;32m  OK  [0m] Listening on [0;1;39msystemd-sysext.socket[0m…tension Image Management (Varlink).
         Starting [0;1;39mapparmor.service[0m - Load AppArmor profiles...
         Starting [0;1;39mconsole-setup.service[0m - Set console font and keymap...
         Starting [0;1;39mfinalrd.service[0m - Create …time dir for shutdown pivot root...
         Starting [0;1;39mplymouth-read-write.servi…[0mymouth To Write Out Runtime Data...
         Starting [0;1;39msystemd-binfmt.service[0m - Set Up Additional Binary Formats...
         Starting [0;1;39msystemd-tmpfiles-setup.se…[0me Volatile Files and Directories...
         Starting [0;1;39mufw.service[0m - Uncomplicated firewall...
[[0;32m  OK  [0m] Finished [0;1;39mconsole-setup.service[0m - Set console font and keymap.
[[0;32m  OK  [0m] Finished [0;1;39mfinalrd.service[0m - Create …untime dir for shutdown pivot root.
[[0;32m  OK  [0m] Finished [0;1;39mufw.service[0m - Uncomplicated firewall.
         Mounting [0;1;39mproc-sys-fs-binfmt_misc.m…[0mcutable File Formats File System...
[[0;32m  OK  [0m] Finished [0;1;39mplymouth-read-write.servi…[0mPlymouth To Write Out Runtime Data.
[[0;32m  OK  [0m] Mounted [0;1;39mproc-sys-fs-binfmt_misc.mo…[0mxecutable File Formats File System.
[[0;32m  OK  [0m] Finished [0;1;39msystemd-binfmt.service[0m - Set Up Additional Binary Formats.
[[0;32m  OK  [0m] Finished [0;1;39msystemd-tmpfiles-setup.se…[0mate Volatile Files and Directories.
         Starting [0;1;39msystemd-resolved.service[0m - Network Name Resolution...
         Starting [0;1;39msystemd-update-utmp.servi…[0mord System Boot/Shutdown in UTMP...
[[0;32m  OK  [0m] Finished [0;1;39mapparmor.service[0m - Load AppArmor profiles.
         Starting [0;1;39msnapd.apparmor.service[0m - …iles managed internally by snapd...
         Starting [0;1;39mcloud-init-local.service[0m …-init: Local Stage (pre-network)...
[[0;32m  OK  [0m] Finished [0;1;39msystemd-update-utmp.servi…[0mecord System Boot/Shutdown in UTMP.
         Starting [0;1;39mmodprobe@dm_mod.service[0m - Load Kernel Module dm_mod...
         Starting [0;1;39mmodprobe@efi_pstore.servi…[0m - Load Kernel Module efi_pstore...
         Starting [0;1;39mmodprobe@loop.service[0m - Load Kernel Module loop...
[[0;32m  OK  [0m] Finished [0;1;39mmodprobe@dm_mod.service[0m - Load Kernel Module dm_mod.
[[0;32m  OK  [0m] Finished [0;1;39mmodprobe@efi_pstore.service[0m - Load Kernel Module efi_pstore.
[[0;32m  OK  [0m] Finished [0;1;39mmodprobe@loop.service[0m - Load Kernel Module loop.
[[0;32m  OK  [0m] Started [0;1;39msystemd-resolved.service[0m - Network Name Resolution.
[[0;32m  OK  [0m] Reached target [0;1;39mnss-lookup.target[0m - Host and Network Name Lookups.
[[0;32m  OK  [0m] Finished [0;1;39msnapd.apparmor.service[0m - …ofiles managed internally by snapd.
[    5.705827] cloud-init[724]: Cloud-init v. 25.3-0ubuntu1~24.04.1 running 'init-local' at Fri, 15 May 2026 02:31:00 +0000. Up 5.68 seconds.
         Starting [0;1;39mmodprobe@dm_mod.service[0m - Load Kernel Module dm_mod...
         Starting [0;1;39mmodprobe@efi_pstore.servi…[0m - Load Kernel Module efi_pstore...
         Starting [0;1;39mmodprobe@loop.service[0m - Load Kernel Module loop...
[[0;32m  OK  [0m] Finished [0;1;39mmodprobe@dm_mod.service[0m - Load Kernel Module dm_mod.
[[0;32m  OK  [0m] Finished [0;1;39mmodprobe@efi_pstore.service[0m - Load Kernel Module efi_pstore.
[[0;32m  OK  [0m] Finished [0;1;39mmodprobe@loop.service[0m - Load Kernel Module loop.
         Starting [0;1;39mmodprobe@dm_mod.service[0m - Load Kernel Module dm_mod...
         Starting [0;1;39mmodprobe@efi_pstore.servi…[0m - Load Kernel Module efi_pstore...
         Starting [0;1;39mmodprobe@loop.service[0m - Load Kernel Module loop...
[[0;32m  OK  [0m] Finished [0;1;39mmodprobe@dm_mod.service[0m - Load Kernel Module dm_mod.
[[0;32m  OK  [0m] Finished [0;1;39mmodprobe@efi_pstore.service[0m - Load Kernel Module efi_pstore.
[[0;32m  OK  [0m] Finished [0;1;39mmodprobe@loop.service[0m - Load Kernel Module loop.
[[0;32m  OK  [0m] Finished [0;1;39mcloud-init-local.service[0m …ud-init: Local Stage (pre-network).
[[0;32m  OK  [0m] Reached target [0;1;39mnetwork-pre.target[0m - Preparation for Network.
         Starting [0;1;39msystemd-networkd.service[0m - Network Configuration...
[[0;32m  OK  [0m] Started [0;1;39msystemd-networkd.service[0m - Network Configuration.
[[0;32m  OK  [0m] Reached target [0;1;39mnetwork.target[0m - Network.
         Starting [0;1;39msystemd-networkd-wait-onl…[0mait for Network to be Configured...
[[0;32m  OK  [0m] Finished [0;1;39msystemd-networkd-wait-onl…[0m Wait for Network to be Configured.
         Starting [0;1;39mcloud-init.service[0m - Cloud-init: Network Stage...
[   10.831882] cloud-init[821]: Cloud-init v. 25.3-0ubuntu1~24.04.1 running 'init' at Fri, 15 May 2026 02:31:05 +0000. Up 10.81 seconds.
[   10.845179] cloud-init[821]: ci-info: +++++++++++++++++++++++++++++++++++++++Net device info+++++++++++++++++++++++++++++++++++++++
[   10.859160] cloud-init[821]: ci-info: +--------+------+----------------------------+-----------------+--------+-------------------+
[   10.872174] cloud-init[821]: ci-info: | Device |  Up  |          Address           |       Mask      | Scope  |     Hw-Address    |
[   10.886134] cloud-init[821]: ci-info: +--------+------+----------------------------+-----------------+--------+-------------------+
[   10.900344] cloud-init[821]: ci-info: |  ens5  | True |       10.128.15.197        | 255.255.255.255 | global | 42:01:0a:80:0f:c5 |
[   10.914101] cloud-init[821]: ci-info: |  ens5  | True | fe80::4001:aff:fe80:fc5/64 |        .        |  link  | 42:01:0a:80:0f:c5 |
[   10.927130] cloud-init[821]: ci-info: |   lo   | True |         127.0.0.1          |    255.0.0.0    |  host  |         .         |
[   10.940138] cloud-init[821]: ci-info: |   lo   | True |          ::1/128           |        .        |  host  |         .         |
[   10.953112] cloud-init[821]: ci-info: +--------+------+----------------------------+-----------------+--------+-------------------+
[   10.966111] cloud-init[821]: ci-info: +++++++++++++++++++++++++++++++Route IPv4 info++++++++++++++++++++++++++++++++
[   10.978109] cloud-init[821]: ci-info: +-------+-----------------+------------+-----------------+-----------+-------+
[   10.991129] cloud-init[821]: ci-info: | Route |   Destination   |  Gateway   |     Genmask     | Interface | Flags |
[   11.004127] cloud-init[821]: ci-info: +-------+-----------------+------------+-----------------+-----------+-------+
[   11.016156] cloud-init[821]: ci-info: |   0   |     0.0.0.0     | 10.128.0.1 |     0.0.0.0     |    ens5   |   UG  |
[   11.029210] cloud-init[821]: ci-info: |   1   |    10.128.0.1   |  0.0.0.0   | 255.255.255.255 |    ens5   |   UH  |
[   11.042108] cloud-init[821]: ci-info: |   2   | 169.254.169.254 | 10.128.0.1 | 255.255.255.255 |    ens5   |  UGH  |
[   11.054105] cloud-init[821]: ci-info: +-------+-----------------+------------+-----------------+-----------+-------+
[   11.066193] cloud-init[821]: ci-info: +++++++++++++++++++Route IPv6 info+++++++++++++++++++
[   11.075135] cloud-init[821]: ci-info: +-------+-------------+---------+-----------+-------+
[   11.084108] cloud-init[821]: ci-info: | Route | Destination | Gateway | Interface | Flags |
[   11.093109] cloud-init[821]: ci-info: +-------+-------------+---------+-----------+-------+
[   11.102111] cloud-init[821]: ci-info: |   0   |  fe80::/64  |    ::   |    ens5   |   U   |
[   11.111248] cloud-init[821]: ci-info: |   2   |    local    |    ::   |    ens5   |   U   |
[   11.120165] cloud-init[821]: ci-info: |   3   |  multicast  |    ::   |    ens5   |   U   |
[   11.129129] cloud-init[821]: ci-info: +-------+-------------+---------+-----------+-------+
[   16.759836] cloud-init[821]: Generating public/private rsa key pair.
[   16.767149] cloud-init[821]: Your identification has been saved in /etc/ssh/ssh_host_rsa_key
[   16.777257] cloud-init[821]: Your public key has been saved in /etc/ssh/ssh_host_rsa_key.pub
[   16.788159] cloud-init[821]: The key fingerprint is:
[   16.794274] cloud-init[821]: SHA256:gaptDdZfChusVFcSICCnuUW05+WZE90VVvdVcyqgzEA root@loadgen-2b4t
[   16.804118] cloud-init[821]: The key's randomart image is:
[   16.810201] cloud-init[821]: +---[RSA 3072]----+
[[0;32m  OK  [0m] Finished [0;1;39mcloud-init.service[0m - Cloud-init: Network Stage.
[   16.817314] cloud-init[821]: |..=...E.o.o +o..*|
[[0;32m  OK  [0m] Reached target [0;1;39mcloud-config.target[0m - Cloud-config availability.
[   16.830457] cloud-init[821]: | * . . * = +   o=|
[[0;32m  OK  [0m] Reached target [0;1;39mnetwork-online.target[0m - Network is Online.
[   16.846116] cloud-init[821]: |o o . = B . . . .|
[[0;32m  OK  [0m] Reached target [0;1;39msysinit.target[0m - System Initialization.
[   16.862267] cloud-init[821]: | o o B = .   .   |
[[0;32m  OK  [0m] Started [0;1;39mnvidia-cdi-refresh.path[0m - …r toolkit install / upgrade events.
[   16.877209] cloud-init[821]: |.   * X S .      |
[[0;32m  OK  [0m] Started [0;1;39mgce-workload-cert-refresh.…[0mWorkload Certificate refresh timer.
[   16.894117] cloud-init[821]: |   = + * o       |
[[0;32m  OK  [0m] Started [0;1;39mgoogle-oslogin-cache.timer[0m - NSS cache refresh timer.
[   16.911134] cloud-init[821]: |  . + o o        |
[[0;32m  OK  [0m] Started [0;1;39msystemd-tmpfiles-clean.tim…[0my Cleanup of Temporary Directories.
[   16.926120] cloud-init[821]: |   .             |
[[0;32m  OK  [0m] Started [0;1;39mupdate-notifier-download.t…[0mhat failed at package install time.
[   16.943121] cloud-init[821]: |                 |
[   16.960294] cloud-init[821]: +----[SHA256]-----+
[[0;32m  OK  [0m] Reached target [0;1;39mpaths.target[0m - Path Units.
[   16.960419] cloud-init[821]: Generating public/private ecdsa key pair.
[[0;32m  OK  [0m] Listening on [0;1;39mcloud-init-hotplugd.s…t[0m - cloud-init hotplug hook socket.
[   16.982260] cloud-init[821]: Your identification has been saved in /etc/ssh/ssh_host_ecdsa_key
[[0;32m  OK  [0m] Listening on [0;1;39mdbus.socket[0m - D-Bus System Message Bus Socket.
[   17.002115] cloud-init[821]: Your public key has been saved in /etc/ssh/ssh_host_ecdsa_key.pub
         Starting [0;1;39mdocker.socket[0m - Docker Socket for the API...
[   17.022233] cloud-init[821]: The key fingerprint is:
[   17.036103] cloud-init[821]: SHA256:Y8wuQcyWlQup0LMrLS/R98wEur7WrQuqzOCSs/ppeRE root@loadgen-2b4t
[[0;32m  OK  [0m] Listening on [0;1;39miscsid.socket[0m - Open-iSCSI iscsid Socket.
[   17.036180] cloud-init[821]: The key's randomart image is:
[   17.063416] cloud-init[821]: +---[ECDSA 256]---+
         Starting [0;1;39mlxd-installer.socket[0m - He…er to install lxd snap on demand...
[   17.063544] cloud-init[821]: |   .   ...       |
         Starting [0;1;39msnapd.socket[0m - Socket activation for snappy daemon...
[   17.085160] cloud-init[821]: |  . oooo.        |
[[0;32m  OK  [0m] Listening on [0;1;39mssh.socket[0m - OpenBSD Secure Shell server socket.
[   17.101205] cloud-init[821]: |   . +*. .       |
[[0;32m  OK  [0m] Listening on [0;1;39muuidd.socket[0m - UUID daemon activation socket.
[   17.118141] cloud-init[821]: |    Eo.o.        |
[[0;32m  OK  [0m] Finished [0;1;39mblk-availability.service[0m - Availability of block devices.
[   17.133138] cloud-init[821]: |   o +..S        |
[[0;32m  OK  [0m] Listening on [0;1;39mdocker.socket[0m - Docker Socket for the API.
[[0;32m  OK  [0m] Listening on [0;1;39mlxd-installer.socket[0m …lper to install lxd snap on demand.
[   17.148189] cloud-init[821]: |  + * .+..       |
[[0;32m  OK  [0m] Listening on [0;1;39msnapd.socket[0m - Socket activation for snappy daemon.
[   17.173118] cloud-init[821]: |.. *.=.*.        |
[[0;32m  OK  [0m] Reached target [0;1;39msockets.target[0m - Socket Units.
[   17.187176] cloud-init[821]: |O +o=...=        |
[[0;32m  OK  [0m] Reached target [0;1;39mbasic.target[0m - Basic System.
[   17.201482] cloud-init[821]: |*X+=o.oo         |
         Starting [0;1;39mchrony.service[0m - chrony, an NTP client/server...
[   17.215224] cloud-init[821]: +----[SHA256]-----+
         Starting [0;1;39mcloud-config.service[0m - Cloud-init: Config Stage...
[   17.228155] cloud-init[821]: Generating public/private ed25519 key pair.
[   17.228232] cloud-init[821]: Your identification has been saved in /etc/ssh/ssh_host_ed25519_key
         Starting [0;1;39mdbus.service[0m - D-Bus System Message Bus...
[   17.244362] cloud-init[821]: Your public key has been saved in /etc/ssh/ssh_host_ed25519_key.pub
[[0;32m  OK  [0m] Started [0;1;39mdmesg.service[0m - Save initial kernel messages after boot.
[   17.273154] cloud-init[821]: The key fingerprint is:
[   17.273222] cloud-init[821]: SHA256:IQm1DvIGDvZ7ZTR7nMvk+pK3xDPp/tJV+PlWKShxp/I root@loadgen-2b4t
[   17.273376] cloud-init[821]: The key's randomart image is:
[   17.273409] cloud-init[821]: +--[ED25519 256]--+
         Starting [0;1;39me2scrub_reap.service[0m - Re…ne ext4 Metadata Check Snapshots...
[   17.304247] cloud-init[821]: |    ...          |
[   17.324128] cloud-init[821]: |     . o         |
[   17.330113] cloud-init[821]: |..o . +o.     .  |
         Starting [0;1;39mgce-workload-cert-refresh…[0mGCE Workload Certificate refresh...
[   17.337163] cloud-init[821]: |.o.+ o..+o.. o . |
[[0;32m  OK  [0m] Started [0;1;39mgoogle-osconfig-agent.service[0m - Google OSConfig Agent.
[   17.353217] cloud-init[821]: |  ..o .+S=o + o o|
[   17.353284] cloud-init[821]: |   .. o *ooo o +.|
         Starting [0;1;39mgoogle-oslogin-cache.service[0m - NSS cache refresh...
[   17.369248] cloud-init[821]: |   . .  .X= . . o|
[   17.382296] cloud-init[821]: |    .  o+ooE    o|
         Starting [0;1;39mgrub-common.service[0m - Record successful boot for GRUB...
[   17.388234] cloud-init[821]: |       .==+.   . |
[   17.401302] cloud-init[821]: +----[SHA256]-----+
         Starting [0;1;39mnetworkd-dispatcher.servi…[0mcher daemon for systemd-networkd...
         Starting [0;1;39mnvidia-persistenced.service[0m - NVIDIA Persistence Daemon...
         Starting [0;1;39mnvmf-autoconnect.service[0m …ystems automatically during boot...
         Starting [0;1;39mrsyslog.service[0m - System Logging Service...
         Starting [0;1;39msecureboot-db.service[0m - Secure Boot updates for DB and DBX...
[[0;32m  OK  [0m] Reached target [0;1;39mgetty-pre.target[0m - Preparation for Logins.
         Starting [0;1;39msnapd.seeded.service[0m - Wait until snapd is fully seeded...
         Starting [0;1;39msnapd.service[0m - Snap Daemon...
         Starting [0;1;39msysstat.service[0m - Resets System Activity Logs...
         Starting [0;1;39msystemd-logind.service[0m - User Login Management...
[[0;32m  OK  [0m] Started [0;1;39mubuntu-advantage.service[0m - Ubuntu Pro Background Auto Attach.
[[0;32m  OK  [0m] Started [0;1;39mdbus.service[0m - D-Bus System Message Bus.
[[0;32m  OK  [0m] Finished [0;1;39mgce-workload-cert-refresh…[0m- GCE Workload Certificate refresh.
[[0;32m  OK  [0m] Started [0;1;39mnvidia-persistenced.service[0m - NVIDIA Persistence Daemon.
[[0;32m  OK  [0m] Started [0;1;39mnetworkd-dispatcher.servic…[0matcher daemon for systemd-networkd.
[[0;32m  OK  [0m] Started [0;1;39msystemd-logind.service[0m - User Login Management.
[[0;32m  OK  [0m] Finished [0;1;39mgoogle-oslogin-cache.service[0m - NSS cache refresh.
[[0;32m  OK  [0m] Finished [0;1;39mnvmf-autoconnect.service[0m …bsystems automatically during boot.
[[0;32m  OK  [0m] Finished [0;1;39msysstat.service[0m - Resets System Activity Logs.
[   17.638607] cloud-init[999]: Cloud-init v. 25.3-0ubuntu1~24.04.1 running 'modules:config' at Fri, 15 May 2026 02:31:12 +0000. Up 17.59 seconds.
[[0;32m  OK  [0m] Finished [0;1;39mgrub-common.service[0m - Record successful boot for GRUB.
[[0;32m  OK  [0m] Reached target [0;1;39mremote-fs-pre.targe…[0mreparation for Remote File Systems.
[[0;32m  OK  [0m] Reached target [0;1;39mremote-fs.target[0m - Remote File Systems.
         Starting [0;1;39mapport.service[0m - automatic crash report generation...
         Starting [0;1;39mcontainerd.service[0m - containerd container runtime...
[[0;32m  OK  [0m] Started [0;1;39mcron.service[0m - Regular background program processing daemon.
         Starting [0;1;39mgrub-initrd-fallback.service[0m - GRUB failed boot detection...
         Starting [0;1;39msystemd-hostnamed.service[0m - Hostname Service...
         Starting [0;1;39msystemd-user-sessions.service[0m - Permit User Sessions...
[[0;32m  OK  [0m] Started [0;1;39mchrony.service[0m - chrony, an NTP client/server.
[[0;32m  OK  [0m] Finished [0;1;39msystemd-user-sessions.service[0m - Permit User Sessions.
[[0;32m  OK  [0m] Finished [0;1;39mgrub-initrd-fallback.service[0m - GRUB failed boot detection.
         Stopping [0;1;39mchrony.service[0m - chrony, an NTP client/server...
2026-05-15T02:31:12.927781+00:00 loadgen-2b4t systemd[1]: Mounted dev-hugepages.mount - Huge Pages File System.
2026-05-15T02:31:12.927914+00:00 loadgen-2b4t systemd[1]: Mounted dev-mqueue.mount - POSIX Message Queue File System.
2026-05-15T02:31:12.927926+00:00 loadgen-2b4t systemd[1]: Mounted sys-kernel-debug.mount - Kernel Debug File System.
2026-05-15T02:31:12.927954+00:00 loadgen-2b4t systemd[1]: Mounted sys-kernel-tracing.mount - Kernel Trace File System.
2026-05-15T02:31:12.927965+00:00 loadgen-2b4t systemd[1]: Finished kmod-static-nodes.service - Create List of Static Device Nodes.
2026-05-15T02:31:12.927969+00:00 loadgen-2b4t systemd[1]: modprobe@configfs.service: Deactivated successfully.
2026-05-15T02:31:12.927973+00:00 loadgen-2b4t systemd[1]: Finished modprobe@configfs.service - Load Kernel Module configfs.
2026-05-15T02:31:12.927977+00:00 loadgen-2b4t systemd[1]: modprobe@dm_mod.service: Deactivated successfully.
2026-05-15T02:31:12.927984+00:00 loadgen-2b4t systemd[1]: Finished modprobe@dm_mod.service - Load Kernel Module dm_mod.
2026-05-15T02:31:12.927989+00:00 loadgen-2b4t systemd[1]: modprobe@drm.service: Deactivated successfully.
2026-05-15T02:31:12.927990+00:00 loadgen-2b4t kernel: Linux version 6.17.0-1013-gcp (buildd@lcy02-amd64-034) (x86_64-linux-gnu-gcc-13 (Ubuntu 13.3.0-6ubuntu2~24.04.1) 13.3.0, GNU ld (GNU Binutils for Ubuntu) 2.42) #13~24.04.1-Ubuntu SMP Thu Apr 16 02:10:24 UTC 2026 (Ubuntu 6.17.0-1013.13~24.04.1-gcp 6.17.13)
2026-05-15T02:31:12.927993+00:00 loadgen-2b4t systemd[1]: Finished modprobe@drm.service - Load Kernel Module drm.
2026-05-15T02:31:12.927998+00:00 loadgen-2b4t kernel: Command line: BOOT_IMAGE=/vmlinuz-6.17.0-1013-gcp root=PARTUUID=6624332c-1f00-4e51-a0bf-94661fe17234 ro console=ttyS0,115200 panic=-1
2026-05-15T02:31:12.927998+00:00 loadgen-2b4t systemd[1]: modprobe@efi_pstore.service: Deactivated successfully.
2026-05-15T02:31:12.928000+00:00 loadgen-2b4t kernel: KERNEL supported cpus:
2026-05-15T02:31:12.928000+00:00 loadgen-2b4t kernel:   Intel GenuineIntel
2026-05-15T02:31:12.928001+00:00 loadgen-2b4t kernel:   AMD AuthenticAMD
2026-05-15T02:31:12.928001+00:00 loadgen-2b4t kernel:   Hygon HygonGenuine
2026-05-15T02:31:12.928002+00:00 loadgen-2b4t kernel:   Centaur CentaurHauls
2026-05-15T02:31:12.928002+00:00 loadgen-2b4t systemd[1]: Finished modprobe@efi_pstore.service - Load Kernel Module efi_pstore.
2026-05-15T02:31:12.928005+00:00 loadgen-2b4t kernel:   zhaoxin   Shanghai  
2026-05-15T02:31:12.928006+00:00 loadgen-2b4t kernel: x86/CPU: Model not found in latest microcode list
2026-05-15T02:31:12.928006+00:00 loadgen-2b4t kernel: BIOS-provided physical RAM map:
2026-05-15T02:31:12.928007+00:00 loadgen-2b4t kernel: BIOS-e820: [mem 0x0000000000000000-0x0000000000000fff] reserved
2026-05-15T02:31:12.928007+00:00 loadgen-2b4t kernel: BIOS-e820: [mem 0x0000000000001000-0x0000000000054fff] usable
2026-05-15T02:31:12.928008+00:00 loadgen-2b4t kernel: BIOS-e820: [mem 0x0000000000055000-0x000000000005ffff] reserved
2026-05-15T02:31:12.928011+00:00 loadgen-2b4t kernel: BIOS-e820: [mem 0x0000000000060000-0x0000000000097fff] usable
2026-05-15T02:31:12.928011+00:00 loadgen-2b4t kernel: BIOS-e820: [mem 0x0000000000098000-0x000000000009ffff] reserved
2026-05-15T02:31:12.928012+00:00 loadgen-2b4t kernel: BIOS-e820: [mem 0x0000000000100000-0x00000000bd254fff] usable
2026-05-15T02:31:12.928007+00:00 loadgen-2b4t systemd[1]: modprobe@fuse.service: Deactivated successfully.
2026-05-15T02:31:12.928012+00:00 loadgen-2b4t kernel: BIOS-e820: [mem 0x00000000bd255000-0x00000000bd25ffff] ACPI data
2026-05-15T02:31:12.928016+00:00 loadgen-2b4t kernel: BIOS-e820: [mem 0x00000000bd260000-0x00000000bf8ecfff] usable
2026-05-15T02:31:12.928017+00:00 loadgen-2b4t kernel: BIOS-e820: [mem 0x00000000bf8ed000-0x00000000bfb6cfff] reserved
2026-05-15T02:31:12.928017+00:00 loadgen-2b4t kernel: BIOS-e820: [mem 0x00000000bfb6d000-0x00000000bfb7efff] ACPI data
2026-05-15T02:31:12.928016+00:00 loadgen-2b4t systemd[1]: Finished modprobe@fuse.service - Load Kernel Module fuse.
2026-05-15T02:31:12.928020+00:00 loadgen-2b4t kernel: BIOS-e820: [mem 0x00000000bfb7f000-0x00000000bfbfefff] ACPI NVS
2026-05-15T02:31:12.928021+00:00 loadgen-2b4t kernel: BIOS-e820: [mem 0x00000000bfbff000-0x00000000bffdffff] usable
2026-05-15T02:31:12.928021+00:00 loadgen-2b4t kernel: BIOS-e820: [mem 0x00000000bffe0000-0x00000000bfffffff] reserved
2026-05-15T02:31:12.928022+00:00 loadgen-2b4t kernel: BIOS-e820: [mem 0x0000000100000000-0x000000103fffffff] usable
2026-05-15T02:31:12.928022+00:00 loadgen-2b4t kernel: NX (Execute Disable) protection: active
2026-05-15T02:31:12.928022+00:00 loadgen-2b4t kernel: APIC: Static calls initialized
2026-05-15T02:31:12.928021+00:00 loadgen-2b4t systemd[1]: modprobe@loop.service: Deactivated successfully.
2026-05-15T02:31:12.928025+00:00 loadgen-2b4t kernel: efi: EFI v2.7 by EDK II
2026-05-15T02:31:12.928026+00:00 loadgen-2b4t kernel: efi: TPMFinalLog=0xbfbf7000 ACPI=0xbfb7e000 ACPI 2.0=0xbfb7e014 SMBIOS=0xbf9ca000 MEMATTR=0xbd260018 MOKvar=0xbf9c8000 RNG=0xbfb72018 TPMEventLog=0xbd255018 
2026-05-15T02:31:12.928027+00:00 loadgen-2b4t kernel: random: crng init done
2026-05-15T02:31:12.928026+00:00 loadgen-2b4t systemd[1]: Finished modprobe@loop.service - Load Kernel Module loop.
2026-05-15T02:31:12.928027+00:00 loadgen-2b4t kernel: SMBIOS 2.4 present.
2026-05-15T02:31:12.928031+00:00 loadgen-2b4t kernel: DMI: Google Google Compute Engine/Google Compute Engine, BIOS Google 04/21/2026
2026-05-15T02:31:12.928031+00:00 loadgen-2b4t kernel: DMI: Memory slots populated: 4/4
2026-05-15T02:31:12.928032+00:00 loadgen-2b4t systemd[1]: modprobe@nvme_fabrics.service: Deactivated successfully.
2026-05-15T02:31:12.928034+00:00 loadgen-2b4t kernel: secureboot: Secure boot disabled
2026-05-15T02:31:12.928035+00:00 loadgen-2b4t kernel: Hypervisor detected: KVM
2026-05-15T02:31:12.928036+00:00 loadgen-2b4t kernel: last_pfn = 0xbffe0 max_arch_pfn = 0x400000000
2026-05-15T02:31:12.928036+00:00 loadgen-2b4t kernel: kvm-clock: Using msrs 4b564d01 and 4b564d00
2026-05-15T02:31:12.928037+00:00 loadgen-2b4t kernel: kvm-clock: using sched offset of 15067980638 cycles
2026-05-15T02:31:12.928037+00:00 loadgen-2b4t kernel: clocksource: kvm-clock: mask: 0xffffffffffffffff max_cycles: 0x1cd42e4dffb, max_idle_ns: 881590591483 ns
2026-05-15T02:31:12.928038+00:00 loadgen-2b4t kernel: tsc: Detected 2299.998 MHz processor
2026-05-15T02:31:12.928037+00:00 loadgen-2b4t systemd[1]: Finished modprobe@nvme_fabrics.service - Load Kernel Module nvme_fabrics.
2026-05-15T02:31:12.928041+00:00 loadgen-2b4t kernel: e820: update [mem 0x00000000-0x00000fff] usable ==> reserved
2026-05-15T02:31:12.928041+00:00 loadgen-2b4t kernel: e820: remove [mem 0x000a0000-0x000fffff] usable
2026-05-15T02:31:12.928042+00:00 loadgen-2b4t kernel: last_pfn = 0x1040000 max_arch_pfn = 0x400000000
2026-05-15T02:31:12.928042+00:00 loadgen-2b4t kernel: MTRR map: 3 entries (2 fixed + 1 variable; max 18), built from 8 variable MTRRs
2026-05-15T02:31:12.928043+00:00 loadgen-2b4t kernel: x86/PAT: Configuration [0-7]: WB  WC  UC- UC  WB  WP  UC- WT  
2026-05-15T02:31:12.928043+00:00 loadgen-2b4t kernel: last_pfn = 0xbffe0 max_arch_pfn = 0x400000000
2026-05-15T02:31:12.928046+00:00 loadgen-2b4t kernel: Using GB pages for direct mapping
2026-05-15T02:31:12.928047+00:00 loadgen-2b4t kernel: secureboot: Secure boot disabled
2026-05-15T02:31:12.928047+00:00 loadgen-2b4t kernel: ACPI: Early table checksum verification disabled
2026-05-15T02:31:12.928041+00:00 loadgen-2b4t systemd-modules-load[309]: Inserted module 'dm_multipath'
2026-05-15T02:31:12.928047+00:00 loadgen-2b4t kernel: ACPI: RSDP 0x00000000BFB7E014 000024 (v02 Google)
2026-05-15T02:31:12.928050+00:00 loadgen-2b4t kernel: ACPI: XSDT 0x00000000BFB7D0E8 00005C (v01 Google GOOGFACP 00000001      01000013)
2026-05-15T02:31:12.928051+00:00 loadgen-2b4t kernel: ACPI: FACP 0x00000000BFB78000 0000F4 (v02 Google GOOGFACP 00000001 GOOG 00000001)
2026-05-15T02:31:12.928051+00:00 loadgen-2b4t systemd[1]: Finished systemd-modules-load.service - Load Kernel Modules.
2026-05-15T02:31:12.928054+00:00 loadgen-2b4t kernel: ACPI: DSDT 0x00000000BFB79000 001A64 (v01 Google GOOGDSDT 00000001 GOOG 00000001)
2026-05-15T02:31:12.928055+00:00 loadgen-2b4t kernel: ACPI: FACS 0x00000000BFBF1000 000040
2026-05-15T02:31:12.928055+00:00 loadgen-2b4t kernel: ACPI: SSDT 0x00000000BFB7C000 0003         Starting [0;1;39mplymouth-quit-wait.servic…[0md until boot process finishes up...
16 (v02 GOOGLE Tpm2Tabl 00001000 INTL 20250807)
2026-05-15T02:31:12.928056+00:00 loadgen-2b4t kernel: ACPI: TPM2 0x00000000BFB7B000 000034 (v04 GOOGLE          00000001 GOOG 00000001)
2026-05-15T02:31:12.928056+00:00 loadgen-2b4t kernel: ACPI: SRAT 0x00000000BFB77000 000228 (v03 Google GOOGSRAT 00000001 GOOG 00000001)
2026-05-15T02:31:12.928056+00:00 loadgen-2b4t kernel: ACPI: APIC 0x00000000BFB76000 000126 (v05 Google GOOGAPIC 00000001 GOOG 00000001)
2026-05-15T02:31:12.928057+00:00 loadgen-2b4t kernel: ACPI: SSDT 0x00000000BFB74000 0011D6 (v01 Google GOOGSSDT 00000001 GOOG 00000001)
2026-05-15T02:31:12.928057+00:00 loadgen-2b4t systemd[1]: Finished keyboard-setup.service - Set the console keyboard layout.
2026-05-15T02:31:12.928060+00:00 loadgen-2b4t kernel: ACPI: WAET 0x00000000BFB73000 000028 (v01 Google GOOGWAET 00000001 GOOG 00000001)
2026-05-15T02:31:12.928061+00:00 loadgen-2b4t kernel: ACPI: Reserving FACP table memory at [mem 0xbfb78000-0xbfb780f3]
2026-05-15T02:31:12.928061+00:00 loadgen-2b4t kernel: ACPI: Reserving DSDT table memory at [mem 0xbfb79000-0xbfb7aa63]
2026-05-15T02:31:12.928062+00:00 loadgen-2b4t kernel: ACPI: Reserving FACS table memory at [mem 0xbfbf1000-0xbfbf103f]
2026-05-15T02:31:12.928062+00:00 loadgen-2b4t kernel: ACPI: Reserving SSDT table memory at [mem 0xbfb7c000-0xbfb7c315]
2026-05-15T02:31:12.928062+00:00 loadgen-2b4t kernel: ACPI: Reserving TPM2 table memory at [mem 0xbfb7b000-0xbfb7b033]
2026-05-15T02:31:12.928061+00:00 loadgen-2b4t systemd-fsck[312]: cloudimg-rootfs: clean, 171994/6422528 files, 2139514/12844795 blocks
2026-05-15T02:31:12.928065+00:00 loadgen-2b4t kernel: ACPI: Reserving SRAT table memory at [mem 0xbfb77000-0xbfb77227]
2026-05-15T02:31:12.928066+00:00 loadgen-2b4t kernel: ACPI: Reserving APIC table memory at [mem 0xbfb76000-0xbfb76125]
2026-05-15T02:31:12.928067+00:00 loadgen-2b4t kernel: ACPI: Reserving SSDT table memory at [mem 0xbfb74000-0xbfb751d5]
2026-05-15T02:31:12.928067+00:00 loadgen-2b4t kernel: ACPI: Reserving WAET table memory at [mem 0xbfb73000-0xbfb73027]
2026-05-15T02:31:12.928067+00:00 loadgen-2b4t kernel: ACPI: SRAT: Node 0 PXM 0 [mem 0x00000000-0x0009ffff]
2026-05-15T02:31:12.928068+00:00 loadgen-2b4t kernel: ACPI: SRAT: Node 0 PXM 0 [mem 0x00100000-0xbfffffff]
2026-05-15T02:31:12.928068+00:00 loadgen-2b4t kernel: ACPI: SRAT: Node 0 PXM 0 [mem 0x100000000-0x103fffffff]
2026-05-15T02:31:12.928068+00:00 loadgen-2b4t systemd[1]: Mounting sys-fs-fuse-connections.mount - FUSE Control File System...
2026-05-15T02:31:12.928071+00:00 loadgen-2b4t kernel: NUMA: Node 0 [mem 0x00001000-0x0009ffff] + [mem 0x00100000-0xbfffffff] -> [mem 0x00001000-0xbfffffff]
2026-05-15T02:31:12.928072+00:00 loadgen-2b4t kernel: NUMA: Node 0 [mem 0x00001000-0xbfffffff] + [mem 0x100000000-0x103fffffff] -> [mem 0x00001000-0x103fffffff]
2026-05-15T02:31:12.928073+00:00 loadgen-2b4t kernel: NODE_DATA(0) allocated [mem 0x103ffd52c0-0x103fffffff]
2026-05-15T02:31:12.928073+00:00 loadgen-2b4t kernel: Zone ranges:
2026-05-15T02:31:12.928074+00:00 loadgen-2b4t kernel:   DMA      [mem 0x0000000000001000-0x0000000000ffffff]
2026-05-15T02:31:12.928074+00:00 loadgen-2b4t kernel:   DMA32    [mem 0x0000000001000000-0x00000000ffffffff]
2026-05-15T02:31:12.928072+00:00 loadgen-2b4t systemd[1]: Mounting sys-kernel-config.mount - Kernel Configuration File System...
2026-05-15T02:31:12.928079+00:00 loadgen-2b4t kernel:   Normal   [mem 0x0000000100000000-0x000000103fffffff]
2026-05-15T02:31:12.928080+00:00 loadgen-2b4t kernel:   Device   empty
2026-05-15T02:31:12.928080+00:00 loadgen-2b4t kernel: Movable zone start for each node
2026-05-15T02:31:12.928080+00:00 loadgen-2b4t kernel: Early memory node ranges
2026-05-15T02:31:12.928081+00:00 loadgen-2b4t kernel:   node   0: [mem 0x0000000000001000-0x0000000000054fff]
2026-05-15T02:31:12.928083+00:00 loadgen-2b4t kernel:   node   0: [mem 0x0000000000060000-0x0000000000097fff]
2026-05-15T02:31:12.928079+00:00 loadgen-2b4t systemd[1]: Started systemd-fsckd.service - File System Check Daemon to report status.
2026-05-15T02:31:12.928087+00:00 loadgen-2b4t kernel:   node   0: [mem 0x0000000000100000-0x00000000bd254fff]
2026-05-15T02:31:12.928087+00:00 loadgen-2b4t kernel:   node   0: [mem 0x00000000bd260000-0x00000000bf8ecfff]
2026-05-15T02:31:12.928088+00:00 loadgen-2b4t kernel:   node   0: [mem 0x00000000bfbff000-0x00000000bffdffff]
2026-05-15T02:31:12.928088+00:00 loadgen-2b4t kernel:   node   0: [mem 0x0000000100000000-0x000000103fffffff]
2026-05-15T02:31:12.928089+00:00 loadgen-2b4t kernel: Initmem setup node 0 [mem 0x0000000000001000-0x000000103fffffff]
2026-05-15T02:31:12.928089+00:00 loadgen-2b4t kernel: On node 0, zone DMA: 1 pages in unavailable ranges
2026-05-15T02:31:12.928088+00:00 loadgen-2b4t systemd[1]: systemd-repart.service - Repartition Root Disk was skipped because no trigger condition checks were met.
2026-05-15T02:31:12.928092+00:00 loadgen-2b4t kernel: On node 0, zone DMA: 11 pages in unavailable ranges
2026-05-15T02:31:12.928093+00:00 loadgen-2b4t kernel: On node 0, zone DMA: 104 pages in unavailable ranges
2026-05-15T02:31:12.928093+00:00 loadgen-2b4t kernel: On node 0, zone DMA32: 11 pages in unavailable ranges
2026-05-15T02:31:12.928094+00:00 loadgen-2b4t kernel: On node 0, zone DMA32: 786 pages in unavailable ranges
2026-05-15T02:31:12.928094+00:00 loadgen-2b4t kernel: On node 0, zone Normal: 32 pages in unavailable ranges
2026-05-15T02:31:12.928094+00:00 loadgen-2b4t kernel: ACPI: PM-Timer IO Port: 0xb008
2026-05-15T02:31:12.928093+00:00 loadgen-2b4t systemd[1]: Starting systemd-sysctl.service - Apply Kernel Variables...
2026-05-15T02:31:12.928095+00:00 loadgen-2b4t kernel: ACPI: LAPIC_NMI (acpi_id[0xff] dfl dfl lint[0x1])
2026-05-15T02:31:12.928099+00:00 loadgen-2b4t kernel: IOAPIC[0]: apic_id 0, version 17, address 0xfec00000, GSI 0-23
2026-05-15T02:31:12.928098+00:00 loadgen-2b4t systemd[1]: Starting systemd-tmpfiles-setup-dev-early.service - Create Static Device Nodes in /dev gracefully...
2026-05-15T02:31:12.928100+00:00 loadgen-2b4t kernel: ACPI: INT_SRC_OVR (bus 0 bus_irq 5 global_irq 5 high level)
2026-05-15T02:31:12.928102+00:00 loadgen-2b4t kernel: ACPI: INT_SRC_OVR (bus 0 bus_irq 9 global_irq 9 high level)
2026-05-15T02:31:12.928102+00:00 loadgen-2b4t kernel: ACPI: INT_SRC_OVR (bus 0 bus_irq 10 global_irq 10 high level)
2026-05-15T02:31:12.928103+00:00 loadgen-2b4t kernel: ACPI: INT_SRC_OVR (bus 0 bus_irq 11 global_irq 11 high level)
2026-05-15T02:31:12.928103+00:00 loadgen-2b4t kernel: ACPI: Using ACPI (MADT) for SMP configuration information
2026-05-15T02:31:12.928103+00:00 loadgen-2b4t systemd[1]: Finished systemd-fsck-root.service - File System Check on Root Device.
2026-05-15T02:31:12.928106+00:00 loadgen-2b4t kernel: CPU topo: Max. logical packages:   1
2026-05-15T02:31:12.928107+00:00 loadgen-2b4t kernel: CPU topo: Max. logical dies:       1
2026-05-15T02:31:12.928108+00:00 loadgen-2b4t kernel: CPU topo: Max. dies per package:   1
2026-05-15T02:31:12.928108+00:00 loadgen-2b4t kernel: CPU topo: Max. threads per core:   2
2026-05-15T02:31:12.928109+00:00 loadgen-2b4t kernel: CPU topo: Num. cores per package:    12
2026-05-15T02:31:12.928108+00:00 loadgen-2b4t systemd[1]: Finished lvm2-monitor.service - Monitoring of LVM2 mirrors, snapshots etc. using dmeventd or progress polling.
2026-05-15T02:31:12.928113+00:00 loadgen-2b4t systemd[1]: Mounted sys-fs-fuse-connections.mount - FUSE Control File System.
2026-05-15T02:31:12.928120+00:00 loadgen-2b4t systemd[1]: Mounted sys-kernel-config.mount - Kernel Configuration File System.
2026-05-15T02:31:12.928124+00:00 loadgen-2b4t systemd[1]: Starting systemd-remount-fs.service - Remount Root and Kernel File Systems...
2026-05-15T02:31:12.928128+00:00 loadgen-2b4t systemd[1]: Finished systemd-sysctl.service - Apply Kernel Variables.
2026-05-15T02:31:12.928132+00:00 loadgen-2b4t systemd[1]: Finished systemd-tmpfiles-setup-dev-early.service - Create Static Device Nodes in /dev gracefully.
2026-05-15T02:31:12.928136+00:00 loadgen-2b4t systemd[1]: Finished systemd-remount-fs.service - Remount Root and Kernel File Systems.
2026-05-15T02:31:12.928143+00:00 loadgen-2b4t systemd[1]: Starting multip         Starting [0;1;39mplymouth-quit.service[0m - Terminate Plymouth Boot Screen...
athd.service - Device-Mapper Multipath Device Controller...
2026-05-15T02:31:12.928147+00:00 loadgen-2b4t systemd[1]: systemd-hwdb-update.service - Rebuild Hardware Database was skipped because of an unmet condition check (ConditionNeedsUpdate=/etc).
2026-05-15T02:31:12.928151+00:00 loadgen-2b4t systemd[1]: Starting systemd-journal-flush.service - Flush Journal to Persistent Storage...
2026-05-15T02:31:12.928156+00:00 loadgen-2b4t systemd[1]: systemd-pstore.service - Platform Persistent Storage Archival was skipped because of an unmet condition check (ConditionDirectoryNotEmpty=/sys/fs/pstore).
2026-05-15T02:31:12.928160+00:00 loadgen-2b4t systemd[1]: Starting systemd-random-seed.service - Load/Save OS Random Seed...
2026-05-15T02:31:12.928164+00:00 loadgen-2b4t systemd[1]: systemd-sysusers.service - Create System Users was skipped because no trigger condition checks were met.
2026-05-15T02:31:12.928168+00:00 loadgen-2b4t kernel: CPU topo: Num. threads per package:  24
2026-05-15T02:31:12.928169+00:00 loadgen-2b4t kernel: CPU topo: Allowing 24 present CPUs plus 0 hotplug CPUs
2026-05-15T02:31:12.928171+00:00 loadgen-2b4t systemd[1]: Starting systemd-tmpfiles-setup-dev.service - Create Static Device Nodes in /dev...
2026-05-15T02:31:12.928173+00:00 loadgen-2b4t kernel: PM: hibernation: Registered nosave memory: [mem 0x00000000-0x00000fff]
2026-05-15T02:31:12.928174+00:00 loadgen-2b4t kernel: PM: hibernation: Registered nosave memory: [mem 0x00055000-0x0005ffff]
2026-05-15T02:31:12.928174+00:00 loadgen-2b4t kernel: PM: hibernation: Registered nosave memory: [mem 0x00098000-0x000fffff]
2026-05-15T02:31:12.928174+00:00 loadgen-2b4t kernel: PM: hibernation: Registered nosave memory: [mem 0xbd255000-0xbd25ffff]
2026-05-15T02:31:12.928175+00:00 loadgen-2b4t kernel: PM: hibernation: Registered nosave memory: [mem 0xbf8ed000-0xbfbfefff]
2026-05-15T02:31:12.928175+00:00 loadgen-2b4t kernel: PM: hibernation: Registered nosave memory: [mem 0xbffe0000-0xffffffff]
2026-05-15T02:31:12.928178+00:00 loadgen-2b4t kernel: [mem 0xc0000000-0xffffffff] available for PCI devices
2026-05-15T02:31:12.928179+00:00 loadgen-2b4t kernel: Booting paravirtualized kernel on KVM
2026-05-15T02:31:12.928179+00:00 loadgen-2b4t kernel: clocksource: refined-jiffies: mask: 0xffffffff max_cycles: 0xffffffff, max_idle_ns: 1910969940391419 ns
2026-05-15T02:31:12.928180+00:00 loadgen-2b4t kernel: setup_percpu: NR_CPUS:8192 nr_cpumask_bits:24 nr_cpu_ids:24 nr_node_ids:1
2026-05-15T02:31:12.928180+00:00 loadgen-2b4t kernel: percpu: Embedded 84 pages/cpu s221184 r8192 d114688 u524288
2026-05-15T02:31:12.928181+00:00 loadgen-2b4t kernel: pcpu-alloc: s221184 r8192 d114688 u524288 alloc=1*2097152
2026-05-15T02:31:12.928181+00:00 loadgen-2b4t systemd[1]: systemd-tpm2-setup.service - TPM2 SRK Setup was skipped because of an unmet condition check (ConditionSecurity=measured-uki).
2026-05-15T02:31:12.928184+00:00 loadgen-2b4t kernel: pcpu-alloc: [0] 00 01 02 03 [0] 04 05 06 07 
2026-05-15T02:31:12.928185+00:00 loadgen-2b4t kernel: pcpu-alloc: [0] 08 09 10 11 [0] 12 13 14 15 
2026-05-15T02:31:12.928185+00:00 loadgen-2b4t kernel: pcpu-alloc: [0] 16 17 18 19 [0] 20 21 22 23 
2026-05-15T02:31:12.928185+00:00 loadgen-2b4t kernel: kvm-guest: PV spinlocks enabled
2026-05-15T02:31:12.928186+00:00 loadgen-2b4t kernel: PV qspinlock hash table entries: 256 (order: 0, 4096 bytes, linear)
2026-05-15T02:31:12.928186+00:00 loadgen-2b4t kernel: Kernel command line: BOOT_IMAGE=/vmlinuz-6.17.0-1013-gcp root=PARTUUID=6624332c-1f00-4e51-a0bf-94661fe17234 ro console=ttyS0,115200 panic=-1
2026-05-15T02:31:12.928185+00:00 loadgen-2b4t systemd[1]: Finished systemd-udev-trigger.service - Coldplug All udev Devices.
2026-05-15T02:31:12.928189+00:00 loadgen-2b4t kernel: printk: log buffer data + meta data: 262144 + 917504 = 1179648 bytes
2026-05-15T02:31:12.928190+00:00 loadgen-2b4t kernel: Dentry cache hash table entries: 8388608 (order: 14, 67108864 bytes, linear)
2026-05-15T02:31:12.928191+00:00 loadgen-2b4t kernel: Inode-cache hash table entries: 4194304 (order: 13, 33554432 bytes, linear)
2026-05-15T02:31:12.928191+00:00 loadgen-2b4t kernel: software IO TLB: area num 32.
2026-05-15T02:31:12.928191+00:00 loadgen-2b4t kernel: Fallback order for Node 0: 0 
2026-05-15T02:31:12.928192+00:00 loadgen-2b4t kernel: Built 1 zonelists, mobility grouping on.  Total pages: 16776271
2026-05-15T02:31:12.928190+00:00 loadgen-2b4t systemd[1]: Finished systemd-random-seed.service - Load/Save OS Random Seed.
2026-05-15T02:31:12.928193+00:00 loadgen-2b4t kernel: Policy zone: Normal
2026-05-15T02:31:12.928197+00:00 loadgen-2b4t kernel: mem auto-init: stack:all(zero), heap alloc:on, heap free:off
2026-05-15T02:31:12.928199+00:00 loadgen-2b4t kernel: SLUB: HWalign=64, Order=0-3, MinObjects=0, CPUs=24, Nodes=1
2026-05-15T02:31:12.928200+00:00 loadgen-2b4t kernel: Kernel/User page tables isolation: enabled
2026-05-15T02:31:12.928200+00:00 loadgen-2b4t kernel: ftrace: allocating 61994 entries in 244 pages
2026-05-15T02:31:12.928201+00:00 loadgen-2b4t kernel: ftrace: allocated 244 pages with 5 groups
2026-05-15T02:31:12.928201+00:00 loadgen-2b4t kernel: rcu: Hierarchical RCU implementation.
2026-05-15T02:31:12.928195+00:00 loadgen-2b4t multipathd[359]: multipathd v0.9.4: start up
2026-05-15T02:31:12.928205+00:00 loadgen-2b4t kernel: rcu: 	RCU restricting CPUs from NR_CPUS=8192 to nr_cpu_ids=24.
2026-05-15T02:31:12.928206+00:00 loadgen-2b4t kernel: 	Rude variant of Tasks RCU enabled.
2026-05-15T02:31:12.928206+00:00 loadgen-2b4t kernel: 	Tracing variant of Tasks RCU enabled.
2026-05-15T02:31:12.928207+00:00 loadgen-2b4t kernel: rcu: RCU calculated value of scheduler-enlistment delay is 100 jiffies.
2026-05-15T02:31:12.928205+00:00 loadgen-2b4t multipathd[359]: reconfigure: setting up paths and maps
2026-05-15T02:31:12.928207+00:00 loadgen-2b4t kernel: rcu: Adjusting geometry for rcu_fanout_leaf=16, nr_cpu_ids=24
2026-05-15T02:31:12.928210+00:00 loadgen-2b4t kernel: RCU Tasks Rude: Setting shift to 5 and lim to 1 rcu_task_cb_adjust=1 rcu_task_cpu_ids=24.
2026-05-15T02:31:12.928210+00:00 loadgen-2b4t kernel: RCU Tasks Trace: Setting shift to 5 and lim to 1 rcu_task_cb_adjust=1 rcu_task_cpu_ids=24.
2026-05-15T02:31:12.928214+00:00 loadgen-2b4t kernel: NR_IRQS: 524544, nr_irqs: 616, preallocated irqs: 16
2026-05-15T02:31:12.928214+00:00 loadgen-2b4t kernel: rcu: srcu_init: Setting srcu_struct sizes based on contention.
2026-05-15T02:31:12.928214+00:00 loadgen-2b4t kernel: Console: colour dummy device 80x25
2026-05-15T02:31:12.928212+00:00 loadgen-2b4t systemd[1]: Finished systemd-tmpfiles-setup-dev.service - Create Static Device Nodes in /dev.
2026-05-15T02:31:12.928215+00:00 loadgen-2b4t kernel: printk: legacy console [ttyS0] enabled
2026-05-15T02:31:12.928216+00:00 loadgen-2b4t kernel: ACPI: Core revision 20250404
2026-05-15T02:31:12.928216+00:00 loadgen-2b4t kernel: APIC: Switch to symmetric I/O mode setup
2026-05-15T02:31:12.928219+00:00 loadgen-2b4t kernel: x2apic enabled
2026-05-15T02:31:12.928220+00:00 loadgen-2b4t kernel: APIC: Switched APIC routing to: physical x2apic
2026-05-15T02:31:12.928218+00:00 loadgen-2b4t systemd[1]: Starting systemd-udevd.service - Rule-based Manager for Device Events and Files...
2026-05-15T02:31:12.928220+00:00 loadgen-2b4t kernel: ..TIMER: vector=0x30 apic1=0 pin1=0 apic2=-1 pin2=-1
2026-05-15T02:31:12.928221+00:00 loadgen-2b4t kernel: clocksource: tsc-early: mask: 0xffffffffffffffff max_cycles: 0x212733415c7, max_idle_ns: 440795236380 ns
2026-05-15T02:31:12.928221+00:00 loadgen-2b4t kernel: Calibrating delay loop (skipped) preset value.. 4599.99 BogoMIPS (lpj=2299998)
2026-05-15T02:31:12.928222+00:00 loadgen-2b4t kernel: Last level iTLB entries: 4KB 1024, 2MB 1024, 4MB 1024
2026-05-15T02:31:12.928223+00:00 loadgen-2b4t systemd-udevd[364]: Using default interface naming scheme 'v255'.
2026-05-15T02:31:12.928225+00:00 loadgen-2b4t kernel: Last level dTLB entries: 4KB 1024, 2MB 1024, 4MB 1024, 1GB 4
2026-05-15T02:31:12.928226+00:00 loadgen-2b4t kernel: mitigations: Enabled attack vectors: user_kernel, user_user, guest_host, guest_guest, SMT mitigations: auto
2026-05-15T02:31:12.928226+00:00 loadgen-2b4t ker[[0;32m  OK  [0m] Started [0;1;39mrsyslog.service[0m - System Logging Service.
nel: Speculative Store Bypass: Mitigation: Speculative Store Bypass disabled via prctl
2026-05-15T02:31:12.928227+00:00 loadgen-2b4t kernel: Spectre V2 : Mitigation: IBRS
2026-05-15T02:31:12.928227+00:00 loadgen-2b4t kernel: RETBleed: Mitigation: IBRS
2026-05-15T02:31:12.928228+00:00 loadgen-2b4t kernel: ITS: Mitigation: Aligned branch/return thunks
2026-05-15T02:31:12.928228+00:00 loadgen-2b4t systemd[1]: Started multipathd.service - Device-Mapper Multipath Device Controller.
2026-05-15T02:31:12.928230+00:00 loadgen-2b4t kernel: Spectre V2 : User space: Mitigation: STIBP via prctl
2026-05-15T02:31:12.928231+00:00 loadgen-2b4t kernel: MDS: Mitigation: Clear CPU buffers
2026-05-15T02:31:12.928232+00:00 loadgen-2b4t kernel: MMIO Stale Data: Vulnerable: Clear CPU buffers attempted, no microcode
2026-05-15T02:31:12.928232+00:00 loadgen-2b4t kernel: Spectre V1 : Mitigation: usercopy/swapgs barriers and __user pointer sanitization
2026-05-15T02:31:12.928232+00:00 loadgen-2b4t kernel: Spectre V2 : Spectre v2 / SpectreRSB: Filling RSB on context switch and VMEXIT
2026-05-15T02:31:12.928233+00:00 loadgen-2b4t kernel: Spectre V2 : mitigation: Enabling conditional Indirect Branch Prediction Barrier
2026-05-15T02:31:12.928233+00:00 loadgen-2b4t kernel: active return thunk: its_return_thunk
2026-05-15T02:31:12.928236+00:00 loadgen-2b4t kernel: Spectre V2 : Spectre BHI mitigation: SW BHB clearing on syscall and VM exit
2026-05-15T02:31:12.928237+00:00 loadgen-2b4t kernel: x86/fpu: Supporting XSAVE feature 0x001: 'x87 floating point registers'
2026-05-15T02:31:12.928232+00:00 loadgen-2b4t systemd[1]: Started systemd-udevd.service - Rule-based Manager for Device Events and Files.
2026-05-15T02:31:12.928237+00:00 loadgen-2b4t kernel: x86/fpu: Supporting XSAVE feature 0x002: 'SSE registers'
2026-05-15T02:31:12.928238+00:00 loadgen-2b4t kernel: x86/fpu: Supporting XSAVE feature 0x004: 'AVX registers'
2026-05-15T02:31:12.928238+00:00 loadgen-2b4t kernel: x86/fpu: xstate_offset[2]:  576, xstate_sizes[2]:  256
2026-05-15T02:31:12.928239+00:00 loadgen-2b4t kernel: x86/fpu: Enabled xstate features 0x7, context size is 832 bytes, using 'standard' format.
2026-05-15T02:31:12.928242+00:00 loadgen-2b4t kernel: Freeing SMP alternatives memory: 52K
2026-05-15T02:31:12.928242+00:00 loadgen-2b4t kernel: pid_max: default: 32768 minimum: 301
2026-05-15T02:31:12.928240+00:00 loadgen-2b4t systemd[1]: nvmefc-boot-connections.service - Auto-connect to subsystems on FC-NVME devices found during boot was skipped because of an unmet condition check (ConditionPathExists=/sys/class/fc/fc_udev_device/nvme_discovery).
2026-05-15T02:31:12.928243+00:00 loadgen-2b4t kernel: LSM: initializing lsm=lockdown,capability,landlock,yama,apparmor,ima,evm
2026-05-15T02:31:12.928244+00:00 loadgen-2b4t kernel: landlock: Up and running.
2026-05-15T02:31:12.928244+00:00 loadgen-2b4t kernel: Yama: becoming mindful.
2026-05-15T02:31:12.928245+00:00 loadgen-2b4t kernel: AppArmor: AppArmor initialized
2026-05-15T02:31:12.928245+00:00 loadgen-2b4t kernel: Mount-cache hash table entries: 131072 (order: 8, 1048576 bytes, linear)
2026-05-15T02:31:12.928246+00:00 loadgen-2b4t systemd[1]: Reached target local-fs-pre.target - Preparation for Local File Systems.
2026-05-15T02:31:12.928248+00:00 loadgen-2b4t kernel: Mountpoint-cache hash table entries: 131072 (order: 8, 1048576 bytes, linear)
2026-05-15T02:31:12.928249+00:00 loadgen-2b4t kernel: smpboot: CPU0: Intel(R) Xeon(R) CPU @ 2.30GHz (family: 0x6, model: 0x3f, stepping: 0x0)
2026-05-15T02:31:12.928249+00:00 loadgen-2b4t kernel: Performance Events: unsupported CPU family 6 model 63 no PMU driver, software events only.
2026-05-15T02:31:12.928250+00:00 loadgen-2b4t kernel: signal: max sigframe size: 1776
2026-05-15T02:31:12.928250+00:00 loadgen-2b4t kernel: rcu: Hierarchical SRCU implementation.
2026-05-15T02:31:12.928250+00:00 loadgen-2b4t kernel: rcu: 	Max phase no-delay instances is 400.
2026-05-15T02:31:12.928251+00:00 loadgen-2b4t systemd[1]: Mounting snap-core22-2411.mount - Mount unit for core22, revision 2411...
2026-05-15T02:31:12.928256+00:00 loadgen-2b4t kernel: Timer migration: 2 hierarchy levels; 8 children per group; 2 crossnode level
2026-05-15T02:31:12.928257+00:00 loadgen-2b4t kernel: NMI watchdog: Perf NMI watchdog permanently disabled
2026-05-15T02:31:12.928258+00:00 loadgen-2b4t kernel: smp: Bringing up secondary CPUs ...
2026-05-15T02:31:12.928258+00:00 loadgen-2b4t kernel: smpboot: x86: Booting SMP configuration:
2026-05-15T02:31:12.928255+00:00 loadgen-2b4t systemd[1]: Mounting snap-google\x2dcloud\x2dcli-448.mount - Mount unit for google-cloud-cli, revision 448...
2026-05-15T02:31:12.928259+00:00 loadgen-2b4t kernel: .... node  #0, CPUs:        #1  #2  #3  #4  #5  #6  #7  #8  #9 #10 #11 #12 #13 #14 #15 #16 #17 #18 #19 #20 #21 #22 #23
2026-05-15T02:31:12.928260+00:00 loadgen-2b4t kernel: MDS CPU bug present and SMT on, data leak possible. See https://www.kernel.org/doc/html/latest/admin-guide/hw-vuln/mds.html for more details.
2026-05-15T02:31:12.928263+00:00 loadgen-2b4t kernel: MMIO Stale Data CPU bug present and SMT on, data leak possible. See https://www.kernel.org/doc/html/latest/admin-guide/hw-vuln/processor_mmio_stale_data.html for more details.
