2026-05-14 19:40:58,957 DEBUG    root            Loaded Command Group: ['gcloud', 'compute']
2026-05-14 19:40:58,959 DEBUG    root            Loaded Command Group: ['gcloud', 'compute', 'instances']
2026-05-14 19:40:58,960 DEBUG    root            Loaded Command Group: ['gcloud', 'compute', 'instances', 'get_serial_port_output']
2026-05-14 19:40:58,961 DEBUG    root            Running [gcloud.compute.instances.get-serial-port-output] with arguments: [--project: "env-integration-fenway", --zone: "us-central1-b", INSTANCE_NAME: "loadgen-jc40"]
2026-05-14 19:40:58,963 DEBUG    root            On GCE from memory cache: False
2026-05-14 19:40:58,964 DEBUG    root            On GCE from memory cache: False
2026-05-14 19:40:59,071 DEBUG    urllib3.connectionpool Starting new HTTPS connection (1): compute.googleapis.com:443
2026-05-14 19:40:59,551 DEBUG    urllib3.connectionpool https://compute.googleapis.com:443 "GET /compute/v1/projects/env-integration-fenway/zones/us-central1-b/instances/loadgen-jc40/serialPort?alt=json&port=1 HTTP/1.1" 200 None
2026-05-14 19:40:59,622 DEBUG    root            Chosen display Format:value[no-quote](contents)
2026-05-14 19:40:59,623 INFO     root            Display format: "value[no-quote](contents)"
2026-05-14 19:40:59,638 INFO     ___FILE_ONLY___ [2J[01;01H[=3h[2J[01;01H[2J[01;01H[=3h[2J[01;01HCSM BBS Table full.
BdsDxe: loading Boot0003 "Ubuntu" from PciRoot(0x0)/Pci(0x3,0x0)/Scsi(0x1,0x0)/HD(15,GPT,C848D457-4750-4825-A2CD-4EBFB870DC53,0x2800,0x35000)/\EFI\ubuntu\shimx64.efi
BdsDxe: starting Boot0003 "Ubuntu" from PciRoot(0x0)/Pci(0x3,0x0)/Scsi(0x1,0x0)/HD(15,GPT,C848D457-4750-4825-A2CD-4EBFB870DC53,0x2800,0x35000)/\EFI\ubuntu\shimx64.efi

UEFI: Attempting to start image.
Description: Ubuntu
FilePath: PciRoot(0x0)/Pci(0x3,0x0)/Scsi(0x1,0x0)/HD(15,GPT,C848D457-4750-4825-A2CD-4EBFB870DC53,0x2800,0x35000)/\EFI\ubuntu\shimx64.efi
OptionNumber: 3.

[H[J[1;1HGRUB_FORCE_PARTUUID set, attempting initrdless boot.
[    0.000000] Linux version 6.17.0-1013-gcp (buildd@lcy02-amd64-034) (x86_64-linux-gnu-gcc-13 (Ubuntu 13.3.0-6ubuntu2~24.04.1) 13.3.0, GNU ld (GNU Binutils for Ubuntu) 2.42) #13~24.04.1-Ubuntu SMP Thu Apr 16 02:10:24 UTC 2026 (Ubuntu 6.17.0-1013.13~24.04.1-gcp 6.17.13)
[    0.000000] Command line: BOOT_IMAGE=/vmlinuz-6.17.0-1013-gcp root=PARTUUID=6624332c-1f00-4e51-a0bf-94661fe17234 ro console=ttyS0,115200 panic=-1
[    0.000000] KERNEL supported cpus:
[    0.000000]   Intel GenuineIntel
[    0.000000]   AMD AuthenticAMD
[    0.000000]   Hygon HygonGenuine
[    0.000000]   Centaur CentaurHauls
[    0.000000]   zhaoxin   Shanghai  
[    0.000000] x86/CPU: Model not found in latest microcode list
[    0.000000] BIOS-provided physical RAM map:
[    0.000000] BIOS-e820: [mem 0x0000000000000000-0x0000000000000fff] reserved
[    0.000000] BIOS-e820: [mem 0x0000000000001000-0x0000000000054fff] usable
[    0.000000] BIOS-e820: [mem 0x0000000000055000-0x000000000005ffff] reserved
[    0.000000] BIOS-e820: [mem 0x0000000000060000-0x0000000000097fff] usable
[    0.000000] BIOS-e820: [mem 0x0000000000098000-0x000000000009ffff] reserved
[    0.000000] BIOS-e820: [mem 0x0000000000100000-0x00000000bd254fff] usable
[    0.000000] BIOS-e820: [mem 0x00000000bd255000-0x00000000bd25ffff] ACPI data
[    0.000000] BIOS-e820: [mem 0x00000000bd260000-0x00000000bf8ecfff] usable
[    0.000000] BIOS-e820: [mem 0x00000000bf8ed000-0x00000000bfb6cfff] reserved
[    0.000000] BIOS-e820: [mem 0x00000000bfb6d000-0x00000000bfb7efff] ACPI data
[    0.000000] BIOS-e820: [mem 0x00000000bfb7f000-0x00000000bfbfefff] ACPI NVS
[    0.000000] BIOS-e820: [mem 0x00000000bfbff000-0x00000000bffdffff] usable
[    0.000000] BIOS-e820: [mem 0x00000000bffe0000-0x00000000bfffffff] reserved
[    0.000000] BIOS-e820: [mem 0x0000000100000000-0x000000103fffffff] usable
[    0.000000] NX (Execute Disable) protection: active
[    0.000000] APIC: Static calls initialized
[    0.000000] efi: EFI v2.7 by EDK II
[    0.000000] efi: TPMFinalLog=0xbfbf7000 ACPI=0xbfb7e000 ACPI 2.0=0xbfb7e014 SMBIOS=0xbf9ca000 MEMATTR=0xbd260018 MOKvar=0xbf9c8000 RNG=0xbfb72018 TPMEventLog=0xbd255018 
[    0.000000] random: crng init done
[    0.000000] SMBIOS 2.4 present.
[    0.000000] DMI: Google Google Compute Engine/Google Compute Engine, BIOS Google 04/21/2026
[    0.000000] DMI: Memory slots populated: 4/4
[    0.000000] secureboot: Secure boot disabled
[    0.000000] Hypervisor detected: KVM
[    0.000000] last_pfn = 0xbffe0 max_arch_pfn = 0x400000000
[    0.000000] kvm-clock: Using msrs 4b564d01 and 4b564d00
[    0.000001] kvm-clock: using sched offset of 15379589223 cycles
[    0.000003] clocksource: kvm-clock: mask: 0xffffffffffffffff max_cycles: 0x1cd42e4dffb, max_idle_ns: 881590591483 ns
[    0.000006] tsc: Detected 2299.998 MHz processor
[    0.000085] last_pfn = 0x1040000 max_arch_pfn = 0x400000000
[    0.000118] MTRR map: 3 entries (2 fixed + 1 variable; max 18), built from 8 variable MTRRs
[    0.000122] x86/PAT: Configuration [0-7]: WB  WC  UC- UC  WB  WP  UC- WT  
[    0.000163] last_pfn = 0xbffe0 max_arch_pfn = 0x400000000
[    0.015888] Using GB pages for direct mapping
[    0.016341] secureboot: Secure boot disabled
[    0.016343] ACPI: Early table checksum verification disabled
[    0.016347] ACPI: RSDP 0x00000000BFB7E014 000024 (v02 Google)
[    0.016352] ACPI: XSDT 0x00000000BFB7D0E8 00005C (v01 Google GOOGFACP 00000001      01000013)
[    0.016359] ACPI: FACP 0x00000000BFB78000 0000F4 (v02 Google GOOGFACP 00000001 GOOG 00000001)
[    0.016367] ACPI: DSDT 0x00000000BFB79000 001A64 (v01 Google GOOGDSDT 00000001 GOOG 00000001)
[    0.016372] ACPI: FACS 0x00000000BFBF1000 000040
[    0.016376] ACPI: SSDT 0x00000000BFB7C000 000316 (v02 GOOGLE Tpm2Tabl 00001000 INTL 20250807)
[    0.016380] ACPI: TPM2 0x00000000BFB7B000 000034 (v04 GOOGLE          00000001 GOOG 00000001)
[    0.016385] ACPI: SRAT 0x00000000BFB77000 000228 (v03 Google GOOGSRAT 00000001 GOOG 00000001)
[    0.016390] ACPI: APIC 0x00000000BFB76000 000126 (v05 Google GOOGAPIC 00000001 GOOG 00000001)
[    0.016394] ACPI: SSDT 0x00000000BFB74000 0011D6 (v01 Google GOOGSSDT 00000001 GOOG 00000001)
[    0.016398] ACPI: WAET 0x00000000BFB73000 000028 (v01 Google GOOGWAET 00000001 GOOG 00000001)
[    0.016402] ACPI: Reserving FACP table memory at [mem 0xbfb78000-0xbfb780f3]
[    0.016403] ACPI: Reserving DSDT table memory at [mem 0xbfb79000-0xbfb7aa63]
[    0.016404] ACPI: Reserving FACS table memory at [mem 0xbfbf1000-0xbfbf103f]
[    0.016405] ACPI: Reserving SSDT table memory at [mem 0xbfb7c000-0xbfb7c315]
[    0.016406] ACPI: Reserving TPM2 table memory at [mem 0xbfb7b000-0xbfb7b033]
[    0.016407] ACPI: Reserving SRAT table memory at [mem 0xbfb77000-0xbfb77227]
[    0.016408] ACPI: Reserving APIC table memory at [mem 0xbfb76000-0xbfb76125]
[    0.016408] ACPI: Reserving SSDT table memory at [mem 0xbfb74000-0xbfb751d5]
[    0.016409] ACPI: Reserving WAET table memory at [mem 0xbfb73000-0xbfb73027]
[    0.016550] ACPI: SRAT: Node 0 PXM 0 [mem 0x00000000-0x0009ffff]
[    0.016553] ACPI: SRAT: Node 0 PXM 0 [mem 0x00100000-0xbfffffff]
[    0.016556] ACPI: SRAT: Node 0 PXM 0 [mem 0x100000000-0x103fffffff]
[    0.016564] NUMA: Node 0 [mem 0x00001000-0x0009ffff] + [mem 0x00100000-0xbfffffff] -> [mem 0x00001000-0xbfffffff]
[    0.016568] NUMA: Node 0 [mem 0x00001000-0xbfffffff] + [mem 0x100000000-0x103fffffff] -> [mem 0x00001000-0x103fffffff]
[    0.016595] NODE_DATA(0) allocated [mem 0x103ffd52c0-0x103fffffff]
[    0.016832] Zone ranges:
[    0.016833]   DMA      [mem 0x0000000000001000-0x0000000000ffffff]
[    0.016835]   DMA32    [mem 0x0000000001000000-0x00000000ffffffff]
[    0.016836]   Normal   [mem 0x0000000100000000-0x000000103fffffff]
[    0.016837]   Device   empty
[    0.016838] Movable zone start for each node
[    0.016841] Early memory node ranges
[    0.016841]   node   0: [mem 0x0000000000001000-0x0000000000054fff]
[    0.016843]   node   0: [mem 0x0000000000060000-0x0000000000097fff]
[    0.016844]   node   0: [mem 0x0000000000100000-0x00000000bd254fff]
[    0.016845]   node   0: [mem 0x00000000bd260000-0x00000000bf8ecfff]
[    0.016846]   node   0: [mem 0x00000000bfbff000-0x00000000bffdffff]
[    0.016847]   node   0: [mem 0x0000000100000000-0x000000103fffffff]
[    0.016852] Initmem setup node 0 [mem 0x0000000000001000-0x000000103fffffff]
[    0.016935] On node 0, zone DMA: 1 pages in unavailable ranges
[    0.016936] On node 0, zone DMA: 11 pages in unavailable ranges
[    0.016964] On node 0, zone DMA: 104 pages in unavailable ranges
[    0.022255] On node 0, zone DMA32: 11 pages in unavailable ranges
[    0.022269] On node 0, zone DMA32: 786 pages in unavailable ranges
[    0.132439] On node 0, zone Normal: 32 pages in unavailable ranges
[    0.133066] ACPI: PM-Timer IO Port: 0xb008
[    0.133091] ACPI: LAPIC_NMI (acpi_id[0xff] dfl dfl lint[0x1])
[    0.133178] IOAPIC[0]: apic_id 0, version 17, address 0xfec00000, GSI 0-23
[    0.133183] ACPI: INT_SRC_OVR (bus 0 bus_irq 5 global_irq 5 high level)
[    0.133185] ACPI: INT_SRC_OVR (bus 0 bus_irq 9 global_irq 9 high level)
[    0.133186] ACPI: INT_SRC_OVR (bus 0 bus_irq 10 global_irq 10 high level)
[    0.133188] ACPI: INT_SRC_OVR (bus 0 bus_irq 11 global_irq 11 high level)
[    0.133194] ACPI: Using ACPI (MADT) for SMP configuration information
[    0.133200] CPU topo: Max. logical packages:   1
[    0.133201] CPU topo: Max. logical dies:       1
[    0.133202] CPU topo: Max. dies per package:   1
[    0.133206] CPU topo: Max. threads per core:   2
[    0.133207] CPU topo: Num. cores per package:    12
[    0.133208] CPU topo: Num. threads per package:  24
[    0.133209] CPU topo: Allowing 24 present CPUs plus 0 hotplug CPUs
[    0.133237] PM: hibernation: Registered nosave memory: [mem 0x00000000-0x00000fff]
[    0.133239] PM: hibernation: Registered nosave memory: [mem 0x00055000-0x0005ffff]
[    0.133241] PM: hibernation: Registered nosave memory: [mem 0x00098000-0x000fffff]
[    0.133243] PM: hibernation: Registered nosave memory: [mem 0xbd255000-0xbd25ffff]
[    0.133244] PM: hibernation: Registered nosave memory: [mem 0xbf8ed000-0xbfbfefff]
[    0.133246] PM: hibernation: Registered nosave memory: [mem 0xbffe0000-0xffffffff]
[    0.133248] [mem 0xc0000000-0xffffffff] available for PCI devices
[    0.133251] Booting paravirtualized kernel on KVM
[    0.133253] clocksource: refined-jiffies: mask: 0xffffffff max_cycles: 0xffffffff, max_idle_ns: 1910969940391419 ns
[    0.133262] setup_percpu: NR_CPUS:8192 nr_cpumask_bits:24 nr_cpu_ids:24 nr_node_ids:1
[    0.135166] percpu: Embedded 84 pages/cpu s221184 r8192 d114688 u524288
[    0.135222] kvm-guest: PV spinlocks enabled
[    0.135225] PV qspinlock hash table entries: 256 (order: 0, 4096 bytes, linear)
[    0.135228] Kernel command line: BOOT_IMAGE=/vmlinuz-6.17.0-1013-gcp root=PARTUUID=6624332c-1f00-4e51-a0bf-94661fe17234 ro console=ttyS0,115200 panic=-1
[    0.135296] printk: log buffer data + meta data: 262144 + 917504 = 1179648 bytes
[    0.142211] Dentry cache hash table entries: 8388608 (order: 14, 67108864 bytes, linear)
[    0.145689] Inode-cache hash table entries: 4194304 (order: 13, 33554432 bytes, linear)
[    0.146340] software IO TLB: area num 32.
[    0.159933] Fallback order for Node 0: 0 
[    0.159940] Built 1 zonelists, mobility grouping on.  Total pages: 16776271
[    0.159941] Policy zone: Normal
[    0.159953] mem auto-init: stack:all(zero), heap alloc:on, heap free:off
[    0.314538] SLUB: HWalign=64, Order=0-3, MinObjects=0, CPUs=24, Nodes=1
[    0.314601] Kernel/User page tables isolation: enabled
[    0.327540] ftrace: allocating 61994 entries in 244 pages
[    0.327543] ftrace: allocated 244 pages with 5 groups
[    0.327933] rcu: Hierarchical RCU implementation.
[    0.327934] rcu: 	RCU restricting CPUs from NR_CPUS=8192 to nr_cpu_ids=24.
[    0.327936] 	Rude variant of Tasks RCU enabled.
[    0.327936] 	Tracing variant of Tasks RCU enabled.
[    0.327937] rcu: RCU calculated value of scheduler-enlistment delay is 100 jiffies.
[    0.327938] rcu: Adjusting geometry for rcu_fanout_leaf=16, nr_cpu_ids=24
[    0.327963] RCU Tasks Rude: Setting shift to 5 and lim to 1 rcu_task_cb_adjust=1 rcu_task_cpu_ids=24.
[    0.327968] RCU Tasks Trace: Setting shift to 5 and lim to 1 rcu_task_cb_adjust=1 rcu_task_cpu_ids=24.
[    0.331966] NR_IRQS: 524544, nr_irqs: 616, preallocated irqs: 16
[    0.332322] rcu: srcu_init: Setting srcu_struct sizes based on contention.
[    0.332455] Console: colour dummy device 80x25
[    0.332523] printk: legacy console [ttyS0] enabled
[    0.630008] ACPI: Core revision 20250404
[    0.631506] APIC: Switch to symmetric I/O mode setup
[    0.633908] x2apic enabled
[    0.638291] APIC: Switched APIC routing to: physical x2apic
[    0.645439] ..TIMER: vector=0x30 apic1=0 pin1=0 apic2=-1 pin2=-1
[    0.647712] clocksource: tsc-early: mask: 0xffffffffffffffff max_cycles: 0x212733415c7, max_idle_ns: 440795236380 ns
[    0.651105] Calibrating delay loop (skipped) preset value.. 4599.99 BogoMIPS (lpj=2299998)
[    0.652439] Last level iTLB entries: 4KB 1024, 2MB 1024, 4MB 1024
[    0.653103] Last level dTLB entries: 4KB 1024, 2MB 1024, 4MB 1024, 1GB 4
[    0.654124] mitigations: Enabled attack vectors: user_kernel, user_user, guest_host, guest_guest, SMT mitigations: auto
[    0.655104] Speculative Store Bypass: Mitigation: Speculative Store Bypass disabled via prctl
[    0.656103] Spectre V2 : Mitigation: IBRS
[    0.657102] RETBleed: Mitigation: IBRS
[    0.658102] ITS: Mitigation: Aligned branch/return thunks
[    0.659102] Spectre V2 : User space: Mitigation: STIBP via prctl
[    0.660102] MDS: Mitigation: Clear CPU buffers
[    0.661102] MMIO Stale Data: Vulnerable: Clear CPU buffers attempted, no microcode
[    0.662102] Spectre V1 : Mitigation: usercopy/swapgs barriers and __user pointer sanitization
[    0.663105] Spectre V2 : Spectre v2 / SpectreRSB: Filling RSB on context switch and VMEXIT
[    0.664105] Spectre V2 : mitigation: Enabling conditional Indirect Branch Prediction Barrier
[    0.665110] active return thunk: its_return_thunk
[    0.666103] Spectre V2 : Spectre BHI mitigation: SW BHB clearing on syscall and VM exit
[    0.667121] x86/fpu: Supporting XSAVE feature 0x001: 'x87 floating point registers'
[    0.668108] x86/fpu: Supporting XSAVE feature 0x002: 'SSE registers'
[    0.669104] x86/fpu: Supporting XSAVE feature 0x004: 'AVX registers'
[    0.670105] x86/fpu: xstate_offset[2]:  576, xstate_sizes[2]:  256
[    0.671104] x86/fpu: Enabled xstate features 0x7, context size is 832 bytes, using 'standard' format.
[    0.734580] Freeing SMP alternatives memory: 52K
[    0.735107] pid_max: default: 32768 minimum: 301
[    0.736222] LSM: initializing lsm=lockdown,capability,landlock,yama,apparmor,ima,evm
[    0.737121] landlock: Up and running.
[    0.738103] Yama: becoming mindful.
[    0.740167] AppArmor: AppArmor initialized
[    0.741365] Mount-cache hash table entries: 131072 (order: 8, 1048576 bytes, linear)
[    0.742290] Mountpoint-cache hash table entries: 131072 (order: 8, 1048576 bytes, linear)
[    0.845951] smpboot: CPU0: Intel(R) Xeon(R) CPU @ 2.30GHz (family: 0x6, model: 0x3f, stepping: 0x0)
[    0.847162] Performance Events: unsupported CPU family 6 model 63 no PMU driver, software events only.
[    0.848208] signal: max sigframe size: 1776
[    0.849148] rcu: Hierarchical SRCU implementation.
[    0.850103] rcu: 	Max phase no-delay instances is 400.
[    0.851178] Timer migration: 2 hierarchy levels; 8 children per group; 2 crossnode level
[    0.854026] NMI watchdog: Perf NMI watchdog permanently disabled
[    0.855145] smp: Bringing up secondary CPUs ...
[    0.856297] smpboot: x86: Booting SMP configuration:
[    0.857104] .... node  #0, CPUs:        #1  #2  #3  #4  #5  #6  #7  #8  #9 #10 #11 #12 #13 #14 #15 #16 #17 #18 #19 #20 #21 #22 #23
[    0.870146] MDS CPU bug present and SMT on, data leak possible. See https://www.kernel.org/doc/html/latest/admin-guide/hw-vuln/mds.html for more details.
[    0.872104] MMIO Stale Data CPU bug present and SMT on, data leak possible. See https://www.kernel.org/doc/html/latest/admin-guide/hw-vuln/processor_mmio_stale_data.html for more details.
[    0.878339] smp: Brought up 1 node, 24 CPUs
[    0.879104] smpboot: Total of 24 processors activated (110399.90 BogoMIPS)
[    0.882398] Memory: 65805496K/67105084K available (22206K kernel code, 4673K rwdata, 15608K rodata, 5404K init, 6100K bss, 1277620K reserved, 0K cma-reserved)
[    0.886176] devtmpfs: initialized
[    0.887193] x86/mm: Memory block size: 1024MB
[    0.891145] ACPI: PM: Registering ACPI NVS region [mem 0xbfb7f000-0xbfbfefff] (524288 bytes)
[    0.892245] clocksource: jiffies: mask: 0xffffffff max_cycles: 0xffffffff, max_idle_ns: 1911260446275000 ns
[    0.893160] posixtimers hash table entries: 16384 (order: 6, 262144 bytes, linear)
[    0.894243] futex hash table entries: 8192 (524288 bytes on 1 NUMA nodes, total 512 KiB, linear).
[    0.895264] pinctrl core: initialized pinctrl subsystem
[    0.897102] PM: RTC time: 02:28:41, date: 2026-05-15
[    0.899611] NET: Registered PF_NETLINK/PF_ROUTE protocol family
[    0.901238] DMA: preallocated 4096 KiB GFP_KERNEL pool for atomic allocations
[    0.902822] DMA: preallocated 4096 KiB GFP_KERNEL|GFP_DMA pool for atomic allocations
[    0.903829] DMA: preallocated 4096 KiB GFP_KERNEL|GFP_DMA32 pool for atomic allocations
[    0.904120] audit: initializing netlink subsys (disabled)
[    0.905144] audit: type=2000 audit(1778812121.137:1): state=initialized audit_enabled=0 res=1
[    0.905309] thermal_sys: Registered thermal governor 'fair_share'
[    0.906104] thermal_sys: Registered thermal governor 'bang_bang'
[    0.907103] thermal_sys: Registered thermal governor 'step_wise'
[    0.908108] thermal_sys: Registered thermal governor 'user_space'
[    0.909103] thermal_sys: Registered thermal governor 'power_allocator'
[    0.910119] cpuidle: using governor ladder
[    0.912110] cpuidle: using governor menu
[    0.913185] acpiphp: ACPI Hot Plug PCI Controller Driver version: 0.5
[    0.914405] PCI: Using configuration type 1 for base access
[    0.915225] kprobes: kprobe jump-optimization is enabled. All kprobes are optimized if possible.
[    0.917319] HugeTLB: registered 1.00 GiB page size, pre-allocated 0 pages
[    0.918104] HugeTLB: 16380 KiB vmemmap can be freed for a 1.00 GiB page
[    0.919104] HugeTLB: registered 2.00 MiB page size, pre-allocated 0 pages
[    0.920119] HugeTLB: 28 KiB vmemmap can be freed for a 2.00 MiB page
[    0.924256] ACPI: Added _OSI(Module Device)
[    0.925104] ACPI: Added _OSI(Processor Device)
[    0.926104] ACPI: Added _OSI(Processor Aggregator Device)
[    0.930803] ACPI: 3 ACPI AML tables successfully acquired and loaded
[    0.935362] ACPI: Interpreter enabled
[    0.936121] ACPI: PM: (supports S0 S3 S4 S5)
[    0.937105] ACPI: Using IOAPIC for interrupt routing
[    0.938450] PCI: Using host bridge windows from ACPI; if necessary, use "pci=nocrs" and report a bug
[    0.939103] PCI: Ignoring E820 reservations for host bridge windows
[    0.940479] ACPI: Enabled 16 GPEs in block 00 to 0F
[    0.948913] ACPI: PCI Root Bridge [PCI0] (domain 0000 [bus 00-ff])
[    0.949110] acpi PNP0A03:00: _OSC: OS supports [ASPM ClockPM Segments MSI EDR HPX-Type3]
[    0.950105] acpi PNP0A03:00: _OSC: not requesting OS control; OS requires [ExtendedConfig ASPM ClockPM MSI]
[    0.951119] acpi PNP0A03:00: fail to add MMCONFIG information, can't access extended configuration space under this bridge
[    0.954475] PCI host bridge to bus 0000:00
[    0.955108] pci_bus 0000:00: root bus resource [io  0x0000-0x0cf7 window]
[    0.956103] pci_bus 0000:00: root bus resource [io  0x0d00-0xffff window]
[    0.957104] pci_bus 0000:00: root bus resource [mem 0x000a0000-0x000bffff window]
[    0.958103] pci_bus 0000:00: root bus resource [mem 0xc0000000-0xc53fffff window]
[    0.959103] pci_bus 0000:00: root bus resource [mem 0xc5440000-0xee3fffff window]
[    0.960103] pci_bus 0000:00: root bus resource [mem 0xee440000-0xfebfefff window]
[    0.961103] pci_bus 0000:00: root bus resource [mem 0x1040000000-0x2103fffffff window]
[    0.962104] pci_bus 0000:00: root bus resource [bus 00-ff]
[    0.963182] pci 0000:00:00.0: [8086:1237] type 00 class 0x060000 conventional PCI endpoint
[    0.967364] pci 0000:00:01.0: [8086:7110] type 00 class 0x060100 conventional PCI endpoint
[    0.974650] pci 0000:00:01.3: [8086:7113] type 00 class 0x068000 conventional PCI endpoint
[    0.979312] pci 0000:00:01.3: quirk: [io  0xb000-0xb03f] claimed by PIIX4 ACPI
[    0.981769] pci 0000:00:03.0: [1af4:1004] type 00 class 0x000000 conventional PCI endpoint
[    0.990142] pci 0000:00:03.0: BAR 0 [io  0xc040-0xc07f]
[    0.991119] pci 0000:00:03.0: BAR 1 [mem 0xc1001000-0xc100107f]
[    0.992910] pci 0000:00:04.0: [10de:1eb8] type 00 class 0x030200 conventional PCI endpoint
[    1.008136] pci 0000:00:04.0: BAR 0 [mem 0xc0000000-0xc0ffffff]
[    1.009133] pci 0000:00:04.0: BAR 1 [mem 0x1040000000-0x104fffffff 64bit pref]
[    1.010137] pci 0000:00:04.0: BAR 3 [mem 0x1050000000-0x1051ffffff 64bit pref]
[    1.012131] pci 0000:00:05.0: [1af4:1000] type 00 class 0x020000 conventional PCI endpoint
[    1.021135] pci 0000:00:05.0: BAR 0 [io  0xc000-0xc03f]
[    1.022119] pci 0000:00:05.0: BAR 1 [mem 0xc1000000-0xc10003ff]
[    1.024143] pci 0000:00:06.0: [1af4:1005] type 00 class 0x00ff00 conventional PCI endpoint
[    1.034136] pci 0000:00:06.0: BAR 0 [io  0xc080-0xc09f]
[    1.035124] pci 0000:00:06.0: BAR 1 [mem 0xc1002000-0xc100203f]
[    1.048640] ACPI: PCI: Interrupt link LNKA configured for IRQ 10
[    1.050279] ACPI: PCI: Interrupt link LNKB configured for IRQ 10
[    1.052280] ACPI: PCI: Interrupt link LNKC configured for IRQ 11
[    1.054236] ACPI: PCI: Interrupt link LNKD configured for IRQ 11
[    1.056152] ACPI: PCI: Interrupt link LNKS configured for IRQ 9
[    1.061103] iommu: Default domain type: Translated
[    1.062104] iommu: DMA domain TLB invalidation policy: lazy mode
[    1.064385] SCSI subsystem initialized
[    1.066149] ACPI: bus type USB registered
[    1.067128] usbcore: registered new interface driver usbfs
[    1.068113] usbcore: registered new interface driver hub
[    1.069144] usbcore: registered new device driver usb
[    1.070134] pps_core: LinuxPPS API ver. 1 registered
[    1.071103] pps_core: Software ver. 5.3.6 - Copyright 2005-2007 Rodolfo Giometti <giometti@linux.it>
[    1.072109] PTP clock support registered
[    1.073163] EDAC MC: Ver: 3.0.0
[    1.075347] efivars: Registered efivars operations
[    1.077783] NetLabel: Initializing
[    1.078104] NetLabel:  domain hash size = 128
[    1.079103] NetLabel:  protocols = UNLABELED CIPSOv4 CALIPSO
[    1.080130] NetLabel:  unlabeled traffic allowed by default
[    1.081147] mctp: management component transport protocol core
[    1.082105] NET: Registered PF_MCTP protocol family
[    1.083124] PCI: Using ACPI for IRQ routing
[    1.085321] vgaarb: loaded
[    1.086375] clocksource: Switched to clocksource kvm-clock
[    1.089251] VFS: Disk quotas dquot_6.6.0
[    1.090540] VFS: Dquot-cache hash table entries: 512 (order 0, 4096 bytes)
[    1.093026] AppArmor: AppArmor Filesystem Enabled
[    1.094367] pnp: PnP ACPI init
[    1.096419] pnp: PnP ACPI: found 7 devices
[    1.104993] clocksource: acpi_pm: mask: 0xffffff max_cycles: 0xffffff, max_idle_ns: 2085701024 ns
[    1.107801] NET: Registered PF_INET protocol family
[    1.109581] IP idents hash table entries: 262144 (order: 9, 2097152 bytes, linear)
[    1.133759] tcp_listen_portaddr_hash hash table entries: 32768 (order: 7, 524288 bytes, linear)
[    1.136374] Table-perturb hash table entries: 65536 (order: 6, 262144 bytes, linear)
[    1.139255] TCP established hash table entries: 524288 (order: 10, 4194304 bytes, linear)
[    1.142231] TCP bind hash table entries: 65536 (order: 9, 2097152 bytes, linear)
[    1.144617] TCP: Hash tables configured (established 524288 bind 65536)
[    1.147121] MPTCP token hash table entries: 65536 (order: 9, 1572864 bytes, linear)
[    1.149818] UDP hash table entries: 32768 (order: 9, 2097152 bytes, linear)
[    1.152545] UDP-Lite hash table entries: 32768 (order: 9, 2097152 bytes, linear)
[    1.155566] NET: Registered PF_UNIX/PF_LOCAL protocol family
[    1.157537] NET: Registered PF_XDP protocol family
[    1.159447] pci_bus 0000:00: resource 4 [io  0x0000-0x0cf7 window]
[    1.161498] pci_bus 0000:00: resource 5 [io  0x0d00-0xffff window]
[    1.163180] pci_bus 0000:00: resource 6 [mem 0x000a0000-0x000bffff window]
[    1.165058] pci_bus 0000:00: resource 7 [mem 0xc0000000-0xc53fffff window]
[    1.167226] pci_bus 0000:00: resource 8 [mem 0xc5440000-0xee3fffff window]
[    1.169648] pci_bus 0000:00: resource 9 [mem 0xee440000-0xfebfefff window]
[    1.172128] pci_bus 0000:00: resource 10 [mem 0x1040000000-0x2103fffffff window]
[    1.174814] pci 0000:00:00.0: Limiting direct PCI/PCI transfers
[    1.177015] PCI: CLS 0 bytes, default 64
[    1.178488] PCI-DMA: Using software bounce buffering for IO (SWIOTLB)
[    1.180838] software IO TLB: mapped [mem 0x00000000b7f7f000-0x00000000bbf7f000] (64MB)
[    1.183676] clocksource: tsc: mask: 0xffffffffffffffff max_cycles: 0x212733415c7, max_idle_ns: 440795236380 ns
[    1.187410] clocksource: Switched to clocksource tsc
[    1.207700] Initialise system trusted keyrings
[    1.209381] Key type blacklist registered
[    1.211031] workingset: timestamp_bits=36 max_order=24 bucket_order=0
[    1.213581] squashfs: version 4.0 (2009/01/31) Phillip Lougher
[    1.215632] fuse: init (API version 7.44)
[    1.217643] integrity: Platform Keyring initialized
[    1.219560] integrity: Machine keyring initialized
[    1.234660] Key type asymmetric registered
[    1.236067] Asymmetric key parser 'x509' registered
[    1.237670] Block layer SCSI generic (bsg) driver version 0.4 loaded (major 242)
[    1.240548] io scheduler mq-deadline registered
[    1.247719] ledtrig-cpu: registered to indicate activity on CPUs
[    1.250221] input: Power Button as /devices/LNXSYSTM:00/LNXPWRBN:00/input/input0
[    1.252734] ACPI: button: Power Button [PWRF]
[    1.254311] input: Sleep Button as /devices/LNXSYSTM:00/LNXSLPBN:00/input/input1
[    1.256971] ACPI: button: Sleep Button [SLPF]
[    1.267903] ACPI: \_SB_.LNKC: Enabled at IRQ 11
[    1.269240] virtio-pci 0000:00:03.0: virtio_pci: leaving for legacy driver
[    1.281931] ACPI: \_SB_.LNKA: Enabled at IRQ 10
[    1.283543] virtio-pci 0000:00:05.0: virtio_pci: leaving for legacy driver
[    1.296991] ACPI: \_SB_.LNKB: Enabled at IRQ 10
[    1.298477] virtio-pci 0000:00:06.0: virtio_pci: leaving for legacy driver
[    1.307358] Serial: 8250/16550 driver, 32 ports, IRQ sharing enabled
[    1.332081] 00:03: ttyS0 at I/O 0x3f8 (irq = 4, base_baud = 115200) is a 16550A
[    1.357711] 00:04: ttyS1 at I/O 0x2f8 (irq = 3, base_baud = 115200) is a 16550A
[    1.383481] 00:05: ttyS2 at I/O 0x3e8 (irq = 6, base_baud = 115200) is a 16550A
[    1.409067] 00:06: ttyS3 at I/O 0x2e8 (irq = 7, base_baud = 115200) is a 16550A
[    1.414047] Linux agpgart interface v0.103
[    1.417095] tpm_tis MSFT0101:00: 2.0 TPM (device-id 0x9009, rev-id 0)
[    1.436444] loop: module loaded
[    1.442146] virtio_scsi virtio0: 1/0/0 default/read/poll queues
[    1.465274] scsi host0: Virtio SCSI HBA
[    1.467020] blk-mq: reduced tag depth to 10240
[    1.474429] Key type psk registered
[    1.474932] scsi 0:0:1:0: Direct-Access     Google   PersistentDisk   1    PQ: 0 ANSI: 6
[    1.476649] ACPI: bus type drm_connector registered
[    1.480578] tun: Universal TUN/TAP device driver, 1.6
[    1.632260] sd 0:0:1:0: Attached scsi generic sg0 type 0
[    1.632480] sd 0:0:1:0: [sda] 4194304000 512-byte logical blocks: (2.15 TB/1.95 TiB)
[    1.683236] sd 0:0:1:0: [sda] 4096-byte physical blocks
[    1.704895] sd 0:0:1:0: [sda] Write Protect is off
[    1.723321] sd 0:0:1:0: [sda] Write cache: enabled, read cache: enabled, doesn't support DPO or FUA
[    1.740339] PPP generic driver version 2.4.2
[    1.744418] i8042: PNP: PS/2 Controller [PNP0303:KBD,PNP0f13:MOU] at 0x60,0x64 irq 1,12
[    1.746966] i8042: Warning: Keylock active
[    1.750616] serio: i8042 KBD port at 0x60,0x64 irq 1
[    1.752363] serio: i8042 AUX port at 0x60,0x64 irq 12
[    1.754365] mousedev: PS/2 mouse device common for all mice
[    1.756540] rtc_cmos 00:00: RTC can wake from S4
[    1.759871] rtc_cmos 00:00: registered as rtc0
[    1.761378] rtc_cmos 00:00: setting system clock to 2026-05-15T02:28:42 UTC (1778812122)
[    1.763915] rtc_cmos 00:00: alarms up to one day, 114 bytes nvram
[    1.765718] i2c_dev: i2c /dev entries driver
[    1.767132] device-mapper: core: CONFIG_IMA_DISABLE_HTABLE is disabled. Duplicate IMA measurements will not be recorded in the IMA log.
[    1.771637] device-mapper: uevent: version 1.0.3
[    1.772876] device-mapper: ioctl: 4.50.0-ioctl (2025-04-28) initialised: dm-devel@lists.linux.dev
[    1.773403] GPT:Primary header thinks Alt. header is not at the end of the disk.
[    1.774785] intel_pstate: CPU model not supported
[    1.776605] GPT:104857599 != 4194303999
[    1.777786] drop_monitor: Initializing network drop monitor service
[    1.778570] GPT:Alternate GPT header not at the end of the disk.
[    1.781104] NET: Registered PF_INET6 protocol family
[    1.782195] GPT:104857599 != 4194303999
[    1.782196] GPT: Use GNU Parted to correct GPT errors.
[    1.782203]  sda: sda1 sda14 sda15 sda16
[    1.784605] Segment Routing with IPv6
[    1.785355] sd 0:0:1:0: [sda] Attached SCSI disk
[    1.786717] In-situ OAM (IOAM) with IPv6
[    1.792206] NET: Registered PF_PACKET protocol family
[    1.793985] Key type dns_resolver registered
[    1.800950] IPI shorthand broadcast: enabled
[    1.804666] sched_clock: Marking stable (1491004030, 312768691)->(2052514831, -248742110)
[    1.807592] registered taskstats version 1
[    1.812310] Loading compiled-in X.509 certificates
[    1.814961] Loaded X.509 cert 'Build time autogenerated kernel key: e45cb4cd1c398ae218369364b5dd9534d3664c1e'
[    1.818681] Loaded X.509 cert 'Canonical Ltd. Live Patch Signing 2025 Kmod: d541cef61dc7e793b7eb7e899970a2eef0b5dc8c'
[    1.822339] Loaded X.509 cert 'Canonical Ltd. Live Patch Signing: 14df34d1a87cf37625abec039ef2bf521249b969'
[    1.825639] Loaded X.509 cert 'Canonical Ltd. Kernel Module Signing: 88f752e560a1e0737e31163a466ad7b70a850c19'
[    1.828584] blacklist: Loading compiled-in revocation X.509 certificates
[    1.830667] Loaded X.509 cert 'Canonical Ltd. Secure Boot Signing: 61482aa2830d0ab2ad5af10b7250da9033ddcef0'
[    1.833552] Loaded X.509 cert 'Canonical Ltd. Secure Boot Signing (2017): 242ade75ac4a15e50d50c84b0d45ff3eae707a03'
[    1.836793] Loaded X.509 cert 'Canonical Ltd. Secure Boot Signing (ESM 2018): 365188c1d374d6b07c3c8f240f8ef722433d6a8b'
[    1.840211] Loaded X.509 cert 'Canonical Ltd. Secure Boot Signing (2019): c0746fd6c5da3ae827864651ad66ae47fe24b3e8'
[    1.843451] Loaded X.509 cert 'Canonical Ltd. Secure Boot Signing (2021 v1): a8d54bbb3825cfb94fa13c9f8a594a195c107b8d'
[    1.846362] Loaded X.509 cert 'Canonical Ltd. Secure Boot Signing (2021 v2): 4cf046892d6fd3c9a5b03f98d845f90851dc6a8c'
[    1.849815] Loaded X.509 cert 'Canonical Ltd. Secure Boot Signing (2021 v3): 100437bb6de6e469b581e61cd66bce3ef4ed53af'
[    1.852746] Loaded X.509 cert 'Canonical Ltd. Secure Boot Signing (Ubuntu Core 2019): c1d57b8f6b743f23ee41f4f7ee292f06eecadfb9'
[    1.862277] Demotion targets for Node 0: null
[    1.864031] Key type .fscrypt registered
[    1.865172] Key type fscrypt-provisioning registered
[    1.866575] Key type big_key registered
[    1.867723] Key type trusted registered
[    1.870699] Key type encrypted registered
[    1.871891] AppArmor: AppArmor sha256 policy hashing enabled
[    1.874006] integrity: Loading X.509 certificate: UEFI:db
[    1.875946] integrity: Loaded X.509 cert 'Microsoft Corporation UEFI CA 2011: 13adbf4309bd82709c8cd54f316ed522988a1bd4'
[    1.878888] integrity: Loading X.509 certificate: UEFI:db
[    1.880429] integrity: Loaded X.509 cert 'Microsoft Windows Production PCA 2011: a92902398e16c49778cd90f99e4f9ae17c55af53'
[    1.883443] integrity: Loading X.509 certificate: UEFI:db
[    1.885017] integrity: Loaded X.509 cert 'Microsoft Corporation: Windows UEFI CA 2023: aefc5fbbbe055d8f8daa585473499417ab5a5272'
[    1.887569] integrity: Loading X.509 certificate: UEFI:db
[    1.889320] integrity: Loaded X.509 cert 'Microsoft UEFI CA 2023: 81aa6b3244c935bce0d6628af39827421e32497d'
[    1.892149] integrity: Revoking X.509 certificate: UEFI:dbx
[    1.893595] blacklist: Revoked X.509 cert 'Canonical Ltd. Secure Boot Signing: 61482aa2830d0ab2ad5af10b7250da9033ddcef0'
[    1.896725] integrity: Revoking X.509 certificate: UEFI:dbx
[    1.898678] blacklist: Revoked X.509 cert 'Cisco: Virtual UEFI SubCA: 13df2e3f54ebf347dcaecebf21d3cbb2355a4c9a'
[    1.901159] integrity: Revoking X.509 certificate: UEFI:dbx
[    1.902840] blacklist: Revoked X.509 cert 'Debian Secure Boot Signer: 00a7468def'
[    1.905234] Loading compiled-in module X.509 certificates
[    1.906947] Loaded X.509 cert 'Build time autogenerated kernel key: e45cb4cd1c398ae218369364b5dd9534d3664c1e'
[    1.909498] ima: Allocated hash algorithm: sha256
[    1.946032] ima: No architecture policies found
[    1.947376] evm: Initialising EVM extended attributes:
[    1.948764] evm: security.selinux
[    1.949671] evm: security.SMACK64
[    1.950432] evm: security.SMACK64EXEC
[    1.951329] evm: security.SMACK64TRANSMUTE
[    1.952168] evm: security.SMACK64MMAP
[    1.953288] evm: security.apparmor
[    1.954085] evm: security.ima
[    1.954923] evm: security.capability
[    1.956005] evm: HMAC attrs: 0x1
[    1.957789] PM:   Magic number: 10:256:460
[    1.957809] input: AT Translated Set 2 keyboard as /devices/platform/i8042/serio0/input/input2
[    1.964911] RAS: Correctable Errors collector initialized.
[    1.979631] clk: Disabling unused clocks
[    1.980985] PM: genpd: Disabling unused power domains
[    1.982977] check access for rdinit=/init failed: -2, ignoring
[    1.984023] md: Waiting for all devices to be available before autodetect
[    1.985607] md: If you don't use raid, use raid=noautodetect
[    1.986676] md: Autodetecting RAID arrays.
[    1.987384] md: autorun ...
[    1.987886] md: ... autorun DONE.
[    1.996100] EXT4-fs (sda1): mounted filesystem 89fcf612-67c3-434b-97ea-2cfdbfe01b5b ro with ordered data mode. Quota mode: none.
[    1.998602] VFS: Mounted root (ext4 filesystem) readonly on device 8:1.
[    2.000459] devtmpfs: mounted
[    2.003274] Freeing unused decrypted memory: 2028K
[    2.006192] Freeing unused kernel image (initmem) memory: 5404K
[    2.007514] Write protecting the kernel read-only data: 38912k
[    2.009276] Freeing unused kernel image (text/rodata gap) memory: 320K
[    2.011196] Freeing unused kernel image (rodata/data gap) memory: 776K
[    2.075188] x86/mm: Checked W+X mappings: passed, no W+X pages found.
[    2.076385] x86/mm: Checking user space page tables
[    2.137404] x86/mm: Checked W+X mappings: passed, no W+X pages found.
[    2.138689] Run /sbin/init as init process
[    2.407254] systemd[1]: Inserted module 'autofs4'
[    2.565658] systemd[1]: systemd 255.4-1ubuntu8.15 running in system mode (+PAM +AUDIT +SELINUX +APPARMOR +IMA +SMACK +SECCOMP +GCRYPT -GNUTLS +OPENSSL +ACL +BLKID +CURL +ELFUTILS +FIDO2 +IDN2 -IDN +IPTC +KMOD +LIBCRYPTSETUP +LIBFDISK +PCRE2 -PWQUALITY +P11KIT +QRENCODE +TPM2 +BZIP2 +LZ4 +XZ +ZLIB +ZSTD -BPF_FRAMEWORK -XKBCOMMON +UTMP +SYSVINIT default-hierarchy=unified)
[    2.571819] systemd[1]: Detected virtualization google.
[    2.572802] systemd[1]: Detected architecture x86-64.

Welcome to [1mUbuntu 24.04.4 LTS[0m!

[    2.578871] systemd[1]: No hostname configured, using default hostname.
[    2.580111] systemd[1]: Hostname set to <localhost>.
[    3.024254] systemd[1]: Queued start job for default target graphical.target.
[    3.050813] systemd[1]: Created slice system-modprobe.slice - Slice /system/modprobe.
[[0;32m  OK  [0m] Created slice [0;1;39msystem-modprobe.slice[0m - Slice /system/modprobe.
[    3.057121] systemd[1]: Created slice system-serial\x2dgetty.slice - Slice /system/serial-getty.
[[0;32m  OK  [0m] Created slice [0;1;39msystem-serial\x2dget…slice[0m - Slice /system/serial-getty.
[    3.062402] systemd[1]: Created slice system-systemd\x2dfsck.slice - Slice /system/systemd-fsck.
[[0;32m  OK  [0m] Created slice [0;1;39msystem-systemd\x2dfs…slice[0m - Slice /system/systemd-fsck.
[    3.068308] systemd[1]: Created slice user.slice - User and Session Slice.
[[0;32m  OK  [0m] Created slice [0;1;39muser.slice[0m - User and Session Slice.
[    3.072946] systemd[1]: Started systemd-ask-password-wall.path - Forward Password Requests to Wall Directory Watch.
[[0;32m  OK  [0m] Started [0;1;39msystemd-ask-password-wall.…[0md Requests to Wall Directory Watch.
[    3.078092] systemd[1]: Set up automount proc-sys-fs-binfmt_misc.automount - Arbitrary Executable File Formats File System Automount Point.
[[0;32m  OK  [0m] Set up automount [0;1;39mproc-sys-fs-binfm…[0mormats File System Automount Point.
[    3.083852] systemd[1]: Expecting device dev-disk-by\x2dlabel-BOOT.device - /dev/disk/by-label/BOOT...
         Expecting device [0;1;39mdev-disk-by\x2dla…device[0m - /dev/disk/by-label/BOOT...
[    3.088837] systemd[1]: Expecting device dev-disk-by\x2dlabel-UEFI.device - /dev/disk/by-label/UEFI...
         Expecting device [0;1;39mdev-disk-by\x2dla…device[0m - /dev/disk/by-label/UEFI...
[    3.093829] systemd[1]: Expecting device dev-ttyS0.device - /dev/ttyS0...
         Expecting device [0;1;39mdev-ttyS0.device[0m - /dev/ttyS0...
[    3.097857] systemd[1]: Reached target integritysetup.target - Local Integrity Protected Volumes.
[[0;32m  OK  [0m] Reached target [0;1;39mintegritysetup.targ…[0m Local Integrity Protected Volumes.
[    3.102866] systemd[1]: Reached target slices.target - Slice Units.
[[0;32m  OK  [0m] Reached target [0;1;39mslices.target[0m - Slice Units.
[    3.106858] systemd[1]: Reached target snapd.mounts-pre.target - Mounting snaps.
[[0;32m  OK  [0m] Reached target [0;1;39msnapd.mounts-pre.target[0m - Mounting snaps.
[    3.110842] systemd[1]: Reached target swap.target - Swaps.
[[0;32m  OK  [0m] Reached target [0;1;39mswap.target[0m - Swaps.
[    3.114847] systemd[1]: Reached target time-set.target - System Time Set.
[[0;32m  OK  [0m] Reached target [0;1;39mtime-set.target[0m - System Time Set.
[    3.118879] systemd[1]: Reached target veritysetup.target - Local Verity Protected Volumes.
[[0;32m  OK  [0m] Reached target [0;1;39mveritysetup.target[0m - Local Verity Protected Volumes.
[    3.123936] systemd[1]: Listening on dm-event.socket - Device-mapper event daemon FIFOs.
[[0;32m  OK  [0m] Listening on [0;1;39mdm-event.socket[0m - Device-mapper event daemon FIFOs.
[    3.129027] systemd[1]: Listening on lvm2-lvmpolld.socket - LVM2 poll daemon socket.
[[0;32m  OK  [0m] Listening on [0;1;39mlvm2-lvmpolld.socket[0m - LVM2 poll daemon socket.
[    3.133967] systemd[1]: Listening on multipathd.socket - multipathd control socket.
[[0;32m  OK  [0m] Listening on [0;1;39mmultipathd.socket[0m - multipathd control socket.
[    3.139003] systemd[1]: Listening on syslog.socket - Syslog Socket.
[[0;32m  OK  [0m] Listening on [0;1;39msyslog.socket[0m - Syslog Socket.
[    3.142956] systemd[1]: Listening on systemd-fsckd.socket - fsck to fsckd communication Socket.
[[0;32m  OK  [0m] Listening on [0;1;39msystemd-fsckd.socket[0m …fsck to fsckd communication Socket.
[    3.147929] systemd[1]: Listening on systemd-initctl.socket - initctl Compatibility Named Pipe.
[[0;32m  OK  [0m] Listening on [0;1;39msystemd-initctl.socke…[0m- initctl Compatibility Named Pipe.
[    3.152981] systemd[1]: Listening on systemd-journald-dev-log.socket - Journal Socket (/dev/log).
[[0;32m  OK  [0m] Listening on [0;1;39msystemd-journald-dev-…socket[0m - Journal Socket (/dev/log).
[    3.158006] systemd[1]: Listening on systemd-journald.socket - Journal Socket.
[[0;32m  OK  [0m] Listening on [0;1;39msystemd-journald.socket[0m - Journal Socket.
[    3.163074] systemd[1]: Listening on systemd-networkd.socket - Network Service Netlink Socket.
[[0;32m  OK  [0m] Listening on [0;1;39msystemd-networkd.socket[0m - Network Service Netlink Socket.
[    3.167879] systemd[1]: systemd-pcrextend.socket - TPM2 PCR Extension (Varlink) was skipped because of an unmet condition check (ConditionSecurity=measured-uki).
[    3.171934] systemd[1]: Listening on systemd-udevd-control.socket - udev Control Socket.
[[0;32m  OK  [0m] Listening on [0;1;39msystemd-udevd-control.socket[0m - udev Control Socket.
[    3.177974] systemd[1]: Listening on systemd-udevd-kernel.socket - udev Kernel Socket.
[[0;32m  OK  [0m] Listening on [0;1;39msystemd-udevd-kernel.socket[0m - udev Kernel Socket.
[    3.201885] systemd[1]: Mounting dev-hugepages.mount - Huge Pages File System...
         Mounting [0;1;39mdev-hugepages.mount[0m - Huge Pages File System...
[    3.209044] systemd[1]: Mounting dev-mqueue.mount - POSIX Message Queue File System...
         Mounting [0;1;39mdev-mqueue.mount[0m - POSIX Message Queue File System...
[    3.216054] systemd[1]: Mounting sys-kernel-debug.mount - Kernel Debug File System...
         Mounting [0;1;39msys-kernel-debug.mount[0m - Kernel Debug File System...
[    3.222895] systemd[1]: Mounting sys-kernel-tracing.mount - Kernel Trace File System...
         Mounting [0;1;39msys-kernel-tracing.mount[0m - Kernel Trace File System...
[    3.233368] systemd[1]: Starting systemd-journald.service - Journal Service...
         Starting [0;1;39msystemd-journald.service[0m - Journal Service...
[    3.241493] systemd[1]: Starting keyboard-setup.service - Set the console keyboard layout...
         Starting [0;1;39mkeyboard-setup.service[0m - Set the console keyboard layout...
[    3.249405] systemd[1]: Starting kmod-static-nodes.service - Create List of Static Device Nodes...
         Starting [0;1;39mkmod-static-nodes.service[0m…eate List of Static Device Nodes...
[    3.257078] systemd[1]: Starting lvm2-monitor.service - Monitoring of LVM2 mirrors, snapshots etc. using dmeventd or progress polling...
[    3.257929] systemd-journald[285]: Collecting audit messages is disabled.
         Starting [0;1;39mlvm2-monitor.service[0m - Mo…ing d[    3.263405] systemd[1]: Starting modprobe@configfs.service - Load Kernel Module configfs...
meventd or progress polling...
         Starting [0;1;39mmodprobe@configfs.service[0m - Load [    3.270214] systemd[1]: Starting modprobe@dm_mod.service - Load Kernel Module dm_mod...
Kernel Module configfs...
         Starting [0;1;39mmodprobe@dm_mod.service[0m - Load Ke[    3.277172] systemd[1]: Starting modprobe@drm.service - Load Kernel Module drm...
rnel Module dm_mod...
         Starting [0;1;39mmodprobe@drm.service[    3.284110] systemd[1]: Starting modprobe@efi_pstore.service - Load Kernel Module efi_pstore...
[0m - Load Kernel Module drm...
         Starting [0;1;39mmodprobe@efi_pstore.s[    3.291022] systemd[1]: Starting modprobe@fuse.service - Load Kernel Module fuse...
ervi…[0m - Load Kernel Module efi_pstore...
         Starting [0;1;39mmodprobe@fuse.service[    3.297981] systemd[1]: Starting modprobe@loop.service - Load Kernel Module loop...
[0m - Load Kernel Module fuse...
[    3.302624] pstore: Using crash dump compression: deflate
         Starting [0;1;39mmodprobe@loop.service[    3.305282] systemd[1]: Starting modprobe@nvme_fabrics.service - Load Kernel Module nvme_fabrics...
[0m - Load Kernel Module loop...
         Starting [0;1;39mmodpr[    3.311383] systemd[1]: netplan-ovs-cleanup.service - OpenVSwitch configuration for cleanup was skipped because of an unmet condition check (ConditionFileIsExecutable=/usr/bin/ovs-vsctl).
[    3.312800] pstore: Registered efi_pstore as persistent store backend
obe@nvme_fabrics[    3.317385] systemd[1]: Starting systemd-fsck-root.service - File System Check on Root Device...
.ser…[0m Load Kernel Module nvme_fabrics...
         Starting [0;1;39msystemd-fsck-root.service[0m…File System Check on Root Device...
[    3.326830] systemd[1]: Starting systemd-modules-load.service - Load Kernel Modules...
         Starting [0;1;39msystemd-modules-load.service[0m - Load Kernel Modules...
[    3.333892] systemd[1]: systemd-pcrmachine.service - TPM2 PCR Machine ID Measurement was skipped because of an unmet condition check (ConditionSecurity=measured-uki).
[    3.337879] systemd[1]: systemd-tpm2-setup-early.service - TPM2 SRK Setup (Early) was skipped because of an unmet condition check (ConditionSecurity=measured-uki).
[    3.343323] systemd[1]: Starting systemd-udev-trigger.service - Coldplug All udev Devices...
         Starting [0;1;39msystemd-udev-trigger.service[0m - Coldplug All udev Devices...
[    3.347453] systemd[1]: Started systemd-journald.service - Journal Service.
[[0;32m  OK  [0m] Started [0;1;39msystemd-journald.service[0m - Journal Service.
[[0;32m  OK  [0m] Mounted [0;1;39mdev-hugepages.mount[0m - Huge Pages File System.
[[0;32m  OK  [0m] Mounted [0;1;39mdev-mqueue.mount[0m - POSIX Message Queue File System.
[[0;32m  OK  [0m] Mounted [0;1;39msys-kernel-debug.mount[0m - Kernel Debug File System.
[[0;32m  OK  [0m] Mounted [0;1;39msys-kernel-tracing.mount[0m - Kernel Trace File System.
[[0;32m  OK  [0m] Finished [0;1;39mkeyboard-setup.service[0m - Set the console keyboard layout.
[[0;32m  OK  [0m] Finished [0;1;39mkmod-static-nodes.service[0m…Create List of Static Device Nodes.
[[0;32m  OK  [0m] Finished [0;1;39mmodprobe@configfs.service[0m - Load Kernel Module configfs.
[[0;32m  OK  [0m] Finished [0;1;39mmodprobe@dm_mod.service[0m - Load Kernel Module dm_mod.
[[0;32m  OK  [0m] Finished [0;1;39mmodprobe@drm.service[0m - Load Kernel Module drm.
[[0;32m  OK  [0m] Finished [0;1;39mmodprobe@efi_pstore.service[0m - Load Kernel Module efi_pstore.
[[0;32m  OK  [0m] Finished [0;1;39mmodprobe@fuse.service[0m - Load Kernel Module fuse.
[[0;32m  OK  [0m] Finished [0;1;39mmodprobe@loop.service[0m - Load Kernel Module loop.
[[0;32m  OK  [0m] Finished [0;1;39mmodprobe@nvme_fabrics.ser…[0m - Load Kernel Module nvme_fabrics.
[[0;32m  OK  [0m] Finished [0;1;39msystemd-modules-load.service[0m - Load Kernel Modules.
         Mounting [0;1;39msys-fs-fuse-connections.mount[0m - FUSE Control File System...
         Mounting [0;1;39msys-kernel-config.mount[0m - Kernel Configuration File System...
[[0;32m  OK  [0m] Started [0;1;39msystemd-fsckd.service[0m - Fi…stem Check Daemon to report status.
         Starting [0;1;39msystemd-sysctl.service[0m - Apply Kernel Variables...
         Starting [0;1;39msystemd-tmpfiles-setup-de…[0m Device Nodes in /dev gracefully...
[[0;32m  OK  [0m] Finished [0;1;39mlvm2-monitor.service[0m - Mo…using dmeventd or progress polling.
[[0;32m  OK  [0m] Finished [0;1;39msystemd-fsck-root.service[0m - File System Check on Root Device.
[[0;32m  OK  [0m] Mounted [0;1;39msys-fs-fuse-connections.mount[0m - FUSE Control File System.
[[0;32m  OK  [0m] Mounted [0;1;39msys-kernel-config.mount[0m - Kernel Configuration File System.
         Starting [0;1;39msystemd-remount-fs.servic…[0munt Root and Kernel File Systems...
[[0;32m  OK  [0m] Finished [0;1;39msystemd-sysctl.service[0m - Apply Kernel Variables.
[[0;32m  OK  [0m] Finished [0;1;39msystemd-tmpfiles-setup-de…[0mic Device Nodes in /dev gracefully.
[[0;32m  OK  [0m] Finished [0;1;39msystemd-udev-trigger.service[0m - Coldplug All udev Devices.
[[0;32m  OK  [0m] Finished [0;1;39msystemd-remount-fs.servic…[0mmount Root and Kernel File Systems.
         Starting [0;1;39mmultipathd.service[0m - Devi…pper Multipath Device Controller...
         Starting [0;1;39msystemd-journal-flush.ser…[0msh Journal to Persistent Storage...
         Starting [0;1;39msystemd-random-seed.service[0m - Load/Save OS Random Seed...
         Starting [0;1;39msystemd-tmpfiles-setup-de…[0meate Static Device Nodes in /dev...
[[0;32m  OK  [0m] Finished [0;1;39msystemd-random-seed.service[0m - Load/Save OS Random Seed.
[[0;32m  OK  [0m] Finished [0;1;39msystemd-tmpfiles-setup-de…[0mCreate Static Device Nodes in /dev.
         Starting [0;1;39msystemd-udevd.service[0m - R…ager for Device Events and Files...
[[0;32m  OK  [0m] Started [0;1;39mmultipathd.service[0m - Devic…Mapper Multipath Device Controller.
[[0;32m  OK  [0m] Started [0;1;39msystemd-udevd.service[0m - Ru…anager for Device Events and Files.
[[0;32m  OK  [0m] Reached target [0;1;39mlocal-fs-pre.target[0m…Preparation for Local File Systems.
         Mounting [0;1;39msnap-core22-2411.mount[0m - …t unit for core22, revision 2411...
         Mounting [0;1;39msnap-google\x2dcloud\x2dc…[0mr google-cloud-cli, revision 448...
         Mounting [0;1;39msnap-snapd-26865.mount[0m - …t unit for snapd, revision 26865...
[[0;32m  OK  [0m] Started [0;1;39msystemd-ask-password-conso…[0mequests to Console Directory Watch.
[[0;32m  OK  [0m] Reached target [0;1;39mcryptsetup.target[0m - Local Encrypted Volumes.
[[0;32m  OK  [0m] Finished [0;1;39msystemd-journal-flush.ser…[0mlush Journal to Persistent Storage.
[[0;32m  OK  [0m] Mounted [0;1;39msnap-core22-2411.mount[0m - Mount unit for core22, revision 2411.
[[0;32m  OK  [0m] Mounted [0;1;39msnap-google\x2dcloud\x2dcl…[0mfor google-cloud-cli, revision 448.
[[0;32m  OK  [0m] Mounted [0;1;39msnap-snapd-26865.mount[0m - Mount unit for snapd, revision 26865.
[[0;32m  OK  [0m] Found device [0;1;39mdev-ttyS0.device[0m - /dev/ttyS0.
[[0;32m  OK  [0m] Found device [0;1;39mdev-disk-by\x2dlabel-UEFI.device[0m - PersistentDisk UEFI.
[[0;32m  OK  [0m] Found device [0;1;39mdev-disk-by\x2dlabel-BOOT.device[0m - PersistentDisk BOOT.
[[0;32m  OK  [0m] Reached target [0;1;39msnapd.mounts.target[0m - Mounted snaps.
[[0;32m  OK  [0m] Listening on [0;1;39msystemd-rfkill.socket[0m…ll Switch Status /dev/rfkill Watch.
[    4.070314] 
         Starting [0;1;39msystemd-fsck@dev-disk-by\…[0mCheck on /dev/disk/by-label/BOOT...
         Starting [0;1;39msystemd-fsck@dev-disk-by\…[0mCheck on /dev/disk/by-label/UEFI...
Checking in progress on 1 disk (0.0% complete)[[0;32m  OK  [0m] Finished [0;1;39msystemd-fsck@dev-disk-by\…[0mm Check on /dev/disk/by-label/BOOT.
Checking in progress on 0 disks (100.0% complete)[[0;32m  OK  [0m] Finished [0;1;39msystemd-fsck@dev-disk-by\…[0mm Check on /dev/disk/by-label/UEFI.
         Mounting [0;1;39mboot.mount[0m - /boot...
[[0;32m  OK  [0m] Mounted [0;1;39mboot.mount[0m - /boot.
         Mounting [0;1;39mboot-efi.mount[0m - /boot/efi...
[[0;32m  OK  [0m] Mounted [0;1;39mboot-efi.mount[0m - /boot/efi.
[[0;32m  OK  [0m] Reached target [0;1;39mlocal-fs.target[0m - Local File Systems.
[[0;32m  OK  [0m] Listening on [0;1;39msystemd-sysext.socket[0m…tension Image Management (Varlink).
         Starting [0;1;39mapparmor.service[0m - Load AppArmor profiles...
         Starting [0;1;39mconsole-setup.service[0m - Set console font and keymap...
         Starting [0;1;39mfinalrd.service[0m - Create …time dir for shutdown pivot root...
         Starting [0;1;39mplymouth-read-write.servi…[0mymouth To Write Out Runtime Data...
         Starting [0;1;39msystemd-binfmt.service[0m - Set Up Additional Binary Formats...
         Starting [0;1;39msystemd-tmpfiles-setup.se…[0me Volatile Files and Directories...
         Starting [0;1;39mufw.service[0m - Uncomplicated firewall...
[[0;32m  OK  [0m] Finished [0;1;39mconsole-setup.service[0m - Set console font and keymap.
[[0;32m  OK  [0m] Finished [0;1;39mfinalrd.service[0m - Create …untime dir for shutdown pivot root.
[[0;32m  OK  [0m] Finished [0;1;39mplymouth-read-write.servi…[0mPlymouth To Write Out Runtime Data.
[[0;32m  OK  [0m] Finished [0;1;39mufw.service[0m - Uncomplicated firewall.
         Mounting [0;1;39mproc-sys-fs-binfmt_misc.m…[0mcutable File Formats File System...
[[0;32m  OK  [0m] Mounted [0;1;39mproc-sys-fs-binfmt_misc.mo…[0mxecutable File Formats File System.
[[0;32m  OK  [0m] Finished [0;1;39msystemd-binfmt.service[0m - Set Up Additional Binary Formats.
[[0;32m  OK  [0m] Finished [0;1;39mapparmor.service[0m - Load AppArmor profiles.
         Starting [0;1;39msnapd.apparmor.service[0m - …iles managed internally by snapd...
[[0;32m  OK  [0m] Finished [0;1;39msnapd.apparmor.service[0m - …ofiles managed internally by snapd.
[[0;32m  OK  [0m] Finished [0;1;39msystemd-tmpfiles-setup.se…[0mate Volatile Files and Directories.
         Starting [0;1;39msystemd-resolved.service[0m - Network Name Resolution...
         Starting [0;1;39msystemd-update-utmp.servi…[0mord System Boot/Shutdown in UTMP...
         Starting [0;1;39mcloud-init-local.service[0m …-init: Local Stage (pre-network)...
[[0;32m  OK  [0m] Finished [0;1;39msystemd-update-utmp.servi…[0mecord System Boot/Shutdown in UTMP.
         Starting [0;1;39mmodprobe@dm_mod.service[0m - Load Kernel Module dm_mod...
         Starting [0;1;39mmodprobe@efi_pstore.servi…[0m - Load Kernel Module efi_pstore...
         Starting [0;1;39mmodprobe@loop.service[0m - Load Kernel Module loop...
[[0;32m  OK  [0m] Finished [0;1;39mmodprobe@dm_mod.service[0m - Load Kernel Module dm_mod.
[[0;32m  OK  [0m] Finished [0;1;39mmodprobe@efi_pstore.service[0m - Load Kernel Module efi_pstore.
[[0;32m  OK  [0m] Finished [0;1;39mmodprobe@loop.service[0m - Load Kernel Module loop.
[[0;32m  OK  [0m] Started [0;1;39msystemd-resolved.service[0m - Network Name Resolution.
[[0;32m  OK  [0m] Reached target [0;1;39mnss-lookup.target[0m - Host and Network Name Lookups.
[    6.147433] cloud-init[709]: Cloud-init v. 25.3-0ubuntu1~24.04.1 running 'init-local' at Fri, 15 May 2026 02:28:47 +0000. Up 6.12 seconds.
         Starting [0;1;39mmodprobe@dm_mod.service[0m - Load Kernel Module dm_mod...
         Starting [0;1;39mmodprobe@efi_pstore.servi…[0m - Load Kernel Module efi_pstore...
         Starting [0;1;39mmodprobe@loop.service[0m - Load Kernel Module loop...
[[0;32m  OK  [0m] Finished [0;1;39mmodprobe@dm_mod.service[0m - Load Kernel Module dm_mod.
[[0;32m  OK  [0m] Finished [0;1;39mmodprobe@efi_pstore.service[0m - Load Kernel Module efi_pstore.
[[0;32m  OK  [0m] Finished [0;1;39mmodprobe@loop.service[0m - Load Kernel Module loop.
         Starting [0;1;39mmodprobe@dm_mod.service[0m - Load Kernel Module dm_mod...
         Starting [0;1;39mmodprobe@efi_pstore.servi…[0m - Load Kernel Module efi_pstore...
         Starting [0;1;39mmodprobe@loop.service[0m - Load Kernel Module loop...
[[0;32m  OK  [0m] Finished [0;1;39mmodprobe@dm_mod.service[0m - Load Kernel Module dm_mod.
[[0;32m  OK  [0m] Finished [0;1;39mmodprobe@efi_pstore.service[0m - Load Kernel Module efi_pstore.
[[0;32m  OK  [0m] Finished [0;1;39mmodprobe@loop.service[0m - Load Kernel Module loop.
[[0;32m  OK  [0m] Finished [0;1;39mcloud-init-local.service[0m …ud-init: Local Stage (pre-network).
[[0;32m  OK  [0m] Reached target [0;1;39mnetwork-pre.target[0m - Preparation for Network.
         Starting [0;1;39msystemd-networkd.service[0m - Network Configuration...
[[0;32m  OK  [0m] Started [0;1;39msystemd-networkd.service[0m - Network Configuration.
[[0;32m  OK  [0m] Reached target [0;1;39mnetwork.target[0m - Network.
         Starting [0;1;39msystemd-networkd-wait-onl…[0mait for Network to be Configured...
[[0;32m  OK  [0m] Finished [0;1;39msystemd-networkd-wait-onl…[0m Wait for Network to be Configured.
         Starting [0;1;39mcloud-init.service[0m - Cloud-init: Network Stage...
[   10.760581] cloud-init[805]: Cloud-init v. 25.3-0ubuntu1~24.04.1 running 'init' at Fri, 15 May 2026 02:28:51 +0000. Up 10.73 seconds.
[   10.775160] cloud-init[805]: ci-info: +++++++++++++++++++++++++++++++++++++++Net device info+++++++++++++++++++++++++++++++++++++++
[   10.789251] cloud-init[805]: ci-info: +--------+------+----------------------------+-----------------+--------+-------------------+
[   10.803122] cloud-init[805]: ci-info: | Device |  Up  |          Address           |       Mask      | Scope  |     Hw-Address    |
[   10.816138] cloud-init[805]: ci-info: +--------+------+----------------------------+-----------------+--------+-------------------+
[   10.829161] cloud-init[805]: ci-info: |  ens5  | True |       10.128.15.195        | 255.255.255.255 | global | 42:01:0a:80:0f:c3 |
[   10.842258] cloud-init[805]: ci-info: |  ens5  | True | fe80::4001:aff:fe80:fc3/64 |        .        |  link  | 42:01:0a:80:0f:c3 |
[   10.855142] cloud-init[805]: ci-info: |   lo   | True |         127.0.0.1          |    255.0.0.0    |  host  |         .         |
[   10.869142] cloud-init[805]: ci-info: |   lo   | True |          ::1/128           |        .        |  host  |         .         |
[   10.883129] cloud-init[805]: ci-info: +--------+------+----------------------------+-----------------+--------+-------------------+
[   10.897220] cloud-init[805]: ci-info: +++++++++++++++++++++++++++++++Route IPv4 info++++++++++++++++++++++++++++++++
[   10.909119] cloud-init[805]: ci-info: +-------+-----------------+------------+-----------------+-----------+-------+
[   10.921190] cloud-init[805]: ci-info: | Route |   Destination   |  Gateway   |     Genmask     | Interface | Flags |
[   10.933235] cloud-init[805]: ci-info: +-------+-----------------+------------+-----------------+-----------+-------+
[   10.945212] cloud-init[805]: ci-info: |   0   |     0.0.0.0     | 10.128.0.1 |     0.0.0.0     |    ens5   |   UG  |
[   10.957229] cloud-init[805]: ci-info: |   1   |    10.128.0.1   |  0.0.0.0   | 255.255.255.255 |    ens5   |   UH  |
[   10.969198] cloud-init[805]: ci-info: |   2   | 169.254.169.254 | 10.128.0.1 | 255.255.255.255 |    ens5   |  UGH  |
[   10.981165] cloud-init[805]: ci-info: +-------+-----------------+------------+-----------------+-----------+-------+
[   10.993205] cloud-init[805]: ci-info: +++++++++++++++++++Route IPv6 info+++++++++++++++++++
[   11.002137] cloud-init[805]: ci-info: +-------+-------------+---------+-----------+-------+
[   11.013245] cloud-init[805]: ci-info: | Route | Destination | Gateway | Interface | Flags |
[   11.024109] cloud-init[805]: ci-info: +-------+-------------+---------+-----------+-------+
[   11.034098] cloud-init[805]: ci-info: |   0   |  fe80::/64  |    ::   |    ens5   |   U   |
[   11.045092] cloud-init[805]: ci-info: |   2   |    local    |    ::   |    ens5   |   U   |
[   11.055150] cloud-init[805]: ci-info: |   3   |  multicast  |    ::   |    ens5   |   U   |
[   11.065211] cloud-init[805]: ci-info: +-------+-------------+---------+-----------+-------+
[   16.945151] cloud-init[805]: Generating public/private rsa key pair.
[   16.953204] cloud-init[805]: Your identification has been saved in /etc/ssh/ssh_host_rsa_key
[   16.963176] cloud-init[805]: Your public key has been saved in /etc/ssh/ssh_host_rsa_key.pub
[   16.973151] cloud-init[805]: The key fingerprint is:
[   16.979132] cloud-init[805]: SHA256:D7k/MWC1C1JRI5aSN4oX1oTDeMwbkIhmqHR3rrZROHQ root@loadgen-jc40
[   16.989130] cloud-init[805]: The key's randomart image is:
[   16.995119] cloud-init[805]: +---[RSA 3072]----+
[   17.001113] cloud-init[805]: |.. ..B ==+o      |
[[0;32m  OK  [0m] Finished [0;1;39mcloud-init.service[0m - Cloud-init: Network Stage.
[   17.007119] cloud-init[805]: |o+..oo&E*...     |
[[0;32m  OK  [0m] Reached target [0;1;39mcloud-config.target[0m - Cloud-config availability.
[   17.022135] cloud-init[805]: |= . o+=X o .     |
[[0;32m  OK  [0m] Reached target [0;1;39mnetwork-online.target[0m - Network is Online.
[   17.037125] cloud-init[805]: |.   .o=o+..      |
[[0;32m  OK  [0m] Reached target [0;1;39msysinit.target[0m - System Initialization.
[   17.053117] cloud-init[805]: |     .+oSo .     |
[[0;32m  OK  [0m] Started [0;1;39mnvidia-cdi-refresh.path[0m - …r toolkit install / upgrade events.
[   17.067136] cloud-init[805]: |     +   ++      |
[[0;32m  OK  [0m] Started [0;1;39mgce-workload-cert-refresh.…[0mWorkload Certificate refresh timer.
[[0;32m  OK  [0m] Started [0;1;39mgoogle-oslogin-cache.timer[0m - NSS cache refresh timer.
[[0;32m  OK  [0m] Started [0;1;39msystemd-tmpfiles-clean.tim…[0my Cleanup of Temporary Directories.
[   17.084137] cloud-init[805]: |    . o . .o     |
[   17.118412] cloud-init[805]: |     .   ..      |
[   17.124119] cloud-init[805]: |          ..     |
[   17.130123] cloud-init[805]: +----[SHA256]-----+
[[0;32m  OK  [0m] Started [0;1;39mupdate-notifier-download.t…[0mhat failed at package install time.
[   17.136134] cloud-init[805]: Generating public/private ecdsa key pair.
[   17.154126] cloud-init[805]: Your identification has been saved in /etc/ssh/ssh_host_ecdsa_key
[[0;32m  OK  [0m] Reached target [0;1;39mpaths.target[0m - Path Units.
[   17.154224] cloud-init[805]: Your public key has been saved in /etc/ssh/ssh_host_ecdsa_key.pub
[[0;32m  OK  [0m] Listening on [0;1;39mcloud-init-hotplugd.s…t[0m - cloud-init hotplug hook socket.
[   17.180113] cloud-init[805]: The key fingerprint is:
[   17.196100] cloud-init[805]: SHA256:geRgjaFQijrmpi5wCDR9IUyUz5fF5LKsOnonOYxfHGA root@loadgen-jc40
[[0;32m  OK  [0m] Listening on [0;1;39mdbus.socket[0m - D-Bus System Message Bus Socket.
[   17.196194] cloud-init[805]: The key's randomart image is:
         Starting [0;1;39mdocker.socket[0m - Docker Socket for the API...
[   17.220225] cloud-init[805]: +---[ECDSA 256]---+
[   17.233231] cloud-init[805]: |..*+==o o.       |
[[0;32m  OK  [0m] Listening on [0;1;39miscsid.socket[0m - Open-iSCSI iscsid Socket.
[   17.233341] cloud-init[805]: |.= *o=...o       |
         Starting [0;1;39mlxd-installer.socket[0m - He…er to install lxd snap on demand...
[   17.252175] cloud-init[805]: |+ oE+ o.+.       |
[   17.266146] cloud-init[805]: |o . .o.oo.       |
         Starting [0;1;39msnapd.socket[0m - Socket activation for snappy daemon...
[   17.266237] cloud-init[805]: |+o   ..oS        |
[[0;32m  OK  [0m] Listening on [0;1;39mssh.socket[0m - OpenBSD Secure Shell server socket.
[   17.285150] cloud-init[805]: |=.. . o          |
[[0;32m  OK  [0m] Listening on [0;1;39muuidd.socket[0m - UUID daemon activation socket.
[   17.301139] cloud-init[805]: |.+o .+           |
[[0;32m  OK  [0m] Finished [0;1;39mblk-availability.service[0m - Availability of block devices.
[   17.316137] cloud-init[805]: |+. Bo.           |
[[0;32m  OK  [0m] Listening on [0;1;39mdocker.socket[0m - Docker Socket for the API.
[   17.332204] cloud-init[805]: |+o+o=            |
[[0;32m  OK  [0m] Listening on [0;1;39mlxd-installer.socket[0m …lper to install lxd snap on demand.
[   17.345238] cloud-init[805]: +----[SHA256]-----+
[[0;32m  OK  [0m] Listening on [0;1;39msnapd.socket[0m - Socket activation for snappy daemon.
[   17.361121] cloud-init[805]: Generating public/private ed25519 key pair.
[[0;32m  OK  [0m] Reached target [0;1;39msockets.target[0m - Socket Units.
[   17.380277] cloud-init[805]: Your identification has been saved in /etc/ssh/ssh_host_ed25519_key
[[0;32m  OK  [0m] Reached target [0;1;39mbasic.target[0m - Basic System.
[   17.399207] cloud-init[805]: Your public key has been saved in /etc/ssh/ssh_host_ed25519_key.pub
[   17.418227] cloud-init[805]: The key fingerprint is:
[   17.424238] cloud-init[805]: SHA256:Lxrx43hvMlfoVesPBZS2bB+O1O5OPqvzyq0KjWV2oaA root@loadgen-jc40
         Starting [0;1;39mchrony.service[0m - chrony, an NTP client/server...
[   17.435194] cloud-init[805]: The key's randomart image is:
         Starting [0;1;39mcloud-config.service[0m - Cloud-init: Config Stage...
[   17.450121] cloud-init[805]: +--[ED25519 256]--+
[   17.450202] cloud-init[805]: |              .. |
         Starting [0;1;39mdbus.service[0m - D-Bus System Message Bus...
[   17.464270] cloud-init[805]: |             .o  |
[   17.477288] cloud-init[805]: |         .   +o. |
[[0;32m  OK  [0m] Started [0;1;39mdmesg.service[0m - Save initial kernel messages after boot.
[   17.488173] cloud-init[805]: |        . . ..*+ |
[   17.488225] cloud-init[805]: |      .ES  *.++oo|
         Starting [0;1;39me2scrub_reap.service[0m - Re…ne ext4 Metadata Check Snapshots...
[   17.503224] cloud-init[805]: |       o .B +..+.|
         Starting [0;1;39mgce-workload-cert-refresh…[0mGCE Workload Certificate refresh...
[   17.517337] cloud-init[805]: |      . ++.+ .o. |
[[0;32m  OK  [0m] Started [0;1;39mgoogle-osconfig-agent.service[0m - Google OSConfig Agent.
[   17.533370] cloud-init[805]: |       =+o= ..=+ |
         Starting [0;1;39mgoogle-oslogin-cache.service[0m - NSS cache refresh...
[   17.549410] cloud-init[805]: |      o..*...=BB+|
         Starting [0;1;39mgrub-common.service[0m - Record successful boot for GRUB...
         Starting [0;1;39mnetworkd-dispatcher.servi…[0mcher daemon for systemd-networkd...
[   17.564372] cloud-init[805]: +----[SHA256]-----+
         Starting [0;1;39mnvidia-persistenced.service[0m - NVIDIA Persistence Daemon...
         Starting [0;1;39mnvmf-autoconnect.service[0m …ystems automatically during boot...
         Starting [0;1;39mrsyslog.service[0m - System Logging Service...
         Starting [0;1;39msecureboot-db.service[0m - Secure Boot updates for DB and DBX...
[[0;32m  OK  [0m] Reached target [0;1;39mgetty-pre.target[0m - Preparation for Logins.
         Starting [0;1;39msnapd.seeded.service[0m - Wait until snapd is fully seeded...
         Starting [0;1;39msnapd.service[0m - Snap Daemon...
         Starting [0;1;39msysstat.service[0m - Resets System Activity Logs...
         Starting [0;1;39msystemd-logind.service[0m - User Login Management...
[[0;32m  OK  [0m] Started [0;1;39mubuntu-advantage.service[0m - Ubuntu Pro Background Auto Attach.
[[0;32m  OK  [0m] Started [0;1;39mdbus.service[0m - D-Bus System Message Bus.
[[0;32m  OK  [0m] Finished [0;1;39mgce-workload-cert-refresh…[0m- GCE Workload Certificate refresh.
[[0;32m  OK  [0m] Finished [0;1;39mgoogle-oslogin-cache.service[0m - NSS cache refresh.
[[0;32m  OK  [0m] Started [0;1;39msystemd-logind.service[0m - User Login Management.
[[0;32m  OK  [0m] Started [0;1;39mnetworkd-dispatcher.servic…[0matcher daemon for systemd-networkd.
[[0;32m  OK  [0m] Started [0;1;39mnvidia-persistenced.service[0m - NVIDIA Persistence Daemon.
[[0;32m  OK  [0m] Finished [0;1;39mnvmf-autoconnect.service[0m …bsystems automatically during boot.
[[0;32m  OK  [0m] Finished [0;1;39msysstat.service[0m - Resets System Activity Logs.
[[0;32m  OK  [0m] Finished [0;1;39mgrub-common.service[0m - Record successful boot for GRUB.
[[0;32m  OK  [0m] Reached target [0;1;39mremote-fs-pre.targe…[0mreparation for Remote File Systems.
[[0;32m  OK  [0m] Reached target [0;1;39mremote-fs.target[0m - Remote File Systems.
[   17.846831] cloud-init[1022]: Cloud-init v. 25.3-0ubuntu1~24.04.1 running 'modules:config' at Fri, 15 May 2026 02:28:58 +0000. Up 17.80 seconds.
         Starting [0;1;39mapport.service[0m - automatic crash report generation...
         Starting [0;1;39mcontainerd.service[0m - containerd container runtime...
[[0;32m  OK  [0m] Started [0;1;39mcron.service[0m - Regular background program processing daemon.
         Starting [0;1;39mgrub-initrd-fallback.service[0m - GRUB failed boot detection...
         Starting [0;1;39msystemd-hostnamed.service[0m - Hostname Service...
         Starting [0;1;39msystemd-user-sessions.service[0m - Permit User Sessions...
[[0;32m  OK  [0m] Started [0;1;39mchrony.service[0m - chrony, an NTP client/server.
[[0;32m  OK  [0m] Finished [0;1;39msecureboot-db.service[0m - Secure Boot updates for DB and DBX.
[[0;32m  OK  [0m] Finished [0;1;39msystemd-user-sessions.service[0m - Permit User Sessions.
[[0;32m  OK  [0m] Finished [0;1;39mgrub-initrd-fallback.service[0m - GRUB failed boot detection.
         Stopping [0;1;39mchrony.service[0m - chrony, an NTP client/server...
2026-05-15T02:28:59.034873+00:00 loadgen-jc40 systemd[1]: Mounted dev-hugepages.mount - Huge Pages File System.
2026-05-15T02:28:59.035041+00:00 loadgen-jc40 systemd[1]: Mounted dev-mqueue.mount - POSIX Message Queue File System.
2026-05-15T02:28:59.035076+00:00 loadgen-jc40 systemd[1]: Mounted sys-kernel-debug.mount - Kernel Debug File System.
2026-05-15T02:28:59.035080+00:00 loadgen-jc40 kernel: Linux version 6.17.0-1013-gcp (buildd@lcy02-amd64-034) (x86_64-linux-gnu-gcc-13 (Ubuntu 13.3.0-6ubuntu2~24.04.1) 13.3.0, GNU ld (GNU Binutils for Ubuntu) 2.42) #13~24.04.1-Ubuntu SMP Thu Apr 16 02:10:24 UTC 2026 (Ubuntu 6.17.0-1013.13~24.04.1-gcp 6.17.13)
2026-05-15T02:28:59.035083+00:00 loadgen-jc40 systemd[1]: Mounted sys-kernel-tracing.mount - Kernel Trace File System.
2026-05-15T02:28:59.035088+00:00 loadgen-jc40 kernel: Command line: BOOT_IMAGE=/vmlinuz-6.17.0-1013-gcp root=PARTUUID=6624332c-1f00-4e51-a0bf-94661fe17234 ro console=ttyS0,115200 panic=-1
2026-05-15T02:28:59.035089+00:00 loadgen-jc40 kernel: KERNEL supported cpus:
2026-05-15T02:28:59.035088+00:00 loadgen-jc40 systemd[1]: Finished keyboard-setup.service - Set the console keyboard layout.
2026-05-15T02:28:59.035090+00:00 loadgen-jc40 kernel:   Intel GenuineIntel
2026-05-15T02:28:59.035094+00:00 loadgen-jc40 kernel:   AMD AuthenticAMD
2026-05-15T02:28:59.035095+00:00 loadgen-jc40 kernel:   Hygon HygonGenuine
2026-05-15T02:28:59.035095+00:00 loadgen-jc40 kernel:   Centaur CentaurHauls
2026-05-15T02:28:59.035094+00:00 loadgen-jc40 systemd[1]: Finished kmod-static-nodes.service - Create List of Static Device Nodes.
2026-05-15T02:28:59.035098+00:00 loadgen-jc40 kernel:   zhaoxin   Shanghai  
2026-05-15T02:28:59.035099+00:00 loadgen-jc40 kernel: x86/CPU: Model not found in latest microcode list
2026-05-15T02:28:59.035100+00:00 loadgen-jc40 kernel: BIOS-provided physical RAM map:
2026-05-15T02:28:59.035100+00:00 loadgen-jc40 kernel: BIOS-e820: [mem 0x0000000000000000-0x0000000000000fff] reserved
2026-05-15T02:28:59.035101+00:00 loadgen-jc40 kernel: BIOS-e820: [mem 0x0000000000001000-0x0000000000054fff] usable
2026-05-15T02:28:59.035101+00:00 loadgen-jc40 kernel: BIOS-e820: [mem 0x0000000000055000-0x000000000005ffff] reserved
2026-05-15T02:28:59.035099+00:00 loadgen-jc40 systemd[1]: modprobe@configfs.service: Deactivated successfully.
2026-05-15T02:28:59.035104+00:00 loadgen-jc40 kernel: BIOS-e820: [mem 0x0000000000060000-0x0000000000097fff] usable
2026-05-15T02:28:59.035105+00:00 loadgen-jc40 kernel: BIOS-e820: [mem 0x0000000000098000-0x000000000009ffff] reserved
2026-05-15T02:28:59.035106+00:00 loadgen-jc40 kernel: BIOS-e820: [mem 0x0000000000100000-0x00000000bd254fff] usable
2026-05-15T02:28:59.035106+00:00 loadgen-jc40 kernel: BIOS-e820: [mem 0x00000000bd255000-0x00000000bd25ffff] ACPI data
2026-05-15T02:28:59.035107+00:00 loadgen-jc40 kernel: BIOS-e820: [mem 0x00000000bd260000-0x00000000bf8ecfff] usable
2026-05-15T02:28:59.035107+00:00 loadgen-jc40 kernel: BIOS-e820: [mem 0x00000000bf8ed000-0x00000000bfb6cfff] reserved
2026-05-15T02:28:59.035108+00:00 loadgen-jc40 kernel: BIOS-e820: [mem 0x00000000bfb6d000-0x00000000bfb7efff] ACPI data
2026-05-15T02:28:59.035105+00:00 loadgen-jc40 systemd[1]: Finished modprobe@configfs.service - Load Kernel Module configfs.
2026-05-15T02:28:59.035112+00:00 loadgen-jc40 kernel: BIOS-e820: [mem 0x00000000bfb7f000-0x00000000bfbfefff] ACPI NVS
2026-05-15T02:28:59.035113+00:00 loadgen-jc40 kernel: BIOS-e820: [mem 0x00000000bfbff000-0x00000000bffdffff] usable
2026-05-15T02:28:59.035114+00:00 loadgen-jc40 kernel: BIOS-e820: [mem 0x00000000bffe0000-0x00000000bfffffff] reserved
2026-05-15T02:28:59.035114+00:00 loadgen-jc40 kernel: BIOS-e820: [mem 0x0000000100000000-0x000000103fffffff] usable
2026-05-15T02:28:59.035115+00:00 loadgen-jc40 kernel: NX (Execute Disable) protection: active
2026-05-15T02:28:59.035113+00:00 loadgen-jc40 systemd[1]: modprobe@dm_mod.service: Deactivated successfully.
2026-05-15T02:28:59.035116+00:00 loadgen-jc40 kernel: APIC: Static calls initialized
2026-05-15T02:28:59.035120+00:00 loadgen-jc40 kernel: efi: EFI v2.7 by EDK II
2026-05-15T02:28:59.035119+00:00 loadgen-jc40 systemd[1]: Finished modprobe@dm_mod.service - Load Kernel Module dm_mod.
2026-05-15T02:28:59.035121+00:00 loadgen-jc40 kernel: efi: TPMFinalLog=0xbfbf7000 ACPI=0xbfb7e000 ACPI 2.0=0xbfb7e014 SMBIOS=0xbf9ca000 MEMATTR=0xbd260018 MOKvar=0xbf9c8000 RNG=0xbfb72018 TPMEventLog=0xbd255018 
2026-05-15T02:28:59.035124+00:00 loadgen-jc40 kernel: random: crng init done
2026-05-15T02:28:59.035125+00:00 loadgen-jc40 kernel: SMBIOS 2.4 present.
2026-05-15T02:28:59.035125+00:00 loadgen-jc40 kernel: DMI: Google Google Compute Engine/Google Compute Engine, BIOS Google 04/21/2026
2026-05-15T02:28:59.035126+00:00 loadgen-jc40 kernel: DMI: Memory slots populated: 4/4
2026-05-15T02:28:59.035125+00:00 loadgen-jc40 systemd[1]: modprobe@drm.service: Deactivated successfully.
2026-05-15T02:28:59.035129+00:00 loadgen-jc40 kernel: secureboot: Secure boot disabled
2026-05-15T02:28:59.035130+00:00 loadgen-jc40 kernel: Hypervisor detected: KVM
2026-05-15T02:28:59.035130+00:00 loadgen-jc40 kernel: last_pfn = 0xbffe0 max_arch_pfn = 0x400000000
2026-05-15T02:28:59.035131+00:00 loadgen-jc40 kernel: kvm-clock: Using msrs 4b564d01 and 4b564d00
2026-05-15T02:28:59.035131+00:00 loadgen-jc40 kernel: kvm-clock: using sched offset of 15379589223 cycles
2026-05-15T02:28:59.035132+00:00 loadgen-jc40 kernel: clocksource: kvm-clock: mask: 0xffffffffffffffff max_cycles: 0x1cd42e4dffb, max_idle_ns: 881590591483 ns
2026-05-15T02:28:59.035132+00:00 loadgen-jc40 kernel: tsc: Detected 2299.998 MHz processor
2026-05-15T02:28:59.035130+00:00 loadgen-jc40 systemd[1]: Finished modprobe@drm.service - Load Kernel Module drm.
2026-05-15T02:28:59.035135+00:00 loadgen-jc40 kernel: e820: update [mem 0x00000000-0x00000fff] usable ==> reserved
2026-05-15T02:28:59.035136+00:00 loadgen-jc40 kernel: e820: remove [mem 0x000a0000-0x000fffff] usable
2026-05-15T02:28:59.035137+00:00 loadgen-jc40 kernel: last_pfn = 0x1040000 max_arch_pfn = 0x400000000
2026-05-15T02:28:59.035137+00:00 loadgen-jc40 kernel: MTRR map: 3 entries (2 fixed + 1 variable; max 18), built from 8 variable MTRRs
2026-05-15T02:28:59.035138+00:00 loadgen-jc40 kernel: x86/PAT: Configuration [0-7]: WB  WC  UC- UC  WB  WP  UC- WT  
2026-05-15T02:28:59.035138+00:00 loadgen-jc40 kernel: last_pfn = 0xbffe0 max_arch_pfn = 0x400000000
2026-05-15T02:28:59.035136+00:00 loadgen-jc40 systemd-modules-load[306]: Inserted module 'dm_multipath'
2026-05-15T02:28:59.035141+00:00 loadgen-jc40 kernel: Using GB pages for direct mapping
2026-05-15T02:28:59.035142+00:00 loadgen-jc40 kernel: secureboot: Secure boot disabled
2026-05-15T02:28:59.035143+00:00 loadgen-jc40 kernel: ACPI: Early table checksum verification disabled
2026-05-15T02:28:59.035143+00:00 loadgen-jc40 kernel: ACPI: RSDP 0x00000000BFB7E014 000024 (v02 Google)
2026-05-15T02:28:59.035144+00:00 loadgen-jc40 kernel: ACPI: XSDT 0x00000000BFB7D0E8 00005C (v01 Google GOOGFACP 00000001      01000013)
2026-05-15T02:28:59.035144+00:00 loadgen-jc40 kernel: ACPI: FACP 0x00000000BFB78000 0000F4 (v02 Google GOOGFACP 00000001 GOOG 00000001)
2026-05-15T02:28:59.035147+00:00 loadgen-jc40 kernel: ACPI: DSDT 0x00000000BFB79000 001A64 (v01 Google GOOGDSDT 00000001 GOOG 00000001)
2026-05-15T02:28:59.035148+00:00 loadgen-jc40 kernel: ACPI: FACS 0x00000000BFBF1000 000040
2026-05-15T02:28:59.035148+00:00 loadgen-jc40 kernel: ACPI: SSDT 0x00000000BFB7C000 000316 (v02 GOOGLE Tpm2Tabl 00001000 INTL 20250807)
2026-05-15T02:28:59.035143+00:00 loadgen-jc40 systemd[1]: modprobe@efi_pstore.service: Deactivated successfully.
2026-05-15T02:28:59.035149+00:00 loadgen-jc40 kernel: ACPI: TPM2 0x00000000BFB7B000 000034 (v04 GOOGLE          00000001 GOOG 00000001)
2026-05-15T02:28:59.035150+00:00 loadgen-jc40 kernel: ACPI: SRAT 0x00000000BFB77000 000228 (v03 Google GOOGSRAT 00000001 GOOG 00000001)
2026-05-15T02:28:59.035150+00:00 loadgen-jc40 kernel: ACPI: APIC 0x00000000BFB76000 000126 (v05 Google GOOGAPIC 00000001 GOOG 00000001)
2026-05-15T02:28:59.035151+00:00 loadgen-jc40 kernel: ACPI: SSDT 0x00000000BFB74000 0011D6 (v01 Google GOOGSSDT 00000001 GOOG 00000001)
2026-05-15T02:28:59.035154+00:00 loadgen-jc40 kernel: ACPI: WAET 0x00000000BFB73000 000028 (v01 Google GO         Starting [0;1;39mplymouth-quit-wait.servic…[0md until boot process finishes up...
OGWAET 00000001 GOOG 00000001)
2026-05-15T02:28:59.035154+00:00 loadgen-jc40 kernel: ACPI: Reserving FACP table memory at [mem 0xbfb78000-0xbfb780f3]
2026-05-15T02:28:59.035155+00:00 loadgen-jc40 kernel: ACPI: Reserving DSDT table memory at [mem 0xbfb79000-0xbfb7aa63]
2026-05-15T02:28:59.035155+00:00 loadgen-jc40 kernel: ACPI: Reserving FACS table memory at [mem 0xbfbf1000-0xbfbf103f]
2026-05-15T02:28:59.035156+00:00 loadgen-jc40 kernel: ACPI: Reserving SSDT table memory at [mem 0xbfb7c000-0xbfb7c315]
2026-05-15T02:28:59.035156+00:00 loadgen-jc40 kernel: ACPI: Reserving TPM2 table memory at [mem 0xbfb7b000-0xbfb7b033]
2026-05-15T02:28:59.035157+00:00 loadgen-jc40 systemd[1]: Finished modprobe@efi_pstore.service - Load Kernel Module efi_pstore.
2026-05-15T02:28:59.035159+00:00 loadgen-jc40 kernel: ACPI: Reserving SRAT table memory at [mem 0xbfb77000-0xbfb77227]
2026-05-15T02:28:59.035160+00:00 loadgen-jc40 kernel: ACPI: Reserving APIC table memory at [mem 0xbfb76000-0xbfb76125]
2026-05-15T02:28:59.035161+00:00 loadgen-jc40 kernel: ACPI: Reserving SSDT table memory at [mem 0xbfb74000-0xbfb751d5]
2026-05-15T02:28:59.035161+00:00 loadgen-jc40 kernel: ACPI: Reserving WAET table memory at [mem 0xbfb73000-0xbfb73027]
2026-05-15T02:28:59.035162+00:00 loadgen-jc40 kernel: ACPI: SRAT: Node 0 PXM 0 [mem 0x00000000-0x0009ffff]
2026-05-15T02:28:59.035162+00:00 loadgen-jc40 kernel: ACPI: SRAT: Node 0 PXM 0 [mem 0x00100000-0xbfffffff]
2026-05-15T02:28:59.035163+00:00 loadgen-jc40 kernel: ACPI: SRAT: Node 0 PXM 0 [mem 0x100000000-0x103fffffff]
2026-05-15T02:28:59.035162+00:00 loadgen-jc40 systemd[1]: modprobe@fuse.service: Deactivated successfully.
2026-05-15T02:28:59.035166+00:00 loadgen-jc40 kernel: NUMA: Node 0 [mem 0x00001000-0x0009ffff] + [mem 0x00100000-0xbfffffff] -> [mem 0x00001000-0xbfffffff]
2026-05-15T02:28:59.035167+00:00 loadgen-jc40 kernel: NUMA: Node 0 [mem 0x00001000-0xbfffffff] + [mem 0x100000000-0x103fffffff] -> [mem 0x00001000-0x103fffffff]
2026-05-15T02:28:59.035167+00:00 loadgen-jc40 kernel: NODE_DATA(0) allocated [mem 0x103ffd52c0-0x103fffffff]
2026-05-15T02:28:59.035168+00:00 loadgen-jc40 kernel: Zone ranges:
2026-05-15T02:28:59.035168+00:00 loadgen-jc40 kernel:   DMA      [mem 0x0000000000001000-0x0000000000ffffff]
2026-05-15T02:28:59.035169+00:00 loadgen-jc40 kernel:   DMA32    [mem 0x0000000001000000-0x00000000ffffffff]
2026-05-15T02:28:59.035168+00:00 loadgen-jc40 systemd[1]: Finished modprobe@fuse.service - Load Kernel Module fuse.
2026-05-15T02:28:59.035172+00:00 loadgen-jc40 kernel:   Normal   [mem 0x0000000100000000-0x000000103fffffff]
2026-05-15T02:28:59.035173+00:00 loadgen-jc40 kernel:   Device   empty
2026-05-15T02:28:59.035173+00:00 loadgen-jc40 kernel: Movable zone start for each node
2026-05-15T02:28:59.035174+00:00 loadgen-jc40 kernel: Early memory node ranges
2026-05-15T02:28:59.035173+00:00 loadgen-jc40 systemd[1]: modprobe@loop.service: Deactivated successfully.
2026-05-15T02:28:59.035174+00:00 loadgen-jc40 kernel:   node   0: [mem 0x0000000000001000-0x0000000000054fff]
2026-05-15T02:28:59.035178+00:00 loadgen-jc40 kernel:   node   0: [mem 0x0000000000060000-0x0000000000097fff]
2026-05-15T02:28:59.035180+00:00 loadgen-jc40 systemd[1]: Finished modprobe@loop.service - Load Kernel Module loop.
2026-05-15T02:28:59.035181+00:00 loadgen-jc40 kernel:   node   0: [mem 0x0000000000100000-0x00000000bd254fff]
2026-05-15T02:28:59.035182+00:00 loadgen-jc40 kernel:   node   0: [mem 0x00000000bd260000-0x00000000bf8ecfff]
2026-05-15T02:28:59.035183+00:00 loadgen-jc40 kernel:   node   0: [mem 0x00000000bfbff000-0x00000000bffdffff]
2026-05-15T02:28:59.035183+00:00 loadgen-jc40 kernel:   node   0: [mem 0x0000000100000000-0x000000103fffffff]
2026-05-15T02:28:59.035184+00:00 loadgen-jc40 kernel: Initmem setup node 0 [mem 0x0000000000001000-0x000000103fffffff]
2026-05-15T02:28:59.035184+00:00 loadgen-jc40 kernel: On node 0, zone DMA: 1 pages in unavailable ranges
2026-05-15T02:28:59.035187+00:00 loadgen-jc40 kernel: On node 0, zone DMA: 11 pages in unavailable ranges
2026-05-15T02:28:59.035188+00:00 loadgen-jc40 kernel: On node 0, zone DMA: 104 pages in unavailable ranges
2026-05-15T02:28:59.035188+00:00 loadgen-jc40 kernel: On node 0, zone DMA32: 11 pages in unavailable ranges
2026-05-15T02:28:59.035189+00:00 loadgen-jc40 kernel: On node 0, zone DMA32: 786 pages in unavailable ranges
2026-05-15T02:28:59.035189+00:00 loadgen-jc40 kernel: On node 0, zone Normal: 32 pages in unavailable ranges
2026-05-15T02:28:59.035185+00:00 loadgen-jc40 systemd[1]: modprobe@nvme_fabrics.service: Deactivated successfully.
2026-05-15T02:28:59.035190+00:00 loadgen-jc40 kernel: ACPI: PM-Timer IO Port: 0xb008
2026-05-15T02:28:59.035191+00:00 loadgen-jc40 kernel: ACPI: LAPIC_NMI (acpi_id[0xff] dfl dfl lint[0x1])
2026-05-15T02:28:59.035194+00:00 loadgen-jc40 kernel: IOAPIC[0]: apic_id 0, version 17, address 0xfec00000, GSI 0-23
2026-05-15T02:28:59.035194+00:00 loadgen-jc40 kernel: ACPI: INT_SRC_OVR (bus 0 bus_irq 5 global_irq 5 high level)
2026-05-15T02:28:59.035195+00:00 loadgen-jc40 kernel: ACPI: INT_SRC_OVR (bus 0 bus_irq 9 global_irq 9 high level)
2026-05-15T02:28:59.035195+00:00 loadgen-jc40 kernel: ACPI: INT_SRC_OVR (bus 0 bus_irq 10 global_irq 10 high level)
2026-05-15T02:28:59.035196+00:00 loadgen-jc40 kernel: ACPI: INT_SRC_OVR (bus 0 bus_irq 11 global_irq 11 high level)
2026-05-15T02:28:59.035193+00:00 loadgen-jc40 systemd[1]: Finished modprobe@nvme_fabrics.service - Load Kernel Module nvme_fabrics.
2026-05-15T02:28:59.035196+00:00 loadgen-jc40 kernel: ACPI: Using ACPI (MADT) for SMP configuration information
2026-05-15T02:28:59.035202+00:00 loadgen-jc40 kernel: CPU topo: Max. logical packages:   1
2026-05-15T02:28:59.035204+00:00 loadgen-jc40 kernel: CPU topo: Max. logical dies:       1
2026-05-15T02:28:59.035205+00:00 loadgen-jc40 kernel: CPU topo: Max. dies per package:   1
2026-05-15T02:28:59.035201+00:00 loadgen-jc40 systemd[1]: Finished systemd-modules-load.service - Load Kernel Modules.
2026-05-15T02:28:59.035205+00:00 loadgen-jc40 kernel: CPU topo: Max. threads per core:   2
2026-05-15T02:28:59.035206+00:00 loadgen-jc40 kernel: CPU topo: Num. cores per package:    12
2026-05-15T02:28:59.035208+00:00 loadgen-jc40 systemd-fsck[311]: cloudimg-rootfs: clean, 171994/6422528 files, 2139514/12844795 blocks
2026-05-15T02:28:59.035216+00:00 loadgen-jc40 systemd[1]: Mounting sys-fs-fuse-connections.mount - FUSE Control File System...
2026-05-15T02:28:59.035220+00:00 loadgen-jc40 systemd[1]: Mounting sys-kernel-config.mount - Kernel Configuration File System...
2026-05-15T02:28:59.035225+00:00 loadgen-jc40 systemd[1]: Started systemd-fsckd.service - File System Check Daemon to report status.
2026-05-15T02:28:59.035232+00:00 loadgen-jc40 systemd[1]: systemd-repart.service - Repartition Root Disk was skipped because no trigger condition checks were met.
2026-05-15T02:28:59.035237+00:00 loadgen-jc40 systemd[1]: Starting systemd-sysctl.service - Apply Kernel Variables...
2026-05-15T02:28:59.035242+00:00 loadgen-jc40 systemd[1]: Starting systemd-tmpfiles-setup-dev-early.service - Create Static Device Nodes in /dev gracefully...
2026-05-15T02:28:59.035246+00:00 loadgen-jc40 systemd[1]: Finished lvm2-monitor.service - Monitoring of LVM2 mirrors, snapshots etc. using dmeventd or progress polling.
2026-05-15T02:28:59.035251+00:00 loadgen-jc40 systemd[1]: Finished systemd-fsck-root.service - File System Check on Root Device.
2026-05-15T02:28:59.035256+00:00 loadgen-jc40 systemd[1]: Mounted sys-fs-fuse-connections.mount - FUSE Control File System.
2026-05-15T02:28:59.035263+00:00 loadgen-jc40 systemd[1]: Mounted sys-kernel-config.mount - Kernel Configuration File System.
2026-05-15T02:28:59.035268+00:00 loadgen-jc40 systemd[1]: Starting systemd-remount-fs.service - Remount Root and Kernel File Systems...
2026-05-15T02:28:59.035272+00:00 loadgen-jc40 systemd[1]: Finished systemd-sysctl.service - Apply Kernel Variables.
2026-05-15T02:28:59.035277+00:00 loadgen-jc40 systemd[1]: Finished systemd-tmpfiles-setup-dev-early.service - Create Static Device Nodes in /dev gracefully.
2026-05-15T02:28:59.035281+00:00 loadgen-jc40 systemd[1]: Finished systemd-udev-trigger.s         Starting [0;1;39mplymouth-quit.service[0m - Terminate Plymouth Boot Screen...
ervice - Coldplug All udev Devices.
2026-05-15T02:28:59.035286+00:00 loadgen-jc40 systemd[1]: Finished systemd-remount-fs.service - Remount Root and Kernel File Systems.
2026-05-15T02:28:59.035294+00:00 loadgen-jc40 systemd[1]: Starting multipathd.service - Device-Mapper Multipath Device Controller...
2026-05-15T02:28:59.035298+00:00 loadgen-jc40 systemd[1]: systemd-hwdb-update.service - Rebuild Hardware Database was skipped because of an unmet condition check (ConditionNeedsUpdate=/etc).
2026-05-15T02:28:59.035302+00:00 loadgen-jc40 systemd[1]: Starting systemd-journal-flush.service - Flush Journal to Persistent Storage...
2026-05-15T02:28:59.035307+00:00 loadgen-jc40 systemd[1]: systemd-pstore.service - Platform Persistent Storage Archival was skipped because of an unmet condition check (ConditionDirectoryNotEmpty=/sys/fs/pstore).
2026-05-15T02:28:59.035311+00:00 loadgen-jc40 systemd[1]: Starting systemd-random-seed.service - Load/Save OS Random Seed...
2026-05-15T02:28:59.035319+00:00 loadgen-jc40 systemd[1]: systemd-sysusers.service - Create System Users was skipped because no trigger condition checks were met.
2026-05-15T02:28:59.035323+00:00 loadgen-jc40 kernel: CPU topo: Num. threads per package:  24
2026-05-15T02:28:59.035324+00:00 loadgen-jc40 kernel: CPU topo: Allowing 24 present CPUs plus 0 hotplug CPUs
2026-05-15T02:28:59.035323+00:00 loadgen-jc40 systemd[1]: Starting systemd-tmpfiles-setup-dev.service - Create Static Device Nodes in /dev...
2026-05-15T02:28:59.035327+00:00 loadgen-jc40 kernel: PM: hibernation: Registered nosave memory: [mem 0x00000000-0x00000fff]
2026-05-15T02:28:59.035328+00:00 loadgen-jc40 kernel: PM: hibernation: Registered nosave memory: [mem 0x00055000-0x0005ffff]
2026-05-15T02:28:59.035329+00:00 loadgen-jc40 kernel: PM: hibernation: Registered nosave memory: [mem 0x00098000-0x000fffff]
2026-05-15T02:28:59.035329+00:00 loadgen-jc40 kernel: PM: hibernation: Registered nosave memory: [mem 0xbd255000-0xbd25ffff]
2026-05-15T02:28:59.035330+00:00 loadgen-jc40 kernel: PM: hibernation: Registered nosave memory: [mem 0xbf8ed000-0xbfbfefff]
2026-05-15T02:28:59.035328+00:00 loadgen-jc40 systemd[1]: systemd-tpm2-setup.service - TPM2 SRK Setup was skipped because of an unmet condition check (ConditionSecurity=measured-uki).
2026-05-15T02:28:59.035330+00:00 loadgen-jc40 kernel: PM: hibernation: Registered nosave memory: [mem 0xbffe0000-0xffffffff]
2026-05-15T02:28:59.035333+00:00 loadgen-jc40 systemd[1]: Finished systemd-random-seed.service - Load/Save OS Random Seed.
2026-05-15T02:28:59.035337+00:00 loadgen-jc40 kernel: [mem 0xc0000000-0xffffffff] available for PCI devices
2026-05-15T02:28:59.035338+00:00 loadgen-jc40 kernel: Booting paravirtualized kernel on KVM
2026-05-15T02:28:59.035339+00:00 loadgen-jc40 kernel: clocksource: refined-jiffies: mask: 0xffffffff max_cycles: 0xffffffff, max_idle_ns: 1910969940391419 ns
2026-05-15T02:28:59.035339+00:00 loadgen-jc40 kernel: setup_percpu: NR_CPUS:8192 nr_cpumask_bits:24 nr_cpu_ids:24 nr_node_ids:1
2026-05-15T02:28:59.035340+00:00 loadgen-jc40 kernel: percpu: Embedded 84 pages/cpu s221184 r8192 d114688 u524288
2026-05-15T02:28:59.035341+00:00 loadgen-jc40 kernel: pcpu-alloc: s221184 r8192 d114688 u524288 alloc=1*2097152
2026-05-15T02:28:59.035338+00:00 loadgen-jc40 multipathd[361]: multipathd v0.9.4: start up
2026-05-15T02:28:59.035344+00:00 loadgen-jc40 kernel: pcpu-alloc: [0] 00 01 02 03 [0] 04 05 06 07 
2026-05-15T02:28:59.035345+00:00 loadgen-jc40 kernel: pcpu-alloc: [0] 08 09 10 11 [0] 12 13 14 15 
2026-05-15T02:28:59.035345+00:00 loadgen-jc40 kernel: pcpu-alloc: [0] 16 17 18 19 [0] 20 21 22 23 
2026-05-15T02:28:59.035346+00:00 loadgen-jc40 kernel: kvm-guest: PV spinlocks enabled
2026-05-15T02:28:59.035346+00:00 loadgen-jc40 kernel: PV qspinlock hash table entries: 256 (order: 0, 4096 bytes, linear)
2026-05-15T02:28:59.035347+00:00 loadgen-jc40 kernel: Kernel command line: BOOT_IMAGE=/vmlinuz-6.17.0-1013-gcp root=PARTUUID=6624332c-1f00-4e51-a0bf-94661fe17234 ro console=ttyS0,115200 panic=-1
2026-05-15T02:28:59.035346+00:00 loadgen-jc40 multipathd[361]: reconfigure: setting up paths and maps
2026-05-15T02:28:59.035350+00:00 loadgen-jc40 kernel: printk: log buffer data + meta data: 262144 + 917504 = 1179648 bytes
2026-05-15T02:28:59.035351+00:00 loadgen-jc40 kernel: Dentry cache hash table entries: 8388608 (order: 14, 67108864 bytes, linear)
2026-05-15T02:28:59.035351+00:00 loadgen-jc40 kernel: Inode-cache hash table entries: 4194304 (order: 13, 33554432 bytes, linear)
2026-05-15T02:28:59.035352+00:00 loadgen-jc40 kernel: software IO TLB: area num 32.
2026-05-15T02:28:59.035352+00:00 loadgen-jc40 kernel: Fallback order for Node 0: 0 
2026-05-15T02:28:59.035353+00:00 loadgen-jc40 kernel: Built 1 zonelists, mobility grouping on.  Total pages: 16776271
2026-05-15T02:28:59.035351+00:00 loadgen-jc40 systemd[1]: Finished systemd-tmpfiles-setup-dev.service - Create Static Device Nodes in /dev.
2026-05-15T02:28:59.035355+00:00 loadgen-jc40 kernel: Policy zone: Normal
2026-05-15T02:28:59.035359+00:00 loadgen-jc40 kernel: mem auto-init: stack:all(zero), heap alloc:on, heap free:off
2026-05-15T02:28:59.035359+00:00 loadgen-jc40 systemd[1]: Starting systemd-udevd.service - Rule-based Manager for Device Events and Files...
2026-05-15T02:28:59.035364+00:00 loadgen-jc40 systemd-udevd[365]: Using default interface naming scheme 'v255'.
2026-05-15T02:28:59.035367+00:00 loadgen-jc40 kernel: SLUB: HWalign=64, Order=0-3, MinObjects=0, CPUs=24, Nodes=1
2026-05-15T02:28:59.035368+00:00 loadgen-jc40 kernel: Kernel/User page tables isolation: enabled
2026-05-15T02:28:59.035369+00:00 loadgen-jc40 kernel: ftrace: allocating 61994 entries in 244 pages
2026-05-15T02:28:59.035369+00:00 loadgen-jc40 kernel: ftrace: allocated 244 pages with 5 groups
2026-05-15T02:28:59.035369+00:00 loadgen-jc40 kernel: rcu: Hierarchical RCU implementation.
2026-05-15T02:28:59.035369+00:00 loadgen-jc40 systemd[1]: Started multipathd.service - Device-Mapper Multipath Device Controller.
2026-05-15T02:28:59.035373+00:00 loadgen-jc40 kernel: rcu: 	RCU restricting CPUs from NR_CPUS=8192 to nr_cpu_ids=24.
2026-05-15T02:28:59.035373+00:00 loadgen-jc40 kernel: 	Rude variant of Tasks RCU enabled.
2026-05-15T02:28:59.035374+00:00 loadgen-jc40 kernel: 	Tracing variant of Tasks RCU enabled.
2026-05-15T02:28:59.035374+00:00 loadgen-jc40 kernel: rcu: RCU calculated value of scheduler-enlistment delay is 100 jiffies.
2026-05-15T02:28:59.035375+00:00 loadgen-jc40 kernel: rcu: Adjusting geometry for rcu_fanout_leaf=16, nr_cpu_ids=24
2026-05-15T02:28:59.035375+00:00 loadgen-jc40 kernel: RCU Tasks Rude: Setting shift to 5 and lim to 1 rcu_task_cb_adjust=1 rcu_task_cpu_ids=24.
2026-05-15T02:28:59.035376+00:00 loadgen-jc40 kernel: RCU Tasks Trace: Setting shift to 5 and lim to 1 rcu_task_cb_adjust=1 rcu_task_cpu_ids=24.
2026-05-15T02:28:59.035374+00:00 loadgen-jc40 systemd[1]: Started systemd-udevd.service - Rule-based Manager for Device Events and Files.
2026-05-15T02:28:59.035379+00:00 loadgen-jc40 kernel: NR_IRQS: 524544, nr_irqs: 616, preallocated irqs: 16
2026-05-15T02:28:59.035380+00:00 loadgen-jc40 kernel: rcu: srcu_init: Setting srcu_struct sizes based on contention.
2026-05-15T02:28:59.035380+00:00 loadgen-jc40 kernel: Console: colour dummy device 80x25
2026-05-15T02:28:59.035381+00:00 loadgen-jc40 kernel: printk: legacy console [ttyS0] enabled
2026-05-15T02:28:59.035381+00:00 loadgen-jc40 kernel: ACPI: Core revision 20250404
2026-05-15T02:28:59.035382+00:00 loadgen-jc40 kernel: APIC: Switch to symmetric I/O mode setup
2026-05-15T02:28:59.035382+00:00 loadgen-jc40 systemd[1]: nvmefc-boot-connections.service - Auto-connect to subsystems on FC-NVME devices found during boot was skipped because of an unmet condition check (ConditionPathExists=/sys/class/fc/fc_udev_device/nvme_discovery).
2026-05-15T02:28:59.035385+00:00 loadgen-jc40 kernel: x2apic enabled
2026-05-15T02:28:59.035386+00:00 loadgen-jc40 kernel: APIC: Switched APIC routing to: physical x2apic
2026-05-15T02:28:59.035386+00:00 loadgen-jc40 kernel: ..TIMER: vector=0x30 apic1=0 pin1=0 apic2=-1 pin2=-1
2026-05-15T02:28:59.035387+00:00 loadgen-jc40 kernel: clocksource: ts[[0;32m  OK  [0m] Started [0;1;39mrsyslog.service[0m - System Logging Service.
c-early: mask: 0xffffffffffffffff max_cycles: 0x212733415c7, max_idle_ns: 440795236380 ns
2026-05-15T02:28:59.035387+00:00 loadgen-jc40 kernel: Calibrating delay loop (skipped) preset value.. 4599.99 BogoMIPS (lpj=2299998)
2026-05-15T02:28:59.035388+00:00 loadgen-jc40 kernel: Last level iTLB entries: 4KB 1024, 2MB 1024, 4MB 1024
2026-05-15T02:28:59.035388+00:00 loadgen-jc40 systemd[1]: Reached target local-fs-pre.target - Preparation for Local File Systems.
2026-05-15T02:28:59.035391+00:00 loadgen-jc40 kernel: Last level dTLB entries: 4KB 1024, 2MB 1024, 4MB 1024, 1GB 4
2026-05-15T02:28:59.035392+00:00 loadgen-jc40 kernel: mitigations: Enabled attack vectors: user_kernel, user_user, guest_host, guest_guest, SMT mitigations: auto
2026-05-15T02:28:59.035392+00:00 loadgen-jc40 kernel: Speculative Store Bypass: Mitigation: Speculative Store Bypass disabled via prctl
2026-05-15T02:28:59.035393+00:00 loadgen-jc40 kernel: Spectre V2 : Mitigation: IBRS
2026-05-15T02:28:59.035393+00:00 loadgen-jc40 kernel: RETBleed: Mitigation: IBRS
2026-05-15T02:28:59.035394+00:00 loadgen-jc40 kernel: ITS: Mitigation: Aligned branch/return thunks
2026-05-15T02:28:59.035393+00:00 loadgen-jc40 systemd[1]: Mounting snap-core22-2411.mount - Mount unit for core22, revision 2411...
2026-05-15T02:28:59.035397+00:00 loadgen-jc40 kernel: Spectre V2 : User space: Mitigation: STIBP via prctl
2026-05-15T02:28:59.035455+00:00 loadgen-jc40 kernel: MDS: Mitigation: Clear CPU buffers
2026-05-15T02:28:59.035456+00:00 loadgen-jc40 kernel: MMIO Stale Data: Vulnerable: Clear CPU buffers attempted, no microcode
2026-05-15T02:28:59.035457+00:00 loadgen-jc40 kernel: Spectre V1 : Mitigation: usercopy/swapgs barriers and __user pointer sanitization
2026-05-15T02:28:59.035457+00:00 loadgen-jc40 kernel: Spectre V2 : Spectre v2 / SpectreRSB: Filling RSB on context switch and VMEXIT
2026-05-15T02:28:59.035457+00:00 loadgen-jc40 kernel: Spectre V2 : mitigation: Enabling conditional Indirect Branch Prediction Barrier
2026-05-15T02:28:59.035458+00:00 loadgen-jc40 kernel: active return thunk: its_return_thunk
2026-05-15T02:28:59.035462+00:00 loadgen-jc40 kernel: Spectre V2 : Spectre BHI mitigation: SW BHB clearing on syscall and VM exit
2026-05-15T02:28:59.035463+00:00 loadgen-jc40 kernel: x86/fpu: Supporting XSAVE feature 0x001: 'x87 floating point registers'
2026-05-15T02:28:59.035463+00:00 loadgen-jc40 kernel: x86/fpu: Supporting XSAVE feature 0x002: 'SSE registers'
2026-05-15T02:28:59.035464+00:00 loadgen-jc40 kernel: x86/fpu: Supporting XSAVE feature 0x004: 'AVX registers'
2026-05-15T02:28:59.035464+00:00 loadgen-jc40 kernel: x86/fpu: xstate_offset[2]:  576, xstate_sizes[2]:  256
2026-05-15T02:28:59.035464+00:00 loadgen-jc40 kernel: x86/fpu: Enabled xstate features 0x7, context size is 832 bytes, using 'standard' format.
2026-05-15T02:28:59.035468+00:00 loadgen-jc40 kernel: Freeing SMP alternatives memory: 52K
2026-05-15T02:28:59.035468+00:00 loadgen-jc40 kernel: pid_max: default: 32768 minimum: 301
2026-05-15T02:28:59.035469+00:00 loadgen-jc40 kernel: LSM: initializing lsm=lockdown,capability,landlock,yama,apparmor,ima,evm
2026-05-15T02:28:59.035469+00:00 loadgen-jc40 kernel: landlock: Up and running.
2026-05-15T02:28:59.035469+00:00 loadgen-jc40 kernel: Yama: becoming mindful.
2026-05-15T02:28:59.035470+00:00 loadgen-jc40 kernel: AppArmor: AppArmor initialized
2026-05-15T02:28:59.035470+00:00 loadgen-jc40 kernel: Mount-cache hash table entries: 131072 (order: 8, 1048576 bytes, linear)
2026-05-15T02:28:59.035426+00:00 loadgen-jc40 systemd[1]: Mounting snap-google\x2dcloud\x2dcli-448.mount - Mount unit for google-cloud-cli, revision 448...
2026-05-15T02:28:59.035473+00:00 loadgen-jc40 kernel: Mountpoint-cache hash table entries: 131072 (order: 8, 1048576 bytes, linear)
2026-05-15T02:28:59.035474+00:00 loadgen-jc40 kernel: smpboot: CPU0: Intel(R) Xeon(R) CPU @ 2.30GHz (family: 0x6, model: 0x3f, stepping: 0x0)
2026-05-15T02:28:59.035475+00:00 loadgen-jc40 kernel: Performance Events: unsupported CPU family 6 model 63 no PMU driver, software events only.
2026-05-15T02:28:59.035475+00:00 loadgen-jc40 kernel: signal: max sigframe size: 1776
2026-05-15T02:28:59.035476+00:00 loadgen-jc40 kernel: rcu: Hierarchical SRCU implementation.
2026-05-15T02:28:59.035476+00:00 loadgen-jc40 kernel: rcu: 	Max phase no-delay instances is 400.
2026-05-15T02:28:59.035479+00:00 loadgen-jc40 kernel: Timer migration: 2 hierarchy levels; 8 children per group; 2 crossnode level
2026-05-15T02:28:59.035480+00:00 loadgen-jc40 kernel: NMI watchdog: Perf NMI watchdog permanently disabled
2026-05-15T02:28:59.035480+00:00 loadgen-jc40 kernel: smp: Bringing up secondary CPUs ...
2026-05-15T02:28:59.035483+00:00 loadgen-jc40 kernel: smpboot: x86: Booting SMP configuration:
2026-05-15T02:28:59.035484+00:00 loadgen-jc40 kernel: .... node  #0, CPUs:        #1  #2  #3  #4  #5  #6  #7  #8  #9 #10 #11 #12 #13 #14 #15 #16 #17 #18 #19 #20 #21 #22 #23
2026-05-15T02:28:59.035484+00:00 loadgen-jc40 kernel: MDS CPU bug present and SMT on, data leak possible. See https://www.kernel.org/doc/html/latest/admin-guide/hw-vuln/mds.html for more details.
2026-05-15T02:28:59.035478+00:00 loadgen-jc40 systemd[1]: Mounting snap-snapd-26865.mount - Mount unit for snapd, revision 26865...
