2026-05-14 19:52:06,468 DEBUG    root            Loaded Command Group: ['gcloud', 'compute']
2026-05-14 19:52:06,470 DEBUG    root            Loaded Command Group: ['gcloud', 'compute', 'instances']
2026-05-14 19:52:06,471 DEBUG    root            Loaded Command Group: ['gcloud', 'compute', 'instances', 'get_serial_port_output']
2026-05-14 19:52:06,472 DEBUG    root            Running [gcloud.compute.instances.get-serial-port-output] with arguments: [--project: "env-integration-fenway", --zone: "us-central1-b", INSTANCE_NAME: "loadgen-07dq"]
2026-05-14 19:52:06,473 DEBUG    root            On GCE from memory cache: False
2026-05-14 19:52:06,475 DEBUG    root            On GCE from memory cache: False
2026-05-14 19:52:06,567 DEBUG    urllib3.connectionpool Starting new HTTPS connection (1): compute.googleapis.com:443
2026-05-14 19:52:07,093 DEBUG    urllib3.connectionpool https://compute.googleapis.com:443 "GET /compute/v1/projects/env-integration-fenway/zones/us-central1-b/instances/loadgen-07dq/serialPort?alt=json&port=1 HTTP/1.1" 200 None
2026-05-14 19:52:07,126 DEBUG    root            Chosen display Format:value[no-quote](contents)
2026-05-14 19:52:07,127 INFO     root            Display format: "value[no-quote](contents)"
2026-05-14 19:52:07,139 INFO     ___FILE_ONLY___ [2J[01;01H[=3h[2J[01;01H[2J[01;01H[=3h[2J[01;01HCSM BBS Table full.
BdsDxe: loading Boot0003 "Ubuntu" from PciRoot(0x0)/Pci(0x3,0x0)/Scsi(0x1,0x0)/HD(15,GPT,C848D457-4750-4825-A2CD-4EBFB870DC53,0x2800,0x35000)/\EFI\ubuntu\shimx64.efi
BdsDxe: starting Boot0003 "Ubuntu" from PciRoot(0x0)/Pci(0x3,0x0)/Scsi(0x1,0x0)/HD(15,GPT,C848D457-4750-4825-A2CD-4EBFB870DC53,0x2800,0x35000)/\EFI\ubuntu\shimx64.efi

UEFI: Attempting to start image.
Description: Ubuntu
FilePath: PciRoot(0x0)/Pci(0x3,0x0)/Scsi(0x1,0x0)/HD(15,GPT,C848D457-4750-4825-A2CD-4EBFB870DC53,0x2800,0x35000)/\EFI\ubuntu\shimx64.efi
OptionNumber: 3.

[H[J[1;1HGRUB_FORCE_PARTUUID set, attempting initrdless boot.
[    0.000000] Linux version 6.17.0-1013-gcp (buildd@lcy02-amd64-034) (x86_64-linux-gnu-gcc-13 (Ubuntu 13.3.0-6ubuntu2~24.04.1) 13.3.0, GNU ld (GNU Binutils for Ubuntu) 2.42) #13~24.04.1-Ubuntu SMP Thu Apr 16 02:10:24 UTC 2026 (Ubuntu 6.17.0-1013.13~24.04.1-gcp 6.17.13)
[    0.000000] Command line: BOOT_IMAGE=/vmlinuz-6.17.0-1013-gcp root=PARTUUID=6624332c-1f00-4e51-a0bf-94661fe17234 ro console=ttyS0,115200 panic=-1
[    0.000000] KERNEL supported cpus:
[    0.000000]   Intel GenuineIntel
[    0.000000]   AMD AuthenticAMD
[    0.000000]   Hygon HygonGenuine
[    0.000000]   Centaur CentaurHauls
[    0.000000]   zhaoxin   Shanghai  
[    0.000000] x86/CPU: Model not found in latest microcode list
[    0.000000] BIOS-provided physical RAM map:
[    0.000000] BIOS-e820: [mem 0x0000000000000000-0x0000000000000fff] reserved
[    0.000000] BIOS-e820: [mem 0x0000000000001000-0x0000000000054fff] usable
[    0.000000] BIOS-e820: [mem 0x0000000000055000-0x000000000005ffff] reserved
[    0.000000] BIOS-e820: [mem 0x0000000000060000-0x0000000000097fff] usable
[    0.000000] BIOS-e820: [mem 0x0000000000098000-0x000000000009ffff] reserved
[    0.000000] BIOS-e820: [mem 0x0000000000100000-0x00000000bd254fff] usable
[    0.000000] BIOS-e820: [mem 0x00000000bd255000-0x00000000bd25ffff] ACPI data
[    0.000000] BIOS-e820: [mem 0x00000000bd260000-0x00000000bf8ecfff] usable
[    0.000000] BIOS-e820: [mem 0x00000000bf8ed000-0x00000000bfb6cfff] reserved
[    0.000000] BIOS-e820: [mem 0x00000000bfb6d000-0x00000000bfb7efff] ACPI data
[    0.000000] BIOS-e820: [mem 0x00000000bfb7f000-0x00000000bfbfefff] ACPI NVS
[    0.000000] BIOS-e820: [mem 0x00000000bfbff000-0x00000000bffdffff] usable
[    0.000000] BIOS-e820: [mem 0x00000000bffe0000-0x00000000bfffffff] reserved
[    0.000000] BIOS-e820: [mem 0x0000000100000000-0x000000103fffffff] usable
[    0.000000] NX (Execute Disable) protection: active
[    0.000000] APIC: Static calls initialized
[    0.000000] efi: EFI v2.7 by EDK II
[    0.000000] efi: TPMFinalLog=0xbfbf7000 ACPI=0xbfb7e000 ACPI 2.0=0xbfb7e014 SMBIOS=0xbf9ca000 MEMATTR=0xbd260018 MOKvar=0xbf9c8000 RNG=0xbfb72018 TPMEventLog=0xbd255018 
[    0.000000] random: crng init done
[    0.000000] SMBIOS 2.4 present.
[    0.000000] DMI: Google Google Compute Engine/Google Compute Engine, BIOS Google 04/21/2026
[    0.000000] DMI: Memory slots populated: 4/4
[    0.000000] secureboot: Secure boot disabled
[    0.000000] Hypervisor detected: KVM
[    0.000000] last_pfn = 0xbffe0 max_arch_pfn = 0x400000000
[    0.000000] kvm-clock: Using msrs 4b564d01 and 4b564d00
[    0.000001] kvm-clock: using sched offset of 15111004074 cycles
[    0.000003] clocksource: kvm-clock: mask: 0xffffffffffffffff max_cycles: 0x1cd42e4dffb, max_idle_ns: 881590591483 ns
[    0.000007] tsc: Detected 2299.998 MHz processor
[    0.000165] last_pfn = 0x1040000 max_arch_pfn = 0x400000000
[    0.000203] MTRR map: 3 entries (2 fixed + 1 variable; max 18), built from 8 variable MTRRs
[    0.000207] x86/PAT: Configuration [0-7]: WB  WC  UC- UC  WB  WP  UC- WT  
[    0.000253] last_pfn = 0xbffe0 max_arch_pfn = 0x400000000
[    0.016660] Using GB pages for direct mapping
[    0.016907] secureboot: Secure boot disabled
[    0.016909] ACPI: Early table checksum verification disabled
[    0.016913] ACPI: RSDP 0x00000000BFB7E014 000024 (v02 Google)
[    0.016919] ACPI: XSDT 0x00000000BFB7D0E8 00005C (v01 Google GOOGFACP 00000001      01000013)
[    0.016927] ACPI: FACP 0x00000000BFB78000 0000F4 (v02 Google GOOGFACP 00000001 GOOG 00000001)
[    0.016935] ACPI: DSDT 0x00000000BFB79000 001A64 (v01 Google GOOGDSDT 00000001 GOOG 00000001)
[    0.016940] ACPI: FACS 0x00000000BFBF1000 000040
[    0.016945] ACPI: SSDT 0x00000000BFB7C000 000316 (v02 GOOGLE Tpm2Tabl 00001000 INTL 20250807)
[    0.016949] ACPI: TPM2 0x00000000BFB7B000 000034 (v04 GOOGLE          00000001 GOOG 00000001)
[    0.016954] ACPI: SRAT 0x00000000BFB77000 000228 (v03 Google GOOGSRAT 00000001 GOOG 00000001)
[    0.016959] ACPI: APIC 0x00000000BFB76000 000126 (v05 Google GOOGAPIC 00000001 GOOG 00000001)
[    0.016963] ACPI: SSDT 0x00000000BFB74000 0011D6 (v01 Google GOOGSSDT 00000001 GOOG 00000001)
[    0.016968] ACPI: WAET 0x00000000BFB73000 000028 (v01 Google GOOGWAET 00000001 GOOG 00000001)
[    0.016972] ACPI: Reserving FACP table memory at [mem 0xbfb78000-0xbfb780f3]
[    0.016973] ACPI: Reserving DSDT table memory at [mem 0xbfb79000-0xbfb7aa63]
[    0.016974] ACPI: Reserving FACS table memory at [mem 0xbfbf1000-0xbfbf103f]
[    0.016975] ACPI: Reserving SSDT table memory at [mem 0xbfb7c000-0xbfb7c315]
[    0.016976] ACPI: Reserving TPM2 table memory at [mem 0xbfb7b000-0xbfb7b033]
[    0.016977] ACPI: Reserving SRAT table memory at [mem 0xbfb77000-0xbfb77227]
[    0.016978] ACPI: Reserving APIC table memory at [mem 0xbfb76000-0xbfb76125]
[    0.016979] ACPI: Reserving SSDT table memory at [mem 0xbfb74000-0xbfb751d5]
[    0.016980] ACPI: Reserving WAET table memory at [mem 0xbfb73000-0xbfb73027]
[    0.017134] ACPI: SRAT: Node 0 PXM 0 [mem 0x00000000-0x0009ffff]
[    0.017138] ACPI: SRAT: Node 0 PXM 0 [mem 0x00100000-0xbfffffff]
[    0.017141] ACPI: SRAT: Node 0 PXM 0 [mem 0x100000000-0x103fffffff]
[    0.017149] NUMA: Node 0 [mem 0x00001000-0x0009ffff] + [mem 0x00100000-0xbfffffff] -> [mem 0x00001000-0xbfffffff]
[    0.017154] NUMA: Node 0 [mem 0x00001000-0xbfffffff] + [mem 0x100000000-0x103fffffff] -> [mem 0x00001000-0x103fffffff]
[    0.017182] NODE_DATA(0) allocated [mem 0x103ffd52c0-0x103fffffff]
[    0.017429] Zone ranges:
[    0.017429]   DMA      [mem 0x0000000000001000-0x0000000000ffffff]
[    0.017431]   DMA32    [mem 0x0000000001000000-0x00000000ffffffff]
[    0.017433]   Normal   [mem 0x0000000100000000-0x000000103fffffff]
[    0.017435]   Device   empty
[    0.017436] Movable zone start for each node
[    0.017438] Early memory node ranges
[    0.017439]   node   0: [mem 0x0000000000001000-0x0000000000054fff]
[    0.017440]   node   0: [mem 0x0000000000060000-0x0000000000097fff]
[    0.017441]   node   0: [mem 0x0000000000100000-0x00000000bd254fff]
[    0.017442]   node   0: [mem 0x00000000bd260000-0x00000000bf8ecfff]
[    0.017443]   node   0: [mem 0x00000000bfbff000-0x00000000bffdffff]
[    0.017444]   node   0: [mem 0x0000000100000000-0x000000103fffffff]
[    0.017450] Initmem setup node 0 [mem 0x0000000000001000-0x000000103fffffff]
[    0.017459] On node 0, zone DMA: 1 pages in unavailable ranges
[    0.017461] On node 0, zone DMA: 11 pages in unavailable ranges
[    0.017489] On node 0, zone DMA: 104 pages in unavailable ranges
[    0.022782] On node 0, zone DMA32: 11 pages in unavailable ranges
[    0.022800] On node 0, zone DMA32: 786 pages in unavailable ranges
[    0.132536] On node 0, zone Normal: 32 pages in unavailable ranges
[    0.133209] ACPI: PM-Timer IO Port: 0xb008
[    0.133236] ACPI: LAPIC_NMI (acpi_id[0xff] dfl dfl lint[0x1])
[    0.133327] IOAPIC[0]: apic_id 0, version 17, address 0xfec00000, GSI 0-23
[    0.133332] ACPI: INT_SRC_OVR (bus 0 bus_irq 5 global_irq 5 high level)
[    0.133334] ACPI: INT_SRC_OVR (bus 0 bus_irq 9 global_irq 9 high level)
[    0.133336] ACPI: INT_SRC_OVR (bus 0 bus_irq 10 global_irq 10 high level)
[    0.133337] ACPI: INT_SRC_OVR (bus 0 bus_irq 11 global_irq 11 high level)
[    0.133345] ACPI: Using ACPI (MADT) for SMP configuration information
[    0.133351] CPU topo: Max. logical packages:   1
[    0.133352] CPU topo: Max. logical dies:       1
[    0.133353] CPU topo: Max. dies per package:   1
[    0.133358] CPU topo: Max. threads per core:   2
[    0.133360] CPU topo: Num. cores per package:    12
[    0.133361] CPU topo: Num. threads per package:  24
[    0.133361] CPU topo: Allowing 24 present CPUs plus 0 hotplug CPUs
[    0.133392] PM: hibernation: Registered nosave memory: [mem 0x00000000-0x00000fff]
[    0.133394] PM: hibernation: Registered nosave memory: [mem 0x00055000-0x0005ffff]
[    0.133396] PM: hibernation: Registered nosave memory: [mem 0x00098000-0x000fffff]
[    0.133397] PM: hibernation: Registered nosave memory: [mem 0xbd255000-0xbd25ffff]
[    0.133399] PM: hibernation: Registered nosave memory: [mem 0xbf8ed000-0xbfbfefff]
[    0.133401] PM: hibernation: Registered nosave memory: [mem 0xbffe0000-0xffffffff]
[    0.133403] [mem 0xc0000000-0xffffffff] available for PCI devices
[    0.133406] Booting paravirtualized kernel on KVM
[    0.133409] clocksource: refined-jiffies: mask: 0xffffffff max_cycles: 0xffffffff, max_idle_ns: 1910969940391419 ns
[    0.133418] setup_percpu: NR_CPUS:8192 nr_cpumask_bits:24 nr_cpu_ids:24 nr_node_ids:1
[    0.135283] percpu: Embedded 84 pages/cpu s221184 r8192 d114688 u524288
[    0.135344] kvm-guest: PV spinlocks enabled
[    0.135347] PV qspinlock hash table entries: 256 (order: 0, 4096 bytes, linear)
[    0.135351] Kernel command line: BOOT_IMAGE=/vmlinuz-6.17.0-1013-gcp root=PARTUUID=6624332c-1f00-4e51-a0bf-94661fe17234 ro console=ttyS0,115200 panic=-1
[    0.135423] printk: log buffer data + meta data: 262144 + 917504 = 1179648 bytes
[    0.142389] Dentry cache hash table entries: 8388608 (order: 14, 67108864 bytes, linear)
[    0.145880] Inode-cache hash table entries: 4194304 (order: 13, 33554432 bytes, linear)
[    0.146515] software IO TLB: area num 32.
[    0.159849] Fallback order for Node 0: 0 
[    0.159857] Built 1 zonelists, mobility grouping on.  Total pages: 16776271
[    0.159859] Policy zone: Normal
[    0.159870] mem auto-init: stack:all(zero), heap alloc:on, heap free:off
[    0.312379] SLUB: HWalign=64, Order=0-3, MinObjects=0, CPUs=24, Nodes=1
[    0.312443] Kernel/User page tables isolation: enabled
[    0.325164] ftrace: allocating 61994 entries in 244 pages
[    0.325167] ftrace: allocated 244 pages with 5 groups
[    0.325536] rcu: Hierarchical RCU implementation.
[    0.325537] rcu: 	RCU restricting CPUs from NR_CPUS=8192 to nr_cpu_ids=24.
[    0.325539] 	Rude variant of Tasks RCU enabled.
[    0.325539] 	Tracing variant of Tasks RCU enabled.
[    0.325540] rcu: RCU calculated value of scheduler-enlistment delay is 100 jiffies.
[    0.325541] rcu: Adjusting geometry for rcu_fanout_leaf=16, nr_cpu_ids=24
[    0.325570] RCU Tasks Rude: Setting shift to 5 and lim to 1 rcu_task_cb_adjust=1 rcu_task_cpu_ids=24.
[    0.325574] RCU Tasks Trace: Setting shift to 5 and lim to 1 rcu_task_cb_adjust=1 rcu_task_cpu_ids=24.
[    0.329381] NR_IRQS: 524544, nr_irqs: 616, preallocated irqs: 16
[    0.329737] rcu: srcu_init: Setting srcu_struct sizes based on contention.
[    0.329887] Console: colour dummy device 80x25
[    0.329963] printk: legacy console [ttyS0] enabled
[    0.661140] ACPI: Core revision 20250404
[    0.662827] APIC: Switch to symmetric I/O mode setup
[    0.665196] x2apic enabled
[    0.669253] APIC: Switched APIC routing to: physical x2apic
[    0.676495] ..TIMER: vector=0x30 apic1=0 pin1=0 apic2=-1 pin2=-1
[    0.679075] clocksource: tsc-early: mask: 0xffffffffffffffff max_cycles: 0x212733415c7, max_idle_ns: 440795236380 ns
[    0.682946] Calibrating delay loop (skipped) preset value.. 4599.99 BogoMIPS (lpj=2299998)
[    0.684285] Last level iTLB entries: 4KB 1024, 2MB 1024, 4MB 1024
[    0.684944] Last level dTLB entries: 4KB 1024, 2MB 1024, 4MB 1024, 1GB 4
[    0.685967] mitigations: Enabled attack vectors: user_kernel, user_user, guest_host, guest_guest, SMT mitigations: auto
[    0.686945] Speculative Store Bypass: Mitigation: Speculative Store Bypass disabled via prctl
[    0.687944] Spectre V2 : Mitigation: IBRS
[    0.688944] RETBleed: Mitigation: IBRS
[    0.689943] ITS: Mitigation: Aligned branch/return thunks
[    0.690944] Spectre V2 : User space: Mitigation: STIBP via prctl
[    0.691943] MDS: Mitigation: Clear CPU buffers
[    0.692943] MMIO Stale Data: Vulnerable: Clear CPU buffers attempted, no microcode
[    0.693944] Spectre V1 : Mitigation: usercopy/swapgs barriers and __user pointer sanitization
[    0.694946] Spectre V2 : Spectre v2 / SpectreRSB: Filling RSB on context switch and VMEXIT
[    0.695946] Spectre V2 : mitigation: Enabling conditional Indirect Branch Prediction Barrier
[    0.696951] active return thunk: its_return_thunk
[    0.697944] Spectre V2 : Spectre BHI mitigation: SW BHB clearing on syscall and VM exit
[    0.698968] x86/fpu: Supporting XSAVE feature 0x001: 'x87 floating point registers'
[    0.699944] x86/fpu: Supporting XSAVE feature 0x002: 'SSE registers'
[    0.700944] x86/fpu: Supporting XSAVE feature 0x004: 'AVX registers'
[    0.701944] x86/fpu: xstate_offset[2]:  576, xstate_sizes[2]:  256
[    0.702944] x86/fpu: Enabled xstate features 0x7, context size is 832 bytes, using 'standard' format.
[    0.766650] Freeing SMP alternatives memory: 52K
[    0.766949] pid_max: default: 32768 minimum: 301
[    0.768072] LSM: initializing lsm=lockdown,capability,landlock,yama,apparmor,ima,evm
[    0.768960] landlock: Up and running.
[    0.769944] Yama: becoming mindful.
[    0.771966] AppArmor: AppArmor initialized
[    0.773228] Mount-cache hash table entries: 131072 (order: 8, 1048576 bytes, linear)
[    0.774134] Mountpoint-cache hash table entries: 131072 (order: 8, 1048576 bytes, linear)
[    0.878459] smpboot: CPU0: Intel(R) Xeon(R) CPU @ 2.30GHz (family: 0x6, model: 0x3f, stepping: 0x0)
[    0.879245] Performance Events: unsupported CPU family 6 model 63 no PMU driver, software events only.
[    0.880037] signal: max sigframe size: 1776
[    0.881949] rcu: Hierarchical SRCU implementation.
[    0.882944] rcu: 	Max phase no-delay instances is 400.
[    0.884023] Timer migration: 2 hierarchy levels; 8 children per group; 2 crossnode level
[    0.887338] NMI watchdog: Perf NMI watchdog permanently disabled
[    0.888994] smp: Bringing up secondary CPUs ...
[    0.891012] smpboot: x86: Booting SMP configuration:
[    0.891946] .... node  #0, CPUs:        #1  #2  #3  #4  #5  #6  #7  #8  #9 #10 #11 #12 #13 #14 #15 #16 #17 #18 #19 #20 #21 #22 #23
[    0.904316] MDS CPU bug present and SMT on, data leak possible. See https://www.kernel.org/doc/html/latest/admin-guide/hw-vuln/mds.html for more details.
[    0.905944] MMIO Stale Data CPU bug present and SMT on, data leak possible. See https://www.kernel.org/doc/html/latest/admin-guide/hw-vuln/processor_mmio_stale_data.html for more details.
[    0.912094] smp: Brought up 1 node, 24 CPUs
[    0.912948] smpboot: Total of 24 processors activated (110399.90 BogoMIPS)
[    0.915284] Memory: 65803352K/67105084K available (22206K kernel code, 4673K rwdata, 15608K rodata, 5404K init, 6100K bss, 1277604K reserved, 0K cma-reserved)
[    0.919977] devtmpfs: initialized
[    0.921038] x86/mm: Memory block size: 1024MB
[    0.924659] ACPI: PM: Registering ACPI NVS region [mem 0xbfb7f000-0xbfbfefff] (524288 bytes)
[    0.925086] clocksource: jiffies: mask: 0xffffffff max_cycles: 0xffffffff, max_idle_ns: 1911260446275000 ns
[    0.926007] posixtimers hash table entries: 16384 (order: 6, 262144 bytes, linear)
[    0.927995] futex hash table entries: 8192 (524288 bytes on 1 NUMA nodes, total 512 KiB, linear).
[    0.929099] pinctrl core: initialized pinctrl subsystem
[    0.930218] PM: RTC time: 02:51:42, date: 2026-05-15
[    0.932292] NET: Registered PF_NETLINK/PF_ROUTE protocol family
[    0.934303] DMA: preallocated 4096 KiB GFP_KERNEL pool for atomic allocations
[    0.936401] DMA: preallocated 4096 KiB GFP_KERNEL|GFP_DMA pool for atomic allocations
[    0.937637] DMA: preallocated 4096 KiB GFP_KERNEL|GFP_DMA32 pool for atomic allocations
[    0.937960] audit: initializing netlink subsys (disabled)
[    0.938983] audit: type=2000 audit(1778813501.924:1): state=initialized audit_enabled=0 res=1
[    0.939155] thermal_sys: Registered thermal governor 'fair_share'
[    0.939966] thermal_sys: Registered thermal governor 'bang_bang'
[    0.940948] thermal_sys: Registered thermal governor 'step_wise'
[    0.941945] thermal_sys: Registered thermal governor 'user_space'
[    0.942945] thermal_sys: Registered thermal governor 'power_allocator'
[    0.943961] cpuidle: using governor ladder
[    0.945955] cpuidle: using governor menu
[    0.947041] acpiphp: ACPI Hot Plug PCI Controller Driver version: 0.5
[    0.949111] PCI: Using configuration type 1 for base access
[    0.950081] kprobes: kprobe jump-optimization is enabled. All kprobes are optimized if possible.
[    0.952018] HugeTLB: registered 1.00 GiB page size, pre-allocated 0 pages
[    0.952946] HugeTLB: 16380 KiB vmemmap can be freed for a 1.00 GiB page
[    0.953945] HugeTLB: registered 2.00 MiB page size, pre-allocated 0 pages
[    0.954944] HugeTLB: 28 KiB vmemmap can be freed for a 2.00 MiB page
[    0.959080] ACPI: Added _OSI(Module Device)
[    0.959945] ACPI: Added _OSI(Processor Device)
[    0.960945] ACPI: Added _OSI(Processor Aggregator Device)
[    0.966274] ACPI: 3 ACPI AML tables successfully acquired and loaded
[    0.971250] ACPI: Interpreter enabled
[    0.971967] ACPI: PM: (supports S0 S3 S4 S5)
[    0.972960] ACPI: Using IOAPIC for interrupt routing
[    0.975271] PCI: Using host bridge windows from ACPI; if necessary, use "pci=nocrs" and report a bug
[    0.975946] PCI: Ignoring E820 reservations for host bridge windows
[    0.978021] ACPI: Enabled 16 GPEs in block 00 to 0F
[    0.986781] ACPI: PCI Root Bridge [PCI0] (domain 0000 [bus 00-ff])
[    0.986954] acpi PNP0A03:00: _OSC: OS supports [ASPM ClockPM Segments MSI EDR HPX-Type3]
[    0.987946] acpi PNP0A03:00: _OSC: not requesting OS control; OS requires [ExtendedConfig ASPM ClockPM MSI]
[    0.988963] acpi PNP0A03:00: fail to add MMCONFIG information, can't access extended configuration space under this bridge
[    0.992070] PCI host bridge to bus 0000:00
[    0.992951] pci_bus 0000:00: root bus resource [io  0x0000-0x0cf7 window]
[    0.993945] pci_bus 0000:00: root bus resource [io  0x0d00-0xffff window]
[    0.994945] pci_bus 0000:00: root bus resource [mem 0x000a0000-0x000bffff window]
[    0.995945] pci_bus 0000:00: root bus resource [mem 0xc0000000-0xc53fffff window]
[    0.996945] pci_bus 0000:00: root bus resource [mem 0xc5440000-0xee3fffff window]
[    0.997945] pci_bus 0000:00: root bus resource [mem 0xee440000-0xfebfefff window]
[    0.998946] pci_bus 0000:00: root bus resource [mem 0x1040000000-0x2103fffffff window]
[    0.999946] pci_bus 0000:00: root bus resource [bus 00-ff]
[    1.001033] pci 0000:00:00.0: [8086:1237] type 00 class 0x060000 conventional PCI endpoint
[    1.005761] pci 0000:00:01.0: [8086:7110] type 00 class 0x060100 conventional PCI endpoint
[    1.012283] pci 0000:00:01.3: [8086:7113] type 00 class 0x068000 conventional PCI endpoint
[    1.017132] pci 0000:00:01.3: quirk: [io  0xb000-0xb03f] claimed by PIIX4 ACPI
[    1.019901] pci 0000:00:03.0: [1af4:1004] type 00 class 0x000000 conventional PCI endpoint
[    1.027978] pci 0000:00:03.0: BAR 0 [io  0xc040-0xc07f]
[    1.028984] pci 0000:00:03.0: BAR 1 [mem 0xc1001000-0xc100107f]
[    1.030775] pci 0000:00:04.0: [10de:1eb8] type 00 class 0x030200 conventional PCI endpoint
[    1.044979] pci 0000:00:04.0: BAR 0 [mem 0xc0000000-0xc0ffffff]
[    1.045976] pci 0000:00:04.0: BAR 1 [mem 0x1040000000-0x104fffffff 64bit pref]
[    1.046974] pci 0000:00:04.0: BAR 3 [mem 0x1050000000-0x1051ffffff 64bit pref]
[    1.049034] pci 0000:00:05.0: [1af4:1000] type 00 class 0x020000 conventional PCI endpoint
[    1.057977] pci 0000:00:05.0: BAR 0 [io  0xc000-0xc03f]
[    1.058962] pci 0000:00:05.0: BAR 1 [mem 0xc1000000-0xc10003ff]
[    1.061270] pci 0000:00:06.0: [1af4:1005] type 00 class 0x00ff00 conventional PCI endpoint
[    1.070978] pci 0000:00:06.0: BAR 0 [io  0xc080-0xc09f]
[    1.072945] pci 0000:00:06.0: BAR 1 [mem 0xc1002000-0xc100203f]
[    1.086226] ACPI: PCI: Interrupt link LNKA configured for IRQ 10
[    1.088950] ACPI: PCI: Interrupt link LNKB configured for IRQ 10
[    1.091103] ACPI: PCI: Interrupt link LNKC configured for IRQ 11
[    1.093095] ACPI: PCI: Interrupt link LNKD configured for IRQ 11
[    1.094995] ACPI: PCI: Interrupt link LNKS configured for IRQ 9
[    1.100045] iommu: Default domain type: Translated
[    1.100945] iommu: DMA domain TLB invalidation policy: lazy mode
[    1.104221] SCSI subsystem initialized
[    1.105001] ACPI: bus type USB registered
[    1.105971] usbcore: registered new interface driver usbfs
[    1.106963] usbcore: registered new interface driver hub
[    1.108949] usbcore: registered new device driver usb
[    1.109975] pps_core: LinuxPPS API ver. 1 registered
[    1.110944] pps_core: Software ver. 5.3.6 - Copyright 2005-2007 Rodolfo Giometti <giometti@linux.it>
[    1.111950] PTP clock support registered
[    1.112998] EDAC MC: Ver: 3.0.0
[    1.115207] efivars: Registered efivars operations
[    1.117209] NetLabel: Initializing
[    1.117945] NetLabel:  domain hash size = 128
[    1.118944] NetLabel:  protocols = UNLABELED CIPSOv4 CALIPSO
[    1.119979] NetLabel:  unlabeled traffic allowed by default
[    1.120987] mctp: management component transport protocol core
[    1.121946] NET: Registered PF_MCTP protocol family
[    1.122967] PCI: Using ACPI for IRQ routing
[    1.124204] vgaarb: loaded
[    1.125181] clocksource: Switched to clocksource kvm-clock
[    1.128149] VFS: Disk quotas dquot_6.6.0
[    1.129534] VFS: Dquot-cache hash table entries: 512 (order 0, 4096 bytes)
[    1.132537] AppArmor: AppArmor Filesystem Enabled
[    1.134266] pnp: PnP ACPI init
[    1.136338] pnp: PnP ACPI: found 7 devices
[    1.145031] clocksource: acpi_pm: mask: 0xffffff max_cycles: 0xffffff, max_idle_ns: 2085701024 ns
[    1.148367] NET: Registered PF_INET protocol family
[    1.150351] IP idents hash table entries: 262144 (order: 9, 2097152 bytes, linear)
[    1.174344] tcp_listen_portaddr_hash hash table entries: 32768 (order: 7, 524288 bytes, linear)
[    1.177031] Table-perturb hash table entries: 65536 (order: 6, 262144 bytes, linear)
[    1.180295] TCP established hash table entries: 524288 (order: 10, 4194304 bytes, linear)
[    1.183666] TCP bind hash table entries: 65536 (order: 9, 2097152 bytes, linear)
[    1.186623] TCP: Hash tables configured (established 524288 bind 65536)
[    1.189315] MPTCP token hash table entries: 65536 (order: 9, 1572864 bytes, linear)
[    1.192232] UDP hash table entries: 32768 (order: 9, 2097152 bytes, linear)
[    1.195031] UDP-Lite hash table entries: 32768 (order: 9, 2097152 bytes, linear)
[    1.197717] NET: Registered PF_UNIX/PF_LOCAL protocol family
[    1.199637] NET: Registered PF_XDP protocol family
[    1.201210] pci_bus 0000:00: resource 4 [io  0x0000-0x0cf7 window]
[    1.203227] pci_bus 0000:00: resource 5 [io  0x0d00-0xffff window]
[    1.205486] pci_bus 0000:00: resource 6 [mem 0x000a0000-0x000bffff window]
[    1.207831] pci_bus 0000:00: resource 7 [mem 0xc0000000-0xc53fffff window]
[    1.210186] pci_bus 0000:00: resource 8 [mem 0xc5440000-0xee3fffff window]
[    1.212502] pci_bus 0000:00: resource 9 [mem 0xee440000-0xfebfefff window]
[    1.214778] pci_bus 0000:00: resource 10 [mem 0x1040000000-0x2103fffffff window]
[    1.217258] pci 0000:00:00.0: Limiting direct PCI/PCI transfers
[    1.219809] PCI: CLS 0 bytes, default 64
[    1.221434] PCI-DMA: Using software bounce buffering for IO (SWIOTLB)
[    1.223490] software IO TLB: mapped [mem 0x00000000b7f7f000-0x00000000bbf7f000] (64MB)
[    1.226129] clocksource: tsc: mask: 0xffffffffffffffff max_cycles: 0x212733415c7, max_idle_ns: 440795236380 ns
[    1.229897] clocksource: Switched to clocksource tsc
[    1.250215] Initialise system trusted keyrings
[    1.251763] Key type blacklist registered
[    1.253493] workingset: timestamp_bits=36 max_order=24 bucket_order=0
[    1.256146] squashfs: version 4.0 (2009/01/31) Phillip Lougher
[    1.258726] fuse: init (API version 7.44)
[    1.260637] integrity: Platform Keyring initialized
[    1.262256] integrity: Machine keyring initialized
[    1.277202] Key type asymmetric registered
[    1.278576] Asymmetric key parser 'x509' registered
[    1.280517] Block layer SCSI generic (bsg) driver version 0.4 loaded (major 242)
[    1.283833] io scheduler mq-deadline registered
[    1.290092] ledtrig-cpu: registered to indicate activity on CPUs
[    1.292422] input: Power Button as /devices/LNXSYSTM:00/LNXPWRBN:00/input/input0
[    1.295109] ACPI: button: Power Button [PWRF]
[    1.296824] input: Sleep Button as /devices/LNXSYSTM:00/LNXSLPBN:00/input/input1
[    1.299558] ACPI: button: Sleep Button [SLPF]
[    1.310141] ACPI: \_SB_.LNKC: Enabled at IRQ 11
[    1.311828] virtio-pci 0000:00:03.0: virtio_pci: leaving for legacy driver
[    1.322360] ACPI: \_SB_.LNKA: Enabled at IRQ 10
[    1.324066] virtio-pci 0000:00:05.0: virtio_pci: leaving for legacy driver
[    1.335080] ACPI: \_SB_.LNKB: Enabled at IRQ 10
[    1.336923] virtio-pci 0000:00:06.0: virtio_pci: leaving for legacy driver
[    1.344109] Serial: 8250/16550 driver, 32 ports, IRQ sharing enabled
[    1.369830] 00:03: ttyS0 at I/O 0x3f8 (irq = 4, base_baud = 115200) is a 16550A
[    1.396459] 00:04: ttyS1 at I/O 0x2f8 (irq = 3, base_baud = 115200) is a 16550A
[    1.423057] 00:05: ttyS2 at I/O 0x3e8 (irq = 6, base_baud = 115200) is a 16550A
[    1.449520] 00:06: ttyS3 at I/O 0x2e8 (irq = 7, base_baud = 115200) is a 16550A
[    1.454743] Linux agpgart interface v0.103
[    1.457998] tpm_tis MSFT0101:00: 2.0 TPM (device-id 0x9009, rev-id 0)
[    1.476691] loop: module loaded
[    1.481537] virtio_scsi virtio0: 1/0/0 default/read/poll queues
[    1.500771] scsi host0: Virtio SCSI HBA
[    1.502310] blk-mq: reduced tag depth to 10240
[    1.509423] Key type psk registered
[    1.509897] scsi 0:0:1:0: Direct-Access     Google   PersistentDisk   1    PQ: 0 ANSI: 6
[    1.511844] ACPI: bus type drm_connector registered
[    1.515878] tun: Universal TUN/TAP device driver, 1.6
[    1.630332] sd 0:0:1:0: Attached scsi generic sg0 type 0
[    1.630559] sd 0:0:1:0: [sda] 4194304000 512-byte logical blocks: (2.15 TB/1.95 TiB)
[    1.677458] sd 0:0:1:0: [sda] 4096-byte physical blocks
[    1.700068] sd 0:0:1:0: [sda] Write Protect is off
[    1.718647] sd 0:0:1:0: [sda] Write cache: enabled, read cache: enabled, supports DPO and FUA
[    1.733441] PPP generic driver version 2.4.2
[    1.737866] i8042: PNP: PS/2 Controller [PNP0303:KBD,PNP0f13:MOU] at 0x60,0x64 irq 1,12
[    1.740952] i8042: Warning: Keylock active
[    1.744435] serio: i8042 KBD port at 0x60,0x64 irq 1
[    1.746112] serio: i8042 AUX port at 0x60,0x64 irq 12
[    1.748227] mousedev: PS/2 mouse device common for all mice
[    1.750696] rtc_cmos 00:00: RTC can wake from S4
[    1.753611] rtc_cmos 00:00: registered as rtc0
[    1.755431] rtc_cmos 00:00: setting system clock to 2026-05-15T02:51:43 UTC (1778813503)
[    1.758050] rtc_cmos 00:00: alarms up to one day, 114 bytes nvram
[    1.760251] i2c_dev: i2c /dev entries driver
[    1.761836] device-mapper: core: CONFIG_IMA_DISABLE_HTABLE is disabled. Duplicate IMA measurements will not be recorded in the IMA log.
[    1.765564] GPT:Primary header thinks Alt. header is not at the end of the disk.
[    1.766161] device-mapper: uevent: version 1.0.3
[    1.768427] GPT:104857599 != 4194303999
[    1.770243] device-mapper: ioctl: 4.50.0-ioctl (2025-04-28) initialised: dm-devel@lists.linux.dev
[    1.771494] GPT:Alternate GPT header not at the end of the disk.
[    1.771495] GPT:104857599 != 4194303999
[    1.771496] GPT: Use GNU Parted to correct GPT errors.
[    1.771505]  sda: sda1 sda14 sda15 sda16
[    1.771793] sd 0:0:1:0: [sda] Attached SCSI disk
[    1.774491] intel_pstate: CPU model not supported
[    1.774576] drop_monitor: Initializing network drop monitor service
[    1.787841] NET: Registered PF_INET6 protocol family
[    1.790414] Segment Routing with IPv6
[    1.791805] In-situ OAM (IOAM) with IPv6
[    1.793306] NET: Registered PF_PACKET protocol family
[    1.795084] Key type dns_resolver registered
[    1.802247] IPI shorthand broadcast: enabled
[    1.806060] sched_clock: Marking stable (1458004344, 347192907)->(2048336829, -243139578)
[    1.809544] registered taskstats version 1
[    1.814378] Loading compiled-in X.509 certificates
[    1.816942] Loaded X.509 cert 'Build time autogenerated kernel key: e45cb4cd1c398ae218369364b5dd9534d3664c1e'
[    1.820899] Loaded X.509 cert 'Canonical Ltd. Live Patch Signing 2025 Kmod: d541cef61dc7e793b7eb7e899970a2eef0b5dc8c'
[    1.824967] Loaded X.509 cert 'Canonical Ltd. Live Patch Signing: 14df34d1a87cf37625abec039ef2bf521249b969'
[    1.828776] Loaded X.509 cert 'Canonical Ltd. Kernel Module Signing: 88f752e560a1e0737e31163a466ad7b70a850c19'
[    1.831961] blacklist: Loading compiled-in revocation X.509 certificates
[    1.834188] Loaded X.509 cert 'Canonical Ltd. Secure Boot Signing: 61482aa2830d0ab2ad5af10b7250da9033ddcef0'
[    1.837801] Loaded X.509 cert 'Canonical Ltd. Secure Boot Signing (2017): 242ade75ac4a15e50d50c84b0d45ff3eae707a03'
[    1.841174] Loaded X.509 cert 'Canonical Ltd. Secure Boot Signing (ESM 2018): 365188c1d374d6b07c3c8f240f8ef722433d6a8b'
[    1.844718] Loaded X.509 cert 'Canonical Ltd. Secure Boot Signing (2019): c0746fd6c5da3ae827864651ad66ae47fe24b3e8'
[    1.848479] Loaded X.509 cert 'Canonical Ltd. Secure Boot Signing (2021 v1): a8d54bbb3825cfb94fa13c9f8a594a195c107b8d'
[    1.852404] Loaded X.509 cert 'Canonical Ltd. Secure Boot Signing (2021 v2): 4cf046892d6fd3c9a5b03f98d845f90851dc6a8c'
[    1.855937] Loaded X.509 cert 'Canonical Ltd. Secure Boot Signing (2021 v3): 100437bb6de6e469b581e61cd66bce3ef4ed53af'
[    1.859301] Loaded X.509 cert 'Canonical Ltd. Secure Boot Signing (Ubuntu Core 2019): c1d57b8f6b743f23ee41f4f7ee292f06eecadfb9'
[    1.868861] Demotion targets for Node 0: null
[    1.871121] Key type .fscrypt registered
[    1.872467] Key type fscrypt-provisioning registered
[    1.874294] Key type big_key registered
[    1.875847] Key type trusted registered
[    1.878852] Key type encrypted registered
[    1.880380] AppArmor: AppArmor sha256 policy hashing enabled
[    1.883231] integrity: Loading X.509 certificate: UEFI:db
[    1.885237] integrity: Loaded X.509 cert 'Microsoft Corporation UEFI CA 2011: 13adbf4309bd82709c8cd54f316ed522988a1bd4'
[    1.889287] integrity: Loading X.509 certificate: UEFI:db
[    1.891169] integrity: Loaded X.509 cert 'Microsoft Windows Production PCA 2011: a92902398e16c49778cd90f99e4f9ae17c55af53'
[    1.895461] integrity: Loading X.509 certificate: UEFI:db
[    1.897444] integrity: Loaded X.509 cert 'Microsoft Corporation: Windows UEFI CA 2023: aefc5fbbbe055d8f8daa585473499417ab5a5272'
[    1.901774] integrity: Loading X.509 certificate: UEFI:db
[    1.903837] integrity: Loaded X.509 cert 'Microsoft UEFI CA 2023: 81aa6b3244c935bce0d6628af39827421e32497d'
[    1.908005] integrity: Revoking X.509 certificate: UEFI:dbx
[    1.910189] blacklist: Revoked X.509 cert 'Canonical Ltd. Secure Boot Signing: 61482aa2830d0ab2ad5af10b7250da9033ddcef0'
[    1.914306] integrity: Revoking X.509 certificate: UEFI:dbx
[    1.916459] blacklist: Revoked X.509 cert 'Cisco: Virtual UEFI SubCA: 13df2e3f54ebf347dcaecebf21d3cbb2355a4c9a'
[    1.920218] integrity: Revoking X.509 certificate: UEFI:dbx
[    1.922529] blacklist: Revoked X.509 cert 'Debian Secure Boot Signer: 00a7468def'
[    1.925873] Loading compiled-in module X.509 certificates
[    1.928566] Loaded X.509 cert 'Build time autogenerated kernel key: e45cb4cd1c398ae218369364b5dd9534d3664c1e'
[    1.932465] ima: Allocated hash algorithm: sha256
[    1.958128] input: AT Translated Set 2 keyboard as /devices/platform/i8042/serio0/input/input2
[    1.971849] ima: No architecture policies found
[    1.973665] evm: Initialising EVM extended attributes:
[    1.975388] evm: security.selinux
[    1.976701] evm: security.SMACK64
[    1.977944] evm: security.SMACK64EXEC
[    1.979160] evm: security.SMACK64TRANSMUTE
[    1.980801] evm: security.SMACK64MMAP
[    1.982181] evm: security.apparmor
[    1.983392] evm: security.ima
[    1.984719] evm: security.capability
[    1.986031] evm: HMAC attrs: 0x1
[    1.987719] PM:   Magic number: 10:668:864
[    1.992196] RAS: Correctable Errors collector initialized.
[    2.007442] clk: Disabling unused clocks
[    2.008886] PM: genpd: Disabling unused power domains
[    2.011718] check access for rdinit=/init failed: -2, ignoring
[    2.012673] md: Waiting for all devices to be available before autodetect
[    2.013727] md: If you don't use raid, use raid=noautodetect
[    2.014654] md: Autodetecting RAID arrays.
[    2.015330] md: autorun ...
[    2.015811] md: ... autorun DONE.
[    2.023430] EXT4-fs (sda1): mounted filesystem 89fcf612-67c3-434b-97ea-2cfdbfe01b5b ro with ordered data mode. Quota mode: none.
[    2.025219] VFS: Mounted root (ext4 filesystem) readonly on device 8:1.
[    2.027084] devtmpfs: mounted
[    2.029871] Freeing unused decrypted memory: 2028K
[    2.032636] Freeing unused kernel image (initmem) memory: 5404K
[    2.033875] Write protecting the kernel read-only data: 38912k
[    2.035650] Freeing unused kernel image (text/rodata gap) memory: 320K
[    2.037376] Freeing unused kernel image (rodata/data gap) memory: 776K
[    2.098306] x86/mm: Checked W+X mappings: passed, no W+X pages found.
[    2.099298] x86/mm: Checking user space page tables
[    2.158498] x86/mm: Checked W+X mappings: passed, no W+X pages found.
[    2.159549] Run /sbin/init as init process
[    2.397393] systemd[1]: Inserted module 'autofs4'
[    2.575864] systemd[1]: systemd 255.4-1ubuntu8.15 running in system mode (+PAM +AUDIT +SELINUX +APPARMOR +IMA +SMACK +SECCOMP +GCRYPT -GNUTLS +OPENSSL +ACL +BLKID +CURL +ELFUTILS +FIDO2 +IDN2 -IDN +IPTC +KMOD +LIBCRYPTSETUP +LIBFDISK +PCRE2 -PWQUALITY +P11KIT +QRENCODE +TPM2 +BZIP2 +LZ4 +XZ +ZLIB +ZSTD -BPF_FRAMEWORK -XKBCOMMON +UTMP +SYSVINIT default-hierarchy=unified)
[    2.580896] systemd[1]: Detected virtualization google.
[    2.581683] systemd[1]: Detected architecture x86-64.

Welcome to [1mUbuntu 24.04.4 LTS[0m!

[    2.586307] systemd[1]: No hostname configured, using default hostname.
[    2.587511] systemd[1]: Hostname set to <localhost>.
[    2.985184] systemd[1]: Queued start job for default target graphical.target.
[    3.008869] systemd[1]: Created slice system-modprobe.slice - Slice /system/modprobe.
[[0;32m  OK  [0m] Created slice [0;1;39msystem-modprobe.slice[0m - Slice /system/modprobe.
[    3.014512] systemd[1]: Created slice system-serial\x2dgetty.slice - Slice /system/serial-getty.
[[0;32m  OK  [0m] Created slice [0;1;39msystem-serial\x2dget…slice[0m - Slice /system/serial-getty.
[    3.019865] systemd[1]: Created slice system-systemd\x2dfsck.slice - Slice /system/systemd-fsck.
[[0;32m  OK  [0m] Created slice [0;1;39msystem-systemd\x2dfs…slice[0m - Slice /system/systemd-fsck.
[    3.024676] systemd[1]: Created slice user.slice - User and Session Slice.
[[0;32m  OK  [0m] Created slice [0;1;39muser.slice[0m - User and Session Slice.
[    3.028336] systemd[1]: Started systemd-ask-password-wall.path - Forward Password Requests to Wall Directory Watch.
[[0;32m  OK  [0m] Started [0;1;39msystemd-ask-password-wall.…[0md Requests to Wall Directory Watch.
[    3.033480] systemd[1]: Set up automount proc-sys-fs-binfmt_misc.automount - Arbitrary Executable File Formats File System Automount Point.
[[0;32m  OK  [0m] Set up automount [0;1;39mproc-sys-fs-binfm…[0mormats File System Automount Point.
[    3.038283] systemd[1]: Expecting device dev-disk-by\x2dlabel-BOOT.device - /dev/disk/by-label/BOOT...
         Expecting device [0;1;39mdev-disk-by\x2dla…device[0m - /dev/disk/by-label/BOOT...
[    3.041377] systemd[1]: Expecting device dev-disk-by\x2dlabel-UEFI.device - /dev/disk/by-label/UEFI...
         Expecting device [0;1;39mdev-disk-by\x2dla…device[0m - /dev/disk/by-label/UEFI...
[    3.044290] systemd[1]: Expecting device dev-ttyS0.device - /dev/ttyS0...
         Expecting device [0;1;39mdev-ttyS0.device[0m - /dev/ttyS0...
[    3.048275] systemd[1]: Reached target integritysetup.target - Local Integrity Protected Volumes.
[[0;32m  OK  [0m] Reached target [0;1;39mintegritysetup.targ…[0m Local Integrity Protected Volumes.
[    3.053285] systemd[1]: Reached target slices.target - Slice Units.
[[0;32m  OK  [0m] Reached target [0;1;39mslices.target[0m - Slice Units.
[    3.057263] systemd[1]: Reached target snapd.mounts-pre.target - Mounting snaps.
[[0;32m  OK  [0m] Reached target [0;1;39msnapd.mounts-pre.target[0m - Mounting snaps.
[    3.061274] systemd[1]: Reached target swap.target - Swaps.
[[0;32m  OK  [0m] Reached target [0;1;39mswap.target[0m - Swaps.
[    3.063481] systemd[1]: Reached target time-set.target - System Time Set.
[[0;32m  OK  [0m] Reached target [0;1;39mtime-set.target[0m - System Time Set.
[    3.067308] systemd[1]: Reached target veritysetup.target - Local Verity Protected Volumes.
[[0;32m  OK  [0m] Reached target [0;1;39mveritysetup.target[0m - Local Verity Protected Volumes.
[    3.071356] systemd[1]: Listening on dm-event.socket - Device-mapper event daemon FIFOs.
[[0;32m  OK  [0m] Listening on [0;1;39mdm-event.socket[0m - Device-mapper event daemon FIFOs.
[    3.076418] systemd[1]: Listening on lvm2-lvmpolld.socket - LVM2 poll daemon socket.
[[0;32m  OK  [0m] Listening on [0;1;39mlvm2-lvmpolld.socket[0m - LVM2 poll daemon socket.
[    3.081396] systemd[1]: Listening on multipathd.socket - multipathd control socket.
[[0;32m  OK  [0m] Listening on [0;1;39mmultipathd.socket[0m - multipathd control socket.
[    3.085415] systemd[1]: Listening on syslog.socket - Syslog Socket.
[[0;32m  OK  [0m] Listening on [0;1;39msyslog.socket[0m - Syslog Socket.
[    3.089363] systemd[1]: Listening on systemd-fsckd.socket - fsck to fsckd communication Socket.
[[0;32m  OK  [0m] Listening on [0;1;39msystemd-fsckd.socket[0m …fsck to fsckd communication Socket.
[    3.094329] systemd[1]: Listening on systemd-initctl.socket - initctl Compatibility Named Pipe.
[[0;32m  OK  [0m] Listening on [0;1;39msystemd-initctl.socke…[0m- initctl Compatibility Named Pipe.
[    3.099390] systemd[1]: Listening on systemd-journald-dev-log.socket - Journal Socket (/dev/log).
[[0;32m  OK  [0m] Listening on [0;1;39msystemd-journald-dev-…socket[0m - Journal Socket (/dev/log).
[    3.104416] systemd[1]: Listening on systemd-journald.socket - Journal Socket.
[[0;32m  OK  [0m] Listening on [0;1;39msystemd-journald.socket[0m - Journal Socket.
[    3.108468] systemd[1]: Listening on systemd-networkd.socket - Network Service Netlink Socket.
[[0;32m  OK  [0m] Listening on [0;1;39msystemd-networkd.socket[0m - Network Service Netlink Socket.
[    3.113289] systemd[1]: systemd-pcrextend.socket - TPM2 PCR Extension (Varlink) was skipped because of an unmet condition check (ConditionSecurity=measured-uki).
[    3.115770] systemd[1]: Listening on systemd-udevd-control.socket - udev Control Socket.
[[0;32m  OK  [0m] Listening on [0;1;39msystemd-udevd-control.socket[0m - udev Control Socket.
[    3.120402] systemd[1]: Listening on systemd-udevd-kernel.socket - udev Kernel Socket.
[[0;32m  OK  [0m] Listening on [0;1;39msystemd-udevd-kernel.socket[0m - udev Kernel Socket.
[    3.141321] systemd[1]: Mounting dev-hugepages.mount - Huge Pages File System...
         Mounting [0;1;39mdev-hugepages.mount[0m - Huge Pages File System...
[    3.146492] systemd[1]: Mounting dev-mqueue.mount - POSIX Message Queue File System...
         Mounting [0;1;39mdev-mqueue.mount[0m - POSIX Message Queue File System...
[    3.152320] systemd[1]: Mounting sys-kernel-debug.mount - Kernel Debug File System...
         Mounting [0;1;39msys-kernel-debug.mount[0m - Kernel Debug File System...
[    3.157447] systemd[1]: Mounting sys-kernel-tracing.mount - Kernel Trace File System...
         Mounting [0;1;39msys-kernel-tracing.mount[0m - Kernel Trace File System...
[    3.166703] systemd[1]: Starting systemd-journald.service - Journal Service...
         Starting [0;1;39msystemd-journald.service[0m - Journal Service...
[    3.173801] systemd[1]: Starting keyboard-setup.service - Set the console keyboard layout...
         Starting [0;1;39mkeyboard-setup.service[0m - Set the console keyboard layout...
[    3.179679] systemd[1]: Starting kmod-static-nodes.service - Create List of Static Device Nodes...
         Starting [0;1;39mkmod-static-nodes.service[0m…eate List of Static Device Nodes...
[    3.185501] systemd[1]: Starting lvm2-monitor.service - Monitoring of LVM2 mirrors, snapshots etc. using dmeventd or progress polling...
         Starting [0;1;39mlvm2-monitor.service[0m - Mo…ing dmeventd or progress polling...
[    3.189939] systemd-journald[283]: Collecting audit messages is disabled.
[    3.192401] systemd[1]: Starting modprobe@configfs.service - Load Kernel Module configfs...
         Starting [0;1;39mmodprobe@configfs.service[0m - Load Kernel Module configfs...
[    3.198563] systemd[1]: Starting modprobe@dm_mod.service - Load Kernel Module dm_mod...
         Starting [0;1;39mmodprobe@dm_mod.service[0m - Load Kernel Module dm_mod...
[    3.204426] systemd[1]: Starting modprobe@drm.service - Load Kernel Module drm...
         Starting [0;1;39mmodprobe@drm.service[0m - Load Kernel Module drm...
[    3.209389] systemd[1]: Starting modprobe@efi_pstore.service - Load Kernel Module efi_pstore...
         Starting [0;1;39mmodprobe@efi_pstore.servi…[0m - Load Kernel Module efi_pstore...
[    3.213518] systemd[1]: Starting modprobe@fuse.service - Load Kernel Module fuse...
         Starting [0;1;39mmodprobe@fuse.service[0m - Load Kernel Module fuse...
[    3.219394] systemd[1]: Starting modprobe@loop.service - Load Kernel Module loop...
         Starting [0;1;39mmodprobe@loop.service[0m - Load Kern[    3.221858] pstore: Using crash dump compression: deflate
el Module loop...
[    3.227960] systemd[1]: Starting modprobe@nvme_fabrics.service - Load Kernel Module nvme_fabrics...
         Starting [0;1;39mmodprobe@nvme_fabrics.ser…[0m Load Kernel Module nvme_fabrics...
[    3.232245] pstore: Registered efi_pstore as persistent store backend
[    3.232276] systemd[1]: netplan-ovs-cleanup.service - OpenVSwitch configuration for cleanup was skipped because of an unmet condition check (ConditionFileIsExecutable=/usr/bin/ovs-vsctl).
[    3.237230] systemd[1]: Starting systemd-fsck-root.service - File System Check on Root Device...
         Starting [0;1;39msystemd-fsck-root.service[0m…File System Check on Root Device...
[    3.243361] systemd[1]: Starting systemd-modules-load.service - Load Kernel Modules...
         Starting [0;1;39msystemd-modules-load.service[0m - Load Kernel Modules...
[    3.247267] systemd[1]: systemd-pcrmachine.service - TPM2 PCR Machine ID Measurement was skipped because of an unmet condition check (ConditionSecurity=measured-uki).
[    3.249444] systemd[1]: systemd-tpm2-setup-early.service - TPM2 SRK Setup (Early) was skipped because of an unmet condition check (ConditionSecurity=measured-uki).
[    3.253052] systemd[1]: Starting systemd-udev-trigger.service - Coldplug All udev Devices...
         Starting [0;1;39msystemd-udev-trigger.service[0m - Coldplug All udev Devices...
[    3.256483] systemd[1]: Started systemd-journald.service - Journal Service.
[[0;32m  OK  [0m] Started [0;1;39msystemd-journald.service[0m - Journal Service.
[[0;32m  OK  [0m] Mounted [0;1;39mdev-hugepages.mount[0m - Huge Pages File System.
[[0;32m  OK  [0m] Mounted [0;1;39mdev-mqueue.mount[0m - POSIX Message Queue File System.
[[0;32m  OK  [0m] Mounted [0;1;39msys-kernel-debug.mount[0m - Kernel Debug File System.
[[0;32m  OK  [0m] Mounted [0;1;39msys-kernel-tracing.mount[0m - Kernel Trace File System.
[[0;32m  OK  [0m] Finished [0;1;39mkeyboard-setup.service[0m - Set the console keyboard layout.
[[0;32m  OK  [0m] Finished [0;1;39mkmod-static-nodes.service[0m…Create List of Static Device Nodes.
[[0;32m  OK  [0m] Finished [0;1;39mmodprobe@configfs.service[0m - Load Kernel Module configfs.
[[0;32m  OK  [0m] Finished [0;1;39mmodprobe@dm_mod.service[0m - Load Kernel Module dm_mod.
[[0;32m  OK  [0m] Finished [0;1;39mmodprobe@drm.service[0m - Load Kernel Module drm.
[[0;32m  OK  [0m] Finished [0;1;39mmodprobe@efi_pstore.service[0m - Load Kernel Module efi_pstore.
[[0;32m  OK  [0m] Finished [0;1;39mmodprobe@fuse.service[0m - Load Kernel Module fuse.
[[0;32m  OK  [0m] Finished [0;1;39mmodprobe@loop.service[0m - Load Kernel Module loop.
[[0;32m  OK  [0m] Finished [0;1;39mmodprobe@nvme_fabrics.ser…[0m - Load Kernel Module nvme_fabrics.
[[0;32m  OK  [0m] Finished [0;1;39msystemd-modules-load.service[0m - Load Kernel Modules.
         Mounting [0;1;39msys-fs-fuse-connections.mount[0m - FUSE Control File System...
         Mounting [0;1;39msys-kernel-config.mount[0m - Kernel Configuration File System...
[[0;32m  OK  [0m] Started [0;1;39msystemd-fsckd.service[0m - Fi…stem Check Daemon to report status.
         Starting [0;1;39msystemd-sysctl.service[0m - Apply Kernel Variables...
         Starting [0;1;39msystemd-tmpfiles-setup-de…[0m Device Nodes in /dev gracefully...
[[0;32m  OK  [0m] Finished [0;1;39msystemd-fsck-root.service[0m - File System Check on Root Device.
[[0;32m  OK  [0m] Mounted [0;1;39msys-fs-fuse-connections.mount[0m - FUSE Control File System.
[[0;32m  OK  [0m] Mounted [0;1;39msys-kernel-config.mount[0m - Kernel Configuration File System.
[[0;32m  OK  [0m] Finished [0;1;39mlvm2-monitor.service[0m - Mo…using dmeventd or progress polling.
[[0;32m  OK  [0m] Finished [0;1;39msystemd-sysctl.service[0m - Apply Kernel Variables.
         Starting [0;1;39msystemd-remount-fs.servic…[0munt Root and Kernel File Systems...
[[0;32m  OK  [0m] Finished [0;1;39msystemd-tmpfiles-setup-de…[0mic Device Nodes in /dev gracefully.
[[0;32m  OK  [0m] Finished [0;1;39msystemd-remount-fs.servic…[0mmount Root and Kernel File Systems.
         Starting [0;1;39mmultipathd.service[0m - Devi…pper Multipath Device Controller...
         Starting [0;1;39msystemd-journal-flush.ser…[0msh Journal to Persistent Storage...
         Starting [0;1;39msystemd-random-seed.service[0m - Load/Save OS Random Seed...
         Starting [0;1;39msystemd-tmpfiles-setup-de…[0meate Static Device Nodes in /dev...
[[0;32m  OK  [0m] Finished [0;1;39msystemd-udev-trigger.service[0m - Coldplug All udev Devices.
[[0;32m  OK  [0m] Finished [0;1;39msystemd-random-seed.service[0m - Load/Save OS Random Seed.
[[0;32m  OK  [0m] Finished [0;1;39msystemd-tmpfiles-setup-de…[0mCreate Static Device Nodes in /dev.
         Starting [0;1;39msystemd-udevd.service[0m - R…ager for Device Events and Files...
[[0;32m  OK  [0m] Started [0;1;39mmultipathd.service[0m - Devic…Mapper Multipath Device Controller.
[[0;32m  OK  [0m] Started [0;1;39msystemd-udevd.service[0m - Ru…anager for Device Events and Files.
[[0;32m  OK  [0m] Reached target [0;1;39mlocal-fs-pre.target[0m…Preparation for Local File Systems.
         Mounting [0;1;39msnap-core22-2411.mount[0m - …t unit for core22, revision 2411...
         Mounting [0;1;39msnap-google\x2dcloud\x2dc…[0mr google-cloud-cli, revision 448...
         Mounting [0;1;39msnap-snapd-26865.mount[0m - …t unit for snapd, revision 26865...
[[0;32m  OK  [0m] Started [0;1;39msystemd-ask-password-conso…[0mequests to Console Directory Watch.
[[0;32m  OK  [0m] Reached target [0;1;39mcryptsetup.target[0m - Local Encrypted Volumes.
[[0;32m  OK  [0m] Finished [0;1;39msystemd-journal-flush.ser…[0mlush Journal to Persistent Storage.
[[0;32m  OK  [0m] Mounted [0;1;39msnap-core22-2411.mount[0m - Mount unit for core22, revision 2411.
[[0;32m  OK  [0m] Mounted [0;1;39msnap-google\x2dcloud\x2dcl…[0mfor google-cloud-cli, revision 448.
[[0;32m  OK  [0m] Mounted [0;1;39msnap-snapd-26865.mount[0m - Mount unit for snapd, revision 26865.
[[0;32m  OK  [0m] Found device [0;1;39mdev-ttyS0.device[0m - /dev/ttyS0.
[[0;32m  OK  [0m] Found device [0;1;39mdev-disk-by\x2dlabel-BOOT.device[0m - PersistentDisk BOOT.
[[0;32m  OK  [0m] Found device [0;1;39mdev-disk-by\x2dlabel-UEFI.device[0m - PersistentDisk UEFI.
[[0;32m  OK  [0m] Reached target [0;1;39msnapd.mounts.target[0m - Mounted snaps.
[[0;32m  OK  [0m] Listening on [0;1;39msystemd-rfkill.socket[0m…ll Switch Status /dev/rfkill Watch.
[    3.914701] 
         Starting [0;1;39msystemd-fsck@dev-disk-by\…[0mCheck on /dev/disk/by-label/BOOT...
         Starting [0;1;39msystemd-fsck@dev-disk-by\…[0mCheck on /dev/disk/by-label/UEFI...
Checking in progress on 1 disk (0.0% complete)[[0;32m  OK  [0m] Finished [0;1;39msystemd-fsck@dev-disk-by\…[0mm Check on /dev/disk/by-label/BOOT.
Checking in progress on 0 disks (100.0% complete)[[0;32m  OK  [0m] Finished [0;1;39msystemd-fsck@dev-disk-by\…[0mm Check on /dev/disk/by-label/UEFI.
         Mounting [0;1;39mboot.mount[0m - /boot...
[[0;32m  OK  [0m] Mounted [0;1;39mboot.mount[0m - /boot.
         Mounting [0;1;39mboot-efi.mount[0m - /boot/efi...
[[0;32m  OK  [0m] Mounted [0;1;39mboot-efi.mount[0m - /boot/efi.
[[0;32m  OK  [0m] Reached target [0;1;39mlocal-fs.target[0m - Local File Systems.
[[0;32m  OK  [0m] Listening on [0;1;39msystemd-sysext.socket[0m…tension Image Management (Varlink).
         Starting [0;1;39mapparmor.service[0m - Load AppArmor profiles...
         Starting [0;1;39mconsole-setup.service[0m - Set console font and keymap...
         Starting [0;1;39mfinalrd.service[0m - Create …time dir for shutdown pivot root...
         Starting [0;1;39mplymouth-read-write.servi…[0mymouth To Write Out Runtime Data...
         Starting [0;1;39msystemd-binfmt.service[0m - Set Up Additional Binary Formats...
         Starting [0;1;39msystemd-tmpfiles-setup.se…[0me Volatile Files and Directories...
         Starting [0;1;39mufw.service[0m - Uncomplicated firewall...
[[0;32m  OK  [0m] Finished [0;1;39mconsole-setup.service[0m - Set console font and keymap.
[[0;32m  OK  [0m] Finished [0;1;39mfinalrd.service[0m - Create …untime dir for shutdown pivot root.
[[0;32m  OK  [0m] Finished [0;1;39mplymouth-read-write.servi…[0mPlymouth To Write Out Runtime Data.
[[0;32m  OK  [0m] Finished [0;1;39mapparmor.service[0m - Load AppArmor profiles.
[[0;32m  OK  [0m] Finished [0;1;39msystemd-tmpfiles-setup.se…[0mate Volatile Files and Directories.
[[0;32m  OK  [0m] Finished [0;1;39mufw.service[0m - Uncomplicated firewall.
         Mounting [0;1;39mproc-sys-fs-binfmt_misc.m…[0mcutable File Formats File System...
         Starting [0;1;39msnapd.apparmor.service[0m - …iles managed internally by snapd...
         Starting [0;1;39msystemd-resolved.service[0m - Network Name Resolution...
         Starting [0;1;39msystemd-update-utmp.servi…[0mord System Boot/Shutdown in UTMP...
         Starting [0;1;39mcloud-init-local.service[0m …-init: Local Stage (pre-network)...
[[0;32m  OK  [0m] Mounted [0;1;39mproc-sys-fs-binfmt_misc.mo…[0mxecutable File Formats File System.
[[0;32m  OK  [0m] Finished [0;1;39msystemd-binfmt.service[0m - Set Up Additional Binary Formats.
         Starting [0;1;39mmodprobe@dm_mod.service[0m - Load Kernel Module dm_mod...
         Starting [0;1;39mmodprobe@efi_pstore.servi…[0m - Load Kernel Module efi_pstore...
         Starting [0;1;39mmodprobe@loop.service[0m - Load Kernel Module loop...
[[0;32m  OK  [0m] Finished [0;1;39msystemd-update-utmp.servi…[0mecord System Boot/Shutdown in UTMP.
[[0;32m  OK  [0m] Finished [0;1;39mmodprobe@dm_mod.service[0m - Load Kernel Module dm_mod.
[[0;32m  OK  [0m] Finished [0;1;39mmodprobe@efi_pstore.service[0m - Load Kernel Module efi_pstore.
[[0;32m  OK  [0m] Finished [0;1;39mmodprobe@loop.service[0m - Load Kernel Module loop.
[[0;32m  OK  [0m] Started [0;1;39msystemd-resolved.service[0m - Network Name Resolution.
[[0;32m  OK  [0m] Reached target [0;1;39mnss-lookup.target[0m - Host and Network Name Lookups.
[[0;32m  OK  [0m] Finished [0;1;39msnapd.apparmor.service[0m - …ofiles managed internally by snapd.
[    6.064407] cloud-init[715]: Cloud-init v. 25.3-0ubuntu1~24.04.1 running 'init-local' at Fri, 15 May 2026 02:51:48 +0000. Up 6.04 seconds.
         Starting [0;1;39mmodprobe@dm_mod.service[0m - Load Kernel Module dm_mod...
         Starting [0;1;39mmodprobe@efi_pstore.servi…[0m - Load Kernel Module efi_pstore...
         Starting [0;1;39mmodprobe@loop.service[0m - Load Kernel Module loop...
[[0;32m  OK  [0m] Finished [0;1;39mmodprobe@dm_mod.service[0m - Load Kernel Module dm_mod.
[[0;32m  OK  [0m] Finished [0;1;39mmodprobe@efi_pstore.service[0m - Load Kernel Module efi_pstore.
[[0;32m  OK  [0m] Finished [0;1;39mmodprobe@loop.service[0m - Load Kernel Module loop.
         Starting [0;1;39mmodprobe@dm_mod.service[0m - Load Kernel Module dm_mod...
         Starting [0;1;39mmodprobe@efi_pstore.servi…[0m - Load Kernel Module efi_pstore...
         Starting [0;1;39mmodprobe@loop.service[0m - Load Kernel Module loop...
[[0;32m  OK  [0m] Finished [0;1;39mmodprobe@dm_mod.service[0m - Load Kernel Module dm_mod.
[[0;32m  OK  [0m] Finished [0;1;39mmodprobe@efi_pstore.service[0m - Load Kernel Module efi_pstore.
[[0;32m  OK  [0m] Finished [0;1;39mmodprobe@loop.service[0m - Load Kernel Module loop.
[[0;32m  OK  [0m] Finished [0;1;39mcloud-init-local.service[0m …ud-init: Local Stage (pre-network).
[[0;32m  OK  [0m] Reached target [0;1;39mnetwork-pre.target[0m - Preparation for Network.
         Starting [0;1;39msystemd-networkd.service[0m - Network Configuration...
[[0;32m  OK  [0m] Started [0;1;39msystemd-networkd.service[0m - Network Configuration.
[[0;32m  OK  [0m] Reached target [0;1;39mnetwork.target[0m - Network.
         Starting [0;1;39msystemd-networkd-wait-onl…[0mait for Network to be Configured...
[[0;32m  OK  [0m] Finished [0;1;39msystemd-networkd-wait-onl…[0m Wait for Network to be Configured.
         Starting [0;1;39mcloud-init.service[0m - Cloud-init: Network Stage...
[   10.893467] cloud-init[813]: Cloud-init v. 25.3-0ubuntu1~24.04.1 running 'init' at Fri, 15 May 2026 02:51:52 +0000. Up 10.87 seconds.
[   10.908198] cloud-init[813]: ci-info: +++++++++++++++++++++++++++++++++++++++Net device info+++++++++++++++++++++++++++++++++++++++
[   10.921172] cloud-init[813]: ci-info: +--------+------+----------------------------+-----------------+--------+-------------------+
[   10.934272] cloud-init[813]: ci-info: | Device |  Up  |          Address           |       Mask      | Scope  |     Hw-Address    |
[   10.948201] cloud-init[813]: ci-info: +--------+------+----------------------------+-----------------+--------+-------------------+
[   10.962170] cloud-init[813]: ci-info: |  ens5  | True |       10.128.15.200        | 255.255.255.255 | global | 42:01:0a:80:0f:c8 |
[   10.976258] cloud-init[813]: ci-info: |  ens5  | True | fe80::4001:aff:fe80:fc8/64 |        .        |  link  | 42:01:0a:80:0f:c8 |
[   10.989312] cloud-init[813]: ci-info: |   lo   | True |         127.0.0.1          |    255.0.0.0    |  host  |         .         |
[   11.003175] cloud-init[813]: ci-info: |   lo   | True |          ::1/128           |        .        |  host  |         .         |
[   11.017278] cloud-init[813]: ci-info: +--------+------+----------------------------+-----------------+--------+-------------------+
[   11.030188] cloud-init[813]: ci-info: +++++++++++++++++++++++++++++++Route IPv4 info++++++++++++++++++++++++++++++++
[   11.042145] cloud-init[813]: ci-info: +-------+-----------------+------------+-----------------+-----------+-------+
[   11.054289] cloud-init[813]: ci-info: | Route |   Destination   |  Gateway   |     Genmask     | Interface | Flags |
[   11.066187] cloud-init[813]: ci-info: +-------+-----------------+------------+-----------------+-----------+-------+
[   11.078176] cloud-init[813]: ci-info: |   0   |     0.0.0.0     | 10.128.0.1 |     0.0.0.0     |    ens5   |   UG  |
[   11.090252] cloud-init[813]: ci-info: |   1   |    10.128.0.1   |  0.0.0.0   | 255.255.255.255 |    ens5   |   UH  |
[   11.103223] cloud-init[813]: ci-info: |   2   | 169.254.169.254 | 10.128.0.1 | 255.255.255.255 |    ens5   |  UGH  |
[   11.115206] cloud-init[813]: ci-info: +-------+-----------------+------------+-----------------+-----------+-------+
[   11.127186] cloud-init[813]: ci-info: +++++++++++++++++++Route IPv6 info+++++++++++++++++++
[   11.136306] cloud-init[813]: ci-info: +-------+-------------+---------+-----------+-------+
[   11.147209] cloud-init[813]: ci-info: | Route | Destination | Gateway | Interface | Flags |
[   11.156194] cloud-init[813]: ci-info: +-------+-------------+---------+-----------+-------+
[   11.167162] cloud-init[813]: ci-info: |   0   |  fe80::/64  |    ::   |    ens5   |   U   |
[   11.178181] cloud-init[813]: ci-info: |   2   |    local    |    ::   |    ens5   |   U   |
[   11.187255] cloud-init[813]: ci-info: |   3   |  multicast  |    ::   |    ens5   |   U   |
[   11.198190] cloud-init[813]: ci-info: +-------+-------------+---------+-----------+-------+
[   16.215606] cloud-init[813]: Generating public/private rsa key pair.
[   16.223186] cloud-init[813]: Your identification has been saved in /etc/ssh/ssh_host_rsa_key
[   16.234179] cloud-init[813]: Your public key has been saved in /etc/ssh/ssh_host_rsa_key.pub
[   16.243852] cloud-init[813]: The key fingerprint is:
[   16.250157] cloud-init[813]: SHA256:VuBmz89v1R/zGipdG+JrMfBY8V9l5JVmaPGbfkMxO3g root@loadgen-07dq
[   16.261159] cloud-init[813]: The key's randomart image is:
[   16.267143] cloud-init[813]: +---[RSA 3072]----+
[[0;32m  OK  [0m] Finished [0;1;39mcloud-init.service[0m - Cloud-init: Network Stage.
[   16.273141] cloud-init[813]: |        .    .o.+|
[[0;32m  OK  [0m] Reached target [0;1;39mcloud-config.target[0m - Cloud-config availability.
[   16.288132] cloud-init[813]: |       . .  .o.=+|
[[0;32m  OK  [0m] Reached target [0;1;39mnetwork-online.target[0m - Network is Online.
[   16.303180] cloud-init[813]: |        + . .oo=o|
[[0;32m  OK  [0m] Reached target [0;1;39msysinit.target[0m - System Initialization.
[   16.312343] cloud-init[813]: |       o +. . o B|
[[0;32m  OK  [0m] Started [0;1;39mnvidia-cdi-refresh.path[0m - …r toolkit install / upgrade events.
[   16.332174] cloud-init[813]: |        S o= . Eo|
[   16.349169] cloud-init[813]: |       .  .o= *o=|
[[0;32m  OK  [0m] Started [0;1;39mgce-workload-cert-refresh.…[0mWorkload Certificate refresh timer.
[[0;32m  OK  [0m] Started [0;1;39mgoogle-oslogin-cache.timer[0m - NSS cache refresh timer.
[   16.349282] cloud-init[813]: |           oo=.**|
[   16.381165] cloud-init[813]: |          . +oo.=|
[[0;32m  OK  [0m] Started [0;1;39msystemd-tmpfiles-clean.tim…[0my Cleanup of Temporary Directories.
[   16.381278] cloud-init[813]: |           oooo. |
[   16.404176] cloud-init[813]: +----[SHA256]-----+
[   16.410134] cloud-init[813]: Generating public/private ecdsa key pair.
[[0;32m  OK  [0m] Started [0;1;39mupdate-notifier-download.t…[0mhat failed at package install time.
[[0;32m  OK  [0m] Reached target [0;1;39mpaths.target[0m - Path Units.
[   16.410221] cloud-init[813]: Your identification has been saved in /etc/ssh/ssh_host_ecdsa_key
[   16.445175] cloud-init[813]: Your public key has been saved in /etc/ssh/ssh_host_ecdsa_key.pub
[[0;32m  OK  [0m] Listening on [0;1;39mcloud-init-hotplugd.s…t[0m - cloud-init hotplug hook socket.
[   16.445298] cloud-init[813]: The key fingerprint is:
[[0;32m  OK  [0m] Listening on [0;1;39mdbus.socket[0m - D-Bus System Message Bus Socket.
[   16.472267] cloud-init[813]: SHA256:BgFMXAHR0I1heixVjWK1OezfpvswNtqZVs8ucXeJJIE root@loadgen-07dq
[   16.492305] cloud-init[813]: The key's randomart image is:
         Starting [0;1;39mdocker.socket[0m - Docker Socket for the API...
[   16.492423] cloud-init[813]: +---[ECDSA 256]---+
[   16.512162] cloud-init[813]: |   +*OBBoo.      |
[[0;32m  OK  [0m] Listening on [0;1;39miscsid.socket[0m - Open-iSCSI iscsid Socket.
[   16.512260] cloud-init[813]: |    o=*ooE..     |
         Starting [0;1;39mlxd-installer.socket[0m - He…er to install lxd snap on demand...
[   16.532167] cloud-init[813]: |    o.+.=   .    |
         Starting [0;1;39msnapd.socket[0m - Socket activation for snappy daemon...
[   16.549263] cloud-init[813]: |     o o . . .   |
[[0;32m  OK  [0m] Listening on [0;1;39mssh.socket[0m - OpenBSD Secure Shell server socket.
[   16.564260] cloud-init[813]: |        S   o . .|
[[0;32m  OK  [0m] Listening on [0;1;39muuidd.socket[0m - UUID daemon activation socket.
[   16.582185] cloud-init[813]: |       . . .o...o|
[[0;32m  OK  [0m] Finished [0;1;39mblk-availability.service[0m - Availability of block devices.
[   16.597194] cloud-init[813]: |          *.o= ..|
[[0;32m  OK  [0m] Listening on [0;1;39mdocker.socket[0m - Docker Socket for the API.
[   16.614146] cloud-init[813]: |         +.O. o  |
[[0;32m  OK  [0m] Listening on [0;1;39mlxd-installer.socket[0m …lper to install lxd snap on demand.
[   16.629300] cloud-init[813]: |        ..*o.o.  |
[[0;32m  OK  [0m] Listening on [0;1;39msnapd.socket[0m - Socket activation for snappy daemon.
[   16.646182] cloud-init[813]: +----[SHA256]-----+
[[0;32m  OK  [0m] Reached target [0;1;39msockets.target[0m - Socket Units.
[   16.664247] cloud-init[813]: Generating public/private ed25519 key pair.
[[0;32m  OK  [0m] Reached target [0;1;39mbasic.target[0m - Basic System.
[   16.673260] cloud-init[813]: Your identification has been saved in /etc/ssh/ssh_host_ed25519_key
[   16.699261] cloud-init[813]: Your public key has been saved in /etc/ssh/ssh_host_ed25519_key.pub
[   16.710266] cloud-init[813]: The key fingerprint is:
         Starting [0;1;39mchrony.service[0m - chrony, an NTP client/server...
[   16.717239] cloud-init[813]: SHA256:M5Mi+IjAqYFTfJ1YBV9N8aPLqAbxvrhztC+dNese4eg root@loadgen-07dq
         Starting [0;1;39mcloud-config.service[0m - Cloud-init: Config Stage...
[   16.735279] cloud-init[813]: The key's randomart image is:
         Starting [0;1;39mdbus.service[0m - D-Bus System Message Bus...
[   16.745447] cloud-init[813]: +--[ED25519 256]--+
[[0;32m  OK  [0m] Started [0;1;39mdmesg.service[0m - Save initial kernel messages after boot.
[   16.760281] cloud-init[813]: |      oo. .oo.   |
         Starting [0;1;39me2scrub_reap.service[0m - Re…ne ext4 Metadata Check Snapshots...
[   16.780265] cloud-init[813]: | .   + o .  ..   |
         Starting [0;1;39mgce-workload-cert-refresh…[0mGCE Workload Certificate refresh...
[   16.796279] cloud-init[813]: |  o o o .     o  |
[[0;32m  OK  [0m] Started [0;1;39mgoogle-osconfig-agent.service[0m - Google OSConfig Agent.
[   16.814305] cloud-init[813]: |o..o  .  .   . . |
         Starting [0;1;39mgoogle-oslogin-cache.service[0m - NSS cache refresh...
[   16.828177] cloud-init[813]: |=o. . .oS   o    |
         Starting [0;1;39mgrub-common.service[0m - Record successful boot for GRUB...
[   16.841157] cloud-init[813]: |o+ o ...o+ =oo   |
         Starting [0;1;39mnetworkd-dispatcher.servi…[0mcher daemon for systemd-networkd...
[   16.854296] cloud-init[813]: |o . .  + ooo=o   |
         Starting [0;1;39mnvidia-persistenced.service[0m - NVIDIA Persistence Daemon...
[   16.868127] cloud-init[813]: |      ..*oo ..   |
         Starting [0;1;39mnvmf-autoconnect.service[0m …ystems automatically during boot...
[   16.882180] cloud-init[813]: |      o=o+Eoo    |
[   16.896184] cloud-init[813]: +----[SHA256]-----+
         Starting [0;1;39mrsyslog.service[0m - System Logging Service...
         Starting [0;1;39msecureboot-db.service[0m - Secure Boot updates for DB and DBX...
[[0;32m  OK  [0m] Reached target [0;1;39mgetty-pre.target[0m - Preparation for Logins.
         Starting [0;1;39msnapd.seeded.service[0m - Wait until snapd is fully seeded...
         Starting [0;1;39msnapd.service[0m - Snap Daemon...
         Starting [0;1;39msysstat.service[0m - Resets System Activity Logs...
         Starting [0;1;39msystemd-logind.service[0m - User Login Management...
[[0;32m  OK  [0m] Started [0;1;39mubuntu-advantage.service[0m - Ubuntu Pro Background Auto Attach.
[[0;32m  OK  [0m] Started [0;1;39mdbus.service[0m - D-Bus System Message Bus.
[[0;32m  OK  [0m] Finished [0;1;39mgce-workload-cert-refresh…[0m- GCE Workload Certificate refresh.
[[0;32m  OK  [0m] Started [0;1;39mnetworkd-dispatcher.servic…[0matcher daemon for systemd-networkd.
[[0;32m  OK  [0m] Finished [0;1;39mgoogle-oslogin-cache.service[0m - NSS cache refresh.
[[0;32m  OK  [0m] Started [0;1;39msystemd-logind.service[0m - User Login Management.
[[0;32m  OK  [0m] Started [0;1;39mnvidia-persistenced.service[0m - NVIDIA Persistence Daemon.
[[0;32m  OK  [0m] Finished [0;1;39mnvmf-autoconnect.service[0m …bsystems automatically during boot.
[[0;32m  OK  [0m] Finished [0;1;39msysstat.service[0m - Resets System Activity Logs.
[[0;32m  OK  [0m] Reached target [0;1;39mremote-fs-pre.targe…[0mreparation for Remote File Systems.
[[0;32m  OK  [0m] Reached target [0;1;39mremote-fs.target[0m - Remote File Systems.
         Starting [0;1;39mapport.service[0m - automatic crash report generation...
         Starting [0;1;39mcontainerd.service[0m - containerd container runtime...
[   17.132916] cloud-init[1011]: Cloud-init v. 25.3-0ubuntu1~24.04.1 running 'modules:config' at Fri, 15 May 2026 02:51:59 +0000. Up 17.08 seconds.
[[0;32m  OK  [0m] Started [0;1;39mcron.service[0m - Regular background program processing daemon.
         Starting [0;1;39msystemd-user-sessions.service[0m - Permit User Sessions...
[[0;32m  OK  [0m] Finished [0;1;39mgrub-common.service[0m - Record successful boot for GRUB.
[[0;32m  OK  [0m] Started [0;1;39mchrony.service[0m - chrony, an NTP client/server.
[[0;32m  OK  [0m] Finished [0;1;39msystemd-user-sessions.service[0m - Permit User Sessions.
[[0;32m  OK  [0m] Reached target [0;1;39mtime-sync.target[0m - System Time Synchronized.
2026-05-15T02:51:59.312116+00:00 loadgen-07dq systemd[1]: Mounted dev-hugepages.mount - Huge Pages File System.
[[0;32m  OK  [0m] Started [0;1;39mdpkg-db-backup.timer[0m - Daily dpkg database backup timer.
[[0;32m  OK  [0m] Started [0;1;39me2scrub_all.timer[0m - Period…Metadata Check for All Filesystems.
[[0;32m  OK  [0m] Started [0;1;39mfstrim.timer[0m - Discard unused filesystem blocks once a week.
[[0;32m  OK  [0m] Started [0;1;39mlogrotate.timer[0m - Daily rotation of log files.
[[0;32m  OK  [0m] Started [0;1;39mman-db.timer[0m - Daily man-db regeneration.
2026-05-15T02:51:59.312289+00:00 loadgen-07dq systemd[1]: Mounted dev-mqueue.mount - POSIX Message Queue File System.
2026-05-15T02:51:59.312325+00:00 loadgen-07dq systemd[1]: Mounted sys-kernel-debug.mount - Kernel Debug File System.
2026-05-15T02:51:59.312331+00:00 loadgen-07dq systemd[1]: Mounted sys-kernel-tracing.mount - Kernel Trace File System.
2026-05-15T02:51:59.312336+00:00 loadgen-07dq systemd[1]: Finished keyboard-setup.service - Set the console keyboard layout.
2026-05-15T02:51:59.312341+00:00 loadgen-07dq systemd[1]: Finished kmod-static-nodes.service - Create List of Static Device Nodes.
2026-05-15T02:51:59.312346+00:00 loadgen-07dq systemd[1]: modprobe@configfs.service: Deactivated successfully.
2026-05-15T02:51:59.312346+00:00 loadgen-07dq kernel: Linux version 6.17.0-1013-gcp (buildd@lcy02-amd64-034) (x86_64-linux-gnu-gcc-13 (Ubuntu 13.3.0-6ubuntu2~24.04.1) 13.3.0, GNU ld (GNU Binutils for Ubuntu) 2.42) #13~24.04.1-Ubuntu SMP Thu Apr 16 02:10:24 UTC 2026 (Ubuntu 6.17.0-1013.13~24.04.1-gcp 6.17.13)
2026-05-15T02:51:59.312355+00:00 loadgen-07dq kernel: Command line: BOOT_IMAGE=/vmlinuz-6.17.0-1013-gcp root=PARTUUID=6624332c-1f00-4e51-a0bf-94661fe17234 ro console=ttyS0,115200 panic=-1
2026-05-15T02:51:59.312351+00:00 loadgen-07dq systemd[1]: Finished modprobe@configfs.service - Load Kernel Module configfs.
2026-05-15T02:51:59.312356+00:00 loadgen-07dq kernel: KERNEL supported cpus:
2026-05-15T02:51:59.312357+00:00 loadgen-07dq kernel:   Intel GenuineIntel
2026-05-15T02:51:59.312357+00:00 loadgen-07dq kernel:   AMD AuthenticAMD
2026-05-15T02:51:59.312358+00:00 loadgen-07dq kernel:   Hygon HygonGenuine
2026-05-15T02:51:59.312358+00:00 loadgen-07dq kernel:   Centaur CentaurHauls
2026-05-15T02:51:59.312359+00:00 loadgen-07dq systemd[1]: modprobe@dm_mod.service: Deactivated successfully.
2026-05-15T02:51:59.312361+00:00 loadgen-07dq kernel:   zhaoxin   Shanghai  
2026-05-15T02:51:59.312362+00:00 loadgen-07dq kernel: x86/CPU: Model not found in latest microcode list
2026-05-15T02:51:59.312362+00:00 loadgen-07dq kernel: BIOS-provided physical RAM map:
2026-05-15T02:51:59.312363+00:00 loadgen-07dq kernel: BIOS-e820: [mem 0x0000000000000000-0x0000000000000fff] reserved
2026-05-15T02:51:59.312363+00:00 loadgen-07dq kernel: BIOS-e820: [mem 0x0000000000001000-0x0000000000054fff] usable
2026-05-15T02:51:59.312364+00:00 loadgen-07dq kernel: BIOS-e820: [mem 0x0000000000055000-0x000000000005ffff] reserved
2026-05-15T02:51:59.312364+00:00 loadgen-07dq systemd[1]: Finished modprobe@dm_mod.service - Load Kernel Module dm_mod.
2026-05-15T02:51:59.312367+00:00 loadgen-07dq kernel: BIOS-e820: [mem 0x0000000000060000-0x0000000000097fff] usable
2026-05-15T02:51:59.312368+00:00 loadgen-07dq kernel: BIOS-e820: [mem 0x0000000000098000-0x000000000009ffff] reserved
2026-05-15T02:51:59.312368+00:00 loadgen-07dq kernel: BIOS-e820: [mem 0x0000000000100000-0x00000000bd254fff] usable
2026-05-15T02:51:59.312369+00:00 loadgen-07dq kernel: BIOS-e820: [mem 0x00000000bd255000-0x00000000bd25ffff] ACPI data
2026-05-15T02:51:59.312369+00:00 loadgen-07dq kernel: BIOS-e820: [mem 0x00000000bd260000-0x00000000bf8ecfff] usable
2026-05-15T02:51:59.312370+00:00 loadgen-07dq kernel: BIOS-e820: [mem 0x00000000bf8ed000-0x00000000bfb6cfff] reserved
2026-05-15T02:51:59.312370+00:00 loadgen-07dq kernel: BIOS-e820: [mem 0x00000000bfb6d000-0x00000000bfb7efff] ACPI data
2026-05-15T02:51:59.312369+00:00 loadgen-07dq systemd[1]: modprobe@drm.service: Deactivated successfully.
2026-05-15T02:51:59.312373+00:00 loadgen-07dq kernel: BIOS-e820: [mem 0x00000000bfb7f000-0x00000000bfbfefff] ACPI NVS
2026-05-15T02:51:59.312374+00:00 loadgen-07dq kernel: BIOS-e820: [mem 0x00000000bfbff000-0x00000000bffdffff] usable
2026-05-15T02:51:59.312375+00:00 loadgen-07dq kernel: BIOS-e820: [mem 0x00000000bffe0000-0x00000000bfffffff] reserved
2026-05-15T02:51:59.312375+00:00 loadgen-07dq kernel: BIOS-e820: [mem 0x0000000100000000-0x000000103fffffff] usable
2026-05-15T02:51:59.312376+00:00 loadgen-07dq kernel: NX (Execute Disable) protection: active
2026-05-15T02:51:59.312374+00:00 loadgen-07dq systemd[1]: Finished modprobe@drm.service - Load Kernel Module drm.
2026-05-15T02:51:59.312376+00:00 loadgen-07dq kernel: APIC: Static calls initialized
2026-05-15T02:51:59.312381+00:00 loadgen-07dq systemd[1]: modprobe@efi_pstore.service: Deactivated successfully.
2026-05-15T02:51:59.312383+00:00 loadgen-07dq kernel: efi: EFI v2.7 by EDK II
2026-05-15T02:51:59.312384+00:00 loadgen-07dq kernel: efi: TPMFinalLog=0xbfbf7000 ACPI=0xbfb7e000 ACPI 2.0=0xbfb7e014 SMBIOS=0xbf9ca000 MEMATTR=0xbd260018 MOKvar=0xbf9c8000 RNG=0xbfb72018 TPMEventLog=0xbd255018 
2026-05-15T02:51:59.312384+00:00 loadgen-07dq kernel: random: crng init done
2026-05-15T02:51:59.312385+00:00 loadgen-07dq kernel: SMBIOS 2.4 present.
2026-05-15T02:51:59.312385+00:00 loadgen-07dq kernel: DMI: Google Google Compute Engine/Google Compute Engine, BIOS Google 04/21/2026
2026-05-15T02:51:59.312386+00:00 loadgen-07dq kernel: DMI: Memory slots populated: 4/4
2026-05-15T02:51:59.312389+00:00 loadgen-07dq kernel: secureboot: Secure boot disabled
2026-05-15T02:51:59.312389+00:00 loadgen-07dq kernel: Hypervisor detected: KVM
2026-05-15T02:51:59.312390+00:00 loadgen-07dq kernel: last_pfn = 0xbffe0 max_arch_pfn = 0x400000000
2026-05-15T02:51:59.312390+00:00 loadgen-07dq kernel: kvm-clock: Using msrs 4b564d01 and 4b564d00
2026-05-15T02:51:59.312391+00:00 loadgen-07dq kernel: kvm-clock: using sched offset of 15111004074 cycles
2026-05-15T02:51:59.312391+00:00 loadgen-07dq kernel: clocksource: kvm-clock: mask: 0xffffffffffffffff max_cycles: 0x1cd42e4dffb, max_idle_ns: 881590591483 ns
2026-05-15T02:51:59.312392+00:00 loadgen-07dq kernel: tsc: Detected 2299.998 MHz processor
2026-05-15T02:51:59.312395+00:00 loadgen-07dq kernel: e820: update [mem 0x00000000-0x00000fff] usable ==> reserved
2026-05-15T02:51:59.312395+00:00 loadgen-07dq kernel: e820: remove [mem 0x000a0000-0x000fffff] usable
2026-05-15T02:51:59.312395+00:00 loadgen-07dq kernel: last_pfn = 0x1040000 max_arch_pfn = 0x400000000
2026-05-15T02:51:59.312396+00:00 loadgen-07dq kernel: MTRR map: 3 entries (2 fixed + 1 variable; max 18), built from 8 variable MTRRs
2026-05-15T02:51:59.312396+00:00 loadgen-07dq kernel: x86/PAT: Configuration [0-7]: WB  WC  UC- UC  WB  WP  UC- WT  
2026-05-15T02:51:59.312397+00:00 loadgen-07dq kernel: last_pfn = 0xbffe0 max_arch_pfn = 0x400000000
2026-05-15T02:51:59.312386+00:00 loadgen-07dq systemd[1]: Finished modprobe@efi_pstore.service - Load Kernel Module efi_pstore.
2026-05-15T02:51:59.312400+00:00 loadgen-07dq kernel: Using GB pages for direct mapping
2026-05-15T02:51:59.312401+00:00 loadgen-07dq kernel: secureboot: Secure boot disabled
2026-05-15T02:51:59.312401+00:00 loadgen-07dq kernel: ACPI: Early table checksum verification disabled
2026-05-15T02:51:59.312401+00:00 loadgen-07dq kernel: ACPI: RSDP 0x00000000BFB7E014 000024 (v02 Google)
2026-05-15T02:51:59.312402+00:00 loadgen-07dq kernel: ACPI: XSDT 0x00000000BFB7D0E8 00005C (v01 Google GOOGFACP 00000001      01000013)
2026-05-15T02:51:59.312402+00:00 loadgen-07dq kernel: ACPI: FACP 0x00000000BFB78000 0000F4 (v02 Google GOOGFACP 00000001 GOOG 00000001)
2026-05-15T02:51:59.312401+00:00 loadgen-07dq systemd[1]: modprobe@fuse.service: Deactivated successfully.
2026-05-15T02:51:59.312405+00:00 loadgen-07dq kernel: ACPI: DSDT 0x00000000BFB79000 001A64 (v01 Google GOOGDSDT 00000001 GOOG 00000001)
2026-05-15T02:51:59.312406+00:00 loadgen-07dq kernel: ACPI: FACS 0x00000000BFBF1000 000040
2026-05-15T02:51:59.312407+00:00 loadgen-07dq kernel: ACPI: SSDT 0x00000000BFB7C000 000316 (v02 GOOGLE Tpm2Tabl 00001000 INTL 20250807)
2026-05-15T02:51:59.312407+00:00 loadgen-07dq kernel: ACPI: TPM2 0x00000000BFB7B000 000034 (v04 GOOGLE          00000001 GOOG 00000001)
2026-05-15T02:51:59.312408+00:00 loadgen-07dq kernel: ACPI: SRAT 0x00000000BFB77000 000228 (v03 Google GOOGSRAT 00000001 GOOG 00000001)
2026-05-15T02:51:59.312406+00:00 loadgen-07dq systemd[1]: Finished modprobe@fuse.service - Load Kernel Module fuse.
2026-05-15T02:51:59.312408+00:00 loadgen-07dq kernel: ACPI: APIC 0x00000000BFB76000 000126 (v05 Google GOOGAPIC 00000001 GOOG 0000[[0;32m  OK  [0m] Started [0;1;39mmotd-news.timer[0m - Message of the Day.
0001)
2026-05-15T02:51:59.312409+00:00 loadgen-07dq kernel: ACPI: SSDT 0x00000000BFB74000 0011D6 (v01 Google GOOGSSDT 00000001 GOOG 00000001)
2026-05-15T02:51:59.312413+00:00 loadgen-07dq kernel: ACPI: WAET 0x00000000BFB73000 000028 (v01 Google GOOGWAET 00000001 GOOG 00000001)
2026-05-15T02:51:59.312413+00:00 loadgen-07dq kernel: ACPI: Reserving FACP table memory at [mem 0xbfb78000-0xbfb780f3]
2026-05-15T02:51:59.312414+00:00 loadgen-07dq kernel: ACPI: Reserving DSDT table memory at [mem 0xbfb79000-0xbfb7aa63]
2026-05-15T02:51:59.312412+00:00 loadgen-07dq systemd[1]: modprobe@loop.service: Deactivated successfully.
2026-05-15T02:51:59.312414+00:00 loadgen-07dq kernel: ACPI: Reserving FACS table memory at [mem 0xbfbf1000-0xbfbf103f]
2026-05-15T02:51:59.312415+00:00 loadgen-07dq kernel: ACPI: Reserving SSDT table memory at [mem 0xbfb7c000-0xbfb7c315]
2026-05-15T02:51:59.312416+00:00 loadgen-07dq kernel: ACPI: Reserving TPM2 table memory at [mem 0xbfb7b000-0xbfb7b033]
2026-05-15T02:51:59.312419+00:00 loadgen-07dq kernel: ACPI: Reserving SRAT table memory at [mem 0xbfb77000-0xbfb77227]
2026-05-15T02:51:59.312419+00:00 loadgen-07dq kernel: ACPI: Reserving APIC table memory at [mem 0xbfb76000-0xbfb76125]
2026-05-15T02:51:59.312418+00:00 loadgen-07dq systemd[1]: Finished modprobe@loop.service - Load Kernel Module loop.
2026-05-15T02:51:59.312420+00:00 loadgen-07dq kernel: ACPI: Reserving SSDT table memory at [mem 0xbfb74000-0xbfb751d5]
2026-05-15T02:51:59.312423+00:00 loadgen-07dq kernel: ACPI: Reserving WAET table memory at [mem 0xbfb73000-0xbfb73027]
2026-05-15T02:51:59.312424+00:00 loadgen-07dq kernel: ACPI: SRAT: Node 0 PXM 0 [mem 0x00000000-0x0009ffff]
2026-05-15T02:51:59.312424+00:00 loadgen-07dq kernel: ACPI: SRAT: Node 0 PXM 0 [mem 0x00100000-0xbfffffff]
2026-05-15T02:51:59.312425+00:00 loadgen-07dq kernel: ACPI: SRAT: Node 0 PXM 0 [mem 0x100000000-0x103fffffff]
2026-05-15T02:51:59.312425+00:00 loadgen-07dq systemd[1]: modprobe@nvme_fabrics.service: Deactivated successfully.
2026-05-15T02:51:59.312432+00:00 loadgen-07dq kernel: NUMA: Node 0 [mem 0x00001000-0x0009ffff] + [mem 0x00100000-0xbfffffff] -> [mem 0x00001000-0xbfffffff]
2026-05-15T02:51:59.312433+00:00 loadgen-07dq kernel: NUMA: Node 0 [mem 0x00001000-0xbfffffff] + [mem 0x100000000-0x103fffffff] -> [mem 0x00001000-0x103fffffff]
2026-05-15T02:51:59.312433+00:00 loadgen-07dq kernel: NODE_DATA(0) allocated [mem 0x103ffd52c0-0x103fffffff]
2026-05-15T02:51:59.312434+00:00 loadgen-07dq kernel: Zone ranges:
2026-05-15T02:51:59.312434+00:00 loadgen-07dq kernel:   DMA      [mem 0x0000000000001000-0x0000000000ffffff]
2026-05-15T02:51:59.312430+00:00 loadgen-07dq systemd[1]: Finished modprobe@nvme_fabrics.service - Load Kernel Module nvme_fabrics.
2026-05-15T02:51:59.312435+00:00 loadgen-07dq kernel:   DMA32    [mem 0x0000000001000000-0x00000000ffffffff]
2026-05-15T02:51:59.312439+00:00 loadgen-07dq kernel:   Normal   [mem 0x0000000100000000-0x000000103fffffff]
2026-05-15T02:51:59.312439+00:00 loadgen-07dq kernel:   Device   empty
2026-05-15T02:51:59.312440+00:00 loadgen-07dq kernel: Movable zone start for each node
2026-05-15T02:51:59.312440+00:00 loadgen-07dq kernel: Early memory node ranges
2026-05-15T02:51:59.312438+00:00 loadgen-07dq systemd-modules-load[306]: Inserted module 'dm_multipath'
2026-05-15T02:51:59.312441+00:00 loadgen-07dq kernel:   node   0: [mem 0x0000000000001000-0x0000000000054fff]
2026-05-15T02:51:59.312443+00:00 loadgen-07dq kernel:   node   0: [mem 0x0000000000060000-0x0000000000097fff]
2026-05-15T02:51:59.312446+00:00 loadgen-07dq kernel:   node   0: [mem 0x0000000000100000-0x00000000bd254fff]
2026-05-15T02:51:59.312444+00:00 loadgen-07dq systemd[1]: Finished systemd-modules-load.service - Load Kernel Modules.
2026-05-15T02:51:59.312448+00:00 loadgen-07dq kernel:   node   0: [mem 0x00000000bd260000-0x00000000bf8ecfff]
2026-05-15T02:51:59.312449+00:00 loadgen-07dq kernel:   node   0: [mem 0x00000000bfbff000-0x00000000bffdffff]
2026-05-15T02:51:59.312450+00:00 loadgen-07dq kernel:   node   0: [mem 0x0000000100000000-0x000000103fffffff]
2026-05-15T02:51:59.312450+00:00 loadgen-07dq kernel: Initmem setup node 0 [mem 0x0000000000001000-0x000000103fffffff]
2026-05-15T02:51:59.312451+00:00 loadgen-07dq kernel: On node 0, zone DMA: 1 pages in unavailable ranges
2026-05-15T02:51:59.312454+00:00 loadgen-07dq kernel: On node 0, zone DMA: 11 pages in unavailable ranges
2026-05-15T02:51:59.312454+00:00 loadgen-07dq kernel: On node 0, zone DMA: 104 pages in unavailable ranges
2026-05-15T02:51:59.312452+00:00 loadgen-07dq systemd-fsck[309]: cloudimg-rootfs: clean, 171994/6422528 files, 2139514/12844795 blocks
2026-05-15T02:51:59.312457+00:00 loadgen-07dq kernel: On node 0, zone DMA32: 11 pages in unavailable ranges
2026-05-15T02:51:59.312457+00:00 loadgen-07dq kernel: On node 0, zone DMA32: 786 pages in unavailable ranges
2026-05-15T02:51:59.312458+00:00 loadgen-07dq kernel: On node 0, zone Normal: 32 pages in unavailable ranges
2026-05-15T02:51:59.312458+00:00 loadgen-07dq kernel: ACPI: PM-Timer IO Port: 0xb008
2026-05-15T02:51:59.312459+00:00 loadgen-07dq kernel: ACPI: LAPIC_NMI (acpi_id[0xff] dfl dfl lint[0x1])
2026-05-15T02:51:59.312460+00:00 loadgen-07dq systemd[1]: Mounting sys-fs-fuse-connections.mount - FUSE Control File System...
2026-05-15T02:51:59.312462+00:00 loadgen-07dq kernel: IOAPIC[0]: apic_id 0, version 17, address 0xfec00000, GSI 0-23
2026-05-15T02:51:59.312465+00:00 loadgen-07dq kernel: ACPI: INT_SRC_OVR (bus 0 bus_irq 5 global_irq 5 high level)
2026-05-15T02:51:59.312466+00:00 loadgen-07dq kernel: ACPI: INT_SRC_OVR (bus 0 bus_irq 9 global_irq 9 high level)
2026-05-15T02:51:59.312466+00:00 loadgen-07dq kernel: ACPI: INT_SRC_OVR (bus 0 bus_irq 10 global_irq 10 high level)
2026-05-15T02:51:59.312467+00:00 loadgen-07dq kernel: ACPI: INT_SRC_OVR (bus 0 bus_irq 11 global_irq 11 high level)
2026-05-15T02:51:59.312467+00:00 loadgen-07dq kernel: ACPI: Using ACPI (MADT) for SMP configuration information
2026-05-15T02:51:59.312467+00:00 loadgen-07dq systemd[1]: Mounting sys-kernel-config.mount - Kernel Configuration File System...
2026-05-15T02:51:59.312476+00:00 loadgen-07dq kernel: CPU topo: Max. logical packages:   1
2026-05-15T02:51:59.312472+00:00 loadgen-07dq systemd[1]: Started systemd-fsckd.service - File System Check Daemon to report status.
2026-05-15T02:51:59.312477+00:00 loadgen-07dq kernel: CPU topo: Max. logical dies:       1
2026-05-15T02:51:59.312478+00:00 loadgen-07dq kernel: CPU topo: Max. dies per package:   1
2026-05-15T02:51:59.312478+00:00 loadgen-07dq kernel: CPU topo: Max. threads per core:   2
2026-05-15T02:51:59.312479+00:00 loadgen-07dq kernel: CPU topo: Num. cores per package:    12
2026-05-15T02:51:59.312480+00:00 loadgen-07dq systemd[1]: systemd-repart.service - Repartition Root Disk was skipped because no trigger condition checks were met.
2026-05-15T02:51:59.312485+00:00 loadgen-07dq systemd[1]: Starting systemd-sysctl.service - Apply Kernel Variables...
2026-05-15T02:51:59.312490+00:00 loadgen-07dq systemd[1]: Starting systemd-tmpfiles-setup-dev-early.service - Create Static Device Nodes in /dev gracefully...
2026-05-15T02:51:59.312494+00:00 loadgen-07dq systemd[1]: Finished systemd-fsck-root.service - File System Check on Root Device.
2026-05-15T02:51:59.312499+00:00 loadgen-07dq systemd[1]: Mounted sys-fs-fuse-connections.mount - FUSE Control File System.
2026-05-15T02:51:59.312504+00:00 loadgen-07dq systemd[1]: Mounted sys-kernel-config.mount - Kernel Configuration File System.
2026-05-15T02:51:59.312511+00:00 loadgen-07dq systemd[1]: Finished lvm2-monitor.service - Monitoring of LVM2 mirrors, snapshots etc. using dmeventd or progress polling.
2026-05-15T02:51:59.312515+00:00 loadgen-07dq systemd[1]: Finished systemd-sysctl.service - Apply Kernel Variables.
2026-05-15T02:51:59.312520+00:00 loadgen-07dq systemd[1]: Starting systemd-remount-fs.service - Remount Root and Kernel File Systems...
2026-05-15T02:51:59.312524+00:00 loadgen-07dq systemd[1]: Finished systemd-tmpfiles-setup-dev-early.service - Create Static Device Nodes in /dev gracefully.
2026-05-15T02:51:59.312529+00:00 loadgen-07dq systemd[1]: Finished systemd-remount-fs.ser[[0;32m  OK  [0m] Started [0;1;39msysstat-collect.timer[0m - Ru…y accounting tool every 10 minutes.
vice - Remount Root and Kernel File Systems.
2026-05-15T02:51:59.312536+00:00 loadgen-07dq systemd[1]: Starting multipathd.service - Device-Mapper Multipath Device Controller...
2026-05-15T02:51:59.312540+00:00 loadgen-07dq systemd[1]: systemd-hwdb-update.service - Rebuild Hardware Database was skipped because of an unmet condition check (ConditionNeedsUpdate=/etc).
2026-05-15T02:51:59.312545+00:00 loadgen-07dq kernel: CPU topo: Num. threads per package:  24
2026-05-15T02:51:59.312545+00:00 loadgen-07dq systemd[1]: Starting systemd-journal-flush.service - Flush Journal to Persistent Storage...
2026-05-15T02:51:59.312546+00:00 loadgen-07dq kernel: CPU topo: Allowing 24 present CPUs plus 0 hotplug CPUs
2026-05-15T02:51:59.312552+00:00 loadgen-07dq kernel: PM: hibernation: Registered nosave memory: [mem 0x00000000-0x00000fff]
2026-05-15T02:51:59.312553+00:00 loadgen-07dq kernel: PM: hibernation: Registered nosave memory: [mem 0x00055000-0x0005ffff]
2026-05-15T02:51:59.312551+00:00 loadgen-07dq systemd[1]: systemd-pstore.service - Platform Persistent Storage Archival was skipped because of an unmet condition check (ConditionDirectoryNotEmpty=/sys/fs/pstore).
2026-05-15T02:51:59.312554+00:00 loadgen-07dq kernel: PM: hibernation: Registered nosave memory: [mem 0x00098000-0x000fffff]
2026-05-15T02:51:59.312554+00:00 loadgen-07dq kernel: PM: hibernation: Registered nosave memory: [mem 0xbd255000-0xbd25ffff]
2026-05-15T02:51:59.312555+00:00 loadgen-07dq kernel: PM: hibernation: Registered nosave memory: [mem 0xbf8ed000-0xbfbfefff]
2026-05-15T02:51:59.312555+00:00 loadgen-07dq kernel: PM: hibernation: Registered nosave memory: [mem 0xbffe0000-0xffffffff]
2026-05-15T02:51:59.312556+00:00 loadgen-07dq systemd[1]: Starting systemd-random-seed.service - Load/Save OS Random Seed...
2026-05-15T02:51:59.312559+00:00 loadgen-07dq kernel: [mem 0xc0000000-0xffffffff] available for PCI devices
2026-05-15T02:51:59.312560+00:00 loadgen-07dq kernel: Booting paravirtualized kernel on KVM
2026-05-15T02:51:59.312560+00:00 loadgen-07dq kernel: clocksource: refined-jiffies: mask: 0xffffffff max_cycles: 0xffffffff, max_idle_ns: 1910969940391419 ns
2026-05-15T02:51:59.312561+00:00 loadgen-07dq kernel: setup_percpu: NR_CPUS:8192 nr_cpumask_bits:24 nr_cpu_ids:24 nr_node_ids:1
2026-05-15T02:51:59.312561+00:00 loadgen-07dq kernel: percpu: Embedded 84 pages/cpu s221184 r8192 d114688 u524288
2026-05-15T02:51:59.312562+00:00 loadgen-07dq kernel: pcpu-alloc: s221184 r8192 d114688 u524288 alloc=1*2097152
2026-05-15T02:51:59.312565+00:00 loadgen-07dq kernel: pcpu-alloc: [0] 00 01 02 03 [0] 04 05 06 07 
2026-05-15T02:51:59.312565+00:00 loadgen-07dq kernel: pcpu-alloc: [0] 08 09 10 11 [0] 12 13 14 15 
2026-05-15T02:51:59.312566+00:00 loadgen-07dq kernel: pcpu-alloc: [0] 16 17 18 19 [0] 20 21 22 23 
2026-05-15T02:51:59.312562+00:00 loadgen-07dq systemd[1]: systemd-sysusers.service - Create System Users was skipped because no trigger condition checks were met.
2026-05-15T02:51:59.312567+00:00 loadgen-07dq kernel: kvm-guest: PV spinlocks enabled
2026-05-15T02:51:59.312567+00:00 loadgen-07dq kernel: PV qspinlock hash table entries: 256 (order: 0, 4096 bytes, linear)
2026-05-15T02:51:59.312568+00:00 loadgen-07dq kernel: Kernel command line: BOOT_IMAGE=/vmlinuz-6.17.0-1013-gcp root=PARTUUID=6624332c-1f00-4e51-a0bf-94661fe17234 ro console=ttyS0,115200 panic=-1
2026-05-15T02:51:59.312569+00:00 loadgen-07dq systemd[1]: Starting systemd-tmpfiles-setup-dev.service - Create Static Device Nodes in /dev...
2026-05-15T02:51:59.312571+00:00 loadgen-07dq kernel: printk: log buffer data + meta data: 262144 + 917504 = 1179648 bytes
2026-05-15T02:51:59.312575+00:00 loadgen-07dq kernel: Dentry cache hash table entries: 8388608 (order: 14, 67108864 bytes, linear)
2026-05-15T02:51:59.312575+00:00 loadgen-07dq kernel: Inode-cache hash table entries: 4194304 (order: 13, 33554432 bytes, linear)
2026-05-15T02:51:59.312576+00:00 loadgen-07dq kernel: software IO TLB: area num 32.
2026-05-15T02:51:59.312576+00:00 loadgen-07dq kernel: Fallback order for Node 0: 0 
2026-05-15T02:51:59.312577+00:00 loadgen-07dq kernel: Built 1 zonelists, mobility grouping on.  Total pages: 16776271
2026-05-15T02:51:59.312577+00:00 loadgen-07dq kernel: Policy zone: Normal
2026-05-15T02:51:59.312576+00:00 loadgen-07dq systemd[1]: systemd-tpm2-setup.service - TPM2 SRK Setup was skipped because of an unmet condition check (ConditionSecurity=measured-uki).
2026-05-15T02:51:59.312581+00:00 loadgen-07dq kernel: mem auto-init: stack:all(zero), heap alloc:on, heap free:off
2026-05-15T02:51:59.312581+00:00 loadgen-07dq kernel: SLUB: HWalign=64, Order=0-3, MinObjects=0, CPUs=24, Nodes=1
2026-05-15T02:51:59.312582+00:00 loadgen-07dq kernel: Kernel/User page tables isolation: enabled
2026-05-15T02:51:59.312582+00:00 loadgen-07dq kernel: ftrace: allocating 61994 entries in 244 pages
2026-05-15T02:51:59.312583+00:00 loadgen-07dq kernel: ftrace: allocated 244 pages with 5 groups
2026-05-15T02:51:59.312582+00:00 loadgen-07dq systemd[1]: Finished systemd-udev-trigger.service - Coldplug All udev Devices.
2026-05-15T02:51:59.312583+00:00 loadgen-07dq kernel: rcu: Hierarchical RCU implementation.
2026-05-15T02:51:59.312589+00:00 loadgen-07dq kernel: rcu: 	RCU restricting CPUs from NR_CPUS=8192 to nr_cpu_ids=24.
2026-05-15T02:51:59.312590+00:00 loadgen-07dq kernel: 	Rude variant of Tasks RCU enabled.
2026-05-15T02:51:59.312588+00:00 loadgen-07dq systemd[1]: Finished systemd-random-seed.service - Load/Save OS Random Seed.
2026-05-15T02:51:59.312590+00:00 loadgen-07dq kernel: 	Tracing variant of Tasks RCU enabled.
2026-05-15T02:51:59.312591+00:00 loadgen-07dq kernel: rcu: RCU calculated value of scheduler-enlistment delay is 100 jiffies.
2026-05-15T02:51:59.312592+00:00 loadgen-07dq kernel: rcu: Adjusting geometry for rcu_fanout_leaf=16, nr_cpu_ids=24
2026-05-15T02:51:59.312592+00:00 loadgen-07dq kernel: RCU Tasks Rude: Setting shift to 5 and lim to 1 rcu_task_cb_adjust=1 rcu_task_cpu_ids=24.
2026-05-15T02:51:59.312593+00:00 loadgen-07dq kernel: RCU Tasks Trace: Setting shift to 5 and lim to 1 rcu_task_cb_adjust=1 rcu_task_cpu_ids=24.
2026-05-15T02:51:59.312596+00:00 loadgen-07dq kernel: NR_IRQS: 524544, nr_irqs: 616, preallocated irqs: 16
2026-05-15T02:51:59.312596+00:00 loadgen-07dq kernel: rcu: srcu_init: Setting srcu_struct sizes based on contention.
2026-05-15T02:51:59.312597+00:00 loadgen-07dq kernel: Console: colour dummy device 80x25
2026-05-15T02:51:59.312597+00:00 loadgen-07dq kernel: printk: legacy console [ttyS0] enabled
2026-05-15T02:51:59.312598+00:00 loadgen-07dq kernel: ACPI: Core revision 20250404
2026-05-15T02:51:59.312593+00:00 loadgen-07dq multipathd[355]: multipathd v0.9.4: start up
2026-05-15T02:51:59.312598+00:00 loadgen-07dq kernel: APIC: Switch to symmetric I/O mode setup
2026-05-15T02:51:59.312602+00:00 loadgen-07dq kernel: x2apic enabled
2026-05-15T02:51:59.312602+00:00 loadgen-07dq kernel: APIC: Switched APIC routing to: physical x2apic
2026-05-15T02:51:59.312603+00:00 loadgen-07dq kernel: ..TIMER: vector=0x30 apic1=0 pin1=0 apic2=-1 pin2=-1
2026-05-15T02:51:59.312601+00:00 loadgen-07dq multipathd[355]: reconfigure: setting up paths and maps
2026-05-15T02:51:59.312603+00:00 loadgen-07dq kernel: clocksource: tsc-early: mask: 0xffffffffffffffff max_cycles: 0x212733415c7, max_idle_ns: 440795236380 ns
2026-05-15T02:51:59.312606+00:00 loadgen-07dq kernel: Calibrating delay loop (skipped) preset value.. 4599.99 BogoMIPS (lpj=2299998)
2026-05-15T02:51:59.312607+00:00 loadgen-07dq kernel: Last level iTLB entries: 4KB 1024, 2MB 1024, 4MB 1024
2026-05-15T02:51:59.312608+00:00 loadgen-07dq systemd[1]: Finished systemd-tmpfiles-setup-dev.service - Create Static Device Nodes in /dev.
2026-05-15T02:51:59.312610+00:00 loadgen-07dq kernel: Last level dTLB entries: 4KB 1024, 2MB 1024, 4MB 1024, 1GB 4
2026-05-15T02:51:59.312613+00:00 loadgen-07dq kernel: mitigations: Enabled attack vectors: user_kernel, user_user, guest_host, guest_guest, SMT mitigations: auto
2026-05-15T02:51:59.312614+00:00 loadgen-07dq kernel: Speculative Store Bypass: Mitigation: Speculative Store Bypass disabled via prctl
2026-05-15T02:51:59.312615+00:00 loadgen-07dq ke[[0;32m  OK  [0m] Started [0;1;39msysstat-summary.timer[0m - Ge… of yesterday's process accounting.
rnel: Spectre V2 : Mitigation: IBRS
2026-05-15T02:51:59.312615+00:00 loadgen-07dq kernel: RETBleed: Mitigation: IBRS
2026-05-15T02:51:59.312615+00:00 loadgen-07dq kernel: ITS: Mitigation: Aligned branch/return thunks
2026-05-15T02:51:59.312615+00:00 loadgen-07dq systemd[1]: Starting systemd-udevd.service - Rule-based Manager for Device Events and Files...
2026-05-15T02:51:59.312618+00:00 loadgen-07dq kernel: Spectre V2 : User space: Mitigation: STIBP via prctl
2026-05-15T02:51:59.312619+00:00 loadgen-07dq kernel: MDS: Mitigation: Clear CPU buffers
2026-05-15T02:51:59.312620+00:00 loadgen-07dq kernel: MMIO Stale Data: Vulnerable: Clear CPU buffers attempted, no microcode
2026-05-15T02:51:59.312620+00:00 loadgen-07dq kernel: Spectre V1 : Mitigation: usercopy/swapgs barriers and __user pointer sanitization
2026-05-15T02:51:59.312621+00:00 loadgen-07dq kernel: Spectre V2 : Spectre v2 / SpectreRSB: Filling RSB on context switch and VMEXIT
2026-05-15T02:51:59.312621+00:00 loadgen-07dq kernel: Spectre V2 : mitigation: Enabling conditional Indirect Branch Prediction Barrier
2026-05-15T02:51:59.312622+00:00 loadgen-07dq kernel: active return thunk: its_return_thunk
2026-05-15T02:51:59.312620+00:00 loadgen-07dq systemd-udevd[361]: Using default interface naming scheme 'v255'.
2026-05-15T02:51:59.312627+00:00 loadgen-07dq kernel: Spectre V2 : Spectre BHI mitigation: SW BHB clearing on syscall and VM exit
2026-05-15T02:51:59.312628+00:00 loadgen-07dq kernel: x86/fpu: Supporting XSAVE feature 0x001: 'x87 floating point registers'
2026-05-15T02:51:59.312628+00:00 loadgen-07dq kernel: x86/fpu: Supporting XSAVE feature 0x002: 'SSE registers'
2026-05-15T02:51:59.312629+00:00 loadgen-07dq kernel: x86/fpu: Supporting XSAVE feature 0x004: 'AVX registers'
2026-05-15T02:51:59.312627+00:00 loadgen-07dq systemd[1]: Started multipathd.service - Device-Mapper Multipath Device Controller.
2026-05-15T02:51:59.312629+00:00 loadgen-07dq kernel: x86/fpu: xstate_offset[2]:  576, xstate_sizes[2]:  256
2026-05-15T02:51:59.312632+00:00 loadgen-07dq kernel: x86/fpu: Enabled xstate features 0x7, context size is 832 bytes, using 'standard' format.
2026-05-15T02:51:59.312635+00:00 loadgen-07dq kernel: Freeing SMP alternatives memory: 52K
2026-05-15T02:51:59.312636+00:00 loadgen-07dq kernel: pid_max: default: 32768 minimum: 301
2026-05-15T02:51:59.312636+00:00 loadgen-07dq kernel: LSM: initializing lsm=lockdown,capability,landlock,yama,apparmor,ima,evm
2026-05-15T02:51:59.312637+00:00 loadgen-07dq kernel: landlock: Up and running.
2026-05-15T02:51:59.312637+00:00 loadgen-07dq kernel: Yama: becoming mindful.
2026-05-15T02:51:59.312638+00:00 loadgen-07dq kernel: AppArmor: AppArmor initialized
2026-05-15T02:51:59.312638+00:00 loadgen-07dq kernel: Mount-cache hash table entries: 131072 (order: 8, 1048576 bytes, linear)
2026-05-15T02:51:59.312634+00:00 loadgen-07dq systemd[1]: Started systemd-udevd.service - Rule-based Manager for Device Events and Files.
2026-05-15T02:51:59.312641+00:00 loadgen-07dq kernel: Mountpoint-cache hash table entries: 131072 (order: 8, 1048576 bytes, linear)
2026-05-15T02:51:59.312642+00:00 loadgen-07dq kernel: smpboot: CPU0: Intel(R) Xeon(R) CPU @ 2.30GHz (family: 0x6, model: 0x3f, stepping: 0x0)
2026-05-15T02:51:59.312643+00:00 loadgen-07dq kernel: Performance Events: unsupported CPU family 6 model 63 no PMU driver, software events only.
2026-05-15T02:51:59.312643+00:00 loadgen-07dq kernel: signal: max sigframe size: 1776
2026-05-15T02:51:59.312644+00:00 loadgen-07dq kernel: rcu: Hierarchical SRCU implementation.
2026-05-15T02:51:59.312644+00:00 loadgen-07dq kernel: rcu: 	Max phase no-delay instances is 400.
2026-05-15T02:51:59.312642+00:00 loadgen-07dq systemd[1]: nvmefc-boot-connections.service - Auto-connect to subsystems on FC-NVME devices found during boot was skipped because of an unmet condition check (ConditionPathExists=/sys/class/fc/fc_udev_device/nvme_discovery).
2026-05-15T02:51:59.312647+00:00 loadgen-07dq kernel: Timer migration: 2 hierarchy levels; 8 children per group; 2 crossnode level
2026-05-15T02:51:59.312648+00:00 loadgen-07dq kernel: NMI watchdog: Perf NMI watchdog permanently disabled
2026-05-15T02:51:59.312649+00:00 loadgen-07dq kernel: smp: Bringing up secondary CPUs ...
2026-05-15T02:51:59.312648+00:00 loadgen-07dq systemd[1]: Reached target local-fs-pre.target - Preparation for Local File Systems.
2026-05-15T02:51:59.312649+00:00 loadgen-07dq kernel: smpboot: x86: Booting SMP configuration:
2026-05-15T02:51:59.312652+00:00 loadgen-07dq kernel: .... node  #0, CPUs:        #1  #2  #3  #4  #5  #6  #7  #8  #9 #10 #11 #12 #13 #14 #15 #16 #17 #18 #19 #20 #21 #22 #23
2026-05-15T02:51:59.312653+00:00 loadgen-07dq kernel: MDS CPU bug present and SMT on, data leak possible. See https://www.kernel.org/doc/html/latest/admin-guide/hw-vuln/mds.html for more details.
2026-05-15T02:51:59.312654+00:00 loadgen-07dq systemd[1]: Mounting snap-core22-2411.mount - Mount unit for core22, revision 2411...
