2026-05-14 19:52:07,720 DEBUG    root            Loaded Command Group: ['gcloud', 'compute']
2026-05-14 19:52:07,721 DEBUG    root            Loaded Command Group: ['gcloud', 'compute', 'instances']
2026-05-14 19:52:07,722 DEBUG    root            Loaded Command Group: ['gcloud', 'compute', 'instances', 'get_serial_port_output']
2026-05-14 19:52:07,723 DEBUG    root            Running [gcloud.compute.instances.get-serial-port-output] with arguments: [--project: "env-integration-fenway", --zone: "us-central1-c", INSTANCE_NAME: "loadgen-1bhr"]
2026-05-14 19:52:07,725 DEBUG    root            On GCE from memory cache: False
2026-05-14 19:52:07,726 DEBUG    root            On GCE from memory cache: False
2026-05-14 19:52:07,820 DEBUG    urllib3.connectionpool Starting new HTTPS connection (1): compute.googleapis.com:443
2026-05-14 19:52:08,438 DEBUG    urllib3.connectionpool https://compute.googleapis.com:443 "GET /compute/v1/projects/env-integration-fenway/zones/us-central1-c/instances/loadgen-1bhr/serialPort?alt=json&port=1 HTTP/1.1" 200 None
2026-05-14 19:52:08,466 DEBUG    root            Chosen display Format:value[no-quote](contents)
2026-05-14 19:52:08,467 INFO     root            Display format: "value[no-quote](contents)"
2026-05-14 19:52:08,479 INFO     ___FILE_ONLY___ [2J[01;01H[=3h[2J[01;01H[2J[01;01H[=3h[2J[01;01HCSM BBS Table full.
BdsDxe: loading Boot0003 "Ubuntu" from PciRoot(0x0)/Pci(0x3,0x0)/Scsi(0x1,0x0)/HD(15,GPT,C848D457-4750-4825-A2CD-4EBFB870DC53,0x2800,0x35000)/\EFI\ubuntu\shimx64.efi
BdsDxe: starting Boot0003 "Ubuntu" from PciRoot(0x0)/Pci(0x3,0x0)/Scsi(0x1,0x0)/HD(15,GPT,C848D457-4750-4825-A2CD-4EBFB870DC53,0x2800,0x35000)/\EFI\ubuntu\shimx64.efi

UEFI: Attempting to start image.
Description: Ubuntu
FilePath: PciRoot(0x0)/Pci(0x3,0x0)/Scsi(0x1,0x0)/HD(15,GPT,C848D457-4750-4825-A2CD-4EBFB870DC53,0x2800,0x35000)/\EFI\ubuntu\shimx64.efi
OptionNumber: 3.

[H[J[1;1HGRUB_FORCE_PARTUUID set, attempting initrdless boot.
[    0.000000] Linux version 6.17.0-1013-gcp (buildd@lcy02-amd64-034) (x86_64-linux-gnu-gcc-13 (Ubuntu 13.3.0-6ubuntu2~24.04.1) 13.3.0, GNU ld (GNU Binutils for Ubuntu) 2.42) #13~24.04.1-Ubuntu SMP Thu Apr 16 02:10:24 UTC 2026 (Ubuntu 6.17.0-1013.13~24.04.1-gcp 6.17.13)
[    0.000000] Command line: BOOT_IMAGE=/vmlinuz-6.17.0-1013-gcp root=PARTUUID=6624332c-1f00-4e51-a0bf-94661fe17234 ro console=ttyS0,115200 panic=-1
[    0.000000] KERNEL supported cpus:
[    0.000000]   Intel GenuineIntel
[    0.000000]   AMD AuthenticAMD
[    0.000000]   Hygon HygonGenuine
[    0.000000]   Centaur CentaurHauls
[    0.000000]   zhaoxin   Shanghai  
[    0.000000] x86/CPU: Model not found in latest microcode list
[    0.000000] BIOS-provided physical RAM map:
[    0.000000] BIOS-e820: [mem 0x0000000000000000-0x0000000000000fff] reserved
[    0.000000] BIOS-e820: [mem 0x0000000000001000-0x0000000000054fff] usable
[    0.000000] BIOS-e820: [mem 0x0000000000055000-0x000000000005ffff] reserved
[    0.000000] BIOS-e820: [mem 0x0000000000060000-0x0000000000097fff] usable
[    0.000000] BIOS-e820: [mem 0x0000000000098000-0x000000000009ffff] reserved
[    0.000000] BIOS-e820: [mem 0x0000000000100000-0x00000000bd254fff] usable
[    0.000000] BIOS-e820: [mem 0x00000000bd255000-0x00000000bd25ffff] ACPI data
[    0.000000] BIOS-e820: [mem 0x00000000bd260000-0x00000000bf8ecfff] usable
[    0.000000] BIOS-e820: [mem 0x00000000bf8ed000-0x00000000bfb6cfff] reserved
[    0.000000] BIOS-e820: [mem 0x00000000bfb6d000-0x00000000bfb7efff] ACPI data
[    0.000000] BIOS-e820: [mem 0x00000000bfb7f000-0x00000000bfbfefff] ACPI NVS
[    0.000000] BIOS-e820: [mem 0x00000000bfbff000-0x00000000bffdffff] usable
[    0.000000] BIOS-e820: [mem 0x00000000bffe0000-0x00000000bfffffff] reserved
[    0.000000] BIOS-e820: [mem 0x0000000100000000-0x000000103fffffff] usable
[    0.000000] NX (Execute Disable) protection: active
[    0.000000] APIC: Static calls initialized
[    0.000000] efi: EFI v2.7 by EDK II
[    0.000000] efi: TPMFinalLog=0xbfbf7000 ACPI=0xbfb7e000 ACPI 2.0=0xbfb7e014 SMBIOS=0xbf9ca000 MEMATTR=0xbd260018 MOKvar=0xbf9c8000 RNG=0xbfb72018 TPMEventLog=0xbd255018 
[    0.000000] random: crng init done
[    0.000000] SMBIOS 2.4 present.
[    0.000000] DMI: Google Google Compute Engine/Google Compute Engine, BIOS Google 04/21/2026
[    0.000000] DMI: Memory slots populated: 4/4
[    0.000000] secureboot: Secure boot disabled
[    0.000000] Hypervisor detected: KVM
[    0.000000] last_pfn = 0xbffe0 max_arch_pfn = 0x400000000
[    0.000000] kvm-clock: Using msrs 4b564d01 and 4b564d00
[    0.000001] kvm-clock: using sched offset of 14747888214 cycles
[    0.000003] clocksource: kvm-clock: mask: 0xffffffffffffffff max_cycles: 0x1cd42e4dffb, max_idle_ns: 881590591483 ns
[    0.000007] tsc: Detected 2299.998 MHz processor
[    0.000091] last_pfn = 0x1040000 max_arch_pfn = 0x400000000
[    0.000132] MTRR map: 3 entries (2 fixed + 1 variable; max 18), built from 8 variable MTRRs
[    0.000136] x86/PAT: Configuration [0-7]: WB  WC  UC- UC  WB  WP  UC- WT  
[    0.000182] last_pfn = 0xbffe0 max_arch_pfn = 0x400000000
[    0.016813] Using GB pages for direct mapping
[    0.017055] secureboot: Secure boot disabled
[    0.017057] ACPI: Early table checksum verification disabled
[    0.017061] ACPI: RSDP 0x00000000BFB7E014 000024 (v02 Google)
[    0.017067] ACPI: XSDT 0x00000000BFB7D0E8 00005C (v01 Google GOOGFACP 00000001      01000013)
[    0.017075] ACPI: FACP 0x00000000BFB78000 0000F4 (v02 Google GOOGFACP 00000001 GOOG 00000001)
[    0.017084] ACPI: DSDT 0x00000000BFB79000 001A64 (v01 Google GOOGDSDT 00000001 GOOG 00000001)
[    0.017089] ACPI: FACS 0x00000000BFBF1000 000040
[    0.017093] ACPI: SSDT 0x00000000BFB7C000 000316 (v02 GOOGLE Tpm2Tabl 00001000 INTL 20250807)
[    0.017098] ACPI: TPM2 0x00000000BFB7B000 000034 (v04 GOOGLE          00000001 GOOG 00000001)
[    0.017103] ACPI: SRAT 0x00000000BFB77000 000228 (v03 Google GOOGSRAT 00000001 GOOG 00000001)
[    0.017108] ACPI: APIC 0x00000000BFB76000 000126 (v05 Google GOOGAPIC 00000001 GOOG 00000001)
[    0.017113] ACPI: SSDT 0x00000000BFB74000 0011D6 (v01 Google GOOGSSDT 00000001 GOOG 00000001)
[    0.017118] ACPI: WAET 0x00000000BFB73000 000028 (v01 Google GOOGWAET 00000001 GOOG 00000001)
[    0.017126] ACPI: Reserving FACP table memory at [mem 0xbfb78000-0xbfb780f3]
[    0.017128] ACPI: Reserving DSDT table memory at [mem 0xbfb79000-0xbfb7aa63]
[    0.017129] ACPI: Reserving FACS table memory at [mem 0xbfbf1000-0xbfbf103f]
[    0.017130] ACPI: Reserving SSDT table memory at [mem 0xbfb7c000-0xbfb7c315]
[    0.017131] ACPI: Reserving TPM2 table memory at [mem 0xbfb7b000-0xbfb7b033]
[    0.017132] ACPI: Reserving SRAT table memory at [mem 0xbfb77000-0xbfb77227]
[    0.017133] ACPI: Reserving APIC table memory at [mem 0xbfb76000-0xbfb76125]
[    0.017135] ACPI: Reserving SSDT table memory at [mem 0xbfb74000-0xbfb751d5]
[    0.017136] ACPI: Reserving WAET table memory at [mem 0xbfb73000-0xbfb73027]
[    0.017289] ACPI: SRAT: Node 0 PXM 0 [mem 0x00000000-0x0009ffff]
[    0.017293] ACPI: SRAT: Node 0 PXM 0 [mem 0x00100000-0xbfffffff]
[    0.017296] ACPI: SRAT: Node 0 PXM 0 [mem 0x100000000-0x103fffffff]
[    0.017305] NUMA: Node 0 [mem 0x00001000-0x0009ffff] + [mem 0x00100000-0xbfffffff] -> [mem 0x00001000-0xbfffffff]
[    0.017310] NUMA: Node 0 [mem 0x00001000-0xbfffffff] + [mem 0x100000000-0x103fffffff] -> [mem 0x00001000-0x103fffffff]
[    0.017339] NODE_DATA(0) allocated [mem 0x103ffd52c0-0x103fffffff]
[    0.017599] Zone ranges:
[    0.017600]   DMA      [mem 0x0000000000001000-0x0000000000ffffff]
[    0.017602]   DMA32    [mem 0x0000000001000000-0x00000000ffffffff]
[    0.017603]   Normal   [mem 0x0000000100000000-0x000000103fffffff]
[    0.017605]   Device   empty
[    0.017606] Movable zone start for each node
[    0.017608] Early memory node ranges
[    0.017609]   node   0: [mem 0x0000000000001000-0x0000000000054fff]
[    0.017611]   node   0: [mem 0x0000000000060000-0x0000000000097fff]
[    0.017612]   node   0: [mem 0x0000000000100000-0x00000000bd254fff]
[    0.017613]   node   0: [mem 0x00000000bd260000-0x00000000bf8ecfff]
[    0.017614]   node   0: [mem 0x00000000bfbff000-0x00000000bffdffff]
[    0.017615]   node   0: [mem 0x0000000100000000-0x000000103fffffff]
[    0.017621] Initmem setup node 0 [mem 0x0000000000001000-0x000000103fffffff]
[    0.017694] On node 0, zone DMA: 1 pages in unavailable ranges
[    0.017696] On node 0, zone DMA: 11 pages in unavailable ranges
[    0.017722] On node 0, zone DMA: 104 pages in unavailable ranges
[    0.022867] On node 0, zone DMA32: 11 pages in unavailable ranges
[    0.022884] On node 0, zone DMA32: 786 pages in unavailable ranges
[    0.130921] On node 0, zone Normal: 32 pages in unavailable ranges
[    0.131568] ACPI: PM-Timer IO Port: 0xb008
[    0.131612] ACPI: LAPIC_NMI (acpi_id[0xff] dfl dfl lint[0x1])
[    0.131698] IOAPIC[0]: apic_id 0, version 17, address 0xfec00000, GSI 0-23
[    0.131703] ACPI: INT_SRC_OVR (bus 0 bus_irq 5 global_irq 5 high level)
[    0.131706] ACPI: INT_SRC_OVR (bus 0 bus_irq 9 global_irq 9 high level)
[    0.131707] ACPI: INT_SRC_OVR (bus 0 bus_irq 10 global_irq 10 high level)
[    0.131709] ACPI: INT_SRC_OVR (bus 0 bus_irq 11 global_irq 11 high level)
[    0.131716] ACPI: Using ACPI (MADT) for SMP configuration information
[    0.131723] CPU topo: Max. logical packages:   1
[    0.131723] CPU topo: Max. logical dies:       1
[    0.131724] CPU topo: Max. dies per package:   1
[    0.131729] CPU topo: Max. threads per core:   2
[    0.131730] CPU topo: Num. cores per package:    12
[    0.131731] CPU topo: Num. threads per package:  24
[    0.131732] CPU topo: Allowing 24 present CPUs plus 0 hotplug CPUs
[    0.131765] PM: hibernation: Registered nosave memory: [mem 0x00000000-0x00000fff]
[    0.131767] PM: hibernation: Registered nosave memory: [mem 0x00055000-0x0005ffff]
[    0.131769] PM: hibernation: Registered nosave memory: [mem 0x00098000-0x000fffff]
[    0.131771] PM: hibernation: Registered nosave memory: [mem 0xbd255000-0xbd25ffff]
[    0.131773] PM: hibernation: Registered nosave memory: [mem 0xbf8ed000-0xbfbfefff]
[    0.131775] PM: hibernation: Registered nosave memory: [mem 0xbffe0000-0xffffffff]
[    0.131777] [mem 0xc0000000-0xffffffff] available for PCI devices
[    0.131779] Booting paravirtualized kernel on KVM
[    0.131781] clocksource: refined-jiffies: mask: 0xffffffff max_cycles: 0xffffffff, max_idle_ns: 1910969940391419 ns
[    0.131790] setup_percpu: NR_CPUS:8192 nr_cpumask_bits:24 nr_cpu_ids:24 nr_node_ids:1
[    0.133608] percpu: Embedded 84 pages/cpu s221184 r8192 d114688 u524288
[    0.133667] kvm-guest: PV spinlocks enabled
[    0.133670] PV qspinlock hash table entries: 256 (order: 0, 4096 bytes, linear)
[    0.133674] Kernel command line: BOOT_IMAGE=/vmlinuz-6.17.0-1013-gcp root=PARTUUID=6624332c-1f00-4e51-a0bf-94661fe17234 ro console=ttyS0,115200 panic=-1
[    0.133745] printk: log buffer data + meta data: 262144 + 917504 = 1179648 bytes
[    0.140588] Dentry cache hash table entries: 8388608 (order: 14, 67108864 bytes, linear)
[    0.143949] Inode-cache hash table entries: 4194304 (order: 13, 33554432 bytes, linear)
[    0.144783] software IO TLB: area num 32.
[    0.158178] Fallback order for Node 0: 0 
[    0.158185] Built 1 zonelists, mobility grouping on.  Total pages: 16776271
[    0.158186] Policy zone: Normal
[    0.158198] mem auto-init: stack:all(zero), heap alloc:on, heap free:off
[    0.314024] SLUB: HWalign=64, Order=0-3, MinObjects=0, CPUs=24, Nodes=1
[    0.314085] Kernel/User page tables isolation: enabled
[    0.326458] ftrace: allocating 61994 entries in 244 pages
[    0.326461] ftrace: allocated 244 pages with 5 groups
[    0.326823] rcu: Hierarchical RCU implementation.
[    0.326824] rcu: 	RCU restricting CPUs from NR_CPUS=8192 to nr_cpu_ids=24.
[    0.326825] 	Rude variant of Tasks RCU enabled.
[    0.326826] 	Tracing variant of Tasks RCU enabled.
[    0.326827] rcu: RCU calculated value of scheduler-enlistment delay is 100 jiffies.
[    0.326827] rcu: Adjusting geometry for rcu_fanout_leaf=16, nr_cpu_ids=24
[    0.326853] RCU Tasks Rude: Setting shift to 5 and lim to 1 rcu_task_cb_adjust=1 rcu_task_cpu_ids=24.
[    0.326857] RCU Tasks Trace: Setting shift to 5 and lim to 1 rcu_task_cb_adjust=1 rcu_task_cpu_ids=24.
[    0.330600] NR_IRQS: 524544, nr_irqs: 616, preallocated irqs: 16
[    0.330932] rcu: srcu_init: Setting srcu_struct sizes based on contention.
[    0.331072] Console: colour dummy device 80x25
[    0.331133] printk: legacy console [ttyS0] enabled
[    0.680630] ACPI: Core revision 20250404
[    0.682284] APIC: Switch to symmetric I/O mode setup
[    0.684769] x2apic enabled
[    0.688990] APIC: Switched APIC routing to: physical x2apic
[    0.696008] ..TIMER: vector=0x30 apic1=0 pin1=0 apic2=-1 pin2=-1
[    0.698525] clocksource: tsc-early: mask: 0xffffffffffffffff max_cycles: 0x212733415c7, max_idle_ns: 440795236380 ns
[    0.702238] Calibrating delay loop (skipped) preset value.. 4599.99 BogoMIPS (lpj=2299998)
[    0.703573] Last level iTLB entries: 4KB 1024, 2MB 1024, 4MB 1024
[    0.704236] Last level dTLB entries: 4KB 1024, 2MB 1024, 4MB 1024, 1GB 4
[    0.705258] mitigations: Enabled attack vectors: user_kernel, user_user, guest_host, guest_guest, SMT mitigations: auto
[    0.706238] Speculative Store Bypass: Mitigation: Speculative Store Bypass disabled via prctl
[    0.708237] Spectre V2 : Mitigation: IBRS
[    0.709236] RETBleed: Mitigation: IBRS
[    0.710236] ITS: Mitigation: Aligned branch/return thunks
[    0.711235] Spectre V2 : User space: Mitigation: STIBP via prctl
[    0.712236] MDS: Mitigation: Clear CPU buffers
[    0.713236] MMIO Stale Data: Vulnerable: Clear CPU buffers attempted, no microcode
[    0.714236] Spectre V1 : Mitigation: usercopy/swapgs barriers and __user pointer sanitization
[    0.715238] Spectre V2 : Spectre v2 / SpectreRSB: Filling RSB on context switch and VMEXIT
[    0.716238] Spectre V2 : mitigation: Enabling conditional Indirect Branch Prediction Barrier
[    0.717243] active return thunk: its_return_thunk
[    0.718236] Spectre V2 : Spectre BHI mitigation: SW BHB clearing on syscall and VM exit
[    0.719251] x86/fpu: Supporting XSAVE feature 0x001: 'x87 floating point registers'
[    0.720236] x86/fpu: Supporting XSAVE feature 0x002: 'SSE registers'
[    0.721236] x86/fpu: Supporting XSAVE feature 0x004: 'AVX registers'
[    0.722236] x86/fpu: xstate_offset[2]:  576, xstate_sizes[2]:  256
[    0.723241] x86/fpu: Enabled xstate features 0x7, context size is 832 bytes, using 'standard' format.
[    0.791030] Freeing SMP alternatives memory: 52K
[    0.791241] pid_max: default: 32768 minimum: 301
[    0.792374] LSM: initializing lsm=lockdown,capability,landlock,yama,apparmor,ima,evm
[    0.793254] landlock: Up and running.
[    0.794236] Yama: becoming mindful.
[    0.795304] AppArmor: AppArmor initialized
[    0.797345] Mount-cache hash table entries: 131072 (order: 8, 1048576 bytes, linear)
[    0.798412] Mountpoint-cache hash table entries: 131072 (order: 8, 1048576 bytes, linear)
[    0.902449] smpboot: CPU0: Intel(R) Xeon(R) CPU @ 2.30GHz (family: 0x6, model: 0x3f, stepping: 0x0)
[    0.903563] Performance Events: unsupported CPU family 6 model 63 no PMU driver, software events only.
[    0.904315] signal: max sigframe size: 1776
[    0.905287] rcu: Hierarchical SRCU implementation.
[    0.906236] rcu: 	Max phase no-delay instances is 400.
[    0.908319] Timer migration: 2 hierarchy levels; 8 children per group; 2 crossnode level
[    0.910810] NMI watchdog: Perf NMI watchdog permanently disabled
[    0.912479] smp: Bringing up secondary CPUs ...
[    0.913420] smpboot: x86: Booting SMP configuration:
[    0.914238] .... node  #0, CPUs:        #1  #2  #3  #4  #5  #6  #7  #8  #9 #10 #11 #12 #13 #14 #15 #16 #17 #18 #19 #20 #21 #22 #23
[    0.925572] MDS CPU bug present and SMT on, data leak possible. See https://www.kernel.org/doc/html/latest/admin-guide/hw-vuln/mds.html for more details.
[    0.927237] MMIO Stale Data CPU bug present and SMT on, data leak possible. See https://www.kernel.org/doc/html/latest/admin-guide/hw-vuln/processor_mmio_stale_data.html for more details.
[    0.933422] smp: Brought up 1 node, 24 CPUs
[    0.935235] smpboot: Total of 24 processors activated (110399.90 BogoMIPS)
[    0.937517] Memory: 65803380K/67105084K available (22206K kernel code, 4673K rwdata, 15608K rodata, 5404K init, 6100K bss, 1277604K reserved, 0K cma-reserved)
[    0.941458] devtmpfs: initialized
[    0.942335] x86/mm: Memory block size: 1024MB
[    0.945388] ACPI: PM: Registering ACPI NVS region [mem 0xbfb7f000-0xbfbfefff] (524288 bytes)
[    0.946367] clocksource: jiffies: mask: 0xffffffff max_cycles: 0xffffffff, max_idle_ns: 1911260446275000 ns
[    0.948298] posixtimers hash table entries: 16384 (order: 6, 262144 bytes, linear)
[    0.949366] futex hash table entries: 8192 (524288 bytes on 1 NUMA nodes, total 512 KiB, linear).
[    0.951284] pinctrl core: initialized pinctrl subsystem
[    0.952502] PM: RTC time: 02:51:42, date: 2026-05-15
[    0.954353] NET: Registered PF_NETLINK/PF_ROUTE protocol family
[    0.956320] DMA: preallocated 4096 KiB GFP_KERNEL pool for atomic allocations
[    0.958433] DMA: preallocated 4096 KiB GFP_KERNEL|GFP_DMA pool for atomic allocations
[    0.960797] DMA: preallocated 4096 KiB GFP_KERNEL|GFP_DMA32 pool for atomic allocations
[    0.961253] audit: initializing netlink subsys (disabled)
[    0.962326] audit: type=2000 audit(1778813501.883:1): state=initialized audit_enabled=0 res=1
[    0.962462] thermal_sys: Registered thermal governor 'fair_share'
[    0.963238] thermal_sys: Registered thermal governor 'bang_bang'
[    0.964237] thermal_sys: Registered thermal governor 'step_wise'
[    0.965237] thermal_sys: Registered thermal governor 'user_space'
[    0.966237] thermal_sys: Registered thermal governor 'power_allocator'
[    0.967255] cpuidle: using governor ladder
[    0.969253] cpuidle: using governor menu
[    0.970312] acpiphp: ACPI Hot Plug PCI Controller Driver version: 0.5
[    0.971539] PCI: Using configuration type 1 for base access
[    0.972361] kprobes: kprobe jump-optimization is enabled. All kprobes are optimized if possible.
[    0.974342] HugeTLB: registered 1.00 GiB page size, pre-allocated 0 pages
[    0.975238] HugeTLB: 16380 KiB vmemmap can be freed for a 1.00 GiB page
[    0.976237] HugeTLB: registered 2.00 MiB page size, pre-allocated 0 pages
[    0.977236] HugeTLB: 28 KiB vmemmap can be freed for a 2.00 MiB page
[    0.982202] ACPI: Added _OSI(Module Device)
[    0.982238] ACPI: Added _OSI(Processor Device)
[    0.983237] ACPI: Added _OSI(Processor Aggregator Device)
[    0.987532] ACPI: 3 ACPI AML tables successfully acquired and loaded
[    1.006189] ACPI: Interpreter enabled
[    1.006254] ACPI: PM: (supports S0 S3 S4 S5)
[    1.007237] ACPI: Using IOAPIC for interrupt routing
[    1.009480] PCI: Using host bridge windows from ACPI; if necessary, use "pci=nocrs" and report a bug
[    1.010236] PCI: Ignoring E820 reservations for host bridge windows
[    1.012420] ACPI: Enabled 16 GPEs in block 00 to 0F
[    1.019481] ACPI: PCI Root Bridge [PCI0] (domain 0000 [bus 00-ff])
[    1.020242] acpi PNP0A03:00: _OSC: OS supports [ASPM ClockPM Segments MSI EDR HPX-Type3]
[    1.021237] acpi PNP0A03:00: _OSC: not requesting OS control; OS requires [ExtendedConfig ASPM ClockPM MSI]
[    1.022250] acpi PNP0A03:00: fail to add MMCONFIG information, can't access extended configuration space under this bridge
[    1.025578] PCI host bridge to bus 0000:00
[    1.026241] pci_bus 0000:00: root bus resource [io  0x0000-0x0cf7 window]
[    1.027237] pci_bus 0000:00: root bus resource [io  0x0d00-0xffff window]
[    1.028237] pci_bus 0000:00: root bus resource [mem 0x000a0000-0x000bffff window]
[    1.029237] pci_bus 0000:00: root bus resource [mem 0xc0000000-0xc53fffff window]
[    1.030237] pci_bus 0000:00: root bus resource [mem 0xc5440000-0xee3fffff window]
[    1.031237] pci_bus 0000:00: root bus resource [mem 0xee440000-0xfebfefff window]
[    1.032237] pci_bus 0000:00: root bus resource [mem 0x1040000000-0x2103fffffff window]
[    1.033237] pci_bus 0000:00: root bus resource [bus 00-ff]
[    1.035280] pci 0000:00:00.0: [8086:1237] type 00 class 0x060000 conventional PCI endpoint
[    1.039984] pci 0000:00:01.0: [8086:7110] type 00 class 0x060100 conventional PCI endpoint
[    1.045685] pci 0000:00:01.3: [8086:7113] type 00 class 0x068000 conventional PCI endpoint
[    1.051402] pci 0000:00:01.3: quirk: [io  0xb000-0xb03f] claimed by PIIX4 ACPI
[    1.053568] pci 0000:00:03.0: [1af4:1004] type 00 class 0x000000 conventional PCI endpoint
[    1.063262] pci 0000:00:03.0: BAR 0 [io  0xc040-0xc07f]
[    1.064252] pci 0000:00:03.0: BAR 1 [mem 0xc1001000-0xc100107f]
[    1.066916] pci 0000:00:04.0: [10de:1eb8] type 00 class 0x030200 conventional PCI endpoint
[    1.082259] pci 0000:00:04.0: BAR 0 [mem 0xc0000000-0xc0ffffff]
[    1.083266] pci 0000:00:04.0: BAR 1 [mem 0x1040000000-0x104fffffff 64bit pref]
[    1.084267] pci 0000:00:04.0: BAR 3 [mem 0x1050000000-0x1051ffffff 64bit pref]
[    1.086470] pci 0000:00:05.0: [1af4:1000] type 00 class 0x020000 conventional PCI endpoint
[    1.097266] pci 0000:00:05.0: BAR 0 [io  0xc000-0xc03f]
[    1.098254] pci 0000:00:05.0: BAR 1 [mem 0xc1000000-0xc10003ff]
[    1.100237] pci 0000:00:06.0: [1af4:1005] type 00 class 0x00ff00 conventional PCI endpoint
[    1.110270] pci 0000:00:06.0: BAR 0 [io  0xc080-0xc09f]
[    1.111254] pci 0000:00:06.0: BAR 1 [mem 0xc1002000-0xc100203f]
[    1.125319] ACPI: PCI: Interrupt link LNKA configured for IRQ 10
[    1.128362] ACPI: PCI: Interrupt link LNKB configured for IRQ 10
[    1.130391] ACPI: PCI: Interrupt link LNKC configured for IRQ 11
[    1.132387] ACPI: PCI: Interrupt link LNKD configured for IRQ 11
[    1.134287] ACPI: PCI: Interrupt link LNKS configured for IRQ 9
[    1.139409] iommu: Default domain type: Translated
[    1.140237] iommu: DMA domain TLB invalidation policy: lazy mode
[    1.142491] SCSI subsystem initialized
[    1.143282] ACPI: bus type USB registered
[    1.144271] usbcore: registered new interface driver usbfs
[    1.145255] usbcore: registered new interface driver hub
[    1.146262] usbcore: registered new device driver usb
[    1.147274] pps_core: LinuxPPS API ver. 1 registered
[    1.148236] pps_core: Software ver. 5.3.6 - Copyright 2005-2007 Rodolfo Giometti <giometti@linux.it>
[    1.149241] PTP clock support registered
[    1.150285] EDAC MC: Ver: 3.0.0
[    1.151480] efivars: Registered efivars operations
[    1.153740] NetLabel: Initializing
[    1.154237] NetLabel:  domain hash size = 128
[    1.155236] NetLabel:  protocols = UNLABELED CIPSOv4 CALIPSO
[    1.156410] NetLabel:  unlabeled traffic allowed by default
[    1.157278] mctp: management component transport protocol core
[    1.158238] NET: Registered PF_MCTP protocol family
[    1.159263] PCI: Using ACPI for IRQ routing
[    1.161289] vgaarb: loaded
[    1.162459] clocksource: Switched to clocksource kvm-clock
[    1.165528] VFS: Disk quotas dquot_6.6.0
[    1.167032] VFS: Dquot-cache hash table entries: 512 (order 0, 4096 bytes)
[    1.170215] AppArmor: AppArmor Filesystem Enabled
[    1.171499] pnp: PnP ACPI init
[    1.173125] pnp: PnP ACPI: found 7 devices
[    1.181615] clocksource: acpi_pm: mask: 0xffffff max_cycles: 0xffffff, max_idle_ns: 2085701024 ns
[    1.185014] NET: Registered PF_INET protocol family
[    1.187320] IP idents hash table entries: 262144 (order: 9, 2097152 bytes, linear)
[    1.213880] tcp_listen_portaddr_hash hash table entries: 32768 (order: 7, 524288 bytes, linear)
[    1.217251] Table-perturb hash table entries: 65536 (order: 6, 262144 bytes, linear)
[    1.221034] TCP established hash table entries: 524288 (order: 10, 4194304 bytes, linear)
[    1.224908] TCP bind hash table entries: 65536 (order: 9, 2097152 bytes, linear)
[    1.228072] TCP: Hash tables configured (established 524288 bind 65536)
[    1.231147] MPTCP token hash table entries: 65536 (order: 9, 1572864 bytes, linear)
[    1.234622] UDP hash table entries: 32768 (order: 9, 2097152 bytes, linear)
[    1.237882] UDP-Lite hash table entries: 32768 (order: 9, 2097152 bytes, linear)
[    1.241059] NET: Registered PF_UNIX/PF_LOCAL protocol family
[    1.243294] NET: Registered PF_XDP protocol family
[    1.245165] pci_bus 0000:00: resource 4 [io  0x0000-0x0cf7 window]
[    1.247477] pci_bus 0000:00: resource 5 [io  0x0d00-0xffff window]
[    1.249824] pci_bus 0000:00: resource 6 [mem 0x000a0000-0x000bffff window]
[    1.252473] pci_bus 0000:00: resource 7 [mem 0xc0000000-0xc53fffff window]
[    1.255062] pci_bus 0000:00: resource 8 [mem 0xc5440000-0xee3fffff window]
[    1.257772] pci_bus 0000:00: resource 9 [mem 0xee440000-0xfebfefff window]
[    1.260384] pci_bus 0000:00: resource 10 [mem 0x1040000000-0x2103fffffff window]
[    1.263286] pci 0000:00:00.0: Limiting direct PCI/PCI transfers
[    1.265756] PCI: CLS 0 bytes, default 64
[    1.267356] PCI-DMA: Using software bounce buffering for IO (SWIOTLB)
[    1.269792] software IO TLB: mapped [mem 0x00000000b7f7f000-0x00000000bbf7f000] (64MB)
[    1.272879] clocksource: tsc: mask: 0xffffffffffffffff max_cycles: 0x212733415c7, max_idle_ns: 440795236380 ns
[    1.276928] clocksource: Switched to clocksource tsc
[    1.299526] Initialise system trusted keyrings
[    1.301318] Key type blacklist registered
[    1.303027] workingset: timestamp_bits=36 max_order=24 bucket_order=0
[    1.306020] squashfs: version 4.0 (2009/01/31) Phillip Lougher
[    1.308553] fuse: init (API version 7.44)
[    1.310738] integrity: Platform Keyring initialized
[    1.312762] integrity: Machine keyring initialized
[    1.327707] Key type asymmetric registered
[    1.328472] Asymmetric key parser 'x509' registered
[    1.329284] Block layer SCSI generic (bsg) driver version 0.4 loaded (major 242)
[    1.330907] io scheduler mq-deadline registered
[    1.333948] ledtrig-cpu: registered to indicate activity on CPUs
[    1.335524] input: Power Button as /devices/LNXSYSTM:00/LNXPWRBN:00/input/input0
[    1.337324] ACPI: button: Power Button [PWRF]
[    1.338096] input: Sleep Button as /devices/LNXSYSTM:00/LNXSLPBN:00/input/input1
[    1.339416] ACPI: button: Sleep Button [SLPF]
[    1.349025] ACPI: \_SB_.LNKC: Enabled at IRQ 11
[    1.350781] virtio-pci 0000:00:03.0: virtio_pci: leaving for legacy driver
[    1.362030] ACPI: \_SB_.LNKA: Enabled at IRQ 10
[    1.363738] virtio-pci 0000:00:05.0: virtio_pci: leaving for legacy driver
[    1.375028] ACPI: \_SB_.LNKB: Enabled at IRQ 10
[    1.376785] virtio-pci 0000:00:06.0: virtio_pci: leaving for legacy driver
[    1.384463] Serial: 8250/16550 driver, 32 ports, IRQ sharing enabled
[    1.409600] 00:03: ttyS0 at I/O 0x3f8 (irq = 4, base_baud = 115200) is a 16550A
[    1.434829] 00:04: ttyS1 at I/O 0x2f8 (irq = 3, base_baud = 115200) is a 16550A
[    1.459970] 00:05: ttyS2 at I/O 0x3e8 (irq = 6, base_baud = 115200) is a 16550A
[    1.485203] 00:06: ttyS3 at I/O 0x2e8 (irq = 7, base_baud = 115200) is a 16550A
[    1.490058] Linux agpgart interface v0.103
[    1.493108] tpm_tis MSFT0101:00: 2.0 TPM (device-id 0x9009, rev-id 0)
[    1.508226] loop: module loaded
[    1.512383] virtio_scsi virtio0: 1/0/0 default/read/poll queues
[    1.531064] scsi host0: Virtio SCSI HBA
[    1.532238] blk-mq: reduced tag depth to 10240
[    1.538741] Key type psk registered
[    1.539188] scsi 0:0:1:0: Direct-Access     Google   PersistentDisk   1    PQ: 0 ANSI: 6
[    1.540342] ACPI: bus type drm_connector registered
[    1.543528] tun: Universal TUN/TAP device driver, 1.6
[    1.683907] sd 0:0:1:0: Attached scsi generic sg0 type 0
[    1.684123] sd 0:0:1:0: [sda] 4194304000 512-byte logical blocks: (2.15 TB/1.95 TiB)
[    1.723792] sd 0:0:1:0: [sda] 4096-byte physical blocks
[    1.743817] sd 0:0:1:0: [sda] Write Protect is off
[    1.756561] sd 0:0:1:0: [sda] Write cache: enabled, read cache: enabled, doesn't support DPO or FUA
[    1.773699] PPP generic driver version 2.4.2
[    1.776812] i8042: PNP: PS/2 Controller [PNP0303:KBD,PNP0f13:MOU] at 0x60,0x64 irq 1,12
[    1.779068] i8042: Warning: Keylock active
[    1.782639] serio: i8042 KBD port at 0x60,0x64 irq 1
[    1.783977] serio: i8042 AUX port at 0x60,0x64 irq 12
[    1.785605] mousedev: PS/2 mouse device common for all mice
[    1.787424] rtc_cmos 00:00: RTC can wake from S4
[    1.790080] rtc_cmos 00:00: registered as rtc0
[    1.791537] rtc_cmos 00:00: setting system clock to 2026-05-15T02:51:43 UTC (1778813503)
[    1.793829] rtc_cmos 00:00: alarms up to one day, 114 bytes nvram
[    1.795701] i2c_dev: i2c /dev entries driver
[    1.797035] device-mapper: core: CONFIG_IMA_DISABLE_HTABLE is disabled. Duplicate IMA measurements will not be recorded in the IMA log.
[    1.800262] device-mapper: uevent: version 1.0.3
[    1.801719] device-mapper: ioctl: 4.50.0-ioctl (2025-04-28) initialised: dm-devel@lists.linux.dev
[    1.802443] GPT:Primary header thinks Alt. header is not at the end of the disk.
[    1.804465] intel_pstate: CPU model not supported
[    1.806458] GPT:104857599 != 4194303999
[    1.808025] drop_monitor: Initializing network drop monitor service
[    1.808984] GPT:Alternate GPT header not at the end of the disk.
[    1.808987] GPT:104857599 != 4194303999
[    1.808988] GPT: Use GNU Parted to correct GPT errors.
[    1.808997]  sda: sda1 sda14 sda15 sda16
[    1.809389] sd 0:0:1:0: [sda] Attached SCSI disk
[    1.811600] NET: Registered PF_INET6 protocol family
[    1.819538] Segment Routing with IPv6
[    1.820674] In-situ OAM (IOAM) with IPv6
[    1.821806] NET: Registered PF_PACKET protocol family
[    1.823337] Key type dns_resolver registered
[    1.828544] IPI shorthand broadcast: enabled
[    1.832552] sched_clock: Marking stable (1467005149, 365291752)->(2097934639, -265637738)
[    1.835283] registered taskstats version 1
[    1.838589] Loading compiled-in X.509 certificates
[    1.840681] Loaded X.509 cert 'Build time autogenerated kernel key: e45cb4cd1c398ae218369364b5dd9534d3664c1e'
[    1.843936] Loaded X.509 cert 'Canonical Ltd. Live Patch Signing 2025 Kmod: d541cef61dc7e793b7eb7e899970a2eef0b5dc8c'
[    1.847776] Loaded X.509 cert 'Canonical Ltd. Live Patch Signing: 14df34d1a87cf37625abec039ef2bf521249b969'
[    1.851101] Loaded X.509 cert 'Canonical Ltd. Kernel Module Signing: 88f752e560a1e0737e31163a466ad7b70a850c19'
[    1.853810] blacklist: Loading compiled-in revocation X.509 certificates
[    1.855722] Loaded X.509 cert 'Canonical Ltd. Secure Boot Signing: 61482aa2830d0ab2ad5af10b7250da9033ddcef0'
[    1.858517] Loaded X.509 cert 'Canonical Ltd. Secure Boot Signing (2017): 242ade75ac4a15e50d50c84b0d45ff3eae707a03'
[    1.861490] Loaded X.509 cert 'Canonical Ltd. Secure Boot Signing (ESM 2018): 365188c1d374d6b07c3c8f240f8ef722433d6a8b'
[    1.864420] Loaded X.509 cert 'Canonical Ltd. Secure Boot Signing (2019): c0746fd6c5da3ae827864651ad66ae47fe24b3e8'
[    1.867285] Loaded X.509 cert 'Canonical Ltd. Secure Boot Signing (2021 v1): a8d54bbb3825cfb94fa13c9f8a594a195c107b8d'
[    1.870221] Loaded X.509 cert 'Canonical Ltd. Secure Boot Signing (2021 v2): 4cf046892d6fd3c9a5b03f98d845f90851dc6a8c'
[    1.873182] Loaded X.509 cert 'Canonical Ltd. Secure Boot Signing (2021 v3): 100437bb6de6e469b581e61cd66bce3ef4ed53af'
[    1.876319] Loaded X.509 cert 'Canonical Ltd. Secure Boot Signing (Ubuntu Core 2019): c1d57b8f6b743f23ee41f4f7ee292f06eecadfb9'
[    1.885615] Demotion targets for Node 0: null
[    1.887076] Key type .fscrypt registered
[    1.888218] Key type fscrypt-provisioning registered
[    1.889742] Key type big_key registered
[    1.890958] Key type trusted registered
[    1.893502] Key type encrypted registered
[    1.894670] AppArmor: AppArmor sha256 policy hashing enabled
[    1.896712] integrity: Loading X.509 certificate: UEFI:db
[    1.898315] integrity: Loaded X.509 cert 'Microsoft Corporation UEFI CA 2011: 13adbf4309bd82709c8cd54f316ed522988a1bd4'
[    1.901319] integrity: Loading X.509 certificate: UEFI:db
[    1.903044] integrity: Loaded X.509 cert 'Microsoft Windows Production PCA 2011: a92902398e16c49778cd90f99e4f9ae17c55af53'
[    1.906376] integrity: Loading X.509 certificate: UEFI:db
[    1.908076] integrity: Loaded X.509 cert 'Microsoft Corporation: Windows UEFI CA 2023: aefc5fbbbe055d8f8daa585473499417ab5a5272'
[    1.911512] integrity: Loading X.509 certificate: UEFI:db
[    1.912901] integrity: Loaded X.509 cert 'Microsoft UEFI CA 2023: 81aa6b3244c935bce0d6628af39827421e32497d'
[    1.915681] integrity: Revoking X.509 certificate: UEFI:dbx
[    1.917134] blacklist: Revoked X.509 cert 'Canonical Ltd. Secure Boot Signing: 61482aa2830d0ab2ad5af10b7250da9033ddcef0'
[    1.920146] integrity: Revoking X.509 certificate: UEFI:dbx
[    1.921665] blacklist: Revoked X.509 cert 'Cisco: Virtual UEFI SubCA: 13df2e3f54ebf347dcaecebf21d3cbb2355a4c9a'
[    1.924320] integrity: Revoking X.509 certificate: UEFI:dbx
[    1.925905] blacklist: Revoked X.509 cert 'Debian Secure Boot Signer: 00a7468def'
[    1.928462] Loading compiled-in module X.509 certificates
[    1.930361] Loaded X.509 cert 'Build time autogenerated kernel key: e45cb4cd1c398ae218369364b5dd9534d3664c1e'
[    1.932902] ima: Allocated hash algorithm: sha256
[    1.963729] ima: No architecture policies found
[    1.965082] evm: Initialising EVM extended attributes:
[    1.966312] evm: security.selinux
[    1.967169] evm: security.SMACK64
[    1.968157] evm: security.SMACK64EXEC
[    1.969084] evm: security.SMACK64TRANSMUTE
[    1.970336] evm: security.SMACK64MMAP
[    1.971366] evm: security.apparmor
[    1.972320] evm: security.ima
[    1.973168] evm: security.capability
[    1.974125] evm: HMAC attrs: 0x1
[    1.975241] PM:   Magic number: 10:668:864
[    1.978841] RAS: Correctable Errors collector initialized.
[    1.992649] clk: Disabling unused clocks
[    1.993113] input: AT Translated Set 2 keyboard as /devices/platform/i8042/serio0/input/input2
[    1.994036] PM: genpd: Disabling unused power domains
[    1.999238] check access for rdinit=/init failed: -2, ignoring
[    2.000152] md: Waiting for all devices to be available before autodetect
[    2.001137] md: If you don't use raid, use raid=noautodetect
[    2.001953] md: Autodetecting RAID arrays.
[    2.002598] md: autorun ...
[    2.003011] md: ... autorun DONE.
[    2.013324] EXT4-fs (sda1): mounted filesystem 89fcf612-67c3-434b-97ea-2cfdbfe01b5b ro with ordered data mode. Quota mode: none.
[    2.015053] VFS: Mounted root (ext4 filesystem) readonly on device 8:1.
[    2.017993] devtmpfs: mounted
[    2.020397] Freeing unused decrypted memory: 2028K
[    2.022967] Freeing unused kernel image (initmem) memory: 5404K
[    2.024100] Write protecting the kernel read-only data: 38912k
[    2.025606] Freeing unused kernel image (text/rodata gap) memory: 320K
[    2.027078] Freeing unused kernel image (rodata/data gap) memory: 776K
[    2.085814] x86/mm: Checked W+X mappings: passed, no W+X pages found.
[    2.086813] x86/mm: Checking user space page tables
[    2.142860] x86/mm: Checked W+X mappings: passed, no W+X pages found.
[    2.143902] Run /sbin/init as init process
[    2.388707] systemd[1]: Inserted module 'autofs4'
[    2.531625] systemd[1]: systemd 255.4-1ubuntu8.15 running in system mode (+PAM +AUDIT +SELINUX +APPARMOR +IMA +SMACK +SECCOMP +GCRYPT -GNUTLS +OPENSSL +ACL +BLKID +CURL +ELFUTILS +FIDO2 +IDN2 -IDN +IPTC +KMOD +LIBCRYPTSETUP +LIBFDISK +PCRE2 -PWQUALITY +P11KIT +QRENCODE +TPM2 +BZIP2 +LZ4 +XZ +ZLIB +ZSTD -BPF_FRAMEWORK -XKBCOMMON +UTMP +SYSVINIT default-hierarchy=unified)
[    2.536222] systemd[1]: Detected virtualization google.
[    2.536968] systemd[1]: Detected architecture x86-64.

Welcome to [1mUbuntu 24.04.4 LTS[0m!

[    2.543412] systemd[1]: No hostname configured, using default hostname.
[    2.544472] systemd[1]: Hostname set to <localhost>.
[    2.943620] systemd[1]: Queued start job for default target graphical.target.
[    2.971235] systemd[1]: Created slice system-modprobe.slice - Slice /system/modprobe.
[[0;32m  OK  [0m] Created slice [0;1;39msystem-modprobe.slice[0m - Slice /system/modprobe.
[    2.976520] systemd[1]: Created slice system-serial\x2dgetty.slice - Slice /system/serial-getty.
[[0;32m  OK  [0m] Created slice [0;1;39msystem-serial\x2dget…slice[0m - Slice /system/serial-getty.
[    2.981876] systemd[1]: Created slice system-systemd\x2dfsck.slice - Slice /system/systemd-fsck.
[[0;32m  OK  [0m] Created slice [0;1;39msystem-systemd\x2dfs…slice[0m - Slice /system/systemd-fsck.
[    2.986856] systemd[1]: Created slice user.slice - User and Session Slice.
[[0;32m  OK  [0m] Created slice [0;1;39muser.slice[0m - User and Session Slice.
[    2.990482] systemd[1]: Started systemd-ask-password-wall.path - Forward Password Requests to Wall Directory Watch.
[[0;32m  OK  [0m] Started [0;1;39msystemd-ask-password-wall.…[0md Requests to Wall Directory Watch.
[    2.995590] systemd[1]: Set up automount proc-sys-fs-binfmt_misc.automount - Arbitrary Executable File Formats File System Automount Point.
[[0;32m  OK  [0m] Set up automount [0;1;39mproc-sys-fs-binfm…[0mormats File System Automount Point.
[    3.000391] systemd[1]: Expecting device dev-disk-by\x2dlabel-BOOT.device - /dev/disk/by-label/BOOT...
         Expecting device [0;1;39mdev-disk-by\x2dla…device[0m - /dev/disk/by-label/BOOT...
[    3.003240] systemd[1]: Expecting device dev-disk-by\x2dlabel-UEFI.device - /dev/disk/by-label/UEFI...
         Expecting device [0;1;39mdev-disk-by\x2dla…device[0m - /dev/disk/by-label/UEFI...
[    3.006000] systemd[1]: Expecting device dev-ttyS0.device - /dev/ttyS0...
         Expecting device [0;1;39mdev-ttyS0.device[0m - /dev/ttyS0...
[    3.009392] systemd[1]: Reached target integritysetup.target - Local Integrity Protected Volumes.
[[0;32m  OK  [0m] Reached target [0;1;39mintegritysetup.targ…[0m Local Integrity Protected Volumes.
[    3.013403] systemd[1]: Reached target slices.target - Slice Units.
[[0;32m  OK  [0m] Reached target [0;1;39mslices.target[0m - Slice Units.
[    3.017387] systemd[1]: Reached target snapd.mounts-pre.target - Mounting snaps.
[[0;32m  OK  [0m] Reached target [0;1;39msnapd.mounts-pre.target[0m - Mounting snaps.
[    3.021384] systemd[1]: Reached target swap.target - Swaps.
[[0;32m  OK  [0m] Reached target [0;1;39mswap.target[0m - Swaps.
[    3.025368] systemd[1]: Reached target time-set.target - System Time Set.
[[0;32m  OK  [0m] Reached target [0;1;39mtime-set.target[0m - System Time Set.
[    3.029410] systemd[1]: Reached target veritysetup.target - Local Verity Protected Volumes.
[[0;32m  OK  [0m] Reached target [0;1;39mveritysetup.target[0m - Local Verity Protected Volumes.
[    3.033489] systemd[1]: Listening on dm-event.socket - Device-mapper event daemon FIFOs.
[[0;32m  OK  [0m] Listening on [0;1;39mdm-event.socket[0m - Device-mapper event daemon FIFOs.
[    3.037513] systemd[1]: Listening on lvm2-lvmpolld.socket - LVM2 poll daemon socket.
[[0;32m  OK  [0m] Listening on [0;1;39mlvm2-lvmpolld.socket[0m - LVM2 poll daemon socket.
[    3.041506] systemd[1]: Listening on multipathd.socket - multipathd control socket.
[[0;32m  OK  [0m] Listening on [0;1;39mmultipathd.socket[0m - multipathd control socket.
[    3.045524] systemd[1]: Listening on syslog.socket - Syslog Socket.
[[0;32m  OK  [0m] Listening on [0;1;39msyslog.socket[0m - Syslog Socket.
[    3.049477] systemd[1]: Listening on systemd-fsckd.socket - fsck to fsckd communication Socket.
[[0;32m  OK  [0m] Listening on [0;1;39msystemd-fsckd.socket[0m …fsck to fsckd communication Socket.
[    3.054445] systemd[1]: Listening on systemd-initctl.socket - initctl Compatibility Named Pipe.
[[0;32m  OK  [0m] Listening on [0;1;39msystemd-initctl.socke…[0m- initctl Compatibility Named Pipe.
[    3.059517] systemd[1]: Listening on systemd-journald-dev-log.socket - Journal Socket (/dev/log).
[[0;32m  OK  [0m] Listening on [0;1;39msystemd-journald-dev-…socket[0m - Journal Socket (/dev/log).
[    3.064548] systemd[1]: Listening on systemd-journald.socket - Journal Socket.
[[0;32m  OK  [0m] Listening on [0;1;39msystemd-journald.socket[0m - Journal Socket.
[    3.068576] systemd[1]: Listening on systemd-networkd.socket - Network Service Netlink Socket.
[[0;32m  OK  [0m] Listening on [0;1;39msystemd-networkd.socket[0m - Network Service Netlink Socket.
[    3.073411] systemd[1]: systemd-pcrextend.socket - TPM2 PCR Extension (Varlink) was skipped because of an unmet condition check (ConditionSecurity=measured-uki).
[    3.075616] systemd[1]: Listening on systemd-udevd-control.socket - udev Control Socket.
[[0;32m  OK  [0m] Listening on [0;1;39msystemd-udevd-control.socket[0m - udev Control Socket.
[    3.080487] systemd[1]: Listening on systemd-udevd-kernel.socket - udev Kernel Socket.
[[0;32m  OK  [0m] Listening on [0;1;39msystemd-udevd-kernel.socket[0m - udev Kernel Socket.
[    3.102417] systemd[1]: Mounting dev-hugepages.mount - Huge Pages File System...
         Mounting [0;1;39mdev-hugepages.mount[0m - Huge Pages File System...
[    3.107753] systemd[1]: Mounting dev-mqueue.mount - POSIX Message Queue File System...
         Mounting [0;1;39mdev-mqueue.mount[0m - POSIX Message Queue File System...
[    3.112411] systemd[1]: Mounting sys-kernel-debug.mount - Kernel Debug File System...
         Mounting [0;1;39msys-kernel-debug.mount[0m - Kernel Debug File System...
[    3.117391] systemd[1]: Mounting sys-kernel-tracing.mount - Kernel Trace File System...
         Mounting [0;1;39msys-kernel-tracing.mount[0m - Kernel Trace File System...
[    3.125478] systemd[1]: Starting systemd-journald.service - Journal Service...
         Starting [0;1;39msystemd-journald.service[0m - Journal Service...
[    3.131775] systemd[1]: Starting keyboard-setup.service - Set the console keyboard layout...
         Starting [0;1;39mkeyboard-setup.service[0m - Set the console keyboard layout...
[    3.137679] systemd[1]: Starting kmod-static-nodes.service - Create List of Static Device Nodes...
         Starting [0;1;39mkmod-static-nodes.service[0m…eate List of Static Device Nodes...
[    3.143523] systemd[1]: Starting lvm2-monitor.service - Monitoring of LVM2 mirrors, snapshots etc. using dmeventd or progress polling...
         Starting [0;1;39mlvm2-monitor.service[0m - Mo…ing dmeventd or progress polling...
[    3.147744] systemd-journald[286]: Collecting audit messages is disabled.
[    3.149950] systemd[1]: Starting modprobe@configfs.service - Load Kernel Module configfs...
         Starting [0;1;39mmodprobe@configfs.service[0m - Load Kernel Module configfs...
[    3.155539] systemd[1]: Starting modprobe@dm_mod.service - Load Kernel Module dm_mod...
         Starting [0;1;39mmodprobe@dm_mod.service[0m - Load Kernel Module dm_mod...
[    3.160602] systemd[1]: Starting modprobe@drm.service - Load Kernel Module drm...
         Starting [0;1;39mmodprobe@drm.service[0m - Load Kernel Module drm...
[    3.165506] systemd[1]: Starting modprobe@efi_pstore.service - Load Kernel Module efi_pstore...
         Starting [0;1;39mmodprobe@efi_pstore.servi…[0m - Load Kernel Module efi_pstore...
[    3.169500] systemd[1]: Starting modprobe@fuse.service - Load Kernel Module fuse...
         Starting [0;1;39mmodprobe@fuse.service[0m - Load Kernel Module fuse...
[    3.173761] systemd[1]: Starting modprobe@loop.service - Load Kernel Module loop...
         Starting [0;1;39mmodprobe@loop.service[0m - Load Kernel Module loop...
[    3.176925] pstore: Using crash dump compression: deflate
[    3.179487] systemd[1]: Starting modprobe@nvme_fabrics.service - Load Kernel Module nvme_fabrics...
         Starting [0;1;39mmodprobe@nvme_fabrics.ser…[0m Load Kernel Module nvme_fabrics...
[    3.183083] systemd[1]: netplan-ovs-cleanup.service - OpenVSwitch configuration for cleanup was skipped because of an unmet condition check (ConditionFileIsExecutable=/usr/bin/ovs-vsctl).
[    3.183577] pstore: Registered efi_pstore as persistent store backend
[    3.187008] systemd[1]: Starting systemd-fsck-root.service - File System Check on Root Device...
         Starting [0;1;39msystemd-fsck-root.service[0m…File System Check on Root Device...
[    3.193970] systemd[1]: Starting systemd-modules-load.service - Load Kernel Modules...
         Starting [0;1;39msystemd-modules-load.service[0m - Load Kernel Modules...
[    3.198390] systemd[1]: systemd-pcrmachine.service - TPM2 PCR Machine ID Measurement was skipped because of an unmet condition check (ConditionSecurity=measured-uki).
[    3.200725] systemd[1]: systemd-tpm2-setup-early.service - TPM2 SRK Setup (Early) was skipped because of an unmet condition check (ConditionSecurity=measured-uki).
[    3.204237] systemd[1]: Starting systemd-udev-trigger.service - Coldplug All udev Devices...
         Starting [0;1;39msystemd-udev-trigger.service[0m - Coldplug All udev Devices...
[    3.207846] systemd[1]: Started systemd-journald.service - Journal Service.
[[0;32m  OK  [0m] Started [0;1;39msystemd-journald.service[0m - Journal Service.
[[0;32m  OK  [0m] Mounted [0;1;39mdev-hugepages.mount[0m - Huge Pages File System.
[[0;32m  OK  [0m] Mounted [0;1;39mdev-mqueue.mount[0m - POSIX Message Queue File System.
[[0;32m  OK  [0m] Mounted [0;1;39msys-kernel-debug.mount[0m - Kernel Debug File System.
[[0;32m  OK  [0m] Mounted [0;1;39msys-kernel-tracing.mount[0m - Kernel Trace File System.
[[0;32m  OK  [0m] Finished [0;1;39mkmod-static-nodes.service[0m…Create List of Static Device Nodes.
[[0;32m  OK  [0m] Finished [0;1;39mmodprobe@configfs.service[0m - Load Kernel Module configfs.
[[0;32m  OK  [0m] Finished [0;1;39mmodprobe@dm_mod.service[0m - Load Kernel Module dm_mod.
[[0;32m  OK  [0m] Finished [0;1;39mmodprobe@drm.service[0m - Load Kernel Module drm.
[[0;32m  OK  [0m] Finished [0;1;39mmodprobe@efi_pstore.service[0m - Load Kernel Module efi_pstore.
[[0;32m  OK  [0m] Finished [0;1;39mmodprobe@fuse.service[0m - Load Kernel Module fuse.
[[0;32m  OK  [0m] Finished [0;1;39mmodprobe@loop.service[0m - Load Kernel Module loop.
[[0;32m  OK  [0m] Finished [0;1;39mmodprobe@nvme_fabrics.ser…[0m - Load Kernel Module nvme_fabrics.
[[0;32m  OK  [0m] Finished [0;1;39msystemd-fsck-root.service[0m - File System Check on Root Device.
[[0;32m  OK  [0m] Finished [0;1;39mkeyboard-setup.service[0m - Set the console keyboard layout.
[[0;32m  OK  [0m] Finished [0;1;39msystemd-modules-load.service[0m - Load Kernel Modules.
         Mounting [0;1;39msys-fs-fuse-connections.mount[0m - FUSE Control File System...
         Mounting [0;1;39msys-kernel-config.mount[0m - Kernel Configuration File System...
[[0;32m  OK  [0m] Started [0;1;39msystemd-fsckd.service[0m - Fi…stem Check Daemon to report status.
         Starting [0;1;39msystemd-remount-fs.servic…[0munt Root and Kernel File Systems...
         Starting [0;1;39msystemd-sysctl.service[0m - Apply Kernel Variables...
         Starting [0;1;39msystemd-tmpfiles-setup-de…[0m Device Nodes in /dev gracefully...
[[0;32m  OK  [0m] Finished [0;1;39mlvm2-monitor.service[0m - Mo…using dmeventd or progress polling.
[[0;32m  OK  [0m] Mounted [0;1;39msys-fs-fuse-connections.mount[0m - FUSE Control File System.
[[0;32m  OK  [0m] Mounted [0;1;39msys-kernel-config.mount[0m - Kernel Configuration File System.
[[0;32m  OK  [0m] Finished [0;1;39msystemd-sysctl.service[0m - Apply Kernel Variables.
[[0;32m  OK  [0m] Finished [0;1;39msystemd-tmpfiles-setup-de…[0mic Device Nodes in /dev gracefully.
[[0;32m  OK  [0m] Finished [0;1;39msystemd-remount-fs.servic…[0mmount Root and Kernel File Systems.
         Starting [0;1;39mmultipathd.service[0m - Devi…pper Multipath Device Controller...
         Starting [0;1;39msystemd-journal-flush.ser…[0msh Journal to Persistent Storage...
         Starting [0;1;39msystemd-random-seed.service[0m - Load/Save OS Random Seed...
         Starting [0;1;39msystemd-tmpfiles-setup-de…[0meate Static Device Nodes in /dev...
[[0;32m  OK  [0m] Finished [0;1;39msystemd-udev-trigger.service[0m - Coldplug All udev Devices.
[[0;32m  OK  [0m] Finished [0;1;39msystemd-random-seed.service[0m - Load/Save OS Random Seed.
[[0;32m  OK  [0m] Finished [0;1;39msystemd-tmpfiles-setup-de…[0mCreate Static Device Nodes in /dev.
         Starting [0;1;39msystemd-udevd.service[0m - R…ager for Device Events and Files...
[[0;32m  OK  [0m] Started [0;1;39mmultipathd.service[0m - Devic…Mapper Multipath Device Controller.
[[0;32m  OK  [0m] Started [0;1;39msystemd-udevd.service[0m - Ru…anager for Device Events and Files.
[[0;32m  OK  [0m] Reached target [0;1;39mlocal-fs-pre.target[0m…Preparation for Local File Systems.
         Mounting [0;1;39msnap-core22-2411.mount[0m - …t unit for core22, revision 2411...
         Mounting [0;1;39msnap-google\x2dcloud\x2dc…[0mr google-cloud-cli, revision 448...
         Mounting [0;1;39msnap-snapd-26865.mount[0m - …t unit for snapd, revision 26865...
[[0;32m  OK  [0m] Started [0;1;39msystemd-ask-password-conso…[0mequests to Console Directory Watch.
[[0;32m  OK  [0m] Reached target [0;1;39mcryptsetup.target[0m - Local Encrypted Volumes.
[[0;32m  OK  [0m] Finished [0;1;39msystemd-journal-flush.ser…[0mlush Journal to Persistent Storage.
[[0;32m  OK  [0m] Mounted [0;1;39msnap-core22-2411.mount[0m - Mount unit for core22, revision 2411.
[[0;32m  OK  [0m] Mounted [0;1;39msnap-google\x2dcloud\x2dcl…[0mfor google-cloud-cli, revision 448.
[[0;32m  OK  [0m] Mounted [0;1;39msnap-snapd-26865.mount[0m - Mount unit for snapd, revision 26865.
[[0;32m  OK  [0m] Found device [0;1;39mdev-ttyS0.device[0m - /dev/ttyS0.
[[0;32m  OK  [0m] Found device [0;1;39mdev-disk-by\x2dlabel-BOOT.device[0m - PersistentDisk BOOT.
[[0;32m  OK  [0m] Found device [0;1;39mdev-disk-by\x2dlabel-UEFI.device[0m - PersistentDisk UEFI.
[[0;32m  OK  [0m] Reached target [0;1;39msnapd.mounts.target[0m - Mounted snaps.
[[0;32m  OK  [0m] Listening on [0;1;39msystemd-rfkill.socket[0m…ll Switch Status /dev/rfkill Watch.
[    3.858823] 
         Starting [0;1;39msystemd-fsck@dev-disk-by\…[0mCheck on /dev/disk/by-label/BOOT...
         Starting [0;1;39msystemd-fsck@dev-disk-by\…[0mCheck on /dev/disk/by-label/UEFI...
Checking in progress on 1 disk (0.0% complete)[[0;32m  OK  [0m] Finished [0;1;39msystemd-fsck@dev-disk-by\…[0mm Check on /dev/disk/by-label/BOOT.
Checking in progress on 0 disks (100.0% complete)[[0;32m  OK  [0m] Finished [0;1;39msystemd-fsck@dev-disk-by\…[0mm Check on /dev/disk/by-label/UEFI.
         Mounting [0;1;39mboot.mount[0m - /boot...
[[0;32m  OK  [0m] Mounted [0;1;39mboot.mount[0m - /boot.
         Mounting [0;1;39mboot-efi.mount[0m - /boot/efi...
[[0;32m  OK  [0m] Mounted [0;1;39mboot-efi.mount[0m - /boot/efi.
[[0;32m  OK  [0m] Reached target [0;1;39mlocal-fs.target[0m - Local File Systems.
[[0;32m  OK  [0m] Listening on [0;1;39msystemd-sysext.socket[0m…tension Image Management (Varlink).
         Starting [0;1;39mapparmor.service[0m - Load AppArmor profiles...
         Starting [0;1;39mconsole-setup.service[0m - Set console font and keymap...
         Starting [0;1;39mfinalrd.service[0m - Create …time dir for shutdown pivot root...
         Starting [0;1;39mplymouth-read-write.servi…[0mymouth To Write Out Runtime Data...
         Starting [0;1;39msystemd-binfmt.service[0m - Set Up Additional Binary Formats...
         Starting [0;1;39msystemd-tmpfiles-setup.se…[0me Volatile Files and Directories...
         Starting [0;1;39mufw.service[0m - Uncomplicated firewall...
[[0;32m  OK  [0m] Finished [0;1;39mconsole-setup.service[0m - Set console font and keymap.
[[0;32m  OK  [0m] Finished [0;1;39mfinalrd.service[0m - Create …untime dir for shutdown pivot root.
[[0;32m  OK  [0m] Finished [0;1;39mapparmor.service[0m - Load AppArmor profiles.
[[0;32m  OK  [0m] Finished [0;1;39mplymouth-read-write.servi…[0mPlymouth To Write Out Runtime Data.
[[0;32m  OK  [0m] Finished [0;1;39msystemd-tmpfiles-setup.se…[0mate Volatile Files and Directories.
[[0;32m  OK  [0m] Finished [0;1;39mufw.service[0m - Uncomplicated firewall.
         Mounting [0;1;39mproc-sys-fs-binfmt_misc.m…[0mcutable File Formats File System...
         Starting [0;1;39msnapd.apparmor.service[0m - …iles managed internally by snapd...
         Starting [0;1;39msystemd-resolved.service[0m - Network Name Resolution...
         Starting [0;1;39msystemd-update-utmp.servi…[0mord System Boot/Shutdown in UTMP...
         Starting [0;1;39mcloud-init-local.service[0m …-init: Local Stage (pre-network)...
[[0;32m  OK  [0m] Mounted [0;1;39mproc-sys-fs-binfmt_misc.mo…[0mxecutable File Formats File System.
[[0;32m  OK  [0m] Finished [0;1;39msystemd-binfmt.service[0m - Set Up Additional Binary Formats.
         Starting [0;1;39mmodprobe@dm_mod.service[0m - Load Kernel Module dm_mod...
         Starting [0;1;39mmodprobe@efi_pstore.servi…[0m - Load Kernel Module efi_pstore...
         Starting [0;1;39mmodprobe@loop.service[0m - Load Kernel Module loop...
[[0;32m  OK  [0m] Finished [0;1;39msystemd-update-utmp.servi…[0mecord System Boot/Shutdown in UTMP.
[[0;32m  OK  [0m] Finished [0;1;39mmodprobe@dm_mod.service[0m - Load Kernel Module dm_mod.
[[0;32m  OK  [0m] Finished [0;1;39mmodprobe@efi_pstore.service[0m - Load Kernel Module efi_pstore.
[[0;32m  OK  [0m] Finished [0;1;39mmodprobe@loop.service[0m - Load Kernel Module loop.
[[0;32m  OK  [0m] Started [0;1;39msystemd-resolved.service[0m - Network Name Resolution.
[[0;32m  OK  [0m] Reached target [0;1;39mnss-lookup.target[0m - Host and Network Name Lookups.
[[0;32m  OK  [0m] Finished [0;1;39msnapd.apparmor.service[0m - …ofiles managed internally by snapd.
[    5.910189] cloud-init[714]: Cloud-init v. 25.3-0ubuntu1~24.04.1 running 'init-local' at Fri, 15 May 2026 02:51:47 +0000. Up 5.89 seconds.
         Starting [0;1;39mmodprobe@dm_mod.service[0m - Load Kernel Module dm_mod...
         Starting [0;1;39mmodprobe@efi_pstore.servi…[0m - Load Kernel Module efi_pstore...
         Starting [0;1;39mmodprobe@loop.service[0m - Load Kernel Module loop...
[[0;32m  OK  [0m] Finished [0;1;39mmodprobe@dm_mod.service[0m - Load Kernel Module dm_mod.
[[0;32m  OK  [0m] Finished [0;1;39mmodprobe@efi_pstore.service[0m - Load Kernel Module efi_pstore.
[[0;32m  OK  [0m] Finished [0;1;39mmodprobe@loop.service[0m - Load Kernel Module loop.
         Starting [0;1;39mmodprobe@dm_mod.service[0m - Load Kernel Module dm_mod...
         Starting [0;1;39mmodprobe@efi_pstore.servi…[0m - Load Kernel Module efi_pstore...
         Starting [0;1;39mmodprobe@loop.service[0m - Load Kernel Module loop...
[[0;32m  OK  [0m] Finished [0;1;39mmodprobe@dm_mod.service[0m - Load Kernel Module dm_mod.
[[0;32m  OK  [0m] Finished [0;1;39mmodprobe@efi_pstore.service[0m - Load Kernel Module efi_pstore.
[[0;32m  OK  [0m] Finished [0;1;39mmodprobe@loop.service[0m - Load Kernel Module loop.
[[0;32m  OK  [0m] Finished [0;1;39mcloud-init-local.service[0m …ud-init: Local Stage (pre-network).
[[0;32m  OK  [0m] Reached target [0;1;39mnetwork-pre.target[0m - Preparation for Network.
         Starting [0;1;39msystemd-networkd.service[0m - Network Configuration...
[[0;32m  OK  [0m] Started [0;1;39msystemd-networkd.service[0m - Network Configuration.
[[0;32m  OK  [0m] Reached target [0;1;39mnetwork.target[0m - Network.
         Starting [0;1;39msystemd-networkd-wait-onl…[0mait for Network to be Configured...
[[0;32m  OK  [0m] Finished [0;1;39msystemd-networkd-wait-onl…[0m Wait for Network to be Configured.
         Starting [0;1;39mcloud-init.service[0m - Cloud-init: Network Stage...
[    9.399765] cloud-init[811]: Cloud-init v. 25.3-0ubuntu1~24.04.1 running 'init' at Fri, 15 May 2026 02:51:51 +0000. Up 9.37 seconds.
[    9.413184] cloud-init[811]: ci-info: +++++++++++++++++++++++++++++++++++++++Net device info+++++++++++++++++++++++++++++++++++++++
[    9.426133] cloud-init[811]: ci-info: +--------+------+----------------------------+-----------------+--------+-------------------+
[    9.439255] cloud-init[811]: ci-info: | Device |  Up  |          Address           |       Mask      | Scope  |     Hw-Address    |
[    9.452141] cloud-init[811]: ci-info: +--------+------+----------------------------+-----------------+--------+-------------------+
[    9.465111] cloud-init[811]: ci-info: |  ens5  | True |       10.128.15.198        | 255.255.255.255 | global | 42:01:0a:80:0f:c6 |
[    9.478221] cloud-init[811]: ci-info: |  ens5  | True | fe80::4001:aff:fe80:fc6/64 |        .        |  link  | 42:01:0a:80:0f:c6 |
[    9.491240] cloud-init[811]: ci-info: |   lo   | True |         127.0.0.1          |    255.0.0.0    |  host  |         .         |
[    9.504137] cloud-init[811]: ci-info: |   lo   | True |          ::1/128           |        .        |  host  |         .         |
[    9.518233] cloud-init[811]: ci-info: +--------+------+----------------------------+-----------------+--------+-------------------+
[    9.531260] cloud-init[811]: ci-info: +++++++++++++++++++++++++++++++Route IPv4 info++++++++++++++++++++++++++++++++
[    9.543246] cloud-init[811]: ci-info: +-------+-----------------+------------+-----------------+-----------+-------+
[    9.555128] cloud-init[811]: ci-info: | Route |   Destination   |  Gateway   |     Genmask     | Interface | Flags |
[    9.567108] cloud-init[811]: ci-info: +-------+-----------------+------------+-----------------+-----------+-------+
[    9.579108] cloud-init[811]: ci-info: |   0   |     0.0.0.0     | 10.128.0.1 |     0.0.0.0     |    ens5   |   UG  |
[    9.591110] cloud-init[811]: ci-info: |   1   |    10.128.0.1   |  0.0.0.0   | 255.255.255.255 |    ens5   |   UH  |
[    9.603163] cloud-init[811]: ci-info: |   2   | 169.254.169.254 | 10.128.0.1 | 255.255.255.255 |    ens5   |  UGH  |
[    9.615108] cloud-init[811]: ci-info: +-------+-----------------+------------+-----------------+-----------+-------+
[    9.627129] cloud-init[811]: ci-info: +++++++++++++++++++Route IPv6 info+++++++++++++++++++
[    9.636168] cloud-init[811]: ci-info: +-------+-------------+---------+-----------+-------+
[    9.645233] cloud-init[811]: ci-info: | Route | Destination | Gateway | Interface | Flags |
[    9.654420] cloud-init[811]: ci-info: +-------+-------------+---------+-----------+-------+
[    9.665101] cloud-init[811]: ci-info: |   0   |  fe80::/64  |    ::   |    ens5   |   U   |
[    9.674167] cloud-init[811]: ci-info: |   2   |    local    |    ::   |    ens5   |   U   |
[    9.683169] cloud-init[811]: ci-info: |   3   |  multicast  |    ::   |    ens5   |   U   |
[    9.692107] cloud-init[811]: ci-info: +-------+-------------+---------+-----------+-------+
[   16.313361] cloud-init[811]: Generating public/private rsa key pair.
[   16.321207] cloud-init[811]: Your identification has been saved in /etc/ssh/ssh_host_rsa_key
[   16.331113] cloud-init[811]: Your public key has been saved in /etc/ssh/ssh_host_rsa_key.pub
[   16.339837] cloud-init[811]: The key fingerprint is:
[   16.346135] cloud-init[811]: SHA256:uCN5s15xbarFGooAW6T6LUwBBQnDtrx7xwDJJ3MOsGk root@loadgen-1bhr
[   16.356119] cloud-init[811]: The key's randomart image is:
[[0;32m  OK  [0m] Finished [0;1;39mcloud-init.service[0m - Cloud-init: Network Stage.
[   16.363121] cloud-init[811]: +---[RSA 3072]----+
[[0;32m  OK  [0m] Reached target [0;1;39mcloud-config.target[0m - Cloud-config availability.
[   16.376196] cloud-init[811]: |*+.              |
[[0;32m  OK  [0m] Reached target [0;1;39mnetwork-online.target[0m - Network is Online.
[   16.391127] cloud-init[811]: |++               |
[[0;32m  OK  [0m] Reached target [0;1;39msysinit.target[0m - System Initialization.
[   16.406211] cloud-init[811]: |=++              |
[[0;32m  OK  [0m] Started [0;1;39mnvidia-cdi-refresh.path[0m - …r toolkit install / upgrade events.
[   16.419155] cloud-init[811]: |oE.o   .   .     |
[[0;32m  OK  [0m] Started [0;1;39mgce-workload-cert-refresh.…[0mWorkload Certificate refresh timer.
[   16.435125] cloud-init[811]: |+ @.  . S . o    |
[[0;32m  OK  [0m] Started [0;1;39mgoogle-oslogin-cache.timer[0m - NSS cache refresh timer.
[   16.451114] cloud-init[811]: |.=.o . . + o     |
[[0;32m  OK  [0m] Started [0;1;39msystemd-tmpfiles-clean.tim…[0my Cleanup of Temporary Directories.
[   16.465115] cloud-init[811]: |ooo = = o +      |
[[0;32m  OK  [0m] Started [0;1;39mupdate-notifier-download.t…[0mhat failed at package install time.
[   16.481138] cloud-init[811]: | oo+ * * =       |
[[0;32m  OK  [0m] Reached target [0;1;39mpaths.target[0m - Path Units.
[   16.497113] cloud-init[811]: |  o.+.+ o        |
[[0;32m  OK  [0m] Listening on [0;1;39mcloud-init-hotplugd.s…t[0m - cloud-init hotplug hook socket.
[   16.510113] cloud-init[811]: +----[SHA256]-----+
[[0;32m  OK  [0m] Listening on [0;1;39mdbus.socket[0m - D-Bus System Message Bus Socket.
[   16.526107] cloud-init[811]: Generating public/private ecdsa key pair.
         Starting [0;1;39mdocker.socket[0m - Docker Socket for the API...
[   16.542129] cloud-init[811]: Your identification has been saved in /etc/ssh/ssh_host_ecdsa_key
[   16.560128] cloud-init[811]: Your public key has been saved in /etc/ssh/ssh_host_ecdsa_key.pub
[   16.571296] cloud-init[811]: The key fingerprint is:
[   16.571510] cloud-init[811]: SHA256:LeJG6og7OWtqlJKMt3DaG9XLP+e4z1e28S/s3Fggo2g root@loadgen-1bhr
[[0;32m  OK  [0m] Listening on [0;1;39miscsid.socket[0m - Open-iSCSI iscsid Socket.
[   16.571638] cloud-init[811]: The key's randomart image is:
[   16.571669] cloud-init[811]: +---[ECDSA 256]---+
         Starting [0;1;39mlxd-installer.socket[0m - He…er to install lxd snap on demand...
[   16.607167] cloud-init[811]: |                 |
[   16.622157] cloud-init[811]: |                 |
[   16.628094] cloud-init[811]: |                 |
[   16.628151] cloud-init[811]: |     .   .       |
         Starting [0;1;39msnapd.socket[0m - Socket activation for snappy daemon...
[   16.628265] cloud-init[811]: |o.. . + S . o .  |
[[0;32m  OK  [0m] Listening on [0;1;39mssh.socket[0m - OpenBSD Secure Shell server socket.
[   16.653233] cloud-init[811]: |=+o. = o o . o+. |
[[0;32m  OK  [0m] Listening on [0;1;39muuidd.socket[0m - UUID daemon activation socket.
[   16.668155] cloud-init[811]: |oB... = E .  + +.|
[[0;32m  OK  [0m] Finished [0;1;39mblk-availability.service[0m - Availability of block devices.
[   16.683424] cloud-init[811]: |=+o+ . o.o. ..++.|
[[0;32m  OK  [0m] Listening on [0;1;39mdocker.socket[0m - Docker Socket for the API.
[   16.698143] cloud-init[811]: |O=o..   +*+. .+.+|
[[0;32m  OK  [0m] Listening on [0;1;39mlxd-installer.socket[0m …lper to install lxd snap on demand.
[   16.711127] cloud-init[811]: +----[SHA256]-----+
[[0;32m  OK  [0m] Listening on [0;1;39msnapd.socket[0m - Socket activation for snappy daemon.
[   16.727194] cloud-init[811]: Generating public/private ed25519 key pair.
[[0;32m  OK  [0m] Reached target [0;1;39msockets.target[0m - Socket Units.
[   16.743068] cloud-init[811]: Your identification has been saved in /etc/ssh/ssh_host_ed25519_key
[[0;32m  OK  [0m] Reached target [0;1;39mbasic.target[0m - Basic System.
[   16.760223] cloud-init[811]: Your public key has been saved in /etc/ssh/ssh_host_ed25519_key.pub
[   16.778208] cloud-init[811]: The key fingerprint is:
[   16.785132] cloud-init[811]: SHA256:ai9oFJL9c3Y7YfoZdgHN6mTUeyMjANkVAImoOxkiUgo root@loadgen-1bhr
         Starting [0;1;39mchrony.service[0m - chrony, an NTP client/server...
[   16.796140] cloud-init[811]: The key's randomart image is:
         Starting [0;1;39mcloud-config.service[0m - Cloud-init: Config Stage...
[   16.811218] cloud-init[811]: +--[ED25519 256]--+
[   16.811275] cloud-init[811]: |   . .o=.oo.     |
         Starting [0;1;39mdbus.service[0m - D-Bus System Message Bus...
[   16.824299] cloud-init[811]: |E o . o..  +     |
[[0;32m  OK  [0m] Started [0;1;39mdmesg.service[0m - Save initial kernel messages after boot.
[   16.837300] cloud-init[811]: |.+ o    . o +    |
[   16.837410] cloud-init[811]: |B o o    o o .   |
         Starting [0;1;39me2scrub_reap.service[0m - Re…ne ext4 Metadata Check Snapshots...
[   16.856241] cloud-init[811]: |++ . o  S = = o  |
         Starting [0;1;39mgce-workload-cert-refresh…[0mGCE Workload Certificate refresh...
[   16.871325] cloud-init[811]: |+   . o.o++. = . |
[   16.871510] cloud-init[811]: | . . .o+ ++o.    |
[[0;32m  OK  [0m] Started [0;1;39mgoogle-osconfig-agent.service[0m - Google OSConfig Agent.
[   16.890375] cloud-init[811]: |    o.....o+     |
         Starting [0;1;39mgoogle-oslogin-cache.service[0m - NSS cache refresh...
[   16.906331] cloud-init[811]: |   .   ...o.     |
         Starting [0;1;39mgrub-common.service[0m - Record successful boot for GRUB...
[   16.919355] cloud-init[811]: +----[SHA256]-----+
         Starting [0;1;39mnetworkd-dispatcher.servi…[0mcher daemon for systemd-networkd...
         Starting [0;1;39mnvidia-persistenced.service[0m - NVIDIA Persistence Daemon...
         Starting [0;1;39mnvmf-autoconnect.service[0m …ystems automatically during boot...
         Starting [0;1;39mrsyslog.service[0m - System Logging Service...
         Starting [0;1;39msecureboot-db.service[0m - Secure Boot updates for DB and DBX...
[[0;32m  OK  [0m] Reached target [0;1;39mgetty-pre.target[0m - Preparation for Logins.
         Starting [0;1;39msnapd.seeded.service[0m - Wait until snapd is fully seeded...
         Starting [0;1;39msnapd.service[0m - Snap Daemon...
         Starting [0;1;39msysstat.service[0m - Resets System Activity Logs...
         Starting [0;1;39msystemd-logind.service[0m - User Login Management...
[[0;32m  OK  [0m] Started [0;1;39mubuntu-advantage.service[0m - Ubuntu Pro Background Auto Attach.
[[0;32m  OK  [0m] Started [0;1;39mdbus.service[0m - D-Bus System Message Bus.
[[0;32m  OK  [0m] Finished [0;1;39mgce-workload-cert-refresh…[0m- GCE Workload Certificate refresh.
[[0;32m  OK  [0m] Finished [0;1;39mgoogle-oslogin-cache.service[0m - NSS cache refresh.
[[0;32m  OK  [0m] Started [0;1;39msystemd-logind.service[0m - User Login Management.
[[0;32m  OK  [0m] Started [0;1;39mnetworkd-dispatcher.servic…[0matcher daemon for systemd-networkd.
[[0;32m  OK  [0m] Started [0;1;39mnvidia-persistenced.service[0m - NVIDIA Persistence Daemon.
[[0;32m  OK  [0m] Finished [0;1;39mnvmf-autoconnect.service[0m …bsystems automatically during boot.
[[0;32m  OK  [0m] Finished [0;1;39msysstat.service[0m - Resets System Activity Logs.
[[0;32m  OK  [0m] Finished [0;1;39mgrub-common.service[0m - Record successful boot for GRUB.
[[0;32m  OK  [0m] Reached target [0;1;39mremote-fs-pre.targe…[0mreparation for Remote File Systems.
[[0;32m  OK  [0m] Reached target [0;1;39mremote-fs.target[0m - Remote File Systems.
         Starting [0;1;39mapport.service[0m - automatic crash report generation...
         Starting [0;1;39mcontainerd.service[0m - containerd container runtime...
[   17.221264] cloud-init[1031]: Cloud-init v. 25.3-0ubuntu1~24.04.1 running 'modules:config' at Fri, 15 May 2026 02:51:59 +0000. Up 17.16 seconds.
[[0;32m  OK  [0m] Started [0;1;39mcron.service[0m - Regular background program processing daemon.
         Starting [0;1;39mgrub-initrd-fallback.service[0m - GRUB failed boot detection...
         Starting [0;1;39msystemd-hostnamed.service[0m - Hostname Service...
         Starting [0;1;39msystemd-user-sessions.service[0m - Permit User Sessions...
[[0;32m  OK  [0m] Started [0;1;39mchrony.service[0m - chrony, an NTP client/server.
[[0;32m  OK  [0m] Finished [0;1;39msecureboot-db.service[0m - Secure Boot updates for DB and DBX.
[[0;32m  OK  [0m] Finished [0;1;39msystemd-user-sessions.service[0m - Permit User Sessions.
[[0;32m  OK  [0m] Finished [0;1;39mgrub-initrd-fallback.service[0m - GRUB failed boot detection.
[[0;32m  OK  [0m] Started [0;1;39mrsyslog.service[0m - System Logging Service.
2026-05-15T02:51:59.413664+00:00 loadgen-1bhr systemd[1]: Mounted dev-hugepages.mount - Huge Pages File System.
2026-05-15T02:51:59.413873+00:00 loadgen-1bhr systemd[1]: Mounted dev-mqueue.mount - POSIX Message Queue File System.
2026-05-15T02:51:59.413907+00:00 loadgen-1bhr systemd[1]: Mounted sys-kernel-debug.mount - Kernel Debug File System.
2026-05-15T02:51:59.413912+00:00 loadgen-1bhr systemd[1]: Mounted sys-kernel-tracing.mount - Kernel Trace File System.
2026-05-15T02:51:59.413917+00:00 loadgen-1bhr systemd[1]: Finished kmod-static-nodes.service - Create List of Static Device Nodes.
2026-05-15T02:51:59.413945+00:00 loadgen-1bhr systemd[1]: modprobe@configfs.service: Deactivated successfully.
2026-05-15T02:51:59.413950+00:00 loadgen-1bhr systemd[1]: Finished modprobe@configfs.service - Load Kernel Module configfs.
2026-05-15T02:51:59.413954+00:00 loadgen-1bhr systemd[1]: modprobe@dm_mod.service: Deactivated successfully.
2026-05-15T02:51:59.413959+00:00 loadgen-1bhr kernel: Linux version 6.17.0-1013-gcp (buildd@lcy02-amd64-034) (x86_64-linux-gnu-gcc-13 (Ubuntu 13.3.0-6ubuntu2~24.04.1) 13.3.0, GNU ld (GNU Binutils for Ubuntu) 2.42) #13~24.04.1-Ubuntu SMP Thu Apr 16 02:10:24 UTC 2026 (Ubuntu 6.17.0-1013.13~24.04.1-gcp 6.17.13)
2026-05-15T02:51:59.413962+00:00 loadgen-1bhr systemd[1]: Finished modprobe@dm_mod.service - Load Kernel Module dm_mod.
2026-05-15T02:51:59.413967+00:00 loadgen-1bhr kernel: Command line: BOOT_IMAGE=/vmlinuz-6.17.0-1013-gcp root=PARTUUID=6624332c-1f00-4e51-a0bf-94661fe17234 ro console=ttyS0,115200 panic=-1
2026-05-15T02:51:59.413968+00:00 loadgen-1bhr kernel: KERNEL supported cpus:
2026-05-15T02:51:59.413968+00:00 loadgen-1bhr kernel:   Intel GenuineIntel
2026-05-15T02:51:59.413969+00:00 loadgen-1bhr kernel:   AMD AuthenticAMD
2026-05-15T02:51:59.413969+00:00 loadgen-1bhr kernel:   Hygon HygonGenuine
2026-05-15T02:51:59.413967+00:00 loadgen-1bhr systemd[1]: modprobe@drm.service: Deactivated successfully.
2026-05-15T02:51:59.413970+00:00 loadgen-1bhr kernel:   Centaur CentaurHauls
2026-05-15T02:51:59.413973+00:00 loadgen-1bhr kernel:   zhaoxin   Shanghai  
2026-05-15T02:51:59.413974+00:00 loadgen-1bhr kernel: x86/CPU: Model not found in latest microcode list
2026-05-15T02:51:59.413976+00:00 loadgen-1bhr kernel: BIOS-provided physical RAM map:
2026-05-15T02:51:59.413973+00:00 loadgen-1bhr systemd[1]: Finished modprobe@drm.service - Load Kernel Module drm.
2026-05-15T02:51:59.413977+00:00 loadgen-1bhr kernel: BIOS-e820: [mem 0x0000000000000000-0x0000000000000fff] reserved
2026-05-15T02:51:59.413978+00:00 loadgen-1bhr kernel: BIOS-e820: [mem 0x0000000000001000-0x0000000000054fff] usable
2026-05-15T02:51:59.413978+00:00 loadgen-1bhr kernel: BIOS-e820: [mem 0x0000000000055000-0x000000000005ffff] reserved
2026-05-15T02:51:59.413982+00:00 loadgen-1bhr kernel: BIOS-e820: [mem 0x0000000000060000-0x0000000000097fff] usable
2026-05-15T02:51:59.413980+00:00 loadgen-1bhr systemd[1]: modprobe@efi_pstore.service: Deactivated successfully.
2026-05-15T02:51:59.413982+00:00 loadgen-1bhr kernel: BIOS-e820: [mem 0x0000000000098000-0x000000000009ffff] reserved
2026-05-15T02:51:59.413986+00:00 loadgen-1bhr kernel: BIOS-e820: [mem 0x0000000000100000-0x00000000bd254fff] usable
2026-05-15T02:51:59.413986+00:00 loadgen-1bhr kernel: BIOS-e820: [mem 0x00000000bd255000-0x00000000bd25ffff] ACPI data
2026-05-15T02:51:59.413987+00:00 loadgen-1bhr kernel: BIOS-e820: [mem 0x00000000bd260000-0x00000000bf8ecfff] usable
2026-05-15T02:51:59.413987+00:00 loadgen-1bhr kernel: BIOS-e820: [mem 0x00000000bf8ed000-0x00000000bfb6cfff] reserved
2026-05-15T02:51:59.413988+00:00 loadgen-1bhr kernel: BIOS-e820: [mem 0x00000000bfb6d000-0x00000000bfb7efff] ACPI data
2026-05-15T02:51:59.413987+00:00 loadgen-1bhr systemd[1]: Finished modprobe@efi_pstore.service - Load Kernel Module efi_pstore.
2026-05-15T02:51:59.413991+00:00 loadgen-1bhr kernel: BIOS-e820: [mem 0x00000000bfb7f000-0x00000000bfbfefff] ACPI NVS
2026-05-15T02:51:59.413992+00:00 loadgen-1bhr kernel: BIOS-e820: [mem 0x00000000bfbff000-0x00000000bffdffff] usable
2026-05-15T02:51:59.413992+00:00 loadgen-1bhr kernel: BIOS-e820: [mem 0x00000000bffe0000-0x00000000bfffffff] reserved
2026-05-15T02:51:59.413993+00:00 loadgen-1bhr kernel: BIOS-e820: [mem 0x0000000100000000-0x000000103fffffff] usable
2026-05-15T02:51:59.413993+00:00 loadgen-1bhr kernel: NX (Execute Disable) protection: active
2026-05-15T02:51:59.413993+00:00 loadgen-1bhr kernel: APIC: Static calls initialized
2026-05-15T02:51:59.413996+00:00 loadgen-1bhr kernel: efi: EFI v2.7 by EDK II
2026-05-15T02:51:59.413997+00:00 loadgen-1bhr kernel: efi: TPMFinalLog=0xbfbf7000 ACPI=0xbfb7e000 ACPI 2.0=0xbfb7e014 SMBIOS=0xbf9ca000 MEMATTR=0xbd260018 MOKvar=0xbf9c8000 RNG=0xbfb72018 TPMEventLog=0xbd255018 
2026-05-15T02:51:59.413993+00:00 loadgen-1bhr systemd[1]: modprobe@fuse.service: Deactivated successfully.
2026-05-15T02:51:59.413999+00:00 loadgen-1bhr kernel: random: crng init done
2026-05-15T02:51:59.414000+00:00 loadgen-1bhr kernel: SMBIOS 2.4 present.
2026-05-15T02:51:59.414000+00:00 loadgen-1bhr kernel: DMI: Google Google Compute Engine/Google Compute Engine, BIOS Google 04/21/2026
2026-05-15T02:51:59.414001+00:00 loadgen-1bhr kernel: DMI: Memory slots populated: 4/4
2026-05-15T02:51:59.414004+00:00 loadgen-1bhr kernel: secureboot: Secure boot disabled
2026-05-15T02:51:59.414003+00:00 loadgen-1bhr systemd[1]: Finished modprobe@fuse.service - Load Kernel Module fuse.
2026-05-15T02:51:59.414004+00:00 loadgen-1bhr kernel: Hypervisor detected: KVM
2026-05-15T02:51:59.414008+00:00 loadgen-1bhr kernel: last_pfn = 0xbffe0 max_arch_pfn = 0x400000000
2026-05-15T02:51:59.414009+00:00 loadgen-1bhr kernel: kvm-clock: Using msrs 4b564d01 and 4b564d00
2026-05-15T02:51:59.414009+00:00 loadgen-1bhr kernel: kvm-clock: using sched offset of 14747888214 cycles
2026-05-15T02:51:59.414010+00:00 loadgen-1bhr kernel: clocksource: kvm-clock: mask: 0xffffffffffffffff max_cycles: 0x1cd42e4dffb, max_idle_ns: 881590591483 ns
2026-05-15T02:51:59.414010+00:00 loadgen-1bhr kernel: tsc: Detected 2299.998 MHz processor
2026-05-15T02:51:59.414010+00:00 loadgen-1bhr systemd-fsck[309]: cloudimg-rootfs: clean, 171994/6422528 files, 2139514/12844795 blocks
2026-05-15T02:51:59.414013+00:00 loadgen-1bhr kernel: e820: update [mem 0x00000000-0x00000fff] usable ==> reserved
2026-05-15T02:51:59.414014+00:00 loadgen-1bhr kernel: e820: remove [mem 0x000a0000-0x000fffff] usable
2026-05-15T02:51:59.414015+00:00 loadgen-1bhr kernel: last_pfn = 0x1040000 max_arch_pfn = 0x400000000
2026-05-15T02:51:59.414015+00:00 loadgen-1bhr kernel: MTRR map: 3 entries (2 fixed + 1 variable; max 18), built from 8 variable MTRRs
2026-05-15T02:51:59.414016+00:00 loadgen-1bhr kernel: x86/PAT: Configuration [0-7]: WB  WC  UC- UC  WB  WP  UC- WT  
2026-05-15T02:51:59.414016+00:00 loadgen-1bhr kernel: last_pfn = 0xbffe0 max_arch_pfn = 0x400000000
2026-05-15T02:51:59.414015+00:00 loadgen-1bhr systemd[1]: modprobe@loop.service: Deactivated successfully.
2026-05-15T02:51:59.414019+00:00 loadgen-1bhr kernel: Using GB pages for direct mapping
2026-05-15T02:51:59.414020+00:00 loadgen-1bhr kernel: secureboot: Secure boot disabled
2026-05-15T02:51:59.414021+00:00 loadgen-1bhr kernel: ACPI: Early table checksum verification disabled
2026-05-15T02:51:59.414021+00:00 loadgen-1bhr kernel: ACPI: RSDP 0x00000000BFB7E014 000024 (v02 Google)
2026-05-15T02:51:59.414021+00:00 loadgen-1bhr kernel: ACPI: XSDT 0x00000000BFB7D0E8 00005C (v01 Google GOOGFACP 00000001      01000013)
2026-05-15T02:51:59.414020+00:00 loadgen-1bhr systemd[1]: Finished modprobe@loop.service - Load Kernel Module loop.
2026-05-15T02:51:59.414022+00:00 loadgen-1bhr kernel: ACPI: FACP 0x00000000BFB78000 0000F4 (v02 Google GOOGFACP 00000001 GOOG 00000001)
2026-05-15T02:51:59.414027+00:00 loadgen-1bhr systemd[1]: modprobe@nvme_fabrics.service: Deactivated successfully.
2026-05-15T02:51:59.414028+00:00 loadgen-1bhr kernel: ACPI: DSDT 0x00000000BFB79000 001A64 (v01 Google GOOGDSDT 00000001 GOOG 00000001)
2026-05-15T02:51:59.414031+00:00 loadgen-1bhr kernel: ACPI: FACS 0x00000000BFBF1000 000040
2026-05-15T02:51:59.414032+00:00 loadgen-1bhr kernel: ACPI: SSDT 0x00000000BFB7C000 000316 (v02 GOOGLE Tpm2Tabl 00001000 INTL 20250807)
2026-05-15T02:51:59.414032+00:00 loadgen-1bhr kernel: [[0;32m  OK  [0m] Started [0;1;39msystemd-hostnamed.service[0m - Hostname Service.
ACPI: TPM2 0x00000000BFB7B000 000034 (v04 GOOGLE          00000001 GOOG 00000001)
2026-05-15T02:51:59.414033+00:00 loadgen-1bhr kernel: ACPI: SRAT 0x00000000BFB77000 000228 (v03 Google GOOGSRAT 00000001 GOOG 00000001)
2026-05-15T02:51:59.414033+00:00 loadgen-1bhr kernel: ACPI: APIC 0x00000000BFB76000 000126 (v05 Google GOOGAPIC 00000001 GOOG 00000001)
2026-05-15T02:51:59.414034+00:00 loadgen-1bhr kernel: ACPI: SSDT 0x00000000BFB74000 0011D6 (v01 Google GOOGSSDT 00000001 GOOG 00000001)
2026-05-15T02:51:59.414037+00:00 loadgen-1bhr kernel: ACPI: WAET 0x00000000BFB73000 000028 (v01 Google GOOGWAET 00000001 GOOG 00000001)
2026-05-15T02:51:59.414033+00:00 loadgen-1bhr systemd[1]: Finished modprobe@nvme_fabrics.service - Load Kernel Module nvme_fabrics.
2026-05-15T02:51:59.414037+00:00 loadgen-1bhr kernel: ACPI: Reserving FACP table memory at [mem 0xbfb78000-0xbfb780f3]
2026-05-15T02:51:59.414040+00:00 loadgen-1bhr kernel: ACPI: Reserving DSDT table memory at [mem 0xbfb79000-0xbfb7aa63]
2026-05-15T02:51:59.414040+00:00 loadgen-1bhr kernel: ACPI: Reserving FACS table memory at [mem 0xbfbf1000-0xbfbf103f]
2026-05-15T02:51:59.414040+00:00 loadgen-1bhr kernel: ACPI: Reserving SSDT table memory at [mem 0xbfb7c000-0xbfb7c315]
2026-05-15T02:51:59.414041+00:00 loadgen-1bhr kernel: ACPI: Reserving TPM2 table memory at [mem 0xbfb7b000-0xbfb7b033]
2026-05-15T02:51:59.414044+00:00 loadgen-1bhr kernel: ACPI: Reserving SRAT table memory at [mem 0xbfb77000-0xbfb77227]
2026-05-15T02:51:59.414041+00:00 loadgen-1bhr systemd-modules-load[306]: Inserted module 'dm_multipath'
2026-05-15T02:51:59.414045+00:00 loadgen-1bhr kernel: ACPI: Reserving APIC table memory at [mem 0xbfb76000-0xbfb76125]
2026-05-15T02:51:59.414045+00:00 loadgen-1bhr kernel: ACPI: Reserving SSDT table memory at [mem 0xbfb74000-0xbfb751d5]
2026-05-15T02:51:59.414046+00:00 loadgen-1bhr kernel: ACPI: Reserving WAET table memory at [mem 0xbfb73000-0xbfb73027]
2026-05-15T02:51:59.414046+00:00 loadgen-1bhr kernel: ACPI: SRAT: Node 0 PXM 0 [mem 0x00000000-0x0009ffff]
2026-05-15T02:51:59.414047+00:00 loadgen-1bhr kernel: ACPI: SRAT: Node 0 PXM 0 [mem 0x00100000-0xbfffffff]
2026-05-15T02:51:59.414047+00:00 loadgen-1bhr kernel: ACPI: SRAT: Node 0 PXM 0 [mem 0x100000000-0x103fffffff]
2026-05-15T02:51:59.414047+00:00 loadgen-1bhr systemd[1]: Finished systemd-fsck-root.service - File System Check on Root Device.
2026-05-15T02:51:59.414050+00:00 loadgen-1bhr kernel: NUMA: Node 0 [mem 0x00001000-0x0009ffff] + [mem 0x00100000-0xbfffffff] -> [mem 0x00001000-0xbfffffff]
2026-05-15T02:51:59.414051+00:00 loadgen-1bhr kernel: NUMA: Node 0 [mem 0x00001000-0xbfffffff] + [mem 0x100000000-0x103fffffff] -> [mem 0x00001000-0x103fffffff]
2026-05-15T02:51:59.414052+00:00 loadgen-1bhr kernel: NODE_DATA(0) allocated [mem 0x103ffd52c0-0x103fffffff]
2026-05-15T02:51:59.414052+00:00 loadgen-1bhr kernel: Zone ranges:
2026-05-15T02:51:59.414053+00:00 loadgen-1bhr kernel:   DMA      [mem 0x0000000000001000-0x0000000000ffffff]
2026-05-15T02:51:59.414053+00:00 loadgen-1bhr kernel:   DMA32    [mem 0x0000000001000000-0x00000000ffffffff]
2026-05-15T02:51:59.414053+00:00 loadgen-1bhr systemd[1]: Finished keyboard-setup.service - Set the console keyboard layout.
2026-05-15T02:51:59.414056+00:00 loadgen-1bhr kernel:   Normal   [mem 0x0000000100000000-0x000000103fffffff]
2026-05-15T02:51:59.414057+00:00 loadgen-1bhr kernel:   Device   empty
2026-05-15T02:51:59.414058+00:00 loadgen-1bhr kernel: Movable zone start for each node
2026-05-15T02:51:59.414058+00:00 loadgen-1bhr kernel: Early memory node ranges
2026-05-15T02:51:59.414059+00:00 loadgen-1bhr kernel:   node   0: [mem 0x0000000000001000-0x0000000000054fff]
2026-05-15T02:51:59.414058+00:00 loadgen-1bhr systemd[1]: Finished systemd-modules-load.service - Load Kernel Modules.
2026-05-15T02:51:59.414059+00:00 loadgen-1bhr kernel:   node   0: [mem 0x0000000000060000-0x0000000000097fff]
2026-05-15T02:51:59.414065+00:00 loadgen-1bhr kernel:   node   0: [mem 0x0000000000100000-0x00000000bd254fff]
2026-05-15T02:51:59.414064+00:00 loadgen-1bhr systemd[1]: Mounting sys-fs-fuse-[[0;32m  OK  [0m] Started [0;1;39mcontainerd.service[0m - containerd container runtime.
connections.mount - FUSE Control File System...
2026-05-15T02:51:59.414065+00:00 loadgen-1bhr kernel:   node   0: [mem 0x00000000bd260000-0x00000000bf8ecfff]
2026-05-15T02:51:59.414068+00:00 loadgen-1bhr kernel:   node   0: [mem 0x00000000bfbff000-0x00000000bffdffff]
2026-05-15T02:51:59.414069+00:00 loadgen-1bhr kernel:   node   0: [mem 0x0000000100000000-0x000000103fffffff]
2026-05-15T02:51:59.414069+00:00 loadgen-1bhr kernel: Initmem setup node 0 [mem 0x0000000000001000-0x000000103fffffff]
2026-05-15T02:51:59.414070+00:00 loadgen-1bhr kernel: On node 0, zone DMA: 1 pages in unavailable ranges
2026-05-15T02:51:59.414073+00:00 loadgen-1bhr kernel: On node 0, zone DMA: 11 pages in unavailable ranges
2026-05-15T02:51:59.414073+00:00 loadgen-1bhr kernel: On node 0, zone DMA: 104 pages in unavailable ranges
2026-05-15T02:51:59.414074+00:00 loadgen-1bhr kernel: On node 0, zone DMA32: 11 pages in unavailable ranges
2026-05-15T02:51:59.414074+00:00 loadgen-1bhr kernel: On node 0, zone DMA32: 786 pages in unavailable ranges
2026-05-15T02:51:59.414075+00:00 loadgen-1bhr kernel: On node 0, zone Normal: 32 pages in unavailable ranges
2026-05-15T02:51:59.414070+00:00 loadgen-1bhr systemd[1]: Mounting sys-kernel-config.mount - Kernel Configuration File System...
2026-05-15T02:51:59.414077+00:00 loadgen-1bhr kernel: ACPI: PM-Timer IO Port: 0xb008
2026-05-15T02:51:59.414077+00:00 loadgen-1bhr kernel: ACPI: LAPIC_NMI (acpi_id[0xff] dfl dfl lint[0x1])
2026-05-15T02:51:59.414081+00:00 loadgen-1bhr kernel: IOAPIC[0]: apic_id 0, version 17, address 0xfec00000, GSI 0-23
2026-05-15T02:51:59.414081+00:00 loadgen-1bhr kernel: ACPI: INT_SRC_OVR (bus 0 bus_irq 5 global_irq 5 high level)
2026-05-15T02:51:59.414081+00:00 loadgen-1bhr kernel: ACPI: INT_SRC_OVR (bus 0 bus_irq 9 global_irq 9 high level)
2026-05-15T02:51:59.414080+00:00 loadgen-1bhr systemd[1]: Started systemd-fsckd.service - File System Check Daemon to report status.
2026-05-15T02:51:59.414082+00:00 loadgen-1bhr kernel: ACPI: INT_SRC_OVR (bus 0 bus_irq 10 global_irq 10 high level)
2026-05-15T02:51:59.414085+00:00 loadgen-1bhr kernel: ACPI: INT_SRC_OVR (bus 0 bus_irq 11 global_irq 11 high level)
2026-05-15T02:51:59.414085+00:00 loadgen-1bhr kernel: ACPI: Using ACPI (MADT) for SMP configuration information
2026-05-15T02:51:59.414088+00:00 loadgen-1bhr kernel: CPU topo: Max. logical packages:   1
2026-05-15T02:51:59.414087+00:00 loadgen-1bhr systemd[1]: Starting systemd-remount-fs.service - Remount Root and Kernel File Systems...
2026-05-15T02:51:59.414089+00:00 loadgen-1bhr kernel: CPU topo: Max. logical dies:       1
2026-05-15T02:51:59.414090+00:00 loadgen-1bhr kernel: CPU topo: Max. dies per package:   1
2026-05-15T02:51:59.414090+00:00 loadgen-1bhr kernel: CPU topo: Max. threads per core:   2
2026-05-15T02:51:59.414091+00:00 loadgen-1bhr kernel: CPU topo: Num. cores per package:    12
2026-05-15T02:51:59.414092+00:00 loadgen-1bhr systemd[1]: systemd-repart.service - Repartition Root Disk was skipped because no trigger condition checks were met.
2026-05-15T02:51:59.414097+00:00 loadgen-1bhr systemd[1]: Starting systemd-sysctl.service - Apply Kernel Variables...
2026-05-15T02:51:59.414118+00:00 loadgen-1bhr systemd[1]: Starting systemd-tmpfiles-setup-dev-early.service - Create Static Device Nodes in /dev gracefully...
2026-05-15T02:51:59.414125+00:00 loadgen-1bhr systemd[1]: Finished lvm2-monitor.service - Monitoring of LVM2 mirrors, snapshots etc. using dmeventd or progress polling.
2026-05-15T02:51:59.414136+00:00 loadgen-1bhr systemd[1]: Mounted sys-fs-fuse-connections.mount - FUSE Control File System.
2026-05-15T02:51:59.414143+00:00 loadgen-1bhr systemd[1]: Mounted sys-kernel-config.mount - Kernel Configuration File System.
2026-05-15T02:51:59.414149+00:00 loadgen-1bhr systemd[1]: Finished systemd-sysctl.service - Apply Kernel Variables.
2026-05-15T02:51:59.414155+00:00 loadgen-1bhr kernel: CPU topo: Num. threads per package:  24
2026-05-15T02:51:59.414156+00:00 loadgen-1bhr kernel: CPU topo: Allowing 24 present CPUs plus 0 hotplug CPUs
2026-05-15T02:51:59.414159+00:00 loadgen-1bhr kernel: PM: hibernation: Registered nosave memory: [mem 0x00000000-0x00000fff]
2026-05-15T02:51:59.414156+00:00 loadgen-1bhr systemd[1]: Finished systemd-tmpfiles-setup-dev-early.service - Create Static Device Nodes in /dev gracefully.
2026-05-15T02:51:59.414159+00:00 loadgen-1bhr kernel: PM: hibernation: Registered nosave memory: [mem 0x00055000-0x0005ffff]
2026-05-15T02:51:59.414162+00:00 loadgen-1bhr kernel: PM: hibernation: Registered nosave memory: [mem 0x00098000-0x000fffff]
2026-05-15T02:51:59.414163+00:00 loadgen-1bhr kernel: PM: hibernation: Registered nosave memory: [mem 0xbd255000-0xbd25ffff]
2026-05-15T02:51:59.414163+00:00 loadgen-1bhr kernel: PM: hibernation: Registered nosave memory: [mem 0xbf8ed000-0xbfbfefff]
2026-05-15T02:51:59.414164+00:00 loadgen-1bhr kernel: PM: hibernation: Registered nosave memory: [mem 0xbffe0000-0xffffffff]
2026-05-15T02:51:59.414167+00:00 loadgen-1bhr kernel: [mem 0xc0000000-0xffffffff] available for PCI devices
2026-05-15T02:51:59.414167+00:00 loadgen-1bhr kernel: Booting paravirtualized kernel on KVM
2026-05-15T02:51:59.414168+00:00 loadgen-1bhr kernel: clocksource: refined-jiffies: mask: 0xffffffff max_cycles: 0xffffffff, max_idle_ns: 1910969940391419 ns
2026-05-15T02:51:59.414168+00:00 loadgen-1bhr kernel: setup_percpu: NR_CPUS:8192 nr_cpumask_bits:24 nr_cpu_ids:24 nr_node_ids:1
2026-05-15T02:51:59.414169+00:00 loadgen-1bhr kernel: percpu: Embedded 84 pages/cpu s221184 r8192 d114688 u524288
2026-05-15T02:51:59.414169+00:00 loadgen-1bhr kernel: pcpu-alloc: s221184 r8192 d114688 u524288 alloc=1*2097152
2026-05-15T02:51:59.414165+00:00 loadgen-1bhr systemd[1]: Finished systemd-remount-fs.service - Remount Root and Kernel File Systems.
2026-05-15T02:51:59.414172+00:00 loadgen-1bhr kernel: pcpu-alloc: [0] 00 01 02 03 [0] 04 05 06 07 
2026-05-15T02:51:59.414173+00:00 loadgen-1bhr kernel: pcpu-alloc: [0] 08 09 10 11 [0] 12 13 14 15 
2026-05-15T02:51:59.414174+00:00 loadgen-1bhr kernel: pcpu-alloc: [0] 16 17 18 19 [0] 20 21 22 23 
2026-05-15T02:51:59.414174+00:00 loadgen-1bhr kernel: kvm-guest: PV spinlocks enabled
2026-05-15T02:51:59.414174+00:00 loadgen-1bhr kernel: PV qspinlock hash table entries: 256 (order: 0, 4096 bytes, linear)
2026-05-15T02:51:59.414175+00:00 loadgen-1bhr kernel: Kernel command line: BOOT_IMAGE=/vmlinuz-6.17.0-1013-gcp root=PARTUUID=6624332c-1f00-4e51-a0bf-94661fe17234 ro console=ttyS0,115200 panic=-1
2026-05-15T02:51:59.414175+00:00 loadgen-1bhr systemd[1]: Starting multipathd.service - Device-Mapper Multipath Device Controller...
2026-05-15T02:51:59.414178+00:00 loadgen-1bhr kernel: printk: log buffer data + meta data: 262144 + 917504 = 1179648 bytes
2026-05-15T02:51:59.414181+00:00 loadgen-1bhr kernel: Dentry cache hash table entries: 8388608 (order: 14, 67108864 bytes, linear)
2026-05-15T02:51:59.414182+00:00 loadgen-1bhr kernel: Inode-cache hash table entries: 4194304 (order: 13, 33554432 bytes, linear)
2026-05-15T02:51:59.414182+00:00 loadgen-1bhr kernel: software IO TLB: area num 32.
2026-05-15T02:51:59.414183+00:00 loadgen-1bhr kernel: Fallback order for Node 0: 0 
2026-05-15T02:51:59.414183+00:00 loadgen-1bhr kernel: Built 1 zonelists, mobility grouping on.  Total pages: 16776271
2026-05-15T02:51:59.414184+00:00 loadgen-1bhr kernel: Policy zone: Normal
2026-05-15T02:51:59.414187+00:00 loadgen-1bhr kernel: mem auto-init: stack:all(zero), heap alloc:on, heap free:off
2026-05-15T02:51:59.414187+00:00 loadgen-1bhr kernel: SLUB: HWalign=64, Order=0-3, MinObjects=0, CPUs=24, Nodes=1
2026-05-15T02:51:59.414184+00:00 loadgen-1bhr systemd[1]: systemd-hwdb-update.service - Rebuild Hardware Database was skipped because of an unmet condition check (ConditionNeedsUpdate=/etc).
2026-05-15T02:51:59.414188+00:00 loadgen-1bhr kernel: Kernel/User page tables isolation: enabled
2026-05-15T02:51:59.414191+00:00 loadgen-1bhr kernel: ftrace: allocating 61994 entries in 244 pages
2026-05-15T02:51:59.414191+00:00 loadgen-1bhr kernel: ftrace: allocated 244 pages with 5 groups
2026-05-15T02:51:59.414191+00:00 loadgen-1bhr kernel: rcu: Hierarchical RCU implementation.
2026[[0;32m  OK  [0m] Finished [0;1;39me2scrub_reap.service[0m - Re…line ext4 Metadata Check Snapshots.
-05-15T02:51:59.414195+00:00 loadgen-1bhr kernel: rcu: 	RCU restricting CPUs from NR_CPUS=8192 to nr_cpu_ids=24.
2026-05-15T02:51:59.414195+00:00 loadgen-1bhr kernel: 	Rude variant of Tasks RCU enabled.
2026-05-15T02:51:59.414195+00:00 loadgen-1bhr kernel: 	Tracing variant of Tasks RCU enabled.
2026-05-15T02:51:59.414193+00:00 loadgen-1bhr systemd[1]: Starting systemd-journal-flush.service - Flush Journal to Persistent Storage...
2026-05-15T02:51:59.414196+00:00 loadgen-1bhr kernel: rcu: RCU calculated value of scheduler-enlistment delay is 100 jiffies.
2026-05-15T02:51:59.414201+00:00 loadgen-1bhr kernel: rcu: Adjusting geometry for rcu_fanout_leaf=16, nr_cpu_ids=24
2026-05-15T02:51:59.414202+00:00 loadgen-1bhr kernel: RCU Tasks Rude: Setting shift to 5 and lim to 1 rcu_task_cb_adjust=1 rcu_task_cpu_ids=24.
2026-05-15T02:51:59.414202+00:00 loadgen-1bhr kernel: RCU Tasks Trace: Setting shift to 5 and lim to 1 rcu_task_cb_adjust=1 rcu_task_cpu_ids=24.
2026-05-15T02:51:59.414205+00:00 loadgen-1bhr kernel: NR_IRQS: 524544, nr_irqs: 616, preallocated irqs: 16
2026-05-15T02:51:59.414206+00:00 loadgen-1bhr kernel: rcu: srcu_init: Setting srcu_struct sizes based on contention.
2026-05-15T02:51:59.414206+00:00 loadgen-1bhr kernel: Console: colour dummy device 80x25
2026-05-15T02:51:59.414203+00:00 loadgen-1bhr systemd[1]: systemd-pstore.service - Platform Persistent Storage Archival was skipped because of an unmet condition check (ConditionDirectoryNotEmpty=/sys/fs/pstore).
2026-05-15T02:51:59.414208+00:00 loadgen-1bhr kernel: printk: legacy console [ttyS0] enabled
2026-05-15T02:51:59.414211+00:00 loadgen-1bhr kernel: ACPI: Core revision 20250404
2026-05-15T02:51:59.414211+00:00 loadgen-1bhr kernel: APIC: Switch to symmetric I/O mode setup
2026-05-15T02:51:59.414215+00:00 loadgen-1bhr kernel: x2apic enabled
2026-05-15T02:51:59.414215+00:00 loadgen-1bhr kernel: APIC: Switched APIC routing to: physical x2apic
2026-05-15T02:51:59.414216+00:00 loadgen-1bhr kernel: ..TIMER: vector=0x30 apic1=0 pin1=0 apic2=-1 pin2=-1
2026-05-15T02:51:59.414213+00:00 loadgen-1bhr systemd[1]: Starting systemd-random-seed.service - Load/Save OS Random Seed...
2026-05-15T02:51:59.414216+00:00 loadgen-1bhr kernel: clocksource: tsc-early: mask: 0xffffffffffffffff max_cycles: 0x212733415c7, max_idle_ns: 440795236380 ns
2026-05-15T02:51:59.414219+00:00 loadgen-1bhr kernel: Calibrating delay loop (skipped) preset value.. 4599.99 BogoMIPS (lpj=2299998)
2026-05-15T02:51:59.414220+00:00 loadgen-1bhr kernel: Last level iTLB entries: 4KB 1024, 2MB 1024, 4MB 1024
2026-05-15T02:51:59.414223+00:00 loadgen-1bhr kernel: Last level dTLB entries: 4KB 1024, 2MB 1024, 4MB 1024, 1GB 4
2026-05-15T02:51:59.414223+00:00 loadgen-1bhr kernel: mitigations: Enabled attack vectors: user_kernel, user_user, guest_host, guest_guest, SMT mitigations: auto
2026-05-15T02:51:59.414224+00:00 loadgen-1bhr kernel: Speculative Store Bypass: Mitigation: Speculative Store Bypass disabled via prctl
2026-05-15T02:51:59.414225+00:00 loadgen-1bhr kernel: Spectre V2 : Mitigation: IBRS
2026-05-15T02:51:59.414226+00:00 loadgen-1bhr kernel: RETBleed: Mitigation: IBRS
2026-05-15T02:51:59.414226+00:00 loadgen-1bhr kernel: ITS: Mitigation: Aligned branch/return thunks
2026-05-15T02:51:59.414230+00:00 loadgen-1bhr kernel: Spectre V2 : User space: Mitigation: STIBP via prctl
2026-05-15T02:51:59.414230+00:00 loadgen-1bhr kernel: MDS: Mitigation: Clear CPU buffers
2026-05-15T02:51:59.414230+00:00 loadgen-1bhr kernel: MMIO Stale Data: Vulnerable: Clear CPU buffers attempted, no microcode
2026-05-15T02:51:59.414221+00:00 loadgen-1bhr systemd[1]: systemd-sysusers.service - Create System Users was skipped because no trigger condition checks were met.
2026-05-15T02:51:59.414231+00:00 loadgen-1bhr kernel: Spectre V1 : Mitigation: usercopy/swapgs barriers and __user pointer sanitization
2026-05-15T02:51:59.414234+00:00 loadgen-1bhr kernel: Spectre V2 : Spectre v2 / SpectreRSB: Filling RSB on context switch and VMEXIT
2026-05-15T02:51:59.414234+00:00 loadgen-1bhr kernel: Spectre V2 : mitigation: Enabling conditional Indirect Branch Prediction Barrier
2026-05-15T02:51:59.414235+00:00 loadgen-1bhr kernel: active return thunk: its_return_thunk
2026-05-15T02:51:59.414238+00:00 loadgen-1bhr kernel: Spectre V2 : Spectre BHI mitigation: SW BHB clearing on syscall and VM exit
2026-05-15T02:51:59.414236+00:00 loadgen-1bhr systemd[1]: Starting systemd-tmpfiles-setup-dev.service - Create Static Device Nodes in /dev...
2026-05-15T02:51:59.414238+00:00 loadgen-1bhr kernel: x86/fpu: Supporting XSAVE feature 0x001: 'x87 floating point registers'
2026-05-15T02:51:59.414240+00:00 loadgen-1bhr kernel: x86/fpu: Supporting XSAVE feature 0x002: 'SSE registers'
2026-05-15T02:51:59.414241+00:00 loadgen-1bhr kernel: x86/fpu: Supporting XSAVE feature 0x004: 'AVX registers'
2026-05-15T02:51:59.414241+00:00 loadgen-1bhr kernel: x86/fpu: xstate_offset[2]:  576, xstate_sizes[2]:  256
2026-05-15T02:51:59.414242+00:00 loadgen-1bhr kernel: x86/fpu: Enabled xstate features 0x7, context size is 832 bytes, using 'standard' format.
2026-05-15T02:51:59.414245+00:00 loadgen-1bhr kernel: Freeing SMP alternatives memory: 52K
2026-05-15T02:51:59.414245+00:00 loadgen-1bhr kernel: pid_max: default: 32768 minimum: 301
2026-05-15T02:51:59.414246+00:00 loadgen-1bhr kernel: LSM: initializing lsm=lockdown,capability,landlock,yama,apparmor,ima,evm
2026-05-15T02:51:59.414243+00:00 loadgen-1bhr systemd[1]: systemd-tpm2-setup.service - TPM2 SRK Setup was skipped because of an unmet condition check (ConditionSecurity=measured-uki).
2026-05-15T02:51:59.414247+00:00 loadgen-1bhr kernel: landlock: Up and running.
2026-05-15T02:51:59.414248+00:00 loadgen-1bhr kernel: Yama: becoming mindful.
2026-05-15T02:51:59.414249+00:00 loadgen-1bhr kernel: AppArmor: AppArmor initialized
2026-05-15T02:51:59.414249+00:00 loadgen-1bhr kernel: Mount-cache hash table entries: 131072 (order: 8, 1048576 bytes, linear)
2026-05-15T02:51:59.414256+00:00 loadgen-1bhr kernel: Mountpoint-cache hash table entries: 131072 (order: 8, 1048576 bytes, linear)
2026-05-15T02:51:59.414256+00:00 loadgen-1bhr kernel: smpboot: CPU0: Intel(R) Xeon(R) CPU @ 2.30GHz (family: 0x6, model: 0x3f, stepping: 0x0)
2026-05-15T02:51:59.414257+00:00 loadgen-1bhr kernel: Performance Events: unsupported CPU family 6 model 63 no PMU driver, software events only.
2026-05-15T02:51:59.414257+00:00 loadgen-1bhr kernel: signal: max sigframe size: 1776
2026-05-15T02:51:59.414258+00:00 loadgen-1bhr kernel: rcu: Hierarchical SRCU implementation.
2026-05-15T02:51:59.414258+00:00 loadgen-1bhr kernel: rcu: 	Max phase no-delay instances is 400.
2026-05-15T02:51:59.414261+00:00 loadgen-1bhr kernel: Timer migration: 2 hierarchy levels; 8 children per group; 2 crossnode level
2026-05-15T02:51:59.414261+00:00 loadgen-1bhr kernel: NMI watchdog: Perf NMI watchdog permanently disabled
2026-05-15T02:51:59.414262+00:00 loadgen-1bhr kernel: smp: Bringing up secondary CPUs ...
2026-05-15T02:51:59.414262+00:00 loadgen-1bhr kernel: smpboot: x86: Booting SMP configuration:
2026-05-15T02:51:59.414263+00:00 loadgen-1bhr kernel: .... node  #0, CPUs:        #1  #2  #3  #4  #5  #6  #7  #8  #9 #10 #11 #12 #13 #14 #15 #16 #17 #18 #19 #20 #21 #22 #23
2026-05-15T02:51:59.414263+00:00 loadgen-1bhr kernel: MDS CPU bug present and SMT on, data leak possible. See https://www.kernel.org/doc/html/latest/admin-guide/hw-vuln/mds.html for more details.
2026-05-15T02:51:59.414266+00:00 loadgen-1bhr kernel: MMIO Stale Data CPU bug present and SMT on, data leak possible. See https://www.kernel.org/doc/html/latest/admin-guide/hw-vuln/processor_mmio_stale_data.html for more details.
2026-05-15T02:51:59.414267+00:00 loadgen-1bhr kernel: smp: Brought up 1 node, 24 CPUs
2026-05-15T02:51:59.414268+00:00 loadgen-1bhr kernel: smpboot: Total of 24 processors activated (110399.90 BogoMIPS)
2026-05-15T02:51:59.414268+00:00 loadgen-1bhr kernel: Memory: 65803380K/67105084K available (22206K kernel code, 4673K rwdata, 15608K rodata, 5404K init, 6100K bss, 1277604K reserved, 0K cma-reserved)
2026-05-15T02:51:59.414269+00:00 loadgen-1bhr kernel: devtmpfs: initialized
2026-05-15T02:51:59.414269+00:00 loa[[0;32m  OK  [0m] Finished [0;1;39mapport.service[0m - automatic crash report generation.
dgen-1bhr kernel: x86/mm: Memory block size: 1024MB
2026-05-15T02:51:59.414267+00:00 loadgen-1bhr systemd[1]: Finished systemd-udev-trigger.service - Coldplug All udev Devices.
2026-05-15T02:51:59.414276+00:00 loadgen-1bhr kernel: ACPI: PM: Registering ACPI NVS region [mem 0xbfb7f000-0xbfbfefff] (524288 bytes)
2026-05-15T02:51:59.414277+00:00 loadgen-1bhr kernel: clocksource: jiffies: mask: 0xffffffff max_cycles: 0xffffffff, max_idle_ns: 1911260446275000 ns
2026-05-15T02:51:59.414278+00:00 loadgen-1bhr kernel: posixtimers hash table entries: 16384 (order: 6, 262144 bytes, linear)
2026-05-15T02:51:59.414278+00:00 loadgen-1bhr kernel: futex hash table entries: 8192 (524288 bytes on 1 NUMA nodes, total 512 KiB, linear).
2026-05-15T02:51:59.414275+00:00 loadgen-1bhr systemd[1]: Finished systemd-random-seed.service - Load/Save OS Random Seed.
2026-05-15T02:51:59.414279+00:00 loadgen-1bhr kernel: pinctrl core: initialized pinctrl subsystem
2026-05-15T02:51:59.414280+00:00 loadgen-1bhr kernel: PM: RTC time: 02:51:42, date: 2026-05-15
