2026-05-14 19:57:43,735 DEBUG    root            Loaded Command Group: ['gcloud', 'compute']
2026-05-14 19:57:43,737 DEBUG    root            Loaded Command Group: ['gcloud', 'compute', 'instances']
2026-05-14 19:57:43,738 DEBUG    root            Loaded Command Group: ['gcloud', 'compute', 'instances', 'get_serial_port_output']
2026-05-14 19:57:43,739 DEBUG    root            Running [gcloud.compute.instances.get-serial-port-output] with arguments: [--project: "env-integration-fenway", --zone: "us-central1-c", INSTANCE_NAME: "loadgen-2sqf"]
2026-05-14 19:57:43,740 DEBUG    root            On GCE from memory cache: False
2026-05-14 19:57:43,742 DEBUG    root            On GCE from memory cache: False
2026-05-14 19:57:43,837 DEBUG    urllib3.connectionpool Starting new HTTPS connection (1): compute.googleapis.com:443
2026-05-14 19:57:44,331 DEBUG    urllib3.connectionpool https://compute.googleapis.com:443 "GET /compute/v1/projects/env-integration-fenway/zones/us-central1-c/instances/loadgen-2sqf/serialPort?alt=json&port=1 HTTP/1.1" 200 None
2026-05-14 19:57:44,396 DEBUG    root            Chosen display Format:value[no-quote](contents)
2026-05-14 19:57:44,398 INFO     root            Display format: "value[no-quote](contents)"
2026-05-14 19:57:44,420 INFO     ___FILE_ONLY___ [2J[01;01H[=3h[2J[01;01H[2J[01;01H[=3h[2J[01;01HCSM BBS Table full.
BdsDxe: loading Boot0003 "Ubuntu" from PciRoot(0x0)/Pci(0x3,0x0)/Scsi(0x1,0x0)/HD(15,GPT,C848D457-4750-4825-A2CD-4EBFB870DC53,0x2800,0x35000)/\EFI\ubuntu\shimx64.efi
BdsDxe: starting Boot0003 "Ubuntu" from PciRoot(0x0)/Pci(0x3,0x0)/Scsi(0x1,0x0)/HD(15,GPT,C848D457-4750-4825-A2CD-4EBFB870DC53,0x2800,0x35000)/\EFI\ubuntu\shimx64.efi

UEFI: Attempting to start image.
Description: Ubuntu
FilePath: PciRoot(0x0)/Pci(0x3,0x0)/Scsi(0x1,0x0)/HD(15,GPT,C848D457-4750-4825-A2CD-4EBFB870DC53,0x2800,0x35000)/\EFI\ubuntu\shimx64.efi
OptionNumber: 3.

[H[J[1;1HGRUB_FORCE_PARTUUID set, attempting initrdless boot.
[    0.000000] Linux version 6.17.0-1013-gcp (buildd@lcy02-amd64-034) (x86_64-linux-gnu-gcc-13 (Ubuntu 13.3.0-6ubuntu2~24.04.1) 13.3.0, GNU ld (GNU Binutils for Ubuntu) 2.42) #13~24.04.1-Ubuntu SMP Thu Apr 16 02:10:24 UTC 2026 (Ubuntu 6.17.0-1013.13~24.04.1-gcp 6.17.13)
[    0.000000] Command line: BOOT_IMAGE=/vmlinuz-6.17.0-1013-gcp root=PARTUUID=6624332c-1f00-4e51-a0bf-94661fe17234 ro console=ttyS0,115200 panic=-1
[    0.000000] KERNEL supported cpus:
[    0.000000]   Intel GenuineIntel
[    0.000000]   AMD AuthenticAMD
[    0.000000]   Hygon HygonGenuine
[    0.000000]   Centaur CentaurHauls
[    0.000000]   zhaoxin   Shanghai  
[    0.000000] x86/CPU: Model not found in latest microcode list
[    0.000000] BIOS-provided physical RAM map:
[    0.000000] BIOS-e820: [mem 0x0000000000000000-0x0000000000000fff] reserved
[    0.000000] BIOS-e820: [mem 0x0000000000001000-0x0000000000054fff] usable
[    0.000000] BIOS-e820: [mem 0x0000000000055000-0x000000000005ffff] reserved
[    0.000000] BIOS-e820: [mem 0x0000000000060000-0x0000000000097fff] usable
[    0.000000] BIOS-e820: [mem 0x0000000000098000-0x000000000009ffff] reserved
[    0.000000] BIOS-e820: [mem 0x0000000000100000-0x00000000bd254fff] usable
[    0.000000] BIOS-e820: [mem 0x00000000bd255000-0x00000000bd25ffff] ACPI data
[    0.000000] BIOS-e820: [mem 0x00000000bd260000-0x00000000bf8ecfff] usable
[    0.000000] BIOS-e820: [mem 0x00000000bf8ed000-0x00000000bfb6cfff] reserved
[    0.000000] BIOS-e820: [mem 0x00000000bfb6d000-0x00000000bfb7efff] ACPI data
[    0.000000] BIOS-e820: [mem 0x00000000bfb7f000-0x00000000bfbfefff] ACPI NVS
[    0.000000] BIOS-e820: [mem 0x00000000bfbff000-0x00000000bffdffff] usable
[    0.000000] BIOS-e820: [mem 0x00000000bffe0000-0x00000000bfffffff] reserved
[    0.000000] BIOS-e820: [mem 0x0000000100000000-0x000000103fffffff] usable
[    0.000000] NX (Execute Disable) protection: active
[    0.000000] APIC: Static calls initialized
[    0.000000] efi: EFI v2.7 by EDK II
[    0.000000] efi: TPMFinalLog=0xbfbf7000 ACPI=0xbfb7e000 ACPI 2.0=0xbfb7e014 SMBIOS=0xbf9ca000 MEMATTR=0xbd260018 MOKvar=0xbf9c8000 RNG=0xbfb72018 TPMEventLog=0xbd255018 
[    0.000000] random: crng init done
[    0.000000] SMBIOS 2.4 present.
[    0.000000] DMI: Google Google Compute Engine/Google Compute Engine, BIOS Google 04/21/2026
[    0.000000] DMI: Memory slots populated: 4/4
[    0.000000] secureboot: Secure boot disabled
[    0.000000] Hypervisor detected: KVM
[    0.000000] last_pfn = 0xbffe0 max_arch_pfn = 0x400000000
[    0.000000] kvm-clock: Using msrs 4b564d01 and 4b564d00
[    0.000001] kvm-clock: using sched offset of 15138751994 cycles
[    0.000003] clocksource: kvm-clock: mask: 0xffffffffffffffff max_cycles: 0x1cd42e4dffb, max_idle_ns: 881590591483 ns
[    0.000006] tsc: Detected 2299.998 MHz processor
[    0.000087] last_pfn = 0x1040000 max_arch_pfn = 0x400000000
[    0.000125] MTRR map: 3 entries (2 fixed + 1 variable; max 18), built from 8 variable MTRRs
[    0.000128] x86/PAT: Configuration [0-7]: WB  WC  UC- UC  WB  WP  UC- WT  
[    0.000174] last_pfn = 0xbffe0 max_arch_pfn = 0x400000000
[    0.016810] Using GB pages for direct mapping
[    0.017231] secureboot: Secure boot disabled
[    0.017234] ACPI: Early table checksum verification disabled
[    0.017238] ACPI: RSDP 0x00000000BFB7E014 000024 (v02 Google)
[    0.017245] ACPI: XSDT 0x00000000BFB7D0E8 00005C (v01 Google GOOGFACP 00000001      01000013)
[    0.017253] ACPI: FACP 0x00000000BFB78000 0000F4 (v02 Google GOOGFACP 00000001 GOOG 00000001)
[    0.017261] ACPI: DSDT 0x00000000BFB79000 001A64 (v01 Google GOOGDSDT 00000001 GOOG 00000001)
[    0.017267] ACPI: FACS 0x00000000BFBF1000 000040
[    0.017271] ACPI: SSDT 0x00000000BFB7C000 000316 (v02 GOOGLE Tpm2Tabl 00001000 INTL 20250807)
[    0.017276] ACPI: TPM2 0x00000000BFB7B000 000034 (v04 GOOGLE          00000001 GOOG 00000001)
[    0.017282] ACPI: SRAT 0x00000000BFB77000 000228 (v03 Google GOOGSRAT 00000001 GOOG 00000001)
[    0.017287] ACPI: APIC 0x00000000BFB76000 000126 (v05 Google GOOGAPIC 00000001 GOOG 00000001)
[    0.017291] ACPI: SSDT 0x00000000BFB74000 0011D6 (v01 Google GOOGSSDT 00000001 GOOG 00000001)
[    0.017296] ACPI: WAET 0x00000000BFB73000 000028 (v01 Google GOOGWAET 00000001 GOOG 00000001)
[    0.017300] ACPI: Reserving FACP table memory at [mem 0xbfb78000-0xbfb780f3]
[    0.017302] ACPI: Reserving DSDT table memory at [mem 0xbfb79000-0xbfb7aa63]
[    0.017303] ACPI: Reserving FACS table memory at [mem 0xbfbf1000-0xbfbf103f]
[    0.017304] ACPI: Reserving SSDT table memory at [mem 0xbfb7c000-0xbfb7c315]
[    0.017305] ACPI: Reserving TPM2 table memory at [mem 0xbfb7b000-0xbfb7b033]
[    0.017306] ACPI: Reserving SRAT table memory at [mem 0xbfb77000-0xbfb77227]
[    0.017307] ACPI: Reserving APIC table memory at [mem 0xbfb76000-0xbfb76125]
[    0.017309] ACPI: Reserving SSDT table memory at [mem 0xbfb74000-0xbfb751d5]
[    0.017310] ACPI: Reserving WAET table memory at [mem 0xbfb73000-0xbfb73027]
[    0.017469] ACPI: SRAT: Node 0 PXM 0 [mem 0x00000000-0x0009ffff]
[    0.017473] ACPI: SRAT: Node 0 PXM 0 [mem 0x00100000-0xbfffffff]
[    0.017477] ACPI: SRAT: Node 0 PXM 0 [mem 0x100000000-0x103fffffff]
[    0.017485] NUMA: Node 0 [mem 0x00001000-0x0009ffff] + [mem 0x00100000-0xbfffffff] -> [mem 0x00001000-0xbfffffff]
[    0.017490] NUMA: Node 0 [mem 0x00001000-0xbfffffff] + [mem 0x100000000-0x103fffffff] -> [mem 0x00001000-0x103fffffff]
[    0.017519] NODE_DATA(0) allocated [mem 0x103ffd52c0-0x103fffffff]
[    0.017775] Zone ranges:
[    0.017775]   DMA      [mem 0x0000000000001000-0x0000000000ffffff]
[    0.017777]   DMA32    [mem 0x0000000001000000-0x00000000ffffffff]
[    0.017779]   Normal   [mem 0x0000000100000000-0x000000103fffffff]
[    0.017781]   Device   empty
[    0.017782] Movable zone start for each node
[    0.017785] Early memory node ranges
[    0.017785]   node   0: [mem 0x0000000000001000-0x0000000000054fff]
[    0.017787]   node   0: [mem 0x0000000000060000-0x0000000000097fff]
[    0.017788]   node   0: [mem 0x0000000000100000-0x00000000bd254fff]
[    0.017789]   node   0: [mem 0x00000000bd260000-0x00000000bf8ecfff]
[    0.017790]   node   0: [mem 0x00000000bfbff000-0x00000000bffdffff]
[    0.017791]   node   0: [mem 0x0000000100000000-0x000000103fffffff]
[    0.017797] Initmem setup node 0 [mem 0x0000000000001000-0x000000103fffffff]
[    0.017868] On node 0, zone DMA: 1 pages in unavailable ranges
[    0.017870] On node 0, zone DMA: 11 pages in unavailable ranges
[    0.017896] On node 0, zone DMA: 104 pages in unavailable ranges
[    0.023036] On node 0, zone DMA32: 11 pages in unavailable ranges
[    0.023052] On node 0, zone DMA32: 786 pages in unavailable ranges
[    0.128948] On node 0, zone Normal: 32 pages in unavailable ranges
[    0.129617] ACPI: PM-Timer IO Port: 0xb008
[    0.129642] ACPI: LAPIC_NMI (acpi_id[0xff] dfl dfl lint[0x1])
[    0.129729] IOAPIC[0]: apic_id 0, version 17, address 0xfec00000, GSI 0-23
[    0.129733] ACPI: INT_SRC_OVR (bus 0 bus_irq 5 global_irq 5 high level)
[    0.129736] ACPI: INT_SRC_OVR (bus 0 bus_irq 9 global_irq 9 high level)
[    0.129737] ACPI: INT_SRC_OVR (bus 0 bus_irq 10 global_irq 10 high level)
[    0.129738] ACPI: INT_SRC_OVR (bus 0 bus_irq 11 global_irq 11 high level)
[    0.129745] ACPI: Using ACPI (MADT) for SMP configuration information
[    0.129751] CPU topo: Max. logical packages:   1
[    0.129752] CPU topo: Max. logical dies:       1
[    0.129753] CPU topo: Max. dies per package:   1
[    0.129758] CPU topo: Max. threads per core:   2
[    0.129759] CPU topo: Num. cores per package:    12
[    0.129760] CPU topo: Num. threads per package:  24
[    0.129761] CPU topo: Allowing 24 present CPUs plus 0 hotplug CPUs
[    0.129788] PM: hibernation: Registered nosave memory: [mem 0x00000000-0x00000fff]
[    0.129791] PM: hibernation: Registered nosave memory: [mem 0x00055000-0x0005ffff]
[    0.129792] PM: hibernation: Registered nosave memory: [mem 0x00098000-0x000fffff]
[    0.129794] PM: hibernation: Registered nosave memory: [mem 0xbd255000-0xbd25ffff]
[    0.129796] PM: hibernation: Registered nosave memory: [mem 0xbf8ed000-0xbfbfefff]
[    0.129798] PM: hibernation: Registered nosave memory: [mem 0xbffe0000-0xffffffff]
[    0.129800] [mem 0xc0000000-0xffffffff] available for PCI devices
[    0.129802] Booting paravirtualized kernel on KVM
[    0.129804] clocksource: refined-jiffies: mask: 0xffffffff max_cycles: 0xffffffff, max_idle_ns: 1910969940391419 ns
[    0.129813] setup_percpu: NR_CPUS:8192 nr_cpumask_bits:24 nr_cpu_ids:24 nr_node_ids:1
[    0.131552] percpu: Embedded 84 pages/cpu s221184 r8192 d114688 u524288
[    0.131609] kvm-guest: PV spinlocks enabled
[    0.131611] PV qspinlock hash table entries: 256 (order: 0, 4096 bytes, linear)
[    0.131615] Kernel command line: BOOT_IMAGE=/vmlinuz-6.17.0-1013-gcp root=PARTUUID=6624332c-1f00-4e51-a0bf-94661fe17234 ro console=ttyS0,115200 panic=-1
[    0.131676] printk: log buffer data + meta data: 262144 + 917504 = 1179648 bytes
[    0.137989] Dentry cache hash table entries: 8388608 (order: 14, 67108864 bytes, linear)
[    0.141236] Inode-cache hash table entries: 4194304 (order: 13, 33554432 bytes, linear)
[    0.141832] software IO TLB: area num 32.
[    0.154200] Fallback order for Node 0: 0 
[    0.154206] Built 1 zonelists, mobility grouping on.  Total pages: 16776271
[    0.154207] Policy zone: Normal
[    0.154216] mem auto-init: stack:all(zero), heap alloc:on, heap free:off
[    0.304970] SLUB: HWalign=64, Order=0-3, MinObjects=0, CPUs=24, Nodes=1
[    0.305032] Kernel/User page tables isolation: enabled
[    0.317484] ftrace: allocating 61994 entries in 244 pages
[    0.317487] ftrace: allocated 244 pages with 5 groups
[    0.317878] rcu: Hierarchical RCU implementation.
[    0.317879] rcu: 	RCU restricting CPUs from NR_CPUS=8192 to nr_cpu_ids=24.
[    0.317881] 	Rude variant of Tasks RCU enabled.
[    0.317881] 	Tracing variant of Tasks RCU enabled.
[    0.317882] rcu: RCU calculated value of scheduler-enlistment delay is 100 jiffies.
[    0.317883] rcu: Adjusting geometry for rcu_fanout_leaf=16, nr_cpu_ids=24
[    0.317912] RCU Tasks Rude: Setting shift to 5 and lim to 1 rcu_task_cb_adjust=1 rcu_task_cpu_ids=24.
[    0.317917] RCU Tasks Trace: Setting shift to 5 and lim to 1 rcu_task_cb_adjust=1 rcu_task_cpu_ids=24.
[    0.321943] NR_IRQS: 524544, nr_irqs: 616, preallocated irqs: 16
[    0.322261] rcu: srcu_init: Setting srcu_struct sizes based on contention.
[    0.322380] Console: colour dummy device 80x25
[    0.322442] printk: legacy console [ttyS0] enabled
[    0.485249] ACPI: Core revision 20250404
[    0.486166] APIC: Switch to symmetric I/O mode setup
[    0.487678] x2apic enabled
[    0.491739] APIC: Switched APIC routing to: physical x2apic
[    0.497855] ..TIMER: vector=0x30 apic1=0 pin1=0 apic2=-1 pin2=-1
[    0.499349] clocksource: tsc-early: mask: 0xffffffffffffffff max_cycles: 0x212733415c7, max_idle_ns: 440795236380 ns
[    0.501182] Calibrating delay loop (skipped) preset value.. 4599.99 BogoMIPS (lpj=2299998)
[    0.502482] Last level iTLB entries: 4KB 1024, 2MB 1024, 4MB 1024
[    0.503179] Last level dTLB entries: 4KB 1024, 2MB 1024, 4MB 1024, 1GB 4
[    0.504199] mitigations: Enabled attack vectors: user_kernel, user_user, guest_host, guest_guest, SMT mitigations: auto
[    0.505181] Speculative Store Bypass: Mitigation: Speculative Store Bypass disabled via prctl
[    0.506180] Spectre V2 : Mitigation: IBRS
[    0.506786] RETBleed: Mitigation: IBRS
[    0.507179] ITS: Mitigation: Aligned branch/return thunks
[    0.508179] Spectre V2 : User space: Mitigation: STIBP via prctl
[    0.509179] MDS: Mitigation: Clear CPU buffers
[    0.510178] MMIO Stale Data: Vulnerable: Clear CPU buffers attempted, no microcode
[    0.511179] Spectre V1 : Mitigation: usercopy/swapgs barriers and __user pointer sanitization
[    0.512182] Spectre V2 : Spectre v2 / SpectreRSB: Filling RSB on context switch and VMEXIT
[    0.513185] Spectre V2 : mitigation: Enabling conditional Indirect Branch Prediction Barrier
[    0.514186] active return thunk: its_return_thunk
[    0.515179] Spectre V2 : Spectre BHI mitigation: SW BHB clearing on syscall and VM exit
[    0.516194] x86/fpu: Supporting XSAVE feature 0x001: 'x87 floating point registers'
[    0.517179] x86/fpu: Supporting XSAVE feature 0x002: 'SSE registers'
[    0.518180] x86/fpu: Supporting XSAVE feature 0x004: 'AVX registers'
[    0.519180] x86/fpu: xstate_offset[2]:  576, xstate_sizes[2]:  256
[    0.520179] x86/fpu: Enabled xstate features 0x7, context size is 832 bytes, using 'standard' format.
[    0.590090] Freeing SMP alternatives memory: 52K
[    0.590184] pid_max: default: 32768 minimum: 301
[    0.591304] LSM: initializing lsm=lockdown,capability,landlock,yama,apparmor,ima,evm
[    0.592197] landlock: Up and running.
[    0.593179] Yama: becoming mindful.
[    0.594241] AppArmor: AppArmor initialized
[    0.596195] Mount-cache hash table entries: 131072 (order: 8, 1048576 bytes, linear)
[    0.597357] Mountpoint-cache hash table entries: 131072 (order: 8, 1048576 bytes, linear)
[    0.701252] smpboot: CPU0: Intel(R) Xeon(R) CPU @ 2.30GHz (family: 0x6, model: 0x3f, stepping: 0x0)
[    0.703263] Performance Events: unsupported CPU family 6 model 63 no PMU driver, software events only.
[    0.704273] signal: max sigframe size: 1776
[    0.705240] rcu: Hierarchical SRCU implementation.
[    0.706179] rcu: 	Max phase no-delay instances is 400.
[    0.707271] Timer migration: 2 hierarchy levels; 8 children per group; 2 crossnode level
[    0.710735] NMI watchdog: Perf NMI watchdog permanently disabled
[    0.711535] smp: Bringing up secondary CPUs ...
[    0.713372] smpboot: x86: Booting SMP configuration:
[    0.714182] .... node  #0, CPUs:        #1  #2  #3  #4  #5  #6  #7  #8  #9 #10 #11 #12 #13 #14 #15 #16 #17 #18 #19 #20 #21 #22 #23
[    0.726553] MDS CPU bug present and SMT on, data leak possible. See https://www.kernel.org/doc/html/latest/admin-guide/hw-vuln/mds.html for more details.
[    0.728183] MMIO Stale Data CPU bug present and SMT on, data leak possible. See https://www.kernel.org/doc/html/latest/admin-guide/hw-vuln/processor_mmio_stale_data.html for more details.
[    0.735200] smp: Brought up 1 node, 24 CPUs
[    0.736180] smpboot: Total of 24 processors activated (110399.90 BogoMIPS)
[    0.739370] Memory: 65803356K/67105084K available (22206K kernel code, 4673K rwdata, 15608K rodata, 5404K init, 6100K bss, 1277616K reserved, 0K cma-reserved)
[    0.743598] devtmpfs: initialized
[    0.744272] x86/mm: Memory block size: 1024MB
[    0.747693] ACPI: PM: Registering ACPI NVS region [mem 0xbfb7f000-0xbfbfefff] (524288 bytes)
[    0.749211] clocksource: jiffies: mask: 0xffffffff max_cycles: 0xffffffff, max_idle_ns: 1911260446275000 ns
[    0.750241] posixtimers hash table entries: 16384 (order: 6, 262144 bytes, linear)
[    0.751300] futex hash table entries: 8192 (524288 bytes on 1 NUMA nodes, total 512 KiB, linear).
[    0.752383] pinctrl core: initialized pinctrl subsystem
[    0.753444] PM: RTC time: 02:51:43, date: 2026-05-15
[    0.756071] NET: Registered PF_NETLINK/PF_ROUTE protocol family
[    0.757250] DMA: preallocated 4096 KiB GFP_KERNEL pool for atomic allocations
[    0.759474] DMA: preallocated 4096 KiB GFP_KERNEL|GFP_DMA pool for atomic allocations
[    0.761796] DMA: preallocated 4096 KiB GFP_KERNEL|GFP_DMA32 pool for atomic allocations
[    0.762194] audit: initializing netlink subsys (disabled)
[    0.763218] audit: type=2000 audit(1778813503.603:1): state=initialized audit_enabled=0 res=1
[    0.763447] thermal_sys: Registered thermal governor 'fair_share'
[    0.764180] thermal_sys: Registered thermal governor 'bang_bang'
[    0.765180] thermal_sys: Registered thermal governor 'step_wise'
[    0.766180] thermal_sys: Registered thermal governor 'user_space'
[    0.767180] thermal_sys: Registered thermal governor 'power_allocator'
[    0.768198] cpuidle: using governor ladder
[    0.770188] cpuidle: using governor menu
[    0.771252] acpiphp: ACPI Hot Plug PCI Controller Driver version: 0.5
[    0.772459] PCI: Using configuration type 1 for base access
[    0.773326] kprobes: kprobe jump-optimization is enabled. All kprobes are optimized if possible.
[    0.774379] HugeTLB: registered 1.00 GiB page size, pre-allocated 0 pages
[    0.775181] HugeTLB: 16380 KiB vmemmap can be freed for a 1.00 GiB page
[    0.776180] HugeTLB: registered 2.00 MiB page size, pre-allocated 0 pages
[    0.777180] HugeTLB: 28 KiB vmemmap can be freed for a 2.00 MiB page
[    0.781904] ACPI: Added _OSI(Module Device)
[    0.782181] ACPI: Added _OSI(Processor Device)
[    0.783183] ACPI: Added _OSI(Processor Aggregator Device)
[    0.788527] ACPI: 3 ACPI AML tables successfully acquired and loaded
[    0.793009] ACPI: Interpreter enabled
[    0.793201] ACPI: PM: (supports S0 S3 S4 S5)
[    0.794182] ACPI: Using IOAPIC for interrupt routing
[    0.795523] PCI: Using host bridge windows from ACPI; if necessary, use "pci=nocrs" and report a bug
[    0.796180] PCI: Ignoring E820 reservations for host bridge windows
[    0.797554] ACPI: Enabled 16 GPEs in block 00 to 0F
[    0.805430] ACPI: PCI Root Bridge [PCI0] (domain 0000 [bus 00-ff])
[    0.806186] acpi PNP0A03:00: _OSC: OS supports [ASPM ClockPM Segments MSI EDR HPX-Type3]
[    0.807184] acpi PNP0A03:00: _OSC: not requesting OS control; OS requires [ExtendedConfig ASPM ClockPM MSI]
[    0.808200] acpi PNP0A03:00: fail to add MMCONFIG information, can't access extended configuration space under this bridge
[    0.810843] PCI host bridge to bus 0000:00
[    0.811186] pci_bus 0000:00: root bus resource [io  0x0000-0x0cf7 window]
[    0.812181] pci_bus 0000:00: root bus resource [io  0x0d00-0xffff window]
[    0.813180] pci_bus 0000:00: root bus resource [mem 0x000a0000-0x000bffff window]
[    0.814180] pci_bus 0000:00: root bus resource [mem 0xc0000000-0xc53fffff window]
[    0.815180] pci_bus 0000:00: root bus resource [mem 0xc5440000-0xee3fffff window]
[    0.816180] pci_bus 0000:00: root bus resource [mem 0xee440000-0xfebfefff window]
[    0.817180] pci_bus 0000:00: root bus resource [mem 0x1040000000-0x2103fffffff window]
[    0.818181] pci_bus 0000:00: root bus resource [bus 00-ff]
[    0.819253] pci 0000:00:00.0: [8086:1237] type 00 class 0x060000 conventional PCI endpoint
[    0.823980] pci 0000:00:01.0: [8086:7110] type 00 class 0x060100 conventional PCI endpoint
[    0.828724] pci 0000:00:01.3: [8086:7113] type 00 class 0x068000 conventional PCI endpoint
[    0.835311] pci 0000:00:01.3: quirk: [io  0xb000-0xb03f] claimed by PIIX4 ACPI
[    0.837825] pci 0000:00:03.0: [1af4:1004] type 00 class 0x000000 conventional PCI endpoint
[    0.846209] pci 0000:00:03.0: BAR 0 [io  0xc040-0xc07f]
[    0.847196] pci 0000:00:03.0: BAR 1 [mem 0xc1001000-0xc100107f]
[    0.849850] pci 0000:00:04.0: [10de:1eb8] type 00 class 0x030200 conventional PCI endpoint
[    0.864216] pci 0000:00:04.0: BAR 0 [mem 0xc0000000-0xc0ffffff]
[    0.865210] pci 0000:00:04.0: BAR 1 [mem 0x1040000000-0x104fffffff 64bit pref]
[    0.866249] pci 0000:00:04.0: BAR 3 [mem 0x1050000000-0x1051ffffff 64bit pref]
[    0.868077] pci 0000:00:05.0: [1af4:1000] type 00 class 0x020000 conventional PCI endpoint
[    0.876227] pci 0000:00:05.0: BAR 0 [io  0xc000-0xc03f]
[    0.877195] pci 0000:00:05.0: BAR 1 [mem 0xc1000000-0xc10003ff]
[    0.879376] pci 0000:00:06.0: [1af4:1005] type 00 class 0x00ff00 conventional PCI endpoint
[    0.889213] pci 0000:00:06.0: BAR 0 [io  0xc080-0xc09f]
[    0.890195] pci 0000:00:06.0: BAR 1 [mem 0xc1002000-0xc100203f]
[    0.904664] ACPI: PCI: Interrupt link LNKA configured for IRQ 10
[    0.907186] ACPI: PCI: Interrupt link LNKB configured for IRQ 10
[    0.909342] ACPI: PCI: Interrupt link LNKC configured for IRQ 11
[    0.911364] ACPI: PCI: Interrupt link LNKD configured for IRQ 11
[    0.913235] ACPI: PCI: Interrupt link LNKS configured for IRQ 9
[    0.918759] iommu: Default domain type: Translated
[    0.919181] iommu: DMA domain TLB invalidation policy: lazy mode
[    0.922229] SCSI subsystem initialized
[    0.923230] ACPI: bus type USB registered
[    0.924206] usbcore: registered new interface driver usbfs
[    0.925199] usbcore: registered new interface driver hub
[    0.926197] usbcore: registered new device driver usb
[    0.927236] pps_core: LinuxPPS API ver. 1 registered
[    0.928180] pps_core: Software ver. 5.3.6 - Copyright 2005-2007 Rodolfo Giometti <giometti@linux.it>
[    0.929185] PTP clock support registered
[    0.930239] EDAC MC: Ver: 3.0.0
[    0.932397] efivars: Registered efivars operations
[    0.933834] NetLabel: Initializing
[    0.934180] NetLabel:  domain hash size = 128
[    0.935180] NetLabel:  protocols = UNLABELED CIPSOv4 CALIPSO
[    0.937212] NetLabel:  unlabeled traffic allowed by default
[    0.938249] mctp: management component transport protocol core
[    0.939182] NET: Registered PF_MCTP protocol family
[    0.940202] PCI: Using ACPI for IRQ routing
[    0.941436] vgaarb: loaded
[    0.943476] clocksource: Switched to clocksource kvm-clock
[    0.945449] VFS: Disk quotas dquot_6.6.0
[    0.946731] VFS: Dquot-cache hash table entries: 512 (order 0, 4096 bytes)
[    0.948881] AppArmor: AppArmor Filesystem Enabled
[    0.950888] pnp: PnP ACPI init
[    0.952862] pnp: PnP ACPI: found 7 devices
[    0.961147] clocksource: acpi_pm: mask: 0xffffff max_cycles: 0xffffff, max_idle_ns: 2085701024 ns
[    0.963573] NET: Registered PF_INET protocol family
[    0.965137] IP idents hash table entries: 262144 (order: 9, 2097152 bytes, linear)
[    0.987989] tcp_listen_portaddr_hash hash table entries: 32768 (order: 7, 524288 bytes, linear)
[    0.991158] Table-perturb hash table entries: 65536 (order: 6, 262144 bytes, linear)
[    0.994170] TCP established hash table entries: 524288 (order: 10, 4194304 bytes, linear)
[    0.996861] TCP bind hash table entries: 65536 (order: 9, 2097152 bytes, linear)
[    0.998748] TCP: Hash tables configured (established 524288 bind 65536)
[    1.001178] MPTCP token hash table entries: 65536 (order: 9, 1572864 bytes, linear)
[    1.002845] UDP hash table entries: 32768 (order: 9, 2097152 bytes, linear)
[    1.004926] UDP-Lite hash table entries: 32768 (order: 9, 2097152 bytes, linear)
[    1.006451] NET: Registered PF_UNIX/PF_LOCAL protocol family
[    1.007316] NET: Registered PF_XDP protocol family
[    1.008206] pci_bus 0000:00: resource 4 [io  0x0000-0x0cf7 window]
[    1.010059] pci_bus 0000:00: resource 5 [io  0x0d00-0xffff window]
[    1.011949] pci_bus 0000:00: resource 6 [mem 0x000a0000-0x000bffff window]
[    1.013601] pci_bus 0000:00: resource 7 [mem 0xc0000000-0xc53fffff window]
[    1.014696] pci_bus 0000:00: resource 8 [mem 0xc5440000-0xee3fffff window]
[    1.015682] pci_bus 0000:00: resource 9 [mem 0xee440000-0xfebfefff window]
[    1.016752] pci_bus 0000:00: resource 10 [mem 0x1040000000-0x2103fffffff window]
[    1.017942] pci 0000:00:00.0: Limiting direct PCI/PCI transfers
[    1.019241] PCI: CLS 0 bytes, default 64
[    1.020573] PCI-DMA: Using software bounce buffering for IO (SWIOTLB)
[    1.022029] software IO TLB: mapped [mem 0x00000000b7f7f000-0x00000000bbf7f000] (64MB)
[    1.023328] clocksource: tsc: mask: 0xffffffffffffffff max_cycles: 0x212733415c7, max_idle_ns: 440795236380 ns
[    1.025011] clocksource: Switched to clocksource tsc
[    1.045592] Initialise system trusted keyrings
[    1.046334] Key type blacklist registered
[    1.047372] workingset: timestamp_bits=36 max_order=24 bucket_order=0
[    1.048852] squashfs: version 4.0 (2009/01/31) Phillip Lougher
[    1.051462] fuse: init (API version 7.44)
[    1.053594] integrity: Platform Keyring initialized
[    1.055304] integrity: Machine keyring initialized
[    1.070565] Key type asymmetric registered
[    1.071778] Asymmetric key parser 'x509' registered
[    1.072777] Block layer SCSI generic (bsg) driver version 0.4 loaded (major 242)
[    1.074826] io scheduler mq-deadline registered
[    1.078314] ledtrig-cpu: registered to indicate activity on CPUs
[    1.080843] input: Power Button as /devices/LNXSYSTM:00/LNXPWRBN:00/input/input0
[    1.082285] ACPI: button: Power Button [PWRF]
[    1.083220] input: Sleep Button as /devices/LNXSYSTM:00/LNXSLPBN:00/input/input1
[    1.085312] ACPI: button: Sleep Button [SLPF]
[    1.094196] ACPI: \_SB_.LNKC: Enabled at IRQ 11
[    1.095927] virtio-pci 0000:00:03.0: virtio_pci: leaving for legacy driver
[    1.107263] ACPI: \_SB_.LNKA: Enabled at IRQ 10
[    1.108887] virtio-pci 0000:00:05.0: virtio_pci: leaving for legacy driver
[    1.120901] ACPI: \_SB_.LNKB: Enabled at IRQ 10
[    1.122604] virtio-pci 0000:00:06.0: virtio_pci: leaving for legacy driver
[    1.130666] Serial: 8250/16550 driver, 32 ports, IRQ sharing enabled
[    1.156124] 00:03: ttyS0 at I/O 0x3f8 (irq = 4, base_baud = 115200) is a 16550A
[    1.181583] 00:04: ttyS1 at I/O 0x2f8 (irq = 3, base_baud = 115200) is a 16550A
[    1.206956] 00:05: ttyS2 at I/O 0x3e8 (irq = 6, base_baud = 115200) is a 16550A
[    1.233038] 00:06: ttyS3 at I/O 0x2e8 (irq = 7, base_baud = 115200) is a 16550A
[    1.237376] Linux agpgart interface v0.103
[    1.240204] tpm_tis MSFT0101:00: 2.0 TPM (device-id 0x9009, rev-id 0)
[    1.257583] loop: module loaded
[    1.262318] virtio_scsi virtio0: 1/0/0 default/read/poll queues
[    1.282894] scsi host0: Virtio SCSI HBA
[    1.284055] blk-mq: reduced tag depth to 10240
[    1.290748] Key type psk registered
[    1.291166] scsi 0:0:1:0: Direct-Access     Google   PersistentDisk   1    PQ: 0 ANSI: 6
[    1.292736] ACPI: bus type drm_connector registered
[    1.295623] tun: Universal TUN/TAP device driver, 1.6
[    1.452256] sd 0:0:1:0: Attached scsi generic sg0 type 0
[    1.456333] sd 0:0:1:0: [sda] 4194304000 512-byte logical blocks: (2.15 TB/1.95 TiB)
[    1.495940] sd 0:0:1:0: [sda] 4096-byte physical blocks
[    1.513588] sd 0:0:1:0: [sda] Write Protect is off
[    1.527169] sd 0:0:1:0: [sda] Write cache: enabled, read cache: enabled, doesn't support DPO or FUA
[    1.545619] PPP generic driver version 2.4.2
[    1.548706] i8042: PNP: PS/2 Controller [PNP0303:KBD,PNP0f13:MOU] at 0x60,0x64 irq 1,12
[    1.551134] i8042: Warning: Keylock active
[    1.554519] serio: i8042 KBD port at 0x60,0x64 irq 1
[    1.555951] serio: i8042 AUX port at 0x60,0x64 irq 12
[    1.557757] mousedev: PS/2 mouse device common for all mice
[    1.559598] rtc_cmos 00:00: RTC can wake from S4
[    1.562261] rtc_cmos 00:00: registered as rtc0
[    1.563603] rtc_cmos 00:00: setting system clock to 2026-05-15T02:51:44 UTC (1778813504)
[    1.566001] rtc_cmos 00:00: alarms up to one day, 114 bytes nvram
[    1.567732] i2c_dev: i2c /dev entries driver
[    1.569098] device-mapper: core: CONFIG_IMA_DISABLE_HTABLE is disabled. Duplicate IMA measurements will not be recorded in the IMA log.
[    1.572359] device-mapper: uevent: version 1.0.3
[    1.573726] device-mapper: ioctl: 4.50.0-ioctl (2025-04-28) initialised: dm-devel@lists.linux.dev
[    1.576160] GPT:Primary header thinks Alt. header is not at the end of the disk.
[    1.576293] intel_pstate: CPU model not supported
[    1.578410] GPT:104857599 != 4194303999
[    1.580141] drop_monitor: Initializing network drop monitor service
[    1.581208] GPT:Alternate GPT header not at the end of the disk.
[    1.583957] NET: Registered PF_INET6 protocol family
[    1.584798] GPT:104857599 != 4194303999
[    1.587203] Segment Routing with IPv6
[    1.587517] GPT: Use GNU Parted to correct GPT errors.
[    1.588796] In-situ OAM (IOAM) with IPv6
[    1.590166]  sda: sda1 sda14 sda15 sda16
[    1.591345] NET: Registered PF_PACKET protocol family
[    1.592717] sd 0:0:1:0: [sda] Attached SCSI disk
[    1.594194] Key type dns_resolver registered
[    1.601184] IPI shorthand broadcast: enabled
[    1.605011] sched_clock: Marking stable (1431004683, 173907539)->(1853265535, -248353313)
[    1.607834] registered taskstats version 1
[    1.611325] Loading compiled-in X.509 certificates
[    1.613394] Loaded X.509 cert 'Build time autogenerated kernel key: e45cb4cd1c398ae218369364b5dd9534d3664c1e'
[    1.616571] Loaded X.509 cert 'Canonical Ltd. Live Patch Signing 2025 Kmod: d541cef61dc7e793b7eb7e899970a2eef0b5dc8c'
[    1.620035] Loaded X.509 cert 'Canonical Ltd. Live Patch Signing: 14df34d1a87cf37625abec039ef2bf521249b969'
[    1.623355] Loaded X.509 cert 'Canonical Ltd. Kernel Module Signing: 88f752e560a1e0737e31163a466ad7b70a850c19'
[    1.626122] blacklist: Loading compiled-in revocation X.509 certificates
[    1.628079] Loaded X.509 cert 'Canonical Ltd. Secure Boot Signing: 61482aa2830d0ab2ad5af10b7250da9033ddcef0'
[    1.630996] Loaded X.509 cert 'Canonical Ltd. Secure Boot Signing (2017): 242ade75ac4a15e50d50c84b0d45ff3eae707a03'
[    1.633966] Loaded X.509 cert 'Canonical Ltd. Secure Boot Signing (ESM 2018): 365188c1d374d6b07c3c8f240f8ef722433d6a8b'
[    1.637200] Loaded X.509 cert 'Canonical Ltd. Secure Boot Signing (2019): c0746fd6c5da3ae827864651ad66ae47fe24b3e8'
[    1.640450] Loaded X.509 cert 'Canonical Ltd. Secure Boot Signing (2021 v1): a8d54bbb3825cfb94fa13c9f8a594a195c107b8d'
[    1.643221] Loaded X.509 cert 'Canonical Ltd. Secure Boot Signing (2021 v2): 4cf046892d6fd3c9a5b03f98d845f90851dc6a8c'
[    1.646188] Loaded X.509 cert 'Canonical Ltd. Secure Boot Signing (2021 v3): 100437bb6de6e469b581e61cd66bce3ef4ed53af'
[    1.649668] Loaded X.509 cert 'Canonical Ltd. Secure Boot Signing (Ubuntu Core 2019): c1d57b8f6b743f23ee41f4f7ee292f06eecadfb9'
[    1.658515] Demotion targets for Node 0: null
[    1.659996] Key type .fscrypt registered
[    1.661121] Key type fscrypt-provisioning registered
[    1.662699] Key type big_key registered
[    1.663739] Key type trusted registered
[    1.666254] Key type encrypted registered
[    1.667240] AppArmor: AppArmor sha256 policy hashing enabled
[    1.669614] integrity: Loading X.509 certificate: UEFI:db
[    1.671250] integrity: Loaded X.509 cert 'Microsoft Corporation UEFI CA 2011: 13adbf4309bd82709c8cd54f316ed522988a1bd4'
[    1.674071] integrity: Loading X.509 certificate: UEFI:db
[    1.675441] integrity: Loaded X.509 cert 'Microsoft Windows Production PCA 2011: a92902398e16c49778cd90f99e4f9ae17c55af53'
[    1.678324] integrity: Loading X.509 certificate: UEFI:db
[    1.679888] integrity: Loaded X.509 cert 'Microsoft Corporation: Windows UEFI CA 2023: aefc5fbbbe055d8f8daa585473499417ab5a5272'
[    1.682941] integrity: Loading X.509 certificate: UEFI:db
[    1.684320] integrity: Loaded X.509 cert 'Microsoft UEFI CA 2023: 81aa6b3244c935bce0d6628af39827421e32497d'
[    1.687274] integrity: Revoking X.509 certificate: UEFI:dbx
[    1.689126] blacklist: Revoked X.509 cert 'Canonical Ltd. Secure Boot Signing: 61482aa2830d0ab2ad5af10b7250da9033ddcef0'
[    1.692300] integrity: Revoking X.509 certificate: UEFI:dbx
[    1.693884] blacklist: Revoked X.509 cert 'Cisco: Virtual UEFI SubCA: 13df2e3f54ebf347dcaecebf21d3cbb2355a4c9a'
[    1.696597] integrity: Revoking X.509 certificate: UEFI:dbx
[    1.698194] blacklist: Revoked X.509 cert 'Debian Secure Boot Signer: 00a7468def'
[    1.700791] Loading compiled-in module X.509 certificates
[    1.702741] Loaded X.509 cert 'Build time autogenerated kernel key: e45cb4cd1c398ae218369364b5dd9534d3664c1e'
[    1.705126] ima: Allocated hash algorithm: sha256
[    1.747594] ima: No architecture policies found
[    1.748886] evm: Initialising EVM extended attributes:
[    1.750304] evm: security.selinux
[    1.751281] evm: security.SMACK64
[    1.752155] evm: security.SMACK64EXEC
[    1.753100] evm: security.SMACK64TRANSMUTE
[    1.754142] evm: security.SMACK64MMAP
[    1.755068] evm: security.apparmor
[    1.755940] evm: security.ima
[    1.756691] evm: security.capability
[    1.757645] evm: HMAC attrs: 0x1
[    1.759102] PM:   Magic number: 10:668:864
[    1.761015] input: AT Translated Set 2 keyboard as /devices/platform/i8042/serio0/input/input2
[    1.765839] RAS: Correctable Errors collector initialized.
[    1.780422] clk: Disabling unused clocks
[    1.781472] PM: genpd: Disabling unused power domains
[    1.783706] check access for rdinit=/init failed: -2, ignoring
[    1.784651] md: Waiting for all devices to be available before autodetect
[    1.785640] md: If you don't use raid, use raid=noautodetect
[    1.786458] md: Autodetecting RAID arrays.
[    1.787051] md: autorun ...
[    1.787466] md: ... autorun DONE.
[    1.796940] EXT4-fs (sda1): mounted filesystem 89fcf612-67c3-434b-97ea-2cfdbfe01b5b ro with ordered data mode. Quota mode: none.
[    1.798695] VFS: Mounted root (ext4 filesystem) readonly on device 8:1.
[    1.802215] devtmpfs: mounted
[    1.804836] Freeing unused decrypted memory: 2028K
[    1.807526] Freeing unused kernel image (initmem) memory: 5404K
[    1.808700] Write protecting the kernel read-only data: 38912k
[    1.810355] Freeing unused kernel image (text/rodata gap) memory: 320K
[    1.811902] Freeing unused kernel image (rodata/data gap) memory: 776K
[    1.874077] x86/mm: Checked W+X mappings: passed, no W+X pages found.
[    1.875077] x86/mm: Checking user space page tables
[    1.933191] x86/mm: Checked W+X mappings: passed, no W+X pages found.
[    1.934162] Run /sbin/init as init process
[    2.138085] systemd[1]: Inserted module 'autofs4'
[    2.295846] systemd[1]: systemd 255.4-1ubuntu8.15 running in system mode (+PAM +AUDIT +SELINUX +APPARMOR +IMA +SMACK +SECCOMP +GCRYPT -GNUTLS +OPENSSL +ACL +BLKID +CURL +ELFUTILS +FIDO2 +IDN2 -IDN +IPTC +KMOD +LIBCRYPTSETUP +LIBFDISK +PCRE2 -PWQUALITY +P11KIT +QRENCODE +TPM2 +BZIP2 +LZ4 +XZ +ZLIB +ZSTD -BPF_FRAMEWORK -XKBCOMMON +UTMP +SYSVINIT default-hierarchy=unified)
[    2.300545] systemd[1]: Detected virtualization google.
[    2.301337] systemd[1]: Detected architecture x86-64.

Welcome to [1mUbuntu 24.04.4 LTS[0m!

[    2.310010] systemd[1]: No hostname configured, using default hostname.
[    2.311206] systemd[1]: Hostname set to <localhost>.
[    2.676432] systemd[1]: Queued start job for default target graphical.target.
[    2.702203] systemd[1]: Created slice system-modprobe.slice - Slice /system/modprobe.
[[0;32m  OK  [0m] Created slice [0;1;39msystem-modprobe.slice[0m - Slice /system/modprobe.
[    2.708154] systemd[1]: Created slice system-serial\x2dgetty.slice - Slice /system/serial-getty.
[[0;32m  OK  [0m] Created slice [0;1;39msystem-serial\x2dget…slice[0m - Slice /system/serial-getty.
[    2.713508] systemd[1]: Created slice system-systemd\x2dfsck.slice - Slice /system/systemd-fsck.
[[0;32m  OK  [0m] Created slice [0;1;39msystem-systemd\x2dfs…slice[0m - Slice /system/systemd-fsck.
[    2.718389] systemd[1]: Created slice user.slice - User and Session Slice.
[[0;32m  OK  [0m] Created slice [0;1;39muser.slice[0m - User and Session Slice.
[    2.722048] systemd[1]: Started systemd-ask-password-wall.path - Forward Password Requests to Wall Directory Watch.
[[0;32m  OK  [0m] Started [0;1;39msystemd-ask-password-wall.…[0md Requests to Wall Directory Watch.
[    2.727215] systemd[1]: Set up automount proc-sys-fs-binfmt_misc.automount - Arbitrary Executable File Formats File System Automount Point.
[[0;32m  OK  [0m] Set up automount [0;1;39mproc-sys-fs-binfm…[0mormats File System Automount Point.
[    2.731979] systemd[1]: Expecting device dev-disk-by\x2dlabel-BOOT.device - /dev/disk/by-label/BOOT...
         Expecting device [0;1;39mdev-disk-by\x2dla…device[0m - /dev/disk/by-label/BOOT...
[    2.735961] systemd[1]: Expecting device dev-disk-by\x2dlabel-UEFI.device - /dev/disk/by-label/UEFI...
         Expecting device [0;1;39mdev-disk-by\x2dla…device[0m - /dev/disk/by-label/UEFI...
[    2.739967] systemd[1]: Expecting device dev-ttyS0.device - /dev/ttyS0...
         Expecting device [0;1;39mdev-ttyS0.device[0m - /dev/ttyS0...
[    2.743982] systemd[1]: Reached target integritysetup.target - Local Integrity Protected Volumes.
[[0;32m  OK  [0m] Reached target [0;1;39mintegritysetup.targ…[0m Local Integrity Protected Volumes.
[    2.747991] systemd[1]: Reached target slices.target - Slice Units.
[[0;32m  OK  [0m] Reached target [0;1;39mslices.target[0m - Slice Units.
[    2.751973] systemd[1]: Reached target snapd.mounts-pre.target - Mounting snaps.
[[0;32m  OK  [0m] Reached target [0;1;39msnapd.mounts-pre.target[0m - Mounting snaps.
[    2.755978] systemd[1]: Reached target swap.target - Swaps.
[[0;32m  OK  [0m] Reached target [0;1;39mswap.target[0m - Swaps.
[    2.758983] systemd[1]: Reached target time-set.target - System Time Set.
[[0;32m  OK  [0m] Reached target [0;1;39mtime-set.target[0m - System Time Set.
[    2.763010] systemd[1]: Reached target veritysetup.target - Local Verity Protected Volumes.
[[0;32m  OK  [0m] Reached target [0;1;39mveritysetup.target[0m - Local Verity Protected Volumes.
[    2.767062] systemd[1]: Listening on dm-event.socket - Device-mapper event daemon FIFOs.
[[0;32m  OK  [0m] Listening on [0;1;39mdm-event.socket[0m - Device-mapper event daemon FIFOs.
[    2.771162] systemd[1]: Listening on lvm2-lvmpolld.socket - LVM2 poll daemon socket.
[[0;32m  OK  [0m] Listening on [0;1;39mlvm2-lvmpolld.socket[0m - LVM2 poll daemon socket.
[    2.775127] systemd[1]: Listening on multipathd.socket - multipathd control socket.
[[0;32m  OK  [0m] Listening on [0;1;39mmultipathd.socket[0m - multipathd control socket.
[    2.779135] systemd[1]: Listening on syslog.socket - Syslog Socket.
[[0;32m  OK  [0m] Listening on [0;1;39msyslog.socket[0m - Syslog Socket.
[    2.783092] systemd[1]: Listening on systemd-fsckd.socket - fsck to fsckd communication Socket.
[[0;32m  OK  [0m] Listening on [0;1;39msystemd-fsckd.socket[0m …fsck to fsckd communication Socket.
[    2.788036] systemd[1]: Listening on systemd-initctl.socket - initctl Compatibility Named Pipe.
[[0;32m  OK  [0m] Listening on [0;1;39msystemd-initctl.socke…[0m- initctl Compatibility Named Pipe.
[    2.793112] systemd[1]: Listening on systemd-journald-dev-log.socket - Journal Socket (/dev/log).
[[0;32m  OK  [0m] Listening on [0;1;39msystemd-journald-dev-…socket[0m - Journal Socket (/dev/log).
[    2.798131] systemd[1]: Listening on systemd-journald.socket - Journal Socket.
[[0;32m  OK  [0m] Listening on [0;1;39msystemd-journald.socket[0m - Journal Socket.
[    2.802171] systemd[1]: Listening on systemd-networkd.socket - Network Service Netlink Socket.
[[0;32m  OK  [0m] Listening on [0;1;39msystemd-networkd.socket[0m - Network Service Netlink Socket.
[    2.807009] systemd[1]: systemd-pcrextend.socket - TPM2 PCR Extension (Varlink) was skipped because of an unmet condition check (ConditionSecurity=measured-uki).
[    2.809303] systemd[1]: Listening on systemd-udevd-control.socket - udev Control Socket.
[[0;32m  OK  [0m] Listening on [0;1;39msystemd-udevd-control.socket[0m - udev Control Socket.
[    2.814090] systemd[1]: Listening on systemd-udevd-kernel.socket - udev Kernel Socket.
[[0;32m  OK  [0m] Listening on [0;1;39msystemd-udevd-kernel.socket[0m - udev Kernel Socket.
[    2.836023] systemd[1]: Mounting dev-hugepages.mount - Huge Pages File System...
         Mounting [0;1;39mdev-hugepages.mount[0m - Huge Pages File System...
[    2.839802] systemd[1]: Mounting dev-mqueue.mount - POSIX Message Queue File System...
         Mounting [0;1;39mdev-mqueue.mount[0m - POSIX Message Queue File System...
[    2.845166] systemd[1]: Mounting sys-kernel-debug.mount - Kernel Debug File System...
         Mounting [0;1;39msys-kernel-debug.mount[0m - Kernel Debug File System...
[    2.850259] systemd[1]: Mounting sys-kernel-tracing.mount - Kernel Trace File System...
         Mounting [0;1;39msys-kernel-tracing.mount[0m - Kernel Trace File System...
[    2.857903] systemd[1]: Starting systemd-journald.service - Journal Service...
         Starting [0;1;39msystemd-journald.service[0m - Journal Service...
[    2.864291] systemd[1]: Starting keyboard-setup.service - Set the console keyboard layout...
         Starting [0;1;39mkeyboard-setup.service[0m - Set the console keyboard layout...
[    2.869261] systemd[1]: Starting kmod-static-nodes.service - Create List of Static Device Nodes...
         Starting [0;1;39mkmod-static-nodes.service[0m…eate List of Static Device Nodes...
[    2.873668] systemd[1]: Starting lvm2-monitor.service - Monitoring of LVM2 mirrors, snapshots etc. using dmeventd or progress polling...
         Starting [0;1;39mlvm2-monitor.service[0m - Mo…ing dmeventd or progress polling...
[    2.879635] systemd-journald[284]: Collecting audit messages is disabled.
[    2.880163] systemd[1]: Starting modprobe@configfs.service - Load Kernel Module configfs...
         Starting [0;1;39mmodprobe@configfs.service[0m - Load Kernel Module configfs...
[    2.886114] systemd[1]: Starting modprobe@dm_mod.service - Load Kernel Module dm_mod...
         Starting [0;1;39mmodprobe@dm_mod.service[0m - Load Kernel Module dm_mod...
[    2.891116] systemd[1]: Starting modprobe@drm.service - Load Kernel Module drm...
         Starting [0;1;39mmodprobe@drm.service[0m - Load Kernel Module drm...
[    2.896143] systemd[1]: Starting modprobe@efi_pstore.service - Load Kernel Module efi_pstore...
         Starting [0;1;39mmodprobe@efi_pstore.servi…[0m - Load Kernel Module efi_pstore...
[    2.900261] systemd[1]: Starting modprobe@fuse.service - Load Kernel Module fuse...
         Starting [0;1;39mmodprobe@fuse.service[0m - Load Kernel Module fuse...
[    2.905063] pstore: Using crash dump compression: deflate
[    2.905325] systemd[1]: Starting modprobe@loop.service - Load Kernel Module loop...
         Starting [0;1;39mmodprobe@loop.service[0m - Load Kernel Module loop...
[    2.911134] systemd[1]: Starting modprobe@nvme_fabrics.service - Load Kernel Module nvme_fabrics...
         Starting [0;1;39mmodprobe@nvme_fabrics.ser…[0m Load Kernel Module nvme_fabrics...
[    2.914499] pstore: Registered efi_pstore as persistent store backend
[    2.916754] systemd[1]: netplan-ovs-cleanup.service - OpenVSwitch configuration for cleanup was skipped because of an unmet condition check (ConditionFileIsExecutable=/usr/bin/ovs-vsctl).
[    2.920671] systemd[1]: Starting systemd-fsck-root.service - File System Check on Root Device...
         Starting [0;1;39msystemd-fsck-root.service[0m…File System Check on Root Device...
[    2.926693] systemd[1]: Starting systemd-modules-load.service - Load Kernel Modules...
         Starting [0;1;39msystemd-modules-load.service[0m - Load Kernel Modules...
[    2.929419] systemd[1]: systemd-pcrmachine.service - TPM2 PCR Machine ID Measurement was skipped because of an unmet condition check (ConditionSecurity=measured-uki).
[    2.931670] systemd[1]: systemd-tpm2-setup-early.service - TPM2 SRK Setup (Early) was skipped because of an unmet condition check (ConditionSecurity=measured-uki).
[    2.935086] systemd[1]: Starting systemd-udev-trigger.service - Coldplug All udev Devices...
         Starting [0;1;39msystemd-udev-trigger.service[0m - Coldplug All udev Devices...
[    2.938279] systemd[1]: Started systemd-journald.service - Journal Service.
[[0;32m  OK  [0m] Started [0;1;39msystemd-journald.service[0m - Journal Service.
[[0;32m  OK  [0m] Mounted [0;1;39mdev-hugepages.mount[0m - Huge Pages File System.
[[0;32m  OK  [0m] Mounted [0;1;39mdev-mqueue.mount[0m - POSIX Message Queue File System.
[[0;32m  OK  [0m] Mounted [0;1;39msys-kernel-debug.mount[0m - Kernel Debug File System.
[[0;32m  OK  [0m] Mounted [0;1;39msys-kernel-tracing.mount[0m - Kernel Trace File System.
[[0;32m  OK  [0m] Finished [0;1;39mkeyboard-setup.service[0m - Set the console keyboard layout.
[[0;32m  OK  [0m] Finished [0;1;39mkmod-static-nodes.service[0m…Create List of Static Device Nodes.
[[0;32m  OK  [0m] Finished [0;1;39mmodprobe@configfs.service[0m - Load Kernel Module configfs.
[[0;32m  OK  [0m] Finished [0;1;39mmodprobe@dm_mod.service[0m - Load Kernel Module dm_mod.
[[0;32m  OK  [0m] Finished [0;1;39mmodprobe@drm.service[0m - Load Kernel Module drm.
[[0;32m  OK  [0m] Finished [0;1;39mmodprobe@efi_pstore.service[0m - Load Kernel Module efi_pstore.
[[0;32m  OK  [0m] Finished [0;1;39mmodprobe@fuse.service[0m - Load Kernel Module fuse.
[[0;32m  OK  [0m] Finished [0;1;39mmodprobe@loop.service[0m - Load Kernel Module loop.
[[0;32m  OK  [0m] Finished [0;1;39mmodprobe@nvme_fabrics.ser…[0m - Load Kernel Module nvme_fabrics.
[[0;32m  OK  [0m] Finished [0;1;39msystemd-modules-load.service[0m - Load Kernel Modules.
         Mounting [0;1;39msys-fs-fuse-connections.mount[0m - FUSE Control File System...
         Mounting [0;1;39msys-kernel-config.mount[0m - Kernel Configuration File System...
[[0;32m  OK  [0m] Started [0;1;39msystemd-fsckd.service[0m - Fi…stem Check Daemon to report status.
         Starting [0;1;39msystemd-sysctl.service[0m - Apply Kernel Variables...
         Starting [0;1;39msystemd-tmpfiles-setup-de…[0m Device Nodes in /dev gracefully...
[[0;32m  OK  [0m] Finished [0;1;39msystemd-fsck-root.service[0m - File System Check on Root Device.
[[0;32m  OK  [0m] Mounted [0;1;39msys-fs-fuse-connections.mount[0m - FUSE Control File System.
[[0;32m  OK  [0m] Mounted [0;1;39msys-kernel-config.mount[0m - Kernel Configuration File System.
[[0;32m  OK  [0m] Finished [0;1;39mlvm2-monitor.service[0m - Mo…using dmeventd or progress polling.
         Starting [0;1;39msystemd-remount-fs.servic…[0munt Root and Kernel File Systems...
[[0;32m  OK  [0m] Finished [0;1;39msystemd-sysctl.service[0m - Apply Kernel Variables.
[[0;32m  OK  [0m] Finished [0;1;39msystemd-tmpfiles-setup-de…[0mic Device Nodes in /dev gracefully.
[[0;32m  OK  [0m] Finished [0;1;39msystemd-remount-fs.servic…[0mmount Root and Kernel File Systems.
         Starting [0;1;39mmultipathd.service[0m - Devi…pper Multipath Device Controller...
         Starting [0;1;39msystemd-journal-flush.ser…[0msh Journal to Persistent Storage...
         Starting [0;1;39msystemd-random-seed.service[0m - Load/Save OS Random Seed...
         Starting [0;1;39msystemd-tmpfiles-setup-de…[0meate Static Device Nodes in /dev...
[[0;32m  OK  [0m] Finished [0;1;39msystemd-udev-trigger.service[0m - Coldplug All udev Devices.
[[0;32m  OK  [0m] Finished [0;1;39msystemd-random-seed.service[0m - Load/Save OS Random Seed.
[[0;32m  OK  [0m] Finished [0;1;39msystemd-tmpfiles-setup-de…[0mCreate Static Device Nodes in /dev.
         Starting [0;1;39msystemd-udevd.service[0m - R…ager for Device Events and Files...
[[0;32m  OK  [0m] Started [0;1;39mmultipathd.service[0m - Devic…Mapper Multipath Device Controller.
[[0;32m  OK  [0m] Started [0;1;39msystemd-udevd.service[0m - Ru…anager for Device Events and Files.
[[0;32m  OK  [0m] Reached target [0;1;39mlocal-fs-pre.target[0m…Preparation for Local File Systems.
         Mounting [0;1;39msnap-core22-2411.mount[0m - …t unit for core22, revision 2411...
         Mounting [0;1;39msnap-google\x2dcloud\x2dc…[0mr google-cloud-cli, revision 448...
         Mounting [0;1;39msnap-snapd-26865.mount[0m - …t unit for snapd, revision 26865...
[[0;32m  OK  [0m] Started [0;1;39msystemd-ask-password-conso…[0mequests to Console Directory Watch.
[[0;32m  OK  [0m] Reached target [0;1;39mcryptsetup.target[0m - Local Encrypted Volumes.
[[0;32m  OK  [0m] Finished [0;1;39msystemd-journal-flush.ser…[0mlush Journal to Persistent Storage.
[[0;32m  OK  [0m] Mounted [0;1;39msnap-core22-2411.mount[0m - Mount unit for core22, revision 2411.
[[0;32m  OK  [0m] Mounted [0;1;39msnap-google\x2dcloud\x2dcl…[0mfor google-cloud-cli, revision 448.
[[0;32m  OK  [0m] Mounted [0;1;39msnap-snapd-26865.mount[0m - Mount unit for snapd, revision 26865.
[[0;32m  OK  [0m] Found device [0;1;39mdev-ttyS0.device[0m - /dev/ttyS0.
[[0;32m  OK  [0m] Found device [0;1;39mdev-disk-by\x2dlabel-UEFI.device[0m - PersistentDisk UEFI.
[[0;32m  OK  [0m] Found device [0;1;39mdev-disk-by\x2dlabel-BOOT.device[0m - PersistentDisk BOOT.
[[0;32m  OK  [0m] Reached target [0;1;39msnapd.mounts.target[0m - Mounted snaps.
[[0;32m  OK  [0m] Listening on [0;1;39msystemd-rfkill.socket[0m…ll Switch Status /dev/rfkill Watch.
[    3.592533] 
         Starting [0;1;39msystemd-fsck@dev-disk-by\…[0mCheck on /dev/disk/by-label/BOOT...
         Starting [0;1;39msystemd-fsck@dev-disk-by\…[0mCheck on /dev/disk/by-label/UEFI...
Checking in progress on 1 disk (0.0% complete)[[0;32m  OK  [0m] Finished [0;1;39msystemd-fsck@dev-disk-by\…[0mm Check on /dev/disk/by-label/BOOT.
Checking in progress on 0 disks (100.0% complete)[[0;32m  OK  [0m] Finished [0;1;39msystemd-fsck@dev-disk-by\…[0mm Check on /dev/disk/by-label/UEFI.
         Mounting [0;1;39mboot.mount[0m - /boot...
[[0;32m  OK  [0m] Mounted [0;1;39mboot.mount[0m - /boot.
         Mounting [0;1;39mboot-efi.mount[0m - /boot/efi...
[[0;32m  OK  [0m] Mounted [0;1;39mboot-efi.mount[0m - /boot/efi.
[[0;32m  OK  [0m] Reached target [0;1;39mlocal-fs.target[0m - Local File Systems.
[[0;32m  OK  [0m] Listening on [0;1;39msystemd-sysext.socket[0m…tension Image Management (Varlink).
         Starting [0;1;39mapparmor.service[0m - Load AppArmor profiles...
         Starting [0;1;39mconsole-setup.service[0m - Set console font and keymap...
         Starting [0;1;39mfinalrd.service[0m - Create …time dir for shutdown pivot root...
         Starting [0;1;39mplymouth-read-write.servi…[0mymouth To Write Out Runtime Data...
         Starting [0;1;39msystemd-binfmt.service[0m - Set Up Additional Binary Formats...
         Starting [0;1;39msystemd-tmpfiles-setup.se…[0me Volatile Files and Directories...
         Starting [0;1;39mufw.service[0m - Uncomplicated firewall...
[[0;32m  OK  [0m] Finished [0;1;39mconsole-setup.service[0m - Set console font and keymap.
[[0;32m  OK  [0m] Finished [0;1;39mfinalrd.service[0m - Create …untime dir for shutdown pivot root.
[[0;32m  OK  [0m] Finished [0;1;39mplymouth-read-write.servi…[0mPlymouth To Write Out Runtime Data.
[[0;32m  OK  [0m] Finished [0;1;39mapparmor.service[0m - Load AppArmor profiles.
[[0;32m  OK  [0m] Finished [0;1;39msystemd-tmpfiles-setup.se…[0mate Volatile Files and Directories.
[[0;32m  OK  [0m] Finished [0;1;39mufw.service[0m - Uncomplicated firewall.
         Mounting [0;1;39mproc-sys-fs-binfmt_misc.m…[0mcutable File Formats File System...
         Starting [0;1;39msnapd.apparmor.service[0m - …iles managed internally by snapd...
         Starting [0;1;39msystemd-resolved.service[0m - Network Name Resolution...
         Starting [0;1;39msystemd-update-utmp.servi…[0mord System Boot/Shutdown in UTMP...
         Starting [0;1;39mcloud-init-local.service[0m …-init: Local Stage (pre-network)...
[[0;32m  OK  [0m] Mounted [0;1;39mproc-sys-fs-binfmt_misc.mo…[0mxecutable File Formats File System.
[[0;32m  OK  [0m] Finished [0;1;39msystemd-binfmt.service[0m - Set Up Additional Binary Formats.
         Starting [0;1;39mmodprobe@dm_mod.service[0m - Load Kernel Module dm_mod...
         Starting [0;1;39mmodprobe@efi_pstore.servi…[0m - Load Kernel Module efi_pstore...
         Starting [0;1;39mmodprobe@loop.service[0m - Load Kernel Module loop...
[[0;32m  OK  [0m] Finished [0;1;39msystemd-update-utmp.servi…[0mecord System Boot/Shutdown in UTMP.
[[0;32m  OK  [0m] Finished [0;1;39mmodprobe@dm_mod.service[0m - Load Kernel Module dm_mod.
[[0;32m  OK  [0m] Finished [0;1;39mmodprobe@efi_pstore.service[0m - Load Kernel Module efi_pstore.
[[0;32m  OK  [0m] Finished [0;1;39mmodprobe@loop.service[0m - Load Kernel Module loop.
[[0;32m  OK  [0m] Started [0;1;39msystemd-resolved.service[0m - Network Name Resolution.
[[0;32m  OK  [0m] Reached target [0;1;39mnss-lookup.target[0m - Host and Network Name Lookups.
[[0;32m  OK  [0m] Finished [0;1;39msnapd.apparmor.service[0m - …ofiles managed internally by snapd.
[    5.806768] cloud-init[713]: Cloud-init v. 25.3-0ubuntu1~24.04.1 running 'init-local' at Fri, 15 May 2026 02:51:48 +0000. Up 5.78 seconds.
         Starting [0;1;39mmodprobe@dm_mod.service[0m - Load Kernel Module dm_mod...
         Starting [0;1;39mmodprobe@efi_pstore.servi…[0m - Load Kernel Module efi_pstore...
         Starting [0;1;39mmodprobe@loop.service[0m - Load Kernel Module loop...
[[0;32m  OK  [0m] Finished [0;1;39mmodprobe@dm_mod.service[0m - Load Kernel Module dm_mod.
[[0;32m  OK  [0m] Finished [0;1;39mmodprobe@efi_pstore.service[0m - Load Kernel Module efi_pstore.
[[0;32m  OK  [0m] Finished [0;1;39mmodprobe@loop.service[0m - Load Kernel Module loop.
         Starting [0;1;39mmodprobe@dm_mod.service[0m - Load Kernel Module dm_mod...
         Starting [0;1;39mmodprobe@efi_pstore.servi…[0m - Load Kernel Module efi_pstore...
         Starting [0;1;39mmodprobe@loop.service[0m - Load Kernel Module loop...
[[0;32m  OK  [0m] Finished [0;1;39mmodprobe@dm_mod.service[0m - Load Kernel Module dm_mod.
[[0;32m  OK  [0m] Finished [0;1;39mmodprobe@efi_pstore.service[0m - Load Kernel Module efi_pstore.
[[0;32m  OK  [0m] Finished [0;1;39mmodprobe@loop.service[0m - Load Kernel Module loop.
[[0;32m  OK  [0m] Finished [0;1;39mcloud-init-local.service[0m …ud-init: Local Stage (pre-network).
[[0;32m  OK  [0m] Reached target [0;1;39mnetwork-pre.target[0m - Preparation for Network.
         Starting [0;1;39msystemd-networkd.service[0m - Network Configuration...
[[0;32m  OK  [0m] Started [0;1;39msystemd-networkd.service[0m - Network Configuration.
[[0;32m  OK  [0m] Reached target [0;1;39mnetwork.target[0m - Network.
         Starting [0;1;39msystemd-networkd-wait-onl…[0mait for Network to be Configured...
[[0;32m  OK  [0m] Finished [0;1;39msystemd-networkd-wait-onl…[0m Wait for Network to be Configured.
         Starting [0;1;39mcloud-init.service[0m - Cloud-init: Network Stage...
[   10.305292] cloud-init[812]: Cloud-init v. 25.3-0ubuntu1~24.04.1 running 'init' at Fri, 15 May 2026 02:51:53 +0000. Up 10.28 seconds.
[   10.319170] cloud-init[812]: ci-info: +++++++++++++++++++++++++++++++++++++++Net device info+++++++++++++++++++++++++++++++++++++++
[   10.332137] cloud-init[812]: ci-info: +--------+------+----------------------------+-----------------+--------+-------------------+
[   10.345154] cloud-init[812]: ci-info: | Device |  Up  |          Address           |       Mask      | Scope  |     Hw-Address    |
[   10.359197] cloud-init[812]: ci-info: +--------+------+----------------------------+-----------------+--------+-------------------+
[   10.372121] cloud-init[812]: ci-info: |  ens5  | True |       10.128.15.199        | 255.255.255.255 | global | 42:01:0a:80:0f:c7 |
[   10.386268] cloud-init[812]: ci-info: |  ens5  | True | fe80::4001:aff:fe80:fc7/64 |        .        |  link  | 42:01:0a:80:0f:c7 |
[   10.399148] cloud-init[812]: ci-info: |   lo   | True |         127.0.0.1          |    255.0.0.0    |  host  |         .         |
[   10.413210] cloud-init[812]: ci-info: |   lo   | True |          ::1/128           |        .        |  host  |         .         |
[   10.426263] cloud-init[812]: ci-info: +--------+------+----------------------------+-----------------+--------+-------------------+
[   10.440147] cloud-init[812]: ci-info: +++++++++++++++++++++++++++++++Route IPv4 info++++++++++++++++++++++++++++++++
[   10.452138] cloud-init[812]: ci-info: +-------+-----------------+------------+-----------------+-----------+-------+
[   10.464134] cloud-init[812]: ci-info: | Route |   Destination   |  Gateway   |     Genmask     | Interface | Flags |
[   10.476157] cloud-init[812]: ci-info: +-------+-----------------+------------+-----------------+-----------+-------+
[   10.488214] cloud-init[812]: ci-info: |   0   |     0.0.0.0     | 10.128.0.1 |     0.0.0.0     |    ens5   |   UG  |
[   10.500150] cloud-init[812]: ci-info: |   1   |    10.128.0.1   |  0.0.0.0   | 255.255.255.255 |    ens5   |   UH  |
[   10.513232] cloud-init[812]: ci-info: |   2   | 169.254.169.254 | 10.128.0.1 | 255.255.255.255 |    ens5   |  UGH  |
[   10.525146] cloud-init[812]: ci-info: +-------+-----------------+------------+-----------------+-----------+-------+
[   10.537239] cloud-init[812]: ci-info: +++++++++++++++++++Route IPv6 info+++++++++++++++++++
[   10.546162] cloud-init[812]: ci-info: +-------+-------------+---------+-----------+-------+
[   10.555129] cloud-init[812]: ci-info: | Route | Destination | Gateway | Interface | Flags |
[   10.565138] cloud-init[812]: ci-info: +-------+-------------+---------+-----------+-------+
[   10.574108] cloud-init[812]: ci-info: |   0   |  fe80::/64  |    ::   |    ens5   |   U   |
[   10.583108] cloud-init[812]: ci-info: |   2   |    local    |    ::   |    ens5   |   U   |
[   10.592148] cloud-init[812]: ci-info: |   3   |  multicast  |    ::   |    ens5   |   U   |
[   10.601112] cloud-init[812]: ci-info: +-------+-------------+---------+-----------+-------+
[   16.665632] cloud-init[812]: Generating public/private rsa key pair.
[   16.673214] cloud-init[812]: Your identification has been saved in /etc/ssh/ssh_host_rsa_key
[   16.683156] cloud-init[812]: Your public key has been saved in /etc/ssh/ssh_host_rsa_key.pub
[   16.693196] cloud-init[812]: The key fingerprint is:
[   16.699134] cloud-init[812]: SHA256:NEeXMwiPEC/yPhmZneJVkzE41dQQMJ/x/2LSJOpxp9c root@loadgen-2sqf
[   16.709113] cloud-init[812]: The key's randomart image is:
[   16.715129] cloud-init[812]: +---[RSA 3072]----+
[[0;32m  OK  [0m] Finished [0;1;39mcloud-init.service[0m - Cloud-init: Network Stage.
[   16.722128] cloud-init[812]: |      o..+B=*=   |
[[0;32m  OK  [0m] Reached target [0;1;39mcloud-config.target[0m - Cloud-config availability.
[   16.738153] cloud-init[812]: |       oo+.B=+.  |
[[0;32m  OK  [0m] Reached target [0;1;39mnetwork-online.target[0m - Network is Online.
[   16.750310] cloud-init[812]: |    . . =.* oo.  |
[[0;32m  OK  [0m] Reached target [0;1;39msysinit.target[0m - System Initialization.
[   16.764323] cloud-init[812]: |     o * = .   . |
[[0;32m  OK  [0m] Started [0;1;39mnvidia-cdi-refresh.path[0m - …r toolkit install / upgrade events.
[   16.783134] cloud-init[812]: |      * S   . . .|
[[0;32m  OK  [0m] Started [0;1;39mgce-workload-cert-refresh.…[0mWorkload Certificate refresh timer.
[   16.794310] cloud-init[812]: |     o =   . +  .|
[[0;32m  OK  [0m] Started [0;1;39mgoogle-oslogin-cache.timer[0m - NSS cache refresh timer.
[   16.810339] cloud-init[812]: |      =   o o =..|
[[0;32m  OK  [0m] Started [0;1;39msystemd-tmpfiles-clean.tim…[0my Cleanup of Temporary Directories.
[   16.824299] cloud-init[812]: |       . . o =..E|
[[0;32m  OK  [0m] Started [0;1;39mupdate-notifier-download.t…[0mhat failed at package install time.
[   16.846143] cloud-init[812]: |          . ..   |
[[0;32m  OK  [0m] Reached target [0;1;39mpaths.target[0m - Path Units.
[   16.862106] cloud-init[812]: +----[SHA256]-----+
[[0;32m  OK  [0m] Listening on [0;1;39mcloud-init-hotplugd.s…t[0m - cloud-init hotplug hook socket.
[   16.875120] cloud-init[812]: Generating public/private ecdsa key pair.
[[0;32m  OK  [0m] Listening on [0;1;39mdbus.socket[0m - D-Bus System Message Bus Socket.
[   16.893114] cloud-init[812]: Your identification has been saved in /etc/ssh/ssh_host_ecdsa_key
[   16.911121] cloud-init[812]: Your public key has been saved in /etc/ssh/ssh_host_ecdsa_key.pub
         Starting [0;1;39mdocker.socket[0m - Docker Socket for the API...
[   16.911333] cloud-init[812]: The key fingerprint is:
[[0;32m  OK  [0m] Listening on [0;1;39miscsid.socket[0m - Open-iSCSI iscsid Socket.
[   16.928317] cloud-init[812]: SHA256:3y91I1XdqcnOsXNQZJJkMYTo7vyiDTH67hBR4fUhy1E root@loadgen-2sqf
         Starting [0;1;39mlxd-installer.socket[0m - He…er to install lxd snap on demand...
[   16.952125] cloud-init[812]: The key's randomart image is:
[   16.967107] cloud-init[812]: +---[ECDSA 256]---+
         Starting [0;1;39msnapd.socket[0m - Socket activation for snappy daemon...
[   16.967319] cloud-init[812]: |       o.+oE+B+o+|
[[0;32m  OK  [0m] Listening on [0;1;39mssh.socket[0m - OpenBSD Secure Shell server socket.
[   16.986410] cloud-init[812]: |      o o.=.o.+o+|
[[0;32m  OK  [0m] Listening on [0;1;39muuidd.socket[0m - UUID daemon activation socket.
[   17.003138] cloud-init[812]: |     . ..o .. + .|
[[0;32m  OK  [0m] Finished [0;1;39mblk-availability.service[0m - Availability of block devices.
[   17.018261] cloud-init[812]: |      .  .   * . |
[[0;32m  OK  [0m] Listening on [0;1;39mdocker.socket[0m - Docker Socket for the API.
[   17.034275] cloud-init[812]: |     . oS   o =  |
[[0;32m  OK  [0m] Listening on [0;1;39mlxd-installer.socket[0m …lper to install lxd snap on demand.
[   17.043360] cloud-init[812]: |      o oo . *.o.|
[[0;32m  OK  [0m] Listening on [0;1;39msnapd.socket[0m - Socket activation for snappy daemon.
[   17.059476] cloud-init[812]: |     o .o . ..+..|
[[0;32m  OK  [0m] Reached target [0;1;39msockets.target[0m - Socket Units.
[   17.080384] cloud-init[812]: |      o o+  ..   |
[[0;32m  OK  [0m] Reached target [0;1;39mbasic.target[0m - Basic System.
[   17.089345] cloud-init[812]: |      o=..o. ..  |
[   17.108119] cloud-init[812]: +----[SHA256]-----+
[   17.114116] cloud-init[812]: Generating public/private ed25519 key pair.
[   17.122230] cloud-init[812]: Your identification has been saved in /etc/ssh/ssh_host_ed25519_key
         Starting [0;1;39mchrony.service[0m - chrony, an NTP client/server...
[   17.132269] cloud-init[812]: Your public key has been saved in /etc/ssh/ssh_host_ed25519_key.pub
[   17.151117] cloud-init[812]: The key fingerprint is:
[   17.157106] cloud-init[812]: SHA256:NAaMqF9jGSPKEs9/4RdM1FAFsBNJ23yQvauhLBWZK8M root@loadgen-2sqf
         Starting [0;1;39mcloud-config.service[0m - Cloud-init: Config Stage...
[   17.168264] cloud-init[812]: The key's randomart image is:
         Starting [0;1;39mdbus.service[0m - D-Bus System Message Bus...
[   17.183387] cloud-init[812]: +--[ED25519 256]--+
[[0;32m  OK  [0m] Started [0;1;39mdmesg.service[0m - Save initial kernel messages after boot.
[   17.192424] cloud-init[812]: |   . o.o**+=.    |
         Starting [0;1;39me2scrub_reap.service[0m - Re…ne ext4 Metadata Check Snapshots...
[   17.213275] cloud-init[812]: |. o + ..o*o..    |
         Starting [0;1;39mgce-workload-cert-refresh…[0mGCE Workload Certificate refresh...
[   17.225342] cloud-init[812]: |.* . + oBoo ..   |
[[0;32m  OK  [0m] Started [0;1;39mgoogle-osconfig-agent.service[0m - Google OSConfig Agent.
[   17.246465] cloud-init[812]: |+.o = .o*o ..    |
         Starting [0;1;39mgoogle-oslogin-cache.service[0m - NSS cache refresh...
[   17.258333] cloud-init[812]: |.. + + .S+   .   |
[   17.278214] cloud-init[812]: |  . . E + . .    |
[   17.284234] cloud-init[812]: |     . * . o     |
[   17.291210] cloud-init[812]: |      . o .      |
         Starting [0;1;39mgrub-common.service[0m - Record successful boot for GRUB...
[   17.297187] cloud-init[812]: |       .         |
         Starting [0;1;39mnetworkd-dispatcher.servi…[0mcher daemon for systemd-networkd...
[   17.310349] cloud-init[812]: +----[SHA256]-----+
         Starting [0;1;39mnvidia-persistenced.service[0m - NVIDIA Persistence Daemon...
         Starting [0;1;39mnvmf-autoconnect.service[0m …ystems automatically during boot...
         Starting [0;1;39mrsyslog.service[0m - System Logging Service...
         Starting [0;1;39msecureboot-db.service[0m - Secure Boot updates for DB and DBX...
[[0;32m  OK  [0m] Reached target [0;1;39mgetty-pre.target[0m - Preparation for Logins.
         Starting [0;1;39msnapd.seeded.service[0m - Wait until snapd is fully seeded...
         Starting [0;1;39msnapd.service[0m - Snap Daemon...
         Starting [0;1;39msysstat.service[0m - Resets System Activity Logs...
         Starting [0;1;39msystemd-logind.service[0m - User Login Management...
[[0;32m  OK  [0m] Started [0;1;39mubuntu-advantage.service[0m - Ubuntu Pro Background Auto Attach.
[[0;32m  OK  [0m] Started [0;1;39mdbus.service[0m - D-Bus System Message Bus.
[[0;32m  OK  [0m] Finished [0;1;39mgce-workload-cert-refresh…[0m- GCE Workload Certificate refresh.
[[0;32m  OK  [0m] Finished [0;1;39mgoogle-oslogin-cache.service[0m - NSS cache refresh.
[[0;32m  OK  [0m] Started [0;1;39msystemd-logind.service[0m - User Login Management.
[[0;32m  OK  [0m] Started [0;1;39mnetworkd-dispatcher.servic…[0matcher daemon for systemd-networkd.
[[0;32m  OK  [0m] Started [0;1;39mnvidia-persistenced.service[0m - NVIDIA Persistence Daemon.
[[0;32m  OK  [0m] Finished [0;1;39mnvmf-autoconnect.service[0m …bsystems automatically during boot.
[   17.526762] cloud-init[1001]: Cloud-init v. 25.3-0ubuntu1~24.04.1 running 'modules:config' at Fri, 15 May 2026 02:52:00 +0000. Up 17.48 seconds.
[[0;32m  OK  [0m] Finished [0;1;39msysstat.service[0m - Resets System Activity Logs.
[[0;32m  OK  [0m] Finished [0;1;39mgrub-common.service[0m - Record successful boot for GRUB.
[[0;32m  OK  [0m] Reached target [0;1;39mremote-fs-pre.targe…[0mreparation for Remote File Systems.
[[0;32m  OK  [0m] Reached target [0;1;39mremote-fs.target[0m - Remote File Systems.
         Starting [0;1;39mapport.service[0m - automatic crash report generation...
         Starting [0;1;39mcontainerd.service[0m - containerd container runtime...
[[0;32m  OK  [0m] Started [0;1;39mcron.service[0m - Regular background program processing daemon.
         Starting [0;1;39mgrub-initrd-fallback.service[0m - GRUB failed boot detection...
         Starting [0;1;39msystemd-hostnamed.service[0m - Hostname Service...
         Starting [0;1;39msystemd-user-sessions.service[0m - Permit User Sessions...
[[0;32m  OK  [0m] Started [0;1;39mchrony.service[0m - chrony, an NTP client/server.
[[0;32m  OK  [0m] Finished [0;1;39msecureboot-db.service[0m - Secure Boot updates for DB and DBX.
[[0;32m  OK  [0m] Finished [0;1;39me2scrub_reap.service[0m - Re…line ext4 Metadata Check Snapshots.
[[0;32m  OK  [0m] Finished [0;1;39msystemd-user-sessions.service[0m - Permit User Sessions.
[[0;32m  OK  [0m] Finished [0;1;39mgrub-initrd-fallback.service[0m - GRUB failed boot detection.
         Stopping [0;1;39mchrony.service[0m - chrony, an NTP client/server...
2026-05-15T02:52:00.882075+00:00 loadgen-2sqf systemd[1]: Mounted dev-hugepages.mount - Huge Pages File System.
2026-05-15T02:52:00.882285+00:00 loadgen-2sqf systemd[1]: Mounted dev-mqueue.mount - POSIX Message Queue File System.
2026-05-15T02:52:00.882334+00:00 loadgen-2sqf kernel: Linux version 6.17.0-1013-gcp (buildd@lcy02-amd64-034) (x86_64-linux-gnu-gcc-13 (Ubuntu 13.3.0-6ubuntu2~24.04.1) 13.3.0, GNU ld (GNU Binutils for Ubuntu) 2.42) #13~24.04.1-Ubuntu SMP Thu Apr 16 02:10:24 UTC 2026 (Ubuntu 6.17.0-1013.13~24.04.1-gcp 6.17.13)
2026-05-15T02:52:00.882336+00:00 loadgen-2sqf systemd[1]: Mounted sys-kernel-debug.mount - Kernel Debug File System.
2026-05-15T02:52:00.882355+00:00 loadgen-2sqf systemd[1]: Mounted sys-kernel-tracing.mount - Kernel Trace File System.
2026-05-15T02:52:00.882342+00:00 loadgen-2sqf kernel: Command line: BOOT_IMAGE=/vmlinuz-6.17.0-1013-gcp root=PARTUUID=6624332c-1f00-4e51-a0bf-94661fe17234 ro console=ttyS0,115200 panic=-1
2026-05-15T02:52:00.882358+00:00 loadgen-2sqf kernel: KERNEL supported cpus:
2026-05-15T02:52:00.882359+00:00 loadgen-2sqf kernel:   Intel GenuineIntel
2026-05-15T02:52:00.882359+00:00 loadgen-2sqf kernel:   AMD AuthenticAMD
2026-05-15T02:52:00.882360+00:00 loadgen-2sqf kernel:   Hygon HygonGenuine
2026-05-15T02:52:00.882360+00:00 loadgen-2sqf kernel:   Centaur CentaurHauls
2026-05-15T02:52:00.882360+00:00 loadgen-2sqf systemd[1]: Finished keyboard-setup.service - Set the console keyboard layout.
2026-05-15T02:52:00.882364+00:00 loadgen-2sqf kernel:   zhaoxin   Shanghai  
2026-05-15T02:52:00.882365+00:00 loadgen-2sqf kernel: x86/CPU: Model not found in latest microcode list
2026-05-15T02:52:00.882365+00:00 loadgen-2sqf kernel: BIOS-provided physical RAM map:
2026-05-15T02:52:00.882366+00:00 loadgen-2sqf kernel: BIOS-e820: [mem 0x0000000000000000-0x0000000000000fff] reserved
2026-05-15T02:52:00.882366+00:00 loadgen-2sqf kernel: BIOS-e820: [mem 0x0000000000001000-0x0000000000054fff] usable
2026-05-15T02:52:00.882367+00:00 loadgen-2sqf kernel: BIOS-e820: [mem 0x0000000000055000-0x000000000005ffff] reserved
2026-05-15T02:52:00.882365+00:00 loadgen-2sqf systemd[1]: Finished kmod-static-nodes.service - Create List of Static Device Nodes.
2026-05-15T02:52:00.882370+00:00 loadgen-2sqf kernel: BIOS-e820: [mem 0x0000000000060000-0x0000000000097fff] usable
2026-05-15T02:52:00.882371+00:00 loadgen-2sqf kernel: BIOS-e820: [mem 0x0000000000098000-0x000000000009ffff] reserved
2026-05-15T02:52:00.882371+00:00 loadgen-2sqf kernel: BIOS-e820: [mem 0x0000000000100000-0x00000000bd254fff] usable
2026-05-15T02:52:00.882372+00:00 loadgen-2sqf kernel: BIOS-e820: [mem 0x00000000bd255000-0x00000000bd25ffff] ACPI data
2026-05-15T02:52:00.882370+00:00 loadgen-2sqf systemd[1]: modprobe@configfs.service: Deactivated successfully.
2026-05-15T02:52:00.882372+00:00 loadgen-2sqf kernel: BIOS-e820: [mem 0x00000000bd260000-0x00000000bf8ecfff] usable
2026-05-15T02:52:00.882376+00:00 loadgen-2sqf kernel: BIOS-e820: [mem 0x00000000bf8ed000-0x00000000bfb6cfff] reserved
2026-05-15T02:52:00.882377+00:00 loadgen-2sqf kernel: BIOS-e820: [mem 0x00000000bfb6d000-0x00000000bfb7efff] ACPI data
2026-05-15T02:52:00.882380+00:00 loadgen-2sqf kernel: BIOS-e820: [mem 0x00000000bfb7f000-0x00000000bfbfefff] ACPI NVS
2026-05-15T02:52:00.882380+00:00 loadgen-2sqf kernel: BIOS-e820: [mem 0x00000000bfbff000-0x00000000bffdffff] usable
2026-05-15T02:52:00.882380+00:00 loadgen-2sqf kernel: BIOS-e820: [mem 0x00000000bffe0000-0x00000000bfffffff] reserved
2026-05-15T02:52:00.882381+00:00 loadgen-2sqf kernel: BIOS-e820: [mem 0x0000000100000000-0x000000103fffffff] usable
2026-05-15T02:52:00.882381+00:00 loadgen-2sqf kernel: NX (Execute Disable) protection: active
2026-05-15T02:52:00.882382+00:00 loadgen-2sqf kernel: APIC: Static calls initialized
2026-05-15T02:52:00.882377+00:00 loadgen-2sqf systemd[1]: Finished modprobe@configfs.service - Load Kernel Module configfs.
2026-05-15T02:52:00.882385+00:00 loadgen-2sqf kernel: efi: EFI v2.7 by EDK II
2026-05-15T02:52:00.882386+00:00 loadgen-2sqf kernel: efi: TPMFinalLog=0xbfbf7000 ACPI=0xbfb7e000 ACPI 2.0=0xbfb7e014 SMBIOS=0xbf9ca000 MEMATTR=0xbd260018 MOKvar=0xbf9c8000 RNG=0xbfb72018 TPMEventLog=0xbd255018 
2026-05-15T02:52:00.882386+00:00 loadgen-2sqf kernel: random: crng init done
2026-05-15T02:52:00.882387+00:00 loadgen-2sqf kernel: SMBIOS 2.4 present.
2026-05-15T02:52:00.882387+00:00 loadgen-2sqf kernel: DMI: Google Google Compute Engine/Google Compute Engine, BIOS Google 04/21/2026
2026-05-15T02:52:00.882385+00:00 loadgen-2sqf systemd[1]: modprobe@dm_mod.service: Deactivated successfully.
2026-05-15T02:52:00.882389+00:00 loadgen-2sqf kernel: DMI: Memory slots populated: 4/4
2026-05-15T02:52:00.882393+00:00 loadgen-2sqf kernel: secureboot: Secure boot disabled
2026-05-15T02:52:00.882393+00:00 loadgen-2sqf kernel: Hypervisor detected: KVM
2026-05-15T02:52:00.882394+00:00 loadgen-2sqf kernel: last_pfn = 0xbffe0 max_arch_pfn = 0x400000000
2026-05-15T02:52:00.882394+00:00 loadgen-2sqf kernel: kvm-clock: Using msrs 4b564d01 and 4b564d00
2026-05-15T02:52:00.882393+00:00 loadgen-2sqf systemd[1]: Finished modprobe@dm_mod.service - Load Kernel Module dm_mod.
2026-05-15T02:52:00.882395+00:00 loadgen-2sqf kernel: kvm-clock: using sched offset of 15138751994 cycles
2026-05-15T02:52:00.882398+00:00 loadgen-2sqf kernel: clocksource: kvm-clock: mask: 0xffffffffffffffff max_cycles: 0x1cd42e4dffb, max_idle_ns: 881590591483 ns
2026-05-15T02:52:00.882399+00:00 loadgen-2sqf kernel: tsc: Detected 2299.998 MHz processor
2026-05-15T02:52:00.882399+00:00 loadgen-2sqf systemd[1]: modprobe@drm.service: Deactivated successfully.
2026-05-15T02:52:00.882402+00:00 loadgen-2sqf kernel: e820: update [mem 0x00000000-0x00000fff] usable ==> reserved
2026-05-15T02:52:00.882403+00:00 loadgen-2sqf kernel: e820: remove [mem 0x000a0000-0x000fffff] usable
2026-05-15T02:52:00.882403+00:00 loadgen-2sqf kernel: last_pfn = 0x1040000 max_arch_pfn = 0x400000000
2026-05-15T02:52:00.882404+00:00 loadgen-2sqf kernel: MTRR map: 3 entries (2 fixed + 1 variable; max 18), built from 8 variable MTRRs
2026-05-15T02:52:00.882404+00:00 loadgen-2sqf kernel: x86/PAT: Configuration [0-7]: WB  WC  UC- UC  WB  WP  UC- WT  
2026-05-15T02:52:00.882404+00:00 loadgen-2sqf kernel: last_pfn = 0xbffe0 max_arch_pfn = 0x400000000
2026-05-15T02:52:00.882404+00:00 loadgen-2sqf systemd[1]: Finished modprobe@drm.service - Load Kernel Module drm.
2026-05-15T02:52:00.882407+00:00 loadgen-2sqf kernel: Using GB pages for direct mapping
2026-05-15T02:52:00.882408+00:00 loadgen-2sqf kernel: secureboot: Secure boot disabled
2026-05-15T02:52:00.882409+00:00 loadgen-2sqf kernel: ACPI: Early table checksum verification disabled
2026-05-15T02:52:00.882409+00:00 loadgen-2sqf kernel: ACPI: RSDP 0x00000000BFB7E014 000024 (v02 Google)
2026-05-15T02:52:00.882410+00:00 loadgen-2sqf kernel: ACPI: XSDT 0x00000000BFB7D0E8 00005C (v01 Google GOOGFACP 00000001      01000013)
2026-05-15T02:52:00.882410+00:00 loadgen-2sqf kernel: ACPI: FACP 0x00000000BFB78000 0000F4 (v02 Google GOOGFACP 00000001 GOOG 00000001)
2026-05-15T02:52:00.882409+00:00 loadgen-2sqf systemd[1]: modprobe@efi_pstore.service: Deactivated successfully.
2026-05-15T02:52:00.882413+00:00 loadgen-2sqf kernel: ACPI: DSDT 0x00000000BFB79000 001A64 (v01 Google GOOGDSDT 00000001 GOOG 00000001)
2026-05-15T02:52:00.882414+00:00 loadgen-2sqf kernel: ACPI: FACS 0x00000000BFBF1000 000040
2026-05-15T02:52:00.882415+00:00 loadgen-2sqf kernel: ACPI: SSDT 0x00000000BFB7C000 000316 (v02 GOOGLE Tpm2Tabl 00001000 INTL 20250807)
2026-05-15T02:52:00.882415+00:00 loadgen-2sqf kernel: ACPI: TPM2 0x00000000BFB7B000 000034 (v04 GOOGLE          00000001 GOOG 00000001)
2026-05-15T02:52:00.882416+00:00 loadgen-2sqf kernel: ACPI: SRAT 0x00000000BFB77000 000228 (v03 Google GOOGSRAT 00000001 GOOG 00000001)
2026-05-15T02:52:00.882418+00:00 loadgen-2sqf kernel: ACPI: APIC 0x00000000BFB76000 000126 (v05 Google GOOGAPIC 00000001 GOOG 00000001)
2026-05-15T02:52:00.882418+00:00 loadgen-2sqf kernel: ACPI: SSDT 0x00000000BFB74000 0011D6 (v01 Google GOOGSSDT 00000001 GOOG 00000001)
2026-05-15T02:52:00.882421+00:00 loadgen-2sqf kernel: ACPI: WAET 0x00000000BFB73000 000028 (v01 Google GOOGWAET 00000001 GOOG 00000001)
2026-05-15T02:52:00.882414+00:00 loadgen-2sqf systemd[1]: Finished modpro         Starting [0;1;39mplymouth-quit-wait.servic…[0md until boot process finishes up...
be@efi_pstore.service - Load Kernel Module efi_pstore.
2026-05-15T02:52:00.882422+00:00 loadgen-2sqf kernel: ACPI: Reserving FACP table memory at [mem 0xbfb78000-0xbfb780f3]
2026-05-15T02:52:00.882423+00:00 loadgen-2sqf kernel: ACPI: Reserving DSDT table memory at [mem 0xbfb79000-0xbfb7aa63]
2026-05-15T02:52:00.882423+00:00 loadgen-2sqf kernel: ACPI: Reserving FACS table memory at [mem 0xbfbf1000-0xbfbf103f]
2026-05-15T02:52:00.882424+00:00 loadgen-2sqf kernel: ACPI: Reserving SSDT table memory at [mem 0xbfb7c000-0xbfb7c315]
2026-05-15T02:52:00.882424+00:00 loadgen-2sqf kernel: ACPI: Reserving TPM2 table memory at [mem 0xbfb7b000-0xbfb7b033]
2026-05-15T02:52:00.882425+00:00 loadgen-2sqf systemd[1]: modprobe@fuse.service: Deactivated successfully.
2026-05-15T02:52:00.882427+00:00 loadgen-2sqf kernel: ACPI: Reserving SRAT table memory at [mem 0xbfb77000-0xbfb77227]
2026-05-15T02:52:00.882428+00:00 loadgen-2sqf kernel: ACPI: Reserving APIC table memory at [mem 0xbfb76000-0xbfb76125]
2026-05-15T02:52:00.882429+00:00 loadgen-2sqf kernel: ACPI: Reserving SSDT table memory at [mem 0xbfb74000-0xbfb751d5]
2026-05-15T02:52:00.882429+00:00 loadgen-2sqf kernel: ACPI: Reserving WAET table memory at [mem 0xbfb73000-0xbfb73027]
2026-05-15T02:52:00.882430+00:00 loadgen-2sqf kernel: ACPI: SRAT: Node 0 PXM 0 [mem 0x00000000-0x0009ffff]
2026-05-15T02:52:00.882430+00:00 loadgen-2sqf kernel: ACPI: SRAT: Node 0 PXM 0 [mem 0x00100000-0xbfffffff]
2026-05-15T02:52:00.882430+00:00 loadgen-2sqf kernel: ACPI: SRAT: Node 0 PXM 0 [mem 0x100000000-0x103fffffff]
2026-05-15T02:52:00.882430+00:00 loadgen-2sqf systemd[1]: Finished modprobe@fuse.service - Load Kernel Module fuse.
2026-05-15T02:52:00.882434+00:00 loadgen-2sqf kernel: NUMA: Node 0 [mem 0x00001000-0x0009ffff] + [mem 0x00100000-0xbfffffff] -> [mem 0x00001000-0xbfffffff]
2026-05-15T02:52:00.882435+00:00 loadgen-2sqf kernel: NUMA: Node 0 [mem 0x00001000-0xbfffffff] + [mem 0x100000000-0x103fffffff] -> [mem 0x00001000-0x103fffffff]
2026-05-15T02:52:00.882435+00:00 loadgen-2sqf kernel: NODE_DATA(0) allocated [mem 0x103ffd52c0-0x103fffffff]
2026-05-15T02:52:00.882435+00:00 loadgen-2sqf kernel: Zone ranges:
2026-05-15T02:52:00.882436+00:00 loadgen-2sqf kernel:   DMA      [mem 0x0000000000001000-0x0000000000ffffff]
2026-05-15T02:52:00.882436+00:00 loadgen-2sqf kernel:   DMA32    [mem 0x0000000001000000-0x00000000ffffffff]
2026-05-15T02:52:00.882435+00:00 loadgen-2sqf systemd[1]: modprobe@loop.service: Deactivated successfully.
2026-05-15T02:52:00.882439+00:00 loadgen-2sqf kernel:   Normal   [mem 0x0000000100000000-0x000000103fffffff]
2026-05-15T02:52:00.882441+00:00 loadgen-2sqf kernel:   Device   empty
2026-05-15T02:52:00.882441+00:00 loadgen-2sqf kernel: Movable zone start for each node
2026-05-15T02:52:00.882440+00:00 loadgen-2sqf systemd[1]: Finished modprobe@loop.service - Load Kernel Module loop.
2026-05-15T02:52:00.882442+00:00 loadgen-2sqf kernel: Early memory node ranges
2026-05-15T02:52:00.882446+00:00 loadgen-2sqf kernel:   node   0: [mem 0x0000000000001000-0x0000000000054fff]
2026-05-15T02:52:00.882447+00:00 loadgen-2sqf kernel:   node   0: [mem 0x0000000000060000-0x0000000000097fff]
2026-05-15T02:52:00.882446+00:00 loadgen-2sqf systemd[1]: modprobe@nvme_fabrics.service: Deactivated successfully.
2026-05-15T02:52:00.882451+00:00 loadgen-2sqf kernel:   node   0: [mem 0x0000000000100000-0x00000000bd254fff]
2026-05-15T02:52:00.882452+00:00 loadgen-2sqf kernel:   node   0: [mem 0x00000000bd260000-0x00000000bf8ecfff]
2026-05-15T02:52:00.882453+00:00 loadgen-2sqf kernel:   node   0: [mem 0x00000000bfbff000-0x00000000bffdffff]
2026-05-15T02:52:00.882453+00:00 loadgen-2sqf kernel:   node   0: [mem 0x0000000100000000-0x000000103fffffff]
2026-05-15T02:52:00.882454+00:00 loadgen-2sqf kernel: Initmem setup node 0 [mem 0x0000000000001000-0x000000103fffffff]
2026-05-15T02:52:00.882454+00:00 loadgen-2sqf kernel: On node 0, zone DMA: 1 pages in unavailable ranges
2026-05-15T02:52:00.882457+00:00 loadgen-2sqf kernel: On node 0, zone DMA: 11 pages in unavailable ranges
2026-05-15T02:52:00.882458+00:00 loadgen-2sqf kernel: On node 0, zone DMA: 104 pages in unavailable ranges
2026-05-15T02:52:00.882458+00:00 loadgen-2sqf kernel: On node 0, zone DMA32: 11 pages in unavailable ranges
2026-05-15T02:52:00.882458+00:00 loadgen-2sqf kernel: On node 0, zone DMA32: 786 pages in unavailable ranges
2026-05-15T02:52:00.882459+00:00 loadgen-2sqf kernel: On node 0, zone Normal: 32 pages in unavailable ranges
2026-05-15T02:52:00.882459+00:00 loadgen-2sqf kernel: ACPI: PM-Timer IO Port: 0xb008
2026-05-15T02:52:00.882460+00:00 loadgen-2sqf kernel: ACPI: LAPIC_NMI (acpi_id[0xff] dfl dfl lint[0x1])
2026-05-15T02:52:00.882463+00:00 loadgen-2sqf kernel: IOAPIC[0]: apic_id 0, version 17, address 0xfec00000, GSI 0-23
2026-05-15T02:52:00.882463+00:00 loadgen-2sqf kernel: ACPI: INT_SRC_OVR (bus 0 bus_irq 5 global_irq 5 high level)
2026-05-15T02:52:00.882464+00:00 loadgen-2sqf kernel: ACPI: INT_SRC_OVR (bus 0 bus_irq 9 global_irq 9 high level)
2026-05-15T02:52:00.882464+00:00 loadgen-2sqf kernel: ACPI: INT_SRC_OVR (bus 0 bus_irq 10 global_irq 10 high level)
2026-05-15T02:52:00.882464+00:00 loadgen-2sqf kernel: ACPI: INT_SRC_OVR (bus 0 bus_irq 11 global_irq 11 high level)
2026-05-15T02:52:00.882465+00:00 loadgen-2sqf kernel: ACPI: Using ACPI (MADT) for SMP configuration information
2026-05-15T02:52:00.882468+00:00 loadgen-2sqf kernel: CPU topo: Max. logical packages:   1
2026-05-15T02:52:00.882468+00:00 loadgen-2sqf kernel: CPU topo: Max. logical dies:       1
2026-05-15T02:52:00.882469+00:00 loadgen-2sqf kernel: CPU topo: Max. dies per package:   1
2026-05-15T02:52:00.882451+00:00 loadgen-2sqf systemd[1]: Finished modprobe@nvme_fabrics.service - Load Kernel Module nvme_fabrics.
2026-05-15T02:52:00.882469+00:00 loadgen-2sqf kernel: CPU topo: Max. threads per core:   2
2026-05-15T02:52:00.882472+00:00 loadgen-2sqf kernel: CPU topo: Num. cores per package:    12
2026-05-15T02:52:00.882474+00:00 loadgen-2sqf systemd-modules-load[305]: Inserted module 'dm_multipath'
2026-05-15T02:52:00.882481+00:00 loadgen-2sqf systemd[1]: Finished systemd-modules-load.service - Load Kernel Modules.
2026-05-15T02:52:00.882485+00:00 loadgen-2sqf systemd-fsck[308]: cloudimg-rootfs: clean, 171994/6422528 files, 2139514/12844795 blocks
2026-05-15T02:52:00.882492+00:00 loadgen-2sqf systemd[1]: Mounting sys-fs-fuse-connections.mount - FUSE Control File System...
2026-05-15T02:52:00.882496+00:00 loadgen-2sqf systemd[1]: Mounting sys-kernel-config.mount - Kernel Configuration File System...
2026-05-15T02:52:00.882500+00:00 loadgen-2sqf systemd[1]: Started systemd-fsckd.service - File System Check Daemon to report status.
2026-05-15T02:52:00.882507+00:00 loadgen-2sqf systemd[1]: systemd-repart.service - Repartition Root Disk was skipped because no trigger condition checks were met.
2026-05-15T02:52:00.882512+00:00 loadgen-2sqf systemd[1]: Starting systemd-sysctl.service - Apply Kernel Variables...
2026-05-15T02:52:00.882516+00:00 loadgen-2sqf systemd[1]: Starting systemd-tmpfiles-setup-dev-early.service - Create Static Device Nodes in /dev gracefully...
2026-05-15T02:52:00.882521+00:00 loadgen-2sqf systemd[1]: Finished systemd-fsck-root.service - File System Check on Root Device.
2026-05-15T02:52:00.882526+00:00 loadgen-2sqf systemd[1]: Mounted sys-fs-fuse-connections.mount - FUSE Control File System.
2026-05-15T02:52:00.882531+00:00 loadgen-2sqf systemd[1]: Mounted sys-kernel-config.mount - Kernel Configuration File System.
2026-05-15T02:52:00.882538+00:00 loadgen-2sqf kernel: CPU topo: Num. threads per package:  24
2026-05-15T02:52:00.882539+00:00 loadgen-2sqf kernel: CPU topo: Allowing 24 present CPUs plus 0 hotplug CPUs
2026-05-15T02:52:00.882538+00:00 loadgen-2sqf systemd[1]: Finished lvm2-monitor.service - Monitoring of LVM2 mirrors, snapshots etc. using dmeventd or progress polling.
2026-05-15T02:52:00.882542+00:00 loadgen-2sqf kernel: PM: hibernation: Registered nosave memory: [mem 0x00000000-0x00000fff]
2026-05-15T02:52:00.882543+00:00 loadgen-2sqf kernel: PM: hibernation: Registered nosave memory: [mem 0x00055000-0x0005ffff]
2026-05-15T02:52:00.882544+00:00 loadgen-2sqf         Starting [0;1;39mplymouth-quit.service[0m - Terminate Plymouth Boot Screen...
 kernel: PM: hibernation: Registered nosave memory: [mem 0x00098000-0x000fffff]
2026-05-15T02:52:00.882544+00:00 loadgen-2sqf kernel: PM: hibernation: Registered nosave memory: [mem 0xbd255000-0xbd25ffff]
2026-05-15T02:52:00.882545+00:00 loadgen-2sqf kernel: PM: hibernation: Registered nosave memory: [mem 0xbf8ed000-0xbfbfefff]
2026-05-15T02:52:00.882543+00:00 loadgen-2sqf systemd[1]: Starting systemd-remount-fs.service - Remount Root and Kernel File Systems...
2026-05-15T02:52:00.882545+00:00 loadgen-2sqf kernel: PM: hibernation: Registered nosave memory: [mem 0xbffe0000-0xffffffff]
2026-05-15T02:52:00.882549+00:00 loadgen-2sqf kernel: [mem 0xc0000000-0xffffffff] available for PCI devices
2026-05-15T02:52:00.882549+00:00 loadgen-2sqf kernel: Booting paravirtualized kernel on KVM
2026-05-15T02:52:00.882548+00:00 loadgen-2sqf systemd[1]: Finished systemd-sysctl.service - Apply Kernel Variables.
2026-05-15T02:52:00.882550+00:00 loadgen-2sqf kernel: clocksource: refined-jiffies: mask: 0xffffffff max_cycles: 0xffffffff, max_idle_ns: 1910969940391419 ns
2026-05-15T02:52:00.882553+00:00 loadgen-2sqf kernel: setup_percpu: NR_CPUS:8192 nr_cpumask_bits:24 nr_cpu_ids:24 nr_node_ids:1
2026-05-15T02:52:00.882554+00:00 loadgen-2sqf kernel: percpu: Embedded 84 pages/cpu s221184 r8192 d114688 u524288
2026-05-15T02:52:00.882554+00:00 loadgen-2sqf kernel: pcpu-alloc: s221184 r8192 d114688 u524288 alloc=1*2097152
2026-05-15T02:52:00.882554+00:00 loadgen-2sqf systemd[1]: Finished systemd-tmpfiles-setup-dev-early.service - Create Static Device Nodes in /dev gracefully.
2026-05-15T02:52:00.882557+00:00 loadgen-2sqf kernel: pcpu-alloc: [0] 00 01 02 03 [0] 04 05 06 07 
2026-05-15T02:52:00.882558+00:00 loadgen-2sqf kernel: pcpu-alloc: [0] 08 09 10 11 [0] 12 13 14 15 
2026-05-15T02:52:00.882559+00:00 loadgen-2sqf kernel: pcpu-alloc: [0] 16 17 18 19 [0] 20 21 22 23 
2026-05-15T02:52:00.882559+00:00 loadgen-2sqf kernel: kvm-guest: PV spinlocks enabled
2026-05-15T02:52:00.882559+00:00 loadgen-2sqf kernel: PV qspinlock hash table entries: 256 (order: 0, 4096 bytes, linear)
2026-05-15T02:52:00.882560+00:00 loadgen-2sqf kernel: Kernel command line: BOOT_IMAGE=/vmlinuz-6.17.0-1013-gcp root=PARTUUID=6624332c-1f00-4e51-a0bf-94661fe17234 ro console=ttyS0,115200 panic=-1
2026-05-15T02:52:00.882559+00:00 loadgen-2sqf systemd[1]: Finished systemd-remount-fs.service - Remount Root and Kernel File Systems.
2026-05-15T02:52:00.882566+00:00 loadgen-2sqf kernel: printk: log buffer data + meta data: 262144 + 917504 = 1179648 bytes
2026-05-15T02:52:00.882567+00:00 loadgen-2sqf kernel: Dentry cache hash table entries: 8388608 (order: 14, 67108864 bytes, linear)
2026-05-15T02:52:00.882568+00:00 loadgen-2sqf kernel: Inode-cache hash table entries: 4194304 (order: 13, 33554432 bytes, linear)
2026-05-15T02:52:00.882568+00:00 loadgen-2sqf kernel: software IO TLB: area num 32.
2026-05-15T02:52:00.882569+00:00 loadgen-2sqf kernel: Fallback order for Node 0: 0 
2026-05-15T02:52:00.882567+00:00 loadgen-2sqf systemd[1]: Starting multipathd.service - Device-Mapper Multipath Device Controller...
2026-05-15T02:52:00.882569+00:00 loadgen-2sqf kernel: Built 1 zonelists, mobility grouping on.  Total pages: 16776271
2026-05-15T02:52:00.882573+00:00 loadgen-2sqf kernel: Policy zone: Normal
2026-05-15T02:52:00.882574+00:00 loadgen-2sqf systemd[1]: systemd-hwdb-update.service - Rebuild Hardware Database was skipped because of an unmet condition check (ConditionNeedsUpdate=/etc).
2026-05-15T02:52:00.882576+00:00 loadgen-2sqf kernel: mem auto-init: stack:all(zero), heap alloc:on, heap free:off
2026-05-15T02:52:00.882578+00:00 loadgen-2sqf kernel: SLUB: HWalign=64, Order=0-3, MinObjects=0, CPUs=24, Nodes=1
2026-05-15T02:52:00.882579+00:00 loadgen-2sqf kernel: Kernel/User page tables isolation: enabled
2026-05-15T02:52:00.882579+00:00 loadgen-2sqf kernel: ftrace: allocating 61994 entries in 244 pages
2026-05-15T02:52:00.882580+00:00 loadgen-2sqf kernel: ftrace: allocated 244 pages with 5 groups
2026-05-15T02:52:00.882580+00:00 loadgen-2sqf kernel: rcu: Hierarchical RCU implementation.
2026-05-15T02:52:00.882579+00:00 loadgen-2sqf systemd[1]: Starting systemd-journal-flush.service - Flush Journal to Persistent Storage...
2026-05-15T02:52:00.882583+00:00 loadgen-2sqf kernel: rcu: 	RCU restricting CPUs from NR_CPUS=8192 to nr_cpu_ids=24.
2026-05-15T02:52:00.882584+00:00 loadgen-2sqf kernel: 	Rude variant of Tasks RCU enabled.
2026-05-15T02:52:00.882584+00:00 loadgen-2sqf kernel: 	Tracing variant of Tasks RCU enabled.
2026-05-15T02:52:00.882585+00:00 loadgen-2sqf kernel: rcu: RCU calculated value of scheduler-enlistment delay is 100 jiffies.
2026-05-15T02:52:00.882585+00:00 loadgen-2sqf kernel: rcu: Adjusting geometry for rcu_fanout_leaf=16, nr_cpu_ids=24
2026-05-15T02:52:00.882586+00:00 loadgen-2sqf kernel: RCU Tasks Rude: Setting shift to 5 and lim to 1 rcu_task_cb_adjust=1 rcu_task_cpu_ids=24.
2026-05-15T02:52:00.882586+00:00 loadgen-2sqf kernel: RCU Tasks Trace: Setting shift to 5 and lim to 1 rcu_task_cb_adjust=1 rcu_task_cpu_ids=24.
2026-05-15T02:52:00.882584+00:00 loadgen-2sqf systemd[1]: systemd-pstore.service - Platform Persistent Storage Archival was skipped because of an unmet condition check (ConditionDirectoryNotEmpty=/sys/fs/pstore).
2026-05-15T02:52:00.882591+00:00 loadgen-2sqf kernel: NR_IRQS: 524544, nr_irqs: 616, preallocated irqs: 16
2026-05-15T02:52:00.882592+00:00 loadgen-2sqf kernel: rcu: srcu_init: Setting srcu_struct sizes based on contention.
2026-05-15T02:52:00.882592+00:00 loadgen-2sqf kernel: Console: colour dummy device 80x25
2026-05-15T02:52:00.882592+00:00 loadgen-2sqf kernel: printk: legacy console [ttyS0] enabled
2026-05-15T02:52:00.882593+00:00 loadgen-2sqf kernel: ACPI: Core revision 20250404
2026-05-15T02:52:00.882593+00:00 loadgen-2sqf kernel: APIC: Switch to symmetric I/O mode setup
2026-05-15T02:52:00.882592+00:00 loadgen-2sqf systemd[1]: Starting systemd-random-seed.service - Load/Save OS Random Seed...
2026-05-15T02:52:00.882596+00:00 loadgen-2sqf kernel: x2apic enabled
2026-05-15T02:52:00.882597+00:00 loadgen-2sqf kernel: APIC: Switched APIC routing to: physical x2apic
2026-05-15T02:52:00.882598+00:00 loadgen-2sqf kernel: ..TIMER: vector=0x30 apic1=0 pin1=0 apic2=-1 pin2=-1
2026-05-15T02:52:00.882598+00:00 loadgen-2sqf kernel: clocksource: tsc-early: mask: 0xffffffffffffffff max_cycles: 0x212733415c7, max_idle_ns: 440795236380 ns
2026-05-15T02:52:00.882599+00:00 loadgen-2sqf kernel: Calibrating delay loop (skipped) preset value.. 4599.99 BogoMIPS (lpj=2299998)
2026-05-15T02:52:00.882599+00:00 loadgen-2sqf kernel: Last level iTLB entries: 4KB 1024, 2MB 1024, 4MB 1024
2026-05-15T02:52:00.882597+00:00 loadgen-2sqf systemd[1]: systemd-sysusers.service - Create System Users was skipped because no trigger condition checks were met.
2026-05-15T02:52:00.882602+00:00 loadgen-2sqf kernel: Last level dTLB entries: 4KB 1024, 2MB 1024, 4MB 1024, 1GB 4
2026-05-15T02:52:00.882603+00:00 loadgen-2sqf kernel: mitigations: Enabled attack vectors: user_kernel, user_user, guest_host, guest_guest, SMT mitigations: auto
2026-05-15T02:52:00.882603+00:00 loadgen-2sqf kernel: Speculative Store Bypass: Mitigation: Speculative Store Bypass disabled via prctl
2026-05-15T02:52:00.882604+00:00 loadgen-2sqf kernel: Spectre V2 : Mitigation: IBRS
2026-05-15T02:52:00.882604+00:00 loadgen-2sqf kernel: RETBleed: Mitigation: IBRS
2026-05-15T02:52:00.882605+00:00 loadgen-2sqf kernel: ITS: Mitigation: Aligned branch/return thunks
2026-05-15T02:52:00.882605+00:00 loadgen-2sqf systemd[1]: Starting systemd-tmpfiles-setup-dev.service - Create Static Device Nodes in /dev...
2026-05-15T02:52:00.882608+00:00 loadgen-2sqf kernel: Spectre V2 : User space: Mitigation: STIBP via prctl
2026-05-15T02:52:00.882609+00:00 loadgen-2sqf kernel: MDS: Mitigation: Clear CPU buffers
2026-05-15T02:52:00.882609+00:00 loadgen-2sqf kernel: MMIO Stale Data: Vulnerable: Clear CPU buffers attempted, no microcode
2026-05-15T02:52:00.882610+00:00 loadgen-2sqf kernel: Spectre V1 : Mitigation: usercopy/swapgs barriers and __user pointer sanitization
2026-05-15T02:52:00.882610+00:00 loadgen-2sqf kernel: Spectre V2 : Spectre v2 / SpectreRSB:[[0;32m  OK  [0m] Started [0;1;39mrsyslog.service[0m - System Logging Service.
 Filling RSB on context switch and VMEXIT
2026-05-15T02:52:00.882610+00:00 loadgen-2sqf kernel: Spectre V2 : mitigation: Enabling conditional Indirect Branch Prediction Barrier
2026-05-15T02:52:00.882611+00:00 loadgen-2sqf kernel: active return thunk: its_return_thunk
2026-05-15T02:52:00.882610+00:00 loadgen-2sqf systemd[1]: systemd-tpm2-setup.service - TPM2 SRK Setup was skipped because of an unmet condition check (ConditionSecurity=measured-uki).
2026-05-15T02:52:00.882614+00:00 loadgen-2sqf kernel: Spectre V2 : Spectre BHI mitigation: SW BHB clearing on syscall and VM exit
2026-05-15T02:52:00.882615+00:00 loadgen-2sqf kernel: x86/fpu: Supporting XSAVE feature 0x001: 'x87 floating point registers'
2026-05-15T02:52:00.882615+00:00 loadgen-2sqf kernel: x86/fpu: Supporting XSAVE feature 0x002: 'SSE registers'
2026-05-15T02:52:00.882616+00:00 loadgen-2sqf kernel: x86/fpu: Supporting XSAVE feature 0x004: 'AVX registers'
2026-05-15T02:52:00.882616+00:00 loadgen-2sqf kernel: x86/fpu: xstate_offset[2]:  576, xstate_sizes[2]:  256
2026-05-15T02:52:00.882616+00:00 loadgen-2sqf kernel: x86/fpu: Enabled xstate features 0x7, context size is 832 bytes, using 'standard' format.
2026-05-15T02:52:00.882615+00:00 loadgen-2sqf systemd[1]: Finished systemd-udev-trigger.service - Coldplug All udev Devices.
2026-05-15T02:52:00.882621+00:00 loadgen-2sqf kernel: Freeing SMP alternatives memory: 52K
2026-05-15T02:52:00.882622+00:00 loadgen-2sqf kernel: pid_max: default: 32768 minimum: 301
2026-05-15T02:52:00.882622+00:00 loadgen-2sqf kernel: LSM: initializing lsm=lockdown,capability,landlock,yama,apparmor,ima,evm
2026-05-15T02:52:00.882623+00:00 loadgen-2sqf kernel: landlock: Up and running.
2026-05-15T02:52:00.882623+00:00 loadgen-2sqf kernel: Yama: becoming mindful.
2026-05-15T02:52:00.882624+00:00 loadgen-2sqf kernel: AppArmor: AppArmor initialized
2026-05-15T02:52:00.882624+00:00 loadgen-2sqf kernel: Mount-cache hash table entries: 131072 (order: 8, 1048576 bytes, linear)
2026-05-15T02:52:00.882622+00:00 loadgen-2sqf systemd[1]: Finished systemd-random-seed.service - Load/Save OS Random Seed.
2026-05-15T02:52:00.882627+00:00 loadgen-2sqf kernel: Mountpoint-cache hash table entries: 131072 (order: 8, 1048576 bytes, linear)
2026-05-15T02:52:00.882628+00:00 loadgen-2sqf kernel: smpboot: CPU0: Intel(R) Xeon(R) CPU @ 2.30GHz (family: 0x6, model: 0x3f, stepping: 0x0)
2026-05-15T02:52:00.882628+00:00 loadgen-2sqf kernel: Performance Events: unsupported CPU family 6 model 63 no PMU driver, software events only.
2026-05-15T02:52:00.882629+00:00 loadgen-2sqf kernel: signal: max sigframe size: 1776
2026-05-15T02:52:00.882631+00:00 loadgen-2sqf kernel: rcu: Hierarchical SRCU implementation.
2026-05-15T02:52:00.882631+00:00 loadgen-2sqf kernel: rcu: 	Max phase no-delay instances is 400.
2026-05-15T02:52:00.882627+00:00 loadgen-2sqf systemd[1]: Finished systemd-tmpfiles-setup-dev.service - Create Static Device Nodes in /dev.
2026-05-15T02:52:00.882634+00:00 loadgen-2sqf kernel: Timer migration: 2 hierarchy levels; 8 children per group; 2 crossnode level
2026-05-15T02:52:00.882635+00:00 loadgen-2sqf kernel: NMI watchdog: Perf NMI watchdog permanently disabled
2026-05-15T02:52:00.882635+00:00 loadgen-2sqf kernel: smp: Bringing up secondary CPUs ...
2026-05-15T02:52:00.882636+00:00 loadgen-2sqf kernel: smpboot: x86: Booting SMP configuration:
2026-05-15T02:52:00.882636+00:00 loadgen-2sqf kernel: .... node  #0, CPUs:        #1  #2  #3  #4  #5  #6  #7  #8  #9 #10 #11 #12 #13 #14 #15 #16 #17 #18 #19 #20 #21 #22 #23
2026-05-15T02:52:00.882635+00:00 loadgen-2sqf multipathd[353]: multipathd v0.9.4: start up
2026-05-15T02:52:00.882637+00:00 loadgen-2sqf kernel: MDS CPU bug present and SMT on, data leak possible. See https://www.kernel.org/doc/html/latest/admin-guide/hw-vuln/mds.html for more details.
2026-05-15T02:52:00.882643+00:00 loadgen-2sqf kernel: MMIO Stale Data CPU bug present and SMT on, data leak possible. See https://www.kernel.org/doc/html/latest/admin-guide/hw-vuln/processor_mmio_stale_data.html for more details.
2026-05-15T02:52:00.882642+00:00 loadgen-2sqf multipathd[353]: reconfigure: setting up paths and maps
2026-05-15T02:52:00.882644+00:00 loadgen-2sqf kernel: smp: Brought up 1 node, 24 CPUs
2026-05-15T02:52:00.882647+00:00 loadgen-2sqf kernel: smpboot: Total of 24 processors activated (110399.90 BogoMIPS)
2026-05-15T02:52:00.882647+00:00 loadgen-2sqf kernel: Memory: 65803356K/67105084K available (22206K kernel code, 4673K rwdata, 15608K rodata, 5404K init, 6100K bss, 1277616K reserved, 0K cma-reserved)
2026-05-15T02:52:00.882648+00:00 loadgen-2sqf kernel: devtmpfs: initialized
2026-05-15T02:52:00.882648+00:00 loadgen-2sqf kernel: x86/mm: Memory block size: 1024MB
2026-05-15T02:52:00.882648+00:00 loadgen-2sqf systemd[1]: Starting systemd-udevd.service - Rule-based Manager for Device Events and Files...
2026-05-15T02:52:00.882653+00:00 loadgen-2sqf systemd-udevd[359]: Using default interface naming scheme 'v255'.
2026-05-15T02:52:00.882656+00:00 loadgen-2sqf kernel: ACPI: PM: Registering ACPI NVS region [mem 0xbfb7f000-0xbfbfefff] (524288 bytes)
