2026-05-14 20:04:25,627 DEBUG    root            Loaded Command Group: ['gcloud', 'compute']
2026-05-14 20:04:25,629 DEBUG    root            Loaded Command Group: ['gcloud', 'compute', 'instances']
2026-05-14 20:04:25,630 DEBUG    root            Loaded Command Group: ['gcloud', 'compute', 'instances', 'get_serial_port_output']
2026-05-14 20:04:25,632 DEBUG    root            Running [gcloud.compute.instances.get-serial-port-output] with arguments: [--project: "env-integration-fenway", --zone: "us-central1-f", INSTANCE_NAME: "loadgen-fmc1"]
2026-05-14 20:04:25,633 DEBUG    root            On GCE from memory cache: False
2026-05-14 20:04:25,635 DEBUG    root            On GCE from memory cache: False
2026-05-14 20:04:25,743 DEBUG    urllib3.connectionpool Starting new HTTPS connection (1): compute.googleapis.com:443
2026-05-14 20:04:26,013 DEBUG    urllib3.connectionpool https://compute.googleapis.com:443 "GET /compute/v1/projects/env-integration-fenway/zones/us-central1-f/instances/loadgen-fmc1/serialPort?alt=json&port=1 HTTP/1.1" 200 None
2026-05-14 20:04:26,116 DEBUG    root            Chosen display Format:value[no-quote](contents)
2026-05-14 20:04:26,117 INFO     root            Display format: "value[no-quote](contents)"
2026-05-14 20:04:26,134 INFO     ___FILE_ONLY___ [2J[01;01H[=3h[2J[01;01H[2J[01;01H[=3h[2J[01;01HCSM BBS Table full.
BdsDxe: loading Boot0003 "Ubuntu" from PciRoot(0x0)/Pci(0x3,0x0)/Scsi(0x1,0x0)/HD(15,GPT,C848D457-4750-4825-A2CD-4EBFB870DC53,0x2800,0x35000)/\EFI\ubuntu\shimx64.efi
BdsDxe: starting Boot0003 "Ubuntu" from PciRoot(0x0)/Pci(0x3,0x0)/Scsi(0x1,0x0)/HD(15,GPT,C848D457-4750-4825-A2CD-4EBFB870DC53,0x2800,0x35000)/\EFI\ubuntu\shimx64.efi

UEFI: Attempting to start image.
Description: Ubuntu
FilePath: PciRoot(0x0)/Pci(0x3,0x0)/Scsi(0x1,0x0)/HD(15,GPT,C848D457-4750-4825-A2CD-4EBFB870DC53,0x2800,0x35000)/\EFI\ubuntu\shimx64.efi
OptionNumber: 3.

[H[J[1;1HGRUB_FORCE_PARTUUID set, attempting initrdless boot.
[    0.000000] Linux version 6.17.0-1013-gcp (buildd@lcy02-amd64-034) (x86_64-linux-gnu-gcc-13 (Ubuntu 13.3.0-6ubuntu2~24.04.1) 13.3.0, GNU ld (GNU Binutils for Ubuntu) 2.42) #13~24.04.1-Ubuntu SMP Thu Apr 16 02:10:24 UTC 2026 (Ubuntu 6.17.0-1013.13~24.04.1-gcp 6.17.13)
[    0.000000] Command line: BOOT_IMAGE=/vmlinuz-6.17.0-1013-gcp root=PARTUUID=6624332c-1f00-4e51-a0bf-94661fe17234 ro console=ttyS0,115200 panic=-1
[    0.000000] KERNEL supported cpus:
[    0.000000]   Intel GenuineIntel
[    0.000000]   AMD AuthenticAMD
[    0.000000]   Hygon HygonGenuine
[    0.000000]   Centaur CentaurHauls
[    0.000000]   zhaoxin   Shanghai  
[    0.000000] x86/CPU: Model not found in latest microcode list
[    0.000000] BIOS-provided physical RAM map:
[    0.000000] BIOS-e820: [mem 0x0000000000000000-0x0000000000000fff] reserved
[    0.000000] BIOS-e820: [mem 0x0000000000001000-0x0000000000054fff] usable
[    0.000000] BIOS-e820: [mem 0x0000000000055000-0x000000000005ffff] reserved
[    0.000000] BIOS-e820: [mem 0x0000000000060000-0x0000000000097fff] usable
[    0.000000] BIOS-e820: [mem 0x0000000000098000-0x000000000009ffff] reserved
[    0.000000] BIOS-e820: [mem 0x0000000000100000-0x00000000bd254fff] usable
[    0.000000] BIOS-e820: [mem 0x00000000bd255000-0x00000000bd25ffff] ACPI data
[    0.000000] BIOS-e820: [mem 0x00000000bd260000-0x00000000bf8ecfff] usable
[    0.000000] BIOS-e820: [mem 0x00000000bf8ed000-0x00000000bfb6cfff] reserved
[    0.000000] BIOS-e820: [mem 0x00000000bfb6d000-0x00000000bfb7efff] ACPI data
[    0.000000] BIOS-e820: [mem 0x00000000bfb7f000-0x00000000bfbfefff] ACPI NVS
[    0.000000] BIOS-e820: [mem 0x00000000bfbff000-0x00000000bffdffff] usable
[    0.000000] BIOS-e820: [mem 0x00000000bffe0000-0x00000000bfffffff] reserved
[    0.000000] BIOS-e820: [mem 0x0000000100000000-0x000000103fffffff] usable
[    0.000000] NX (Execute Disable) protection: active
[    0.000000] APIC: Static calls initialized
[    0.000000] efi: EFI v2.7 by EDK II
[    0.000000] efi: TPMFinalLog=0xbfbf7000 ACPI=0xbfb7e000 ACPI 2.0=0xbfb7e014 SMBIOS=0xbf9ca000 MEMATTR=0xbd260018 MOKvar=0xbf9c8000 RNG=0xbfb72018 TPMEventLog=0xbd255018 
[    0.000000] random: crng init done
[    0.000000] SMBIOS 2.4 present.
[    0.000000] DMI: Google Google Compute Engine/Google Compute Engine, BIOS Google 04/21/2026
[    0.000000] DMI: Memory slots populated: 4/4
[    0.000000] secureboot: Secure boot disabled
[    0.000000] Hypervisor detected: KVM
[    0.000000] last_pfn = 0xbffe0 max_arch_pfn = 0x400000000
[    0.000000] kvm-clock: Using msrs 4b564d01 and 4b564d00
[    0.000001] kvm-clock: using sched offset of 14976753832 cycles
[    0.000003] clocksource: kvm-clock: mask: 0xffffffffffffffff max_cycles: 0x1cd42e4dffb, max_idle_ns: 881590591483 ns
[    0.000006] tsc: Detected 2299.998 MHz processor
[    0.000080] last_pfn = 0x1040000 max_arch_pfn = 0x400000000
[    0.000113] MTRR map: 3 entries (2 fixed + 1 variable; max 18), built from 8 variable MTRRs
[    0.000116] x86/PAT: Configuration [0-7]: WB  WC  UC- UC  WB  WP  UC- WT  
[    0.000156] last_pfn = 0xbffe0 max_arch_pfn = 0x400000000
[    0.015336] Using GB pages for direct mapping
[    0.015611] secureboot: Secure boot disabled
[    0.015613] ACPI: Early table checksum verification disabled
[    0.015618] ACPI: RSDP 0x00000000BFB7E014 000024 (v02 Google)
[    0.015623] ACPI: XSDT 0x00000000BFB7D0E8 00005C (v01 Google GOOGFACP 00000001      01000013)
[    0.015630] ACPI: FACP 0x00000000BFB78000 0000F4 (v02 Google GOOGFACP 00000001 GOOG 00000001)
[    0.015638] ACPI: DSDT 0x00000000BFB79000 001A64 (v01 Google GOOGDSDT 00000001 GOOG 00000001)
[    0.015642] ACPI: FACS 0x00000000BFBF1000 000040
[    0.015647] ACPI: SSDT 0x00000000BFB7C000 000316 (v02 GOOGLE Tpm2Tabl 00001000 INTL 20250807)
[    0.015651] ACPI: TPM2 0x00000000BFB7B000 000034 (v04 GOOGLE          00000001 GOOG 00000001)
[    0.015656] ACPI: SRAT 0x00000000BFB77000 000228 (v03 Google GOOGSRAT 00000001 GOOG 00000001)
[    0.015660] ACPI: APIC 0x00000000BFB76000 000126 (v05 Google GOOGAPIC 00000001 GOOG 00000001)
[    0.015665] ACPI: SSDT 0x00000000BFB74000 0011D6 (v01 Google GOOGSSDT 00000001 GOOG 00000001)
[    0.015669] ACPI: WAET 0x00000000BFB73000 000028 (v01 Google GOOGWAET 00000001 GOOG 00000001)
[    0.015672] ACPI: Reserving FACP table memory at [mem 0xbfb78000-0xbfb780f3]
[    0.015674] ACPI: Reserving DSDT table memory at [mem 0xbfb79000-0xbfb7aa63]
[    0.015675] ACPI: Reserving FACS table memory at [mem 0xbfbf1000-0xbfbf103f]
[    0.015676] ACPI: Reserving SSDT table memory at [mem 0xbfb7c000-0xbfb7c315]
[    0.015676] ACPI: Reserving TPM2 table memory at [mem 0xbfb7b000-0xbfb7b033]
[    0.015677] ACPI: Reserving SRAT table memory at [mem 0xbfb77000-0xbfb77227]
[    0.015678] ACPI: Reserving APIC table memory at [mem 0xbfb76000-0xbfb76125]
[    0.015679] ACPI: Reserving SSDT table memory at [mem 0xbfb74000-0xbfb751d5]
[    0.015680] ACPI: Reserving WAET table memory at [mem 0xbfb73000-0xbfb73027]
[    0.015792] ACPI: SRAT: Node 0 PXM 0 [mem 0x00000000-0x0009ffff]
[    0.015794] ACPI: SRAT: Node 0 PXM 0 [mem 0x00100000-0xbfffffff]
[    0.015795] ACPI: SRAT: Node 0 PXM 0 [mem 0x100000000-0x103fffffff]
[    0.015800] NUMA: Node 0 [mem 0x00001000-0x0009ffff] + [mem 0x00100000-0xbfffffff] -> [mem 0x00001000-0xbfffffff]
[    0.015802] NUMA: Node 0 [mem 0x00001000-0xbfffffff] + [mem 0x100000000-0x103fffffff] -> [mem 0x00001000-0x103fffffff]
[    0.015815] NODE_DATA(0) allocated [mem 0x103ffd52c0-0x103fffffff]
[    0.016048] Zone ranges:
[    0.016049]   DMA      [mem 0x0000000000001000-0x0000000000ffffff]
[    0.016051]   DMA32    [mem 0x0000000001000000-0x00000000ffffffff]
[    0.016052]   Normal   [mem 0x0000000100000000-0x000000103fffffff]
[    0.016054]   Device   empty
[    0.016055] Movable zone start for each node
[    0.016061] Early memory node ranges
[    0.016062]   node   0: [mem 0x0000000000001000-0x0000000000054fff]
[    0.016063]   node   0: [mem 0x0000000000060000-0x0000000000097fff]
[    0.016064]   node   0: [mem 0x0000000000100000-0x00000000bd254fff]
[    0.016065]   node   0: [mem 0x00000000bd260000-0x00000000bf8ecfff]
[    0.016066]   node   0: [mem 0x00000000bfbff000-0x00000000bffdffff]
[    0.016067]   node   0: [mem 0x0000000100000000-0x000000103fffffff]
[    0.016073] Initmem setup node 0 [mem 0x0000000000001000-0x000000103fffffff]
[    0.016148] On node 0, zone DMA: 1 pages in unavailable ranges
[    0.016150] On node 0, zone DMA: 11 pages in unavailable ranges
[    0.016177] On node 0, zone DMA: 104 pages in unavailable ranges
[    0.021012] On node 0, zone DMA32: 11 pages in unavailable ranges
[    0.021027] On node 0, zone DMA32: 786 pages in unavailable ranges
[    0.123686] On node 0, zone Normal: 32 pages in unavailable ranges
[    0.124353] ACPI: PM-Timer IO Port: 0xb008
[    0.124378] ACPI: LAPIC_NMI (acpi_id[0xff] dfl dfl lint[0x1])
[    0.124464] IOAPIC[0]: apic_id 0, version 17, address 0xfec00000, GSI 0-23
[    0.124469] ACPI: INT_SRC_OVR (bus 0 bus_irq 5 global_irq 5 high level)
[    0.124471] ACPI: INT_SRC_OVR (bus 0 bus_irq 9 global_irq 9 high level)
[    0.124473] ACPI: INT_SRC_OVR (bus 0 bus_irq 10 global_irq 10 high level)
[    0.124474] ACPI: INT_SRC_OVR (bus 0 bus_irq 11 global_irq 11 high level)
[    0.124480] ACPI: Using ACPI (MADT) for SMP configuration information
[    0.124491] CPU topo: Max. logical packages:   1
[    0.124492] CPU topo: Max. logical dies:       1
[    0.124493] CPU topo: Max. dies per package:   1
[    0.124498] CPU topo: Max. threads per core:   2
[    0.124499] CPU topo: Num. cores per package:    12
[    0.124500] CPU topo: Num. threads per package:  24
[    0.124500] CPU topo: Allowing 24 present CPUs plus 0 hotplug CPUs
[    0.124529] PM: hibernation: Registered nosave memory: [mem 0x00000000-0x00000fff]
[    0.124532] PM: hibernation: Registered nosave memory: [mem 0x00055000-0x0005ffff]
[    0.124534] PM: hibernation: Registered nosave memory: [mem 0x00098000-0x000fffff]
[    0.124536] PM: hibernation: Registered nosave memory: [mem 0xbd255000-0xbd25ffff]
[    0.124539] PM: hibernation: Registered nosave memory: [mem 0xbf8ed000-0xbfbfefff]
[    0.124541] PM: hibernation: Registered nosave memory: [mem 0xbffe0000-0xffffffff]
[    0.124544] [mem 0xc0000000-0xffffffff] available for PCI devices
[    0.124546] Booting paravirtualized kernel on KVM
[    0.124549] clocksource: refined-jiffies: mask: 0xffffffff max_cycles: 0xffffffff, max_idle_ns: 1910969940391419 ns
[    0.124557] setup_percpu: NR_CPUS:8192 nr_cpumask_bits:24 nr_cpu_ids:24 nr_node_ids:1
[    0.126364] percpu: Embedded 84 pages/cpu s221184 r8192 d114688 u524288
[    0.126423] kvm-guest: PV spinlocks enabled
[    0.126426] PV qspinlock hash table entries: 256 (order: 0, 4096 bytes, linear)
[    0.126430] Kernel command line: BOOT_IMAGE=/vmlinuz-6.17.0-1013-gcp root=PARTUUID=6624332c-1f00-4e51-a0bf-94661fe17234 ro console=ttyS0,115200 panic=-1
[    0.126499] printk: log buffer data + meta data: 262144 + 917504 = 1179648 bytes
[    0.133056] Dentry cache hash table entries: 8388608 (order: 14, 67108864 bytes, linear)
[    0.136316] Inode-cache hash table entries: 4194304 (order: 13, 33554432 bytes, linear)
[    0.136989] software IO TLB: area num 32.
[    0.149943] Fallback order for Node 0: 0 
[    0.149949] Built 1 zonelists, mobility grouping on.  Total pages: 16776271
[    0.149951] Policy zone: Normal
[    0.149961] mem auto-init: stack:all(zero), heap alloc:on, heap free:off
[    0.304485] SLUB: HWalign=64, Order=0-3, MinObjects=0, CPUs=24, Nodes=1
[    0.304567] Kernel/User page tables isolation: enabled
[    0.317636] ftrace: allocating 61994 entries in 244 pages
[    0.317638] ftrace: allocated 244 pages with 5 groups
[    0.318048] rcu: Hierarchical RCU implementation.
[    0.318050] rcu: 	RCU restricting CPUs from NR_CPUS=8192 to nr_cpu_ids=24.
[    0.318051] 	Rude variant of Tasks RCU enabled.
[    0.318052] 	Tracing variant of Tasks RCU enabled.
[    0.318053] rcu: RCU calculated value of scheduler-enlistment delay is 100 jiffies.
[    0.318054] rcu: Adjusting geometry for rcu_fanout_leaf=16, nr_cpu_ids=24
[    0.318083] RCU Tasks Rude: Setting shift to 5 and lim to 1 rcu_task_cb_adjust=1 rcu_task_cpu_ids=24.
[    0.318087] RCU Tasks Trace: Setting shift to 5 and lim to 1 rcu_task_cb_adjust=1 rcu_task_cpu_ids=24.
[    0.321963] NR_IRQS: 524544, nr_irqs: 616, preallocated irqs: 16
[    0.322318] rcu: srcu_init: Setting srcu_struct sizes based on contention.
[    0.322492] Console: colour dummy device 80x25
[    0.322580] printk: legacy console [ttyS0] enabled
[    0.478763] ACPI: Core revision 20250404
[    0.480563] APIC: Switch to symmetric I/O mode setup
[    0.482841] x2apic enabled
[    0.486609] APIC: Switched APIC routing to: physical x2apic
[    0.492826] ..TIMER: vector=0x30 apic1=0 pin1=0 apic2=-1 pin2=-1
[    0.494126] clocksource: tsc-early: mask: 0xffffffffffffffff max_cycles: 0x212733415c7, max_idle_ns: 440795236380 ns
[    0.495898] Calibrating delay loop (skipped) preset value.. 4599.99 BogoMIPS (lpj=2299998)
[    0.498222] Last level iTLB entries: 4KB 1024, 2MB 1024, 4MB 1024
[    0.498897] Last level dTLB entries: 4KB 1024, 2MB 1024, 4MB 1024, 1GB 4
[    0.499918] mitigations: Enabled attack vectors: user_kernel, user_user, guest_host, guest_guest, SMT mitigations: auto
[    0.500898] Speculative Store Bypass: Mitigation: Speculative Store Bypass disabled via prctl
[    0.501897] Spectre V2 : Mitigation: IBRS
[    0.502896] RETBleed: Mitigation: IBRS
[    0.503479] ITS: Mitigation: Aligned branch/return thunks
[    0.503896] Spectre V2 : User space: Mitigation: STIBP via prctl
[    0.504896] MDS: Mitigation: Clear CPU buffers
[    0.505628] MMIO Stale Data: Vulnerable: Clear CPU buffers attempted, no microcode
[    0.505896] Spectre V1 : Mitigation: usercopy/swapgs barriers and __user pointer sanitization
[    0.506899] Spectre V2 : Spectre v2 / SpectreRSB: Filling RSB on context switch and VMEXIT
[    0.507899] Spectre V2 : mitigation: Enabling conditional Indirect Branch Prediction Barrier
[    0.508903] active return thunk: its_return_thunk
[    0.509897] Spectre V2 : Spectre BHI mitigation: SW BHB clearing on syscall and VM exit
[    0.510915] x86/fpu: Supporting XSAVE feature 0x001: 'x87 floating point registers'
[    0.511897] x86/fpu: Supporting XSAVE feature 0x002: 'SSE registers'
[    0.512896] x86/fpu: Supporting XSAVE feature 0x004: 'AVX registers'
[    0.513897] x86/fpu: xstate_offset[2]:  576, xstate_sizes[2]:  256
[    0.514896] x86/fpu: Enabled xstate features 0x7, context size is 832 bytes, using 'standard' format.
[    0.580269] Freeing SMP alternatives memory: 52K
[    0.580901] pid_max: default: 32768 minimum: 301
[    0.582021] LSM: initializing lsm=lockdown,capability,landlock,yama,apparmor,ima,evm
[    0.582928] landlock: Up and running.
[    0.583610] Yama: becoming mindful.
[    0.583961] AppArmor: AppArmor initialized
[    0.585209] Mount-cache hash table entries: 131072 (order: 8, 1048576 bytes, linear)
[    0.586070] Mountpoint-cache hash table entries: 131072 (order: 8, 1048576 bytes, linear)
[    0.690544] smpboot: CPU0: Intel(R) Xeon(R) CPU @ 2.30GHz (family: 0x6, model: 0x3f, stepping: 0x0)
[    0.691209] Performance Events: unsupported CPU family 6 model 63 no PMU driver, software events only.
[    0.691979] signal: max sigframe size: 1776
[    0.692948] rcu: Hierarchical SRCU implementation.
[    0.693897] rcu: 	Max phase no-delay instances is 400.
[    0.694977] Timer migration: 2 hierarchy levels; 8 children per group; 2 crossnode level
[    0.698254] NMI watchdog: Perf NMI watchdog permanently disabled
[    0.699209] smp: Bringing up secondary CPUs ...
[    0.700125] smpboot: x86: Booting SMP configuration:
[    0.700900] .... node  #0, CPUs:        #1  #2  #3  #4  #5  #6  #7  #8  #9 #10 #11 #12 #13 #14 #15 #16 #17 #18 #19 #20 #21 #22 #23
[    0.712244] MDS CPU bug present and SMT on, data leak possible. See https://www.kernel.org/doc/html/latest/admin-guide/hw-vuln/mds.html for more details.
[    0.713897] MMIO Stale Data CPU bug present and SMT on, data leak possible. See https://www.kernel.org/doc/html/latest/admin-guide/hw-vuln/processor_mmio_stale_data.html for more details.
[    0.721053] smp: Brought up 1 node, 24 CPUs
[    0.721898] smpboot: Total of 24 processors activated (110399.90 BogoMIPS)
[    0.725076] Memory: 65803324K/67105084K available (22206K kernel code, 4673K rwdata, 15608K rodata, 5404K init, 6100K bss, 1277600K reserved, 0K cma-reserved)
[    0.729021] devtmpfs: initialized
[    0.730065] x86/mm: Memory block size: 1024MB
[    0.733402] ACPI: PM: Registering ACPI NVS region [mem 0xbfb7f000-0xbfbfefff] (524288 bytes)
[    0.734984] clocksource: jiffies: mask: 0xffffffff max_cycles: 0xffffffff, max_idle_ns: 1911260446275000 ns
[    0.735981] posixtimers hash table entries: 16384 (order: 6, 262144 bytes, linear)
[    0.737067] futex hash table entries: 8192 (524288 bytes on 1 NUMA nodes, total 512 KiB, linear).
[    0.738072] pinctrl core: initialized pinctrl subsystem
[    0.740090] PM: RTC time: 02:51:42, date: 2026-05-15
[    0.742044] NET: Registered PF_NETLINK/PF_ROUTE protocol family
[    0.744325] DMA: preallocated 4096 KiB GFP_KERNEL pool for atomic allocations
[    0.745613] DMA: preallocated 4096 KiB GFP_KERNEL|GFP_DMA pool for atomic allocations
[    0.747379] DMA: preallocated 4096 KiB GFP_KERNEL|GFP_DMA32 pool for atomic allocations
[    0.747915] audit: initializing netlink subsys (disabled)
[    0.748943] audit: type=2000 audit(1778813502.323:1): state=initialized audit_enabled=0 res=1
[    0.749128] thermal_sys: Registered thermal governor 'fair_share'
[    0.749900] thermal_sys: Registered thermal governor 'bang_bang'
[    0.750898] thermal_sys: Registered thermal governor 'step_wise'
[    0.751897] thermal_sys: Registered thermal governor 'user_space'
[    0.752897] thermal_sys: Registered thermal governor 'power_allocator'
[    0.753917] cpuidle: using governor ladder
[    0.755904] cpuidle: using governor menu
[    0.756982] acpiphp: ACPI Hot Plug PCI Controller Driver version: 0.5
[    0.758191] PCI: Using configuration type 1 for base access
[    0.759015] kprobes: kprobe jump-optimization is enabled. All kprobes are optimized if possible.
[    0.761014] HugeTLB: registered 1.00 GiB page size, pre-allocated 0 pages
[    0.761898] HugeTLB: 16380 KiB vmemmap can be freed for a 1.00 GiB page
[    0.762898] HugeTLB: registered 2.00 MiB page size, pre-allocated 0 pages
[    0.763897] HugeTLB: 28 KiB vmemmap can be freed for a 2.00 MiB page
[    0.769466] ACPI: Added _OSI(Module Device)
[    0.769897] ACPI: Added _OSI(Processor Device)
[    0.770898] ACPI: Added _OSI(Processor Aggregator Device)
[    0.775804] ACPI: 3 ACPI AML tables successfully acquired and loaded
[    0.779733] ACPI: Interpreter enabled
[    0.779938] ACPI: PM: (supports S0 S3 S4 S5)
[    0.780897] ACPI: Using IOAPIC for interrupt routing
[    0.782203] PCI: Using host bridge windows from ACPI; if necessary, use "pci=nocrs" and report a bug
[    0.782897] PCI: Ignoring E820 reservations for host bridge windows
[    0.784260] ACPI: Enabled 16 GPEs in block 00 to 0F
[    0.792413] ACPI: PCI Root Bridge [PCI0] (domain 0000 [bus 00-ff])
[    0.792903] acpi PNP0A03:00: _OSC: OS supports [ASPM ClockPM Segments MSI EDR HPX-Type3]
[    0.793898] acpi PNP0A03:00: _OSC: not requesting OS control; OS requires [ExtendedConfig ASPM ClockPM MSI]
[    0.794912] acpi PNP0A03:00: fail to add MMCONFIG information, can't access extended configuration space under this bridge
[    0.798231] PCI host bridge to bus 0000:00
[    0.798902] pci_bus 0000:00: root bus resource [io  0x0000-0x0cf7 window]
[    0.799898] pci_bus 0000:00: root bus resource [io  0x0d00-0xffff window]
[    0.800897] pci_bus 0000:00: root bus resource [mem 0x000a0000-0x000bffff window]
[    0.801897] pci_bus 0000:00: root bus resource [mem 0xc0000000-0xc53fffff window]
[    0.802897] pci_bus 0000:00: root bus resource [mem 0xc5440000-0xee3fffff window]
[    0.803897] pci_bus 0000:00: root bus resource [mem 0xee440000-0xfebfefff window]
[    0.804898] pci_bus 0000:00: root bus resource [mem 0x1040000000-0x2103fffffff window]
[    0.805898] pci_bus 0000:00: root bus resource [bus 00-ff]
[    0.806966] pci 0000:00:00.0: [8086:1237] type 00 class 0x060000 conventional PCI endpoint
[    0.811007] pci 0000:00:01.0: [8086:7110] type 00 class 0x060100 conventional PCI endpoint
[    0.817445] pci 0000:00:01.3: [8086:7113] type 00 class 0x068000 conventional PCI endpoint
[    0.822061] pci 0000:00:01.3: quirk: [io  0xb000-0xb03f] claimed by PIIX4 ACPI
[    0.824216] pci 0000:00:03.0: [1af4:1004] type 00 class 0x000000 conventional PCI endpoint
[    0.833925] pci 0000:00:03.0: BAR 0 [io  0xc040-0xc07f]
[    0.834913] pci 0000:00:03.0: BAR 1 [mem 0xc1001000-0xc100107f]
[    0.837631] pci 0000:00:04.0: [10de:1eb8] type 00 class 0x030200 conventional PCI endpoint
[    0.851924] pci 0000:00:04.0: BAR 0 [mem 0xc0000000-0xc0ffffff]
[    0.852927] pci 0000:00:04.0: BAR 1 [mem 0x1040000000-0x104fffffff 64bit pref]
[    0.853924] pci 0000:00:04.0: BAR 3 [mem 0x1050000000-0x1051ffffff 64bit pref]
[    0.856405] pci 0000:00:05.0: [1af4:1000] type 00 class 0x020000 conventional PCI endpoint
[    0.864925] pci 0000:00:05.0: BAR 0 [io  0xc000-0xc03f]
[    0.865912] pci 0000:00:05.0: BAR 1 [mem 0xc1000000-0xc10003ff]
[    0.867627] pci 0000:00:06.0: [1af4:1005] type 00 class 0x00ff00 conventional PCI endpoint
[    0.876928] pci 0000:00:06.0: BAR 0 [io  0xc080-0xc09f]
[    0.877914] pci 0000:00:06.0: BAR 1 [mem 0xc1002000-0xc100203f]
[    0.892085] ACPI: PCI: Interrupt link LNKA configured for IRQ 10
[    0.894054] ACPI: PCI: Interrupt link LNKB configured for IRQ 10
[    0.896060] ACPI: PCI: Interrupt link LNKC configured for IRQ 11
[    0.898041] ACPI: PCI: Interrupt link LNKD configured for IRQ 11
[    0.899951] ACPI: PCI: Interrupt link LNKS configured for IRQ 9
[    0.905172] iommu: Default domain type: Translated
[    0.905898] iommu: DMA domain TLB invalidation policy: lazy mode
[    0.908151] SCSI subsystem initialized
[    0.908946] ACPI: bus type USB registered
[    0.909924] usbcore: registered new interface driver usbfs
[    0.910908] usbcore: registered new interface driver hub
[    0.911916] usbcore: registered new device driver usb
[    0.912931] pps_core: LinuxPPS API ver. 1 registered
[    0.913897] pps_core: Software ver. 5.3.6 - Copyright 2005-2007 Rodolfo Giometti <giometti@linux.it>
[    0.914902] PTP clock support registered
[    0.915948] EDAC MC: Ver: 3.0.0
[    0.918131] efivars: Registered efivars operations
[    0.919979] NetLabel: Initializing
[    0.920897] NetLabel:  domain hash size = 128
[    0.921897] NetLabel:  protocols = UNLABELED CIPSOv4 CALIPSO
[    0.922931] NetLabel:  unlabeled traffic allowed by default
[    0.923939] mctp: management component transport protocol core
[    0.924898] NET: Registered PF_MCTP protocol family
[    0.925916] PCI: Using ACPI for IRQ routing
[    0.927172] vgaarb: loaded
[    0.928134] clocksource: Switched to clocksource kvm-clock
[    0.931074] VFS: Disk quotas dquot_6.6.0
[    0.932584] VFS: Dquot-cache hash table entries: 512 (order 0, 4096 bytes)
[    0.935548] AppArmor: AppArmor Filesystem Enabled
[    0.937323] pnp: PnP ACPI init
[    0.939371] pnp: PnP ACPI: found 7 devices
[    0.948255] clocksource: acpi_pm: mask: 0xffffff max_cycles: 0xffffff, max_idle_ns: 2085701024 ns
[    0.951568] NET: Registered PF_INET protocol family
[    0.953769] IP idents hash table entries: 262144 (order: 9, 2097152 bytes, linear)
[    0.980475] tcp_listen_portaddr_hash hash table entries: 32768 (order: 7, 524288 bytes, linear)
[    0.983732] Table-perturb hash table entries: 65536 (order: 6, 262144 bytes, linear)
[    0.987394] TCP established hash table entries: 524288 (order: 10, 4194304 bytes, linear)
[    0.991155] TCP bind hash table entries: 65536 (order: 9, 2097152 bytes, linear)
[    0.994145] TCP: Hash tables configured (established 524288 bind 65536)
[    0.997152] MPTCP token hash table entries: 65536 (order: 9, 1572864 bytes, linear)
[    1.000515] UDP hash table entries: 32768 (order: 9, 2097152 bytes, linear)
[    1.003674] UDP-Lite hash table entries: 32768 (order: 9, 2097152 bytes, linear)
[    1.006729] NET: Registered PF_UNIX/PF_LOCAL protocol family
[    1.008835] NET: Registered PF_XDP protocol family
[    1.010857] pci_bus 0000:00: resource 4 [io  0x0000-0x0cf7 window]
[    1.013142] pci_bus 0000:00: resource 5 [io  0x0d00-0xffff window]
[    1.015444] pci_bus 0000:00: resource 6 [mem 0x000a0000-0x000bffff window]
[    1.017931] pci_bus 0000:00: resource 7 [mem 0xc0000000-0xc53fffff window]
[    1.020476] pci_bus 0000:00: resource 8 [mem 0xc5440000-0xee3fffff window]
[    1.023015] pci_bus 0000:00: resource 9 [mem 0xee440000-0xfebfefff window]
[    1.025536] pci_bus 0000:00: resource 10 [mem 0x1040000000-0x2103fffffff window]
[    1.028335] pci 0000:00:00.0: Limiting direct PCI/PCI transfers
[    1.030700] PCI: CLS 0 bytes, default 64
[    1.032299] PCI-DMA: Using software bounce buffering for IO (SWIOTLB)
[    1.034695] software IO TLB: mapped [mem 0x00000000b7f7f000-0x00000000bbf7f000] (64MB)
[    1.037693] clocksource: tsc: mask: 0xffffffffffffffff max_cycles: 0x212733415c7, max_idle_ns: 440795236380 ns
[    1.041541] clocksource: Switched to clocksource tsc
[    1.064279] Initialise system trusted keyrings
[    1.066060] Key type blacklist registered
[    1.067874] workingset: timestamp_bits=36 max_order=24 bucket_order=0
[    1.070819] squashfs: version 4.0 (2009/01/31) Phillip Lougher
[    1.073283] fuse: init (API version 7.44)
[    1.075226] integrity: Platform Keyring initialized
[    1.077030] integrity: Machine keyring initialized
[    1.093721] Key type asymmetric registered
[    1.095168] Asymmetric key parser 'x509' registered
[    1.097085] Block layer SCSI generic (bsg) driver version 0.4 loaded (major 242)
[    1.100020] io scheduler mq-deadline registered
[    1.103424] ledtrig-cpu: registered to indicate activity on CPUs
[    1.105803] input: Power Button as /devices/LNXSYSTM:00/LNXPWRBN:00/input/input0
[    1.108699] ACPI: button: Power Button [PWRF]
[    1.110380] input: Sleep Button as /devices/LNXSYSTM:00/LNXSLPBN:00/input/input1
[    1.113076] ACPI: button: Sleep Button [SLPF]
[    1.121756] ACPI: \_SB_.LNKC: Enabled at IRQ 11
[    1.123523] virtio-pci 0000:00:03.0: virtio_pci: leaving for legacy driver
[    1.135065] ACPI: \_SB_.LNKA: Enabled at IRQ 10
[    1.136815] virtio-pci 0000:00:05.0: virtio_pci: leaving for legacy driver
[    1.148712] ACPI: \_SB_.LNKB: Enabled at IRQ 10
[    1.150478] virtio-pci 0000:00:06.0: virtio_pci: leaving for legacy driver
[    1.159023] Serial: 8250/16550 driver, 32 ports, IRQ sharing enabled
[    1.184799] 00:03: ttyS0 at I/O 0x3f8 (irq = 4, base_baud = 115200) is a 16550A
[    1.210224] 00:04: ttyS1 at I/O 0x2f8 (irq = 3, base_baud = 115200) is a 16550A
[    1.235499] 00:05: ttyS2 at I/O 0x3e8 (irq = 6, base_baud = 115200) is a 16550A
[    1.260706] 00:06: ttyS3 at I/O 0x2e8 (irq = 7, base_baud = 115200) is a 16550A
[    1.266045] Linux agpgart interface v0.103
[    1.269251] tpm_tis MSFT0101:00: 2.0 TPM (device-id 0x9009, rev-id 0)
[    1.287412] loop: module loaded
[    1.292346] virtio_scsi virtio0: 1/0/0 default/read/poll queues
[    1.312779] scsi host0: Virtio SCSI HBA
[    1.313883] blk-mq: reduced tag depth to 10240
[    1.320676] Key type psk registered
[    1.321030] scsi 0:0:1:0: Direct-Access     Google   PersistentDisk   1    PQ: 0 ANSI: 6
[    1.322371] ACPI: bus type drm_connector registered
[    1.325447] tun: Universal TUN/TAP device driver, 1.6
[    1.458375] sd 0:0:1:0: Attached scsi generic sg0 type 0
[    1.458547] sd 0:0:1:0: [sda] 4194304000 512-byte logical blocks: (2.15 TB/1.95 TiB)
[    1.492154] sd 0:0:1:0: [sda] 4096-byte physical blocks
[    1.508098] sd 0:0:1:0: [sda] Write Protect is off
[    1.524272] sd 0:0:1:0: [sda] Write cache: enabled, read cache: enabled, doesn't support DPO or FUA
[    1.558532] PPP generic driver version 2.4.2
[    1.560246] i8042: PNP: PS/2 Controller [PNP0303:KBD,PNP0f13:MOU] at 0x60,0x64 irq 1,12
[    1.562898] i8042: Warning: Keylock active
[    1.566393] serio: i8042 KBD port at 0x60,0x64 irq 1
[    1.568063] serio: i8042 AUX port at 0x60,0x64 irq 12
[    1.569920] mousedev: PS/2 mouse device common for all mice
[    1.571870] rtc_cmos 00:00: RTC can wake from S4
[    1.574673] rtc_cmos 00:00: registered as rtc0
[    1.576292] rtc_cmos 00:00: setting system clock to 2026-05-15T02:51:43 UTC (1778813503)
[    1.578833] rtc_cmos 00:00: alarms up to one day, 114 bytes nvram
[    1.579825] GPT:Primary header thinks Alt. header is not at the end of the disk.
[    1.580642] i2c_dev: i2c /dev entries driver
[    1.582836] GPT:104857599 != 4194303999
[    1.582838] GPT:Alternate GPT header not at the end of the disk.
[    1.582839] GPT:104857599 != 4194303999
[    1.582840] GPT: Use GNU Parted to correct GPT errors.
[    1.582847]  sda: sda1 sda14 sda15 sda16
[    1.584110] device-mapper: core: CONFIG_IMA_DISABLE_HTABLE is disabled. Duplicate IMA measurements will not be recorded in the IMA log.
[    1.585440] sd 0:0:1:0: [sda] Attached SCSI disk
[    1.586975] device-mapper: uevent: version 1.0.3
[    1.597009] device-mapper: ioctl: 4.50.0-ioctl (2025-04-28) initialised: dm-devel@lists.linux.dev
[    1.599636] intel_pstate: CPU model not supported
[    1.601201] drop_monitor: Initializing network drop monitor service
[    1.603922] NET: Registered PF_INET6 protocol family
[    1.606182] Segment Routing with IPv6
[    1.607405] In-situ OAM (IOAM) with IPv6
[    1.608478] NET: Registered PF_PACKET protocol family
[    1.610104] Key type dns_resolver registered
[    1.616041] IPI shorthand broadcast: enabled
[    1.620117] sched_clock: Marking stable (1452005230, 167553078)->(1860543717, -240985409)
[    1.622646] registered taskstats version 1
[    1.626210] Loading compiled-in X.509 certificates
[    1.628401] Loaded X.509 cert 'Build time autogenerated kernel key: e45cb4cd1c398ae218369364b5dd9534d3664c1e'
[    1.631402] Loaded X.509 cert 'Canonical Ltd. Live Patch Signing 2025 Kmod: d541cef61dc7e793b7eb7e899970a2eef0b5dc8c'
[    1.635019] Loaded X.509 cert 'Canonical Ltd. Live Patch Signing: 14df34d1a87cf37625abec039ef2bf521249b969'
[    1.638196] Loaded X.509 cert 'Canonical Ltd. Kernel Module Signing: 88f752e560a1e0737e31163a466ad7b70a850c19'
[    1.640716] blacklist: Loading compiled-in revocation X.509 certificates
[    1.642387] Loaded X.509 cert 'Canonical Ltd. Secure Boot Signing: 61482aa2830d0ab2ad5af10b7250da9033ddcef0'
[    1.644847] Loaded X.509 cert 'Canonical Ltd. Secure Boot Signing (2017): 242ade75ac4a15e50d50c84b0d45ff3eae707a03'
[    1.647658] Loaded X.509 cert 'Canonical Ltd. Secure Boot Signing (ESM 2018): 365188c1d374d6b07c3c8f240f8ef722433d6a8b'
[    1.650371] Loaded X.509 cert 'Canonical Ltd. Secure Boot Signing (2019): c0746fd6c5da3ae827864651ad66ae47fe24b3e8'
[    1.652898] Loaded X.509 cert 'Canonical Ltd. Secure Boot Signing (2021 v1): a8d54bbb3825cfb94fa13c9f8a594a195c107b8d'
[    1.655503] Loaded X.509 cert 'Canonical Ltd. Secure Boot Signing (2021 v2): 4cf046892d6fd3c9a5b03f98d845f90851dc6a8c'
[    1.658119] Loaded X.509 cert 'Canonical Ltd. Secure Boot Signing (2021 v3): 100437bb6de6e469b581e61cd66bce3ef4ed53af'
[    1.660702] Loaded X.509 cert 'Canonical Ltd. Secure Boot Signing (Ubuntu Core 2019): c1d57b8f6b743f23ee41f4f7ee292f06eecadfb9'
[    1.668618] Demotion targets for Node 0: null
[    1.669989] Key type .fscrypt registered
[    1.671016] Key type fscrypt-provisioning registered
[    1.672438] Key type big_key registered
[    1.673527] Key type trusted registered
[    1.676333] Key type encrypted registered
[    1.677392] AppArmor: AppArmor sha256 policy hashing enabled
[    1.679482] integrity: Loading X.509 certificate: UEFI:db
[    1.680828] integrity: Loaded X.509 cert 'Microsoft Corporation UEFI CA 2011: 13adbf4309bd82709c8cd54f316ed522988a1bd4'
[    1.683400] integrity: Loading X.509 certificate: UEFI:db
[    1.684794] integrity: Loaded X.509 cert 'Microsoft Windows Production PCA 2011: a92902398e16c49778cd90f99e4f9ae17c55af53'
[    1.687571] integrity: Loading X.509 certificate: UEFI:db
[    1.689134] integrity: Loaded X.509 cert 'Microsoft Corporation: Windows UEFI CA 2023: aefc5fbbbe055d8f8daa585473499417ab5a5272'
[    1.691986] integrity: Loading X.509 certificate: UEFI:db
[    1.693445] integrity: Loaded X.509 cert 'Microsoft UEFI CA 2023: 81aa6b3244c935bce0d6628af39827421e32497d'
[    1.696426] integrity: Revoking X.509 certificate: UEFI:dbx
[    1.697798] blacklist: Revoked X.509 cert 'Canonical Ltd. Secure Boot Signing: 61482aa2830d0ab2ad5af10b7250da9033ddcef0'
[    1.700777] integrity: Revoking X.509 certificate: UEFI:dbx
[    1.702431] blacklist: Revoked X.509 cert 'Cisco: Virtual UEFI SubCA: 13df2e3f54ebf347dcaecebf21d3cbb2355a4c9a'
[    1.705449] integrity: Revoking X.509 certificate: UEFI:dbx
[    1.706909] blacklist: Revoked X.509 cert 'Debian Secure Boot Signer: 00a7468def'
[    1.709500] Loading compiled-in module X.509 certificates
[    1.711457] Loaded X.509 cert 'Build time autogenerated kernel key: e45cb4cd1c398ae218369364b5dd9534d3664c1e'
[    1.714014] ima: Allocated hash algorithm: sha256
[    1.753236] ima: No architecture policies found
[    1.754708] evm: Initialising EVM extended attributes:
[    1.756018] evm: security.selinux
[    1.756866] evm: security.SMACK64
[    1.757744] evm: security.SMACK64EXEC
[    1.758653] evm: security.SMACK64TRANSMUTE
[    1.759680] evm: security.SMACK64MMAP
[    1.760525] evm: security.apparmor
[    1.761406] evm: security.ima
[    1.762089] evm: security.capability
[    1.763041] evm: HMAC attrs: 0x1
[    1.764263] PM:   Magic number: 10:668:864
[    1.767899] RAS: Correctable Errors collector initialized.
[    1.778114] input: AT Translated Set 2 keyboard as /devices/platform/i8042/serio0/input/input2
[    1.781348] clk: Disabling unused clocks
[    1.782395] PM: genpd: Disabling unused power domains
[    1.784482] check access for rdinit=/init failed: -2, ignoring
[    1.785381] md: Waiting for all devices to be available before autodetect
[    1.786347] md: If you don't use raid, use raid=noautodetect
[    1.787225] md: Autodetecting RAID arrays.
[    1.787849] md: autorun ...
[    1.788290] md: ... autorun DONE.
[    1.799109] EXT4-fs (sda1): mounted filesystem 89fcf612-67c3-434b-97ea-2cfdbfe01b5b ro with ordered data mode. Quota mode: none.
[    1.800817] VFS: Mounted root (ext4 filesystem) readonly on device 8:1.
[    1.804867] devtmpfs: mounted
[    1.807584] Freeing unused decrypted memory: 2028K
[    1.810142] Freeing unused kernel image (initmem) memory: 5404K
[    1.811241] Write protecting the kernel read-only data: 38912k
[    1.812900] Freeing unused kernel image (text/rodata gap) memory: 320K
[    1.814403] Freeing unused kernel image (rodata/data gap) memory: 776K
[    1.873743] x86/mm: Checked W+X mappings: passed, no W+X pages found.
[    1.874709] x86/mm: Checking user space page tables
[    1.933302] x86/mm: Checked W+X mappings: passed, no W+X pages found.
[    1.934266] Run /sbin/init as init process
[    2.175526] systemd[1]: Inserted module 'autofs4'
[    2.333542] systemd[1]: systemd 255.4-1ubuntu8.15 running in system mode (+PAM +AUDIT +SELINUX +APPARMOR +IMA +SMACK +SECCOMP +GCRYPT -GNUTLS +OPENSSL +ACL +BLKID +CURL +ELFUTILS +FIDO2 +IDN2 -IDN +IPTC +KMOD +LIBCRYPTSETUP +LIBFDISK +PCRE2 -PWQUALITY +P11KIT +QRENCODE +TPM2 +BZIP2 +LZ4 +XZ +ZLIB +ZSTD -BPF_FRAMEWORK -XKBCOMMON +UTMP +SYSVINIT default-hierarchy=unified)
[    2.338380] systemd[1]: Detected virtualization google.
[    2.339162] systemd[1]: Detected architecture x86-64.

Welcome to [1mUbuntu 24.04.4 LTS[0m!

[    2.344705] systemd[1]: No hostname configured, using default hostname.
[    2.345769] systemd[1]: Hostname set to <localhost>.
[    2.753428] systemd[1]: Queued start job for default target graphical.target.
[    2.778882] systemd[1]: Created slice system-modprobe.slice - Slice /system/modprobe.
[[0;32m  OK  [0m] Created slice [0;1;39msystem-modprobe.slice[0m - Slice /system/modprobe.
[    2.784695] systemd[1]: Created slice system-serial\x2dgetty.slice - Slice /system/serial-getty.
[[0;32m  OK  [0m] Created slice [0;1;39msystem-serial\x2dget…slice[0m - Slice /system/serial-getty.
[    2.790191] systemd[1]: Created slice system-systemd\x2dfsck.slice - Slice /system/systemd-fsck.
[[0;32m  OK  [0m] Created slice [0;1;39msystem-systemd\x2dfs…slice[0m - Slice /system/systemd-fsck.
[    2.795092] systemd[1]: Created slice user.slice - User and Session Slice.
[[0;32m  OK  [0m] Created slice [0;1;39muser.slice[0m - User and Session Slice.
[    2.798690] systemd[1]: Started systemd-ask-password-wall.path - Forward Password Requests to Wall Directory Watch.
[[0;32m  OK  [0m] Started [0;1;39msystemd-ask-password-wall.…[0md Requests to Wall Directory Watch.
[    2.803844] systemd[1]: Set up automount proc-sys-fs-binfmt_misc.automount - Arbitrary Executable File Formats File System Automount Point.
[[0;32m  OK  [0m] Set up automount [0;1;39mproc-sys-fs-binfm…[0mormats File System Automount Point.
[    2.808626] systemd[1]: Expecting device dev-disk-by\x2dlabel-BOOT.device - /dev/disk/by-label/BOOT...
         Expecting device [0;1;39mdev-disk-by\x2dla…device[0m - /dev/disk/by-label/BOOT...
[    2.812618] systemd[1]: Expecting device dev-disk-by\x2dlabel-UEFI.device - /dev/disk/by-label/UEFI...
         Expecting device [0;1;39mdev-disk-by\x2dla…device[0m - /dev/disk/by-label/UEFI...
[    2.815594] systemd[1]: Expecting device dev-ttyS0.device - /dev/ttyS0...
         Expecting device [0;1;39mdev-ttyS0.device[0m - /dev/ttyS0...
[    2.819637] systemd[1]: Reached target integritysetup.target - Local Integrity Protected Volumes.
[[0;32m  OK  [0m] Reached target [0;1;39mintegritysetup.targ…[0m Local Integrity Protected Volumes.
[    2.824645] systemd[1]: Reached target slices.target - Slice Units.
[[0;32m  OK  [0m] Reached target [0;1;39mslices.target[0m - Slice Units.
[    2.828624] systemd[1]: Reached target snapd.mounts-pre.target - Mounting snaps.
[[0;32m  OK  [0m] Reached target [0;1;39msnapd.mounts-pre.target[0m - Mounting snaps.
[    2.832628] systemd[1]: Reached target swap.target - Swaps.
[[0;32m  OK  [0m] Reached target [0;1;39mswap.target[0m - Swaps.
[    2.835649] systemd[1]: Reached target time-set.target - System Time Set.
[[0;32m  OK  [0m] Reached target [0;1;39mtime-set.target[0m - System Time Set.
[    2.839675] systemd[1]: Reached target veritysetup.target - Local Verity Protected Volumes.
[[0;32m  OK  [0m] Reached target [0;1;39mveritysetup.target[0m - Local Verity Protected Volumes.
[    2.844715] systemd[1]: Listening on dm-event.socket - Device-mapper event daemon FIFOs.
[[0;32m  OK  [0m] Listening on [0;1;39mdm-event.socket[0m - Device-mapper event daemon FIFOs.
[    2.848778] systemd[1]: Listening on lvm2-lvmpolld.socket - LVM2 poll daemon socket.
[[0;32m  OK  [0m] Listening on [0;1;39mlvm2-lvmpolld.socket[0m - LVM2 poll daemon socket.
[    2.852802] systemd[1]: Listening on multipathd.socket - multipathd control socket.
[[0;32m  OK  [0m] Listening on [0;1;39mmultipathd.socket[0m - multipathd control socket.
[    2.856789] systemd[1]: Listening on syslog.socket - Syslog Socket.
[[0;32m  OK  [0m] Listening on [0;1;39msyslog.socket[0m - Syslog Socket.
[    2.860733] systemd[1]: Listening on systemd-fsckd.socket - fsck to fsckd communication Socket.
[[0;32m  OK  [0m] Listening on [0;1;39msystemd-fsckd.socket[0m …fsck to fsckd communication Socket.
[    2.864697] systemd[1]: Listening on systemd-initctl.socket - initctl Compatibility Named Pipe.
[[0;32m  OK  [0m] Listening on [0;1;39msystemd-initctl.socke…[0m- initctl Compatibility Named Pipe.
[    2.869806] systemd[1]: Listening on systemd-journald-dev-log.socket - Journal Socket (/dev/log).
[[0;32m  OK  [0m] Listening on [0;1;39msystemd-journald-dev-…socket[0m - Journal Socket (/dev/log).
[    2.874791] systemd[1]: Listening on systemd-journald.socket - Journal Socket.
[[0;32m  OK  [0m] Listening on [0;1;39msystemd-journald.socket[0m - Journal Socket.
[    2.878831] systemd[1]: Listening on systemd-networkd.socket - Network Service Netlink Socket.
[[0;32m  OK  [0m] Listening on [0;1;39msystemd-networkd.socket[0m - Network Service Netlink Socket.
[    2.883659] systemd[1]: systemd-pcrextend.socket - TPM2 PCR Extension (Varlink) was skipped because of an unmet condition check (ConditionSecurity=measured-uki).
[    2.885903] systemd[1]: Listening on systemd-udevd-control.socket - udev Control Socket.
[[0;32m  OK  [0m] Listening on [0;1;39msystemd-udevd-control.socket[0m - udev Control Socket.
[    2.890784] systemd[1]: Listening on systemd-udevd-kernel.socket - udev Kernel Socket.
[[0;32m  OK  [0m] Listening on [0;1;39msystemd-udevd-kernel.socket[0m - udev Kernel Socket.
[    2.912699] systemd[1]: Mounting dev-hugepages.mount - Huge Pages File System...
         Mounting [0;1;39mdev-hugepages.mount[0m - Huge Pages File System...
[    2.917717] systemd[1]: Mounting dev-mqueue.mount - POSIX Message Queue File System...
         Mounting [0;1;39mdev-mqueue.mount[0m - POSIX Message Queue File System...
[    2.922634] systemd[1]: Mounting sys-kernel-debug.mount - Kernel Debug File System...
         Mounting [0;1;39msys-kernel-debug.mount[0m - Kernel Debug File System...
[    2.927832] systemd[1]: Mounting sys-kernel-tracing.mount - Kernel Trace File System...
         Mounting [0;1;39msys-kernel-tracing.mount[0m - Kernel Trace File System...
[    2.935726] systemd[1]: Starting systemd-journald.service - Journal Service...
         Starting [0;1;39msystemd-journald.service[0m - Journal Service...
[    2.942196] systemd[1]: Starting keyboard-setup.service - Set the console keyboard layout...
         Starting [0;1;39mkeyboard-setup.service[0m - Set the console keyboard layout...
[    2.948006] systemd[1]: Starting kmod-static-nodes.service - Create List of Static Device Nodes...
         Starting [0;1;39mkmod-static-nodes.service[0m…eate List of Static Device Nodes...
[    2.953775] systemd[1]: Starting lvm2-monitor.service - Monitoring of LVM2 mirrors, snapshots etc. using dmeventd or progress polling...
         Starting [0;1;39mlvm2-monitor.service[0m - Mo…ing dmeventd or progress polling...
[    2.957817] systemd-journald[287]: Collecting audit messages is disabled.
[    2.958452] systemd[1]: Starting modprobe@configfs.service - Load Kernel Module configfs...
         Starting [0;1;39mmodprobe@configfs.service[0m - Load Kernel Module configfs...
[    2.964765] systemd[1]: Starting modprobe@dm_mod.service - Load Kernel Module dm_mod...
         Starting [0;1;39mmodprobe@dm_mod.service[0m - Load Kernel Module dm_mod...
[    2.969667] systemd[1]: Starting modprobe@drm.service - Load Kernel Module drm...
         Starting [0;1;39mmodprobe@drm.service[0m - Load Kernel Module drm...
[    2.974760] systemd[1]: Starting modprobe@efi_pstore.service - Load Kernel Module efi_pstore...
         Starting [0;1;39mmodprobe@efi_pstore.servi…[0m - Load Kernel Module efi_pstore...
[    2.978833] systemd[1]: Starting modprobe@fuse.service - Load Kernel Module fuse...
         Starting [0;1;39mmodprobe@fuse.service[0m - Load Kernel Module fuse...
[    2.983978] pstore: Using crash dump compression: deflate
[    2.984702] systemd[1]: Starting modprobe@loop.service - Load Kernel Module loop...
         Starting [0;1;39mmodprobe@loop.service[0m - Load Kernel Module loop...
[    2.991994] systemd[1]: Starting modprobe@nvme_fabrics.service - Load Kernel Module nvme_fabrics...
[    2.993822] pstore: Registered efi_pstore as persistent store backend
         Starting [0;1;39mmodprobe@nvme_fabrics.ser…[0m Load Kernel Module nvme_fabrics...
[    2.996940] systemd[1]: netplan-ovs-cleanup.service - OpenVSwitch configuration for cleanup was skipped because of an unmet condition check (ConditionFileIsExecutable=/usr/bin/ovs-vsctl).
[    3.001261] systemd[1]: Starting systemd-fsck-root.service - File System Check on Root Device...
         Starting [0;1;39msystemd-fsck-root.service[0m…File System Check on Root Device...
[    3.007159] systemd[1]: Starting systemd-modules-load.service - Load Kernel Modules...
         Starting [0;1;39msystemd-modules-load.service[0m - Load Kernel Modules...
[    3.011639] systemd[1]: systemd-pcrmachine.service - TPM2 PCR Machine ID Measurement was skipped because of an unmet condition check (ConditionSecurity=measured-uki).
[    3.013956] systemd[1]: systemd-tpm2-setup-early.service - TPM2 SRK Setup (Early) was skipped because of an unmet condition check (ConditionSecurity=measured-uki).
[    3.017473] systemd[1]: Starting systemd-udev-trigger.service - Coldplug All udev Devices...
         Starting [0;1;39msystemd-udev-trigger.service[0m - Coldplug All udev Devices...
[    3.022630] systemd[1]: Started systemd-journald.service - Journal Service.
[[0;32m  OK  [0m] Started [0;1;39msystemd-journald.service[0m - Journal Service.
[[0;32m  OK  [0m] Mounted [0;1;39mdev-hugepages.mount[0m - Huge Pages File System.
[[0;32m  OK  [0m] Mounted [0;1;39mdev-mqueue.mount[0m - POSIX Message Queue File System.
[[0;32m  OK  [0m] Mounted [0;1;39msys-kernel-debug.mount[0m - Kernel Debug File System.
[[0;32m  OK  [0m] Mounted [0;1;39msys-kernel-tracing.mount[0m - Kernel Trace File System.
[[0;32m  OK  [0m] Finished [0;1;39mkeyboard-setup.service[0m - Set the console keyboard layout.
[[0;32m  OK  [0m] Finished [0;1;39mkmod-static-nodes.service[0m…Create List of Static Device Nodes.
[[0;32m  OK  [0m] Finished [0;1;39mmodprobe@configfs.service[0m - Load Kernel Module configfs.
[[0;32m  OK  [0m] Finished [0;1;39mmodprobe@dm_mod.service[0m - Load Kernel Module dm_mod.
[[0;32m  OK  [0m] Finished [0;1;39mmodprobe@drm.service[0m - Load Kernel Module drm.
[[0;32m  OK  [0m] Finished [0;1;39mmodprobe@efi_pstore.service[0m - Load Kernel Module efi_pstore.
[[0;32m  OK  [0m] Finished [0;1;39mmodprobe@fuse.service[0m - Load Kernel Module fuse.
[[0;32m  OK  [0m] Finished [0;1;39mmodprobe@loop.service[0m - Load Kernel Module loop.
[[0;32m  OK  [0m] Finished [0;1;39mmodprobe@nvme_fabrics.ser…[0m - Load Kernel Module nvme_fabrics.
[[0;32m  OK  [0m] Finished [0;1;39msystemd-fsck-root.service[0m - File System Check on Root Device.
[[0;32m  OK  [0m] Finished [0;1;39msystemd-modules-load.service[0m - Load Kernel Modules.
[[0;32m  OK  [0m] Finished [0;1;39mlvm2-monitor.service[0m - Mo…using dmeventd or progress polling.
         Mounting [0;1;39msys-fs-fuse-connections.mount[0m - FUSE Control File System...
         Mounting [0;1;39msys-kernel-config.mount[0m - Kernel Configuration File System...
[[0;32m  OK  [0m] Started [0;1;39msystemd-fsckd.service[0m - Fi…stem Check Daemon to report status.
         Starting [0;1;39msystemd-remount-fs.servic…[0munt Root and Kernel File Systems...
         Starting [0;1;39msystemd-sysctl.service[0m - Apply Kernel Variables...
         Starting [0;1;39msystemd-tmpfiles-setup-de…[0m Device Nodes in /dev gracefully...
[[0;32m  OK  [0m] Mounted [0;1;39msys-fs-fuse-connections.mount[0m - FUSE Control File System.
[[0;32m  OK  [0m] Mounted [0;1;39msys-kernel-config.mount[0m - Kernel Configuration File System.
[[0;32m  OK  [0m] Finished [0;1;39msystemd-sysctl.service[0m - Apply Kernel Variables.
[[0;32m  OK  [0m] Finished [0;1;39msystemd-tmpfiles-setup-de…[0mic Device Nodes in /dev gracefully.
[[0;32m  OK  [0m] Finished [0;1;39msystemd-remount-fs.servic…[0mmount Root and Kernel File Systems.
[[0;32m  OK  [0m] Finished [0;1;39msystemd-udev-trigger.service[0m - Coldplug All udev Devices.
         Starting [0;1;39mmultipathd.service[0m - Devi…pper Multipath Device Controller...
         Starting [0;1;39msystemd-journal-flush.ser…[0msh Journal to Persistent Storage...
         Starting [0;1;39msystemd-random-seed.service[0m - Load/Save OS Random Seed...
         Starting [0;1;39msystemd-tmpfiles-setup-de…[0meate Static Device Nodes in /dev...
[[0;32m  OK  [0m] Finished [0;1;39msystemd-random-seed.service[0m - Load/Save OS Random Seed.
[[0;32m  OK  [0m] Finished [0;1;39msystemd-tmpfiles-setup-de…[0mCreate Static Device Nodes in /dev.
         Starting [0;1;39msystemd-udevd.service[0m - R…ager for Device Events and Files...
[[0;32m  OK  [0m] Started [0;1;39mmultipathd.service[0m - Devic…Mapper Multipath Device Controller.
[[0;32m  OK  [0m] Started [0;1;39msystemd-udevd.service[0m - Ru…anager for Device Events and Files.
[[0;32m  OK  [0m] Reached target [0;1;39mlocal-fs-pre.target[0m…Preparation for Local File Systems.
         Mounting [0;1;39msnap-core22-2411.mount[0m - …t unit for core22, revision 2411...
         Mounting [0;1;39msnap-google\x2dcloud\x2dc…[0mr google-cloud-cli, revision 448...
         Mounting [0;1;39msnap-snapd-26865.mount[0m - …t unit for snapd, revision 26865...
[[0;32m  OK  [0m] Started [0;1;39msystemd-ask-password-conso…[0mequests to Console Directory Watch.
[[0;32m  OK  [0m] Reached target [0;1;39mcryptsetup.target[0m - Local Encrypted Volumes.
[[0;32m  OK  [0m] Finished [0;1;39msystemd-journal-flush.ser…[0mlush Journal to Persistent Storage.
[[0;32m  OK  [0m] Mounted [0;1;39msnap-core22-2411.mount[0m - Mount unit for core22, revision 2411.
[[0;32m  OK  [0m] Mounted [0;1;39msnap-google\x2dcloud\x2dcl…[0mfor google-cloud-cli, revision 448.
[[0;32m  OK  [0m] Mounted [0;1;39msnap-snapd-26865.mount[0m - Mount unit for snapd, revision 26865.
[[0;32m  OK  [0m] Found device [0;1;39mdev-ttyS0.device[0m - /dev/ttyS0.
[[0;32m  OK  [0m] Found device [0;1;39mdev-disk-by\x2dlabel-UEFI.device[0m - PersistentDisk UEFI.
[[0;32m  OK  [0m] Found device [0;1;39mdev-disk-by\x2dlabel-BOOT.device[0m - PersistentDisk BOOT.
[[0;32m  OK  [0m] Reached target [0;1;39msnapd.mounts.target[0m - Mounted snaps.
[[0;32m  OK  [0m] Listening on [0;1;39msystemd-rfkill.socket[0m…ll Switch Status /dev/rfkill Watch.
[    3.694892] 
         Starting [0;1;39msystemd-fsck@dev-disk-by\…[0mCheck on /dev/disk/by-label/BOOT...
         Starting [0;1;39msystemd-fsck@dev-disk-by\…[0mCheck on /dev/disk/by-label/UEFI...
Checking in progress on 1 disk (0.0% complete)[[0;32m  OK  [0m] Finished [0;1;39msystemd-fsck@dev-disk-by\…[0mm Check on /dev/disk/by-label/BOOT.
Checking in progress on 0 disks (100.0% complete)[[0;32m  OK  [0m] Finished [0;1;39msystemd-fsck@dev-disk-by\…[0mm Check on /dev/disk/by-label/UEFI.
         Mounting [0;1;39mboot.mount[0m - /boot...
[[0;32m  OK  [0m] Mounted [0;1;39mboot.mount[0m - /boot.
         Mounting [0;1;39mboot-efi.mount[0m - /boot/efi...
[[0;32m  OK  [0m] Mounted [0;1;39mboot-efi.mount[0m - /boot/efi.
[[0;32m  OK  [0m] Reached target [0;1;39mlocal-fs.target[0m - Local File Systems.
[[0;32m  OK  [0m] Listening on [0;1;39msystemd-sysext.socket[0m…tension Image Management (Varlink).
         Starting [0;1;39mapparmor.service[0m - Load AppArmor profiles...
         Starting [0;1;39mconsole-setup.service[0m - Set console font and keymap...
         Starting [0;1;39mfinalrd.service[0m - Create …time dir for shutdown pivot root...
         Starting [0;1;39mplymouth-read-write.servi…[0mymouth To Write Out Runtime Data...
         Starting [0;1;39msystemd-binfmt.service[0m - Set Up Additional Binary Formats...
         Starting [0;1;39msystemd-tmpfiles-setup.se…[0me Volatile Files and Directories...
         Starting [0;1;39mufw.service[0m - Uncomplicated firewall...
[[0;32m  OK  [0m] Finished [0;1;39mconsole-setup.service[0m - Set console font and keymap.
[[0;32m  OK  [0m] Finished [0;1;39mfinalrd.service[0m - Create …untime dir for shutdown pivot root.
[[0;32m  OK  [0m] Finished [0;1;39mplymouth-read-write.servi…[0mPlymouth To Write Out Runtime Data.
[[0;32m  OK  [0m] Finished [0;1;39mapparmor.service[0m - Load AppArmor profiles.
[[0;32m  OK  [0m] Finished [0;1;39msystemd-tmpfiles-setup.se…[0mate Volatile Files and Directories.
[[0;32m  OK  [0m] Finished [0;1;39mufw.service[0m - Uncomplicated firewall.
         Mounting [0;1;39mproc-sys-fs-binfmt_misc.m…[0mcutable File Formats File System...
         Starting [0;1;39msnapd.apparmor.service[0m - …iles managed internally by snapd...
         Starting [0;1;39msystemd-resolved.service[0m - Network Name Resolution...
         Starting [0;1;39msystemd-update-utmp.servi…[0mord System Boot/Shutdown in UTMP...
         Starting [0;1;39mcloud-init-local.service[0m …-init: Local Stage (pre-network)...
[[0;32m  OK  [0m] Mounted [0;1;39mproc-sys-fs-binfmt_misc.mo…[0mxecutable File Formats File System.
[[0;32m  OK  [0m] Finished [0;1;39msystemd-binfmt.service[0m - Set Up Additional Binary Formats.
         Starting [0;1;39mmodprobe@dm_mod.service[0m - Load Kernel Module dm_mod...
         Starting [0;1;39mmodprobe@efi_pstore.servi…[0m - Load Kernel Module efi_pstore...
         Starting [0;1;39mmodprobe@loop.service[0m - Load Kernel Module loop...
[[0;32m  OK  [0m] Finished [0;1;39msystemd-update-utmp.servi…[0mecord System Boot/Shutdown in UTMP.
[[0;32m  OK  [0m] Finished [0;1;39mmodprobe@dm_mod.service[0m - Load Kernel Module dm_mod.
[[0;32m  OK  [0m] Finished [0;1;39mmodprobe@efi_pstore.service[0m - Load Kernel Module efi_pstore.
[[0;32m  OK  [0m] Finished [0;1;39mmodprobe@loop.service[0m - Load Kernel Module loop.
[[0;32m  OK  [0m] Started [0;1;39msystemd-resolved.service[0m - Network Name Resolution.
[[0;32m  OK  [0m] Reached target [0;1;39mnss-lookup.target[0m - Host and Network Name Lookups.
[[0;32m  OK  [0m] Finished [0;1;39msnapd.apparmor.service[0m - …ofiles managed internally by snapd.
[    6.063123] cloud-init[715]: Cloud-init v. 25.3-0ubuntu1~24.04.1 running 'init-local' at Fri, 15 May 2026 02:51:48 +0000. Up 6.04 seconds.
         Starting [0;1;39mmodprobe@dm_mod.service[0m - Load Kernel Module dm_mod...
         Starting [0;1;39mmodprobe@efi_pstore.servi…[0m - Load Kernel Module efi_pstore...
         Starting [0;1;39mmodprobe@loop.service[0m - Load Kernel Module loop...
[[0;32m  OK  [0m] Finished [0;1;39mmodprobe@dm_mod.service[0m - Load Kernel Module dm_mod.
[[0;32m  OK  [0m] Finished [0;1;39mmodprobe@efi_pstore.service[0m - Load Kernel Module efi_pstore.
[[0;32m  OK  [0m] Finished [0;1;39mmodprobe@loop.service[0m - Load Kernel Module loop.
         Starting [0;1;39mmodprobe@dm_mod.service[0m - Load Kernel Module dm_mod...
         Starting [0;1;39mmodprobe@efi_pstore.servi…[0m - Load Kernel Module efi_pstore...
         Starting [0;1;39mmodprobe@loop.service[0m - Load Kernel Module loop...
[[0;32m  OK  [0m] Finished [0;1;39mmodprobe@dm_mod.service[0m - Load Kernel Module dm_mod.
[[0;32m  OK  [0m] Finished [0;1;39mmodprobe@efi_pstore.service[0m - Load Kernel Module efi_pstore.
[[0;32m  OK  [0m] Finished [0;1;39mmodprobe@loop.service[0m - Load Kernel Module loop.
[[0;32m  OK  [0m] Finished [0;1;39mcloud-init-local.service[0m …ud-init: Local Stage (pre-network).
[[0;32m  OK  [0m] Reached target [0;1;39mnetwork-pre.target[0m - Preparation for Network.
         Starting [0;1;39msystemd-networkd.service[0m - Network Configuration...
[[0;32m  OK  [0m] Started [0;1;39msystemd-networkd.service[0m - Network Configuration.
[[0;32m  OK  [0m] Reached target [0;1;39mnetwork.target[0m - Network.
         Starting [0;1;39msystemd-networkd-wait-onl…[0mait for Network to be Configured...
[[0;32m  OK  [0m] Finished [0;1;39msystemd-networkd-wait-onl…[0m Wait for Network to be Configured.
         Starting [0;1;39mcloud-init.service[0m - Cloud-init: Network Stage...
[   10.931124] cloud-init[812]: Cloud-init v. 25.3-0ubuntu1~24.04.1 running 'init' at Fri, 15 May 2026 02:51:53 +0000. Up 10.91 seconds.
[   10.946140] cloud-init[812]: ci-info: +++++++++++++++++++++++++++++++++++++++Net device info+++++++++++++++++++++++++++++++++++++++
[   10.960210] cloud-init[812]: ci-info: +--------+------+----------------------------+-----------------+--------+-------------------+
[   10.974123] cloud-init[812]: ci-info: | Device |  Up  |          Address           |       Mask      | Scope  |     Hw-Address    |
[   10.988123] cloud-init[812]: ci-info: +--------+------+----------------------------+-----------------+--------+-------------------+
[   11.002121] cloud-init[812]: ci-info: |  ens5  | True |       10.128.15.201        | 255.255.255.255 | global | 42:01:0a:80:0f:c9 |
[   11.016132] cloud-init[812]: ci-info: |  ens5  | True | fe80::4001:aff:fe80:fc9/64 |        .        |  link  | 42:01:0a:80:0f:c9 |
[   11.030217] cloud-init[812]: ci-info: |   lo   | True |         127.0.0.1          |    255.0.0.0    |  host  |         .         |
[   11.043165] cloud-init[812]: ci-info: |   lo   | True |          ::1/128           |        .        |  host  |         .         |
[   11.057213] cloud-init[812]: ci-info: +--------+------+----------------------------+-----------------+--------+-------------------+
[   11.071157] cloud-init[812]: ci-info: +++++++++++++++++++++++++++++++Route IPv4 info++++++++++++++++++++++++++++++++
[   11.083162] cloud-init[812]: ci-info: +-------+-----------------+------------+-----------------+-----------+-------+
[   11.096177] cloud-init[812]: ci-info: | Route |   Destination   |  Gateway   |     Genmask     | Interface | Flags |
[   11.109235] cloud-init[812]: ci-info: +-------+-----------------+------------+-----------------+-----------+-------+
[   11.121136] cloud-init[812]: ci-info: |   0   |     0.0.0.0     | 10.128.0.1 |     0.0.0.0     |    ens5   |   UG  |
[   11.133145] cloud-init[812]: ci-info: |   1   |    10.128.0.1   |  0.0.0.0   | 255.255.255.255 |    ens5   |   UH  |
[   11.146167] cloud-init[812]: ci-info: |   2   | 169.254.169.254 | 10.128.0.1 | 255.255.255.255 |    ens5   |  UGH  |
[   11.159324] cloud-init[812]: ci-info: +-------+-----------------+------------+-----------------+-----------+-------+
[   11.171134] cloud-init[812]: ci-info: +++++++++++++++++++Route IPv6 info+++++++++++++++++++
[   11.180144] cloud-init[812]: ci-info: +-------+-------------+---------+-----------+-------+
[   11.191220] cloud-init[812]: ci-info: | Route | Destination | Gateway | Interface | Flags |
[   11.201119] cloud-init[812]: ci-info: +-------+-------------+---------+-----------+-------+
[   11.212092] cloud-init[812]: ci-info: |   0   |  fe80::/64  |    ::   |    ens5   |   U   |
[   11.222119] cloud-init[812]: ci-info: |   2   |    local    |    ::   |    ens5   |   U   |
[   11.232154] cloud-init[812]: ci-info: |   3   |  multicast  |    ::   |    ens5   |   U   |
[   11.242158] cloud-init[812]: ci-info: +-------+-------------+---------+-----------+-------+
[   17.276313] cloud-init[812]: Generating public/private rsa key pair.
[   17.284190] cloud-init[812]: Your identification has been saved in /etc/ssh/ssh_host_rsa_key
[   17.294170] cloud-init[812]: Your public key has been saved in /etc/ssh/ssh_host_rsa_key.pub
[   17.304167] cloud-init[812]: The key fingerprint is:
[   17.310115] cloud-init[812]: SHA256:p4n1+AfDKq+17D6xoQIpzLcWBPB8Wa4F1Nrm5+JlTO8 root@loadgen-fmc1
[   17.320120] cloud-init[812]: The key's randomart image is:
[   17.326119] cloud-init[812]: +---[RSA 3072]----+
[[0;32m  OK  [0m] Finished [0;1;39mcloud-init.service[0m - Cloud-init: Network Stage.
[   17.332108] cloud-init[812]: |o  .o..          |
[   17.347144] cloud-init[812]: | +   =.          |
[[0;32m  OK  [0m] Reached target [0;1;39mcloud-config.target[0m - Cloud-config availability.
[   17.347395] cloud-init[812]: |  + ooo          |
[[0;32m  OK  [0m] Reached target [0;1;39mnetwork-online.target[0m - Network is Online.
[   17.361309] cloud-init[812]: |   o.oo          |
[[0;32m  OK  [0m] Reached target [0;1;39msysinit.target[0m - System Initialization.
[   17.375299] cloud-init[812]: |o ...o  S..      |
[[0;32m  OK  [0m] Started [0;1;39mnvidia-cdi-refresh.path[0m - …r toolkit install / upgrade events.
[[0;32m  OK  [0m] Started [0;1;39mgce-workload-cert-refresh.…[0mWorkload Certificate refresh timer.
[   17.394415] cloud-init[812]: |.ooo  .=+B+      |
[[0;32m  OK  [0m] Started [0;1;39mgoogle-oslogin-cache.timer[0m - NSS cache refresh timer.
[   17.420131] cloud-init[812]: | ...o .+O=oo     |
[[0;32m  OK  [0m] Started [0;1;39msystemd-tmpfiles-clean.tim…[0my Cleanup of Temporary Directories.
[   17.434120] cloud-init[812]: |   o. +==+  .    |
[   17.450176] cloud-init[812]: |  .  ooB*.E.     |
[[0;32m  OK  [0m] Started [0;1;39mupdate-notifier-download.t…[0mhat failed at package install time.
[   17.450407] cloud-init[812]: +----[SHA256]-----+
[[0;32m  OK  [0m] Reached target [0;1;39mpaths.target[0m - Path Units.
[   17.466339] cloud-init[812]: Generating public/private ecdsa key pair.
[[0;32m  OK  [0m] Listening on [0;1;39mcloud-init-hotplugd.s…t[0m - cloud-init hotplug hook socket.
[   17.486267] cloud-init[812]: Your identification has been saved in /etc/ssh/ssh_host_ecdsa_key
[[0;32m  OK  [0m] Listening on [0;1;39mdbus.socket[0m - D-Bus System Message Bus Socket.
[   17.497431] cloud-init[812]: Your public key has been saved in /etc/ssh/ssh_host_ecdsa_key.pub
         Starting [0;1;39mdocker.socket[0m - Docker Socket for the API...
[   17.526133] cloud-init[812]: The key fingerprint is:
[[0;32m  OK  [0m] Listening on [0;1;39miscsid.socket[0m - Open-iSCSI iscsid Socket.
[   17.539138] cloud-init[812]: SHA256:UpyXI1SLIErQrMioT0VmPv3wHsaxgBCHKajGLnGGdy4 root@loadgen-fmc1
         Starting [0;1;39mlxd-installer.socket[0m - He…er to install lxd snap on demand...
[   17.557180] cloud-init[812]: The key's randomart image is:
         Starting [0;1;39msnapd.socket[0m - Socket activation for snappy daemon...
[   17.573113] cloud-init[812]: +---[ECDSA 256]---+
[   17.586150] cloud-init[812]: |o+o+o . ...      |
[[0;32m  OK  [0m] Listening on [0;1;39mssh.socket[0m - OpenBSD Secure Shell server socket.
[   17.592118] cloud-init[812]: |o.*o+. + o o     |
[[0;32m  OK  [0m] Listening on [0;1;39muuidd.socket[0m - UUID daemon activation socket.
[   17.606272] cloud-init[812]: |*+.* o  * =      |
[[0;32m  OK  [0m] Finished [0;1;39mblk-availability.service[0m - Availability of block devices.
[   17.621278] cloud-init[812]: |B++ * +..o .     |
[[0;32m  OK  [0m] Listening on [0;1;39mdocker.socket[0m - Docker Socket for the API.
[   17.637147] cloud-init[812]: |+= + ..*So       |
[[0;32m  OK  [0m] Listening on [0;1;39mlxd-installer.socket[0m …lper to install lxd snap on demand.
[   17.646317] cloud-init[812]: |o.E .  .B        |
[[0;32m  OK  [0m] Listening on [0;1;39msnapd.socket[0m - Socket activation for snappy daemon.
[   17.662337] cloud-init[812]: |.o .   o .       |
[[0;32m  OK  [0m] Reached target [0;1;39msockets.target[0m - Socket Units.
[   17.682127] cloud-init[812]: |  .     .        |
[[0;32m  OK  [0m] Reached target [0;1;39mbasic.target[0m - Basic System.
[   17.691304] cloud-init[812]: |                 |
[   17.711146] cloud-init[812]: +----[SHA256]-----+
[   17.717111] cloud-init[812]: Generating public/private ed25519 key pair.
         Starting [0;1;39mchrony.service[0m - chrony, an NTP client/server...
[   17.724192] cloud-init[812]: Your identification has been saved in /etc/ssh/ssh_host_ed25519_key
         Starting [0;1;39mcloud-config.service[0m - Cloud-init: Config Stage...
[   17.743279] cloud-init[812]: Your public key has been saved in /etc/ssh/ssh_host_ed25519_key.pub
         Starting [0;1;39mdbus.service[0m - D-Bus System Message Bus...
[   17.752326] cloud-init[812]: The key fingerprint is:
[   17.769337] cloud-init[812]: SHA256:DMYkhpPtRjJmXQ7Jhn8pBJfvFfe5gi+qhPZ2cGrMmCg root@loadgen-fmc1
[   17.769394] cloud-init[812]: The key's randomart image is:
[   17.769427] cloud-init[812]: +--[ED25519 256]--+
[   17.769459] cloud-init[812]: |  .O=+o          |
[   17.769495] cloud-init[812]: |  XoX*  . .      |
[[0;32m  OK  [0m] Started [0;1;39mdmesg.service[0m - Save initial kernel messages after boot.
[   17.799347] cloud-init[812]: | o X .=. o . .   |
         Starting [0;1;39me2scrub_reap.service[0m - Re…ne ext4 Metadata Check Snapshots...
[   17.820142] cloud-init[812]: |    =.+o.   o    |
         Starting [0;1;39mgce-workload-cert-refresh…[0mGCE Workload Certificate refresh...
[   17.830333] cloud-init[812]: |   . + .S.   .   |
[[0;32m  OK  [0m] Started [0;1;39mgoogle-osconfig-agent.service[0m - Google OSConfig Agent.
[   17.851275] cloud-init[812]: |   .. o . . .    |
         Starting [0;1;39mgoogle-oslogin-cache.service[0m - NSS cache refresh...
[   17.861371] cloud-init[812]: | .o=.+   . .     |
[   17.880156] cloud-init[812]: |E.oo* . . .      |
[   17.886162] cloud-init[812]: |.  ooo.. .       |
         Starting [0;1;39mgrub-common.service[0m - Record successful boot for GRUB...
[   17.892135] cloud-init[812]: +----[SHA256]-----+
         Starting [0;1;39mnetworkd-dispatcher.servi…[0mcher daemon for systemd-networkd...
         Starting [0;1;39mnvidia-persistenced.service[0m - NVIDIA Persistence Daemon...
         Starting [0;1;39mnvmf-autoconnect.service[0m …ystems automatically during boot...
         Starting [0;1;39mrsyslog.service[0m - System Logging Service...
         Starting [0;1;39msecureboot-db.service[0m - Secure Boot updates for DB and DBX...
[[0;32m  OK  [0m] Reached target [0;1;39mgetty-pre.target[0m - Preparation for Logins.
         Starting [0;1;39msnapd.seeded.service[0m - Wait until snapd is fully seeded...
         Starting [0;1;39msnapd.service[0m - Snap Daemon...
         Starting [0;1;39msysstat.service[0m - Resets System Activity Logs...
         Starting [0;1;39msystemd-logind.service[0m - User Login Management...
[[0;32m  OK  [0m] Started [0;1;39mubuntu-advantage.service[0m - Ubuntu Pro Background Auto Attach.
[[0;32m  OK  [0m] Started [0;1;39mdbus.service[0m - D-Bus System Message Bus.
[[0;32m  OK  [0m] Finished [0;1;39mgce-workload-cert-refresh…[0m- GCE Workload Certificate refresh.
[[0;32m  OK  [0m] Started [0;1;39mnetworkd-dispatcher.servic…[0matcher daemon for systemd-networkd.
[[0;32m  OK  [0m] Finished [0;1;39mgoogle-oslogin-cache.service[0m - NSS cache refresh.
[[0;32m  OK  [0m] Started [0;1;39msystemd-logind.service[0m - User Login Management.
[[0;32m  OK  [0m] Started [0;1;39mnvidia-persistenced.service[0m - NVIDIA Persistence Daemon.
[[0;32m  OK  [0m] Finished [0;1;39mnvmf-autoconnect.service[0m …bsystems automatically during boot.
[[0;32m  OK  [0m] Finished [0;1;39msysstat.service[0m - Resets System Activity Logs.
[[0;32m  OK  [0m] Reached target [0;1;39mremote-fs-pre.targe…[0mreparation for Remote File Systems.
[   18.154281] cloud-init[1012]: Cloud-init v. 25.3-0ubuntu1~24.04.1 running 'modules:config' at Fri, 15 May 2026 02:52:00 +0000. Up 18.10 seconds.
[[0;32m  OK  [0m] Reached target [0;1;39mremote-fs.target[0m - Remote File Systems.
         Starting [0;1;39mapport.service[0m - automatic crash report generation...
         Starting [0;1;39mcontainerd.service[0m - containerd container runtime...
[[0;32m  OK  [0m] Started [0;1;39mcron.service[0m - Regular background program processing daemon.
         Starting [0;1;39msystemd-user-sessions.service[0m - Permit User Sessions...
[[0;32m  OK  [0m] Started [0;1;39mchrony.service[0m - chrony, an NTP client/server.
[[0;32m  OK  [0m] Finished [0;1;39mgrub-common.service[0m - Record successful boot for GRUB.
[[0;32m  OK  [0m] Finished [0;1;39msystemd-user-sessions.service[0m - Permit User Sessions.
         Stopping [0;1;39mchrony.service[0m - chrony, an NTP client/server...
2026-05-15T02:52:00.393698+00:00 loadgen-fmc1 systemd[1]: Mounted dev-hugepages.mount - Huge Pages File System.
         Starting [0;1;39mgrub-initrd-fallback.service[0m - GRUB failed boot detection...
2026-05-15T02:52:00.393865+00:00 loadgen-fmc1 systemd[1]: Mounted dev-mqueue.mount - POSIX Message Queue File System.
2026-05-15T02:52:00.393891+00:00 loadgen-fmc1 kernel: Linux version 6.17.0-1013-gcp (buildd@lcy02-amd64-034) (x86_64-linux-gnu-gcc-13 (Ubuntu 13.3.0-6ubuntu2~24.04.1) 13.3.0, GNU ld (GNU Binutils for Ubuntu) 2.42) #13~24.04.1-Ubuntu SMP Thu Apr 16 02:10:24 UTC 2026 (Ubuntu 6.17.0-1013.13~24.04.1-gcp 6.17.13)
2026-05-15T02:52:00.393900+00:00 loadgen-fmc1 kernel: Command line: BOOT_IMAGE=/vmlinuz-6.17.0-1013-gcp root=PARTUUID=6624332c-1f00-4e51-a0bf-94661fe17234 ro console=ttyS0,115200 panic=-1
2026-05-15T02:52:00.393901+00:00 loadgen-fmc1 kernel: KERNEL supported cpus:
2026-05-15T02:52:00.393902+00:00 loadgen-fmc1 kernel:   Intel GenuineIntel
2026-05-15T02:52:00.393902+00:00 loadgen-fmc1 kernel:   AMD AuthenticAMD
2026-05-15T02:52:00.393903+00:00 loadgen-fmc1 kernel:   Hygon HygonGenuine
2026-05-15T02:52:00.393903+00:00 loadgen-fmc1 kernel:   Centaur CentaurHauls
2026-05-15T02:52:00.393901+00:00 loadgen-fmc1 systemd[1]: Mounted sys-kernel-debug.mount - Kernel Debug File System.
2026-05-15T02:52:00.393906+00:00 loadgen-fmc1 kernel:   zhaoxin   Shanghai  
2026-05-15T02:52:00.393907+00:00 loadgen-fmc1 kernel: x86/CPU: Model not found in latest microcode list
2026-05-15T02:52:00.393908+00:00 loadgen-fmc1 kernel: BIOS-provided physical RAM map:
2026-05-15T02:52:00.393908+00:00 loadgen-fmc1 kernel: BIOS-e820: [mem 0x0000000000000000-0x0000000000000fff] reserved
2026-05-15T02:52:00.393909+00:00 loadgen-fmc1 kernel: BIOS-e820: [mem 0x0000000000001000-0x0000000000054fff] usable
2026-05-15T02:52:00.393909+00:00 loadgen-fmc1 kernel: BIOS-e820: [mem 0x0000000000055000-0x000000000005ffff] reserved
2026-05-15T02:52:00.393909+00:00 loadgen-fmc1 systemd[1]: Mounted sys-kernel-tracing.mount - Kernel Trace File System.
2026-05-15T02:52:00.393912+00:00 loadgen-fmc1 kernel: BIOS-e820: [mem 0x0000000000060000-0x0000000000097fff] usable
2026-05-15T02:52:00.393913+00:00 loadgen-fmc1 kernel: BIOS-e820: [mem 0x0000000000098000-0x000000000009ffff] reserved
2026-05-15T02:52:00.393914+00:00 loadgen-fmc1 kernel: BIOS-e820: [mem 0x0000000000100000-0x00000000bd254fff] usable
2026-05-15T02:52:00.393914+00:00 loadgen-fmc1 kernel: BIOS-e820: [mem 0x00000000bd255000-0x00000000bd25ffff] ACPI data
2026-05-15T02:52:00.393915+00:00 loadgen-fmc1 kernel: BIOS-e820: [mem 0x00000000bd260000-0x00000000bf8ecfff] usable
2026-05-15T02:52:00.393915+00:00 loadgen-fmc1 kernel: BIOS-e820: [mem 0x00000000bf8ed000-0x00000000bfb6cfff] reserved
2026-05-15T02:52:00.393916+00:00 loadgen-fmc1 kernel: BIOS-e820: [mem 0x00000000bfb6d000-0x00000000bfb7efff] ACPI data
2026-05-15T02:52:00.393918+00:00 loadgen-fmc1 kernel: BIOS-e820: [mem 0x00000000bfb7f000-0x00000000bfbfefff] ACPI NVS
2026-05-15T02:52:00.393919+00:00 loadgen-fmc1 kernel: BIOS-e820: [mem 0x00000000bfbff000-0x00000000bffdffff] usable
2026-05-15T02:52:00.393915+00:00 loadgen-fmc1 systemd-modules-load[308]: Inserted module 'dm_multipath'
2026-05-15T02:52:00.393920+00:00 loadgen-fmc1 kernel: BIOS-e820: [mem 0x00000000bffe0000-0x00000000bfffffff] reserved
2026-05-15T02:52:00.393923+00:00 loadgen-fmc1 kernel: BIOS-e820: [mem 0x0000000100000000-0x000000103fffffff] usable
2026-05-15T02:52:00.393924+00:00 loadgen-fmc1 kernel: NX (Execute Disable) protection: active
2026-05-15T02:52:00.393924+00:00 loadgen-fmc1 kernel: APIC: Static calls initialized
2026-05-15T02:52:00.393924+00:00 loadgen-fmc1 systemd[1]: Finished keyboard-setup.service - Set the console keyboard layout.
2026-05-15T02:52:00.393928+00:00 loadgen-fmc1 kernel: efi: EFI v2.7 by EDK II
2026-05-15T02:52:00.393931+00:00 loadgen-fmc1 kernel: efi: TPMFinalLog=0xbfbf7000 ACPI=0xbfb7e000 ACPI 2.0=0xbfb7e014 SMBIOS=0xbf9ca000 MEMATTR=0xbd260018 MOKvar=0xbf9c8000 RNG=0xbfb72018 TPMEventLog=0xbd255018 
2026-05-15T02:52:00.393931+00:00 loadgen-fmc1 kernel: random: crng init done
2026-05-15T02:52:00.393932+00:00 loadgen-fmc1 kernel: SMBIOS 2.4 present.
2026-05-15T02:52:00.393932+00:00 loadgen-fmc1 kernel: DMI: Google Google Compute Engine/Google Compute Engine, BIOS Google 04/21/2026
2026-05-15T02:52:00.393933+00:00 loadgen-fmc1 kernel: DMI: Memory slots populated: 4/4
2026-05-15T02:52:00.393933+00:00 loadgen-fmc1 systemd[1]: Finished kmod-static-nodes.service - Create List of Static Device Nodes.
2026-05-15T02:52:00.393936+00:00 loadgen-fmc1 kernel: secureboot: Secure boot disabled
2026-05-15T02:52:00.393937+00:00 loadgen-fmc1 kernel: Hypervisor detected: KVM
2026-05-15T02:52:00.393937+00:00 loadgen-fmc1 kernel: last_pfn = 0xbffe0 max_arch_pfn = 0x400000000
2026-05-15T02:52:00.393938+00:00 loadgen-fmc1 kernel: kvm-clock: Using msrs 4b564d01 and 4b564d00
2026-05-15T02:52:00.393938+00:00 loadgen-fmc1 kernel: kvm-clock: using sched offset of 14976753832 cycles
2026-05-15T02:52:00.393939+00:00 loadgen-fmc1 kernel: clocksource: kvm-clock: mask: 0xffffffffffffffff max_cycles: 0x1cd42e4dffb, max_idle_ns: 881590591483 ns
2026-05-15T02:52:00.393939+00:00 loadgen-fmc1 kernel: tsc: Detected 2299.998 MHz processor
2026-05-15T02:52:00.393942+00:00 loadgen-fmc1 kernel: e820: update [mem 0x00000000-0x00000fff] usable ==> reserved
2026-05-15T02:52:00.393943+00:00 loadgen-fmc1 kernel: e820: remove [mem 0x000a0000-0x000fffff] usable
2026-05-15T02:52:00.393943+00:00 loadgen-fmc1 kernel: last_pfn = 0x1040000 max_arch_pfn = 0x400000000
2026-05-15T02:52:00.393944+00:00 loadgen-fmc1 kernel: MTRR map: 3 entries (2 fixed + 1 variable; max 18), built from 8 variable MTRRs
2026-05-15T02:52:00.393944+00:00 loadgen-fmc1 kernel: x86/PAT: Configuration [0-7]: WB  WC  UC- UC  WB  WP  UC- WT  
2026-05-15T02:52:00.393944+00:00 loadgen-fmc1 kernel: last_pfn = 0xbffe0 max_arch_pfn = 0x400000000
2026-05-15T02:52:00.393947+00:00 loadgen-fmc1 kernel: Using GB pages for direct mapping
2026-05-15T02:52:00.393948+00:00 loadgen-fmc1 kernel: secureboot: Secure boot disabled
2026-05-15T02:52:00.393948+00:00 loadgen-fmc1 kernel: ACPI: Early table checksum verification disabled
2026-05-15T02:52:00.393949+00:00 loadgen-fmc1 kernel: ACPI: RSDP 0x00000000BFB7E014 000024 (v02 Google)
2026-05-15T02:52:00.393949+00:00 loadgen-fmc1 kernel: ACPI: XSDT 0x00000000BFB7D0E8 00005C (v01 Google GOOGFACP 00000001      01000013)
2026-05-15T02:52:00.393950+00:00 loadgen-fmc1 kernel: ACPI: FACP 0x00000000BFB78000 0000F4 (v02 Google GOOGFACP 00000001 GOOG 00000001)
2026-05-15T02:52:00.393939+00:00 loadgen-fmc1 systemd[1]: modprobe@configfs.service: Deactivated successfully.
2026-05-15T02:52:00.393953+00:00 loadgen-fmc1 kernel: ACPI: DSDT 0x00000000BFB79000 001A64 (v01 Google GOOGDSDT 00000001 GOOG 00000001)
2026-05-15T02:52:00.393954+00:00 loadgen-fmc1 kernel: ACPI: FACS 0x00000000BFBF1000 000040
2026-05-15T02:52:00.393954+00:00 loadgen-fmc1 kernel: ACPI: SSDT 0x00000000BFB7C000 000316 (v02 GOOGLE Tpm2Tabl 00001000 INTL 20250807)
2026-05-15T02:52:00.393954+00:00 loadgen-fmc1 kernel: ACPI: TPM2 0x00000000BFB7B000 000034 (v04 GOOGLE          00000001 GOOG 00000001)
2026-05-15T02:52:00.393955+00:00 loadgen-fmc1 kernel: ACPI: SRAT 0x00000000BFB77000 000228 (v03 Google GOOGSRAT 00000001 GOOG 00000001)
2026-05-15T02:52:00.393955+00:00 loadgen-fmc1 kernel: ACPI: APIC 0x00000000BFB76000 000126 (v05 Google GOOGAPIC 00000001 GOOG 00000001)
2026-05-15T02:52:00.393956+00:00 loadgen-fmc1 kernel: ACPI: SSDT 0x00000000BFB74000 0011D6 (v01 Google GOOGSSDT 00000001 GOOG 00000001)
2026-05-15T02:52:00.393955+00:00 loadgen-fmc1 systemd[1]: Finished modprobe@configfs.service - Load Kernel Module configfs.
2026-05-15T02:52:00.393959+00:00 loadgen-fmc1 kernel: ACPI: WAET 0x00000000BFB73000 000028 (v01 Google GOOGWAET 00000001 GOOG 00000001)
2026-05-15T02:52:00.393960+00:00 loadgen-fmc1 kernel: ACPI: Reserving FACP table memory at [mem 0xbfb78000-0xbfb780f3]
2026-05-15T02:52:00.393960+00:00 loadgen-fmc1 kernel: ACPI: Reserving DSDT table memory at [mem 0xbfb79000-0xbfb7aa63]
2026-05-15T02:52:00.393961+00:00 loadgen-fmc1 kernel: ACPI: Reserving FACS table memory at [mem 0xbfbf1000-0xbfbf103f]
2026-05-15T02:52:00.393961+00:00 loadgen-fmc1 kernel: ACPI: Reserving SSDT table memory at [mem 0xbfb7c000-0xbfb7c315]
2026-05-15T02:52:00.393962+00:00 loadgen-fmc1 kernel: A         Starting [0;1;39mplymouth-quit-wait.servic…[0md until boot process finishes up...
CPI: Reserving TPM2 table memory at [mem 0xbfb7b000-0xbfb7b033]
2026-05-15T02:52:00.393964+00:00 loadgen-fmc1 kernel: ACPI: Reserving SRAT table memory at [mem 0xbfb77000-0xbfb77227]
2026-05-15T02:52:00.393965+00:00 loadgen-fmc1 kernel: ACPI: Reserving APIC table memory at [mem 0xbfb76000-0xbfb76125]
2026-05-15T02:52:00.393965+00:00 loadgen-fmc1 kernel: ACPI: Reserving SSDT table memory at [mem 0xbfb74000-0xbfb751d5]
2026-05-15T02:52:00.393961+00:00 loadgen-fmc1 systemd-fsck[311]: cloudimg-rootfs: clean, 171994/6422528 files, 2139514/12844795 blocks
2026-05-15T02:52:00.393966+00:00 loadgen-fmc1 kernel: ACPI: Reserving WAET table memory at [mem 0xbfb73000-0xbfb73027]
2026-05-15T02:52:00.393969+00:00 loadgen-fmc1 kernel: ACPI: SRAT: Node 0 PXM 0 [mem 0x00000000-0x0009ffff]
2026-05-15T02:52:00.393969+00:00 loadgen-fmc1 kernel: ACPI: SRAT: Node 0 PXM 0 [mem 0x00100000-0xbfffffff]
2026-05-15T02:52:00.393970+00:00 loadgen-fmc1 kernel: ACPI: SRAT: Node 0 PXM 0 [mem 0x100000000-0x103fffffff]
2026-05-15T02:52:00.393973+00:00 loadgen-fmc1 kernel: NUMA: Node 0 [mem 0x00001000-0x0009ffff] + [mem 0x00100000-0xbfffffff] -> [mem 0x00001000-0xbfffffff]
2026-05-15T02:52:00.393971+00:00 loadgen-fmc1 systemd[1]: modprobe@dm_mod.service: Deactivated successfully.
2026-05-15T02:52:00.393974+00:00 loadgen-fmc1 kernel: NUMA: Node 0 [mem 0x00001000-0xbfffffff] + [mem 0x100000000-0x103fffffff] -> [mem 0x00001000-0x103fffffff]
2026-05-15T02:52:00.393977+00:00 loadgen-fmc1 kernel: NODE_DATA(0) allocated [mem 0x103ffd52c0-0x103fffffff]
2026-05-15T02:52:00.393977+00:00 loadgen-fmc1 kernel: Zone ranges:
2026-05-15T02:52:00.393978+00:00 loadgen-fmc1 kernel:   DMA      [mem 0x0000000000001000-0x0000000000ffffff]
2026-05-15T02:52:00.393978+00:00 loadgen-fmc1 kernel:   DMA32    [mem 0x0000000001000000-0x00000000ffffffff]
2026-05-15T02:52:00.393979+00:00 loadgen-fmc1 systemd[1]: Finished modprobe@dm_mod.service - Load Kernel Module dm_mod.
2026-05-15T02:52:00.393985+00:00 loadgen-fmc1 kernel:   Normal   [mem 0x0000000100000000-0x000000103fffffff]
2026-05-15T02:52:00.393986+00:00 loadgen-fmc1 kernel:   Device   empty
2026-05-15T02:52:00.393986+00:00 loadgen-fmc1 kernel: Movable zone start for each node
2026-05-15T02:52:00.393987+00:00 loadgen-fmc1 kernel: Early memory node ranges
2026-05-15T02:52:00.393987+00:00 loadgen-fmc1 kernel:   node   0: [mem 0x0000000000001000-0x0000000000054fff]
2026-05-15T02:52:00.393988+00:00 loadgen-fmc1 kernel:   node   0: [mem 0x0000000000060000-0x0000000000097fff]
2026-05-15T02:52:00.393985+00:00 loadgen-fmc1 systemd[1]: modprobe@drm.service: Deactivated successfully.
2026-05-15T02:52:00.393991+00:00 loadgen-fmc1 kernel:   node   0: [mem 0x0000000000100000-0x00000000bd254fff]
2026-05-15T02:52:00.393992+00:00 loadgen-fmc1 kernel:   node   0: [mem 0x00000000bd260000-0x00000000bf8ecfff]
2026-05-15T02:52:00.393992+00:00 loadgen-fmc1 kernel:   node   0: [mem 0x00000000bfbff000-0x00000000bffdffff]
2026-05-15T02:52:00.393992+00:00 loadgen-fmc1 kernel:   node   0: [mem 0x0000000100000000-0x000000103fffffff]
2026-05-15T02:52:00.393993+00:00 loadgen-fmc1 kernel: Initmem setup node 0 [mem 0x0000000000001000-0x000000103fffffff]
2026-05-15T02:52:00.393993+00:00 loadgen-fmc1 kernel: On node 0, zone DMA: 1 pages in unavailable ranges
2026-05-15T02:52:00.393996+00:00 loadgen-fmc1 kernel: On node 0, zone DMA: 11 pages in unavailable ranges
2026-05-15T02:52:00.393997+00:00 loadgen-fmc1 kernel: On node 0, zone DMA: 104 pages in unavailable ranges
2026-05-15T02:52:00.393997+00:00 loadgen-fmc1 kernel: On node 0, zone DMA32: 11 pages in unavailable ranges
2026-05-15T02:52:00.393998+00:00 loadgen-fmc1 kernel: On node 0, zone DMA32: 786 pages in unavailable ranges
2026-05-15T02:52:00.393998+00:00 loadgen-fmc1 kernel: On node 0, zone Normal: 32 pages in unavailable ranges
2026-05-15T02:52:00.393999+00:00 loadgen-fmc1 kernel: ACPI: PM-Timer IO Port: 0xb008
2026-05-15T02:52:00.393993+00:00 loadgen-fmc1 systemd[1]: Finished modprobe@drm.service - Load Kernel Module drm.
2026-05-15T02:52:00.394001+00:00 loadgen-fmc1 kernel: ACPI: LAPIC_NMI (acpi_id[0xff] dfl dfl lint[0x1])
2026-05-15T02:52:00.394006+00:00 loadgen-fmc1 kernel: IOAPIC[0]: apic_id 0, version 17, address 0xfec00000, GSI 0-23
2026-05-15T02:52:00.394007+00:00 loadgen-fmc1 kernel: ACPI: INT_SRC_OVR (bus 0 bus_irq 5 global_irq 5 high level)
2026-05-15T02:52:00.394007+00:00 loadgen-fmc1 kernel: ACPI: INT_SRC_OVR (bus 0 bus_irq 9 global_irq 9 high level)
2026-05-15T02:52:00.394008+00:00 loadgen-fmc1 kernel: ACPI: INT_SRC_OVR (bus 0 bus_irq 10 global_irq 10 high level)
2026-05-15T02:52:00.394008+00:00 loadgen-fmc1 kernel: ACPI: INT_SRC_OVR (bus 0 bus_irq 11 global_irq 11 high level)
2026-05-15T02:52:00.394006+00:00 loadgen-fmc1 systemd[1]: modprobe@efi_pstore.service: Deactivated successfully.
2026-05-15T02:52:00.394009+00:00 loadgen-fmc1 kernel: ACPI: Using ACPI (MADT) for SMP configuration information
2026-05-15T02:52:00.394014+00:00 loadgen-fmc1 kernel: CPU topo: Max. logical packages:   1
2026-05-15T02:52:00.394015+00:00 loadgen-fmc1 kernel: CPU topo: Max. logical dies:       1
2026-05-15T02:52:00.394014+00:00 loadgen-fmc1 systemd[1]: Finished modprobe@efi_pstore.service - Load Kernel Module efi_pstore.
2026-05-15T02:52:00.394016+00:00 loadgen-fmc1 kernel: CPU topo: Max. dies per package:   1
2026-05-15T02:52:00.394019+00:00 loadgen-fmc1 kernel: CPU topo: Max. threads per core:   2
2026-05-15T02:52:00.394019+00:00 loadgen-fmc1 kernel: CPU topo: Num. cores per package:    12
2026-05-15T02:52:00.394021+00:00 loadgen-fmc1 systemd[1]: modprobe@fuse.service: Deactivated successfully.
2026-05-15T02:52:00.394027+00:00 loadgen-fmc1 systemd[1]: Finished modprobe@fuse.service - Load Kernel Module fuse.
2026-05-15T02:52:00.394033+00:00 loadgen-fmc1 systemd[1]: modprobe@loop.service: Deactivated successfully.
2026-05-15T02:52:00.394038+00:00 loadgen-fmc1 systemd[1]: Finished modprobe@loop.service - Load Kernel Module loop.
2026-05-15T02:52:00.394047+00:00 loadgen-fmc1 systemd[1]: modprobe@nvme_fabrics.service: Deactivated successfully.
2026-05-15T02:52:00.394052+00:00 loadgen-fmc1 systemd[1]: Finished modprobe@nvme_fabrics.service - Load Kernel Module nvme_fabrics.
2026-05-15T02:52:00.394058+00:00 loadgen-fmc1 systemd[1]: Finished systemd-fsck-root.service - File System Check on Root Device.
2026-05-15T02:52:00.394063+00:00 loadgen-fmc1 systemd[1]: Finished systemd-modules-load.service - Load Kernel Modules.
2026-05-15T02:52:00.394068+00:00 loadgen-fmc1 systemd[1]: Finished lvm2-monitor.service - Monitoring of LVM2 mirrors, snapshots etc. using dmeventd or progress polling.
2026-05-15T02:52:00.394074+00:00 loadgen-fmc1 systemd[1]: Mounting sys-fs-fuse-connections.mount - FUSE Control File System...
2026-05-15T02:52:00.394083+00:00 loadgen-fmc1 kernel: CPU topo: Num. threads per package:  24
2026-05-15T02:52:00.394084+00:00 loadgen-fmc1 kernel: CPU topo: Allowing 24 present CPUs plus 0 hotplug CPUs
2026-05-15T02:52:00.394082+00:00 loadgen-fmc1 systemd[1]: Mounting sys-kernel-config.mount - Kernel Configuration File System...
2026-05-15T02:52:00.394087+00:00 loadgen-fmc1 kernel: PM: hibernation: Registered nosave memory: [mem 0x00000000-0x00000fff]
2026-05-15T02:52:00.394088+00:00 loadgen-fmc1 kernel: PM: hibernation: Registered nosave memory: [mem 0x00055000-0x0005ffff]
2026-05-15T02:52:00.394089+00:00 loadgen-fmc1 kernel: PM: hibernation: Registered nosave memory: [mem 0x00098000-0x000fffff]
2026-05-15T02:52:00.394089+00:00 loadgen-fmc1 kernel: PM: hibernation: Registered nosave memory: [mem 0xbd255000-0xbd25ffff]
2026-05-15T02:52:00.394090+00:00 loadgen-fmc1 kernel: PM: hibernation: Registered nosave memory: [mem 0xbf8ed000-0xbfbfefff]
2026-05-15T02:52:00.394090+00:00 loadgen-fmc1 kernel: PM: hibernation: Registered nosave memory: [mem 0xbffe0000-0xffffffff]
2026-05-15T02:52:00.394089+00:00 loadgen-fmc1 systemd[1]: Started systemd-fsckd.service - File System Check Daemon to report status.
2026-05-15T02:52:00.394093+00:00 loadgen-fmc1 kernel: [mem 0xc0000000-0xffffffff] available for PCI devices
2026-05-15T02:52:00.394094+00:00 loadgen-fmc1 kernel: Booting paravirtualized kernel on KVM
2026-05-15T02:52:00.394094+00:00 lo         Starting [0;1;39mplymouth-quit.service[0m - Terminate Plymouth Boot Screen...
adgen-fmc1 kernel: clocksource: refined-jiffies: mask: 0xffffffff max_cycles: 0xffffffff, max_idle_ns: 1910969940391419 ns
2026-05-15T02:52:00.394095+00:00 loadgen-fmc1 kernel: setup_percpu: NR_CPUS:8192 nr_cpumask_bits:24 nr_cpu_ids:24 nr_node_ids:1
2026-05-15T02:52:00.394095+00:00 loadgen-fmc1 kernel: percpu: Embedded 84 pages/cpu s221184 r8192 d114688 u524288
2026-05-15T02:52:00.394096+00:00 loadgen-fmc1 kernel: pcpu-alloc: s221184 r8192 d114688 u524288 alloc=1*2097152
2026-05-15T02:52:00.394095+00:00 loadgen-fmc1 systemd[1]: Starting systemd-remount-fs.service - Remount Root and Kernel File Systems...
2026-05-15T02:52:00.394099+00:00 loadgen-fmc1 kernel: pcpu-alloc: [0] 00 01 02 03 [0] 04 05 06 07 
2026-05-15T02:52:00.394100+00:00 loadgen-fmc1 kernel: pcpu-alloc: [0] 08 09 10 11 [0] 12 13 14 15 
2026-05-15T02:52:00.394100+00:00 loadgen-fmc1 kernel: pcpu-alloc: [0] 16 17 18 19 [0] 20 21 22 23 
2026-05-15T02:52:00.394101+00:00 loadgen-fmc1 kernel: kvm-guest: PV spinlocks enabled
2026-05-15T02:52:00.394101+00:00 loadgen-fmc1 kernel: PV qspinlock hash table entries: 256 (order: 0, 4096 bytes, linear)
2026-05-15T02:52:00.394101+00:00 loadgen-fmc1 kernel: Kernel command line: BOOT_IMAGE=/vmlinuz-6.17.0-1013-gcp root=PARTUUID=6624332c-1f00-4e51-a0bf-94661fe17234 ro console=ttyS0,115200 panic=-1
2026-05-15T02:52:00.394100+00:00 loadgen-fmc1 systemd[1]: systemd-repart.service - Repartition Root Disk was skipped because no trigger condition checks were met.
2026-05-15T02:52:00.394105+00:00 loadgen-fmc1 kernel: printk: log buffer data + meta data: 262144 + 917504 = 1179648 bytes
2026-05-15T02:52:00.394106+00:00 loadgen-fmc1 kernel: Dentry cache hash table entries: 8388608 (order: 14, 67108864 bytes, linear)
2026-05-15T02:52:00.394106+00:00 loadgen-fmc1 kernel: Inode-cache hash table entries: 4194304 (order: 13, 33554432 bytes, linear)
2026-05-15T02:52:00.394107+00:00 loadgen-fmc1 kernel: software IO TLB: area num 32.
2026-05-15T02:52:00.394107+00:00 loadgen-fmc1 kernel: Fallback order for Node 0: 0 
2026-05-15T02:52:00.394108+00:00 loadgen-fmc1 kernel: Built 1 zonelists, mobility grouping on.  Total pages: 16776271
2026-05-15T02:52:00.394108+00:00 loadgen-fmc1 kernel: Policy zone: Normal
2026-05-15T02:52:00.394107+00:00 loadgen-fmc1 systemd[1]: Starting systemd-sysctl.service - Apply Kernel Variables...
2026-05-15T02:52:00.394111+00:00 loadgen-fmc1 kernel: mem auto-init: stack:all(zero), heap alloc:on, heap free:off
2026-05-15T02:52:00.394122+00:00 loadgen-fmc1 kernel: SLUB: HWalign=64, Order=0-3, MinObjects=0, CPUs=24, Nodes=1
2026-05-15T02:52:00.394123+00:00 loadgen-fmc1 kernel: Kernel/User page tables isolation: enabled
2026-05-15T02:52:00.394123+00:00 loadgen-fmc1 kernel: ftrace: allocating 61994 entries in 244 pages
2026-05-15T02:52:00.394124+00:00 loadgen-fmc1 kernel: ftrace: allocated 244 pages with 5 groups
2026-05-15T02:52:00.394124+00:00 loadgen-fmc1 kernel: rcu: Hierarchical RCU implementation.
2026-05-15T02:52:00.394127+00:00 loadgen-fmc1 kernel: rcu: 	RCU restricting CPUs from NR_CPUS=8192 to nr_cpu_ids=24.
2026-05-15T02:52:00.394128+00:00 loadgen-fmc1 kernel: 	Rude variant of Tasks RCU enabled.
2026-05-15T02:52:00.394128+00:00 loadgen-fmc1 kernel: 	Tracing variant of Tasks RCU enabled.
2026-05-15T02:52:00.394130+00:00 loadgen-fmc1 kernel: rcu: RCU calculated value of scheduler-enlistment delay is 100 jiffies.
2026-05-15T02:52:00.394131+00:00 loadgen-fmc1 kernel: rcu: Adjusting geometry for rcu_fanout_leaf=16, nr_cpu_ids=24
2026-05-15T02:52:00.394131+00:00 loadgen-fmc1 kernel: RCU Tasks Rude: Setting shift to 5 and lim to 1 rcu_task_cb_adjust=1 rcu_task_cpu_ids=24.
2026-05-15T02:52:00.394132+00:00 loadgen-fmc1 kernel: RCU Tasks Trace: Setting shift to 5 and lim to 1 rcu_task_cb_adjust=1 rcu_task_cpu_ids=24.
2026-05-15T02:52:00.394125+00:00 loadgen-fmc1 systemd[1]: Starting systemd-tmpfiles-setup-dev-early.service - Create Static Device Nodes in /dev gracefully...
2026-05-15T02:52:00.394135+00:00 loadgen-fmc1 kernel: NR_IRQS: 524544, nr_irqs: 616, preallocated irqs: 16
2026-05-15T02:52:00.394138+00:00 loadgen-fmc1 kernel: rcu: srcu_init: Setting srcu_struct sizes based on contention.
2026-05-15T02:52:00.394138+00:00 loadgen-fmc1 kernel: Console: colour dummy device 80x25
2026-05-15T02:52:00.394139+00:00 loadgen-fmc1 kernel: printk: legacy console [ttyS0] enabled
2026-05-15T02:52:00.394139+00:00 loadgen-fmc1 kernel: ACPI: Core revision 20250404
2026-05-15T02:52:00.394139+00:00 loadgen-fmc1 kernel: APIC: Switch to symmetric I/O mode setup
2026-05-15T02:52:00.394142+00:00 loadgen-fmc1 kernel: x2apic enabled
2026-05-15T02:52:00.394143+00:00 loadgen-fmc1 kernel: APIC: Switched APIC routing to: physical x2apic
2026-05-15T02:52:00.394143+00:00 loadgen-fmc1 kernel: ..TIMER: vector=0x30 apic1=0 pin1=0 apic2=-1 pin2=-1
2026-05-15T02:52:00.394144+00:00 loadgen-fmc1 kernel: clocksource: tsc-early: mask: 0xffffffffffffffff max_cycles: 0x212733415c7, max_idle_ns: 440795236380 ns
2026-05-15T02:52:00.394144+00:00 loadgen-fmc1 kernel: Calibrating delay loop (skipped) preset value.. 4599.99 BogoMIPS (lpj=2299998)
2026-05-15T02:52:00.394145+00:00 loadgen-fmc1 kernel: Last level iTLB entries: 4KB 1024, 2MB 1024, 4MB 1024
2026-05-15T02:52:00.394142+00:00 loadgen-fmc1 systemd[1]: Mounted sys-fs-fuse-connections.mount - FUSE Control File System.
2026-05-15T02:52:00.394150+00:00 loadgen-fmc1 kernel: Last level dTLB entries: 4KB 1024, 2MB 1024, 4MB 1024, 1GB 4
2026-05-15T02:52:00.394151+00:00 loadgen-fmc1 kernel: mitigations: Enabled attack vectors: user_kernel, user_user, guest_host, guest_guest, SMT mitigations: auto
2026-05-15T02:52:00.394152+00:00 loadgen-fmc1 kernel: Speculative Store Bypass: Mitigation: Speculative Store Bypass disabled via prctl
2026-05-15T02:52:00.394152+00:00 loadgen-fmc1 kernel: Spectre V2 : Mitigation: IBRS
2026-05-15T02:52:00.394152+00:00 loadgen-fmc1 kernel: RETBleed: Mitigation: IBRS
2026-05-15T02:52:00.394153+00:00 loadgen-fmc1 kernel: ITS: Mitigation: Aligned branch/return thunks
2026-05-15T02:52:00.394156+00:00 loadgen-fmc1 kernel: Spectre V2 : User space: Mitigation: STIBP via prctl
2026-05-15T02:52:00.394156+00:00 loadgen-fmc1 kernel: MDS: Mitigation: Clear CPU buffers
2026-05-15T02:52:00.394157+00:00 loadgen-fmc1 kernel: MMIO Stale Data: Vulnerable: Clear CPU buffers attempted, no microcode
2026-05-15T02:52:00.394159+00:00 loadgen-fmc1 kernel: Spectre V1 : Mitigation: usercopy/swapgs barriers and __user pointer sanitization
2026-05-15T02:52:00.394160+00:00 loadgen-fmc1 kernel: Spectre V2 : Spectre v2 / SpectreRSB: Filling RSB on context switch and VMEXIT
2026-05-15T02:52:00.394154+00:00 loadgen-fmc1 systemd[1]: Mounted sys-kernel-config.mount - Kernel Configuration File System.
2026-05-15T02:52:00.394160+00:00 loadgen-fmc1 kernel: Spectre V2 : mitigation: Enabling conditional Indirect Branch Prediction Barrier
2026-05-15T02:52:00.394178+00:00 loadgen-fmc1 kernel: active return thunk: its_return_thunk
2026-05-15T02:52:00.394176+00:00 loadgen-fmc1 systemd[1]: Finished systemd-sysctl.service - Apply Kernel Variables.
2026-05-15T02:52:00.394182+00:00 loadgen-fmc1 kernel: Spectre V2 : Spectre BHI mitigation: SW BHB clearing on syscall and VM exit
2026-05-15T02:52:00.394183+00:00 loadgen-fmc1 kernel: x86/fpu: Supporting XSAVE feature 0x001: 'x87 floating point registers'
2026-05-15T02:52:00.394183+00:00 loadgen-fmc1 kernel: x86/fpu: Supporting XSAVE feature 0x002: 'SSE registers'
2026-05-15T02:52:00.394184+00:00 loadgen-fmc1 kernel: x86/fpu: Supporting XSAVE feature 0x004: 'AVX registers'
2026-05-15T02:52:00.394184+00:00 loadgen-fmc1 kernel: x86/fpu: xstate_offset[2]:  576, xstate_sizes[2]:  256
2026-05-15T02:52:00.394185+00:00 loadgen-fmc1 kernel: x86/fpu: Enabled xstate features 0x7, context size is 832 bytes, using 'standard' format.
2026-05-15T02:52:00.394188+00:00 loadgen-fmc1 kernel: Freeing SMP alternatives memory: 52K
2026-05-15T02:52:00.394188+00:00 loadgen-fmc1 kernel: pid_max: default: 32768 minimum: 301
2026-05-15T02:52:00.394189+00:00 loadgen-fmc1 kernel: LSM: initializing lsm=lockdown,capability,landlock,yama,apparmor,ima,evm
2026-05-15T02:52:00.394189+00:00 loadgen-fmc1 kernel: landlock: Up and running.
2026-05         Starting [0;1;39msystemd-hostnamed.service[0m - Hostname Service...
-15T02:52:00.394186+00:00 loadgen-fmc1 systemd[1]: Finished systemd-tmpfiles-setup-dev-early.service - Create Static Device Nodes in /dev gracefully.
2026-05-15T02:52:00.394190+00:00 loadgen-fmc1 kernel: Yama: becoming mindful.
2026-05-15T02:52:00.394193+00:00 loadgen-fmc1 kernel: AppArmor: AppArmor initialized
2026-05-15T02:52:00.394193+00:00 loadgen-fmc1 kernel: Mount-cache hash table entries: 131072 (order: 8, 1048576 bytes, linear)
2026-05-15T02:52:00.394196+00:00 loadgen-fmc1 kernel: Mountpoint-cache hash table entries: 131072 (order: 8, 1048576 bytes, linear)
2026-05-15T02:52:00.394197+00:00 loadgen-fmc1 kernel: smpboot: CPU0: Intel(R) Xeon(R) CPU @ 2.30GHz (family: 0x6, model: 0x3f, stepping: 0x0)
2026-05-15T02:52:00.394197+00:00 loadgen-fmc1 kernel: Performance Events: unsupported CPU family 6 model 63 no PMU driver, software events only.
2026-05-15T02:52:00.394198+00:00 loadgen-fmc1 kernel: signal: max sigframe size: 1776
2026-05-15T02:52:00.394198+00:00 loadgen-fmc1 kernel: rcu: Hierarchical SRCU implementation.
2026-05-15T02:52:00.394198+00:00 loadgen-fmc1 kernel: rcu: 	Max phase no-delay instances is 400.
2026-05-15T02:52:00.394201+00:00 loadgen-fmc1 kernel: Timer migration: 2 hierarchy levels; 8 children per group; 2 crossnode level
2026-05-15T02:52:00.394202+00:00 loadgen-fmc1 kernel: NMI watchdog: Perf NMI watchdog permanently disabled
2026-05-15T02:52:00.394202+00:00 loadgen-fmc1 kernel: smp: Bringing up secondary CPUs ...
2026-05-15T02:52:00.394203+00:00 loadgen-fmc1 kernel: smpboot: x86: Booting SMP configuration:
2026-05-15T02:52:00.394203+00:00 loadgen-fmc1 kernel: .... node  #0, CPUs:        #1  #2  #3  #4  #5  #6  #7  #8  #9 #10 #11 #12 #13 #14 #15 #16 #17 #18 #19 #20 #21 #22 #23
2026-05-15T02:52:00.394204+00:00 loadgen-fmc1 kernel: MDS CPU bug present and SMT on, data leak possible. See https://www.kernel.org/doc/html/latest/admin-guide/hw-vuln/mds.html for more details.
2026-05-15T02:52:00.394198+00:00 loadgen-fmc1 systemd[1]: Finished systemd-remount-fs.service - Remount Root and Kernel File Systems.
2026-05-15T02:52:00.394207+00:00 loadgen-fmc1 kernel: MMIO Stale Data CPU bug present and SMT on, data leak possible. See https://www.kernel.org/doc/html/latest/admin-guide/hw-vuln/processor_mmio_stale_data.html for more details.
2026-05-15T02:52:00.394210+00:00 loadgen-fmc1 kernel: smp: Brought up 1 node, 24 CPUs
2026-05-15T02:52:00.394211+00:00 loadgen-fmc1 kernel: smpboot: Total of 24 processors activated (110399.90 BogoMIPS)
2026-05-15T02:52:00.394211+00:00 loadgen-fmc1 kernel: Memory: 65803324K/67105084K available (22206K kernel code, 4673K rwdata, 15608K rodata, 5404K init, 6100K bss, 1277600K reserved, 0K cma-reserved)
2026-05-15T02:52:00.394212+00:00 loadgen-fmc1 kernel: devtmpfs: initialized
2026-05-15T02:52:00.394212+00:00 loadgen-fmc1 kernel: x86/mm: Memory block size: 1024MB
2026-05-15T02:52:00.394214+00:00 loadgen-fmc1 systemd[1]: Finished systemd-udev-trigger.service - Coldplug All udev Devices.
2026-05-15T02:52:00.394219+00:00 loadgen-fmc1 kernel: ACPI: PM: Registering ACPI NVS region [mem 0xbfb7f000-0xbfbfefff] (524288 bytes)
2026-05-15T02:52:00.394222+00:00 loadgen-fmc1 kernel: clocksource: jiffies: mask: 0xffffffff max_cycles: 0xffffffff, max_idle_ns: 1911260446275000 ns
2026-05-15T02:52:00.394223+00:00 loadgen-fmc1 kernel: posixtimers hash table entries: 16384 (order: 6, 262144 bytes, linear)
2026-05-15T02:52:00.394223+00:00 loadgen-fmc1 kernel: futex hash table entries: 8192 (524288 bytes on 1 NUMA nodes, total 512 KiB, linear).
2026-05-15T02:52:00.394224+00:00 loadgen-fmc1 kernel: pinctrl core: initialized pinctrl subsystem
2026-05-15T02:52:00.394224+00:00 loadgen-fmc1 kernel: PM: RTC time: 02:51:42, date: 2026-05-15
2026-05-15T02:52:00.394226+00:00 loadgen-fmc1 systemd[1]: Starting multipathd.service - Device-Mapper Multipath Device Controller...
2026-05-15T02:52:00.394236+00:00 loadgen-fmc1 systemd[1]: systemd-hwdb-update.service - Rebuild Hardware Database was skipped because of an unmet condition check (ConditionNeedsUpdate=/etc).
2026-05-15T02:52:00.394244+00:00 loadgen-fmc1 systemd[1]: Starting systemd-journal-flush.service - Flush Journal to Persistent Storage...
2026-05-15T02:52:00.394253+00:00 loadgen-fmc1 systemd[1]: systemd-pstore.service - Platform Persistent Storage Archival was skipped because of an unmet condition check (ConditionDirectoryNotEmpty=/sys/fs/pstore).
2026-05-15T02:52:00.394261+00:00 loadgen-fmc1 systemd[1]: Starting systemd-random-seed.service - Load/Save OS Random Seed...
2026-05-15T02:52:00.394288+00:00 loadgen-fmc1 systemd[1]: systemd-sysusers.service - Create System Users was skipped because no trigger condition checks were met.
2026-05-15T02:52:00.394297+00:00 loadgen-fmc1 systemd[1]: Starting systemd-tmpfiles-setup-dev.service - Create Static Device Nodes in /dev...
2026-05-15T02:52:00.394306+00:00 loadgen-fmc1 systemd[1]: systemd-tpm2-setup.service - TPM2 SRK Setup was skipped because of an unmet condition check (ConditionSecurity=measured-uki).
2026-05-15T02:52:00.394315+00:00 loadgen-fmc1 systemd[1]: Finished systemd-random-seed.service - Load/Save OS Random Seed.
2026-05-15T02:52:00.394319+00:00 loadgen-fmc1 kernel: NET: Registered PF_NETLINK/PF_ROUTE protocol family
[[0;32m  OK  [0m] Started [0;1;39mrsyslog.service[0m - System Logging Service.
2026-05-15T02:52:00.394321+00:00 loadgen-fmc1 kernel: DMA: preallocated 4096 KiB GFP_KERNEL pool for atomic allocations
2026-05-15T02:52:00.394321+00:00 loadgen-fmc1 kernel: DMA: preallocated 4096 KiB GFP_KERNEL|GFP_DMA pool for atomic allocations
