2026-05-14 20:25:39,301 DEBUG    root            Loaded Command Group: ['gcloud', 'compute']
2026-05-14 20:25:39,303 DEBUG    root            Loaded Command Group: ['gcloud', 'compute', 'instances']
2026-05-14 20:25:39,304 DEBUG    root            Loaded Command Group: ['gcloud', 'compute', 'instances', 'get_serial_port_output']
2026-05-14 20:25:39,305 DEBUG    root            Running [gcloud.compute.instances.get-serial-port-output] with arguments: [--project: "env-integration-fenway", --zone: "us-central1-f", INSTANCE_NAME: "loadgen-6lgs"]
2026-05-14 20:25:39,306 DEBUG    root            On GCE from memory cache: False
2026-05-14 20:25:39,308 DEBUG    root            On GCE from memory cache: False
2026-05-14 20:25:39,404 DEBUG    urllib3.connectionpool Starting new HTTPS connection (1): compute.googleapis.com:443
2026-05-14 20:25:39,888 DEBUG    urllib3.connectionpool https://compute.googleapis.com:443 "GET /compute/v1/projects/env-integration-fenway/zones/us-central1-f/instances/loadgen-6lgs/serialPort?alt=json&port=1 HTTP/1.1" 200 None
2026-05-14 20:25:39,956 DEBUG    root            Chosen display Format:value[no-quote](contents)
2026-05-14 20:25:39,957 INFO     root            Display format: "value[no-quote](contents)"
2026-05-14 20:25:39,975 INFO     ___FILE_ONLY___ [2J[01;01H[=3h[2J[01;01H[2J[01;01H[=3h[2J[01;01HCSM BBS Table full.
BdsDxe: loading Boot0003 "Ubuntu" from PciRoot(0x0)/Pci(0x3,0x0)/Scsi(0x1,0x0)/HD(15,GPT,C848D457-4750-4825-A2CD-4EBFB870DC53,0x2800,0x35000)/\EFI\ubuntu\shimx64.efi
BdsDxe: starting Boot0003 "Ubuntu" from PciRoot(0x0)/Pci(0x3,0x0)/Scsi(0x1,0x0)/HD(15,GPT,C848D457-4750-4825-A2CD-4EBFB870DC53,0x2800,0x35000)/\EFI\ubuntu\shimx64.efi

UEFI: Attempting to start image.
Description: Ubuntu
FilePath: PciRoot(0x0)/Pci(0x3,0x0)/Scsi(0x1,0x0)/HD(15,GPT,C848D457-4750-4825-A2CD-4EBFB870DC53,0x2800,0x35000)/\EFI\ubuntu\shimx64.efi
OptionNumber: 3.

[H[J[1;1HGRUB_FORCE_PARTUUID set, attempting initrdless boot.
[    0.000000] Linux version 6.17.0-1013-gcp (buildd@lcy02-amd64-034) (x86_64-linux-gnu-gcc-13 (Ubuntu 13.3.0-6ubuntu2~24.04.1) 13.3.0, GNU ld (GNU Binutils for Ubuntu) 2.42) #13~24.04.1-Ubuntu SMP Thu Apr 16 02:10:24 UTC 2026 (Ubuntu 6.17.0-1013.13~24.04.1-gcp 6.17.13)
[    0.000000] Command line: BOOT_IMAGE=/vmlinuz-6.17.0-1013-gcp root=PARTUUID=6624332c-1f00-4e51-a0bf-94661fe17234 ro console=ttyS0,115200 panic=-1
[    0.000000] KERNEL supported cpus:
[    0.000000]   Intel GenuineIntel
[    0.000000]   AMD AuthenticAMD
[    0.000000]   Hygon HygonGenuine
[    0.000000]   Centaur CentaurHauls
[    0.000000]   zhaoxin   Shanghai  
[    0.000000] x86/CPU: Model not found in latest microcode list
[    0.000000] BIOS-provided physical RAM map:
[    0.000000] BIOS-e820: [mem 0x0000000000000000-0x0000000000000fff] reserved
[    0.000000] BIOS-e820: [mem 0x0000000000001000-0x0000000000054fff] usable
[    0.000000] BIOS-e820: [mem 0x0000000000055000-0x000000000005ffff] reserved
[    0.000000] BIOS-e820: [mem 0x0000000000060000-0x0000000000097fff] usable
[    0.000000] BIOS-e820: [mem 0x0000000000098000-0x000000000009ffff] reserved
[    0.000000] BIOS-e820: [mem 0x0000000000100000-0x00000000bd254fff] usable
[    0.000000] BIOS-e820: [mem 0x00000000bd255000-0x00000000bd25ffff] ACPI data
[    0.000000] BIOS-e820: [mem 0x00000000bd260000-0x00000000bf8ecfff] usable
[    0.000000] BIOS-e820: [mem 0x00000000bf8ed000-0x00000000bfb6cfff] reserved
[    0.000000] BIOS-e820: [mem 0x00000000bfb6d000-0x00000000bfb7efff] ACPI data
[    0.000000] BIOS-e820: [mem 0x00000000bfb7f000-0x00000000bfbfefff] ACPI NVS
[    0.000000] BIOS-e820: [mem 0x00000000bfbff000-0x00000000bffdffff] usable
[    0.000000] BIOS-e820: [mem 0x00000000bffe0000-0x00000000bfffffff] reserved
[    0.000000] BIOS-e820: [mem 0x0000000100000000-0x000000103fffffff] usable
[    0.000000] NX (Execute Disable) protection: active
[    0.000000] APIC: Static calls initialized
[    0.000000] efi: EFI v2.7 by EDK II
[    0.000000] efi: TPMFinalLog=0xbfbf7000 ACPI=0xbfb7e000 ACPI 2.0=0xbfb7e014 SMBIOS=0xbf9ca000 MEMATTR=0xbd260018 MOKvar=0xbf9c8000 RNG=0xbfb72018 TPMEventLog=0xbd255018 
[    0.000000] random: crng init done
[    0.000000] SMBIOS 2.4 present.
[    0.000000] DMI: Google Google Compute Engine/Google Compute Engine, BIOS Google 04/21/2026
[    0.000000] DMI: Memory slots populated: 4/4
[    0.000000] secureboot: Secure boot disabled
[    0.000000] Hypervisor detected: KVM
[    0.000000] last_pfn = 0xbffe0 max_arch_pfn = 0x400000000
[    0.000000] kvm-clock: Using msrs 4b564d01 and 4b564d00
[    0.000001] kvm-clock: using sched offset of 14828895857 cycles
[    0.000003] clocksource: kvm-clock: mask: 0xffffffffffffffff max_cycles: 0x1cd42e4dffb, max_idle_ns: 881590591483 ns
[    0.000007] tsc: Detected 2299.998 MHz processor
[    0.000098] last_pfn = 0x1040000 max_arch_pfn = 0x400000000
[    0.000136] MTRR map: 3 entries (2 fixed + 1 variable; max 18), built from 8 variable MTRRs
[    0.000140] x86/PAT: Configuration [0-7]: WB  WC  UC- UC  WB  WP  UC- WT  
[    0.000187] last_pfn = 0xbffe0 max_arch_pfn = 0x400000000
[    0.016856] Using GB pages for direct mapping
[    0.017163] secureboot: Secure boot disabled
[    0.017166] ACPI: Early table checksum verification disabled
[    0.017171] ACPI: RSDP 0x00000000BFB7E014 000024 (v02 Google)
[    0.017176] ACPI: XSDT 0x00000000BFB7D0E8 00005C (v01 Google GOOGFACP 00000001      01000013)
[    0.017184] ACPI: FACP 0x00000000BFB78000 0000F4 (v02 Google GOOGFACP 00000001 GOOG 00000001)
[    0.017192] ACPI: DSDT 0x00000000BFB79000 001A64 (v01 Google GOOGDSDT 00000001 GOOG 00000001)
[    0.017198] ACPI: FACS 0x00000000BFBF1000 000040
[    0.017202] ACPI: SSDT 0x00000000BFB7C000 000316 (v02 GOOGLE Tpm2Tabl 00001000 INTL 20250807)
[    0.017207] ACPI: TPM2 0x00000000BFB7B000 000034 (v04 GOOGLE          00000001 GOOG 00000001)
[    0.017212] ACPI: SRAT 0x00000000BFB77000 000228 (v03 Google GOOGSRAT 00000001 GOOG 00000001)
[    0.017217] ACPI: APIC 0x00000000BFB76000 000126 (v05 Google GOOGAPIC 00000001 GOOG 00000001)
[    0.017222] ACPI: SSDT 0x00000000BFB74000 0011D6 (v01 Google GOOGSSDT 00000001 GOOG 00000001)
[    0.017227] ACPI: WAET 0x00000000BFB73000 000028 (v01 Google GOOGWAET 00000001 GOOG 00000001)
[    0.017230] ACPI: Reserving FACP table memory at [mem 0xbfb78000-0xbfb780f3]
[    0.017232] ACPI: Reserving DSDT table memory at [mem 0xbfb79000-0xbfb7aa63]
[    0.017233] ACPI: Reserving FACS table memory at [mem 0xbfbf1000-0xbfbf103f]
[    0.017234] ACPI: Reserving SSDT table memory at [mem 0xbfb7c000-0xbfb7c315]
[    0.017235] ACPI: Reserving TPM2 table memory at [mem 0xbfb7b000-0xbfb7b033]
[    0.017236] ACPI: Reserving SRAT table memory at [mem 0xbfb77000-0xbfb77227]
[    0.017237] ACPI: Reserving APIC table memory at [mem 0xbfb76000-0xbfb76125]
[    0.017238] ACPI: Reserving SSDT table memory at [mem 0xbfb74000-0xbfb751d5]
[    0.017239] ACPI: Reserving WAET table memory at [mem 0xbfb73000-0xbfb73027]
[    0.017393] ACPI: SRAT: Node 0 PXM 0 [mem 0x00000000-0x0009ffff]
[    0.017397] ACPI: SRAT: Node 0 PXM 0 [mem 0x00100000-0xbfffffff]
[    0.017400] ACPI: SRAT: Node 0 PXM 0 [mem 0x100000000-0x103fffffff]
[    0.017409] NUMA: Node 0 [mem 0x00001000-0x0009ffff] + [mem 0x00100000-0xbfffffff] -> [mem 0x00001000-0xbfffffff]
[    0.017413] NUMA: Node 0 [mem 0x00001000-0xbfffffff] + [mem 0x100000000-0x103fffffff] -> [mem 0x00001000-0x103fffffff]
[    0.017442] NODE_DATA(0) allocated [mem 0x103ffd52c0-0x103fffffff]
[    0.017703] Zone ranges:
[    0.017704]   DMA      [mem 0x0000000000001000-0x0000000000ffffff]
[    0.017706]   DMA32    [mem 0x0000000001000000-0x00000000ffffffff]
[    0.017708]   Normal   [mem 0x0000000100000000-0x000000103fffffff]
[    0.017710]   Device   empty
[    0.017711] Movable zone start for each node
[    0.017713] Early memory node ranges
[    0.017714]   node   0: [mem 0x0000000000001000-0x0000000000054fff]
[    0.017716]   node   0: [mem 0x0000000000060000-0x0000000000097fff]
[    0.017717]   node   0: [mem 0x0000000000100000-0x00000000bd254fff]
[    0.017718]   node   0: [mem 0x00000000bd260000-0x00000000bf8ecfff]
[    0.017719]   node   0: [mem 0x00000000bfbff000-0x00000000bffdffff]
[    0.017720]   node   0: [mem 0x0000000100000000-0x000000103fffffff]
[    0.017726] Initmem setup node 0 [mem 0x0000000000001000-0x000000103fffffff]
[    0.017805] On node 0, zone DMA: 1 pages in unavailable ranges
[    0.017808] On node 0, zone DMA: 11 pages in unavailable ranges
[    0.017833] On node 0, zone DMA: 104 pages in unavailable ranges
[    0.022905] On node 0, zone DMA32: 11 pages in unavailable ranges
[    0.022921] On node 0, zone DMA32: 786 pages in unavailable ranges
[    0.127133] On node 0, zone Normal: 32 pages in unavailable ranges
[    0.127804] ACPI: PM-Timer IO Port: 0xb008
[    0.127831] ACPI: LAPIC_NMI (acpi_id[0xff] dfl dfl lint[0x1])
[    0.127916] IOAPIC[0]: apic_id 0, version 17, address 0xfec00000, GSI 0-23
[    0.127921] ACPI: INT_SRC_OVR (bus 0 bus_irq 5 global_irq 5 high level)
[    0.127923] ACPI: INT_SRC_OVR (bus 0 bus_irq 9 global_irq 9 high level)
[    0.127925] ACPI: INT_SRC_OVR (bus 0 bus_irq 10 global_irq 10 high level)
[    0.127927] ACPI: INT_SRC_OVR (bus 0 bus_irq 11 global_irq 11 high level)
[    0.127934] ACPI: Using ACPI (MADT) for SMP configuration information
[    0.127940] CPU topo: Max. logical packages:   1
[    0.127941] CPU topo: Max. logical dies:       1
[    0.127942] CPU topo: Max. dies per package:   1
[    0.127947] CPU topo: Max. threads per core:   2
[    0.127948] CPU topo: Num. cores per package:    12
[    0.127949] CPU topo: Num. threads per package:  24
[    0.127949] CPU topo: Allowing 24 present CPUs plus 0 hotplug CPUs
[    0.127980] PM: hibernation: Registered nosave memory: [mem 0x00000000-0x00000fff]
[    0.127983] PM: hibernation: Registered nosave memory: [mem 0x00055000-0x0005ffff]
[    0.127985] PM: hibernation: Registered nosave memory: [mem 0x00098000-0x000fffff]
[    0.127986] PM: hibernation: Registered nosave memory: [mem 0xbd255000-0xbd25ffff]
[    0.127988] PM: hibernation: Registered nosave memory: [mem 0xbf8ed000-0xbfbfefff]
[    0.127990] PM: hibernation: Registered nosave memory: [mem 0xbffe0000-0xffffffff]
[    0.127993] [mem 0xc0000000-0xffffffff] available for PCI devices
[    0.127995] Booting paravirtualized kernel on KVM
[    0.127997] clocksource: refined-jiffies: mask: 0xffffffff max_cycles: 0xffffffff, max_idle_ns: 1910969940391419 ns
[    0.128005] setup_percpu: NR_CPUS:8192 nr_cpumask_bits:24 nr_cpu_ids:24 nr_node_ids:1
[    0.129778] percpu: Embedded 84 pages/cpu s221184 r8192 d114688 u524288
[    0.129837] kvm-guest: PV spinlocks enabled
[    0.129840] PV qspinlock hash table entries: 256 (order: 0, 4096 bytes, linear)
[    0.129844] Kernel command line: BOOT_IMAGE=/vmlinuz-6.17.0-1013-gcp root=PARTUUID=6624332c-1f00-4e51-a0bf-94661fe17234 ro console=ttyS0,115200 panic=-1
[    0.129913] printk: log buffer data + meta data: 262144 + 917504 = 1179648 bytes
[    0.136383] Dentry cache hash table entries: 8388608 (order: 14, 67108864 bytes, linear)
[    0.139680] Inode-cache hash table entries: 4194304 (order: 13, 33554432 bytes, linear)
[    0.140367] software IO TLB: area num 32.
[    0.153357] Fallback order for Node 0: 0 
[    0.153363] Built 1 zonelists, mobility grouping on.  Total pages: 16776271
[    0.153364] Policy zone: Normal
[    0.153375] mem auto-init: stack:all(zero), heap alloc:on, heap free:off
[    0.306881] SLUB: HWalign=64, Order=0-3, MinObjects=0, CPUs=24, Nodes=1
[    0.306946] Kernel/User page tables isolation: enabled
[    0.319898] ftrace: allocating 61994 entries in 244 pages
[    0.319901] ftrace: allocated 244 pages with 5 groups
[    0.320281] rcu: Hierarchical RCU implementation.
[    0.320282] rcu: 	RCU restricting CPUs from NR_CPUS=8192 to nr_cpu_ids=24.
[    0.320284] 	Rude variant of Tasks RCU enabled.
[    0.320284] 	Tracing variant of Tasks RCU enabled.
[    0.320285] rcu: RCU calculated value of scheduler-enlistment delay is 100 jiffies.
[    0.320286] rcu: Adjusting geometry for rcu_fanout_leaf=16, nr_cpu_ids=24
[    0.320313] RCU Tasks Rude: Setting shift to 5 and lim to 1 rcu_task_cb_adjust=1 rcu_task_cpu_ids=24.
[    0.320318] RCU Tasks Trace: Setting shift to 5 and lim to 1 rcu_task_cb_adjust=1 rcu_task_cpu_ids=24.
[    0.324450] NR_IRQS: 524544, nr_irqs: 616, preallocated irqs: 16
[    0.324841] rcu: srcu_init: Setting srcu_struct sizes based on contention.
[    0.324989] Console: colour dummy device 80x25
[    0.325062] printk: legacy console [ttyS0] enabled
[    0.481628] ACPI: Core revision 20250404
[    0.482465] APIC: Switch to symmetric I/O mode setup
[    0.483903] x2apic enabled
[    0.487102] APIC: Switched APIC routing to: physical x2apic
[    0.492954] ..TIMER: vector=0x30 apic1=0 pin1=0 apic2=-1 pin2=-1
[    0.494575] clocksource: tsc-early: mask: 0xffffffffffffffff max_cycles: 0x212733415c7, max_idle_ns: 440795236380 ns
[    0.496178] Calibrating delay loop (skipped) preset value.. 4599.99 BogoMIPS (lpj=2299998)
[    0.497484] Last level iTLB entries: 4KB 1024, 2MB 1024, 4MB 1024
[    0.498177] Last level dTLB entries: 4KB 1024, 2MB 1024, 4MB 1024, 1GB 4
[    0.499198] mitigations: Enabled attack vectors: user_kernel, user_user, guest_host, guest_guest, SMT mitigations: auto
[    0.500179] Speculative Store Bypass: Mitigation: Speculative Store Bypass disabled via prctl
[    0.501178] Spectre V2 : Mitigation: IBRS
[    0.502176] RETBleed: Mitigation: IBRS
[    0.503176] ITS: Mitigation: Aligned branch/return thunks
[    0.503957] Spectre V2 : User space: Mitigation: STIBP via prctl
[    0.504176] MDS: Mitigation: Clear CPU buffers
[    0.505176] MMIO Stale Data: Vulnerable: Clear CPU buffers attempted, no microcode
[    0.506176] Spectre V1 : Mitigation: usercopy/swapgs barriers and __user pointer sanitization
[    0.507179] Spectre V2 : Spectre v2 / SpectreRSB: Filling RSB on context switch and VMEXIT
[    0.508179] Spectre V2 : mitigation: Enabling conditional Indirect Branch Prediction Barrier
[    0.509183] active return thunk: its_return_thunk
[    0.510177] Spectre V2 : Spectre BHI mitigation: SW BHB clearing on syscall and VM exit
[    0.511192] x86/fpu: Supporting XSAVE feature 0x001: 'x87 floating point registers'
[    0.512177] x86/fpu: Supporting XSAVE feature 0x002: 'SSE registers'
[    0.513177] x86/fpu: Supporting XSAVE feature 0x004: 'AVX registers'
[    0.514177] x86/fpu: xstate_offset[2]:  576, xstate_sizes[2]:  256
[    0.515177] x86/fpu: Enabled xstate features 0x7, context size is 832 bytes, using 'standard' format.
[    0.575486] Freeing SMP alternatives memory: 52K
[    0.576180] pid_max: default: 32768 minimum: 301
[    0.577281] LSM: initializing lsm=lockdown,capability,landlock,yama,apparmor,ima,evm
[    0.578192] landlock: Up and running.
[    0.579177] Yama: becoming mindful.
[    0.580238] AppArmor: AppArmor initialized
[    0.581318] Mount-cache hash table entries: 131072 (order: 8, 1048576 bytes, linear)
[    0.582352] Mountpoint-cache hash table entries: 131072 (order: 8, 1048576 bytes, linear)
[    0.686606] smpboot: CPU0: Intel(R) Xeon(R) CPU @ 2.30GHz (family: 0x6, model: 0x3f, stepping: 0x0)
[    0.687512] Performance Events: unsupported CPU family 6 model 63 no PMU driver, software events only.
[    0.688255] signal: max sigframe size: 1776
[    0.689233] rcu: Hierarchical SRCU implementation.
[    0.690177] rcu: 	Max phase no-delay instances is 400.
[    0.691275] Timer migration: 2 hierarchy levels; 8 children per group; 2 crossnode level
[    0.694047] NMI watchdog: Perf NMI watchdog permanently disabled
[    0.695318] smp: Bringing up secondary CPUs ...
[    0.696298] smpboot: x86: Booting SMP configuration:
[    0.697040] .... node  #0, CPUs:        #1  #2  #3  #4  #5  #6  #7  #8  #9 #10 #11 #12 #13 #14 #15 #16 #17 #18 #19 #20 #21 #22 #23
[    0.707477] MDS CPU bug present and SMT on, data leak possible. See https://www.kernel.org/doc/html/latest/admin-guide/hw-vuln/mds.html for more details.
[    0.709177] MMIO Stale Data CPU bug present and SMT on, data leak possible. See https://www.kernel.org/doc/html/latest/admin-guide/hw-vuln/processor_mmio_stale_data.html for more details.
[    0.715306] smp: Brought up 1 node, 24 CPUs
[    0.716181] smpboot: Total of 24 processors activated (110399.90 BogoMIPS)
[    0.720241] Memory: 65803328K/67105084K available (22206K kernel code, 4673K rwdata, 15608K rodata, 5404K init, 6100K bss, 1277596K reserved, 0K cma-reserved)
[    0.724524] devtmpfs: initialized
[    0.725295] x86/mm: Memory block size: 1024MB
[    0.728601] ACPI: PM: Registering ACPI NVS region [mem 0xbfb7f000-0xbfbfefff] (524288 bytes)
[    0.729298] clocksource: jiffies: mask: 0xffffffff max_cycles: 0xffffffff, max_idle_ns: 1911260446275000 ns
[    0.730240] posixtimers hash table entries: 16384 (order: 6, 262144 bytes, linear)
[    0.731298] futex hash table entries: 8192 (524288 bytes on 1 NUMA nodes, total 512 KiB, linear).
[    0.732335] pinctrl core: initialized pinctrl subsystem
[    0.733413] PM: RTC time: 03:19:52, date: 2026-05-15
[    0.735842] NET: Registered PF_NETLINK/PF_ROUTE protocol family
[    0.737200] DMA: preallocated 4096 KiB GFP_KERNEL pool for atomic allocations
[    0.739184] DMA: preallocated 4096 KiB GFP_KERNEL|GFP_DMA pool for atomic allocations
[    0.741511] DMA: preallocated 4096 KiB GFP_KERNEL|GFP_DMA32 pool for atomic allocations
[    0.742190] audit: initializing netlink subsys (disabled)
[    0.744181] audit: type=2000 audit(1778815192.421:1): state=initialized audit_enabled=0 res=1
[    0.744374] thermal_sys: Registered thermal governor 'fair_share'
[    0.745177] thermal_sys: Registered thermal governor 'bang_bang'
[    0.746178] thermal_sys: Registered thermal governor 'step_wise'
[    0.747177] thermal_sys: Registered thermal governor 'user_space'
[    0.748178] thermal_sys: Registered thermal governor 'power_allocator'
[    0.749192] cpuidle: using governor ladder
[    0.751187] cpuidle: using governor menu
[    0.752251] acpiphp: ACPI Hot Plug PCI Controller Driver version: 0.5
[    0.754304] PCI: Using configuration type 1 for base access
[    0.755291] kprobes: kprobe jump-optimization is enabled. All kprobes are optimized if possible.
[    0.757290] HugeTLB: registered 1.00 GiB page size, pre-allocated 0 pages
[    0.758177] HugeTLB: 16380 KiB vmemmap can be freed for a 1.00 GiB page
[    0.759178] HugeTLB: registered 2.00 MiB page size, pre-allocated 0 pages
[    0.760177] HugeTLB: 28 KiB vmemmap can be freed for a 2.00 MiB page
[    0.764759] ACPI: Added _OSI(Module Device)
[    0.765178] ACPI: Added _OSI(Processor Device)
[    0.766179] ACPI: Added _OSI(Processor Aggregator Device)
[    0.771374] ACPI: 3 ACPI AML tables successfully acquired and loaded
[    0.796142] ACPI: Interpreter enabled
[    0.796195] ACPI: PM: (supports S0 S3 S4 S5)
[    0.797178] ACPI: Using IOAPIC for interrupt routing
[    0.799271] PCI: Using host bridge windows from ACPI; if necessary, use "pci=nocrs" and report a bug
[    0.800177] PCI: Ignoring E820 reservations for host bridge windows
[    0.802399] ACPI: Enabled 16 GPEs in block 00 to 0F
[    0.810326] ACPI: PCI Root Bridge [PCI0] (domain 0000 [bus 00-ff])
[    0.811183] acpi PNP0A03:00: _OSC: OS supports [ASPM ClockPM Segments MSI EDR HPX-Type3]
[    0.812178] acpi PNP0A03:00: _OSC: not requesting OS control; OS requires [ExtendedConfig ASPM ClockPM MSI]
[    0.813190] acpi PNP0A03:00: fail to add MMCONFIG information, can't access extended configuration space under this bridge
[    0.815566] PCI host bridge to bus 0000:00
[    0.816182] pci_bus 0000:00: root bus resource [io  0x0000-0x0cf7 window]
[    0.817178] pci_bus 0000:00: root bus resource [io  0x0d00-0xffff window]
[    0.818178] pci_bus 0000:00: root bus resource [mem 0x000a0000-0x000bffff window]
[    0.819178] pci_bus 0000:00: root bus resource [mem 0xc0000000-0xc53fffff window]
[    0.820178] pci_bus 0000:00: root bus resource [mem 0xc5440000-0xee3fffff window]
[    0.821178] pci_bus 0000:00: root bus resource [mem 0xee440000-0xfebfefff window]
[    0.822178] pci_bus 0000:00: root bus resource [mem 0x1040000000-0x2103fffffff window]
[    0.823178] pci_bus 0000:00: root bus resource [bus 00-ff]
[    0.824257] pci 0000:00:00.0: [8086:1237] type 00 class 0x060000 conventional PCI endpoint
[    0.828292] pci 0000:00:01.0: [8086:7110] type 00 class 0x060100 conventional PCI endpoint
[    0.833734] pci 0000:00:01.3: [8086:7113] type 00 class 0x068000 conventional PCI endpoint
[    0.839353] pci 0000:00:01.3: quirk: [io  0xb000-0xb03f] claimed by PIIX4 ACPI
[    0.841553] pci 0000:00:03.0: [1af4:1004] type 00 class 0x000000 conventional PCI endpoint
[    0.852205] pci 0000:00:03.0: BAR 0 [io  0xc040-0xc07f]
[    0.853193] pci 0000:00:03.0: BAR 1 [mem 0xc1001000-0xc100107f]
[    0.855205] pci 0000:00:04.0: [10de:1eb8] type 00 class 0x030200 conventional PCI endpoint
[    0.870209] pci 0000:00:04.0: BAR 0 [mem 0xc0000000-0xc0ffffff]
[    0.871208] pci 0000:00:04.0: BAR 1 [mem 0x1040000000-0x104fffffff 64bit pref]
[    0.872208] pci 0000:00:04.0: BAR 3 [mem 0x1050000000-0x1051ffffff 64bit pref]
[    0.875984] pci 0000:00:05.0: [1af4:1000] type 00 class 0x020000 conventional PCI endpoint
[    0.886209] pci 0000:00:05.0: BAR 0 [io  0xc000-0xc03f]
[    0.887199] pci 0000:00:05.0: BAR 1 [mem 0xc1000000-0xc10003ff]
[    0.889368] pci 0000:00:06.0: [1af4:1005] type 00 class 0x00ff00 conventional PCI endpoint
[    0.898209] pci 0000:00:06.0: BAR 0 [io  0xc080-0xc09f]
[    0.899193] pci 0000:00:06.0: BAR 1 [mem 0xc1002000-0xc100203f]
[    0.913119] ACPI: PCI: Interrupt link LNKA configured for IRQ 10
[    0.914339] ACPI: PCI: Interrupt link LNKB configured for IRQ 10
[    0.916324] ACPI: PCI: Interrupt link LNKC configured for IRQ 11
[    0.918323] ACPI: PCI: Interrupt link LNKD configured for IRQ 11
[    0.920252] ACPI: PCI: Interrupt link LNKS configured for IRQ 9
[    0.925473] iommu: Default domain type: Translated
[    0.926179] iommu: DMA domain TLB invalidation policy: lazy mode
[    0.928447] SCSI subsystem initialized
[    0.929228] ACPI: bus type USB registered
[    0.930213] usbcore: registered new interface driver usbfs
[    0.931188] usbcore: registered new interface driver hub
[    0.932194] usbcore: registered new device driver usb
[    0.933207] pps_core: LinuxPPS API ver. 1 registered
[    0.934177] pps_core: Software ver. 5.3.6 - Copyright 2005-2007 Rodolfo Giometti <giometti@linux.it>
[    0.935182] PTP clock support registered
[    0.936227] EDAC MC: Ver: 3.0.0
[    0.938382] efivars: Registered efivars operations
[    0.939831] NetLabel: Initializing
[    0.940178] NetLabel:  domain hash size = 128
[    0.941177] NetLabel:  protocols = UNLABELED CIPSOv4 CALIPSO
[    0.942202] NetLabel:  unlabeled traffic allowed by default
[    0.944197] mctp: management component transport protocol core
[    0.945178] NET: Registered PF_MCTP protocol family
[    0.946197] PCI: Using ACPI for IRQ routing
[    0.947433] vgaarb: loaded
[    0.949215] clocksource: Switched to clocksource kvm-clock
[    0.952383] VFS: Disk quotas dquot_6.6.0
[    0.953900] VFS: Dquot-cache hash table entries: 512 (order 0, 4096 bytes)
[    0.956757] AppArmor: AppArmor Filesystem Enabled
[    0.958532] pnp: PnP ACPI init
[    0.960526] pnp: PnP ACPI: found 7 devices
[    0.969305] clocksource: acpi_pm: mask: 0xffffff max_cycles: 0xffffff, max_idle_ns: 2085701024 ns
[    0.972604] NET: Registered PF_INET protocol family
[    0.974802] IP idents hash table entries: 262144 (order: 9, 2097152 bytes, linear)
[    1.001109] tcp_listen_portaddr_hash hash table entries: 32768 (order: 7, 524288 bytes, linear)
[    1.004403] Table-perturb hash table entries: 65536 (order: 6, 262144 bytes, linear)
[    1.008099] TCP established hash table entries: 524288 (order: 10, 4194304 bytes, linear)
[    1.011909] TCP bind hash table entries: 65536 (order: 9, 2097152 bytes, linear)
[    1.014915] TCP: Hash tables configured (established 524288 bind 65536)
[    1.017886] MPTCP token hash table entries: 65536 (order: 9, 1572864 bytes, linear)
[    1.021173] UDP hash table entries: 32768 (order: 9, 2097152 bytes, linear)
[    1.024378] UDP-Lite hash table entries: 32768 (order: 9, 2097152 bytes, linear)
[    1.027449] NET: Registered PF_UNIX/PF_LOCAL protocol family
[    1.029558] NET: Registered PF_XDP protocol family
[    1.031367] pci_bus 0000:00: resource 4 [io  0x0000-0x0cf7 window]
[    1.033654] pci_bus 0000:00: resource 5 [io  0x0d00-0xffff window]
[    1.035985] pci_bus 0000:00: resource 6 [mem 0x000a0000-0x000bffff window]
[    1.038589] pci_bus 0000:00: resource 7 [mem 0xc0000000-0xc53fffff window]
[    1.041242] pci_bus 0000:00: resource 8 [mem 0xc5440000-0xee3fffff window]
[    1.043908] pci_bus 0000:00: resource 9 [mem 0xee440000-0xfebfefff window]
[    1.046445] pci_bus 0000:00: resource 10 [mem 0x1040000000-0x2103fffffff window]
[    1.049233] pci 0000:00:00.0: Limiting direct PCI/PCI transfers
[    1.051592] PCI: CLS 0 bytes, default 64
[    1.053156] PCI-DMA: Using software bounce buffering for IO (SWIOTLB)
[    1.055552] software IO TLB: mapped [mem 0x00000000b7f7f000-0x00000000bbf7f000] (64MB)
[    1.058544] clocksource: tsc: mask: 0xffffffffffffffff max_cycles: 0x212733415c7, max_idle_ns: 440795236380 ns
[    1.062505] clocksource: Switched to clocksource tsc
[    1.084942] Initialise system trusted keyrings
[    1.086675] Key type blacklist registered
[    1.088305] workingset: timestamp_bits=36 max_order=24 bucket_order=0
[    1.091189] squashfs: version 4.0 (2009/01/31) Phillip Lougher
[    1.093656] fuse: init (API version 7.44)
[    1.095630] integrity: Platform Keyring initialized
[    1.097501] integrity: Machine keyring initialized
[    1.114290] Key type asymmetric registered
[    1.115839] Asymmetric key parser 'x509' registered
[    1.117712] Block layer SCSI generic (bsg) driver version 0.4 loaded (major 242)
[    1.120619] io scheduler mq-deadline registered
[    1.124387] ledtrig-cpu: registered to indicate activity on CPUs
[    1.126903] input: Power Button as /devices/LNXSYSTM:00/LNXPWRBN:00/input/input0
[    1.130020] ACPI: button: Power Button [PWRF]
[    1.131709] input: Sleep Button as /devices/LNXSYSTM:00/LNXSLPBN:00/input/input1
[    1.134501] ACPI: button: Sleep Button [SLPF]
[    1.142917] ACPI: \_SB_.LNKC: Enabled at IRQ 11
[    1.144787] virtio-pci 0000:00:03.0: virtio_pci: leaving for legacy driver
[    1.155505] ACPI: \_SB_.LNKA: Enabled at IRQ 10
[    1.157268] virtio-pci 0000:00:05.0: virtio_pci: leaving for legacy driver
[    1.168999] ACPI: \_SB_.LNKB: Enabled at IRQ 10
[    1.170678] virtio-pci 0000:00:06.0: virtio_pci: leaving for legacy driver
[    1.178419] Serial: 8250/16550 driver, 32 ports, IRQ sharing enabled
[    1.203926] 00:03: ttyS0 at I/O 0x3f8 (irq = 4, base_baud = 115200) is a 16550A
[    1.229282] 00:04: ttyS1 at I/O 0x2f8 (irq = 3, base_baud = 115200) is a 16550A
[    1.254561] 00:05: ttyS2 at I/O 0x3e8 (irq = 6, base_baud = 115200) is a 16550A
[    1.279930] 00:06: ttyS3 at I/O 0x2e8 (irq = 7, base_baud = 115200) is a 16550A
[    1.284725] Linux agpgart interface v0.103
[    1.287663] tpm_tis MSFT0101:00: 2.0 TPM (device-id 0x9009, rev-id 0)
[    1.305499] loop: module loaded
[    1.309607] virtio_scsi virtio0: 1/0/0 default/read/poll queues
[    1.328535] scsi host0: Virtio SCSI HBA
[    1.329624] blk-mq: reduced tag depth to 10240
[    1.336267] Key type psk registered
[    1.336724] scsi 0:0:1:0: Direct-Access     Google   PersistentDisk   1    PQ: 0 ANSI: 6
[    1.337949] ACPI: bus type drm_connector registered
[    1.341081] tun: Universal TUN/TAP device driver, 1.6
[    1.489929] sd 0:0:1:0: Attached scsi generic sg0 type 0
[    1.490115] sd 0:0:1:0: [sda] 4194304000 512-byte logical blocks: (2.15 TB/1.95 TiB)
[    1.525538] sd 0:0:1:0: [sda] 4096-byte physical blocks
[    1.541403] sd 0:0:1:0: [sda] Write Protect is off
[    1.554077] sd 0:0:1:0: [sda] Write cache: enabled, read cache: enabled, doesn't support DPO or FUA
[    1.570089] PPP generic driver version 2.4.2
[    1.573064] i8042: PNP: PS/2 Controller [PNP0303:KBD,PNP0f13:MOU] at 0x60,0x64 irq 1,12
[    1.575487] i8042: Warning: Keylock active
[    1.578792] serio: i8042 KBD port at 0x60,0x64 irq 1
[    1.580132] serio: i8042 AUX port at 0x60,0x64 irq 12
[    1.581755] mousedev: PS/2 mouse device common for all mice
[    1.583550] rtc_cmos 00:00: RTC can wake from S4
[    1.586084] rtc_cmos 00:00: registered as rtc0
[    1.587438] rtc_cmos 00:00: setting system clock to 2026-05-15T03:19:53 UTC (1778815193)
[    1.589744] rtc_cmos 00:00: alarms up to one day, 114 bytes nvram
[    1.591332] i2c_dev: i2c /dev entries driver
[    1.592506] device-mapper: core: CONFIG_IMA_DISABLE_HTABLE is disabled. Duplicate IMA measurements will not be recorded in the IMA log.
[    1.595775] device-mapper: uevent: version 1.0.3
[    1.596363] GPT:Primary header thinks Alt. header is not at the end of the disk.
[    1.597105] device-mapper: ioctl: 4.50.0-ioctl (2025-04-28) initialised: dm-devel@lists.linux.dev
[    1.599031] GPT:104857599 != 4194303999
[    1.599033] GPT:Alternate GPT header not at the end of the disk.
[    1.599034] GPT:104857599 != 4194303999
[    1.599035] GPT: Use GNU Parted to correct GPT errors.
[    1.599043]  sda: sda1 sda14 sda15 sda16
[    1.599342] sd 0:0:1:0: [sda] Attached SCSI disk
[    1.601667] intel_pstate: CPU model not supported
[    1.610589] drop_monitor: Initializing network drop monitor service
[    1.613117] NET: Registered PF_INET6 protocol family
[    1.615130] Segment Routing with IPv6
[    1.616202] In-situ OAM (IOAM) with IPv6
[    1.617385] NET: Registered PF_PACKET protocol family
[    1.618930] Key type dns_resolver registered
[    1.624260] IPI shorthand broadcast: enabled
[    1.628179] sched_clock: Marking stable (1461006679, 166324507)->(1821958407, -194627221)
[    1.630931] registered taskstats version 1
[    1.634041] Loading compiled-in X.509 certificates
[    1.636147] Loaded X.509 cert 'Build time autogenerated kernel key: e45cb4cd1c398ae218369364b5dd9534d3664c1e'
[    1.639572] Loaded X.509 cert 'Canonical Ltd. Live Patch Signing 2025 Kmod: d541cef61dc7e793b7eb7e899970a2eef0b5dc8c'
[    1.642955] Loaded X.509 cert 'Canonical Ltd. Live Patch Signing: 14df34d1a87cf37625abec039ef2bf521249b969'
[    1.646291] Loaded X.509 cert 'Canonical Ltd. Kernel Module Signing: 88f752e560a1e0737e31163a466ad7b70a850c19'
[    1.648957] blacklist: Loading compiled-in revocation X.509 certificates
[    1.650756] Loaded X.509 cert 'Canonical Ltd. Secure Boot Signing: 61482aa2830d0ab2ad5af10b7250da9033ddcef0'
[    1.653369] Loaded X.509 cert 'Canonical Ltd. Secure Boot Signing (2017): 242ade75ac4a15e50d50c84b0d45ff3eae707a03'
[    1.656254] Loaded X.509 cert 'Canonical Ltd. Secure Boot Signing (ESM 2018): 365188c1d374d6b07c3c8f240f8ef722433d6a8b'
[    1.659116] Loaded X.509 cert 'Canonical Ltd. Secure Boot Signing (2019): c0746fd6c5da3ae827864651ad66ae47fe24b3e8'
[    1.661958] Loaded X.509 cert 'Canonical Ltd. Secure Boot Signing (2021 v1): a8d54bbb3825cfb94fa13c9f8a594a195c107b8d'
[    1.664914] Loaded X.509 cert 'Canonical Ltd. Secure Boot Signing (2021 v2): 4cf046892d6fd3c9a5b03f98d845f90851dc6a8c'
[    1.667842] Loaded X.509 cert 'Canonical Ltd. Secure Boot Signing (2021 v3): 100437bb6de6e469b581e61cd66bce3ef4ed53af'
[    1.670730] Loaded X.509 cert 'Canonical Ltd. Secure Boot Signing (Ubuntu Core 2019): c1d57b8f6b743f23ee41f4f7ee292f06eecadfb9'
[    1.679263] Demotion targets for Node 0: null
[    1.680569] Key type .fscrypt registered
[    1.681605] Key type fscrypt-provisioning registered
[    1.683196] Key type big_key registered
[    1.684283] Key type trusted registered
[    1.686940] Key type encrypted registered
[    1.688081] AppArmor: AppArmor sha256 policy hashing enabled
[    1.690046] integrity: Loading X.509 certificate: UEFI:db
[    1.691525] integrity: Loaded X.509 cert 'Microsoft Corporation UEFI CA 2011: 13adbf4309bd82709c8cd54f316ed522988a1bd4'
[    1.694590] integrity: Loading X.509 certificate: UEFI:db
[    1.696349] integrity: Loaded X.509 cert 'Microsoft Windows Production PCA 2011: a92902398e16c49778cd90f99e4f9ae17c55af53'
[    1.699372] integrity: Loading X.509 certificate: UEFI:db
[    1.701104] integrity: Loaded X.509 cert 'Microsoft Corporation: Windows UEFI CA 2023: aefc5fbbbe055d8f8daa585473499417ab5a5272'
[    1.704555] integrity: Loading X.509 certificate: UEFI:db
[    1.706204] integrity: Loaded X.509 cert 'Microsoft UEFI CA 2023: 81aa6b3244c935bce0d6628af39827421e32497d'
[    1.709067] integrity: Revoking X.509 certificate: UEFI:dbx
[    1.710648] blacklist: Revoked X.509 cert 'Canonical Ltd. Secure Boot Signing: 61482aa2830d0ab2ad5af10b7250da9033ddcef0'
[    1.713454] integrity: Revoking X.509 certificate: UEFI:dbx
[    1.714874] blacklist: Revoked X.509 cert 'Cisco: Virtual UEFI SubCA: 13df2e3f54ebf347dcaecebf21d3cbb2355a4c9a'
[    1.717517] integrity: Revoking X.509 certificate: UEFI:dbx
[    1.718915] blacklist: Revoked X.509 cert 'Debian Secure Boot Signer: 00a7468def'
[    1.721662] Loading compiled-in module X.509 certificates
[    1.723820] Loaded X.509 cert 'Build time autogenerated kernel key: e45cb4cd1c398ae218369364b5dd9534d3664c1e'
[    1.726432] ima: Allocated hash algorithm: sha256
[    1.755380] ima: No architecture policies found
[    1.756780] evm: Initialising EVM extended attributes:
[    1.758247] evm: security.selinux
[    1.759224] evm: security.SMACK64
[    1.760170] evm: security.SMACK64EXEC
[    1.761063] evm: security.SMACK64TRANSMUTE
[    1.762092] evm: security.SMACK64MMAP
[    1.763057] evm: security.apparmor
[    1.763986] evm: security.ima
[    1.764758] evm: security.capability
[    1.765770] evm: HMAC attrs: 0x1
[    1.766999] PM:   Magic number: 10:706:310
[    1.768323] tty tty39: hash matches
[    1.771927] RAS: Correctable Errors collector initialized.
[    1.786222] clk: Disabling unused clocks
[    1.787277] PM: genpd: Disabling unused power domains
[    1.789806] check access for rdinit=/init failed: -2, ignoring
[    1.790854] input: AT Translated Set 2 keyboard as /devices/platform/i8042/serio0/input/input2
[    1.792500] md: Waiting for all devices to be available before autodetect
[    1.793501] md: If you don't use raid, use raid=noautodetect
[    1.794366] md: Autodetecting RAID arrays.
[    1.794952] md: autorun ...
[    1.795366] md: ... autorun DONE.
[    1.804738] EXT4-fs (sda1): mounted filesystem 89fcf612-67c3-434b-97ea-2cfdbfe01b5b ro with ordered data mode. Quota mode: none.
[    1.806430] VFS: Mounted root (ext4 filesystem) readonly on device 8:1.
[    1.810043] devtmpfs: mounted
[    1.812596] Freeing unused decrypted memory: 2028K
[    1.815156] Freeing unused kernel image (initmem) memory: 5404K
[    1.816304] Write protecting the kernel read-only data: 38912k
[    1.817886] Freeing unused kernel image (text/rodata gap) memory: 320K
[    1.819308] Freeing unused kernel image (rodata/data gap) memory: 776K
[    1.878568] x86/mm: Checked W+X mappings: passed, no W+X pages found.
[    1.879553] x86/mm: Checking user space page tables
[    1.935747] x86/mm: Checked W+X mappings: passed, no W+X pages found.
[    1.936746] Run /sbin/init as init process
[    2.161521] systemd[1]: Inserted module 'autofs4'
[    2.304493] systemd[1]: systemd 255.4-1ubuntu8.15 running in system mode (+PAM +AUDIT +SELINUX +APPARMOR +IMA +SMACK +SECCOMP +GCRYPT -GNUTLS +OPENSSL +ACL +BLKID +CURL +ELFUTILS +FIDO2 +IDN2 -IDN +IPTC +KMOD +LIBCRYPTSETUP +LIBFDISK +PCRE2 -PWQUALITY +P11KIT +QRENCODE +TPM2 +BZIP2 +LZ4 +XZ +ZLIB +ZSTD -BPF_FRAMEWORK -XKBCOMMON +UTMP +SYSVINIT default-hierarchy=unified)
[    2.309101] systemd[1]: Detected virtualization google.
[    2.309912] systemd[1]: Detected architecture x86-64.

Welcome to [1mUbuntu 24.04.4 LTS[0m!

[    2.315459] systemd[1]: No hostname configured, using default hostname.
[    2.316628] systemd[1]: Hostname set to <localhost>.
[    2.700371] systemd[1]: Queued start job for default target graphical.target.
[    2.726161] systemd[1]: Created slice system-modprobe.slice - Slice /system/modprobe.
[[0;32m  OK  [0m] Created slice [0;1;39msystem-modprobe.slice[0m - Slice /system/modprobe.
[    2.731492] systemd[1]: Created slice system-serial\x2dgetty.slice - Slice /system/serial-getty.
[[0;32m  OK  [0m] Created slice [0;1;39msystem-serial\x2dget…slice[0m - Slice /system/serial-getty.
[    2.736963] systemd[1]: Created slice system-systemd\x2dfsck.slice - Slice /system/systemd-fsck.
[[0;32m  OK  [0m] Created slice [0;1;39msystem-systemd\x2dfs…slice[0m - Slice /system/systemd-fsck.
[    2.741837] systemd[1]: Created slice user.slice - User and Session Slice.
[[0;32m  OK  [0m] Created slice [0;1;39muser.slice[0m - User and Session Slice.
[    2.745455] systemd[1]: Started systemd-ask-password-wall.path - Forward Password Requests to Wall Directory Watch.
[[0;32m  OK  [0m] Started [0;1;39msystemd-ask-password-wall.…[0md Requests to Wall Directory Watch.
[    2.750602] systemd[1]: Set up automount proc-sys-fs-binfmt_misc.automount - Arbitrary Executable File Formats File System Automount Point.
[[0;32m  OK  [0m] Set up automount [0;1;39mproc-sys-fs-binfm…[0mormats File System Automount Point.
[    2.755394] systemd[1]: Expecting device dev-disk-by\x2dlabel-BOOT.device - /dev/disk/by-label/BOOT...
         Expecting device [0;1;39mdev-disk-by\x2dla…device[0m - /dev/disk/by-label/BOOT...
[    2.759378] systemd[1]: Expecting device dev-disk-by\x2dlabel-UEFI.device - /dev/disk/by-label/UEFI...
         Expecting device [0;1;39mdev-disk-by\x2dla…device[0m - /dev/disk/by-label/UEFI...
[    2.763376] systemd[1]: Expecting device dev-ttyS0.device - /dev/ttyS0...
         Expecting device [0;1;39mdev-ttyS0.device[0m - /dev/ttyS0...
[    2.767392] systemd[1]: Reached target integritysetup.target - Local Integrity Protected Volumes.
[[0;32m  OK  [0m] Reached target [0;1;39mintegritysetup.targ…[0m Local Integrity Protected Volumes.
[    2.771410] systemd[1]: Reached target slices.target - Slice Units.
[[0;32m  OK  [0m] Reached target [0;1;39mslices.target[0m - Slice Units.
[    2.775390] systemd[1]: Reached target snapd.mounts-pre.target - Mounting snaps.
[[0;32m  OK  [0m] Reached target [0;1;39msnapd.mounts-pre.target[0m - Mounting snaps.
[    2.779395] systemd[1]: Reached target swap.target - Swaps.
[[0;32m  OK  [0m] Reached target [0;1;39mswap.target[0m - Swaps.
[    2.782404] systemd[1]: Reached target time-set.target - System Time Set.
[[0;32m  OK  [0m] Reached target [0;1;39mtime-set.target[0m - System Time Set.
[    2.786583] systemd[1]: Reached target veritysetup.target - Local Verity Protected Volumes.
[[0;32m  OK  [0m] Reached target [0;1;39mveritysetup.target[0m - Local Verity Protected Volumes.
[    2.791541] systemd[1]: Listening on dm-event.socket - Device-mapper event daemon FIFOs.
[[0;32m  OK  [0m] Listening on [0;1;39mdm-event.socket[0m - Device-mapper event daemon FIFOs.
[    2.795529] systemd[1]: Listening on lvm2-lvmpolld.socket - LVM2 poll daemon socket.
[[0;32m  OK  [0m] Listening on [0;1;39mlvm2-lvmpolld.socket[0m - LVM2 poll daemon socket.
[    2.799514] systemd[1]: Listening on multipathd.socket - multipathd control socket.
[[0;32m  OK  [0m] Listening on [0;1;39mmultipathd.socket[0m - multipathd control socket.
[    2.803534] systemd[1]: Listening on syslog.socket - Syslog Socket.
[[0;32m  OK  [0m] Listening on [0;1;39msyslog.socket[0m - Syslog Socket.
[    2.807510] systemd[1]: Listening on systemd-fsckd.socket - fsck to fsckd communication Socket.
[[0;32m  OK  [0m] Listening on [0;1;39msystemd-fsckd.socket[0m …fsck to fsckd communication Socket.
[    2.812456] systemd[1]: Listening on systemd-initctl.socket - initctl Compatibility Named Pipe.
[[0;32m  OK  [0m] Listening on [0;1;39msystemd-initctl.socke…[0m- initctl Compatibility Named Pipe.
[    2.816522] systemd[1]: Listening on systemd-journald-dev-log.socket - Journal Socket (/dev/log).
[[0;32m  OK  [0m] Listening on [0;1;39msystemd-journald-dev-…socket[0m - Journal Socket (/dev/log).
[    2.821550] systemd[1]: Listening on systemd-journald.socket - Journal Socket.
[[0;32m  OK  [0m] Listening on [0;1;39msystemd-journald.socket[0m - Journal Socket.
[    2.825595] systemd[1]: Listening on systemd-networkd.socket - Network Service Netlink Socket.
[[0;32m  OK  [0m] Listening on [0;1;39msystemd-networkd.socket[0m - Network Service Netlink Socket.
[    2.830443] systemd[1]: systemd-pcrextend.socket - TPM2 PCR Extension (Varlink) was skipped because of an unmet condition check (ConditionSecurity=measured-uki).
[    2.832586] systemd[1]: Listening on systemd-udevd-control.socket - udev Control Socket.
[[0;32m  OK  [0m] Listening on [0;1;39msystemd-udevd-control.socket[0m - udev Control Socket.
[    2.836506] systemd[1]: Listening on systemd-udevd-kernel.socket - udev Kernel Socket.
[[0;32m  OK  [0m] Listening on [0;1;39msystemd-udevd-kernel.socket[0m - udev Kernel Socket.
[    2.861434] systemd[1]: Mounting dev-hugepages.mount - Huge Pages File System...
         Mounting [0;1;39mdev-hugepages.mount[0m - Huge Pages File System...
[    2.866360] systemd[1]: Mounting dev-mqueue.mount - POSIX Message Queue File System...
         Mounting [0;1;39mdev-mqueue.mount[0m - POSIX Message Queue File System...
[    2.871488] systemd[1]: Mounting sys-kernel-debug.mount - Kernel Debug File System...
         Mounting [0;1;39msys-kernel-debug.mount[0m - Kernel Debug File System...
[    2.876380] systemd[1]: Mounting sys-kernel-tracing.mount - Kernel Trace File System...
         Mounting [0;1;39msys-kernel-tracing.mount[0m - Kernel Trace File System...
[    2.884072] systemd[1]: Starting systemd-journald.service - Journal Service...
         Starting [0;1;39msystemd-journald.service[0m - Journal Service...
[    2.889685] systemd[1]: Starting keyboard-setup.service - Set the console keyboard layout...
         Starting [0;1;39mkeyboard-setup.service[0m - Set the console keyboard layout...
[    2.895530] systemd[1]: Starting kmod-static-nodes.service - Create List of Static Device Nodes...
         Starting [0;1;39mkmod-static-nodes.service[0m…eate List of Static Device Nodes...
[    2.901691] systemd[1]: Starting lvm2-monitor.service - Monitoring of LVM2 mirrors, snapshots etc. using dmeventd or progress polling...
         Starting [0;1;39mlvm2-monitor.service[0m - Mo…ing dmeventd or progress polling...
[    2.906215] systemd-journald[285]: Collecting audit messages is disabled.
[    2.908271] systemd[1]: Starting modprobe@configfs.service - Load Kernel Module configfs...
         Starting [0;1;39mmodprobe@configfs.service[0m - Load Kernel Module configfs...
[    2.913511] systemd[1]: Starting modprobe@dm_mod.service - Load Kernel Module dm_mod...
         Starting [0;1;39mmodprobe@dm_mod.service[0m - Load Kernel Module dm_mod...
[    2.918701] systemd[1]: Starting modprobe@drm.service - Load Kernel Module drm...
         Starting [0;1;39mmodprobe@drm.service[0m - Load Kernel Module drm...
[    2.923476] systemd[1]: Starting modprobe@efi_pstore.service - Load Kernel Module efi_pstore...
         Starting [0;1;39mmodprobe@efi_pstore.servi…[0m - Load Kernel Module efi_pstore...
[    2.928445] systemd[1]: Starting modprobe@fuse.service - Load Kernel Module fuse...
         Starting [0;1;39mmodprobe@fuse.service[0m - Load Kernel Module fuse...
[    2.933086] pstore: Using crash dump compression: deflate
[    2.933739] systemd[1]: Starting modprobe@loop.service - Load Kernel Module loop...
         Starting [0;1;39mmodprobe@loop.service[0m - Load Kernel Module loop...
[    2.940124] pstore: Registered efi_pstore as persistent store backend
[    2.940290] systemd[1]: Starting modprobe@nvme_fabrics.service - Load Kernel Module nvme_fabrics...
         Starting [0;1;39mmodprobe@nvme_fabrics.ser…[0m Load Kernel Module nvme_fabrics...
[    2.945772] systemd[1]: netplan-ovs-cleanup.service - OpenVSwitch configuration for cleanup was skipped because of an unmet condition check (ConditionFileIsExecutable=/usr/bin/ovs-vsctl).
[    2.949514] systemd[1]: Starting systemd-fsck-root.service - File System Check on Root Device...
         Starting [0;1;39msystemd-fsck-root.service[0m…File System Check on Root Device...
[    2.957198] systemd[1]: Starting systemd-modules-load.service - Load Kernel Modules...
         Starting [0;1;39msystemd-modules-load.service[0m - Load Kernel Modules...
[    2.961441] systemd[1]: systemd-pcrmachine.service - TPM2 PCR Machine ID Measurement was skipped because of an unmet condition check (ConditionSecurity=measured-uki).
[    2.961548] systemd[1]: systemd-tpm2-setup-early.service - TPM2 SRK Setup (Early) was skipped because of an unmet condition check (ConditionSecurity=measured-uki).
[    2.966895] systemd[1]: Starting systemd-udev-trigger.service - Coldplug All udev Devices...
         Starting [0;1;39msystemd-udev-trigger.service[0m - Coldplug All udev Devices...
[    2.969920] systemd[1]: Started systemd-journald.service - Journal Service.
[[0;32m  OK  [0m] Started [0;1;39msystemd-journald.service[0m - Journal Service.
[[0;32m  OK  [0m] Mounted [0;1;39mdev-hugepages.mount[0m - Huge Pages File System.
[[0;32m  OK  [0m] Mounted [0;1;39mdev-mqueue.mount[0m - POSIX Message Queue File System.
[[0;32m  OK  [0m] Mounted [0;1;39msys-kernel-debug.mount[0m - Kernel Debug File System.
[[0;32m  OK  [0m] Mounted [0;1;39msys-kernel-tracing.mount[0m - Kernel Trace File System.
[[0;32m  OK  [0m] Finished [0;1;39mkmod-static-nodes.service[0m…Create List of Static Device Nodes.
[[0;32m  OK  [0m] Finished [0;1;39mmodprobe@configfs.service[0m - Load Kernel Module configfs.
[[0;32m  OK  [0m] Finished [0;1;39mmodprobe@dm_mod.service[0m - Load Kernel Module dm_mod.
[[0;32m  OK  [0m] Finished [0;1;39mmodprobe@drm.service[0m - Load Kernel Module drm.
[[0;32m  OK  [0m] Finished [0;1;39mmodprobe@efi_pstore.service[0m - Load Kernel Module efi_pstore.
[[0;32m  OK  [0m] Finished [0;1;39mkeyboard-setup.service[0m - Set the console keyboard layout.
[[0;32m  OK  [0m] Finished [0;1;39mmodprobe@fuse.service[0m - Load Kernel Module fuse.
[[0;32m  OK  [0m] Finished [0;1;39mmodprobe@loop.service[0m - Load Kernel Module loop.
[[0;32m  OK  [0m] Finished [0;1;39mmodprobe@nvme_fabrics.ser…[0m - Load Kernel Module nvme_fabrics.
[[0;32m  OK  [0m] Finished [0;1;39msystemd-modules-load.service[0m - Load Kernel Modules.
         Mounting [0;1;39msys-fs-fuse-connections.mount[0m - FUSE Control File System...
         Mounting [0;1;39msys-kernel-config.mount[0m - Kernel Configuration File System...
[[0;32m  OK  [0m] Started [0;1;39msystemd-fsckd.service[0m - Fi…stem Check Daemon to report status.
         Starting [0;1;39msystemd-sysctl.service[0m - Apply Kernel Variables...
         Starting [0;1;39msystemd-tmpfiles-setup-de…[0m Device Nodes in /dev gracefully...
[[0;32m  OK  [0m] Finished [0;1;39mlvm2-monitor.service[0m - Mo…using dmeventd or progress polling.
[[0;32m  OK  [0m] Finished [0;1;39msystemd-fsck-root.service[0m - File System Check on Root Device.
[[0;32m  OK  [0m] Mounted [0;1;39msys-fs-fuse-connections.mount[0m - FUSE Control File System.
[[0;32m  OK  [0m] Mounted [0;1;39msys-kernel-config.mount[0m - Kernel Configuration File System.
         Starting [0;1;39msystemd-remount-fs.servic…[0munt Root and Kernel File Systems...
[[0;32m  OK  [0m] Finished [0;1;39msystemd-sysctl.service[0m - Apply Kernel Variables.
[[0;32m  OK  [0m] Finished [0;1;39msystemd-tmpfiles-setup-de…[0mic Device Nodes in /dev gracefully.
[[0;32m  OK  [0m] Finished [0;1;39msystemd-remount-fs.servic…[0mmount Root and Kernel File Systems.
         Starting [0;1;39mmultipathd.service[0m - Devi…pper Multipath Device Controller...
         Starting [0;1;39msystemd-journal-flush.ser…[0msh Journal to Persistent Storage...
         Starting [0;1;39msystemd-random-seed.service[0m - Load/Save OS Random Seed...
         Starting [0;1;39msystemd-tmpfiles-setup-de…[0meate Static Device Nodes in /dev...
[[0;32m  OK  [0m] Finished [0;1;39msystemd-udev-trigger.service[0m - Coldplug All udev Devices.
[[0;32m  OK  [0m] Finished [0;1;39msystemd-random-seed.service[0m - Load/Save OS Random Seed.
[[0;32m  OK  [0m] Finished [0;1;39msystemd-tmpfiles-setup-de…[0mCreate Static Device Nodes in /dev.
         Starting [0;1;39msystemd-udevd.service[0m - R…ager for Device Events and Files...
[[0;32m  OK  [0m] Started [0;1;39mmultipathd.service[0m - Devic…Mapper Multipath Device Controller.
[[0;32m  OK  [0m] Started [0;1;39msystemd-udevd.service[0m - Ru…anager for Device Events and Files.
[[0;32m  OK  [0m] Reached target [0;1;39mlocal-fs-pre.target[0m…Preparation for Local File Systems.
         Mounting [0;1;39msnap-core22-2411.mount[0m - …t unit for core22, revision 2411...
         Mounting [0;1;39msnap-google\x2dcloud\x2dc…[0mr google-cloud-cli, revision 448...
         Mounting [0;1;39msnap-snapd-26865.mount[0m - …t unit for snapd, revision 26865...
[[0;32m  OK  [0m] Started [0;1;39msystemd-ask-password-conso…[0mequests to Console Directory Watch.
[[0;32m  OK  [0m] Reached target [0;1;39mcryptsetup.target[0m - Local Encrypted Volumes.
[[0;32m  OK  [0m] Finished [0;1;39msystemd-journal-flush.ser…[0mlush Journal to Persistent Storage.
[[0;32m  OK  [0m] Mounted [0;1;39msnap-core22-2411.mount[0m - Mount unit for core22, revision 2411.
[[0;32m  OK  [0m] Mounted [0;1;39msnap-google\x2dcloud\x2dcl…[0mfor google-cloud-cli, revision 448.
[[0;32m  OK  [0m] Mounted [0;1;39msnap-snapd-26865.mount[0m - Mount unit for snapd, revision 26865.
[[0;32m  OK  [0m] Found device [0;1;39mdev-ttyS0.device[0m - /dev/ttyS0.
[[0;32m  OK  [0m] Found device [0;1;39mdev-disk-by\x2dlabel-UEFI.device[0m - PersistentDisk UEFI.
[[0;32m  OK  [0m] Found device [0;1;39mdev-disk-by\x2dlabel-BOOT.device[0m - PersistentDisk BOOT.
[[0;32m  OK  [0m] Reached target [0;1;39msnapd.mounts.target[0m - Mounted snaps.
[[0;32m  OK  [0m] Listening on [0;1;39msystemd-rfkill.socket[0m…ll Switch Status /dev/rfkill Watch.
[    3.609410] 
         Starting [0;1;39msystemd-fsck@dev-disk-by\…[0mCheck on /dev/disk/by-label/BOOT...
         Starting [0;1;39msystemd-fsck@dev-disk-by\…[0mCheck on /dev/disk/by-label/UEFI...
Checking in progress on 1 disk (0.0% complete)[[0;32m  OK  [0m] Finished [0;1;39msystemd-fsck@dev-disk-by\…[0mm Check on /dev/disk/by-label/BOOT.
Checking in progress on 0 disks (100.0% complete)[[0;32m  OK  [0m] Finished [0;1;39msystemd-fsck@dev-disk-by\…[0mm Check on /dev/disk/by-label/UEFI.
         Mounting [0;1;39mboot.mount[0m - /boot...
[[0;32m  OK  [0m] Mounted [0;1;39mboot.mount[0m - /boot.
         Mounting [0;1;39mboot-efi.mount[0m - /boot/efi...
[[0;32m  OK  [0m] Mounted [0;1;39mboot-efi.mount[0m - /boot/efi.
[[0;32m  OK  [0m] Reached target [0;1;39mlocal-fs.target[0m - Local File Systems.
[[0;32m  OK  [0m] Listening on [0;1;39msystemd-sysext.socket[0m…tension Image Management (Varlink).
         Starting [0;1;39mapparmor.service[0m - Load AppArmor profiles...
         Starting [0;1;39mconsole-setup.service[0m - Set console font and keymap...
         Starting [0;1;39mfinalrd.service[0m - Create …time dir for shutdown pivot root...
         Starting [0;1;39mplymouth-read-write.servi…[0mymouth To Write Out Runtime Data...
         Starting [0;1;39msystemd-binfmt.service[0m - Set Up Additional Binary Formats...
         Starting [0;1;39msystemd-tmpfiles-setup.se…[0me Volatile Files and Directories...
         Starting [0;1;39mufw.service[0m - Uncomplicated firewall...
[[0;32m  OK  [0m] Finished [0;1;39mconsole-setup.service[0m - Set console font and keymap.
[[0;32m  OK  [0m] Finished [0;1;39mfinalrd.service[0m - Create …untime dir for shutdown pivot root.
[[0;32m  OK  [0m] Finished [0;1;39mplymouth-read-write.servi…[0mPlymouth To Write Out Runtime Data.
         Mounting [0;1;39mproc-sys-fs-binfmt_misc.m…[0mcutable File Formats File System...
[[0;32m  OK  [0m] Finished [0;1;39mufw.service[0m - Uncomplicated firewall.
[[0;32m  OK  [0m] Mounted [0;1;39mproc-sys-fs-binfmt_misc.mo…[0mxecutable File Formats File System.
[[0;32m  OK  [0m] Finished [0;1;39msystemd-binfmt.service[0m - Set Up Additional Binary Formats.
[[0;32m  OK  [0m] Finished [0;1;39msystemd-tmpfiles-setup.se…[0mate Volatile Files and Directories.
         Starting [0;1;39msystemd-resolved.service[0m - Network Name Resolution...
         Starting [0;1;39msystemd-update-utmp.servi…[0mord System Boot/Shutdown in UTMP...
[[0;32m  OK  [0m] Finished [0;1;39mapparmor.service[0m - Load AppArmor profiles.
         Starting [0;1;39mmodprobe@dm_mod.service[0m - Load Kernel Module dm_mod...
         Starting [0;1;39mmodprobe@efi_pstore.servi…[0m - Load Kernel Module efi_pstore...
         Starting [0;1;39mmodprobe@loop.service[0m - Load Kernel Module loop...
         Starting [0;1;39msnapd.apparmor.service[0m - …iles managed internally by snapd...
         Starting [0;1;39mcloud-init-local.service[0m …-init: Local Stage (pre-network)...
[[0;32m  OK  [0m] Finished [0;1;39mmodprobe@dm_mod.service[0m - Load Kernel Module dm_mod.
[[0;32m  OK  [0m] Finished [0;1;39mmodprobe@efi_pstore.service[0m - Load Kernel Module efi_pstore.
[[0;32m  OK  [0m] Finished [0;1;39mmodprobe@loop.service[0m - Load Kernel Module loop.
[[0;32m  OK  [0m] Finished [0;1;39msystemd-update-utmp.servi…[0mecord System Boot/Shutdown in UTMP.
[[0;32m  OK  [0m] Started [0;1;39msystemd-resolved.service[0m - Network Name Resolution.
[[0;32m  OK  [0m] Reached target [0;1;39mnss-lookup.target[0m - Host and Network Name Lookups.
[[0;32m  OK  [0m] Finished [0;1;39msnapd.apparmor.service[0m - …ofiles managed internally by snapd.
[    5.904092] cloud-init[720]: Cloud-init v. 25.3-0ubuntu1~24.04.1 running 'init-local' at Fri, 15 May 2026 03:19:57 +0000. Up 5.88 seconds.
         Starting [0;1;39mmodprobe@dm_mod.service[0m - Load Kernel Module dm_mod...
         Starting [0;1;39mmodprobe@efi_pstore.servi…[0m - Load Kernel Module efi_pstore...
         Starting [0;1;39mmodprobe@loop.service[0m - Load Kernel Module loop...
[[0;32m  OK  [0m] Finished [0;1;39mmodprobe@dm_mod.service[0m - Load Kernel Module dm_mod.
[[0;32m  OK  [0m] Finished [0;1;39mmodprobe@efi_pstore.service[0m - Load Kernel Module efi_pstore.
[[0;32m  OK  [0m] Finished [0;1;39mmodprobe@loop.service[0m - Load Kernel Module loop.
         Starting [0;1;39mmodprobe@dm_mod.service[0m - Load Kernel Module dm_mod...
         Starting [0;1;39mmodprobe@efi_pstore.servi…[0m - Load Kernel Module efi_pstore...
         Starting [0;1;39mmodprobe@loop.service[0m - Load Kernel Module loop...
[[0;32m  OK  [0m] Finished [0;1;39mmodprobe@dm_mod.service[0m - Load Kernel Module dm_mod.
[[0;32m  OK  [0m] Finished [0;1;39mmodprobe@efi_pstore.service[0m - Load Kernel Module efi_pstore.
[[0;32m  OK  [0m] Finished [0;1;39mmodprobe@loop.service[0m - Load Kernel Module loop.
[[0;32m  OK  [0m] Finished [0;1;39mcloud-init-local.service[0m …ud-init: Local Stage (pre-network).
[[0;32m  OK  [0m] Reached target [0;1;39mnetwork-pre.target[0m - Preparation for Network.
         Starting [0;1;39msystemd-networkd.service[0m - Network Configuration...
[[0;32m  OK  [0m] Started [0;1;39msystemd-networkd.service[0m - Network Configuration.
[[0;32m  OK  [0m] Reached target [0;1;39mnetwork.target[0m - Network.
         Starting [0;1;39msystemd-networkd-wait-onl…[0mait for Network to be Configured...
[[0;32m  OK  [0m] Finished [0;1;39msystemd-networkd-wait-onl…[0m Wait for Network to be Configured.
         Starting [0;1;39mcloud-init.service[0m - Cloud-init: Network Stage...
[   10.927642] cloud-init[817]: Cloud-init v. 25.3-0ubuntu1~24.04.1 running 'init' at Fri, 15 May 2026 03:20:02 +0000. Up 10.90 seconds.
[   10.941195] cloud-init[817]: ci-info: +++++++++++++++++++++++++++++++++++++++Net device info+++++++++++++++++++++++++++++++++++++++
[   10.955219] cloud-init[817]: ci-info: +--------+------+----------------------------+-----------------+--------+-------------------+
[   10.968148] cloud-init[817]: ci-info: | Device |  Up  |          Address           |       Mask      | Scope  |     Hw-Address    |
[   10.981186] cloud-init[817]: ci-info: +--------+------+----------------------------+-----------------+--------+-------------------+
[   10.994263] cloud-init[817]: ci-info: |  ens5  | True |       10.128.15.205        | 255.255.255.255 | global | 42:01:0a:80:0f:cd |
[   11.007229] cloud-init[817]: ci-info: |  ens5  | True | fe80::4001:aff:fe80:fcd/64 |        .        |  link  | 42:01:0a:80:0f:cd |
[   11.020136] cloud-init[817]: ci-info: |   lo   | True |         127.0.0.1          |    255.0.0.0    |  host  |         .         |
[   11.033141] cloud-init[817]: ci-info: |   lo   | True |          ::1/128           |        .        |  host  |         .         |
[   11.046121] cloud-init[817]: ci-info: +--------+------+----------------------------+-----------------+--------+-------------------+
[   11.059148] cloud-init[817]: ci-info: +++++++++++++++++++++++++++++++Route IPv4 info++++++++++++++++++++++++++++++++
[   11.071132] cloud-init[817]: ci-info: +-------+-----------------+------------+-----------------+-----------+-------+
[   11.083124] cloud-init[817]: ci-info: | Route |   Destination   |  Gateway   |     Genmask     | Interface | Flags |
[   11.095171] cloud-init[817]: ci-info: +-------+-----------------+------------+-----------------+-----------+-------+
[   11.107142] cloud-init[817]: ci-info: |   0   |     0.0.0.0     | 10.128.0.1 |     0.0.0.0     |    ens5   |   UG  |
[   11.120201] cloud-init[817]: ci-info: |   1   |    10.128.0.1   |  0.0.0.0   | 255.255.255.255 |    ens5   |   UH  |
[   11.132241] cloud-init[817]: ci-info: |   2   | 169.254.169.254 | 10.128.0.1 | 255.255.255.255 |    ens5   |  UGH  |
[   11.144256] cloud-init[817]: ci-info: +-------+-----------------+------------+-----------------+-----------+-------+
[   11.157140] cloud-init[817]: ci-info: +++++++++++++++++++Route IPv6 info+++++++++++++++++++
[   11.166129] cloud-init[817]: ci-info: +-------+-------------+---------+-----------+-------+
[   11.175118] cloud-init[817]: ci-info: | Route | Destination | Gateway | Interface | Flags |
[   11.184115] cloud-init[817]: ci-info: +-------+-------------+---------+-----------+-------+
[   11.193097] cloud-init[817]: ci-info: |   0   |  fe80::/64  |    ::   |    ens5   |   U   |
[   11.202162] cloud-init[817]: ci-info: |   2   |    local    |    ::   |    ens5   |   U   |
[   11.211165] cloud-init[817]: ci-info: |   3   |  multicast  |    ::   |    ens5   |   U   |
[   11.220185] cloud-init[817]: ci-info: +-------+-------------+---------+-----------+-------+
[   16.506441] cloud-init[817]: Generating public/private rsa key pair.
[   16.514157] cloud-init[817]: Your identification has been saved in /etc/ssh/ssh_host_rsa_key
[   16.524272] cloud-init[817]: Your public key has been saved in /etc/ssh/ssh_host_rsa_key.pub
[   16.534122] cloud-init[817]: The key fingerprint is:
[   16.540130] cloud-init[817]: SHA256:KS5uYsTJRhxpXNDajtUL/5Ll9EhFOCzLCK5GYCL+5TU root@loadgen-6lgs
[   16.550155] cloud-init[817]: The key's randomart image is:
[   16.556117] cloud-init[817]: +---[RSA 3072]----+
[   16.562118] cloud-init[817]: | ..=.  . .       |
[[0;32m  OK  [0m] Finished [0;1;39mcloud-init.service[0m - Cloud-init: Network Stage.
[   16.569133] cloud-init[817]: |+.* . . + .      |
[[0;32m  OK  [0m] Reached target [0;1;39mcloud-config.target[0m - Cloud-config availability.
[   16.584422] cloud-init[817]: |*+ = + o o       |
[[0;32m  OK  [0m] Reached target [0;1;39mnetwork-online.target[0m - Network is Online.
[   16.599126] cloud-init[817]: | o= =.+E ..      |
[[0;32m  OK  [0m] Reached target [0;1;39msysinit.target[0m - System Initialization.
[   16.614143] cloud-init[817]: |.=.=ooo.S.       |
[[0;32m  OK  [0m] Started [0;1;39mnvidia-cdi-refresh.path[0m - …r toolkit install / upgrade events.
[   16.627182] cloud-init[817]: |..B..oo.+        |
[   16.643107] cloud-init[817]: |.o  . .B o       |
[   16.649134] cloud-init[817]: |  o...o + .      |
[[0;32m  OK  [0m] Started [0;1;39mgce-workload-cert-refresh.…[0mWorkload Certificate refresh timer.
[   16.649205] cloud-init[817]: | . o.  .         |
[[0;32m  OK  [0m] Started [0;1;39mgoogle-oslogin-cache.timer[0m - NSS cache refresh timer.
[   16.663613] cloud-init[817]: +----[SHA256]-----+
[   16.684100] cloud-init[817]: Generating public/private ecdsa key pair.
[   16.691122] cloud-init[817]: Your identification has been saved in /etc/ssh/ssh_host_ecdsa_key
[[0;32m  OK  [0m] Started [0;1;39msystemd-tmpfiles-clean.tim…[0my Cleanup of Temporary Directories.
[   16.691195] cloud-init[817]: Your public key has been saved in /etc/ssh/ssh_host_ecdsa_key.pub
[   16.720118] cloud-init[817]: The key fingerprint is:
[   16.726175] cloud-init[817]: SHA256:Q7lWnvIvU/0e1o1As141nKgQC/SLI5+qSQEcjJ7GxNQ root@loadgen-6lgs
[   16.737113] cloud-init[817]: The key's randomart image is:
[   16.743192] cloud-init[817]: +---[ECDSA 256]---+
[   16.749111] cloud-init[817]: |=o.   .o .       |
[[0;32m  OK  [0m] Started [0;1;39mupdate-notifier-download.t…[0mhat failed at package install time.
[   16.749180] cloud-init[817]: |o+.E    o.o   o .|
[[0;32m  OK  [0m] Reached target [0;1;39mpaths.target[0m - Path Units.
[   16.765204] cloud-init[817]: |+o.     o+. o. +.|
[[0;32m  OK  [0m] Listening on [0;1;39mcloud-init-hotplugd.s…t[0m - cloud-init hotplug hook socket.
[   16.784117] cloud-init[817]: | =.    ..+oo.o ..|
[[0;32m  OK  [0m] Listening on [0;1;39mdbus.socket[0m - D-Bus System Message Bus Socket.
[   16.800214] cloud-init[817]: |.  . . oS.o.o..  |
         Starting [0;1;39mdocker.socket[0m - Docker Socket for the API...
[   16.815149] cloud-init[817]: |    . o.o+ ..o..o|
[[0;32m  OK  [0m] Listening on [0;1;39miscsid.socket[0m - Open-iSCSI iscsid Socket.
[   16.830135] cloud-init[817]: |   .   o  ... .+o|
[   16.843172] cloud-init[817]: |  . . .   o.  . o|
[   16.849125] cloud-init[817]: |   o..     o.  ..|
[   16.855145] cloud-init[817]: +----[SHA256]-----+
[   16.861140] cloud-init[817]: Generating public/private ed25519 key pair.
[   16.868195] cloud-init[817]: Your identification has been saved in /etc/ssh/ssh_host_ed25519_key
[   16.878113] cloud-init[817]: Your public key has been saved in /etc/ssh/ssh_host_ed25519_key.pub
[   16.888134] cloud-init[817]: The key fingerprint is:
[   16.894185] cloud-init[817]: SHA256:AkqR5RDGPrZsF80rMUh0MTgJ9Cw0l5dUVEH1VijLbJY root@loadgen-6lgs
[   16.904133] cloud-init[817]: The key's randomart image is:
[   16.910110] cloud-init[817]: +--[ED25519 256]--+
[   16.916122] cloud-init[817]: |oB*BBo+oo+o.  .. |
[   16.922144] cloud-init[817]: |..%* +     ....  |
[   16.928204] cloud-init[817]: | +.=+o    o +o   |
[   16.934110] cloud-init[817]: | .*.+.o    E.    |
[   16.940123] cloud-init[817]: | o.o +..S o      |
[   16.946135] cloud-init[817]: |  + o ..         |
[   16.952124] cloud-init[817]: | . . .           |
[   16.958110] cloud-init[817]: |                 |
[   16.964107] cloud-init[817]: |                 |
[   16.970112] cloud-init[817]: +----[SHA256]-----+
         Starting [0;1;39mlxd-installer.socket[0m - He…er to install lxd snap on demand...
         Starting [0;1;39msnapd.socket[0m - Socket activation for snappy daemon...
[[0;32m  OK  [0m] Listening on [0;1;39mssh.socket[0m - OpenBSD Secure Shell server socket.
[[0;32m  OK  [0m] Listening on [0;1;39muuidd.socket[0m - UUID daemon activation socket.
[[0;32m  OK  [0m] Finished [0;1;39mblk-availability.service[0m - Availability of block devices.
[[0;32m  OK  [0m] Listening on [0;1;39mdocker.socket[0m - Docker Socket for the API.
[[0;32m  OK  [0m] Listening on [0;1;39mlxd-installer.socket[0m …lper to install lxd snap on demand.
[[0;32m  OK  [0m] Listening on [0;1;39msnapd.socket[0m - Socket activation for snappy daemon.
[[0;32m  OK  [0m] Reached target [0;1;39msockets.target[0m - Socket Units.
[[0;32m  OK  [0m] Reached target [0;1;39mbasic.target[0m - Basic System.
         Starting [0;1;39mchrony.service[0m - chrony, an NTP client/server...
         Starting [0;1;39mcloud-config.service[0m - Cloud-init: Config Stage...
         Starting [0;1;39mdbus.service[0m - D-Bus System Message Bus...
[[0;32m  OK  [0m] Started [0;1;39mdmesg.service[0m - Save initial kernel messages after boot.
         Starting [0;1;39me2scrub_reap.service[0m - Re…ne ext4 Metadata Check Snapshots...
         Starting [0;1;39mgce-workload-cert-refresh…[0mGCE Workload Certificate refresh...
[[0;32m  OK  [0m] Started [0;1;39mgoogle-osconfig-agent.service[0m - Google OSConfig Agent.
         Starting [0;1;39mgoogle-oslogin-cache.service[0m - NSS cache refresh...
         Starting [0;1;39mgrub-common.service[0m - Record successful boot for GRUB...
         Starting [0;1;39mnetworkd-dispatcher.servi…[0mcher daemon for systemd-networkd...
         Starting [0;1;39mnvidia-persistenced.service[0m - NVIDIA Persistence Daemon...
         Starting [0;1;39mnvmf-autoconnect.service[0m …ystems automatically during boot...
         Starting [0;1;39mrsyslog.service[0m - System Logging Service...
         Starting [0;1;39msecureboot-db.service[0m - Secure Boot updates for DB and DBX...
[[0;32m  OK  [0m] Reached target [0;1;39mgetty-pre.target[0m - Preparation for Logins.
         Starting [0;1;39msnapd.seeded.service[0m - Wait until snapd is fully seeded...
         Starting [0;1;39msnapd.service[0m - Snap Daemon...
         Starting [0;1;39msysstat.service[0m - Resets System Activity Logs...
         Starting [0;1;39msystemd-logind.service[0m - User Login Management...
[[0;32m  OK  [0m] Started [0;1;39mubuntu-advantage.service[0m - Ubuntu Pro Background Auto Attach.
[[0;32m  OK  [0m] Started [0;1;39mdbus.service[0m - D-Bus System Message Bus.
[[0;32m  OK  [0m] Finished [0;1;39mgce-workload-cert-refresh…[0m- GCE Workload Certificate refresh.
[[0;32m  OK  [0m] Started [0;1;39mnvidia-persistenced.service[0m - NVIDIA Persistence Daemon.
[[0;32m  OK  [0m] Started [0;1;39msystemd-logind.service[0m - User Login Management.
[[0;32m  OK  [0m] Finished [0;1;39mnvmf-autoconnect.service[0m …bsystems automatically during boot.
[[0;32m  OK  [0m] Started [0;1;39mnetworkd-dispatcher.servic…[0matcher daemon for systemd-networkd.
[[0;32m  OK  [0m] Finished [0;1;39mgoogle-oslogin-cache.service[0m - NSS cache refresh.
[[0;32m  OK  [0m] Finished [0;1;39msysstat.service[0m - Resets System Activity Logs.
[[0;32m  OK  [0m] Finished [0;1;39mgrub-common.service[0m - Record successful boot for GRUB.
[[0;32m  OK  [0m] Reached target [0;1;39mremote-fs-pre.targe…[0mreparation for Remote File Systems.
[[0;32m  OK  [0m] Reached target [0;1;39mremote-fs.target[0m - Remote File Systems.
[   17.507347] cloud-init[1014]: Cloud-init v. 25.3-0ubuntu1~24.04.1 running 'modules:config' at Fri, 15 May 2026 03:20:09 +0000. Up 17.46 seconds.
         Starting [0;1;39mapport.service[0m - automatic crash report generation...
         Starting [0;1;39mcontainerd.service[0m - containerd container runtime...
[[0;32m  OK  [0m] Started [0;1;39mcron.service[0m - Regular background program processing daemon.
         Starting [0;1;39mgrub-initrd-fallback.service[0m - GRUB failed boot detection...
         Starting [0;1;39msystemd-hostnamed.service[0m - Hostname Service...
         Starting [0;1;39msystemd-user-sessions.service[0m - Permit User Sessions...
[[0;32m  OK  [0m] Started [0;1;39mchrony.service[0m - chrony, an NTP client/server.
[[0;32m  OK  [0m] Finished [0;1;39msecureboot-db.service[0m - Secure Boot updates for DB and DBX.
[[0;32m  OK  [0m] Finished [0;1;39msystemd-user-sessions.service[0m - Permit User Sessions.
[[0;32m  OK  [0m] Finished [0;1;39mgrub-initrd-fallback.service[0m - GRUB failed boot detection.
[[0;32m  OK  [0m] Started [0;1;39msystemd-hostnamed.service[0m - Hostname Service.
2026-05-15T03:20:09.733877+00:00 loadgen-6lgs systemd[1]: Mounted dev-hugepages.mount - Huge Pages File System.
[[0;32m  OK  [0m] Started [0;1;39mrsyslog.service[0m - System Logging Service.
2026-05-15T03:20:09.734101+00:00 loadgen-6lgs kernel: Linux version 6.17.0-1013-gcp (buildd@lcy02-amd64-034) (x86_64-linux-gnu-gcc-13 (Ubuntu 13.3.0-6ubuntu2~24.04.1) 13.3.0, GNU ld (GNU Binutils for Ubuntu) 2.42) #13~24.04.1-Ubuntu SMP Thu Apr 16 02:10:24 UTC 2026 (Ubuntu 6.17.0-1013.13~24.04.1-gcp 6.17.13)
2026-05-15T03:20:09.734110+00:00 loadgen-6lgs kernel: Command line: BOOT_IMAGE=/vmlinuz-6.17.0-1013-gcp root=PARTUUID=6624332c-1f00-4e51-a0bf-94661fe17234 ro console=ttyS0,115200 panic=-1
2026-05-15T03:20:09.734111+00:00 loadgen-6lgs kernel: KERNEL supported cpus:
2026-05-15T03:20:09.734112+00:00 loadgen-6lgs kernel:   Intel GenuineIntel
2026-05-15T03:20:09.734059+00:00 loadgen-6lgs systemd[1]: Mounted dev-mqueue.mount - POSIX Message Queue File System.
2026-05-15T03:20:09.734113+00:00 loadgen-6lgs kernel:   AMD AuthenticAMD
2026-05-15T03:20:09.734118+00:00 loadgen-6lgs kernel:   Hygon HygonGenuine
2026-05-15T03:20:09.734118+00:00 loadgen-6lgs kernel:   Centaur CentaurHauls
2026-05-15T03:20:09.734122+00:00 loadgen-6lgs kernel:   zhaoxin   Shanghai  
2026-05-15T03:20:09.734122+00:00 loadgen-6lgs kernel: x86/CPU: Model not found in latest microcode list
2026-05-15T03:20:09.734123+00:00 loadgen-6lgs kernel: BIOS-provided physical RAM map:
2026-05-15T03:20:09.734119+00:00 loadgen-6lgs systemd[1]: Mounted sys-kernel-debug.mount - Kernel Debug File System.
2026-05-15T03:20:09.734123+00:00 loadgen-6lgs kernel: BIOS-e820: [mem 0x0000000000000000-0x0000000000000fff] reserved
2026-05-15T03:20:09.734126+00:00 loadgen-6lgs kernel: BIOS-e820: [mem 0x0000000000001000-0x0000000000054fff] usable
2026-05-15T03:20:09.734127+00:00 loadgen-6lgs kernel: BIOS-e820: [mem 0x0000000000055000-0x000000000005ffff] reserved
2026-05-15T03:20:09.734130+00:00 loadgen-6lgs kernel: BIOS-e820: [mem 0x0000000000060000-0x0000000000097fff] usable
2026-05-15T03:20:09.734128+00:00 loadgen-6lgs systemd[1]: Mounted sys-kernel-tracing.mount - Kernel Trace File System.
2026-05-15T03:20:09.734131+00:00 loadgen-6lgs kernel: BIOS-e820: [mem 0x0000000000098000-0x000000000009ffff] reserved
2026-05-15T03:20:09.734132+00:00 loadgen-6lgs kernel: BIOS-e820: [mem 0x0000000000100000-0x00000000bd254fff] usable
2026-05-15T03:20:09.734132+00:00 loadgen-6lgs kernel: BIOS-e820: [mem 0x00000000bd255000-0x00000000bd25ffff] ACPI data
2026-05-15T03:20:09.734133+00:00 loadgen-6lgs kernel: BIOS-e820: [mem 0x00000000bd260000-0x00000000bf8ecfff] usable
2026-05-15T03:20:09.734133+00:00 loadgen-6lgs kernel: BIOS-e820: [mem 0x00000000bf8ed000-0x00000000bfb6cfff] reserved
2026-05-15T03:20:09.734133+00:00 loadgen-6lgs kernel: BIOS-e820: [mem 0x00000000bfb6d000-0x00000000bfb7efff] ACPI data
2026-05-15T03:20:09.734134+00:00 loadgen-6lgs systemd[1]: Finished kmod-static-nodes.service - Create List of Static Device Nodes.
2026-05-15T03:20:09.734136+00:00 loadgen-6lgs kernel: BIOS-e820: [mem 0x00000000bfb7f000-0x00000000bfbfefff] ACPI NVS
2026-05-15T03:20:09.734137+00:00 loadgen-6lgs kernel: BIOS-e820: [mem 0x00000000bfbff000-0x00000000bffdffff] usable
2026-05-15T03:20:09.734138+00:00 loadgen-6lgs kernel: BIOS-e820: [mem 0x00000000bffe0000-0x00000000bfffffff] reserved
2026-05-15T03:20:09.734138+00:00 loadgen-6lgs kernel: BIOS-e820: [mem 0x0000000100000000-0x000000103fffffff] usable
2026-05-15T03:20:09.734138+00:00 loadgen-6lgs kernel: NX (Execute Disable) protection: active
2026-05-15T03:20:09.734139+00:00 loadgen-6lgs kernel: APIC: Static calls initialized
2026-05-15T03:20:09.734139+00:00 loadgen-6lgs systemd[1]: modprobe@configfs.service: Deactivated successfully.
2026-05-15T03:20:09.734142+00:00 loadgen-6lgs kernel: efi: EFI v2.7 by EDK II
2026-05-15T03:20:09.734143+00:00 loadgen-6lgs kernel: efi: TPMFinalLog=0xbfbf7000 ACPI=0xbfb7e000 ACPI 2.0=0xbfb7e014 SMBIOS=0xbf9ca000 MEMATTR=0xbd260018 MOKvar=0xbf9c8000 RNG=0xbfb72018 TPMEventLog=0xbd255018 
2026-05-15T03:20:09.734143+00:00 loadgen-6lgs kernel: random: crng init done
2026-05-15T03:20:09.734144+00:00 loadgen-6lgs kernel: SMBIOS 2.4 present.
2026-05-15T03:20:09.734144+00:00 loadgen-6lgs kernel: DMI: Google Google Compute Engine/Google Compute Engine, BIOS Google 04/21/2026
2026-05-15T03:20:09.734144+00:00 loadgen-6lgs kernel: DMI: Memory slots populated: 4/4
2026-05-15T03:20:09.734144+00:00 loadgen-6lgs systemd[1]: Finished modprobe@configfs.service - Load Kernel Module configfs.
2026-05-15T03:20:09.734148+00:00 loadgen-6lgs kernel: secureboot: Secure boot disabled
2026-05-15T03:20:09.734149+00:00 loadgen-6lgs kernel: Hypervisor detected: KVM
2026-05-15T03:20:09.734149+00:00 loadgen-6lgs kernel: last_pfn = 0xbffe0 max_arch_pfn = 0x400000000
2026-05-15T03:20:09.734149+00:00 loadgen-6lgs kernel: kvm-clock: Using msrs 4b564d01 and 4b564d00
2026-05-15T03:20:09.734150+00:00 loadgen-6lgs kernel: kvm-clock: using sched offset of 14828895857 cycles
2026-05-15T03:20:09.734150+00:00 loadgen-6lgs kernel: clocksource: kvm-clock: mask: 0xffffffffffffffff max_cycles: 0x1cd42e4dffb, max_idle_ns: 881590591483 ns
2026-05-15T03:20:09.734151+00:00 loadgen-6lgs kernel: tsc: Detected 2299.998 MHz processor
2026-05-15T03:20:09.734148+00:00 loadgen-6lgs systemd[1]: modprobe@dm_mod.service: Deactivated successfully.
2026-05-15T03:20:09.734154+00:00 loadgen-6lgs kernel: e820: update [mem 0x00000000-0x00000fff] usable ==> reserved
2026-05-15T03:20:09.734155+00:00 loadgen-6lgs kernel: e820: remove [mem 0x000a0000-0x000fffff] usable
2026-05-15T03:20:09.734155+00:00 loadgen-6lgs kernel: last_pfn = 0x1040000 max_arch_pfn = 0x400000000
2026-05-15T03:20:09.734155+00:00 loadgen-6lgs kernel: MTRR map: 3 entries (2 fixed + 1 variable; max 18), built from 8 variable MTRRs
2026-05-15T03:20:09.734156+00:00 loadgen-6lgs kernel: x86/PAT: Configuration [0-7]: WB  WC  UC- UC  WB  WP  UC- WT  
2026-05-15T03:20:09.734156+00:00 loadgen-6lgs kernel: last_pfn = 0xbffe0 max_arch_pfn = 0x400000000
2026-05-15T03:20:09.734157+00:00 loadgen-6lgs systemd[1]: Finished modprobe@dm_mod.service - Load Kernel Module dm_mod.
2026-05-15T03:20:09.734159+00:00 loadgen-6lgs kernel: Using GB pages for direct mapping
2026-05-15T03:20:09.734160+00:00 loadgen-6lgs kernel: secureboot: Secure boot disabled
2026-05-15T03:20:09.734161+00:00 loadgen-6lgs kernel: ACPI: Early table checksum verification disabled
2026-05-15T03:20:09.734161+00:00 loadgen-6lgs kernel: ACPI: RSDP 0x00000000BFB7E014 000024 (v02 Google)
2026-05-15T03:20:09.734161+00:00 loadgen-6lgs kernel: ACPI: XSDT 0x00000000BFB7D0E8 00005C (v01 Google GOOGFACP 00000001      01000013)
2026-05-15T03:20:09.734162+00:00 loadgen-6lgs kernel: ACPI: FACP 0x00000000BFB78000 0000F4 (v02 Google GOOGFACP 00000001 GOOG 00000001)
2026-05-15T03:20:09.734162+00:00 loadgen-6lgs systemd[1]: modprobe@drm.service: Deactivated successfully.
2026-05-15T03:20:09.734165+00:00 loadgen-6lgs kernel: ACPI: DSDT 0x00000000BFB79000 001A64 (v01 Google GOOGDSDT 00000001 GOOG 00000001)
2026-05-15T03:20:09.734166+00:00 loadgen-6lgs kernel: ACPI: FACS 0x00000000BFBF1000 000040
2026-05-15T03:20:09.734166+00:00 loadgen-6lgs kernel: ACPI: SSDT 0x00000000BFB7C000 000316 (v02 GOOGLE Tpm2Tabl 00001000 INTL 20250807)
2026-05-15T03:20:09.734166+00:00 loadgen-6lgs kernel: ACPI: TPM2 0x00000000BFB7B000 000034 (v04 GOOGLE          00000001 GOOG 00000001)
2026-05-15T03:20:09.734167+00:00 loadgen-6lgs kernel: ACPI: SRAT 0x00000000BFB77000 000228 (v03 Google GOOGSRAT 00000001 GOOG 00000001)
2026-05-15T03:20:09.734167+00:00 loadgen-6lgs kernel: ACPI: APIC 0x00000000BFB76000 000126 (v05 Google GOOGAPIC 00000001 GOOG 00000001)
2026-05-15T03:20:09.734166+00:00 loadgen-6lgs systemd[1]: Finished modprobe@drm.service - Load Kernel Module drm.
2026-05-15T03:20:09.734168+00:00 loadgen-6lgs kernel: ACPI: SSDT 0x00000000BFB74000 0011D6 (v01 Google GOOGSSDT 00000001 GOOG 00000001)
2026-05-15T03:20:09.734172+00:00 loadgen-6lgs systemd[1]: modprobe@efi_pstore.service: Deactivated successfully.
2026-05-15T03:20:09.734174+00:00 loadgen-6lgs kernel: ACPI: WAET 0x00000000BFB73000 000028 (v01 Google GOOGWAET 00000001 GOOG 00000001)
2026-05-15T03:20:09.734177+00:00 loadgen-6lgs kernel: ACPI: Reserving FACP table memory at [mem 0xbfb78000-0xbfb780f3]
2026-05-15T03:20:09.734177+00:00 loadgen-6lgs kernel: ACPI: Reserving DSDT tabl         Stopping [0;1;39mchrony.service[0m - chrony, an NTP client/server...
e memory at [mem 0xbfb79000-0xbfb7aa63]
2026-05-15T03:20:09.734178+00:00 loadgen-6lgs kernel: ACPI: Reserving FACS table memory at [mem 0xbfbf1000-0xbfbf103f]
2026-05-15T03:20:09.734178+00:00 loadgen-6lgs kernel: ACPI: Reserving SSDT table memory at [mem 0xbfb7c000-0xbfb7c315]
2026-05-15T03:20:09.734179+00:00 loadgen-6lgs kernel: ACPI: Reserving TPM2 table memory at [mem 0xbfb7b000-0xbfb7b033]
2026-05-15T03:20:09.734178+00:00 loadgen-6lgs systemd[1]: Finished modprobe@efi_pstore.service - Load Kernel Module efi_pstore.
2026-05-15T03:20:09.734182+00:00 loadgen-6lgs kernel: ACPI: Reserving SRAT table memory at [mem 0xbfb77000-0xbfb77227]
2026-05-15T03:20:09.734183+00:00 loadgen-6lgs kernel: ACPI: Reserving APIC table memory at [mem 0xbfb76000-0xbfb76125]
2026-05-15T03:20:09.734183+00:00 loadgen-6lgs kernel: ACPI: Reserving SSDT table memory at [mem 0xbfb74000-0xbfb751d5]
2026-05-15T03:20:09.734184+00:00 loadgen-6lgs kernel: ACPI: Reserving WAET table memory at [mem 0xbfb73000-0xbfb73027]
2026-05-15T03:20:09.734184+00:00 loadgen-6lgs kernel: ACPI: SRAT: Node 0 PXM 0 [mem 0x00000000-0x0009ffff]
2026-05-15T03:20:09.734184+00:00 loadgen-6lgs kernel: ACPI: SRAT: Node 0 PXM 0 [mem 0x00100000-0xbfffffff]
2026-05-15T03:20:09.734185+00:00 loadgen-6lgs kernel: ACPI: SRAT: Node 0 PXM 0 [mem 0x100000000-0x103fffffff]
2026-05-15T03:20:09.734183+00:00 loadgen-6lgs systemd[1]: Finished keyboard-setup.service - Set the console keyboard layout.
2026-05-15T03:20:09.734188+00:00 loadgen-6lgs kernel: NUMA: Node 0 [mem 0x00001000-0x0009ffff] + [mem 0x00100000-0xbfffffff] -> [mem 0x00001000-0xbfffffff]
2026-05-15T03:20:09.734189+00:00 loadgen-6lgs kernel: NUMA: Node 0 [mem 0x00001000-0xbfffffff] + [mem 0x100000000-0x103fffffff] -> [mem 0x00001000-0x103fffffff]
2026-05-15T03:20:09.734189+00:00 loadgen-6lgs kernel: NODE_DATA(0) allocated [mem 0x103ffd52c0-0x103fffffff]
2026-05-15T03:20:09.734190+00:00 loadgen-6lgs kernel: Zone ranges:
2026-05-15T03:20:09.734190+00:00 loadgen-6lgs kernel:   DMA      [mem 0x0000000000001000-0x0000000000ffffff]
2026-05-15T03:20:09.734191+00:00 loadgen-6lgs kernel:   DMA32    [mem 0x0000000001000000-0x00000000ffffffff]
2026-05-15T03:20:09.734190+00:00 loadgen-6lgs systemd[1]: modprobe@fuse.service: Deactivated successfully.
2026-05-15T03:20:09.734194+00:00 loadgen-6lgs kernel:   Normal   [mem 0x0000000100000000-0x000000103fffffff]
2026-05-15T03:20:09.734195+00:00 loadgen-6lgs kernel:   Device   empty
2026-05-15T03:20:09.734195+00:00 loadgen-6lgs kernel: Movable zone start for each node
2026-05-15T03:20:09.734195+00:00 loadgen-6lgs kernel: Early memory node ranges
2026-05-15T03:20:09.734196+00:00 loadgen-6lgs kernel:   node   0: [mem 0x0000000000001000-0x0000000000054fff]
2026-05-15T03:20:09.734195+00:00 loadgen-6lgs systemd[1]: Finished modprobe@fuse.service - Load Kernel Module fuse.
2026-05-15T03:20:09.734196+00:00 loadgen-6lgs kernel:   node   0: [mem 0x0000000000060000-0x0000000000097fff]
2026-05-15T03:20:09.734202+00:00 loadgen-6lgs kernel:   node   0: [mem 0x0000000000100000-0x00000000bd254fff]
2026-05-15T03:20:09.734201+00:00 loadgen-6lgs systemd[1]: modprobe@loop.service: Deactivated successfully.
2026-05-15T03:20:09.734202+00:00 loadgen-6lgs kernel:   node   0: [mem 0x00000000bd260000-0x00000000bf8ecfff]
2026-05-15T03:20:09.734205+00:00 loadgen-6lgs kernel:   node   0: [mem 0x00000000bfbff000-0x00000000bffdffff]
2026-05-15T03:20:09.734206+00:00 loadgen-6lgs kernel:   node   0: [mem 0x0000000100000000-0x000000103fffffff]
2026-05-15T03:20:09.734206+00:00 loadgen-6lgs kernel: Initmem setup node 0 [mem 0x0000000000001000-0x000000103fffffff]
2026-05-15T03:20:09.734207+00:00 loadgen-6lgs kernel: On node 0, zone DMA: 1 pages in unavailable ranges
2026-05-15T03:20:09.734206+00:00 loadgen-6lgs systemd[1]: Finished modprobe@loop.service - Load Kernel Module loop.
2026-05-15T03:20:09.734210+00:00 loadgen-6lgs kernel: On node 0, zone DMA: 11 pages in unavailable ranges
2026-05-15T03:20:09.734211+00:00 loadgen-6lgs kernel: On node 0, zone DMA: 104 pages in unavailable ranges
2026-05-15T03:20:09.734211+00:00 loadgen-6lgs kernel: On node 0, zone DMA32: 11 pages in unavailable ranges
2026-05-15T03:20:09.734211+00:00 loadgen-6lgs kernel: On node 0, zone DMA32: 786 pages in unavailable ranges
2026-05-15T03:20:09.734212+00:00 loadgen-6lgs kernel: On node 0, zone Normal: 32 pages in unavailable ranges
2026-05-15T03:20:09.734212+00:00 loadgen-6lgs kernel: ACPI: PM-Timer IO Port: 0xb008
2026-05-15T03:20:09.734213+00:00 loadgen-6lgs kernel: ACPI: LAPIC_NMI (acpi_id[0xff] dfl dfl lint[0x1])
2026-05-15T03:20:09.734211+00:00 loadgen-6lgs systemd[1]: modprobe@nvme_fabrics.service: Deactivated successfully.
2026-05-15T03:20:09.734216+00:00 loadgen-6lgs kernel: IOAPIC[0]: apic_id 0, version 17, address 0xfec00000, GSI 0-23
2026-05-15T03:20:09.734217+00:00 loadgen-6lgs kernel: ACPI: INT_SRC_OVR (bus 0 bus_irq 5 global_irq 5 high level)
2026-05-15T03:20:09.734217+00:00 loadgen-6lgs kernel: ACPI: INT_SRC_OVR (bus 0 bus_irq 9 global_irq 9 high level)
2026-05-15T03:20:09.734217+00:00 loadgen-6lgs kernel: ACPI: INT_SRC_OVR (bus 0 bus_irq 10 global_irq 10 high level)
2026-05-15T03:20:09.734220+00:00 loadgen-6lgs kernel: ACPI: INT_SRC_OVR (bus 0 bus_irq 11 global_irq 11 high level)
2026-05-15T03:20:09.734220+00:00 loadgen-6lgs kernel: ACPI: Using ACPI (MADT) for SMP configuration information
2026-05-15T03:20:09.734216+00:00 loadgen-6lgs systemd[1]: Finished modprobe@nvme_fabrics.service - Load Kernel Module nvme_fabrics.
2026-05-15T03:20:09.734223+00:00 loadgen-6lgs kernel: CPU topo: Max. logical packages:   1
2026-05-15T03:20:09.734224+00:00 loadgen-6lgs kernel: CPU topo: Max. logical dies:       1
2026-05-15T03:20:09.734225+00:00 loadgen-6lgs kernel: CPU topo: Max. dies per package:   1
2026-05-15T03:20:09.734225+00:00 loadgen-6lgs kernel: CPU topo: Max. threads per core:   2
2026-05-15T03:20:09.734225+00:00 loadgen-6lgs kernel: CPU topo: Num. cores per package:    12
2026-05-15T03:20:09.734224+00:00 loadgen-6lgs systemd-modules-load[306]: Inserted module 'dm_multipath'
2026-05-15T03:20:09.734230+00:00 loadgen-6lgs systemd[1]: Finished systemd-modules-load.service - Load Kernel Modules.
2026-05-15T03:20:09.734234+00:00 loadgen-6lgs systemd-fsck[309]: cloudimg-rootfs: clean, 171994/6422528 files, 2139514/12844795 blocks
2026-05-15T03:20:09.734240+00:00 loadgen-6lgs systemd[1]: Mounting sys-fs-fuse-connections.mount - FUSE Control File System...
2026-05-15T03:20:09.734244+00:00 loadgen-6lgs systemd[1]: Mounting sys-kernel-config.mount - Kernel Configuration File System...
2026-05-15T03:20:09.734248+00:00 loadgen-6lgs systemd[1]: Started systemd-fsckd.service - File System Check Daemon to report status.
2026-05-15T03:20:09.734255+00:00 loadgen-6lgs systemd[1]: systemd-repart.service - Repartition Root Disk was skipped because no trigger condition checks were met.
2026-05-15T03:20:09.734259+00:00 loadgen-6lgs systemd[1]: Starting systemd-sysctl.service - Apply Kernel Variables...
2026-05-15T03:20:09.734263+00:00 loadgen-6lgs systemd[1]: Starting systemd-tmpfiles-setup-dev-early.service - Create Static Device Nodes in /dev gracefully...
2026-05-15T03:20:09.734268+00:00 loadgen-6lgs systemd[1]: Finished lvm2-monitor.service - Monitoring of LVM2 mirrors, snapshots etc. using dmeventd or progress polling.
2026-05-15T03:20:09.734272+00:00 loadgen-6lgs systemd[1]: Finished systemd-fsck-root.service - File System Check on Root Device.
2026-05-15T03:20:09.734277+00:00 loadgen-6lgs systemd[1]: Mounted sys-fs-fuse-connections.mount - FUSE Control File System.
2026-05-15T03:20:09.734283+00:00 loadgen-6lgs systemd[1]: Mounted sys-kernel-config.mount - Kernel Configuration File System.
2026-05-15T03:20:09.734286+00:00 loadgen-6lgs kernel: CPU topo: Num. threads per package:  24
2026-05-15T03:20:09.734287+00:00 loadgen-6lgs kernel: CPU topo: Allowing 24 present CPUs plus 0 hotplug CPUs
2026-05-15T03:20:09.734288+00:00 loadgen-6lgs systemd[1]: Starting systemd-remount-fs.service - Remount Root and Kernel File Systems...
2026-05-15T03:20:09.734290+00:00 loadgen-6lgs kernel: PM: hibernation: Registered nosave memory: [mem 0x00000000-0x00000fff]
2026-05-15T03:20:09.734291+00:00 l         Starting [0;1;39mgoogle-guest-agent.servic…[0moogle Compute Engine Guest Agent...
oadgen-6lgs kernel: PM: hibernation: Registered nosave memory: [mem 0x00055000-0x0005ffff]
2026-05-15T03:20:09.734291+00:00 loadgen-6lgs kernel: PM: hibernation: Registered nosave memory: [mem 0x00098000-0x000fffff]
2026-05-15T03:20:09.734292+00:00 loadgen-6lgs kernel: PM: hibernation: Registered nosave memory: [mem 0xbd255000-0xbd25ffff]
2026-05-15T03:20:09.734292+00:00 loadgen-6lgs kernel: PM: hibernation: Registered nosave memory: [mem 0xbf8ed000-0xbfbfefff]
2026-05-15T03:20:09.734293+00:00 loadgen-6lgs kernel: PM: hibernation: Registered nosave memory: [mem 0xbffe0000-0xffffffff]
2026-05-15T03:20:09.734292+00:00 loadgen-6lgs systemd[1]: Finished systemd-sysctl.service - Apply Kernel Variables.
2026-05-15T03:20:09.734295+00:00 loadgen-6lgs kernel: [mem 0xc0000000-0xffffffff] available for PCI devices
2026-05-15T03:20:09.734296+00:00 loadgen-6lgs kernel: Booting paravirtualized kernel on KVM
2026-05-15T03:20:09.734297+00:00 loadgen-6lgs kernel: clocksource: refined-jiffies: mask: 0xffffffff max_cycles: 0xffffffff, max_idle_ns: 1910969940391419 ns
2026-05-15T03:20:09.734297+00:00 loadgen-6lgs kernel: setup_percpu: NR_CPUS:8192 nr_cpumask_bits:24 nr_cpu_ids:24 nr_node_ids:1
2026-05-15T03:20:09.734298+00:00 loadgen-6lgs kernel: percpu: Embedded 84 pages/cpu s221184 r8192 d114688 u524288
2026-05-15T03:20:09.734298+00:00 loadgen-6lgs kernel: pcpu-alloc: s221184 r8192 d114688 u524288 alloc=1*2097152
2026-05-15T03:20:09.734297+00:00 loadgen-6lgs systemd[1]: Finished systemd-tmpfiles-setup-dev-early.service - Create Static Device Nodes in /dev gracefully.
2026-05-15T03:20:09.734304+00:00 loadgen-6lgs kernel: pcpu-alloc: [0] 00 01 02 03 [0] 04 05 06 07 
2026-05-15T03:20:09.734305+00:00 loadgen-6lgs kernel: pcpu-alloc: [0] 08 09 10 11 [0] 12 13 14 15 
2026-05-15T03:20:09.734306+00:00 loadgen-6lgs kernel: pcpu-alloc: [0] 16 17 18 19 [0] 20 21 22 23 
2026-05-15T03:20:09.734306+00:00 loadgen-6lgs kernel: kvm-guest: PV spinlocks enabled
2026-05-15T03:20:09.734302+00:00 loadgen-6lgs systemd[1]: Finished systemd-remount-fs.service - Remount Root and Kernel File Systems.
2026-05-15T03:20:09.734306+00:00 loadgen-6lgs kernel: PV qspinlock hash table entries: 256 (order: 0, 4096 bytes, linear)
2026-05-15T03:20:09.734307+00:00 loadgen-6lgs kernel: Kernel command line: BOOT_IMAGE=/vmlinuz-6.17.0-1013-gcp root=PARTUUID=6624332c-1f00-4e51-a0bf-94661fe17234 ro console=ttyS0,115200 panic=-1
2026-05-15T03:20:09.734310+00:00 loadgen-6lgs kernel: printk: log buffer data + meta data: 262144 + 917504 = 1179648 bytes
2026-05-15T03:20:09.734311+00:00 loadgen-6lgs kernel: Dentry cache hash table entries: 8388608 (order: 14, 67108864 bytes, linear)
2026-05-15T03:20:09.734309+00:00 loadgen-6lgs systemd[1]: Starting multipathd.service - Device-Mapper Multipath Device Controller...
2026-05-15T03:20:09.734313+00:00 loadgen-6lgs kernel: Inode-cache hash table entries: 4194304 (order: 13, 33554432 bytes, linear)
2026-05-15T03:20:09.734314+00:00 loadgen-6lgs kernel: software IO TLB: area num 32.
2026-05-15T03:20:09.734314+00:00 loadgen-6lgs kernel: Fallback order for Node 0: 0 
2026-05-15T03:20:09.734314+00:00 loadgen-6lgs kernel: Built 1 zonelists, mobility grouping on.  Total pages: 16776271
2026-05-15T03:20:09.734315+00:00 loadgen-6lgs kernel: Policy zone: Normal
2026-05-15T03:20:09.734318+00:00 loadgen-6lgs kernel: mem auto-init: stack:all(zero), heap alloc:on, heap free:off
2026-05-15T03:20:09.734316+00:00 loadgen-6lgs systemd[1]: systemd-hwdb-update.service - Rebuild Hardware Database was skipped because of an unmet condition check (ConditionNeedsUpdate=/etc).
2026-05-15T03:20:09.734320+00:00 loadgen-6lgs kernel: SLUB: HWalign=64, Order=0-3, MinObjects=0, CPUs=24, Nodes=1
2026-05-15T03:20:09.734321+00:00 loadgen-6lgs kernel: Kernel/User page tables isolation: enabled
2026-05-15T03:20:09.734321+00:00 loadgen-6lgs kernel: ftrace: allocating 61994 entries in 244 pages
2026-05-15T03:20:09.734321+00:00 loadgen-6lgs kernel: ftrace: allocated 244 pages with 5 groups
2026-05-15T03:20:09.734322+00:00 loadgen-6lgs kernel: rcu: Hierarchical RCU implementation.
2026-05-15T03:20:09.734325+00:00 loadgen-6lgs kernel: rcu: 	RCU restricting CPUs from NR_CPUS=8192 to nr_cpu_ids=24.
2026-05-15T03:20:09.734323+00:00 loadgen-6lgs systemd[1]: Starting systemd-journal-flush.service - Flush Journal to Persistent Storage...
2026-05-15T03:20:09.734327+00:00 loadgen-6lgs kernel: 	Rude variant of Tasks RCU enabled.
2026-05-15T03:20:09.734328+00:00 loadgen-6lgs kernel: 	Tracing variant of Tasks RCU enabled.
2026-05-15T03:20:09.734328+00:00 loadgen-6lgs kernel: rcu: RCU calculated value of scheduler-enlistment delay is 100 jiffies.
2026-05-15T03:20:09.734328+00:00 loadgen-6lgs kernel: rcu: Adjusting geometry for rcu_fanout_leaf=16, nr_cpu_ids=24
2026-05-15T03:20:09.734329+00:00 loadgen-6lgs kernel: RCU Tasks Rude: Setting shift to 5 and lim to 1 rcu_task_cb_adjust=1 rcu_task_cpu_ids=24.
2026-05-15T03:20:09.734329+00:00 loadgen-6lgs kernel: RCU Tasks Trace: Setting shift to 5 and lim to 1 rcu_task_cb_adjust=1 rcu_task_cpu_ids=24.
2026-05-15T03:20:09.734330+00:00 loadgen-6lgs systemd[1]: systemd-pstore.service - Platform Persistent Storage Archival was skipped because of an unmet condition check (ConditionDirectoryNotEmpty=/sys/fs/pstore).
2026-05-15T03:20:09.734332+00:00 loadgen-6lgs kernel: NR_IRQS: 524544, nr_irqs: 616, preallocated irqs: 16
2026-05-15T03:20:09.734333+00:00 loadgen-6lgs kernel: rcu: srcu_init: Setting srcu_struct sizes based on contention.
2026-05-15T03:20:09.734334+00:00 loadgen-6lgs kernel: Console: colour dummy device 80x25
2026-05-15T03:20:09.734334+00:00 loadgen-6lgs kernel: printk: legacy console [ttyS0] enabled
2026-05-15T03:20:09.734335+00:00 loadgen-6lgs kernel: ACPI: Core revision 20250404
2026-05-15T03:20:09.734335+00:00 loadgen-6lgs kernel: APIC: Switch to symmetric I/O mode setup
2026-05-15T03:20:09.734335+00:00 loadgen-6lgs systemd[1]: Starting systemd-random-seed.service - Load/Save OS Random Seed...
2026-05-15T03:20:09.734338+00:00 loadgen-6lgs kernel: x2apic enabled
2026-05-15T03:20:09.734339+00:00 loadgen-6lgs kernel: APIC: Switched APIC routing to: physical x2apic
2026-05-15T03:20:09.734339+00:00 loadgen-6lgs kernel: ..TIMER: vector=0x30 apic1=0 pin1=0 apic2=-1 pin2=-1
2026-05-15T03:20:09.734339+00:00 loadgen-6lgs kernel: clocksource: tsc-early: mask: 0xffffffffffffffff max_cycles: 0x212733415c7, max_idle_ns: 440795236380 ns
2026-05-15T03:20:09.734340+00:00 loadgen-6lgs kernel: Calibrating delay loop (skipped) preset value.. 4599.99 BogoMIPS (lpj=2299998)
2026-05-15T03:20:09.734340+00:00 loadgen-6lgs kernel: Last level iTLB entries: 4KB 1024, 2MB 1024, 4MB 1024
2026-05-15T03:20:09.734343+00:00 loadgen-6lgs kernel: Last level dTLB entries: 4KB 1024, 2MB 1024, 4MB 1024, 1GB 4
2026-05-15T03:20:09.734344+00:00 loadgen-6lgs kernel: mitigations: Enabled attack vectors: user_kernel, user_user, guest_host, guest_guest, SMT mitigations: auto
2026-05-15T03:20:09.734340+00:00 loadgen-6lgs systemd[1]: systemd-sysusers.service - Create System Users was skipped because no trigger condition checks were met.
2026-05-15T03:20:09.734344+00:00 loadgen-6lgs kernel: Speculative Store Bypass: Mitigation: Speculative Store Bypass disabled via prctl
2026-05-15T03:20:09.734345+00:00 loadgen-6lgs kernel: Spectre V2 : Mitigation: IBRS
2026-05-15T03:20:09.734345+00:00 loadgen-6lgs kernel: RETBleed: Mitigation: IBRS
2026-05-15T03:20:09.734346+00:00 loadgen-6lgs kernel: ITS: Mitigation: Aligned branch/return thunks
2026-05-15T03:20:09.734349+00:00 loadgen-6lgs kernel: Spectre V2 : User space: Mitigation: STIBP via prctl
2026-05-15T03:20:09.734350+00:00 loadgen-6lgs kernel: MDS: Mitigation: Clear CPU buffers
2026-05-15T03:20:09.734351+00:00 loadgen-6lgs kernel: MMIO Stale Data: Vulnerable: Clear CPU buffers attempted, no microcode
2026-05-15T03:20:09.734351+00:00 loadgen-6lgs kernel: Spectre V1 : Mitigation: usercopy/swapgs barriers and __user pointer sanitization
2026-05-15T03:20:09.734352+00:00 loadgen-6lgs kernel: Spectre V2 : Spectre v2 / SpectreRSB: Filling RSB on context switch and VMEXIT
2026-05-15T03:20:09.734347+00:00 loadgen-6lgs systemd[1]: Starting systemd-tmpfiles-setup-dev.servic         Starting [0;1;39mplymouth-quit-wait.servic…[0md until boot process finishes up...
e - Create Static Device Nodes in /dev...
2026-05-15T03:20:09.734352+00:00 loadgen-6lgs kernel: Spectre V2 : mitigation: Enabling conditional Indirect Branch Prediction Barrier
2026-05-15T03:20:09.734353+00:00 loadgen-6lgs kernel: active return thunk: its_return_thunk
2026-05-15T03:20:09.734355+00:00 loadgen-6lgs systemd[1]: systemd-tpm2-setup.service - TPM2 SRK Setup was skipped because of an unmet condition check (ConditionSecurity=measured-uki).
2026-05-15T03:20:09.734356+00:00 loadgen-6lgs kernel: Spectre V2 : Spectre BHI mitigation: SW BHB clearing on syscall and VM exit
2026-05-15T03:20:09.734359+00:00 loadgen-6lgs kernel: x86/fpu: Supporting XSAVE feature 0x001: 'x87 floating point registers'
2026-05-15T03:20:09.734360+00:00 loadgen-6lgs kernel: x86/fpu: Supporting XSAVE feature 0x002: 'SSE registers'
2026-05-15T03:20:09.734360+00:00 loadgen-6lgs kernel: x86/fpu: Supporting XSAVE feature 0x004: 'AVX registers'
2026-05-15T03:20:09.734360+00:00 loadgen-6lgs kernel: x86/fpu: xstate_offset[2]:  576, xstate_sizes[2]:  256
2026-05-15T03:20:09.734361+00:00 loadgen-6lgs kernel: x86/fpu: Enabled xstate features 0x7, context size is 832 bytes, using 'standard' format.
2026-05-15T03:20:09.734361+00:00 loadgen-6lgs systemd[1]: Finished systemd-udev-trigger.service - Coldplug All udev Devices.
2026-05-15T03:20:09.734364+00:00 loadgen-6lgs kernel: Freeing SMP alternatives memory: 52K
2026-05-15T03:20:09.734365+00:00 loadgen-6lgs kernel: pid_max: default: 32768 minimum: 301
2026-05-15T03:20:09.734365+00:00 loadgen-6lgs kernel: LSM: initializing lsm=lockdown,capability,landlock,yama,apparmor,ima,evm
2026-05-15T03:20:09.734365+00:00 loadgen-6lgs kernel: landlock: Up and running.
2026-05-15T03:20:09.734366+00:00 loadgen-6lgs kernel: Yama: becoming mindful.
2026-05-15T03:20:09.734366+00:00 loadgen-6lgs kernel: AppArmor: AppArmor initialized
2026-05-15T03:20:09.734367+00:00 loadgen-6lgs kernel: Mount-cache hash table entries: 131072 (order: 8, 1048576 bytes, linear)
2026-05-15T03:20:09.734365+00:00 loadgen-6lgs systemd[1]: Finished systemd-random-seed.service - Load/Save OS Random Seed.
2026-05-15T03:20:09.734370+00:00 loadgen-6lgs kernel: Mountpoint-cache hash table entries: 131072 (order: 8, 1048576 bytes, linear)
2026-05-15T03:20:09.734371+00:00 loadgen-6lgs kernel: smpboot: CPU0: Intel(R) Xeon(R) CPU @ 2.30GHz (family: 0x6, model: 0x3f, stepping: 0x0)
2026-05-15T03:20:09.734371+00:00 loadgen-6lgs kernel: Performance Events: unsupported CPU family 6 model 63 no PMU driver, software events only.
2026-05-15T03:20:09.734374+00:00 loadgen-6lgs kernel: signal: max sigframe size: 1776
2026-05-15T03:20:09.734374+00:00 loadgen-6lgs kernel: rcu: Hierarchical SRCU implementation.
2026-05-15T03:20:09.734375+00:00 loadgen-6lgs kernel: rcu: 	Max phase no-delay instances is 400.
2026-05-15T03:20:09.734370+00:00 loadgen-6lgs multipathd[359]: multipathd v0.9.4: start up
2026-05-15T03:20:09.734378+00:00 loadgen-6lgs kernel: Timer migration: 2 hierarchy levels; 8 children per group; 2 crossnode level
2026-05-15T03:20:09.734379+00:00 loadgen-6lgs kernel: NMI watchdog: Perf NMI watchdog permanently disabled
2026-05-15T03:20:09.734379+00:00 loadgen-6lgs kernel: smp: Bringing up secondary CPUs ...
2026-05-15T03:20:09.734378+00:00 loadgen-6lgs multipathd[359]: reconfigure: setting up paths and maps
2026-05-15T03:20:09.734379+00:00 loadgen-6lgs kernel: smpboot: x86: Booting SMP configuration:
2026-05-15T03:20:09.734382+00:00 loadgen-6lgs kernel: .... node  #0, CPUs:        #1  #2  #3  #4  #5  #6  #7  #8  #9 #10 #11 #12 #13 #14 #15 #16 #17 #18 #19 #20 #21 #22 #23
2026-05-15T03:20:09.734383+00:00 loadgen-6lgs kernel: MDS CPU bug present and SMT on, data leak possible. See https://www.kernel.org/doc/html/latest/admin-guide/hw-vuln/mds.html for more details.
2026-05-15T03:20:09.734384+00:00 loadgen-6lgs systemd[1]: Finished systemd-tmpfiles-setup-dev.service - Create Static Device Nodes in /dev.
2026-05-15T03:20:09.734386+00:00 loadgen-6lgs kernel: MMIO Stale Data CPU bug present and SMT on, data leak possible. See https://www.kernel.org/doc/html/latest/admin-guide/hw-vuln/processor_mmio_stale_data.html for more details.
2026-05-15T03:20:09.734389+00:00 loadgen-6lgs kernel: smp: Brought up 1 node, 24 CPUs
2026-05-15T03:20:09.734389+00:00 loadgen-6lgs kernel: smpboot: Total of 24 processors activated (110399.90 BogoMIPS)
2026-05-15T03:20:09.734390+00:00 loadgen-6lgs kernel: Memory: 65803328K/67105084K available (22206K kernel code, 4673K rwdata, 15608K rodata, 5404K init, 6100K bss, 1277596K reserved, 0K cma-reserved)
2026-05-15T03:20:09.734390+00:00 loadgen-6lgs kernel: devtmpfs: initialized
2026-05-15T03:20:09.734391+00:00 loadgen-6lgs kernel: x86/mm: Memory block size: 1024MB
2026-05-15T03:20:09.734390+00:00 loadgen-6lgs systemd[1]: Starting systemd-udevd.service - Rule-based Manager for Device Events and Files...
2026-05-15T03:20:09.734395+00:00 loadgen-6lgs systemd-udevd[363]: Using default interface naming scheme 'v255'.
2026-05-15T03:20:09.734397+00:00 loadgen-6lgs kernel: ACPI: PM: Registering ACPI NVS region [mem 0xbfb7f000-0xbfbfefff] (524288 bytes)
