2026-05-14 20:20:02,493 DEBUG    root            Loaded Command Group: ['gcloud', 'compute']
2026-05-14 20:20:02,495 DEBUG    root            Loaded Command Group: ['gcloud', 'compute', 'instances']
2026-05-14 20:20:02,496 DEBUG    root            Loaded Command Group: ['gcloud', 'compute', 'instances', 'get_serial_port_output']
2026-05-14 20:20:02,497 DEBUG    root            Running [gcloud.compute.instances.get-serial-port-output] with arguments: [--project: "env-integration-fenway", --zone: "us-central1-f", INSTANCE_NAME: "loadgen-5896"]
2026-05-14 20:20:02,498 DEBUG    root            On GCE from memory cache: False
2026-05-14 20:20:02,499 DEBUG    root            On GCE from memory cache: False
2026-05-14 20:20:02,591 DEBUG    urllib3.connectionpool Starting new HTTPS connection (1): compute.googleapis.com:443
2026-05-14 20:20:02,869 DEBUG    urllib3.connectionpool https://compute.googleapis.com:443 "GET /compute/v1/projects/env-integration-fenway/zones/us-central1-f/instances/loadgen-5896/serialPort?alt=json&port=1 HTTP/1.1" 200 None
2026-05-14 20:20:02,871 DEBUG    root            Chosen display Format:value[no-quote](contents)
2026-05-14 20:20:02,872 INFO     root            Display format: "value[no-quote](contents)"
2026-05-14 20:20:02,882 INFO     ___FILE_ONLY___ [2J[01;01H[=3h[2J[01;01H[2J[01;01H[=3h[2J[01;01HCSM BBS Table full.
BdsDxe: loading Boot0003 "Ubuntu" from PciRoot(0x0)/Pci(0x3,0x0)/Scsi(0x1,0x0)/HD(15,GPT,C848D457-4750-4825-A2CD-4EBFB870DC53,0x2800,0x35000)/\EFI\ubuntu\shimx64.efi
BdsDxe: starting Boot0003 "Ubuntu" from PciRoot(0x0)/Pci(0x3,0x0)/Scsi(0x1,0x0)/HD(15,GPT,C848D457-4750-4825-A2CD-4EBFB870DC53,0x2800,0x35000)/\EFI\ubuntu\shimx64.efi

UEFI: Attempting to start image.
Description: Ubuntu
FilePath: PciRoot(0x0)/Pci(0x3,0x0)/Scsi(0x1,0x0)/HD(15,GPT,C848D457-4750-4825-A2CD-4EBFB870DC53,0x2800,0x35000)/\EFI\ubuntu\shimx64.efi
OptionNumber: 3.

[H[J[1;1HGRUB_FORCE_PARTUUID set, attempting initrdless boot.
[    0.000000] Linux version 6.17.0-1013-gcp (buildd@lcy02-amd64-034) (x86_64-linux-gnu-gcc-13 (Ubuntu 13.3.0-6ubuntu2~24.04.1) 13.3.0, GNU ld (GNU Binutils for Ubuntu) 2.42) #13~24.04.1-Ubuntu SMP Thu Apr 16 02:10:24 UTC 2026 (Ubuntu 6.17.0-1013.13~24.04.1-gcp 6.17.13)
[    0.000000] Command line: BOOT_IMAGE=/vmlinuz-6.17.0-1013-gcp root=PARTUUID=6624332c-1f00-4e51-a0bf-94661fe17234 ro console=ttyS0,115200 panic=-1
[    0.000000] KERNEL supported cpus:
[    0.000000]   Intel GenuineIntel
[    0.000000]   AMD AuthenticAMD
[    0.000000]   Hygon HygonGenuine
[    0.000000]   Centaur CentaurHauls
[    0.000000]   zhaoxin   Shanghai  
[    0.000000] x86/CPU: Model not found in latest microcode list
[    0.000000] BIOS-provided physical RAM map:
[    0.000000] BIOS-e820: [mem 0x0000000000000000-0x0000000000000fff] reserved
[    0.000000] BIOS-e820: [mem 0x0000000000001000-0x0000000000054fff] usable
[    0.000000] BIOS-e820: [mem 0x0000000000055000-0x000000000005ffff] reserved
[    0.000000] BIOS-e820: [mem 0x0000000000060000-0x0000000000097fff] usable
[    0.000000] BIOS-e820: [mem 0x0000000000098000-0x000000000009ffff] reserved
[    0.000000] BIOS-e820: [mem 0x0000000000100000-0x00000000bd254fff] usable
[    0.000000] BIOS-e820: [mem 0x00000000bd255000-0x00000000bd25ffff] ACPI data
[    0.000000] BIOS-e820: [mem 0x00000000bd260000-0x00000000bf8ecfff] usable
[    0.000000] BIOS-e820: [mem 0x00000000bf8ed000-0x00000000bfb6cfff] reserved
[    0.000000] BIOS-e820: [mem 0x00000000bfb6d000-0x00000000bfb7efff] ACPI data
[    0.000000] BIOS-e820: [mem 0x00000000bfb7f000-0x00000000bfbfefff] ACPI NVS
[    0.000000] BIOS-e820: [mem 0x00000000bfbff000-0x00000000bffdffff] usable
[    0.000000] BIOS-e820: [mem 0x00000000bffe0000-0x00000000bfffffff] reserved
[    0.000000] BIOS-e820: [mem 0x0000000100000000-0x000000103fffffff] usable
[    0.000000] NX (Execute Disable) protection: active
[    0.000000] APIC: Static calls initialized
[    0.000000] efi: EFI v2.7 by EDK II
[    0.000000] efi: TPMFinalLog=0xbfbf7000 ACPI=0xbfb7e000 ACPI 2.0=0xbfb7e014 SMBIOS=0xbf9ca000 MEMATTR=0xbd260018 MOKvar=0xbf9c8000 RNG=0xbfb72018 TPMEventLog=0xbd255018 
[    0.000000] random: crng init done
[    0.000000] SMBIOS 2.4 present.
[    0.000000] DMI: Google Google Compute Engine/Google Compute Engine, BIOS Google 04/21/2026
[    0.000000] DMI: Memory slots populated: 4/4
[    0.000000] secureboot: Secure boot disabled
[    0.000000] Hypervisor detected: KVM
[    0.000000] last_pfn = 0xbffe0 max_arch_pfn = 0x400000000
[    0.000000] kvm-clock: Using msrs 4b564d01 and 4b564d00
[    0.000001] kvm-clock: using sched offset of 15183227610 cycles
[    0.000003] clocksource: kvm-clock: mask: 0xffffffffffffffff max_cycles: 0x1cd42e4dffb, max_idle_ns: 881590591483 ns
[    0.000007] tsc: Detected 2299.998 MHz processor
[    0.000094] last_pfn = 0x1040000 max_arch_pfn = 0x400000000
[    0.000133] MTRR map: 3 entries (2 fixed + 1 variable; max 18), built from 8 variable MTRRs
[    0.000137] x86/PAT: Configuration [0-7]: WB  WC  UC- UC  WB  WP  UC- WT  
[    0.000183] last_pfn = 0xbffe0 max_arch_pfn = 0x400000000
[    0.016840] Using GB pages for direct mapping
[    0.017136] secureboot: Secure boot disabled
[    0.017139] ACPI: Early table checksum verification disabled
[    0.017143] ACPI: RSDP 0x00000000BFB7E014 000024 (v02 Google)
[    0.017148] ACPI: XSDT 0x00000000BFB7D0E8 00005C (v01 Google GOOGFACP 00000001      01000013)
[    0.017156] ACPI: FACP 0x00000000BFB78000 0000F4 (v02 Google GOOGFACP 00000001 GOOG 00000001)
[    0.017165] ACPI: DSDT 0x00000000BFB79000 001A64 (v01 Google GOOGDSDT 00000001 GOOG 00000001)
[    0.017170] ACPI: FACS 0x00000000BFBF1000 000040
[    0.017174] ACPI: SSDT 0x00000000BFB7C000 000316 (v02 GOOGLE Tpm2Tabl 00001000 INTL 20250807)
[    0.017179] ACPI: TPM2 0x00000000BFB7B000 000034 (v04 GOOGLE          00000001 GOOG 00000001)
[    0.017184] ACPI: SRAT 0x00000000BFB77000 000228 (v03 Google GOOGSRAT 00000001 GOOG 00000001)
[    0.017189] ACPI: APIC 0x00000000BFB76000 000126 (v05 Google GOOGAPIC 00000001 GOOG 00000001)
[    0.017194] ACPI: SSDT 0x00000000BFB74000 0011D6 (v01 Google GOOGSSDT 00000001 GOOG 00000001)
[    0.017199] ACPI: WAET 0x00000000BFB73000 000028 (v01 Google GOOGWAET 00000001 GOOG 00000001)
[    0.017203] ACPI: Reserving FACP table memory at [mem 0xbfb78000-0xbfb780f3]
[    0.017205] ACPI: Reserving DSDT table memory at [mem 0xbfb79000-0xbfb7aa63]
[    0.017206] ACPI: Reserving FACS table memory at [mem 0xbfbf1000-0xbfbf103f]
[    0.017207] ACPI: Reserving SSDT table memory at [mem 0xbfb7c000-0xbfb7c315]
[    0.017208] ACPI: Reserving TPM2 table memory at [mem 0xbfb7b000-0xbfb7b033]
[    0.017209] ACPI: Reserving SRAT table memory at [mem 0xbfb77000-0xbfb77227]
[    0.017210] ACPI: Reserving APIC table memory at [mem 0xbfb76000-0xbfb76125]
[    0.017211] ACPI: Reserving SSDT table memory at [mem 0xbfb74000-0xbfb751d5]
[    0.017213] ACPI: Reserving WAET table memory at [mem 0xbfb73000-0xbfb73027]
[    0.017331] ACPI: SRAT: Node 0 PXM 0 [mem 0x00000000-0x0009ffff]
[    0.017334] ACPI: SRAT: Node 0 PXM 0 [mem 0x00100000-0xbfffffff]
[    0.017335] ACPI: SRAT: Node 0 PXM 0 [mem 0x100000000-0x103fffffff]
[    0.017340] NUMA: Node 0 [mem 0x00001000-0x0009ffff] + [mem 0x00100000-0xbfffffff] -> [mem 0x00001000-0xbfffffff]
[    0.017342] NUMA: Node 0 [mem 0x00001000-0xbfffffff] + [mem 0x100000000-0x103fffffff] -> [mem 0x00001000-0x103fffffff]
[    0.017356] NODE_DATA(0) allocated [mem 0x103ffd52c0-0x103fffffff]
[    0.017611] Zone ranges:
[    0.017612]   DMA      [mem 0x0000000000001000-0x0000000000ffffff]
[    0.017614]   DMA32    [mem 0x0000000001000000-0x00000000ffffffff]
[    0.017615]   Normal   [mem 0x0000000100000000-0x000000103fffffff]
[    0.017617]   Device   empty
[    0.017618] Movable zone start for each node
[    0.017621] Early memory node ranges
[    0.017621]   node   0: [mem 0x0000000000001000-0x0000000000054fff]
[    0.017623]   node   0: [mem 0x0000000000060000-0x0000000000097fff]
[    0.017624]   node   0: [mem 0x0000000000100000-0x00000000bd254fff]
[    0.017625]   node   0: [mem 0x00000000bd260000-0x00000000bf8ecfff]
[    0.017626]   node   0: [mem 0x00000000bfbff000-0x00000000bffdffff]
[    0.017627]   node   0: [mem 0x0000000100000000-0x000000103fffffff]
[    0.017633] Initmem setup node 0 [mem 0x0000000000001000-0x000000103fffffff]
[    0.017710] On node 0, zone DMA: 1 pages in unavailable ranges
[    0.017712] On node 0, zone DMA: 11 pages in unavailable ranges
[    0.017739] On node 0, zone DMA: 104 pages in unavailable ranges
[    0.023048] On node 0, zone DMA32: 11 pages in unavailable ranges
[    0.023066] On node 0, zone DMA32: 786 pages in unavailable ranges
[    0.133585] On node 0, zone Normal: 32 pages in unavailable ranges
[    0.134303] ACPI: PM-Timer IO Port: 0xb008
[    0.134329] ACPI: LAPIC_NMI (acpi_id[0xff] dfl dfl lint[0x1])
[    0.134418] IOAPIC[0]: apic_id 0, version 17, address 0xfec00000, GSI 0-23
[    0.134423] ACPI: INT_SRC_OVR (bus 0 bus_irq 5 global_irq 5 high level)
[    0.134426] ACPI: INT_SRC_OVR (bus 0 bus_irq 9 global_irq 9 high level)
[    0.134428] ACPI: INT_SRC_OVR (bus 0 bus_irq 10 global_irq 10 high level)
[    0.134429] ACPI: INT_SRC_OVR (bus 0 bus_irq 11 global_irq 11 high level)
[    0.134436] ACPI: Using ACPI (MADT) for SMP configuration information
[    0.134442] CPU topo: Max. logical packages:   1
[    0.134443] CPU topo: Max. logical dies:       1
[    0.134444] CPU topo: Max. dies per package:   1
[    0.134449] CPU topo: Max. threads per core:   2
[    0.134450] CPU topo: Num. cores per package:    12
[    0.134451] CPU topo: Num. threads per package:  24
[    0.134452] CPU topo: Allowing 24 present CPUs plus 0 hotplug CPUs
[    0.134481] PM: hibernation: Registered nosave memory: [mem 0x00000000-0x00000fff]
[    0.134483] PM: hibernation: Registered nosave memory: [mem 0x00055000-0x0005ffff]
[    0.134485] PM: hibernation: Registered nosave memory: [mem 0x00098000-0x000fffff]
[    0.134487] PM: hibernation: Registered nosave memory: [mem 0xbd255000-0xbd25ffff]
[    0.134489] PM: hibernation: Registered nosave memory: [mem 0xbf8ed000-0xbfbfefff]
[    0.134491] PM: hibernation: Registered nosave memory: [mem 0xbffe0000-0xffffffff]
[    0.134493] [mem 0xc0000000-0xffffffff] available for PCI devices
[    0.134495] Booting paravirtualized kernel on KVM
[    0.134497] clocksource: refined-jiffies: mask: 0xffffffff max_cycles: 0xffffffff, max_idle_ns: 1910969940391419 ns
[    0.134506] setup_percpu: NR_CPUS:8192 nr_cpumask_bits:24 nr_cpu_ids:24 nr_node_ids:1
[    0.136439] percpu: Embedded 84 pages/cpu s221184 r8192 d114688 u524288
[    0.136505] kvm-guest: PV spinlocks enabled
[    0.136508] PV qspinlock hash table entries: 256 (order: 0, 4096 bytes, linear)
[    0.136514] Kernel command line: BOOT_IMAGE=/vmlinuz-6.17.0-1013-gcp root=PARTUUID=6624332c-1f00-4e51-a0bf-94661fe17234 ro console=ttyS0,115200 panic=-1
[    0.136585] printk: log buffer data + meta data: 262144 + 917504 = 1179648 bytes
[    0.143549] Dentry cache hash table entries: 8388608 (order: 14, 67108864 bytes, linear)
[    0.147021] Inode-cache hash table entries: 4194304 (order: 13, 33554432 bytes, linear)
[    0.147730] software IO TLB: area num 32.
[    0.161661] Fallback order for Node 0: 0 
[    0.161668] Built 1 zonelists, mobility grouping on.  Total pages: 16776271
[    0.161670] Policy zone: Normal
[    0.161681] mem auto-init: stack:all(zero), heap alloc:on, heap free:off
[    0.314503] SLUB: HWalign=64, Order=0-3, MinObjects=0, CPUs=24, Nodes=1
[    0.314567] Kernel/User page tables isolation: enabled
[    0.326884] ftrace: allocating 61994 entries in 244 pages
[    0.326886] ftrace: allocated 244 pages with 5 groups
[    0.327265] rcu: Hierarchical RCU implementation.
[    0.327266] rcu: 	RCU restricting CPUs from NR_CPUS=8192 to nr_cpu_ids=24.
[    0.327268] 	Rude variant of Tasks RCU enabled.
[    0.327269] 	Tracing variant of Tasks RCU enabled.
[    0.327270] rcu: RCU calculated value of scheduler-enlistment delay is 100 jiffies.
[    0.327271] rcu: Adjusting geometry for rcu_fanout_leaf=16, nr_cpu_ids=24
[    0.327301] RCU Tasks Rude: Setting shift to 5 and lim to 1 rcu_task_cb_adjust=1 rcu_task_cpu_ids=24.
[    0.327305] RCU Tasks Trace: Setting shift to 5 and lim to 1 rcu_task_cb_adjust=1 rcu_task_cpu_ids=24.
[    0.331335] NR_IRQS: 524544, nr_irqs: 616, preallocated irqs: 16
[    0.331655] rcu: srcu_init: Setting srcu_struct sizes based on contention.
[    0.331785] Console: colour dummy device 80x25
[    0.331850] printk: legacy console [ttyS0] enabled
[    0.687056] ACPI: Core revision 20250404
[    0.688862] APIC: Switch to symmetric I/O mode setup
[    0.691512] x2apic enabled
[    0.695765] APIC: Switched APIC routing to: physical x2apic
[    0.703657] ..TIMER: vector=0x30 apic1=0 pin1=0 apic2=-1 pin2=-1
[    0.706109] clocksource: tsc-early: mask: 0xffffffffffffffff max_cycles: 0x212733415c7, max_idle_ns: 440795236380 ns
[    0.710275] Calibrating delay loop (skipped) preset value.. 4599.99 BogoMIPS (lpj=2299998)
[    0.711593] Last level iTLB entries: 4KB 1024, 2MB 1024, 4MB 1024
[    0.712273] Last level dTLB entries: 4KB 1024, 2MB 1024, 4MB 1024, 1GB 4
[    0.713295] mitigations: Enabled attack vectors: user_kernel, user_user, guest_host, guest_guest, SMT mitigations: auto
[    0.714275] Speculative Store Bypass: Mitigation: Speculative Store Bypass disabled via prctl
[    0.715273] Spectre V2 : Mitigation: IBRS
[    0.716272] RETBleed: Mitigation: IBRS
[    0.717273] ITS: Mitigation: Aligned branch/return thunks
[    0.718272] Spectre V2 : User space: Mitigation: STIBP via prctl
[    0.719272] MDS: Mitigation: Clear CPU buffers
[    0.720272] MMIO Stale Data: Vulnerable: Clear CPU buffers attempted, no microcode
[    0.721272] Spectre V1 : Mitigation: usercopy/swapgs barriers and __user pointer sanitization
[    0.722275] Spectre V2 : Spectre v2 / SpectreRSB: Filling RSB on context switch and VMEXIT
[    0.723275] Spectre V2 : mitigation: Enabling conditional Indirect Branch Prediction Barrier
[    0.724279] active return thunk: its_return_thunk
[    0.725273] Spectre V2 : Spectre BHI mitigation: SW BHB clearing on syscall and VM exit
[    0.727274] x86/fpu: Supporting XSAVE feature 0x001: 'x87 floating point registers'
[    0.728273] x86/fpu: Supporting XSAVE feature 0x002: 'SSE registers'
[    0.729273] x86/fpu: Supporting XSAVE feature 0x004: 'AVX registers'
[    0.730273] x86/fpu: xstate_offset[2]:  576, xstate_sizes[2]:  256
[    0.731273] x86/fpu: Enabled xstate features 0x7, context size is 832 bytes, using 'standard' format.
[    0.795052] Freeing SMP alternatives memory: 52K
[    0.795277] pid_max: default: 32768 minimum: 301
[    0.796377] LSM: initializing lsm=lockdown,capability,landlock,yama,apparmor,ima,evm
[    0.797293] landlock: Up and running.
[    0.798272] Yama: becoming mindful.
[    0.799342] AppArmor: AppArmor initialized
[    0.800538] Mount-cache hash table entries: 131072 (order: 8, 1048576 bytes, linear)
[    0.801451] Mountpoint-cache hash table entries: 131072 (order: 8, 1048576 bytes, linear)
[    0.905929] smpboot: CPU0: Intel(R) Xeon(R) CPU @ 2.30GHz (family: 0x6, model: 0x3f, stepping: 0x0)
[    0.906604] Performance Events: unsupported CPU family 6 model 63 no PMU driver, software events only.
[    0.907355] signal: max sigframe size: 1776
[    0.908324] rcu: Hierarchical SRCU implementation.
[    0.909273] rcu: 	Max phase no-delay instances is 400.
[    0.910376] Timer migration: 2 hierarchy levels; 8 children per group; 2 crossnode level
[    0.913735] NMI watchdog: Perf NMI watchdog permanently disabled
[    0.914633] smp: Bringing up secondary CPUs ...
[    0.917323] smpboot: x86: Booting SMP configuration:
[    0.918275] .... node  #0, CPUs:        #1  #2  #3  #4  #5  #6  #7  #8  #9 #10 #11 #12 #13 #14 #15 #16 #17 #18 #19 #20 #21 #22 #23
[    0.930649] MDS CPU bug present and SMT on, data leak possible. See https://www.kernel.org/doc/html/latest/admin-guide/hw-vuln/mds.html for more details.
[    0.932276] MMIO Stale Data CPU bug present and SMT on, data leak possible. See https://www.kernel.org/doc/html/latest/admin-guide/hw-vuln/processor_mmio_stale_data.html for more details.
[    0.938451] smp: Brought up 1 node, 24 CPUs
[    0.939275] smpboot: Total of 24 processors activated (110399.90 BogoMIPS)
[    0.943324] Memory: 65805312K/67105084K available (22206K kernel code, 4673K rwdata, 15608K rodata, 5404K init, 6100K bss, 1277624K reserved, 0K cma-reserved)
[    0.946966] devtmpfs: initialized
[    0.948306] x86/mm: Memory block size: 1024MB
[    0.951936] ACPI: PM: Registering ACPI NVS region [mem 0xbfb7f000-0xbfbfefff] (524288 bytes)
[    0.952392] clocksource: jiffies: mask: 0xffffffff max_cycles: 0xffffffff, max_idle_ns: 1911260446275000 ns
[    0.953332] posixtimers hash table entries: 16384 (order: 6, 262144 bytes, linear)
[    0.954410] futex hash table entries: 8192 (524288 bytes on 1 NUMA nodes, total 512 KiB, linear).
[    0.955417] pinctrl core: initialized pinctrl subsystem
[    0.956562] PM: RTC time: 03:20:01, date: 2026-05-15
[    0.958557] NET: Registered PF_NETLINK/PF_ROUTE protocol family
[    0.960600] DMA: preallocated 4096 KiB GFP_KERNEL pool for atomic allocations
[    0.962891] DMA: preallocated 4096 KiB GFP_KERNEL|GFP_DMA pool for atomic allocations
[    0.964544] DMA: preallocated 4096 KiB GFP_KERNEL|GFP_DMA32 pool for atomic allocations
[    0.965286] audit: initializing netlink subsys (disabled)
[    0.966349] audit: type=2000 audit(1778815200.705:1): state=initialized audit_enabled=0 res=1
[    0.966495] thermal_sys: Registered thermal governor 'fair_share'
[    0.967274] thermal_sys: Registered thermal governor 'bang_bang'
[    0.968273] thermal_sys: Registered thermal governor 'step_wise'
[    0.969273] thermal_sys: Registered thermal governor 'user_space'
[    0.970273] thermal_sys: Registered thermal governor 'power_allocator'
[    0.971289] cpuidle: using governor ladder
[    0.973282] cpuidle: using governor menu
[    0.974349] acpiphp: ACPI Hot Plug PCI Controller Driver version: 0.5
[    0.976544] PCI: Using configuration type 1 for base access
[    0.977391] kprobes: kprobe jump-optimization is enabled. All kprobes are optimized if possible.
[    0.979410] HugeTLB: registered 1.00 GiB page size, pre-allocated 0 pages
[    0.980274] HugeTLB: 16380 KiB vmemmap can be freed for a 1.00 GiB page
[    0.981274] HugeTLB: registered 2.00 MiB page size, pre-allocated 0 pages
[    0.982273] HugeTLB: 28 KiB vmemmap can be freed for a 2.00 MiB page
[    0.986343] ACPI: Added _OSI(Module Device)
[    0.987274] ACPI: Added _OSI(Processor Device)
[    0.988274] ACPI: Added _OSI(Processor Aggregator Device)
[    0.992677] ACPI: 3 ACPI AML tables successfully acquired and loaded
[    1.014789] ACPI: Interpreter enabled
[    1.015291] ACPI: PM: (supports S0 S3 S4 S5)
[    1.016274] ACPI: Using IOAPIC for interrupt routing
[    1.017596] PCI: Using host bridge windows from ACPI; if necessary, use "pci=nocrs" and report a bug
[    1.018273] PCI: Ignoring E820 reservations for host bridge windows
[    1.020292] ACPI: Enabled 16 GPEs in block 00 to 0F
[    1.028295] ACPI: PCI Root Bridge [PCI0] (domain 0000 [bus 00-ff])
[    1.029280] acpi PNP0A03:00: _OSC: OS supports [ASPM ClockPM Segments MSI EDR HPX-Type3]
[    1.030274] acpi PNP0A03:00: _OSC: not requesting OS control; OS requires [ExtendedConfig ASPM ClockPM MSI]
[    1.031289] acpi PNP0A03:00: fail to add MMCONFIG information, can't access extended configuration space under this bridge
[    1.034313] PCI host bridge to bus 0000:00
[    1.035279] pci_bus 0000:00: root bus resource [io  0x0000-0x0cf7 window]
[    1.036274] pci_bus 0000:00: root bus resource [io  0x0d00-0xffff window]
[    1.037274] pci_bus 0000:00: root bus resource [mem 0x000a0000-0x000bffff window]
[    1.038274] pci_bus 0000:00: root bus resource [mem 0xc0000000-0xc53fffff window]
[    1.039274] pci_bus 0000:00: root bus resource [mem 0xc5440000-0xee3fffff window]
[    1.040274] pci_bus 0000:00: root bus resource [mem 0xee440000-0xfebfefff window]
[    1.041274] pci_bus 0000:00: root bus resource [mem 0x1040000000-0x2103fffffff window]
[    1.042274] pci_bus 0000:00: root bus resource [bus 00-ff]
[    1.044339] pci 0000:00:00.0: [8086:1237] type 00 class 0x060000 conventional PCI endpoint
[    1.049600] pci 0000:00:01.0: [8086:7110] type 00 class 0x060100 conventional PCI endpoint
[    1.054808] pci 0000:00:01.3: [8086:7113] type 00 class 0x068000 conventional PCI endpoint
[    1.061274] pci 0000:00:01.3: quirk: [io  0xb000-0xb03f] claimed by PIIX4 ACPI
[    1.063702] pci 0000:00:03.0: [1af4:1004] type 00 class 0x000000 conventional PCI endpoint
[    1.072304] pci 0000:00:03.0: BAR 0 [io  0xc040-0xc07f]
[    1.073290] pci 0000:00:03.0: BAR 1 [mem 0xc1001000-0xc100107f]
[    1.075317] pci 0000:00:04.0: [10de:1eb8] type 00 class 0x030200 conventional PCI endpoint
[    1.090305] pci 0000:00:04.0: BAR 0 [mem 0xc0000000-0xc0ffffff]
[    1.091304] pci 0000:00:04.0: BAR 1 [mem 0x1040000000-0x104fffffff 64bit pref]
[    1.092300] pci 0000:00:04.0: BAR 3 [mem 0x1050000000-0x1051ffffff 64bit pref]
[    1.095011] pci 0000:00:05.0: [1af4:1000] type 00 class 0x020000 conventional PCI endpoint
[    1.103304] pci 0000:00:05.0: BAR 0 [io  0xc000-0xc03f]
[    1.104290] pci 0000:00:05.0: BAR 1 [mem 0xc1000000-0xc10003ff]
[    1.106451] pci 0000:00:06.0: [1af4:1005] type 00 class 0x00ff00 conventional PCI endpoint
[    1.115306] pci 0000:00:06.0: BAR 0 [io  0xc080-0xc09f]
[    1.116304] pci 0000:00:06.0: BAR 1 [mem 0xc1002000-0xc100203f]
[    1.130035] ACPI: PCI: Interrupt link LNKA configured for IRQ 10
[    1.132351] ACPI: PCI: Interrupt link LNKB configured for IRQ 10
[    1.135330] ACPI: PCI: Interrupt link LNKC configured for IRQ 11
[    1.137448] ACPI: PCI: Interrupt link LNKD configured for IRQ 11
[    1.139317] ACPI: PCI: Interrupt link LNKS configured for IRQ 9
[    1.144323] iommu: Default domain type: Translated
[    1.145275] iommu: DMA domain TLB invalidation policy: lazy mode
[    1.147530] SCSI subsystem initialized
[    1.148322] ACPI: bus type USB registered
[    1.149297] usbcore: registered new interface driver usbfs
[    1.150283] usbcore: registered new interface driver hub
[    1.151290] usbcore: registered new device driver usb
[    1.152302] pps_core: LinuxPPS API ver. 1 registered
[    1.153273] pps_core: Software ver. 5.3.6 - Copyright 2005-2007 Rodolfo Giometti <giometti@linux.it>
[    1.154280] PTP clock support registered
[    1.155330] EDAC MC: Ver: 3.0.0
[    1.157278] efivars: Registered efivars operations
[    1.159860] NetLabel: Initializing
[    1.160274] NetLabel:  domain hash size = 128
[    1.161274] NetLabel:  protocols = UNLABELED CIPSOv4 CALIPSO
[    1.162299] NetLabel:  unlabeled traffic allowed by default
[    1.164317] mctp: management component transport protocol core
[    1.165275] NET: Registered PF_MCTP protocol family
[    1.166292] PCI: Using ACPI for IRQ routing
[    1.167556] vgaarb: loaded
[    1.168496] clocksource: Switched to clocksource kvm-clock
[    1.171296] VFS: Disk quotas dquot_6.6.0
[    1.172882] VFS: Dquot-cache hash table entries: 512 (order 0, 4096 bytes)
[    1.175798] AppArmor: AppArmor Filesystem Enabled
[    1.177515] pnp: PnP ACPI init
[    1.179499] pnp: PnP ACPI: found 7 devices
[    1.188615] clocksource: acpi_pm: mask: 0xffffff max_cycles: 0xffffff, max_idle_ns: 2085701024 ns
[    1.192004] NET: Registered PF_INET protocol family
[    1.194153] IP idents hash table entries: 262144 (order: 9, 2097152 bytes, linear)
[    1.219962] tcp_listen_portaddr_hash hash table entries: 32768 (order: 7, 524288 bytes, linear)
[    1.223026] Table-perturb hash table entries: 65536 (order: 6, 262144 bytes, linear)
[    1.226640] TCP established hash table entries: 524288 (order: 10, 4194304 bytes, linear)
[    1.230341] TCP bind hash table entries: 65536 (order: 9, 2097152 bytes, linear)
[    1.233182] TCP: Hash tables configured (established 524288 bind 65536)
[    1.236140] MPTCP token hash table entries: 65536 (order: 9, 1572864 bytes, linear)
[    1.239109] UDP hash table entries: 32768 (order: 9, 2097152 bytes, linear)
[    1.242193] UDP-Lite hash table entries: 32768 (order: 9, 2097152 bytes, linear)
[    1.245170] NET: Registered PF_UNIX/PF_LOCAL protocol family
[    1.247163] NET: Registered PF_XDP protocol family
[    1.248789] pci_bus 0000:00: resource 4 [io  0x0000-0x0cf7 window]
[    1.250958] pci_bus 0000:00: resource 5 [io  0x0d00-0xffff window]
[    1.252905] pci_bus 0000:00: resource 6 [mem 0x000a0000-0x000bffff window]
[    1.255167] pci_bus 0000:00: resource 7 [mem 0xc0000000-0xc53fffff window]
[    1.257404] pci_bus 0000:00: resource 8 [mem 0xc5440000-0xee3fffff window]
[    1.259725] pci_bus 0000:00: resource 9 [mem 0xee440000-0xfebfefff window]
[    1.262205] pci_bus 0000:00: resource 10 [mem 0x1040000000-0x2103fffffff window]
[    1.264731] pci 0000:00:00.0: Limiting direct PCI/PCI transfers
[    1.266958] PCI: CLS 0 bytes, default 64
[    1.268441] PCI-DMA: Using software bounce buffering for IO (SWIOTLB)
[    1.270662] software IO TLB: mapped [mem 0x00000000b7f7f000-0x00000000bbf7f000] (64MB)
[    1.273425] clocksource: tsc: mask: 0xffffffffffffffff max_cycles: 0x212733415c7, max_idle_ns: 440795236380 ns
[    1.276953] clocksource: Switched to clocksource tsc
[    1.299740] Initialise system trusted keyrings
[    1.301519] Key type blacklist registered
[    1.303294] workingset: timestamp_bits=36 max_order=24 bucket_order=0
[    1.306407] squashfs: version 4.0 (2009/01/31) Phillip Lougher
[    1.309352] fuse: init (API version 7.44)
[    1.311398] integrity: Platform Keyring initialized
[    1.313186] integrity: Machine keyring initialized
[    1.328512] Key type asymmetric registered
[    1.330033] Asymmetric key parser 'x509' registered
[    1.331942] Block layer SCSI generic (bsg) driver version 0.4 loaded (major 242)
[    1.334688] io scheduler mq-deadline registered
[    1.339684] ledtrig-cpu: registered to indicate activity on CPUs
[    1.342370] input: Power Button as /devices/LNXSYSTM:00/LNXPWRBN:00/input/input0
[    1.345662] ACPI: button: Power Button [PWRF]
[    1.347699] input: Sleep Button as /devices/LNXSYSTM:00/LNXSLPBN:00/input/input1
[    1.351084] ACPI: button: Sleep Button [SLPF]
[    1.361509] ACPI: \_SB_.LNKC: Enabled at IRQ 11
[    1.363493] virtio-pci 0000:00:03.0: virtio_pci: leaving for legacy driver
[    1.374752] ACPI: \_SB_.LNKA: Enabled at IRQ 10
[    1.376421] virtio-pci 0000:00:05.0: virtio_pci: leaving for legacy driver
[    1.388067] ACPI: \_SB_.LNKB: Enabled at IRQ 10
[    1.389737] virtio-pci 0000:00:06.0: virtio_pci: leaving for legacy driver
[    1.398054] Serial: 8250/16550 driver, 32 ports, IRQ sharing enabled
[    1.423986] 00:03: ttyS0 at I/O 0x3f8 (irq = 4, base_baud = 115200) is a 16550A
[    1.450592] 00:04: ttyS1 at I/O 0x2f8 (irq = 3, base_baud = 115200) is a 16550A
[    1.477123] 00:05: ttyS2 at I/O 0x3e8 (irq = 6, base_baud = 115200) is a 16550A
[    1.503147] 00:06: ttyS3 at I/O 0x2e8 (irq = 7, base_baud = 115200) is a 16550A
[    1.508443] Linux agpgart interface v0.103
[    1.521781] tpm_tis MSFT0101:00: 2.0 TPM (device-id 0x9009, rev-id 0)
[    1.537104] loop: module loaded
[    1.541751] virtio_scsi virtio0: 1/0/0 default/read/poll queues
[    1.562358] scsi host0: Virtio SCSI HBA
[    1.563879] blk-mq: reduced tag depth to 10240
[    1.571230] Key type psk registered
[    1.571663] scsi 0:0:1:0: Direct-Access     Google   PersistentDisk   1    PQ: 0 ANSI: 6
[    1.573230] ACPI: bus type drm_connector registered
[    1.577957] tun: Universal TUN/TAP device driver, 1.6
[    1.706169] sd 0:0:1:0: Attached scsi generic sg0 type 0
[    1.706356] sd 0:0:1:0: [sda] 4194304000 512-byte logical blocks: (2.15 TB/1.95 TiB)
[    1.756046] sd 0:0:1:0: [sda] 4096-byte physical blocks
[    1.777217] sd 0:0:1:0: [sda] Write Protect is off
[    1.797867] sd 0:0:1:0: [sda] Write cache: enabled, read cache: enabled, doesn't support DPO or FUA
[    1.817343] PPP generic driver version 2.4.2
[    1.819123] i8042: PNP: PS/2 Controller [PNP0303:KBD,PNP0f13:MOU] at 0x60,0x64 irq 1,12
[    1.822308] i8042: Warning: Keylock active
[    1.826277] serio: i8042 KBD port at 0x60,0x64 irq 1
[    1.827970] serio: i8042 AUX port at 0x60,0x64 irq 12
[    1.830531] mousedev: PS/2 mouse device common for all mice
[    1.832667] rtc_cmos 00:00: RTC can wake from S4
[    1.835580] rtc_cmos 00:00: registered as rtc0
[    1.837268] rtc_cmos 00:00: setting system clock to 2026-05-15T03:20:02 UTC (1778815202)
[    1.840192] rtc_cmos 00:00: alarms up to one day, 114 bytes nvram
[    1.840304] GPT:Primary header thinks Alt. header is not at the end of the disk.
[    1.842399] i2c_dev: i2c /dev entries driver
[    1.844885] GPT:104857599 != 4194303999
[    1.844887] GPT:Alternate GPT header not at the end of the disk.
[    1.844888] GPT:104857599 != 4194303999
[    1.844889] GPT: Use GNU Parted to correct GPT errors.
[    1.844897]  sda: sda1 sda14 sda15 sda16
[    1.846314] device-mapper: core: CONFIG_IMA_DISABLE_HTABLE is disabled. Duplicate IMA measurements will not be recorded in the IMA log.
[    1.847915] sd 0:0:1:0: [sda] Attached SCSI disk
[    1.849702] device-mapper: uevent: version 1.0.3
[    1.862386] device-mapper: ioctl: 4.50.0-ioctl (2025-04-28) initialised: dm-devel@lists.linux.dev
[    1.865285] intel_pstate: CPU model not supported
[    1.866896] drop_monitor: Initializing network drop monitor service
[    1.870281] NET: Registered PF_INET6 protocol family
[    1.872905] Segment Routing with IPv6
[    1.874237] In-situ OAM (IOAM) with IPv6
[    1.875467] NET: Registered PF_PACKET protocol family
[    1.877282] Key type dns_resolver registered
[    1.882921] IPI shorthand broadcast: enabled
[    1.887023] sched_clock: Marking stable (1513012433, 373605761)->(2163205512, -276587318)
[    1.890629] registered taskstats version 1
[    1.894071] Loading compiled-in X.509 certificates
[    1.896333] Loaded X.509 cert 'Build time autogenerated kernel key: e45cb4cd1c398ae218369364b5dd9534d3664c1e'
[    1.899909] Loaded X.509 cert 'Canonical Ltd. Live Patch Signing 2025 Kmod: d541cef61dc7e793b7eb7e899970a2eef0b5dc8c'
[    1.904063] Loaded X.509 cert 'Canonical Ltd. Live Patch Signing: 14df34d1a87cf37625abec039ef2bf521249b969'
[    1.907294] Loaded X.509 cert 'Canonical Ltd. Kernel Module Signing: 88f752e560a1e0737e31163a466ad7b70a850c19'
[    1.910676] blacklist: Loading compiled-in revocation X.509 certificates
[    1.912976] Loaded X.509 cert 'Canonical Ltd. Secure Boot Signing: 61482aa2830d0ab2ad5af10b7250da9033ddcef0'
[    1.916310] Loaded X.509 cert 'Canonical Ltd. Secure Boot Signing (2017): 242ade75ac4a15e50d50c84b0d45ff3eae707a03'
[    1.919764] Loaded X.509 cert 'Canonical Ltd. Secure Boot Signing (ESM 2018): 365188c1d374d6b07c3c8f240f8ef722433d6a8b'
[    1.922844] Loaded X.509 cert 'Canonical Ltd. Secure Boot Signing (2019): c0746fd6c5da3ae827864651ad66ae47fe24b3e8'
[    1.926225] Loaded X.509 cert 'Canonical Ltd. Secure Boot Signing (2021 v1): a8d54bbb3825cfb94fa13c9f8a594a195c107b8d'
[    1.929479] Loaded X.509 cert 'Canonical Ltd. Secure Boot Signing (2021 v2): 4cf046892d6fd3c9a5b03f98d845f90851dc6a8c'
[    1.933064] Loaded X.509 cert 'Canonical Ltd. Secure Boot Signing (2021 v3): 100437bb6de6e469b581e61cd66bce3ef4ed53af'
[    1.936782] Loaded X.509 cert 'Canonical Ltd. Secure Boot Signing (Ubuntu Core 2019): c1d57b8f6b743f23ee41f4f7ee292f06eecadfb9'
[    1.946438] Demotion targets for Node 0: null
[    1.948319] Key type .fscrypt registered
[    1.949754] Key type fscrypt-provisioning registered
[    1.951506] Key type big_key registered
[    1.952831] Key type trusted registered
[    1.955702] Key type encrypted registered
[    1.957357] AppArmor: AppArmor sha256 policy hashing enabled
[    1.959930] integrity: Loading X.509 certificate: UEFI:db
[    1.961932] integrity: Loaded X.509 cert 'Microsoft Corporation UEFI CA 2011: 13adbf4309bd82709c8cd54f316ed522988a1bd4'
[    1.965623] integrity: Loading X.509 certificate: UEFI:db
[    1.967618] integrity: Loaded X.509 cert 'Microsoft Windows Production PCA 2011: a92902398e16c49778cd90f99e4f9ae17c55af53'
[    1.971507] integrity: Loading X.509 certificate: UEFI:db
[    1.973332] integrity: Loaded X.509 cert 'Microsoft Corporation: Windows UEFI CA 2023: aefc5fbbbe055d8f8daa585473499417ab5a5272'
[    1.977446] integrity: Loading X.509 certificate: UEFI:db
[    1.979184] integrity: Loaded X.509 cert 'Microsoft UEFI CA 2023: 81aa6b3244c935bce0d6628af39827421e32497d'
[    1.983107] integrity: Revoking X.509 certificate: UEFI:dbx
[    1.985204] blacklist: Revoked X.509 cert 'Canonical Ltd. Secure Boot Signing: 61482aa2830d0ab2ad5af10b7250da9033ddcef0'
[    1.989048] integrity: Revoking X.509 certificate: UEFI:dbx
[    1.991181] blacklist: Revoked X.509 cert 'Cisco: Virtual UEFI SubCA: 13df2e3f54ebf347dcaecebf21d3cbb2355a4c9a'
[    1.994512] integrity: Revoking X.509 certificate: UEFI:dbx
[    1.996535] blacklist: Revoked X.509 cert 'Debian Secure Boot Signer: 00a7468def'
[    1.999726] Loading compiled-in module X.509 certificates
[    2.002246] Loaded X.509 cert 'Build time autogenerated kernel key: e45cb4cd1c398ae218369364b5dd9534d3664c1e'
[    2.005381] ima: Allocated hash algorithm: sha256
[    2.039176] ima: No architecture policies found
[    2.040911] evm: Initialising EVM extended attributes:
[    2.043058] evm: security.selinux
[    2.044317] evm: security.SMACK64
[    2.045237] evm: security.SMACK64EXEC
[    2.046718] evm: security.SMACK64TRANSMUTE
[    2.048052] evm: security.SMACK64MMAP
[    2.049105] evm: security.apparmor
[    2.050162] evm: security.ima
[    2.051137] evm: security.capability
[    2.052360] evm: HMAC attrs: 0x1
[    2.054237] input: AT Translated Set 2 keyboard as /devices/platform/i8042/serio0/input/input2
[    2.054379] PM:   Magic number: 10:706:310
[    2.058662] tty tty39: hash matches
[    2.062765] RAS: Correctable Errors collector initialized.
[    2.078040] clk: Disabling unused clocks
[    2.079568] PM: genpd: Disabling unused power domains
[    2.082353] check access for rdinit=/init failed: -2, ignoring
[    2.083333] md: Waiting for all devices to be available before autodetect
[    2.084329] md: If you don't use raid, use raid=noautodetect
[    2.085213] md: Autodetecting RAID arrays.
[    2.085842] md: autorun ...
[    2.086278] md: ... autorun DONE.
[    2.097969] EXT4-fs (sda1): mounted filesystem 89fcf612-67c3-434b-97ea-2cfdbfe01b5b ro with ordered data mode. Quota mode: none.
[    2.099953] VFS: Mounted root (ext4 filesystem) readonly on device 8:1.
[    2.103707] devtmpfs: mounted
[    2.106382] Freeing unused decrypted memory: 2028K
[    2.108981] Freeing unused kernel image (initmem) memory: 5404K
[    2.110415] Write protecting the kernel read-only data: 38912k
[    2.112180] Freeing unused kernel image (text/rodata gap) memory: 320K
[    2.114027] Freeing unused kernel image (rodata/data gap) memory: 776K
[    2.176538] x86/mm: Checked W+X mappings: passed, no W+X pages found.
[    2.177617] x86/mm: Checking user space page tables
[    2.237895] x86/mm: Checked W+X mappings: passed, no W+X pages found.
[    2.238920] Run /sbin/init as init process


2026-05-14 20:20:02,883 INFO     ___FILE_ONLY___ 
Specify --start=34483 in the next get-serial-port-output invocation to get only the new output starting from here.

2026-05-14 20:20:02,891 DEBUG    root            Metrics reporting process started...
