2026-05-14 20:40:09,969 DEBUG    root            Loaded Command Group: ['gcloud', 'compute']
2026-05-14 20:40:09,971 DEBUG    root            Loaded Command Group: ['gcloud', 'compute', 'instances']
2026-05-14 20:40:09,972 DEBUG    root            Loaded Command Group: ['gcloud', 'compute', 'instances', 'get_serial_port_output']
2026-05-14 20:40:09,973 DEBUG    root            Running [gcloud.compute.instances.get-serial-port-output] with arguments: [--project: "env-integration-fenway", --zone: "us-central1-f", INSTANCE_NAME: "loadgen-5896"]
2026-05-14 20:40:09,974 DEBUG    root            On GCE from memory cache: False
2026-05-14 20:40:09,975 DEBUG    root            On GCE from memory cache: False
2026-05-14 20:40:10,066 DEBUG    urllib3.connectionpool Starting new HTTPS connection (1): compute.googleapis.com:443
2026-05-14 20:40:10,627 DEBUG    urllib3.connectionpool https://compute.googleapis.com:443 "GET /compute/v1/projects/env-integration-fenway/zones/us-central1-f/instances/loadgen-5896/serialPort?alt=json&port=1 HTTP/1.1" 200 None
2026-05-14 20:40:10,704 DEBUG    root            Chosen display Format:value[no-quote](contents)
2026-05-14 20:40:10,705 INFO     root            Display format: "value[no-quote](contents)"
2026-05-14 20:40:10,728 INFO     ___FILE_ONLY___ [2J[01;01H[=3h[2J[01;01H[2J[01;01H[=3h[2J[01;01HCSM BBS Table full.
BdsDxe: loading Boot0003 "Ubuntu" from PciRoot(0x0)/Pci(0x3,0x0)/Scsi(0x1,0x0)/HD(15,GPT,C848D457-4750-4825-A2CD-4EBFB870DC53,0x2800,0x35000)/\EFI\ubuntu\shimx64.efi
BdsDxe: starting Boot0003 "Ubuntu" from PciRoot(0x0)/Pci(0x3,0x0)/Scsi(0x1,0x0)/HD(15,GPT,C848D457-4750-4825-A2CD-4EBFB870DC53,0x2800,0x35000)/\EFI\ubuntu\shimx64.efi

UEFI: Attempting to start image.
Description: Ubuntu
FilePath: PciRoot(0x0)/Pci(0x3,0x0)/Scsi(0x1,0x0)/HD(15,GPT,C848D457-4750-4825-A2CD-4EBFB870DC53,0x2800,0x35000)/\EFI\ubuntu\shimx64.efi
OptionNumber: 3.

[H[J[1;1HGRUB_FORCE_PARTUUID set, attempting initrdless boot.
[    0.000000] Linux version 6.17.0-1013-gcp (buildd@lcy02-amd64-034) (x86_64-linux-gnu-gcc-13 (Ubuntu 13.3.0-6ubuntu2~24.04.1) 13.3.0, GNU ld (GNU Binutils for Ubuntu) 2.42) #13~24.04.1-Ubuntu SMP Thu Apr 16 02:10:24 UTC 2026 (Ubuntu 6.17.0-1013.13~24.04.1-gcp 6.17.13)
[    0.000000] Command line: BOOT_IMAGE=/vmlinuz-6.17.0-1013-gcp root=PARTUUID=6624332c-1f00-4e51-a0bf-94661fe17234 ro console=ttyS0,115200 panic=-1
[    0.000000] KERNEL supported cpus:
[    0.000000]   Intel GenuineIntel
[    0.000000]   AMD AuthenticAMD
[    0.000000]   Hygon HygonGenuine
[    0.000000]   Centaur CentaurHauls
[    0.000000]   zhaoxin   Shanghai  
[    0.000000] x86/CPU: Model not found in latest microcode list
[    0.000000] BIOS-provided physical RAM map:
[    0.000000] BIOS-e820: [mem 0x0000000000000000-0x0000000000000fff] reserved
[    0.000000] BIOS-e820: [mem 0x0000000000001000-0x0000000000054fff] usable
[    0.000000] BIOS-e820: [mem 0x0000000000055000-0x000000000005ffff] reserved
[    0.000000] BIOS-e820: [mem 0x0000000000060000-0x0000000000097fff] usable
[    0.000000] BIOS-e820: [mem 0x0000000000098000-0x000000000009ffff] reserved
[    0.000000] BIOS-e820: [mem 0x0000000000100000-0x00000000bd254fff] usable
[    0.000000] BIOS-e820: [mem 0x00000000bd255000-0x00000000bd25ffff] ACPI data
[    0.000000] BIOS-e820: [mem 0x00000000bd260000-0x00000000bf8ecfff] usable
[    0.000000] BIOS-e820: [mem 0x00000000bf8ed000-0x00000000bfb6cfff] reserved
[    0.000000] BIOS-e820: [mem 0x00000000bfb6d000-0x00000000bfb7efff] ACPI data
[    0.000000] BIOS-e820: [mem 0x00000000bfb7f000-0x00000000bfbfefff] ACPI NVS
[    0.000000] BIOS-e820: [mem 0x00000000bfbff000-0x00000000bffdffff] usable
[    0.000000] BIOS-e820: [mem 0x00000000bffe0000-0x00000000bfffffff] reserved
[    0.000000] BIOS-e820: [mem 0x0000000100000000-0x000000103fffffff] usable
[    0.000000] NX (Execute Disable) protection: active
[    0.000000] APIC: Static calls initialized
[    0.000000] efi: EFI v2.7 by EDK II
[    0.000000] efi: TPMFinalLog=0xbfbf7000 ACPI=0xbfb7e000 ACPI 2.0=0xbfb7e014 SMBIOS=0xbf9ca000 MEMATTR=0xbd260018 MOKvar=0xbf9c8000 RNG=0xbfb72018 TPMEventLog=0xbd255018 
[    0.000000] random: crng init done
[    0.000000] SMBIOS 2.4 present.
[    0.000000] DMI: Google Google Compute Engine/Google Compute Engine, BIOS Google 04/21/2026
[    0.000000] DMI: Memory slots populated: 4/4
[    0.000000] secureboot: Secure boot disabled
[    0.000000] Hypervisor detected: KVM
[    0.000000] last_pfn = 0xbffe0 max_arch_pfn = 0x400000000
[    0.000000] kvm-clock: Using msrs 4b564d01 and 4b564d00
[    0.000001] kvm-clock: using sched offset of 15183227610 cycles
[    0.000003] clocksource: kvm-clock: mask: 0xffffffffffffffff max_cycles: 0x1cd42e4dffb, max_idle_ns: 881590591483 ns
[    0.000007] tsc: Detected 2299.998 MHz processor
[    0.000094] last_pfn = 0x1040000 max_arch_pfn = 0x400000000
[    0.000133] MTRR map: 3 entries (2 fixed + 1 variable; max 18), built from 8 variable MTRRs
[    0.000137] x86/PAT: Configuration [0-7]: WB  WC  UC- UC  WB  WP  UC- WT  
[    0.000183] last_pfn = 0xbffe0 max_arch_pfn = 0x400000000
[    0.016840] Using GB pages for direct mapping
[    0.017136] secureboot: Secure boot disabled
[    0.017139] ACPI: Early table checksum verification disabled
[    0.017143] ACPI: RSDP 0x00000000BFB7E014 000024 (v02 Google)
[    0.017148] ACPI: XSDT 0x00000000BFB7D0E8 00005C (v01 Google GOOGFACP 00000001      01000013)
[    0.017156] ACPI: FACP 0x00000000BFB78000 0000F4 (v02 Google GOOGFACP 00000001 GOOG 00000001)
[    0.017165] ACPI: DSDT 0x00000000BFB79000 001A64 (v01 Google GOOGDSDT 00000001 GOOG 00000001)
[    0.017170] ACPI: FACS 0x00000000BFBF1000 000040
[    0.017174] ACPI: SSDT 0x00000000BFB7C000 000316 (v02 GOOGLE Tpm2Tabl 00001000 INTL 20250807)
[    0.017179] ACPI: TPM2 0x00000000BFB7B000 000034 (v04 GOOGLE          00000001 GOOG 00000001)
[    0.017184] ACPI: SRAT 0x00000000BFB77000 000228 (v03 Google GOOGSRAT 00000001 GOOG 00000001)
[    0.017189] ACPI: APIC 0x00000000BFB76000 000126 (v05 Google GOOGAPIC 00000001 GOOG 00000001)
[    0.017194] ACPI: SSDT 0x00000000BFB74000 0011D6 (v01 Google GOOGSSDT 00000001 GOOG 00000001)
[    0.017199] ACPI: WAET 0x00000000BFB73000 000028 (v01 Google GOOGWAET 00000001 GOOG 00000001)
[    0.017203] ACPI: Reserving FACP table memory at [mem 0xbfb78000-0xbfb780f3]
[    0.017205] ACPI: Reserving DSDT table memory at [mem 0xbfb79000-0xbfb7aa63]
[    0.017206] ACPI: Reserving FACS table memory at [mem 0xbfbf1000-0xbfbf103f]
[    0.017207] ACPI: Reserving SSDT table memory at [mem 0xbfb7c000-0xbfb7c315]
[    0.017208] ACPI: Reserving TPM2 table memory at [mem 0xbfb7b000-0xbfb7b033]
[    0.017209] ACPI: Reserving SRAT table memory at [mem 0xbfb77000-0xbfb77227]
[    0.017210] ACPI: Reserving APIC table memory at [mem 0xbfb76000-0xbfb76125]
[    0.017211] ACPI: Reserving SSDT table memory at [mem 0xbfb74000-0xbfb751d5]
[    0.017213] ACPI: Reserving WAET table memory at [mem 0xbfb73000-0xbfb73027]
[    0.017331] ACPI: SRAT: Node 0 PXM 0 [mem 0x00000000-0x0009ffff]
[    0.017334] ACPI: SRAT: Node 0 PXM 0 [mem 0x00100000-0xbfffffff]
[    0.017335] ACPI: SRAT: Node 0 PXM 0 [mem 0x100000000-0x103fffffff]
[    0.017340] NUMA: Node 0 [mem 0x00001000-0x0009ffff] + [mem 0x00100000-0xbfffffff] -> [mem 0x00001000-0xbfffffff]
[    0.017342] NUMA: Node 0 [mem 0x00001000-0xbfffffff] + [mem 0x100000000-0x103fffffff] -> [mem 0x00001000-0x103fffffff]
[    0.017356] NODE_DATA(0) allocated [mem 0x103ffd52c0-0x103fffffff]
[    0.017611] Zone ranges:
[    0.017612]   DMA      [mem 0x0000000000001000-0x0000000000ffffff]
[    0.017614]   DMA32    [mem 0x0000000001000000-0x00000000ffffffff]
[    0.017615]   Normal   [mem 0x0000000100000000-0x000000103fffffff]
[    0.017617]   Device   empty
[    0.017618] Movable zone start for each node
[    0.017621] Early memory node ranges
[    0.017621]   node   0: [mem 0x0000000000001000-0x0000000000054fff]
[    0.017623]   node   0: [mem 0x0000000000060000-0x0000000000097fff]
[    0.017624]   node   0: [mem 0x0000000000100000-0x00000000bd254fff]
[    0.017625]   node   0: [mem 0x00000000bd260000-0x00000000bf8ecfff]
[    0.017626]   node   0: [mem 0x00000000bfbff000-0x00000000bffdffff]
[    0.017627]   node   0: [mem 0x0000000100000000-0x000000103fffffff]
[    0.017633] Initmem setup node 0 [mem 0x0000000000001000-0x000000103fffffff]
[    0.017710] On node 0, zone DMA: 1 pages in unavailable ranges
[    0.017712] On node 0, zone DMA: 11 pages in unavailable ranges
[    0.017739] On node 0, zone DMA: 104 pages in unavailable ranges
[    0.023048] On node 0, zone DMA32: 11 pages in unavailable ranges
[    0.023066] On node 0, zone DMA32: 786 pages in unavailable ranges
[    0.133585] On node 0, zone Normal: 32 pages in unavailable ranges
[    0.134303] ACPI: PM-Timer IO Port: 0xb008
[    0.134329] ACPI: LAPIC_NMI (acpi_id[0xff] dfl dfl lint[0x1])
[    0.134418] IOAPIC[0]: apic_id 0, version 17, address 0xfec00000, GSI 0-23
[    0.134423] ACPI: INT_SRC_OVR (bus 0 bus_irq 5 global_irq 5 high level)
[    0.134426] ACPI: INT_SRC_OVR (bus 0 bus_irq 9 global_irq 9 high level)
[    0.134428] ACPI: INT_SRC_OVR (bus 0 bus_irq 10 global_irq 10 high level)
[    0.134429] ACPI: INT_SRC_OVR (bus 0 bus_irq 11 global_irq 11 high level)
[    0.134436] ACPI: Using ACPI (MADT) for SMP configuration information
[    0.134442] CPU topo: Max. logical packages:   1
[    0.134443] CPU topo: Max. logical dies:       1
[    0.134444] CPU topo: Max. dies per package:   1
[    0.134449] CPU topo: Max. threads per core:   2
[    0.134450] CPU topo: Num. cores per package:    12
[    0.134451] CPU topo: Num. threads per package:  24
[    0.134452] CPU topo: Allowing 24 present CPUs plus 0 hotplug CPUs
[    0.134481] PM: hibernation: Registered nosave memory: [mem 0x00000000-0x00000fff]
[    0.134483] PM: hibernation: Registered nosave memory: [mem 0x00055000-0x0005ffff]
[    0.134485] PM: hibernation: Registered nosave memory: [mem 0x00098000-0x000fffff]
[    0.134487] PM: hibernation: Registered nosave memory: [mem 0xbd255000-0xbd25ffff]
[    0.134489] PM: hibernation: Registered nosave memory: [mem 0xbf8ed000-0xbfbfefff]
[    0.134491] PM: hibernation: Registered nosave memory: [mem 0xbffe0000-0xffffffff]
[    0.134493] [mem 0xc0000000-0xffffffff] available for PCI devices
[    0.134495] Booting paravirtualized kernel on KVM
[    0.134497] clocksource: refined-jiffies: mask: 0xffffffff max_cycles: 0xffffffff, max_idle_ns: 1910969940391419 ns
[    0.134506] setup_percpu: NR_CPUS:8192 nr_cpumask_bits:24 nr_cpu_ids:24 nr_node_ids:1
[    0.136439] percpu: Embedded 84 pages/cpu s221184 r8192 d114688 u524288
[    0.136505] kvm-guest: PV spinlocks enabled
[    0.136508] PV qspinlock hash table entries: 256 (order: 0, 4096 bytes, linear)
[    0.136514] Kernel command line: BOOT_IMAGE=/vmlinuz-6.17.0-1013-gcp root=PARTUUID=6624332c-1f00-4e51-a0bf-94661fe17234 ro console=ttyS0,115200 panic=-1
[    0.136585] printk: log buffer data + meta data: 262144 + 917504 = 1179648 bytes
[    0.143549] Dentry cache hash table entries: 8388608 (order: 14, 67108864 bytes, linear)
[    0.147021] Inode-cache hash table entries: 4194304 (order: 13, 33554432 bytes, linear)
[    0.147730] software IO TLB: area num 32.
[    0.161661] Fallback order for Node 0: 0 
[    0.161668] Built 1 zonelists, mobility grouping on.  Total pages: 16776271
[    0.161670] Policy zone: Normal
[    0.161681] mem auto-init: stack:all(zero), heap alloc:on, heap free:off
[    0.314503] SLUB: HWalign=64, Order=0-3, MinObjects=0, CPUs=24, Nodes=1
[    0.314567] Kernel/User page tables isolation: enabled
[    0.326884] ftrace: allocating 61994 entries in 244 pages
[    0.326886] ftrace: allocated 244 pages with 5 groups
[    0.327265] rcu: Hierarchical RCU implementation.
[    0.327266] rcu: 	RCU restricting CPUs from NR_CPUS=8192 to nr_cpu_ids=24.
[    0.327268] 	Rude variant of Tasks RCU enabled.
[    0.327269] 	Tracing variant of Tasks RCU enabled.
[    0.327270] rcu: RCU calculated value of scheduler-enlistment delay is 100 jiffies.
[    0.327271] rcu: Adjusting geometry for rcu_fanout_leaf=16, nr_cpu_ids=24
[    0.327301] RCU Tasks Rude: Setting shift to 5 and lim to 1 rcu_task_cb_adjust=1 rcu_task_cpu_ids=24.
[    0.327305] RCU Tasks Trace: Setting shift to 5 and lim to 1 rcu_task_cb_adjust=1 rcu_task_cpu_ids=24.
[    0.331335] NR_IRQS: 524544, nr_irqs: 616, preallocated irqs: 16
[    0.331655] rcu: srcu_init: Setting srcu_struct sizes based on contention.
[    0.331785] Console: colour dummy device 80x25
[    0.331850] printk: legacy console [ttyS0] enabled
[    0.687056] ACPI: Core revision 20250404
[    0.688862] APIC: Switch to symmetric I/O mode setup
[    0.691512] x2apic enabled
[    0.695765] APIC: Switched APIC routing to: physical x2apic
[    0.703657] ..TIMER: vector=0x30 apic1=0 pin1=0 apic2=-1 pin2=-1
[    0.706109] clocksource: tsc-early: mask: 0xffffffffffffffff max_cycles: 0x212733415c7, max_idle_ns: 440795236380 ns
[    0.710275] Calibrating delay loop (skipped) preset value.. 4599.99 BogoMIPS (lpj=2299998)
[    0.711593] Last level iTLB entries: 4KB 1024, 2MB 1024, 4MB 1024
[    0.712273] Last level dTLB entries: 4KB 1024, 2MB 1024, 4MB 1024, 1GB 4
[    0.713295] mitigations: Enabled attack vectors: user_kernel, user_user, guest_host, guest_guest, SMT mitigations: auto
[    0.714275] Speculative Store Bypass: Mitigation: Speculative Store Bypass disabled via prctl
[    0.715273] Spectre V2 : Mitigation: IBRS
[    0.716272] RETBleed: Mitigation: IBRS
[    0.717273] ITS: Mitigation: Aligned branch/return thunks
[    0.718272] Spectre V2 : User space: Mitigation: STIBP via prctl
[    0.719272] MDS: Mitigation: Clear CPU buffers
[    0.720272] MMIO Stale Data: Vulnerable: Clear CPU buffers attempted, no microcode
[    0.721272] Spectre V1 : Mitigation: usercopy/swapgs barriers and __user pointer sanitization
[    0.722275] Spectre V2 : Spectre v2 / SpectreRSB: Filling RSB on context switch and VMEXIT
[    0.723275] Spectre V2 : mitigation: Enabling conditional Indirect Branch Prediction Barrier
[    0.724279] active return thunk: its_return_thunk
[    0.725273] Spectre V2 : Spectre BHI mitigation: SW BHB clearing on syscall and VM exit
[    0.727274] x86/fpu: Supporting XSAVE feature 0x001: 'x87 floating point registers'
[    0.728273] x86/fpu: Supporting XSAVE feature 0x002: 'SSE registers'
[    0.729273] x86/fpu: Supporting XSAVE feature 0x004: 'AVX registers'
[    0.730273] x86/fpu: xstate_offset[2]:  576, xstate_sizes[2]:  256
[    0.731273] x86/fpu: Enabled xstate features 0x7, context size is 832 bytes, using 'standard' format.
[    0.795052] Freeing SMP alternatives memory: 52K
[    0.795277] pid_max: default: 32768 minimum: 301
[    0.796377] LSM: initializing lsm=lockdown,capability,landlock,yama,apparmor,ima,evm
[    0.797293] landlock: Up and running.
[    0.798272] Yama: becoming mindful.
[    0.799342] AppArmor: AppArmor initialized
[    0.800538] Mount-cache hash table entries: 131072 (order: 8, 1048576 bytes, linear)
[    0.801451] Mountpoint-cache hash table entries: 131072 (order: 8, 1048576 bytes, linear)
[    0.905929] smpboot: CPU0: Intel(R) Xeon(R) CPU @ 2.30GHz (family: 0x6, model: 0x3f, stepping: 0x0)
[    0.906604] Performance Events: unsupported CPU family 6 model 63 no PMU driver, software events only.
[    0.907355] signal: max sigframe size: 1776
[    0.908324] rcu: Hierarchical SRCU implementation.
[    0.909273] rcu: 	Max phase no-delay instances is 400.
[    0.910376] Timer migration: 2 hierarchy levels; 8 children per group; 2 crossnode level
[    0.913735] NMI watchdog: Perf NMI watchdog permanently disabled
[    0.914633] smp: Bringing up secondary CPUs ...
[    0.917323] smpboot: x86: Booting SMP configuration:
[    0.918275] .... node  #0, CPUs:        #1  #2  #3  #4  #5  #6  #7  #8  #9 #10 #11 #12 #13 #14 #15 #16 #17 #18 #19 #20 #21 #22 #23
[    0.930649] MDS CPU bug present and SMT on, data leak possible. See https://www.kernel.org/doc/html/latest/admin-guide/hw-vuln/mds.html for more details.
[    0.932276] MMIO Stale Data CPU bug present and SMT on, data leak possible. See https://www.kernel.org/doc/html/latest/admin-guide/hw-vuln/processor_mmio_stale_data.html for more details.
[    0.938451] smp: Brought up 1 node, 24 CPUs
[    0.939275] smpboot: Total of 24 processors activated (110399.90 BogoMIPS)
[    0.943324] Memory: 65805312K/67105084K available (22206K kernel code, 4673K rwdata, 15608K rodata, 5404K init, 6100K bss, 1277624K reserved, 0K cma-reserved)
[    0.946966] devtmpfs: initialized
[    0.948306] x86/mm: Memory block size: 1024MB
[    0.951936] ACPI: PM: Registering ACPI NVS region [mem 0xbfb7f000-0xbfbfefff] (524288 bytes)
[    0.952392] clocksource: jiffies: mask: 0xffffffff max_cycles: 0xffffffff, max_idle_ns: 1911260446275000 ns
[    0.953332] posixtimers hash table entries: 16384 (order: 6, 262144 bytes, linear)
[    0.954410] futex hash table entries: 8192 (524288 bytes on 1 NUMA nodes, total 512 KiB, linear).
[    0.955417] pinctrl core: initialized pinctrl subsystem
[    0.956562] PM: RTC time: 03:20:01, date: 2026-05-15
[    0.958557] NET: Registered PF_NETLINK/PF_ROUTE protocol family
[    0.960600] DMA: preallocated 4096 KiB GFP_KERNEL pool for atomic allocations
[    0.962891] DMA: preallocated 4096 KiB GFP_KERNEL|GFP_DMA pool for atomic allocations
[    0.964544] DMA: preallocated 4096 KiB GFP_KERNEL|GFP_DMA32 pool for atomic allocations
[    0.965286] audit: initializing netlink subsys (disabled)
[    0.966349] audit: type=2000 audit(1778815200.705:1): state=initialized audit_enabled=0 res=1
[    0.966495] thermal_sys: Registered thermal governor 'fair_share'
[    0.967274] thermal_sys: Registered thermal governor 'bang_bang'
[    0.968273] thermal_sys: Registered thermal governor 'step_wise'
[    0.969273] thermal_sys: Registered thermal governor 'user_space'
[    0.970273] thermal_sys: Registered thermal governor 'power_allocator'
[    0.971289] cpuidle: using governor ladder
[    0.973282] cpuidle: using governor menu
[    0.974349] acpiphp: ACPI Hot Plug PCI Controller Driver version: 0.5
[    0.976544] PCI: Using configuration type 1 for base access
[    0.977391] kprobes: kprobe jump-optimization is enabled. All kprobes are optimized if possible.
[    0.979410] HugeTLB: registered 1.00 GiB page size, pre-allocated 0 pages
[    0.980274] HugeTLB: 16380 KiB vmemmap can be freed for a 1.00 GiB page
[    0.981274] HugeTLB: registered 2.00 MiB page size, pre-allocated 0 pages
[    0.982273] HugeTLB: 28 KiB vmemmap can be freed for a 2.00 MiB page
[    0.986343] ACPI: Added _OSI(Module Device)
[    0.987274] ACPI: Added _OSI(Processor Device)
[    0.988274] ACPI: Added _OSI(Processor Aggregator Device)
[    0.992677] ACPI: 3 ACPI AML tables successfully acquired and loaded
[    1.014789] ACPI: Interpreter enabled
[    1.015291] ACPI: PM: (supports S0 S3 S4 S5)
[    1.016274] ACPI: Using IOAPIC for interrupt routing
[    1.017596] PCI: Using host bridge windows from ACPI; if necessary, use "pci=nocrs" and report a bug
[    1.018273] PCI: Ignoring E820 reservations for host bridge windows
[    1.020292] ACPI: Enabled 16 GPEs in block 00 to 0F
[    1.028295] ACPI: PCI Root Bridge [PCI0] (domain 0000 [bus 00-ff])
[    1.029280] acpi PNP0A03:00: _OSC: OS supports [ASPM ClockPM Segments MSI EDR HPX-Type3]
[    1.030274] acpi PNP0A03:00: _OSC: not requesting OS control; OS requires [ExtendedConfig ASPM ClockPM MSI]
[    1.031289] acpi PNP0A03:00: fail to add MMCONFIG information, can't access extended configuration space under this bridge
[    1.034313] PCI host bridge to bus 0000:00
[    1.035279] pci_bus 0000:00: root bus resource [io  0x0000-0x0cf7 window]
[    1.036274] pci_bus 0000:00: root bus resource [io  0x0d00-0xffff window]
[    1.037274] pci_bus 0000:00: root bus resource [mem 0x000a0000-0x000bffff window]
[    1.038274] pci_bus 0000:00: root bus resource [mem 0xc0000000-0xc53fffff window]
[    1.039274] pci_bus 0000:00: root bus resource [mem 0xc5440000-0xee3fffff window]
[    1.040274] pci_bus 0000:00: root bus resource [mem 0xee440000-0xfebfefff window]
[    1.041274] pci_bus 0000:00: root bus resource [mem 0x1040000000-0x2103fffffff window]
[    1.042274] pci_bus 0000:00: root bus resource [bus 00-ff]
[    1.044339] pci 0000:00:00.0: [8086:1237] type 00 class 0x060000 conventional PCI endpoint
[    1.049600] pci 0000:00:01.0: [8086:7110] type 00 class 0x060100 conventional PCI endpoint
[    1.054808] pci 0000:00:01.3: [8086:7113] type 00 class 0x068000 conventional PCI endpoint
[    1.061274] pci 0000:00:01.3: quirk: [io  0xb000-0xb03f] claimed by PIIX4 ACPI
[    1.063702] pci 0000:00:03.0: [1af4:1004] type 00 class 0x000000 conventional PCI endpoint
[    1.072304] pci 0000:00:03.0: BAR 0 [io  0xc040-0xc07f]
[    1.073290] pci 0000:00:03.0: BAR 1 [mem 0xc1001000-0xc100107f]
[    1.075317] pci 0000:00:04.0: [10de:1eb8] type 00 class 0x030200 conventional PCI endpoint
[    1.090305] pci 0000:00:04.0: BAR 0 [mem 0xc0000000-0xc0ffffff]
[    1.091304] pci 0000:00:04.0: BAR 1 [mem 0x1040000000-0x104fffffff 64bit pref]
[    1.092300] pci 0000:00:04.0: BAR 3 [mem 0x1050000000-0x1051ffffff 64bit pref]
[    1.095011] pci 0000:00:05.0: [1af4:1000] type 00 class 0x020000 conventional PCI endpoint
[    1.103304] pci 0000:00:05.0: BAR 0 [io  0xc000-0xc03f]
[    1.104290] pci 0000:00:05.0: BAR 1 [mem 0xc1000000-0xc10003ff]
[    1.106451] pci 0000:00:06.0: [1af4:1005] type 00 class 0x00ff00 conventional PCI endpoint
[    1.115306] pci 0000:00:06.0: BAR 0 [io  0xc080-0xc09f]
[    1.116304] pci 0000:00:06.0: BAR 1 [mem 0xc1002000-0xc100203f]
[    1.130035] ACPI: PCI: Interrupt link LNKA configured for IRQ 10
[    1.132351] ACPI: PCI: Interrupt link LNKB configured for IRQ 10
[    1.135330] ACPI: PCI: Interrupt link LNKC configured for IRQ 11
[    1.137448] ACPI: PCI: Interrupt link LNKD configured for IRQ 11
[    1.139317] ACPI: PCI: Interrupt link LNKS configured for IRQ 9
[    1.144323] iommu: Default domain type: Translated
[    1.145275] iommu: DMA domain TLB invalidation policy: lazy mode
[    1.147530] SCSI subsystem initialized
[    1.148322] ACPI: bus type USB registered
[    1.149297] usbcore: registered new interface driver usbfs
[    1.150283] usbcore: registered new interface driver hub
[    1.151290] usbcore: registered new device driver usb
[    1.152302] pps_core: LinuxPPS API ver. 1 registered
[    1.153273] pps_core: Software ver. 5.3.6 - Copyright 2005-2007 Rodolfo Giometti <giometti@linux.it>
[    1.154280] PTP clock support registered
[    1.155330] EDAC MC: Ver: 3.0.0
[    1.157278] efivars: Registered efivars operations
[    1.159860] NetLabel: Initializing
[    1.160274] NetLabel:  domain hash size = 128
[    1.161274] NetLabel:  protocols = UNLABELED CIPSOv4 CALIPSO
[    1.162299] NetLabel:  unlabeled traffic allowed by default
[    1.164317] mctp: management component transport protocol core
[    1.165275] NET: Registered PF_MCTP protocol family
[    1.166292] PCI: Using ACPI for IRQ routing
[    1.167556] vgaarb: loaded
[    1.168496] clocksource: Switched to clocksource kvm-clock
[    1.171296] VFS: Disk quotas dquot_6.6.0
[    1.172882] VFS: Dquot-cache hash table entries: 512 (order 0, 4096 bytes)
[    1.175798] AppArmor: AppArmor Filesystem Enabled
[    1.177515] pnp: PnP ACPI init
[    1.179499] pnp: PnP ACPI: found 7 devices
[    1.188615] clocksource: acpi_pm: mask: 0xffffff max_cycles: 0xffffff, max_idle_ns: 2085701024 ns
[    1.192004] NET: Registered PF_INET protocol family
[    1.194153] IP idents hash table entries: 262144 (order: 9, 2097152 bytes, linear)
[    1.219962] tcp_listen_portaddr_hash hash table entries: 32768 (order: 7, 524288 bytes, linear)
[    1.223026] Table-perturb hash table entries: 65536 (order: 6, 262144 bytes, linear)
[    1.226640] TCP established hash table entries: 524288 (order: 10, 4194304 bytes, linear)
[    1.230341] TCP bind hash table entries: 65536 (order: 9, 2097152 bytes, linear)
[    1.233182] TCP: Hash tables configured (established 524288 bind 65536)
[    1.236140] MPTCP token hash table entries: 65536 (order: 9, 1572864 bytes, linear)
[    1.239109] UDP hash table entries: 32768 (order: 9, 2097152 bytes, linear)
[    1.242193] UDP-Lite hash table entries: 32768 (order: 9, 2097152 bytes, linear)
[    1.245170] NET: Registered PF_UNIX/PF_LOCAL protocol family
[    1.247163] NET: Registered PF_XDP protocol family
[    1.248789] pci_bus 0000:00: resource 4 [io  0x0000-0x0cf7 window]
[    1.250958] pci_bus 0000:00: resource 5 [io  0x0d00-0xffff window]
[    1.252905] pci_bus 0000:00: resource 6 [mem 0x000a0000-0x000bffff window]
[    1.255167] pci_bus 0000:00: resource 7 [mem 0xc0000000-0xc53fffff window]
[    1.257404] pci_bus 0000:00: resource 8 [mem 0xc5440000-0xee3fffff window]
[    1.259725] pci_bus 0000:00: resource 9 [mem 0xee440000-0xfebfefff window]
[    1.262205] pci_bus 0000:00: resource 10 [mem 0x1040000000-0x2103fffffff window]
[    1.264731] pci 0000:00:00.0: Limiting direct PCI/PCI transfers
[    1.266958] PCI: CLS 0 bytes, default 64
[    1.268441] PCI-DMA: Using software bounce buffering for IO (SWIOTLB)
[    1.270662] software IO TLB: mapped [mem 0x00000000b7f7f000-0x00000000bbf7f000] (64MB)
[    1.273425] clocksource: tsc: mask: 0xffffffffffffffff max_cycles: 0x212733415c7, max_idle_ns: 440795236380 ns
[    1.276953] clocksource: Switched to clocksource tsc
[    1.299740] Initialise system trusted keyrings
[    1.301519] Key type blacklist registered
[    1.303294] workingset: timestamp_bits=36 max_order=24 bucket_order=0
[    1.306407] squashfs: version 4.0 (2009/01/31) Phillip Lougher
[    1.309352] fuse: init (API version 7.44)
[    1.311398] integrity: Platform Keyring initialized
[    1.313186] integrity: Machine keyring initialized
[    1.328512] Key type asymmetric registered
[    1.330033] Asymmetric key parser 'x509' registered
[    1.331942] Block layer SCSI generic (bsg) driver version 0.4 loaded (major 242)
[    1.334688] io scheduler mq-deadline registered
[    1.339684] ledtrig-cpu: registered to indicate activity on CPUs
[    1.342370] input: Power Button as /devices/LNXSYSTM:00/LNXPWRBN:00/input/input0
[    1.345662] ACPI: button: Power Button [PWRF]
[    1.347699] input: Sleep Button as /devices/LNXSYSTM:00/LNXSLPBN:00/input/input1
[    1.351084] ACPI: button: Sleep Button [SLPF]
[    1.361509] ACPI: \_SB_.LNKC: Enabled at IRQ 11
[    1.363493] virtio-pci 0000:00:03.0: virtio_pci: leaving for legacy driver
[    1.374752] ACPI: \_SB_.LNKA: Enabled at IRQ 10
[    1.376421] virtio-pci 0000:00:05.0: virtio_pci: leaving for legacy driver
[    1.388067] ACPI: \_SB_.LNKB: Enabled at IRQ 10
[    1.389737] virtio-pci 0000:00:06.0: virtio_pci: leaving for legacy driver
[    1.398054] Serial: 8250/16550 driver, 32 ports, IRQ sharing enabled
[    1.423986] 00:03: ttyS0 at I/O 0x3f8 (irq = 4, base_baud = 115200) is a 16550A
[    1.450592] 00:04: ttyS1 at I/O 0x2f8 (irq = 3, base_baud = 115200) is a 16550A
[    1.477123] 00:05: ttyS2 at I/O 0x3e8 (irq = 6, base_baud = 115200) is a 16550A
[    1.503147] 00:06: ttyS3 at I/O 0x2e8 (irq = 7, base_baud = 115200) is a 16550A
[    1.508443] Linux agpgart interface v0.103
[    1.521781] tpm_tis MSFT0101:00: 2.0 TPM (device-id 0x9009, rev-id 0)
[    1.537104] loop: module loaded
[    1.541751] virtio_scsi virtio0: 1/0/0 default/read/poll queues
[    1.562358] scsi host0: Virtio SCSI HBA
[    1.563879] blk-mq: reduced tag depth to 10240
[    1.571230] Key type psk registered
[    1.571663] scsi 0:0:1:0: Direct-Access     Google   PersistentDisk   1    PQ: 0 ANSI: 6
[    1.573230] ACPI: bus type drm_connector registered
[    1.577957] tun: Universal TUN/TAP device driver, 1.6
[    1.706169] sd 0:0:1:0: Attached scsi generic sg0 type 0
[    1.706356] sd 0:0:1:0: [sda] 4194304000 512-byte logical blocks: (2.15 TB/1.95 TiB)
[    1.756046] sd 0:0:1:0: [sda] 4096-byte physical blocks
[    1.777217] sd 0:0:1:0: [sda] Write Protect is off
[    1.797867] sd 0:0:1:0: [sda] Write cache: enabled, read cache: enabled, doesn't support DPO or FUA
[    1.817343] PPP generic driver version 2.4.2
[    1.819123] i8042: PNP: PS/2 Controller [PNP0303:KBD,PNP0f13:MOU] at 0x60,0x64 irq 1,12
[    1.822308] i8042: Warning: Keylock active
[    1.826277] serio: i8042 KBD port at 0x60,0x64 irq 1
[    1.827970] serio: i8042 AUX port at 0x60,0x64 irq 12
[    1.830531] mousedev: PS/2 mouse device common for all mice
[    1.832667] rtc_cmos 00:00: RTC can wake from S4
[    1.835580] rtc_cmos 00:00: registered as rtc0
[    1.837268] rtc_cmos 00:00: setting system clock to 2026-05-15T03:20:02 UTC (1778815202)
[    1.840192] rtc_cmos 00:00: alarms up to one day, 114 bytes nvram
[    1.840304] GPT:Primary header thinks Alt. header is not at the end of the disk.
[    1.842399] i2c_dev: i2c /dev entries driver
[    1.844885] GPT:104857599 != 4194303999
[    1.844887] GPT:Alternate GPT header not at the end of the disk.
[    1.844888] GPT:104857599 != 4194303999
[    1.844889] GPT: Use GNU Parted to correct GPT errors.
[    1.844897]  sda: sda1 sda14 sda15 sda16
[    1.846314] device-mapper: core: CONFIG_IMA_DISABLE_HTABLE is disabled. Duplicate IMA measurements will not be recorded in the IMA log.
[    1.847915] sd 0:0:1:0: [sda] Attached SCSI disk
[    1.849702] device-mapper: uevent: version 1.0.3
[    1.862386] device-mapper: ioctl: 4.50.0-ioctl (2025-04-28) initialised: dm-devel@lists.linux.dev
[    1.865285] intel_pstate: CPU model not supported
[    1.866896] drop_monitor: Initializing network drop monitor service
[    1.870281] NET: Registered PF_INET6 protocol family
[    1.872905] Segment Routing with IPv6
[    1.874237] In-situ OAM (IOAM) with IPv6
[    1.875467] NET: Registered PF_PACKET protocol family
[    1.877282] Key type dns_resolver registered
[    1.882921] IPI shorthand broadcast: enabled
[    1.887023] sched_clock: Marking stable (1513012433, 373605761)->(2163205512, -276587318)
[    1.890629] registered taskstats version 1
[    1.894071] Loading compiled-in X.509 certificates
[    1.896333] Loaded X.509 cert 'Build time autogenerated kernel key: e45cb4cd1c398ae218369364b5dd9534d3664c1e'
[    1.899909] Loaded X.509 cert 'Canonical Ltd. Live Patch Signing 2025 Kmod: d541cef61dc7e793b7eb7e899970a2eef0b5dc8c'
[    1.904063] Loaded X.509 cert 'Canonical Ltd. Live Patch Signing: 14df34d1a87cf37625abec039ef2bf521249b969'
[    1.907294] Loaded X.509 cert 'Canonical Ltd. Kernel Module Signing: 88f752e560a1e0737e31163a466ad7b70a850c19'
[    1.910676] blacklist: Loading compiled-in revocation X.509 certificates
[    1.912976] Loaded X.509 cert 'Canonical Ltd. Secure Boot Signing: 61482aa2830d0ab2ad5af10b7250da9033ddcef0'
[    1.916310] Loaded X.509 cert 'Canonical Ltd. Secure Boot Signing (2017): 242ade75ac4a15e50d50c84b0d45ff3eae707a03'
[    1.919764] Loaded X.509 cert 'Canonical Ltd. Secure Boot Signing (ESM 2018): 365188c1d374d6b07c3c8f240f8ef722433d6a8b'
[    1.922844] Loaded X.509 cert 'Canonical Ltd. Secure Boot Signing (2019): c0746fd6c5da3ae827864651ad66ae47fe24b3e8'
[    1.926225] Loaded X.509 cert 'Canonical Ltd. Secure Boot Signing (2021 v1): a8d54bbb3825cfb94fa13c9f8a594a195c107b8d'
[    1.929479] Loaded X.509 cert 'Canonical Ltd. Secure Boot Signing (2021 v2): 4cf046892d6fd3c9a5b03f98d845f90851dc6a8c'
[    1.933064] Loaded X.509 cert 'Canonical Ltd. Secure Boot Signing (2021 v3): 100437bb6de6e469b581e61cd66bce3ef4ed53af'
[    1.936782] Loaded X.509 cert 'Canonical Ltd. Secure Boot Signing (Ubuntu Core 2019): c1d57b8f6b743f23ee41f4f7ee292f06eecadfb9'
[    1.946438] Demotion targets for Node 0: null
[    1.948319] Key type .fscrypt registered
[    1.949754] Key type fscrypt-provisioning registered
[    1.951506] Key type big_key registered
[    1.952831] Key type trusted registered
[    1.955702] Key type encrypted registered
[    1.957357] AppArmor: AppArmor sha256 policy hashing enabled
[    1.959930] integrity: Loading X.509 certificate: UEFI:db
[    1.961932] integrity: Loaded X.509 cert 'Microsoft Corporation UEFI CA 2011: 13adbf4309bd82709c8cd54f316ed522988a1bd4'
[    1.965623] integrity: Loading X.509 certificate: UEFI:db
[    1.967618] integrity: Loaded X.509 cert 'Microsoft Windows Production PCA 2011: a92902398e16c49778cd90f99e4f9ae17c55af53'
[    1.971507] integrity: Loading X.509 certificate: UEFI:db
[    1.973332] integrity: Loaded X.509 cert 'Microsoft Corporation: Windows UEFI CA 2023: aefc5fbbbe055d8f8daa585473499417ab5a5272'
[    1.977446] integrity: Loading X.509 certificate: UEFI:db
[    1.979184] integrity: Loaded X.509 cert 'Microsoft UEFI CA 2023: 81aa6b3244c935bce0d6628af39827421e32497d'
[    1.983107] integrity: Revoking X.509 certificate: UEFI:dbx
[    1.985204] blacklist: Revoked X.509 cert 'Canonical Ltd. Secure Boot Signing: 61482aa2830d0ab2ad5af10b7250da9033ddcef0'
[    1.989048] integrity: Revoking X.509 certificate: UEFI:dbx
[    1.991181] blacklist: Revoked X.509 cert 'Cisco: Virtual UEFI SubCA: 13df2e3f54ebf347dcaecebf21d3cbb2355a4c9a'
[    1.994512] integrity: Revoking X.509 certificate: UEFI:dbx
[    1.996535] blacklist: Revoked X.509 cert 'Debian Secure Boot Signer: 00a7468def'
[    1.999726] Loading compiled-in module X.509 certificates
[    2.002246] Loaded X.509 cert 'Build time autogenerated kernel key: e45cb4cd1c398ae218369364b5dd9534d3664c1e'
[    2.005381] ima: Allocated hash algorithm: sha256
[    2.039176] ima: No architecture policies found
[    2.040911] evm: Initialising EVM extended attributes:
[    2.043058] evm: security.selinux
[    2.044317] evm: security.SMACK64
[    2.045237] evm: security.SMACK64EXEC
[    2.046718] evm: security.SMACK64TRANSMUTE
[    2.048052] evm: security.SMACK64MMAP
[    2.049105] evm: security.apparmor
[    2.050162] evm: security.ima
[    2.051137] evm: security.capability
[    2.052360] evm: HMAC attrs: 0x1
[    2.054237] input: AT Translated Set 2 keyboard as /devices/platform/i8042/serio0/input/input2
[    2.054379] PM:   Magic number: 10:706:310
[    2.058662] tty tty39: hash matches
[    2.062765] RAS: Correctable Errors collector initialized.
[    2.078040] clk: Disabling unused clocks
[    2.079568] PM: genpd: Disabling unused power domains
[    2.082353] check access for rdinit=/init failed: -2, ignoring
[    2.083333] md: Waiting for all devices to be available before autodetect
[    2.084329] md: If you don't use raid, use raid=noautodetect
[    2.085213] md: Autodetecting RAID arrays.
[    2.085842] md: autorun ...
[    2.086278] md: ... autorun DONE.
[    2.097969] EXT4-fs (sda1): mounted filesystem 89fcf612-67c3-434b-97ea-2cfdbfe01b5b ro with ordered data mode. Quota mode: none.
[    2.099953] VFS: Mounted root (ext4 filesystem) readonly on device 8:1.
[    2.103707] devtmpfs: mounted
[    2.106382] Freeing unused decrypted memory: 2028K
[    2.108981] Freeing unused kernel image (initmem) memory: 5404K
[    2.110415] Write protecting the kernel read-only data: 38912k
[    2.112180] Freeing unused kernel image (text/rodata gap) memory: 320K
[    2.114027] Freeing unused kernel image (rodata/data gap) memory: 776K
[    2.176538] x86/mm: Checked W+X mappings: passed, no W+X pages found.
[    2.177617] x86/mm: Checking user space page tables
[    2.237895] x86/mm: Checked W+X mappings: passed, no W+X pages found.
[    2.238920] Run /sbin/init as init process
[    2.493420] systemd[1]: Inserted module 'autofs4'
[    2.644327] systemd[1]: systemd 255.4-1ubuntu8.15 running in system mode (+PAM +AUDIT +SELINUX +APPARMOR +IMA +SMACK +SECCOMP +GCRYPT -GNUTLS +OPENSSL +ACL +BLKID +CURL +ELFUTILS +FIDO2 +IDN2 -IDN +IPTC +KMOD +LIBCRYPTSETUP +LIBFDISK +PCRE2 -PWQUALITY +P11KIT +QRENCODE +TPM2 +BZIP2 +LZ4 +XZ +ZLIB +ZSTD -BPF_FRAMEWORK -XKBCOMMON +UTMP +SYSVINIT default-hierarchy=unified)
[    2.649294] systemd[1]: Detected virtualization google.
[    2.650164] systemd[1]: Detected architecture x86-64.

Welcome to [1mUbuntu 24.04.4 LTS[0m!

[    2.657723] systemd[1]: No hostname configured, using default hostname.
[    2.658879] systemd[1]: Hostname set to <localhost>.
[    3.080250] systemd[1]: Queued start job for default target graphical.target.
[    3.106097] systemd[1]: Created slice system-modprobe.slice - Slice /system/modprobe.
[[0;32m  OK  [0m] Created slice [0;1;39msystem-modprobe.slice[0m - Slice /system/modprobe.
[    3.110225] systemd[1]: Created slice system-serial\x2dgetty.slice - Slice /system/serial-getty.
[[0;32m  OK  [0m] Created slice [0;1;39msystem-serial\x2dget…slice[0m - Slice /system/serial-getty.
[    3.115204] systemd[1]: Created slice system-systemd\x2dfsck.slice - Slice /system/systemd-fsck.
[[0;32m  OK  [0m] Created slice [0;1;39msystem-systemd\x2dfs…slice[0m - Slice /system/systemd-fsck.
[    3.120082] systemd[1]: Created slice user.slice - User and Session Slice.
[[0;32m  OK  [0m] Created slice [0;1;39muser.slice[0m - User and Session Slice.
[    3.122843] systemd[1]: Started systemd-ask-password-wall.path - Forward Password Requests to Wall Directory Watch.
[[0;32m  OK  [0m] Started [0;1;39msystemd-ask-password-wall.…[0md Requests to Wall Directory Watch.
[    3.127895] systemd[1]: Set up automount proc-sys-fs-binfmt_misc.automount - Arbitrary Executable File Formats File System Automount Point.
[[0;32m  OK  [0m] Set up automount [0;1;39mproc-sys-fs-binfm…[0mormats File System Automount Point.
[    3.132686] systemd[1]: Expecting device dev-disk-by\x2dlabel-BOOT.device - /dev/disk/by-label/BOOT...
         Expecting device [0;1;39mdev-disk-by\x2dla…device[0m - /dev/disk/by-label/BOOT...
[    3.135862] systemd[1]: Expecting device dev-disk-by\x2dlabel-UEFI.device - /dev/disk/by-label/UEFI...
         Expecting device [0;1;39mdev-disk-by\x2dla…device[0m - /dev/disk/by-label/UEFI...
[    3.140668] systemd[1]: Expecting device dev-ttyS0.device - /dev/ttyS0...
         Expecting device [0;1;39mdev-ttyS0.device[0m - /dev/ttyS0...
[    3.144674] systemd[1]: Reached target integritysetup.target - Local Integrity Protected Volumes.
[[0;32m  OK  [0m] Reached target [0;1;39mintegritysetup.targ…[0m Local Integrity Protected Volumes.
[    3.149693] systemd[1]: Reached target slices.target - Slice Units.
[[0;32m  OK  [0m] Reached target [0;1;39mslices.target[0m - Slice Units.
[    3.153676] systemd[1]: Reached target snapd.mounts-pre.target - Mounting snaps.
[[0;32m  OK  [0m] Reached target [0;1;39msnapd.mounts-pre.target[0m - Mounting snaps.
[    3.157677] systemd[1]: Reached target swap.target - Swaps.
[[0;32m  OK  [0m] Reached target [0;1;39mswap.target[0m - Swaps.
[    3.161671] systemd[1]: Reached target time-set.target - System Time Set.
[[0;32m  OK  [0m] Reached target [0;1;39mtime-set.target[0m - System Time Set.
[    3.165707] systemd[1]: Reached target veritysetup.target - Local Verity Protected Volumes.
[[0;32m  OK  [0m] Reached target [0;1;39mveritysetup.target[0m - Local Verity Protected Volumes.
[    3.170759] systemd[1]: Listening on dm-event.socket - Device-mapper event daemon FIFOs.
[[0;32m  OK  [0m] Listening on [0;1;39mdm-event.socket[0m - Device-mapper event daemon FIFOs.
[    3.175840] systemd[1]: Listening on lvm2-lvmpolld.socket - LVM2 poll daemon socket.
[[0;32m  OK  [0m] Listening on [0;1;39mlvm2-lvmpolld.socket[0m - LVM2 poll daemon socket.
[    3.180809] systemd[1]: Listening on multipathd.socket - multipathd control socket.
[[0;32m  OK  [0m] Listening on [0;1;39mmultipathd.socket[0m - multipathd control socket.
[    3.185818] systemd[1]: Listening on syslog.socket - Syslog Socket.
[[0;32m  OK  [0m] Listening on [0;1;39msyslog.socket[0m - Syslog Socket.
[    3.189785] systemd[1]: Listening on systemd-fsckd.socket - fsck to fsckd communication Socket.
[[0;32m  OK  [0m] Listening on [0;1;39msystemd-fsckd.socket[0m …fsck to fsckd communication Socket.
[    3.194741] systemd[1]: Listening on systemd-initctl.socket - initctl Compatibility Named Pipe.
[[0;32m  OK  [0m] Listening on [0;1;39msystemd-initctl.socke…[0m- initctl Compatibility Named Pipe.
[    3.199808] systemd[1]: Listening on systemd-journald-dev-log.socket - Journal Socket (/dev/log).
[[0;32m  OK  [0m] Listening on [0;1;39msystemd-journald-dev-…socket[0m - Journal Socket (/dev/log).
[    3.204835] systemd[1]: Listening on systemd-journald.socket - Journal Socket.
[[0;32m  OK  [0m] Listening on [0;1;39msystemd-journald.socket[0m - Journal Socket.
[    3.209889] systemd[1]: Listening on systemd-networkd.socket - Network Service Netlink Socket.
[[0;32m  OK  [0m] Listening on [0;1;39msystemd-networkd.socket[0m - Network Service Netlink Socket.
[    3.214721] systemd[1]: systemd-pcrextend.socket - TPM2 PCR Extension (Varlink) was skipped because of an unmet condition check (ConditionSecurity=measured-uki).
[    3.217448] systemd[1]: Listening on systemd-udevd-control.socket - udev Control Socket.
[[0;32m  OK  [0m] Listening on [0;1;39msystemd-udevd-control.socket[0m - udev Control Socket.
[    3.221788] systemd[1]: Listening on systemd-udevd-kernel.socket - udev Kernel Socket.
[[0;32m  OK  [0m] Listening on [0;1;39msystemd-udevd-kernel.socket[0m - udev Kernel Socket.
[    3.245715] systemd[1]: Mounting dev-hugepages.mount - Huge Pages File System...
         Mounting [0;1;39mdev-hugepages.mount[0m - Huge Pages File System...
[    3.250804] systemd[1]: Mounting dev-mqueue.mount - POSIX Message Queue File System...
         Mounting [0;1;39mdev-mqueue.mount[0m - POSIX Message Queue File System...
[    3.256692] systemd[1]: Mounting sys-kernel-debug.mount - Kernel Debug File System...
         Mounting [0;1;39msys-kernel-debug.mount[0m - Kernel Debug File System...
[    3.262851] systemd[1]: Mounting sys-kernel-tracing.mount - Kernel Trace File System...
         Mounting [0;1;39msys-kernel-tracing.mount[0m - Kernel Trace File System...
[    3.271712] systemd[1]: Starting systemd-journald.service - Journal Service...
         Starting [0;1;39msystemd-journald.service[0m - Journal Service...
[    3.277940] systemd[1]: Starting keyboard-setup.service - Set the console keyboard layout...
         Starting [0;1;39mkeyboard-setup.service[0m - Set the console keyboard layout...
[    3.283939] systemd[1]: Starting kmod-static-nodes.service - Create List of Static Device Nodes...
         Starting [0;1;39mkmod-static-nodes.service[0m…eate List of Static Device Nodes...
[    3.289834] systemd[1]: Starting lvm2-monitor.service - Monitoring of LVM2 mirrors, snapshots etc. using dmeventd or progress polling...
         Starting [0;1;39mlvm2-monitor.service[0m - Mo…ing dmeventd or progress polling...
[    3.294470] systemd-journald[287]: Collecting audit messages is disabled.
[    3.296722] systemd[1]: Starting modprobe@configfs.service - Load Kernel Module configfs...
         Starting [0;1;39mmodprobe@configfs.service[0m - Load Kernel Module configfs...
[    3.302826] systemd[1]: Starting modprobe@dm_mod.service - Load Kernel Module dm_mod...
         Starting [0;1;39mmodprobe@dm_mod.service[0m - Load Kernel Module dm_mod...
[    3.308787] systemd[1]: Starting modprobe@drm.service - Load Kernel Module drm...
         Starting [0;1;39mmodprobe@drm.service[0m - Load Kernel Module drm...
[    3.313736] systemd[1]: Starting modprobe@efi_pstore.service - Load Kernel Module efi_pstore...
         Starting [0;1;39mmodprobe@efi_pstore.servi…[0m - Load Kernel Module efi_pstore...
[    3.319808] systemd[1]: Starting modprobe@fuse.service - Load Kernel Module fuse...
         Starting [0;1;39mmodprobe@fuse.service[0m - Load Kernel Module fuse...
[    3.324785] systemd[1]: Starting modprobe@loop.service - Load Kernel Module loop...
         Starting [0;1;39mmodprobe@loop.service[0m - Load Kernel Module loop...
[    3.328224] pstore: Using crash dump compression: deflate
[    3.330332] systemd[1]: Starting modprobe@nvme_fabrics.service - Load Kernel Module nvme_fabrics...
         Starting [0;1;39mmodprobe@nvme_fabrics.ser…[0m Load Kernel Module nvme_fabrics...
[    3.333974] systemd[1]: netplan-ovs-cleanup.service - OpenVSwitch configuration for cleanup was skipped because of an unmet condition check (ConditionFileIsExecutable=/usr/bin/ovs-vsctl).
[    3.334814] pstore: Registered efi_pstore as persistent store backend
[    3.338096] systemd[1]: Starting systemd-fsck-root.service - File System Check on Root Device...
         Starting [0;1;39msystemd-fsck-root.service[0m…File System Check on Root Device...
[    3.344166] systemd[1]: Starting systemd-modules-load.service - Load Kernel Modules...
         Starting [0;1;39msystemd-modules-load.service[0m - Load Kernel Modules...
[    3.348694] systemd[1]: systemd-pcrmachine.service - TPM2 PCR Machine ID Measurement was skipped because of an unmet condition check (ConditionSecurity=measured-uki).
[    3.351107] systemd[1]: systemd-tpm2-setup-early.service - TPM2 SRK Setup (Early) was skipped because of an unmet condition check (ConditionSecurity=measured-uki).
[    3.354510] systemd[1]: Starting systemd-udev-trigger.service - Coldplug All udev Devices...
         Starting [0;1;39msystemd-udev-trigger.service[0m - Coldplug All udev Devices...
[    3.357487] systemd[1]: Started systemd-journald.service - Journal Service.
[[0;32m  OK  [0m] Started [0;1;39msystemd-journald.service[0m - Journal Service.
[[0;32m  OK  [0m] Mounted [0;1;39mdev-hugepages.mount[0m - Huge Pages File System.
[[0;32m  OK  [0m] Mounted [0;1;39mdev-mqueue.mount[0m - POSIX Message Queue File System.
[[0;32m  OK  [0m] Mounted [0;1;39msys-kernel-debug.mount[0m - Kernel Debug File System.
[[0;32m  OK  [0m] Mounted [0;1;39msys-kernel-tracing.mount[0m - Kernel Trace File System.
[[0;32m  OK  [0m] Finished [0;1;39mkmod-static-nodes.service[0m…Create List of Static Device Nodes.
[[0;32m  OK  [0m] Finished [0;1;39mmodprobe@configfs.service[0m - Load Kernel Module configfs.
[[0;32m  OK  [0m] Finished [0;1;39mmodprobe@dm_mod.service[0m - Load Kernel Module dm_mod.
[[0;32m  OK  [0m] Finished [0;1;39mmodprobe@drm.service[0m - Load Kernel Module drm.
[[0;32m  OK  [0m] Finished [0;1;39mmodprobe@efi_pstore.service[0m - Load Kernel Module efi_pstore.
[[0;32m  OK  [0m] Finished [0;1;39mmodprobe@fuse.service[0m - Load Kernel Module fuse.
[[0;32m  OK  [0m] Finished [0;1;39mmodprobe@loop.service[0m - Load Kernel Module loop.
[[0;32m  OK  [0m] Finished [0;1;39mmodprobe@nvme_fabrics.ser…[0m - Load Kernel Module nvme_fabrics.
[[0;32m  OK  [0m] Finished [0;1;39msystemd-modules-load.service[0m - Load Kernel Modules.
         Mounting [0;1;39msys-fs-fuse-connections.mount[0m - FUSE Control File System...
         Mounting [0;1;39msys-kernel-config.mount[0m - Kernel Configuration File System...
[[0;32m  OK  [0m] Started [0;1;39msystemd-fsckd.service[0m - Fi…stem Check Daemon to report status.
         Starting [0;1;39msystemd-sysctl.service[0m - Apply Kernel Variables...
         Starting [0;1;39msystemd-tmpfiles-setup-de…[0m Device Nodes in /dev gracefully...
[[0;32m  OK  [0m] Finished [0;1;39mkeyboard-setup.service[0m - Set the console keyboard layout.
[[0;32m  OK  [0m] Finished [0;1;39msystemd-fsck-root.service[0m - File System Check on Root Device.
[[0;32m  OK  [0m] Finished [0;1;39mlvm2-monitor.service[0m - Mo…using dmeventd or progress polling.
[[0;32m  OK  [0m] Mounted [0;1;39msys-fs-fuse-connections.mount[0m - FUSE Control File System.
[[0;32m  OK  [0m] Mounted [0;1;39msys-kernel-config.mount[0m - Kernel Configuration File System.
[[0;32m  OK  [0m] Finished [0;1;39msystemd-sysctl.service[0m - Apply Kernel Variables.
[[0;32m  OK  [0m] Finished [0;1;39msystemd-tmpfiles-setup-de…[0mic Device Nodes in /dev gracefully.
         Starting [0;1;39msystemd-remount-fs.servic…[0munt Root and Kernel File Systems...
[[0;32m  OK  [0m] Finished [0;1;39msystemd-udev-trigger.service[0m - Coldplug All udev Devices.
[[0;32m  OK  [0m] Finished [0;1;39msystemd-remount-fs.servic…[0mmount Root and Kernel File Systems.
         Starting [0;1;39mmultipathd.service[0m - Devi…pper Multipath Device Controller...
         Starting [0;1;39msystemd-journal-flush.ser…[0msh Journal to Persistent Storage...
         Starting [0;1;39msystemd-random-seed.service[0m - Load/Save OS Random Seed...
         Starting [0;1;39msystemd-tmpfiles-setup-de…[0meate Static Device Nodes in /dev...
[[0;32m  OK  [0m] Finished [0;1;39msystemd-random-seed.service[0m - Load/Save OS Random Seed.
[[0;32m  OK  [0m] Finished [0;1;39msystemd-tmpfiles-setup-de…[0mCreate Static Device Nodes in /dev.
         Starting [0;1;39msystemd-udevd.service[0m - R…ager for Device Events and Files...
[[0;32m  OK  [0m] Started [0;1;39mmultipathd.service[0m - Devic…Mapper Multipath Device Controller.
[[0;32m  OK  [0m] Started [0;1;39msystemd-udevd.service[0m - Ru…anager for Device Events and Files.
[[0;32m  OK  [0m] Reached target [0;1;39mlocal-fs-pre.target[0m…Preparation for Local File Systems.
         Mounting [0;1;39msnap-core22-2411.mount[0m - …t unit for core22, revision 2411...
         Mounting [0;1;39msnap-google\x2dcloud\x2dc…[0mr google-cloud-cli, revision 448...
         Mounting [0;1;39msnap-snapd-26865.mount[0m - …t unit for snapd, revision 26865...
[[0;32m  OK  [0m] Started [0;1;39msystemd-ask-password-conso…[0mequests to Console Directory Watch.
[[0;32m  OK  [0m] Reached target [0;1;39mcryptsetup.target[0m - Local Encrypted Volumes.
[[0;32m  OK  [0m] Finished [0;1;39msystemd-journal-flush.ser…[0mlush Journal to Persistent Storage.
[[0;32m  OK  [0m] Mounted [0;1;39msnap-core22-2411.mount[0m - Mount unit for core22, revision 2411.
[[0;32m  OK  [0m] Mounted [0;1;39msnap-google\x2dcloud\x2dcl…[0mfor google-cloud-cli, revision 448.
[[0;32m  OK  [0m] Mounted [0;1;39msnap-snapd-26865.mount[0m - Mount unit for snapd, revision 26865.
[[0;32m  OK  [0m] Found device [0;1;39mdev-ttyS0.device[0m - /dev/ttyS0.
[[0;32m  OK  [0m] Found device [0;1;39mdev-disk-by\x2dlabel-BOOT.device[0m - PersistentDisk BOOT.
[[0;32m  OK  [0m] Found device [0;1;39mdev-disk-by\x2dlabel-UEFI.device[0m - PersistentDisk UEFI.
[[0;32m  OK  [0m] Reached target [0;1;39msnapd.mounts.target[0m - Mounted snaps.
[[0;32m  OK  [0m] Listening on [0;1;39msystemd-rfkill.socket[0m…ll Switch Status /dev/rfkill Watch.
[    4.055458] 
         Starting [0;1;39msystemd-fsck@dev-disk-by\…[0mCheck on /dev/disk/by-label/BOOT...
         Starting [0;1;39msystemd-fsck@dev-disk-by\…[0mCheck on /dev/disk/by-label/UEFI...
Checking in progress on 1 disk (0.0% complete)[[0;32m  OK  [0m] Finished [0;1;39msystemd-fsck@dev-disk-by\…[0mm Check on /dev/disk/by-label/BOOT.
Checking in progress on 0 disks (100.0% complete)[[0;32m  OK  [0m] Finished [0;1;39msystemd-fsck@dev-disk-by\…[0mm Check on /dev/disk/by-label/UEFI.
         Mounting [0;1;39mboot.mount[0m - /boot...
[[0;32m  OK  [0m] Mounted [0;1;39mboot.mount[0m - /boot.
         Mounting [0;1;39mboot-efi.mount[0m - /boot/efi...
[[0;32m  OK  [0m] Mounted [0;1;39mboot-efi.mount[0m - /boot/efi.
[[0;32m  OK  [0m] Reached target [0;1;39mlocal-fs.target[0m - Local File Systems.
[[0;32m  OK  [0m] Listening on [0;1;39msystemd-sysext.socket[0m…tension Image Management (Varlink).
         Starting [0;1;39mapparmor.service[0m - Load AppArmor profiles...
         Starting [0;1;39mconsole-setup.service[0m - Set console font and keymap...
         Starting [0;1;39mfinalrd.service[0m - Create …time dir for shutdown pivot root...
         Starting [0;1;39mplymouth-read-write.servi…[0mymouth To Write Out Runtime Data...
         Starting [0;1;39msystemd-binfmt.service[0m - Set Up Additional Binary Formats...
         Starting [0;1;39msystemd-tmpfiles-setup.se…[0me Volatile Files and Directories...
         Starting [0;1;39mufw.service[0m - Uncomplicated firewall...
[[0;32m  OK  [0m] Finished [0;1;39mconsole-setup.service[0m - Set console font and keymap.
[[0;32m  OK  [0m] Finished [0;1;39mfinalrd.service[0m - Create …untime dir for shutdown pivot root.
[[0;32m  OK  [0m] Finished [0;1;39mplymouth-read-write.servi…[0mPlymouth To Write Out Runtime Data.
[[0;32m  OK  [0m] Finished [0;1;39mapparmor.service[0m - Load AppArmor profiles.
[[0;32m  OK  [0m] Finished [0;1;39msystemd-tmpfiles-setup.se…[0mate Volatile Files and Directories.
[[0;32m  OK  [0m] Finished [0;1;39mufw.service[0m - Uncomplicated firewall.
         Mounting [0;1;39mproc-sys-fs-binfmt_misc.m…[0mcutable File Formats File System...
         Starting [0;1;39msnapd.apparmor.service[0m - …iles managed internally by snapd...
         Starting [0;1;39msystemd-resolved.service[0m - Network Name Resolution...
         Starting [0;1;39msystemd-update-utmp.servi…[0mord System Boot/Shutdown in UTMP...
         Starting [0;1;39mcloud-init-local.service[0m …-init: Local Stage (pre-network)...
[[0;32m  OK  [0m] Mounted [0;1;39mproc-sys-fs-binfmt_misc.mo…[0mxecutable File Formats File System.
[[0;32m  OK  [0m] Finished [0;1;39msystemd-binfmt.service[0m - Set Up Additional Binary Formats.
         Starting [0;1;39mmodprobe@dm_mod.service[0m - Load Kernel Module dm_mod...
         Starting [0;1;39mmodprobe@efi_pstore.servi…[0m - Load Kernel Module efi_pstore...
         Starting [0;1;39mmodprobe@loop.service[0m - Load Kernel Module loop...
[[0;32m  OK  [0m] Finished [0;1;39msystemd-update-utmp.servi…[0mecord System Boot/Shutdown in UTMP.
[[0;32m  OK  [0m] Finished [0;1;39mmodprobe@dm_mod.service[0m - Load Kernel Module dm_mod.
[[0;32m  OK  [0m] Finished [0;1;39mmodprobe@efi_pstore.service[0m - Load Kernel Module efi_pstore.
[[0;32m  OK  [0m] Finished [0;1;39mmodprobe@loop.service[0m - Load Kernel Module loop.
[[0;32m  OK  [0m] Started [0;1;39msystemd-resolved.service[0m - Network Name Resolution.
[[0;32m  OK  [0m] Reached target [0;1;39mnss-lookup.target[0m - Host and Network Name Lookups.
[[0;32m  OK  [0m] Finished [0;1;39msnapd.apparmor.service[0m - …ofiles managed internally by snapd.
[    6.210515] cloud-init[721]: Cloud-init v. 25.3-0ubuntu1~24.04.1 running 'init-local' at Fri, 15 May 2026 03:20:07 +0000. Up 6.19 seconds.
         Starting [0;1;39mmodprobe@dm_mod.service[0m - Load Kernel Module dm_mod...
         Starting [0;1;39mmodprobe@efi_pstore.servi…[0m - Load Kernel Module efi_pstore...
         Starting [0;1;39mmodprobe@loop.service[0m - Load Kernel Module loop...
[[0;32m  OK  [0m] Finished [0;1;39mmodprobe@dm_mod.service[0m - Load Kernel Module dm_mod.
[[0;32m  OK  [0m] Finished [0;1;39mmodprobe@efi_pstore.service[0m - Load Kernel Module efi_pstore.
[[0;32m  OK  [0m] Finished [0;1;39mmodprobe@loop.service[0m - Load Kernel Module loop.
         Starting [0;1;39mmodprobe@dm_mod.service[0m - Load Kernel Module dm_mod...
         Starting [0;1;39mmodprobe@efi_pstore.servi…[0m - Load Kernel Module efi_pstore...
         Starting [0;1;39mmodprobe@loop.service[0m - Load Kernel Module loop...
[[0;32m  OK  [0m] Finished [0;1;39mmodprobe@dm_mod.service[0m - Load Kernel Module dm_mod.
[[0;32m  OK  [0m] Finished [0;1;39mmodprobe@efi_pstore.service[0m - Load Kernel Module efi_pstore.
[[0;32m  OK  [0m] Finished [0;1;39mmodprobe@loop.service[0m - Load Kernel Module loop.
[[0;32m  OK  [0m] Finished [0;1;39mcloud-init-local.service[0m …ud-init: Local Stage (pre-network).
[[0;32m  OK  [0m] Reached target [0;1;39mnetwork-pre.target[0m - Preparation for Network.
         Starting [0;1;39msystemd-networkd.service[0m - Network Configuration...
[[0;32m  OK  [0m] Started [0;1;39msystemd-networkd.service[0m - Network Configuration.
[[0;32m  OK  [0m] Reached target [0;1;39mnetwork.target[0m - Network.
         Starting [0;1;39msystemd-networkd-wait-onl…[0mait for Network to be Configured...
[[0;32m  OK  [0m] Finished [0;1;39msystemd-networkd-wait-onl…[0m Wait for Network to be Configured.
         Starting [0;1;39mcloud-init.service[0m - Cloud-init: Network Stage...
[   10.644842] cloud-init[819]: Cloud-init v. 25.3-0ubuntu1~24.04.1 running 'init' at Fri, 15 May 2026 03:20:11 +0000. Up 10.62 seconds.
[   10.658177] cloud-init[819]: ci-info: +++++++++++++++++++++++++++++++++++++++Net device info+++++++++++++++++++++++++++++++++++++++
[   10.672278] cloud-init[819]: ci-info: +--------+------+----------------------------+-----------------+--------+-------------------+
[   10.686269] cloud-init[819]: ci-info: | Device |  Up  |          Address           |       Mask      | Scope  |     Hw-Address    |
[   10.700272] cloud-init[819]: ci-info: +--------+------+----------------------------+-----------------+--------+-------------------+
[   10.714199] cloud-init[819]: ci-info: |  ens5  | True |       10.128.15.202        | 255.255.255.255 | global | 42:01:0a:80:0f:ca |
[   10.728217] cloud-init[819]: ci-info: |  ens5  | True | fe80::4001:aff:fe80:fca/64 |        .        |  link  | 42:01:0a:80:0f:ca |
[   10.742163] cloud-init[819]: ci-info: |   lo   | True |         127.0.0.1          |    255.0.0.0    |  host  |         .         |
[   10.756246] cloud-init[819]: ci-info: |   lo   | True |          ::1/128           |        .        |  host  |         .         |
[   10.769135] cloud-init[819]: ci-info: +--------+------+----------------------------+-----------------+--------+-------------------+
[   10.782124] cloud-init[819]: ci-info: +++++++++++++++++++++++++++++++Route IPv4 info++++++++++++++++++++++++++++++++
[   10.794167] cloud-init[819]: ci-info: +-------+-----------------+------------+-----------------+-----------+-------+
[   10.806172] cloud-init[819]: ci-info: | Route |   Destination   |  Gateway   |     Genmask     | Interface | Flags |
[   10.818147] cloud-init[819]: ci-info: +-------+-----------------+------------+-----------------+-----------+-------+
[   10.831168] cloud-init[819]: ci-info: |   0   |     0.0.0.0     | 10.128.0.1 |     0.0.0.0     |    ens5   |   UG  |
[   10.844181] cloud-init[819]: ci-info: |   1   |    10.128.0.1   |  0.0.0.0   | 255.255.255.255 |    ens5   |   UH  |
[   10.857224] cloud-init[819]: ci-info: |   2   | 169.254.169.254 | 10.128.0.1 | 255.255.255.255 |    ens5   |  UGH  |
[   10.869130] cloud-init[819]: ci-info: +-------+-----------------+------------+-----------------+-----------+-------+
[   10.881231] cloud-init[819]: ci-info: +++++++++++++++++++Route IPv6 info+++++++++++++++++++
[   10.891258] cloud-init[819]: ci-info: +-------+-------------+---------+-----------+-------+
[   10.901203] cloud-init[819]: ci-info: | Route | Destination | Gateway | Interface | Flags |
[   10.910120] cloud-init[819]: ci-info: +-------+-------------+---------+-----------+-------+
[   10.920115] cloud-init[819]: ci-info: |   0   |  fe80::/64  |    ::   |    ens5   |   U   |
[   10.931095] cloud-init[819]: ci-info: |   2   |    local    |    ::   |    ens5   |   U   |
[   10.940153] cloud-init[819]: ci-info: |   3   |  multicast  |    ::   |    ens5   |   U   |
[   10.949118] cloud-init[819]: ci-info: +-------+-------------+---------+-----------+-------+
[   16.602894] cloud-init[819]: Generating public/private rsa key pair.
[   16.611132] cloud-init[819]: Your identification has been saved in /etc/ssh/ssh_host_rsa_key
[   16.622248] cloud-init[819]: Your public key has been saved in /etc/ssh/ssh_host_rsa_key.pub
[   16.633122] cloud-init[819]: The key fingerprint is:
[   16.639120] cloud-init[819]: SHA256:+Gb0WoYMnPfwfPbKcHCvgomgMSA9Mzx7YZIW6Z36e8s root@loadgen-5896
[   16.650236] cloud-init[819]: The key's randomart image is:
[[0;32m  OK  [0m] Finished [0;1;39mcloud-init.service[0m - Cloud-init: Network Stage.
[   16.657141] cloud-init[819]: +---[RSA 3072]----+
[[0;32m  OK  [0m] Reached target [0;1;39mcloud-config.target[0m - Cloud-config availability.
[   16.672122] cloud-init[819]: |   .             |
[[0;32m  OK  [0m] Reached target [0;1;39mnetwork-online.target[0m - Network is Online.
[   16.687120] cloud-init[819]: |  o              |
[[0;32m  OK  [0m] Reached target [0;1;39msysinit.target[0m - System Initialization.
[   16.702109] cloud-init[819]: | + + .           |
[[0;32m  OK  [0m] Started [0;1;39mnvidia-cdi-refresh.path[0m - …r toolkit install / upgrade events.
[[0;32m  OK  [0m] Started [0;1;39mgce-workload-cert-refresh.…[0mWorkload Certificate refresh timer.
[   16.716225] cloud-init[819]: |o % =. o         |
[[0;32m  OK  [0m] Started [0;1;39mgoogle-oslogin-cache.timer[0m - NSS cache refresh timer.
[   16.744122] cloud-init[819]: |.o X .= S . .    |
[[0;32m  OK  [0m] Started [0;1;39msystemd-tmpfiles-clean.tim…[0my Cleanup of Temporary Directories.
[   16.759131] cloud-init[819]: |  = o  * B o .   |
[[0;32m  OK  [0m] Started [0;1;39mupdate-notifier-download.t…[0mhat failed at package install time.
[   16.776129] cloud-init[819]: |   * . .*oO + .  |
[[0;32m  OK  [0m] Reached target [0;1;39mpaths.target[0m - Path Units.
[   16.793133] cloud-init[819]: |  . ..ooo+.* o   |
[   16.807131] cloud-init[819]: |    .oE..  .+..  |
[[0;32m  OK  [0m] Listening on [0;1;39mcloud-init-hotplugd.s…t[0m - cloud-init hotplug hook socket.
[   16.807229] cloud-init[819]: +----[SHA256]-----+
[   16.830223] cloud-init[819]: Generating public/private ecdsa key pair.
[[0;32m  OK  [0m] Listening on [0;1;39mdbus.socket[0m - D-Bus System Message Bus Socket.
[   16.838118] cloud-init[819]: Your identification has been saved in /etc/ssh/ssh_host_ecdsa_key
[   16.858139] cloud-init[819]: Your public key has been saved in /etc/ssh/ssh_host_ecdsa_key.pub
         Starting [0;1;39mdocker.socket[0m - Docker Socket for the API...
[   16.858235] cloud-init[819]: The key fingerprint is:
[   16.881100] cloud-init[819]: SHA256:1vhaCBBLPxD+0YeIngwyEVaoKJqzk2McZoc/P2nYkow root@loadgen-5896
[[0;32m  OK  [0m] Listening on [0;1;39miscsid.socket[0m - Open-iSCSI iscsid Socket.
[   16.881184] cloud-init[819]: The key's randomart image is:
         Starting [0;1;39mlxd-installer.socket[0m - He…er to install lxd snap on demand...
[   16.905212] cloud-init[819]: +---[ECDSA 256]---+
         Starting [0;1;39msnapd.socket[0m - Socket activation for snappy daemon...
[   16.921239] cloud-init[819]: |ooo.=.           |
[[0;32m  OK  [0m] Listening on [0;1;39mssh.socket[0m - OpenBSD Secure Shell server socket.
[   16.936212] cloud-init[819]: |.o o * o .       |
[[0;32m  OK  [0m] Listening on [0;1;39muuidd.socket[0m - UUID daemon activation socket.
[   16.951138] cloud-init[819]: |= . = = o .      |
[[0;32m  OK  [0m] Finished [0;1;39mblk-availability.service[0m - Availability of block devices.
[   16.966119] cloud-init[819]: |+o + + o +       |
[[0;32m  OK  [0m] Listening on [0;1;39mdocker.socket[0m - Docker Socket for the API.
[[0;32m  OK  [0m] Listening on [0;1;39mlxd-installer.socket[0m …lper to install lxd snap on demand.
[   16.981281] cloud-init[819]: |o.. + o S .      |
[[0;32m  OK  [0m] Listening on [0;1;39msnapd.socket[0m - Socket activation for snappy daemon.
[   17.004843] cloud-init[819]: |+= .   o o       |
[[0;32m  OK  [0m] Reached target [0;1;39msockets.target[0m - Socket Units.
[[0;32m  OK  [0m] Reached target [0;1;39mbasic.target[0m - Basic System.
[   17.021220] cloud-init[819]: |++* + . . o      |
[   17.044127] cloud-init[819]: |=E B =   o       |
[   17.050218] cloud-init[819]: |.o  =.. .        |
         Starting [0;1;39mchrony.service[0m - chrony, an NTP client/server...
[   17.057212] cloud-init[819]: +----[SHA256]-----+
[   17.072203] cloud-init[819]: Generating public/private ed25519 key pair.
[   17.072284] cloud-init[819]: Your identification has been saved in /etc/ssh/ssh_host_ed25519_key
         Starting [0;1;39mcloud-config.service[0m - Cloud-init: Config Stage...
[   17.091212] cloud-init[819]: Your public key has been saved in /etc/ssh/ssh_host_ed25519_key.pub
[   17.091273] cloud-init[819]: The key fingerprint is:
[   17.091307] cloud-init[819]: SHA256:du83I6faorEHlLyhRW2VbbuQ0XlG1PjbbimOKnkfQpA root@loadgen-5896
[   17.091342] cloud-init[819]: The key's randomart image is:
[   17.091373] cloud-init[819]: +--[ED25519 256]--+
[   17.137208] cloud-init[819]: |         . ..+ =+|
         Starting [0;1;39mdbus.service[0m - D-Bus System Message Bus...
[   17.144115] cloud-init[819]: |        o o o * +|
[   17.144192] cloud-init[819]: |       E o   + = |
[[0;32m  OK  [0m] Started [0;1;39mdmesg.service[0m - Save initial kernel messages after boot.
[   17.158217] cloud-init[819]: |        B   o . .|
         Starting [0;1;39me2scrub_reap.service[0m - Re…ne ext4 Metadata Check Snapshots...
[   17.177176] cloud-init[819]: |       +S+.  . .o|
[   17.192158] cloud-init[819]: |      ..+. .  ...|
         Starting [0;1;39mgce-workload-cert-refresh…[0mGCE Workload Certificate refresh...
[   17.192263] cloud-init[819]: |        oo ..  ..|
[   17.192306] cloud-init[819]: |       o ++o+.=.o|
[[0;32m  OK  [0m] Started [0;1;39mgoogle-osconfig-agent.service[0m - Google OSConfig Agent.
[   17.212306] cloud-init[819]: |        =++==*.+ |
         Starting [0;1;39mgoogle-oslogin-cache.service[0m - NSS cache refresh...
[   17.226343] cloud-init[819]: +----[SHA256]-----+
         Starting [0;1;39mgrub-common.service[0m - Record successful boot for GRUB...
         Starting [0;1;39mnetworkd-dispatcher.servi…[0mcher daemon for systemd-networkd...
         Starting [0;1;39mnvidia-persistenced.service[0m - NVIDIA Persistence Daemon...
         Starting [0;1;39mnvmf-autoconnect.service[0m …ystems automatically during boot...
         Starting [0;1;39mrsyslog.service[0m - System Logging Service...
         Starting [0;1;39msecureboot-db.service[0m - Secure Boot updates for DB and DBX...
[[0;32m  OK  [0m] Reached target [0;1;39mgetty-pre.target[0m - Preparation for Logins.
         Starting [0;1;39msnapd.seeded.service[0m - Wait until snapd is fully seeded...
         Starting [0;1;39msnapd.service[0m - Snap Daemon...
         Starting [0;1;39msysstat.service[0m - Resets System Activity Logs...
         Starting [0;1;39msystemd-logind.service[0m - User Login Management...
[[0;32m  OK  [0m] Started [0;1;39mubuntu-advantage.service[0m - Ubuntu Pro Background Auto Attach.
[[0;32m  OK  [0m] Started [0;1;39mdbus.service[0m - D-Bus System Message Bus.
[[0;32m  OK  [0m] Finished [0;1;39me2scrub_reap.service[0m - Re…line ext4 Metadata Check Snapshots.
[[0;32m  OK  [0m] Finished [0;1;39mgce-workload-cert-refresh…[0m- GCE Workload Certificate refresh.
[[0;32m  OK  [0m] Started [0;1;39msystemd-logind.service[0m - User Login Management.
[[0;32m  OK  [0m] Started [0;1;39mnetworkd-dispatcher.servic…[0matcher daemon for systemd-networkd.
[[0;32m  OK  [0m] Finished [0;1;39mgoogle-oslogin-cache.service[0m - NSS cache refresh.
[[0;32m  OK  [0m] Started [0;1;39mnvidia-persistenced.service[0m - NVIDIA Persistence Daemon.
[[0;32m  OK  [0m] Finished [0;1;39mnvmf-autoconnect.service[0m …bsystems automatically during boot.
[[0;32m  OK  [0m] Finished [0;1;39msysstat.service[0m - Resets System Activity Logs.
[[0;32m  OK  [0m] Finished [0;1;39mgrub-common.service[0m - Record successful boot for GRUB.
[[0;32m  OK  [0m] Reached target [0;1;39mremote-fs-pre.targe…[0mreparation for Remote File Systems.
[[0;32m  OK  [0m] Reached target [0;1;39mremote-fs.target[0m - Remote File Systems.
         Starting [0;1;39mapport.service[0m - automatic crash report generation...
         Starting [0;1;39mcontainerd.service[0m - containerd container runtime...
[[0;32m  OK  [0m] Started [0;1;39mcron.service[0m - Regular background program processing daemon.
         Starting [0;1;39mgrub-initrd-fallback.service[0m - GRUB failed boot detection...
[   17.582262] cloud-init[1040]: Cloud-init v. 25.3-0ubuntu1~24.04.1 running 'modules:config' at Fri, 15 May 2026 03:20:18 +0000. Up 17.53 seconds.
         Starting [0;1;39msystemd-hostnamed.service[0m - Hostname Service...
         Starting [0;1;39msystemd-user-sessions.service[0m - Permit User Sessions...
[[0;32m  OK  [0m] Started [0;1;39mchrony.service[0m - chrony, an NTP client/server.
[[0;32m  OK  [0m] Finished [0;1;39msecureboot-db.service[0m - Secure Boot updates for DB and DBX.
[[0;32m  OK  [0m] Finished [0;1;39msystemd-user-sessions.service[0m - Permit User Sessions.
[[0;32m  OK  [0m] Finished [0;1;39mgrub-initrd-fallback.service[0m - GRUB failed boot detection.
[[0;32m  OK  [0m] Started [0;1;39msystemd-hostnamed.service[0m - Hostname Service.
[[0;32m  OK  [0m] Started [0;1;39mrsyslog.service[0m - System Logging Service.
2026-05-15T03:20:18.737331+00:00 loadgen-5896 systemd[1]: Mounted dev-hugepages.mount - Huge Pages File System.
2026-05-15T03:20:18.737502+00:00 loadgen-5896 kernel: Linux version 6.17.0-1013-gcp (buildd@lcy02-amd64-034) (x86_64-linux-gnu-gcc-13 (Ubuntu 13.3.0-6ubuntu2~24.04.1) 13.3.0, GNU ld (GNU Binutils for Ubuntu) 2.42) #13~24.04.1-Ubuntu SMP Thu Apr 16 02:10:24 UTC 2026 (Ubuntu 6.17.0-1013.13~24.04.1-gcp 6.17.13)
2026-05-15T03:20:18.737512+00:00 loadgen-5896 kernel: Command line: BOOT_IMAGE=/vmlinuz-6.17.0-1013-gcp root=PARTUUID=6624332c-1f00-4e51-a0bf-94661fe17234 ro console=ttyS0,115200 panic=-1
2026-05-15T03:20:18.737559+00:00 loadgen-5896 kernel: KERNEL supported cpus:
2026-05-15T03:20:18.737560+00:00 loadgen-5896 kernel:   Intel GenuineIntel
2026-05-15T03:20:18.737560+00:00 loadgen-5896 kernel:   AMD AuthenticAMD
2026-05-15T03:20:18.737561+00:00 loadgen-5896 kernel:   Hygon HygonGenuine
2026-05-15T03:20:18.737561+00:00 loadgen-5896 kernel:   Centaur CentaurHauls
2026-05-15T03:20:18.737566+00:00 loadgen-5896 kernel:   zhaoxin   Shanghai  
2026-05-15T03:20:18.737566+00:00 loadgen-5896 kernel: x86/CPU: Model not found in latest microcode list
2026-05-15T03:20:18.737567+00:00 loadgen-5896 kernel: BIOS-provided physical RAM map:
2026-05-15T03:20:18.737567+00:00 loadgen-5896 kernel: BIOS-e820: [mem 0x0000000000000000-0x0000000000000fff] reserved
2026-05-15T03:20:18.737568+00:00 loadgen-5896 kernel: BIOS-e820: [mem 0x0000000000001000-0x0000000000054fff] usable
2026-05-15T03:20:18.737568+00:00 loadgen-5896 kernel: BIOS-e820: [mem 0x0000000000055000-0x000000000005ffff] reserved
2026-05-15T03:20:18.737572+00:00 loadgen-5896 kernel: BIOS-e820: [mem 0x0000000000060000-0x0000000000097fff] usable
2026-05-15T03:20:18.737572+00:00 loadgen-5896 kernel: BIOS-e820: [mem 0x0000000000098000-0x000000000009ffff] reserved
2026-05-15T03:20:18.737572+00:00 loadgen-5896 kernel: BIOS-e820: [mem 0x0000000000100000-0x00000000bd254fff] usable
2026-05-15T03:20:18.737573+00:00 loadgen-5896 kernel: BIOS-e820: [mem 0x00000000bd255000-0x00000000bd25ffff] ACPI data
2026-05-15T03:20:18.737573+00:00 loadgen-5896 kernel: BIOS-e820: [mem 0x00000000bd260000-0x00000000bf8ecfff] usable
2026-05-15T03:20:18.737574+00:00 loadgen-5896 kernel: BIOS-e820: [mem 0x00000000bf8ed000-0x00000000bfb6cfff] reserved
2026-05-15T03:20:18.737574+00:00 loadgen-5896 kernel: BIOS-e820: [mem 0x00000000bfb6d000-0x00000000bfb7efff] ACPI data
2026-05-15T03:20:18.737508+00:00 loadgen-5896 systemd[1]: Mounted dev-mqueue.mount - POSIX Message Queue File System.
2026-05-15T03:20:18.737577+00:00 loadgen-5896 kernel: BIOS-e820: [mem 0x00000000bfb7f000-0x00000000bfbfefff] ACPI NVS
2026-05-15T03:20:18.737578+00:00 loadgen-5896 kernel: BIOS-e820: [mem 0x00000000bfbff000-0x00000000bffdffff] usable
2026-05-15T03:20:18.737578+00:00 loadgen-5896 kernel: BIOS-e820: [mem 0x00000000bffe0000-0x00000000bfffffff] reserved
2026-05-15T03:20:18.737579+00:00 loadgen-5896 kernel: BIOS-e820: [mem 0x0000000100000000-0x000000103fffffff] usable
2026-05-15T03:20:18.737579+00:00 loadgen-5896 kernel: NX (Execute Disable) protection: active
2026-05-15T03:20:18.737579+00:00 loadgen-5896 kernel: APIC: Static calls initialized
2026-05-15T03:20:18.737583+00:00 loadgen-5896 kernel: efi: EFI v2.7 by EDK II
2026-05-15T03:20:18.737583+00:00 loadgen-5896 kernel: efi: TPMFinalLog=0xbfbf7000 ACPI=0xbfb7e000 ACPI 2.0=0xbfb7e014 SMBIOS=0xbf9ca000 MEMATTR=0xbd260018 MOKvar=0xbf9c8000 RNG=0xbfb72018 TPMEventLog=0xbd255018 
2026-05-15T03:20:18.737581+00:00 loadgen-5896 systemd[1]: Mounted sys-kernel-debug.mount - Kernel Debug File System.
2026-05-15T03:20:18.737584+00:00 loadgen-5896 kernel: random: crng init done
2026-05-15T03:20:18.737590+00:00 loadgen-5896 kernel: SMBIOS 2.4 present.
2026-05-15T03:20:18.737590+00:00 loadgen-5896 kernel: DMI: Google Google Compute Engine/Google Compute Engine, BIOS Google 04/21/2026
2026-05-15T03:20:18.737591+00:00 loadgen-5896 kernel: DMI: Memory slots populated: 4/4
2026-05-15T03:20:18.737591+00:00 loadgen-5896 systemd[1]: Mounted sys-kernel-tracing.mount - Kernel Trace File System.
2026-05-15T03:20:18.737594+00:00 loadgen-5896 kernel: secureboot: Secure boot disabled
2026-05-15T03:20:18.737595+00:00 loadgen-5896 kernel: Hypervisor detected: KVM
2026-05-15T03:20:18.737596+00:00 loadgen-5896 kernel: last_pfn = 0xbffe0 max_arch_pfn = 0x400000000
2026-05-15T03:20:18.737596+00:00 loadgen-5896 kernel: kvm-clock: Using msrs 4b564d01 and 4b564d00
2026-05-15T03:20:18.737596+00:00 loadgen-5896 kernel: kvm-clock: using sched offset of 15183227610 cycles
2026-05-15T03:20:18.737597+00:00 loadgen-5896 kernel: clocksource: kvm-clock: mask: 0xffffffffffffffff max_cycles: 0x1cd42e4dffb, max_idle_ns: 881590591483 ns
2026-05-15T03:20:18.737596+00:00 loadgen-5896 systemd[1]: Finished kmod-static-nodes.service - Create List of Static Device Nodes.
2026-05-15T03:20:18.737597+00:00 loadgen-5896 kernel: tsc: Detected 2299.998 MHz processor
2026-05-15T03:20:18.737603+00:00 loadgen-5896 kernel: e820: update [mem 0x00000000-0x00000fff] usable ==> reserved
2026-05-15T03:20:18.737604+00:00 loadgen-5896 kernel: e820: remove [mem 0x000a0000-0x000fffff] usable
2026-05-15T03:20:18.737602+00:00 loadgen-5896 systemd[1]: modprobe@configfs.service: Deactivated successfully.
2026-05-15T03:20:18.737606+00:00 loadgen-5896 kernel: last_pfn = 0x1040000 max_arch_pfn = 0x400000000
2026-05-15T03:20:18.737607+00:00 loadgen-5896 kernel: MTRR map: 3 entries (2 fixed + 1 variable; max 18), built from 8 variable MTRRs
2026-05-15T03:20:18.737607+00:00 loadgen-5896 kernel: x86/PAT: Configuration [0-7]: WB  WC  UC- UC  WB  WP  UC- WT  
2026-05-15T03:20:18.737608+00:00 loadgen-5896 kernel: last_pfn = 0xbffe0 max_arch_pfn = 0x400000000
2026-05-15T03:20:18.737611+00:00 loadgen-5896 kernel: Using GB pages for direct mapping
2026-05-15T03:20:18.737611+00:00 loadgen-5896 kernel: secureboot: Secure boot disabled
2026-05-15T03:20:18.737612+00:00 loadgen-5896 kernel: ACPI: Early table checksum verification disabled
2026-05-15T03:20:18.737612+00:00 loadgen-5896 kernel: ACPI: RSDP 0x00000000BFB7E014 000024 (v02 Google)
2026-05-15T03:20:18.737610+00:00 loadgen-5896 systemd[1]: Finished modprobe@configfs.service - Load Kernel Module configfs.
2026-05-15T03:20:18.737613+00:00 loadgen-5896 kernel: ACPI: XSDT 0x00000000BFB7D0E8 00005C (v01 Google GOOGFACP 00000001      01000013)
2026-05-15T03:20:18.737616+00:00 loadgen-5896 kernel: ACPI: FACP 0x00000000BFB78000 0000F4 (v02 Google GOOGFACP 00000001 GOOG 00000001)
2026-05-15T03:20:18.737620+00:00 loadgen-5896 kernel: ACPI: DSDT 0x00000000BFB79000 001A64 (v01 Google GOOGDSDT 00000001 GOOG 00000001)
2026-05-15T03:20:18.737620+00:00 loadgen-5896 kernel: ACPI: FACS 0x00000000BFBF1000 000040
2026-05-15T03:20:18.737621+00:00 loadgen-5896 kernel: ACPI: SSDT 0x00000000BFB7C000 000316 (v02 GOOGLE Tpm2Tabl 00001000 INTL 20250807)
2026-05-15T03:20:18.737621+00:00 loadgen-5896 kernel: ACPI: TPM2 0x00000000BFB7B000 000034 (v04 GOOGLE          00000001 GOOG 00000001)
2026-05-15T03:20:18.737622+00:00 loadgen-5896 kernel: ACPI: SRAT 0x00000000BFB77000 000228 (v03 Google GOOGSRAT 00000001 GOOG 00000001)
2026-05-15T03:20:18.737622+00:00 loadgen-5896 kernel: ACPI: APIC 0x00000000BFB76000 000126 (v05 Google GOOGAPIC 00000001 GOOG 00000001)
2026-05-15T03:20:18.737622+00:00 loadgen-5896 kernel: ACPI: SSDT 0x00000000BFB74000 0011D6 (v01 Google GOOGSSDT 00000001 GOOG 00000001)
2026-05-15T03:20:18.737617+00:00 loadgen-5896 systemd[1]: modprobe@dm_mod.service: Deactivated successfully.
2026-05-15T03:20:18.737626+00:00 loadgen-5896 kernel: ACPI: WAET 0x00000000BFB73000 000028 (v01 Google GOOGWAET 00000001 GOOG 00000001)
2026-05-15T03:20:18.737627+00:00 loadgen-5896 kernel: ACPI: Reserving FACP table memory at [mem 0xbfb78000-0xbfb780f3]
2026-05-15T03:20:18.737627+00:00 loadgen-5896 kernel: ACPI: Reserving DSDT table memory at [mem 0xbfb79000-0xbfb7aa63]
2026-05-15T03:20:18.737627+00:00 loadgen-5896 kernel: ACPI: Reserving FACS table memory at [mem 0xbfbf1000-0xbfbf103f]
2026-05-15T03:20:18.737628+00:00 loadgen-5896 kernel: ACPI: Reserving SSDT table memory at [mem 0xbfb7c000-0xbfb7c315]
2026-05-15T03:20:18.737628+00:00 loadgen-5896 kernel: ACPI: Reserving TPM2 table memory at [mem 0xbfb7b000-0xbfb7b033]
2026-05-15T03:20:18.737626+00:00 loadgen-5896 systemd[1]: Finished modprobe@dm_mod.service - Load Kernel Module dm_mod.
2026-05-15T03:20:18.737633+00:00 loadgen-5896 kernel: ACPI: Reserving SRAT table memory at [mem 0xbfb77000-0xbfb77227]
2026-05-15T03:20:18.737634+00:00 loadgen-5896 kernel: ACPI: Reserving APIC table memory at [mem 0xbfb76000-0xbfb76125]
2026-05-         Stopping [0;1;39mchrony.service[0m - chrony, an NTP client/server...
15T03:20:18.737634+00:00 loadgen-5896 kernel: ACPI: Reserving SSDT table memory at [mem 0xbfb74000-0xbfb751d5]
2026-05-15T03:20:18.737635+00:00 loadgen-5896 kernel: ACPI: Reserving WAET table memory at [mem 0xbfb73000-0xbfb73027]
2026-05-15T03:20:18.737635+00:00 loadgen-5896 kernel: ACPI: SRAT: Node 0 PXM 0 [mem 0x00000000-0x0009ffff]
2026-05-15T03:20:18.737636+00:00 loadgen-5896 kernel: ACPI: SRAT: Node 0 PXM 0 [mem 0x00100000-0xbfffffff]
2026-05-15T03:20:18.737634+00:00 loadgen-5896 systemd[1]: modprobe@drm.service: Deactivated successfully.
2026-05-15T03:20:18.737638+00:00 loadgen-5896 kernel: ACPI: SRAT: Node 0 PXM 0 [mem 0x100000000-0x103fffffff]
2026-05-15T03:20:18.737641+00:00 loadgen-5896 kernel: NUMA: Node 0 [mem 0x00001000-0x0009ffff] + [mem 0x00100000-0xbfffffff] -> [mem 0x00001000-0xbfffffff]
2026-05-15T03:20:18.737642+00:00 loadgen-5896 kernel: NUMA: Node 0 [mem 0x00001000-0xbfffffff] + [mem 0x100000000-0x103fffffff] -> [mem 0x00001000-0x103fffffff]
2026-05-15T03:20:18.737642+00:00 loadgen-5896 kernel: NODE_DATA(0) allocated [mem 0x103ffd52c0-0x103fffffff]
2026-05-15T03:20:18.737641+00:00 loadgen-5896 systemd[1]: Finished modprobe@drm.service - Load Kernel Module drm.
2026-05-15T03:20:18.737643+00:00 loadgen-5896 kernel: Zone ranges:
2026-05-15T03:20:18.737646+00:00 loadgen-5896 kernel:   DMA      [mem 0x0000000000001000-0x0000000000ffffff]
2026-05-15T03:20:18.737647+00:00 loadgen-5896 kernel:   DMA32    [mem 0x0000000001000000-0x00000000ffffffff]
2026-05-15T03:20:18.737648+00:00 loadgen-5896 systemd[1]: modprobe@efi_pstore.service: Deactivated successfully.
2026-05-15T03:20:18.737650+00:00 loadgen-5896 kernel:   Normal   [mem 0x0000000100000000-0x000000103fffffff]
2026-05-15T03:20:18.737651+00:00 loadgen-5896 kernel:   Device   empty
2026-05-15T03:20:18.737651+00:00 loadgen-5896 kernel: Movable zone start for each node
2026-05-15T03:20:18.737652+00:00 loadgen-5896 kernel: Early memory node ranges
2026-05-15T03:20:18.737652+00:00 loadgen-5896 kernel:   node   0: [mem 0x0000000000001000-0x0000000000054fff]
2026-05-15T03:20:18.737653+00:00 loadgen-5896 kernel:   node   0: [mem 0x0000000000060000-0x0000000000097fff]
2026-05-15T03:20:18.737653+00:00 loadgen-5896 systemd[1]: Finished modprobe@efi_pstore.service - Load Kernel Module efi_pstore.
2026-05-15T03:20:18.737656+00:00 loadgen-5896 kernel:   node   0: [mem 0x0000000000100000-0x00000000bd254fff]
2026-05-15T03:20:18.737657+00:00 loadgen-5896 kernel:   node   0: [mem 0x00000000bd260000-0x00000000bf8ecfff]
2026-05-15T03:20:18.737657+00:00 loadgen-5896 kernel:   node   0: [mem 0x00000000bfbff000-0x00000000bffdffff]
2026-05-15T03:20:18.737658+00:00 loadgen-5896 kernel:   node   0: [mem 0x0000000100000000-0x000000103fffffff]
2026-05-15T03:20:18.737658+00:00 loadgen-5896 kernel: Initmem setup node 0 [mem 0x0000000000001000-0x000000103fffffff]
2026-05-15T03:20:18.737659+00:00 loadgen-5896 kernel: On node 0, zone DMA: 1 pages in unavailable ranges
2026-05-15T03:20:18.737662+00:00 loadgen-5896 kernel: On node 0, zone DMA: 11 pages in unavailable ranges
2026-05-15T03:20:18.737662+00:00 loadgen-5896 kernel: On node 0, zone DMA: 104 pages in unavailable ranges
2026-05-15T03:20:18.737658+00:00 loadgen-5896 systemd[1]: modprobe@fuse.service: Deactivated successfully.
2026-05-15T03:20:18.737663+00:00 loadgen-5896 kernel: On node 0, zone DMA32: 11 pages in unavailable ranges
2026-05-15T03:20:18.737666+00:00 loadgen-5896 kernel: On node 0, zone DMA32: 786 pages in unavailable ranges
2026-05-15T03:20:18.737666+00:00 loadgen-5896 kernel: On node 0, zone Normal: 32 pages in unavailable ranges
2026-05-15T03:20:18.737667+00:00 loadgen-5896 kernel: ACPI: PM-Timer IO Port: 0xb008
2026-05-15T03:20:18.737667+00:00 loadgen-5896 kernel: ACPI: LAPIC_NMI (acpi_id[0xff] dfl dfl lint[0x1])
2026-05-15T03:20:18.737667+00:00 loadgen-5896 systemd[1]: Finished modprobe@fuse.service - Load Kernel Module fuse.
2026-05-15T03:20:18.737670+00:00 loadgen-5896 kernel: IOAPIC[0]: apic_id 0, version 17, address 0xfec00000, GSI 0-23
2026-05-15T03:20:18.737671+00:00 loadgen-5896 kernel: ACPI: INT_SRC_OVR (bus 0 bus_irq 5 global_irq 5 high level)
2026-05-15T03:20:18.737671+00:00 loadgen-5896 kernel: ACPI: INT_SRC_OVR (bus 0 bus_irq 9 global_irq 9 high level)
2026-05-15T03:20:18.737672+00:00 loadgen-5896 kernel: ACPI: INT_SRC_OVR (bus 0 bus_irq 10 global_irq 10 high level)
2026-05-15T03:20:18.737672+00:00 loadgen-5896 kernel: ACPI: INT_SRC_OVR (bus 0 bus_irq 11 global_irq 11 high level)
2026-05-15T03:20:18.737673+00:00 loadgen-5896 kernel: ACPI: Using ACPI (MADT) for SMP configuration information
2026-05-15T03:20:18.737672+00:00 loadgen-5896 systemd[1]: modprobe@loop.service: Deactivated successfully.
2026-05-15T03:20:18.737676+00:00 loadgen-5896 kernel: CPU topo: Max. logical packages:   1
2026-05-15T03:20:18.737677+00:00 loadgen-5896 kernel: CPU topo: Max. logical dies:       1
2026-05-15T03:20:18.737677+00:00 loadgen-5896 kernel: CPU topo: Max. dies per package:   1
2026-05-15T03:20:18.737678+00:00 loadgen-5896 kernel: CPU topo: Max. threads per core:   2
2026-05-15T03:20:18.737678+00:00 loadgen-5896 kernel: CPU topo: Num. cores per package:    12
2026-05-15T03:20:18.737677+00:00 loadgen-5896 systemd[1]: Finished modprobe@loop.service - Load Kernel Module loop.
2026-05-15T03:20:18.737682+00:00 loadgen-5896 systemd[1]: modprobe@nvme_fabrics.service: Deactivated successfully.
2026-05-15T03:20:18.737687+00:00 loadgen-5896 systemd[1]: Finished modprobe@nvme_fabrics.service - Load Kernel Module nvme_fabrics.
2026-05-15T03:20:18.737691+00:00 loadgen-5896 systemd-modules-load[310]: Inserted module 'dm_multipath'
2026-05-15T03:20:18.737699+00:00 loadgen-5896 systemd[1]: Finished systemd-modules-load.service - Load Kernel Modules.
2026-05-15T03:20:18.737721+00:00 loadgen-5896 systemd-fsck[313]: cloudimg-rootfs: clean, 171994/6422528 files, 2139514/12844795 blocks
2026-05-15T03:20:18.737727+00:00 loadgen-5896 systemd[1]: Mounting sys-fs-fuse-connections.mount - FUSE Control File System...
2026-05-15T03:20:18.737732+00:00 loadgen-5896 systemd[1]: Mounting sys-kernel-config.mount - Kernel Configuration File System...
2026-05-15T03:20:18.737737+00:00 loadgen-5896 systemd[1]: Started systemd-fsckd.service - File System Check Daemon to report status.
2026-05-15T03:20:18.737741+00:00 loadgen-5896 systemd[1]: systemd-repart.service - Repartition Root Disk was skipped because no trigger condition checks were met.
2026-05-15T03:20:18.737748+00:00 loadgen-5896 systemd[1]: Starting systemd-sysctl.service - Apply Kernel Variables...
2026-05-15T03:20:18.737753+00:00 loadgen-5896 systemd[1]: Starting systemd-tmpfiles-setup-dev-early.service - Create Static Device Nodes in /dev gracefully...
2026-05-15T03:20:18.737757+00:00 loadgen-5896 systemd[1]: Finished keyboard-setup.service - Set the console keyboard layout.
2026-05-15T03:20:18.737762+00:00 loadgen-5896 systemd[1]: Finished systemd-fsck-root.service - File System Check on Root Device.
2026-05-15T03:20:18.737764+00:00 loadgen-5896 kernel: CPU topo: Num. threads per package:  24
2026-05-15T03:20:18.737765+00:00 loadgen-5896 kernel: CPU topo: Allowing 24 present CPUs plus 0 hotplug CPUs
2026-05-15T03:20:18.737767+00:00 loadgen-5896 systemd[1]: Finished lvm2-monitor.service - Monitoring of LVM2 mirrors, snapshots etc. using dmeventd or progress polling.
2026-05-15T03:20:18.737768+00:00 loadgen-5896 kernel: PM: hibernation: Registered nosave memory: [mem 0x00000000-0x00000fff]
2026-05-15T03:20:18.737772+00:00 loadgen-5896 kernel: PM: hibernation: Registered nosave memory: [mem 0x00055000-0x0005ffff]
2026-05-15T03:20:18.737772+00:00 loadgen-5896 kernel: PM: hibernation: Registered nosave memory: [mem 0x00098000-0x000fffff]
2026-05-15T03:20:18.737773+00:00 loadgen-5896 kernel: PM: hibernation: Registered nosave memory: [mem 0xbd255000-0xbd25ffff]
2026-05-15T03:20:18.737773+00:00 loadgen-5896 kernel: PM: hibernation: Registered nosave memory: [mem 0xbf8ed000-0xbfbfefff]
2026-05-15T03:20:18.737774+00:00 loadgen-5896 kernel: PM: hibernation: Registered nosave memory: [mem 0xbffe0000-0xffffffff]
2026-05-15T03:20:18.737777+00:00 loadgen-5896 kernel: [mem 0xc0000000-0xffffffff] available for PCI devic         Starting [0;1;39mgoogle-guest-agent.servic…[0moogle Compute Engine Guest Agent...
es
2026-05-15T03:20:18.737778+00:00 loadgen-5896 kernel: Booting paravirtualized kernel on KVM
2026-05-15T03:20:18.737773+00:00 loadgen-5896 systemd[1]: Mounted sys-fs-fuse-connections.mount - FUSE Control File System.
2026-05-15T03:20:18.737778+00:00 loadgen-5896 kernel: clocksource: refined-jiffies: mask: 0xffffffff max_cycles: 0xffffffff, max_idle_ns: 1910969940391419 ns
2026-05-15T03:20:18.737781+00:00 loadgen-5896 kernel: setup_percpu: NR_CPUS:8192 nr_cpumask_bits:24 nr_cpu_ids:24 nr_node_ids:1
2026-05-15T03:20:18.737782+00:00 loadgen-5896 kernel: percpu: Embedded 84 pages/cpu s221184 r8192 d114688 u524288
2026-05-15T03:20:18.737782+00:00 loadgen-5896 kernel: pcpu-alloc: s221184 r8192 d114688 u524288 alloc=1*2097152
2026-05-15T03:20:18.737783+00:00 loadgen-5896 systemd[1]: Mounted sys-kernel-config.mount - Kernel Configuration File System.
2026-05-15T03:20:18.737785+00:00 loadgen-5896 kernel: pcpu-alloc: [0] 00 01 02 03 [0] 04 05 06 07 
2026-05-15T03:20:18.737786+00:00 loadgen-5896 kernel: pcpu-alloc: [0] 08 09 10 11 [0] 12 13 14 15 
2026-05-15T03:20:18.737787+00:00 loadgen-5896 kernel: pcpu-alloc: [0] 16 17 18 19 [0] 20 21 22 23 
2026-05-15T03:20:18.737787+00:00 loadgen-5896 kernel: kvm-guest: PV spinlocks enabled
2026-05-15T03:20:18.737788+00:00 loadgen-5896 kernel: PV qspinlock hash table entries: 256 (order: 0, 4096 bytes, linear)
2026-05-15T03:20:18.737788+00:00 loadgen-5896 kernel: Kernel command line: BOOT_IMAGE=/vmlinuz-6.17.0-1013-gcp root=PARTUUID=6624332c-1f00-4e51-a0bf-94661fe17234 ro console=ttyS0,115200 panic=-1
2026-05-15T03:20:18.737788+00:00 loadgen-5896 systemd[1]: Finished systemd-sysctl.service - Apply Kernel Variables.
2026-05-15T03:20:18.737792+00:00 loadgen-5896 kernel: printk: log buffer data + meta data: 262144 + 917504 = 1179648 bytes
2026-05-15T03:20:18.737793+00:00 loadgen-5896 kernel: Dentry cache hash table entries: 8388608 (order: 14, 67108864 bytes, linear)
2026-05-15T03:20:18.737793+00:00 loadgen-5896 kernel: Inode-cache hash table entries: 4194304 (order: 13, 33554432 bytes, linear)
2026-05-15T03:20:18.737794+00:00 loadgen-5896 kernel: software IO TLB: area num 32.
2026-05-15T03:20:18.737794+00:00 loadgen-5896 kernel: Fallback order for Node 0: 0 
2026-05-15T03:20:18.737795+00:00 loadgen-5896 kernel: Built 1 zonelists, mobility grouping on.  Total pages: 16776271
2026-05-15T03:20:18.737793+00:00 loadgen-5896 systemd[1]: Finished systemd-tmpfiles-setup-dev-early.service - Create Static Device Nodes in /dev gracefully.
2026-05-15T03:20:18.737796+00:00 loadgen-5896 kernel: Policy zone: Normal
2026-05-15T03:20:18.737799+00:00 loadgen-5896 kernel: mem auto-init: stack:all(zero), heap alloc:on, heap free:off
2026-05-15T03:20:18.737800+00:00 loadgen-5896 kernel: SLUB: HWalign=64, Order=0-3, MinObjects=0, CPUs=24, Nodes=1
2026-05-15T03:20:18.737800+00:00 loadgen-5896 kernel: Kernel/User page tables isolation: enabled
2026-05-15T03:20:18.737801+00:00 loadgen-5896 kernel: ftrace: allocating 61994 entries in 244 pages
2026-05-15T03:20:18.737801+00:00 loadgen-5896 kernel: ftrace: allocated 244 pages with 5 groups
2026-05-15T03:20:18.737801+00:00 loadgen-5896 kernel: rcu: Hierarchical RCU implementation.
2026-05-15T03:20:18.737804+00:00 loadgen-5896 kernel: rcu: 	RCU restricting CPUs from NR_CPUS=8192 to nr_cpu_ids=24.
2026-05-15T03:20:18.737805+00:00 loadgen-5896 kernel: 	Rude variant of Tasks RCU enabled.
2026-05-15T03:20:18.737805+00:00 loadgen-5896 kernel: 	Tracing variant of Tasks RCU enabled.
2026-05-15T03:20:18.737806+00:00 loadgen-5896 kernel: rcu: RCU calculated value of scheduler-enlistment delay is 100 jiffies.
2026-05-15T03:20:18.737806+00:00 loadgen-5896 kernel: rcu: Adjusting geometry for rcu_fanout_leaf=16, nr_cpu_ids=24
2026-05-15T03:20:18.737807+00:00 loadgen-5896 kernel: RCU Tasks Rude: Setting shift to 5 and lim to 1 rcu_task_cb_adjust=1 rcu_task_cpu_ids=24.
2026-05-15T03:20:18.737807+00:00 loadgen-5896 kernel: RCU Tasks Trace: Setting shift to 5 and lim to 1 rcu_task_cb_adjust=1 rcu_task_cpu_ids=24.
2026-05-15T03:20:18.737808+00:00 loadgen-5896 systemd[1]: Starting systemd-remount-fs.service - Remount Root and Kernel File Systems...
2026-05-15T03:20:18.737810+00:00 loadgen-5896 kernel: NR_IRQS: 524544, nr_irqs: 616, preallocated irqs: 16
2026-05-15T03:20:18.737814+00:00 loadgen-5896 kernel: rcu: srcu_init: Setting srcu_struct sizes based on contention.
2026-05-15T03:20:18.737814+00:00 loadgen-5896 kernel: Console: colour dummy device 80x25
2026-05-15T03:20:18.737815+00:00 loadgen-5896 kernel: printk: legacy console [ttyS0] enabled
2026-05-15T03:20:18.737815+00:00 loadgen-5896 kernel: ACPI: Core revision 20250404
2026-05-15T03:20:18.737816+00:00 loadgen-5896 kernel: APIC: Switch to symmetric I/O mode setup
2026-05-15T03:20:18.737815+00:00 loadgen-5896 systemd[1]: Finished systemd-udev-trigger.service - Coldplug All udev Devices.
2026-05-15T03:20:18.737821+00:00 loadgen-5896 systemd[1]: Finished systemd-remount-fs.service - Remount Root and Kernel File Systems.
2026-05-15T03:20:18.737828+00:00 loadgen-5896 kernel: x2apic enabled
2026-05-15T03:20:18.737829+00:00 loadgen-5896 kernel: APIC: Switched APIC routing to: physical x2apic
2026-05-15T03:20:18.737830+00:00 loadgen-5896 kernel: ..TIMER: vector=0x30 apic1=0 pin1=0 apic2=-1 pin2=-1
2026-05-15T03:20:18.737830+00:00 loadgen-5896 kernel: clocksource: tsc-early: mask: 0xffffffffffffffff max_cycles: 0x212733415c7, max_idle_ns: 440795236380 ns
2026-05-15T03:20:18.737829+00:00 loadgen-5896 systemd[1]: Starting multipathd.service - Device-Mapper Multipath Device Controller...
2026-05-15T03:20:18.737833+00:00 loadgen-5896 kernel: Calibrating delay loop (skipped) preset value.. 4599.99 BogoMIPS (lpj=2299998)
2026-05-15T03:20:18.737833+00:00 loadgen-5896 kernel: Last level iTLB entries: 4KB 1024, 2MB 1024, 4MB 1024
2026-05-15T03:20:18.737836+00:00 loadgen-5896 kernel: Last level dTLB entries: 4KB 1024, 2MB 1024, 4MB 1024, 1GB 4
2026-05-15T03:20:18.737837+00:00 loadgen-5896 kernel: mitigations: Enabled attack vectors: user_kernel, user_user, guest_host, guest_guest, SMT mitigations: auto
2026-05-15T03:20:18.737837+00:00 loadgen-5896 kernel: Speculative Store Bypass: Mitigation: Speculative Store Bypass disabled via prctl
2026-05-15T03:20:18.737838+00:00 loadgen-5896 kernel: Spectre V2 : Mitigation: IBRS
2026-05-15T03:20:18.737836+00:00 loadgen-5896 systemd[1]: systemd-hwdb-update.service - Rebuild Hardware Database was skipped because of an unmet condition check (ConditionNeedsUpdate=/etc).
2026-05-15T03:20:18.737839+00:00 loadgen-5896 kernel: RETBleed: Mitigation: IBRS
2026-05-15T03:20:18.737841+00:00 loadgen-5896 kernel: ITS: Mitigation: Aligned branch/return thunks
2026-05-15T03:20:18.737843+00:00 loadgen-5896 systemd[1]: Starting systemd-journal-flush.service - Flush Journal to Persistent Storage...
2026-05-15T03:20:18.737845+00:00 loadgen-5896 kernel: Spectre V2 : User space: Mitigation: STIBP via prctl
2026-05-15T03:20:18.737847+00:00 loadgen-5896 kernel: MDS: Mitigation: Clear CPU buffers
2026-05-15T03:20:18.737848+00:00 loadgen-5896 kernel: MMIO Stale Data: Vulnerable: Clear CPU buffers attempted, no microcode
2026-05-15T03:20:18.737848+00:00 loadgen-5896 kernel: Spectre V1 : Mitigation: usercopy/swapgs barriers and __user pointer sanitization
2026-05-15T03:20:18.737848+00:00 loadgen-5896 kernel: Spectre V2 : Spectre v2 / SpectreRSB: Filling RSB on context switch and VMEXIT
2026-05-15T03:20:18.737849+00:00 loadgen-5896 kernel: Spectre V2 : mitigation: Enabling conditional Indirect Branch Prediction Barrier
2026-05-15T03:20:18.737849+00:00 loadgen-5896 kernel: active return thunk: its_return_thunk
2026-05-15T03:20:18.737848+00:00 loadgen-5896 systemd[1]: systemd-pstore.service - Platform Persistent Storage Archival was skipped because of an unmet condition check (ConditionDirectoryNotEmpty=/sys/fs/pstore).
2026-05-15T03:20:18.737853+00:00 loadgen-5896 kernel: Spectre V2 : Spectre BHI mitigation: SW BHB clearing on syscall and VM exit
2026-05-15T03:20:18.737854+00:00 loadgen-5896 kernel: x86/fpu: Supporting XSAVE feature 0x001: 'x87 floating point registers'
2026-05-15T03:20:18.737854+00:00 loadgen-5896 kernel: x86/fpu: Supporting XSAVE feature 0x         Starting [0;1;39mplymouth-quit-wait.servic…[0md until boot process finishes up...
002: 'SSE registers'
2026-05-15T03:20:18.737855+00:00 loadgen-5896 kernel: x86/fpu: Supporting XSAVE feature 0x004: 'AVX registers'
2026-05-15T03:20:18.737855+00:00 loadgen-5896 kernel: x86/fpu: xstate_offset[2]:  576, xstate_sizes[2]:  256
2026-05-15T03:20:18.737858+00:00 loadgen-5896 kernel: x86/fpu: Enabled xstate features 0x7, context size is 832 bytes, using 'standard' format.
2026-05-15T03:20:18.737853+00:00 loadgen-5896 systemd[1]: Starting systemd-random-seed.service - Load/Save OS Random Seed...
2026-05-15T03:20:18.737861+00:00 loadgen-5896 kernel: Freeing SMP alternatives memory: 52K
2026-05-15T03:20:18.737862+00:00 loadgen-5896 kernel: pid_max: default: 32768 minimum: 301
2026-05-15T03:20:18.737862+00:00 loadgen-5896 kernel: LSM: initializing lsm=lockdown,capability,landlock,yama,apparmor,ima,evm
2026-05-15T03:20:18.737863+00:00 loadgen-5896 kernel: landlock: Up and running.
2026-05-15T03:20:18.737863+00:00 loadgen-5896 kernel: Yama: becoming mindful.
2026-05-15T03:20:18.737864+00:00 loadgen-5896 kernel: AppArmor: AppArmor initialized
2026-05-15T03:20:18.737864+00:00 loadgen-5896 kernel: Mount-cache hash table entries: 131072 (order: 8, 1048576 bytes, linear)
2026-05-15T03:20:18.737863+00:00 loadgen-5896 systemd[1]: systemd-sysusers.service - Create System Users was skipped because no trigger condition checks were met.
2026-05-15T03:20:18.737867+00:00 loadgen-5896 kernel: Mountpoint-cache hash table entries: 131072 (order: 8, 1048576 bytes, linear)
2026-05-15T03:20:18.737868+00:00 loadgen-5896 kernel: smpboot: CPU0: Intel(R) Xeon(R) CPU @ 2.30GHz (family: 0x6, model: 0x3f, stepping: 0x0)
2026-05-15T03:20:18.737869+00:00 loadgen-5896 kernel: Performance Events: unsupported CPU family 6 model 63 no PMU driver, software events only.
2026-05-15T03:20:18.737869+00:00 loadgen-5896 kernel: signal: max sigframe size: 1776
2026-05-15T03:20:18.737870+00:00 loadgen-5896 kernel: rcu: Hierarchical SRCU implementation.
2026-05-15T03:20:18.737870+00:00 loadgen-5896 kernel: rcu: 	Max phase no-delay instances is 400.
2026-05-15T03:20:18.737868+00:00 loadgen-5896 systemd[1]: Starting systemd-tmpfiles-setup-dev.service - Create Static Device Nodes in /dev...
2026-05-15T03:20:18.737874+00:00 loadgen-5896 kernel: Timer migration: 2 hierarchy levels; 8 children per group; 2 crossnode level
2026-05-15T03:20:18.737874+00:00 loadgen-5896 kernel: NMI watchdog: Perf NMI watchdog permanently disabled
2026-05-15T03:20:18.737875+00:00 loadgen-5896 kernel: smp: Bringing up secondary CPUs ...
2026-05-15T03:20:18.737875+00:00 loadgen-5896 kernel: smpboot: x86: Booting SMP configuration:
2026-05-15T03:20:18.737876+00:00 loadgen-5896 kernel: .... node  #0, CPUs:        #1  #2  #3  #4  #5  #6  #7  #8  #9 #10 #11 #12 #13 #14 #15 #16 #17 #18 #19 #20 #21 #22 #23
2026-05-15T03:20:18.737876+00:00 loadgen-5896 kernel: MDS CPU bug present and SMT on, data leak possible. See https://www.kernel.org/doc/html/latest/admin-guide/hw-vuln/mds.html for more details.
2026-05-15T03:20:18.737875+00:00 loadgen-5896 systemd[1]: systemd-tpm2-setup.service - TPM2 SRK Setup was skipped because of an unmet condition check (ConditionSecurity=measured-uki).
2026-05-15T03:20:18.737880+00:00 loadgen-5896 kernel: MMIO Stale Data CPU bug present and SMT on, data leak possible. See https://www.kernel.org/doc/html/latest/admin-guide/hw-vuln/processor_mmio_stale_data.html for more details.
2026-05-15T03:20:18.737881+00:00 loadgen-5896 kernel: smp: Brought up 1 node, 24 CPUs
2026-05-15T03:20:18.737881+00:00 loadgen-5896 kernel: smpboot: Total of 24 processors activated (110399.90 BogoMIPS)
2026-05-15T03:20:18.737882+00:00 loadgen-5896 kernel: Memory: 65805312K/67105084K available (22206K kernel code, 4673K rwdata, 15608K rodata, 5404K init, 6100K bss, 1277624K reserved, 0K cma-reserved)
2026-05-15T03:20:18.737882+00:00 loadgen-5896 kernel: devtmpfs: initialized
2026-05-15T03:20:18.737884+00:00 loadgen-5896 kernel: x86/mm: Memory block size: 1024MB
2026-05-15T03:20:18.737881+00:00 loadgen-5896 systemd[1]: Finished systemd-random-seed.service - Load/Save OS Random Seed.
2026-05-15T03:20:18.737888+00:00 loadgen-5896 systemd[1]: Finished systemd-tmpfiles-setup-dev.service - Create Static Device Nodes in /dev.
2026-05-15T03:20:18.737893+00:00 loadgen-5896 kernel: ACPI: PM: Registering ACPI NVS region [mem 0xbfb7f000-0xbfbfefff] (524288 bytes)
2026-05-15T03:20:18.737894+00:00 loadgen-5896 kernel: clocksource: jiffies: mask: 0xffffffff max_cycles: 0xffffffff, max_idle_ns: 1911260446275000 ns
2026-05-15T03:20:18.737894+00:00 loadgen-5896 kernel: posixtimers hash table entries: 16384 (order: 6, 262144 bytes, linear)
2026-05-15T03:20:18.737895+00:00 loadgen-5896 kernel: futex hash table entries: 8192 (524288 bytes on 1 NUMA nodes, total 512 KiB, linear).
