2026-05-15 06:41:20,153 DEBUG    root            Loaded Command Group: ['gcloud', 'compute']
2026-05-15 06:41:20,156 DEBUG    root            Loaded Command Group: ['gcloud', 'compute', 'instances']
2026-05-15 06:41:20,157 DEBUG    root            Loaded Command Group: ['gcloud', 'compute', 'instances', 'get_serial_port_output']
2026-05-15 06:41:20,158 DEBUG    root            Running [gcloud.compute.instances.get-serial-port-output] with arguments: [--project: "env-integration-fenway", --zone: "us-central1-c", INSTANCE_NAME: "loadgen-5mbj"]
2026-05-15 06:41:20,160 DEBUG    root            On GCE from memory cache: False
2026-05-15 06:41:20,161 DEBUG    root            On GCE from memory cache: False
2026-05-15 06:41:20,254 DEBUG    urllib3.connectionpool Starting new HTTPS connection (1): compute.googleapis.com:443
2026-05-15 06:41:20,713 DEBUG    urllib3.connectionpool https://compute.googleapis.com:443 "GET /compute/v1/projects/env-integration-fenway/zones/us-central1-c/instances/loadgen-5mbj/serialPort?alt=json&port=1 HTTP/1.1" 200 None
2026-05-15 06:41:20,788 DEBUG    root            Chosen display Format:value[no-quote](contents)
2026-05-15 06:41:20,790 INFO     root            Display format: "value[no-quote](contents)"
2026-05-15 06:41:20,815 INFO     ___FILE_ONLY___ [2J[01;01H[=3h[2J[01;01H[2J[01;01H[=3h[2J[01;01HCSM BBS Table full.
BdsDxe: loading Boot0003 "Ubuntu" from PciRoot(0x0)/Pci(0x3,0x0)/Scsi(0x1,0x0)/HD(15,GPT,C848D457-4750-4825-A2CD-4EBFB870DC53,0x2800,0x35000)/\EFI\ubuntu\shimx64.efi
BdsDxe: starting Boot0003 "Ubuntu" from PciRoot(0x0)/Pci(0x3,0x0)/Scsi(0x1,0x0)/HD(15,GPT,C848D457-4750-4825-A2CD-4EBFB870DC53,0x2800,0x35000)/\EFI\ubuntu\shimx64.efi

UEFI: Attempting to start image.
Description: Ubuntu
FilePath: PciRoot(0x0)/Pci(0x3,0x0)/Scsi(0x1,0x0)/HD(15,GPT,C848D457-4750-4825-A2CD-4EBFB870DC53,0x2800,0x35000)/\EFI\ubuntu\shimx64.efi
OptionNumber: 3.

[H[J[1;1HGRUB_FORCE_PARTUUID set, attempting initrdless boot.
[    0.000000] Linux version 6.17.0-1013-gcp (buildd@lcy02-amd64-034) (x86_64-linux-gnu-gcc-13 (Ubuntu 13.3.0-6ubuntu2~24.04.1) 13.3.0, GNU ld (GNU Binutils for Ubuntu) 2.42) #13~24.04.1-Ubuntu SMP Thu Apr 16 02:10:24 UTC 2026 (Ubuntu 6.17.0-1013.13~24.04.1-gcp 6.17.13)
[    0.000000] Command line: BOOT_IMAGE=/vmlinuz-6.17.0-1013-gcp root=PARTUUID=6624332c-1f00-4e51-a0bf-94661fe17234 ro console=ttyS0,115200 panic=-1
[    0.000000] KERNEL supported cpus:
[    0.000000]   Intel GenuineIntel
[    0.000000]   AMD AuthenticAMD
[    0.000000]   Hygon HygonGenuine
[    0.000000]   Centaur CentaurHauls
[    0.000000]   zhaoxin   Shanghai  
[    0.000000] x86/CPU: Model not found in latest microcode list
[    0.000000] BIOS-provided physical RAM map:
[    0.000000] BIOS-e820: [mem 0x0000000000000000-0x0000000000000fff] reserved
[    0.000000] BIOS-e820: [mem 0x0000000000001000-0x0000000000054fff] usable
[    0.000000] BIOS-e820: [mem 0x0000000000055000-0x000000000005ffff] reserved
[    0.000000] BIOS-e820: [mem 0x0000000000060000-0x0000000000097fff] usable
[    0.000000] BIOS-e820: [mem 0x0000000000098000-0x000000000009ffff] reserved
[    0.000000] BIOS-e820: [mem 0x0000000000100000-0x00000000bd254fff] usable
[    0.000000] BIOS-e820: [mem 0x00000000bd255000-0x00000000bd25ffff] ACPI data
[    0.000000] BIOS-e820: [mem 0x00000000bd260000-0x00000000bf8ecfff] usable
[    0.000000] BIOS-e820: [mem 0x00000000bf8ed000-0x00000000bfb6cfff] reserved
[    0.000000] BIOS-e820: [mem 0x00000000bfb6d000-0x00000000bfb7efff] ACPI data
[    0.000000] BIOS-e820: [mem 0x00000000bfb7f000-0x00000000bfbfefff] ACPI NVS
[    0.000000] BIOS-e820: [mem 0x00000000bfbff000-0x00000000bffdffff] usable
[    0.000000] BIOS-e820: [mem 0x00000000bffe0000-0x00000000bfffffff] reserved
[    0.000000] BIOS-e820: [mem 0x0000000100000000-0x000000103fffffff] usable
[    0.000000] NX (Execute Disable) protection: active
[    0.000000] APIC: Static calls initialized
[    0.000000] efi: EFI v2.7 by EDK II
[    0.000000] efi: TPMFinalLog=0xbfbf7000 ACPI=0xbfb7e000 ACPI 2.0=0xbfb7e014 SMBIOS=0xbf9ca000 MEMATTR=0xbd260018 MOKvar=0xbf9c8000 RNG=0xbfb72018 TPMEventLog=0xbd255018 
[    0.000000] random: crng init done
[    0.000000] SMBIOS 2.4 present.
[    0.000000] DMI: Google Google Compute Engine/Google Compute Engine, BIOS Google 04/21/2026
[    0.000000] DMI: Memory slots populated: 4/4
[    0.000000] secureboot: Secure boot disabled
[    0.000000] Hypervisor detected: KVM
[    0.000000] last_pfn = 0xbffe0 max_arch_pfn = 0x400000000
[    0.000000] kvm-clock: Using msrs 4b564d01 and 4b564d00
[    0.000001] kvm-clock: using sched offset of 15578392457 cycles
[    0.000003] clocksource: kvm-clock: mask: 0xffffffffffffffff max_cycles: 0x1cd42e4dffb, max_idle_ns: 881590591483 ns
[    0.000007] tsc: Detected 2299.998 MHz processor
[    0.000093] last_pfn = 0x1040000 max_arch_pfn = 0x400000000
[    0.000131] MTRR map: 3 entries (2 fixed + 1 variable; max 18), built from 8 variable MTRRs
[    0.000135] x86/PAT: Configuration [0-7]: WB  WC  UC- UC  WB  WP  UC- WT  
[    0.000183] last_pfn = 0xbffe0 max_arch_pfn = 0x400000000
[    0.016872] Using GB pages for direct mapping
[    0.017271] secureboot: Secure boot disabled
[    0.017274] ACPI: Early table checksum verification disabled
[    0.017279] ACPI: RSDP 0x00000000BFB7E014 000024 (v02 Google)
[    0.017284] ACPI: XSDT 0x00000000BFB7D0E8 00005C (v01 Google GOOGFACP 00000001      01000013)
[    0.017293] ACPI: FACP 0x00000000BFB78000 0000F4 (v02 Google GOOGFACP 00000001 GOOG 00000001)
[    0.017301] ACPI: DSDT 0x00000000BFB79000 001A64 (v01 Google GOOGDSDT 00000001 GOOG 00000001)
[    0.017307] ACPI: FACS 0x00000000BFBF1000 000040
[    0.017311] ACPI: SSDT 0x00000000BFB7C000 000316 (v02 GOOGLE Tpm2Tabl 00001000 INTL 20250807)
[    0.017316] ACPI: TPM2 0x00000000BFB7B000 000034 (v04 GOOGLE          00000001 GOOG 00000001)
[    0.017321] ACPI: SRAT 0x00000000BFB77000 000228 (v03 Google GOOGSRAT 00000001 GOOG 00000001)
[    0.017326] ACPI: APIC 0x00000000BFB76000 000126 (v05 Google GOOGAPIC 00000001 GOOG 00000001)
[    0.017331] ACPI: SSDT 0x00000000BFB74000 0011D6 (v01 Google GOOGSSDT 00000001 GOOG 00000001)
[    0.017336] ACPI: WAET 0x00000000BFB73000 000028 (v01 Google GOOGWAET 00000001 GOOG 00000001)
[    0.017340] ACPI: Reserving FACP table memory at [mem 0xbfb78000-0xbfb780f3]
[    0.017341] ACPI: Reserving DSDT table memory at [mem 0xbfb79000-0xbfb7aa63]
[    0.017343] ACPI: Reserving FACS table memory at [mem 0xbfbf1000-0xbfbf103f]
[    0.017344] ACPI: Reserving SSDT table memory at [mem 0xbfb7c000-0xbfb7c315]
[    0.017344] ACPI: Reserving TPM2 table memory at [mem 0xbfb7b000-0xbfb7b033]
[    0.017345] ACPI: Reserving SRAT table memory at [mem 0xbfb77000-0xbfb77227]
[    0.017346] ACPI: Reserving APIC table memory at [mem 0xbfb76000-0xbfb76125]
[    0.017347] ACPI: Reserving SSDT table memory at [mem 0xbfb74000-0xbfb751d5]
[    0.017348] ACPI: Reserving WAET table memory at [mem 0xbfb73000-0xbfb73027]
[    0.017508] ACPI: SRAT: Node 0 PXM 0 [mem 0x00000000-0x0009ffff]
[    0.017512] ACPI: SRAT: Node 0 PXM 0 [mem 0x00100000-0xbfffffff]
[    0.017515] ACPI: SRAT: Node 0 PXM 0 [mem 0x100000000-0x103fffffff]
[    0.017532] NUMA: Node 0 [mem 0x00001000-0x0009ffff] + [mem 0x00100000-0xbfffffff] -> [mem 0x00001000-0xbfffffff]
[    0.017534] NUMA: Node 0 [mem 0x00001000-0xbfffffff] + [mem 0x100000000-0x103fffffff] -> [mem 0x00001000-0x103fffffff]
[    0.017548] NODE_DATA(0) allocated [mem 0x103ffd52c0-0x103fffffff]
[    0.017811] Zone ranges:
[    0.017811]   DMA      [mem 0x0000000000001000-0x0000000000ffffff]
[    0.017813]   DMA32    [mem 0x0000000001000000-0x00000000ffffffff]
[    0.017815]   Normal   [mem 0x0000000100000000-0x000000103fffffff]
[    0.017817]   Device   empty
[    0.017818] Movable zone start for each node
[    0.017821] Early memory node ranges
[    0.017821]   node   0: [mem 0x0000000000001000-0x0000000000054fff]
[    0.017823]   node   0: [mem 0x0000000000060000-0x0000000000097fff]
[    0.017824]   node   0: [mem 0x0000000000100000-0x00000000bd254fff]
[    0.017825]   node   0: [mem 0x00000000bd260000-0x00000000bf8ecfff]
[    0.017826]   node   0: [mem 0x00000000bfbff000-0x00000000bffdffff]
[    0.017827]   node   0: [mem 0x0000000100000000-0x000000103fffffff]
[    0.017833] Initmem setup node 0 [mem 0x0000000000001000-0x000000103fffffff]
[    0.017919] On node 0, zone DMA: 1 pages in unavailable ranges
[    0.017921] On node 0, zone DMA: 11 pages in unavailable ranges
[    0.017949] On node 0, zone DMA: 104 pages in unavailable ranges
[    0.023552] On node 0, zone DMA32: 11 pages in unavailable ranges
[    0.023570] On node 0, zone DMA32: 786 pages in unavailable ranges
[    0.137824] On node 0, zone Normal: 32 pages in unavailable ranges
[    0.138599] ACPI: PM-Timer IO Port: 0xb008
[    0.138640] ACPI: LAPIC_NMI (acpi_id[0xff] dfl dfl lint[0x1])
[    0.138742] IOAPIC[0]: apic_id 0, version 17, address 0xfec00000, GSI 0-23
[    0.138748] ACPI: INT_SRC_OVR (bus 0 bus_irq 5 global_irq 5 high level)
[    0.138750] ACPI: INT_SRC_OVR (bus 0 bus_irq 9 global_irq 9 high level)
[    0.138752] ACPI: INT_SRC_OVR (bus 0 bus_irq 10 global_irq 10 high level)
[    0.138754] ACPI: INT_SRC_OVR (bus 0 bus_irq 11 global_irq 11 high level)
[    0.138761] ACPI: Using ACPI (MADT) for SMP configuration information
[    0.138768] CPU topo: Max. logical packages:   1
[    0.138769] CPU topo: Max. logical dies:       1
[    0.138770] CPU topo: Max. dies per package:   1
[    0.138775] CPU topo: Max. threads per core:   2
[    0.138776] CPU topo: Num. cores per package:    12
[    0.138777] CPU topo: Num. threads per package:  24
[    0.138778] CPU topo: Allowing 24 present CPUs plus 0 hotplug CPUs
[    0.138810] PM: hibernation: Registered nosave memory: [mem 0x00000000-0x00000fff]
[    0.138813] PM: hibernation: Registered nosave memory: [mem 0x00055000-0x0005ffff]
[    0.138814] PM: hibernation: Registered nosave memory: [mem 0x00098000-0x000fffff]
[    0.138816] PM: hibernation: Registered nosave memory: [mem 0xbd255000-0xbd25ffff]
[    0.138818] PM: hibernation: Registered nosave memory: [mem 0xbf8ed000-0xbfbfefff]
[    0.138820] PM: hibernation: Registered nosave memory: [mem 0xbffe0000-0xffffffff]
[    0.138822] [mem 0xc0000000-0xffffffff] available for PCI devices
[    0.138825] Booting paravirtualized kernel on KVM
[    0.138828] clocksource: refined-jiffies: mask: 0xffffffff max_cycles: 0xffffffff, max_idle_ns: 1910969940391419 ns
[    0.138837] setup_percpu: NR_CPUS:8192 nr_cpumask_bits:24 nr_cpu_ids:24 nr_node_ids:1
[    0.140856] percpu: Embedded 84 pages/cpu s221184 r8192 d114688 u524288
[    0.140925] kvm-guest: PV spinlocks enabled
[    0.140928] PV qspinlock hash table entries: 256 (order: 0, 4096 bytes, linear)
[    0.140932] Kernel command line: BOOT_IMAGE=/vmlinuz-6.17.0-1013-gcp root=PARTUUID=6624332c-1f00-4e51-a0bf-94661fe17234 ro console=ttyS0,115200 panic=-1
[    0.141012] printk: log buffer data + meta data: 262144 + 917504 = 1179648 bytes
[    0.148092] Dentry cache hash table entries: 8388608 (order: 14, 67108864 bytes, linear)
[    0.151695] Inode-cache hash table entries: 4194304 (order: 13, 33554432 bytes, linear)
[    0.152391] software IO TLB: area num 32.
[    0.166508] Fallback order for Node 0: 0 
[    0.166516] Built 1 zonelists, mobility grouping on.  Total pages: 16776271
[    0.166517] Policy zone: Normal
[    0.166529] mem auto-init: stack:all(zero), heap alloc:on, heap free:off
[    0.328961] SLUB: HWalign=64, Order=0-3, MinObjects=0, CPUs=24, Nodes=1
[    0.329024] Kernel/User page tables isolation: enabled
[    0.342596] ftrace: allocating 61994 entries in 244 pages
[    0.342599] ftrace: allocated 244 pages with 5 groups
[    0.342986] rcu: Hierarchical RCU implementation.
[    0.342987] rcu: 	RCU restricting CPUs from NR_CPUS=8192 to nr_cpu_ids=24.
[    0.342989] 	Rude variant of Tasks RCU enabled.
[    0.342990] 	Tracing variant of Tasks RCU enabled.
[    0.342990] rcu: RCU calculated value of scheduler-enlistment delay is 100 jiffies.
[    0.342991] rcu: Adjusting geometry for rcu_fanout_leaf=16, nr_cpu_ids=24
[    0.343022] RCU Tasks Rude: Setting shift to 5 and lim to 1 rcu_task_cb_adjust=1 rcu_task_cpu_ids=24.
[    0.343025] RCU Tasks Trace: Setting shift to 5 and lim to 1 rcu_task_cb_adjust=1 rcu_task_cpu_ids=24.
[    0.346999] NR_IRQS: 524544, nr_irqs: 616, preallocated irqs: 16
[    0.347380] rcu: srcu_init: Setting srcu_struct sizes based on contention.
[    0.347529] Console: colour dummy device 80x25
[    0.347597] printk: legacy console [ttyS0] enabled
[    0.567552] ACPI: Core revision 20250404
[    0.568679] APIC: Switch to symmetric I/O mode setup
[    0.571019] x2apic enabled
[    0.575298] APIC: Switched APIC routing to: physical x2apic
[    0.581819] ..TIMER: vector=0x30 apic1=0 pin1=0 apic2=-1 pin2=-1
[    0.583077] clocksource: tsc-early: mask: 0xffffffffffffffff max_cycles: 0x212733415c7, max_idle_ns: 440795236380 ns
[    0.585323] Calibrating delay loop (skipped) preset value.. 4599.99 BogoMIPS (lpj=2299998)
[    0.587730] Last level iTLB entries: 4KB 1024, 2MB 1024, 4MB 1024
[    0.588321] Last level dTLB entries: 4KB 1024, 2MB 1024, 4MB 1024, 1GB 4
[    0.589343] mitigations: Enabled attack vectors: user_kernel, user_user, guest_host, guest_guest, SMT mitigations: auto
[    0.590322] Speculative Store Bypass: Mitigation: Speculative Store Bypass disabled via prctl
[    0.591321] Spectre V2 : Mitigation: IBRS
[    0.592320] RETBleed: Mitigation: IBRS
[    0.593320] ITS: Mitigation: Aligned branch/return thunks
[    0.594320] Spectre V2 : User space: Mitigation: STIBP via prctl
[    0.595320] MDS: Mitigation: Clear CPU buffers
[    0.596320] MMIO Stale Data: Vulnerable: Clear CPU buffers attempted, no microcode
[    0.597320] Spectre V1 : Mitigation: usercopy/swapgs barriers and __user pointer sanitization
[    0.598323] Spectre V2 : Spectre v2 / SpectreRSB: Filling RSB on context switch and VMEXIT
[    0.599322] Spectre V2 : mitigation: Enabling conditional Indirect Branch Prediction Barrier
[    0.600327] active return thunk: its_return_thunk
[    0.601321] Spectre V2 : Spectre BHI mitigation: SW BHB clearing on syscall and VM exit
[    0.602339] x86/fpu: Supporting XSAVE feature 0x001: 'x87 floating point registers'
[    0.603321] x86/fpu: Supporting XSAVE feature 0x002: 'SSE registers'
[    0.604321] x86/fpu: Supporting XSAVE feature 0x004: 'AVX registers'
[    0.605321] x86/fpu: xstate_offset[2]:  576, xstate_sizes[2]:  256
[    0.606321] x86/fpu: Enabled xstate features 0x7, context size is 832 bytes, using 'standard' format.
[    0.670972] Freeing SMP alternatives memory: 52K
[    0.671325] pid_max: default: 32768 minimum: 301
[    0.672443] LSM: initializing lsm=lockdown,capability,landlock,yama,apparmor,ima,evm
[    0.673336] landlock: Up and running.
[    0.674071] Yama: becoming mindful.
[    0.674417] AppArmor: AppArmor initialized
[    0.675598] Mount-cache hash table entries: 131072 (order: 8, 1048576 bytes, linear)
[    0.676495] Mountpoint-cache hash table entries: 131072 (order: 8, 1048576 bytes, linear)
[    0.781025] smpboot: CPU0: Intel(R) Xeon(R) CPU @ 2.30GHz (family: 0x6, model: 0x3f, stepping: 0x0)
[    0.781635] Performance Events: unsupported CPU family 6 model 63 no PMU driver, software events only.
[    0.782414] signal: max sigframe size: 1776
[    0.783369] rcu: Hierarchical SRCU implementation.
[    0.784321] rcu: 	Max phase no-delay instances is 400.
[    0.785412] Timer migration: 2 hierarchy levels; 8 children per group; 2 crossnode level
[    0.788550] NMI watchdog: Perf NMI watchdog permanently disabled
[    0.790609] smp: Bringing up secondary CPUs ...
[    0.791532] smpboot: x86: Booting SMP configuration:
[    0.792323] .... node  #0, CPUs:        #1  #2  #3  #4  #5  #6  #7  #8  #9 #10 #11 #12 #13 #14 #15 #16 #17 #18 #19 #20 #21 #22 #23
[    0.804515] MDS CPU bug present and SMT on, data leak possible. See https://www.kernel.org/doc/html/latest/admin-guide/hw-vuln/mds.html for more details.
[    0.806322] MMIO Stale Data CPU bug present and SMT on, data leak possible. See https://www.kernel.org/doc/html/latest/admin-guide/hw-vuln/processor_mmio_stale_data.html for more details.
[    0.812485] smp: Brought up 1 node, 24 CPUs
[    0.813322] smpboot: Total of 24 processors activated (110399.90 BogoMIPS)
[    0.815668] Memory: 65805272K/67105084K available (22206K kernel code, 4673K rwdata, 15608K rodata, 5404K init, 6100K bss, 1277604K reserved, 0K cma-reserved)
[    0.818917] devtmpfs: initialized
[    0.819425] x86/mm: Memory block size: 1024MB
[    0.823346] ACPI: PM: Registering ACPI NVS region [mem 0xbfb7f000-0xbfbfefff] (524288 bytes)
[    0.824431] clocksource: jiffies: mask: 0xffffffff max_cycles: 0xffffffff, max_idle_ns: 1911260446275000 ns
[    0.825407] posixtimers hash table entries: 16384 (order: 6, 262144 bytes, linear)
[    0.827393] futex hash table entries: 8192 (524288 bytes on 1 NUMA nodes, total 512 KiB, linear).
[    0.828471] pinctrl core: initialized pinctrl subsystem
[    0.829598] PM: RTC time: 13:30:25, date: 2026-05-15
[    0.832052] NET: Registered PF_NETLINK/PF_ROUTE protocol family
[    0.834178] DMA: preallocated 4096 KiB GFP_KERNEL pool for atomic allocations
[    0.835480] DMA: preallocated 4096 KiB GFP_KERNEL|GFP_DMA pool for atomic allocations
[    0.837013] DMA: preallocated 4096 KiB GFP_KERNEL|GFP_DMA32 pool for atomic allocations
[    0.837338] audit: initializing netlink subsys (disabled)
[    0.838369] audit: type=2000 audit(1778851825.512:1): state=initialized audit_enabled=0 res=1
[    0.839332] thermal_sys: Registered thermal governor 'fair_share'
[    0.840321] thermal_sys: Registered thermal governor 'bang_bang'
[    0.841321] thermal_sys: Registered thermal governor 'step_wise'
[    0.842321] thermal_sys: Registered thermal governor 'user_space'
[    0.843321] thermal_sys: Registered thermal governor 'power_allocator'
[    0.844338] cpuidle: using governor ladder
[    0.846345] cpuidle: using governor menu
[    0.847427] acpiphp: ACPI Hot Plug PCI Controller Driver version: 0.5
[    0.849334] PCI: Using configuration type 1 for base access
[    0.850486] kprobes: kprobe jump-optimization is enabled. All kprobes are optimized if possible.
[    0.852493] HugeTLB: registered 1.00 GiB page size, pre-allocated 0 pages
[    0.853323] HugeTLB: 16380 KiB vmemmap can be freed for a 1.00 GiB page
[    0.854322] HugeTLB: registered 2.00 MiB page size, pre-allocated 0 pages
[    0.855321] HugeTLB: 28 KiB vmemmap can be freed for a 2.00 MiB page
[    0.859930] ACPI: Added _OSI(Module Device)
[    0.860322] ACPI: Added _OSI(Processor Device)
[    0.861322] ACPI: Added _OSI(Processor Aggregator Device)
[    0.866612] ACPI: 3 ACPI AML tables successfully acquired and loaded
[    0.871686] ACPI: Interpreter enabled
[    0.872342] ACPI: PM: (supports S0 S3 S4 S5)
[    0.873322] ACPI: Using IOAPIC for interrupt routing
[    0.875389] PCI: Using host bridge windows from ACPI; if necessary, use "pci=nocrs" and report a bug
[    0.876321] PCI: Ignoring E820 reservations for host bridge windows
[    0.878674] ACPI: Enabled 16 GPEs in block 00 to 0F
[    0.886353] ACPI: PCI Root Bridge [PCI0] (domain 0000 [bus 00-ff])
[    0.887328] acpi PNP0A03:00: _OSC: OS supports [ASPM ClockPM Segments MSI EDR HPX-Type3]
[    0.888322] acpi PNP0A03:00: _OSC: not requesting OS control; OS requires [ExtendedConfig ASPM ClockPM MSI]
[    0.889337] acpi PNP0A03:00: fail to add MMCONFIG information, can't access extended configuration space under this bridge
[    0.892251] PCI host bridge to bus 0000:00
[    0.892326] pci_bus 0000:00: root bus resource [io  0x0000-0x0cf7 window]
[    0.893322] pci_bus 0000:00: root bus resource [io  0x0d00-0xffff window]
[    0.894322] pci_bus 0000:00: root bus resource [mem 0x000a0000-0x000bffff window]
[    0.895322] pci_bus 0000:00: root bus resource [mem 0xc0000000-0xc53fffff window]
[    0.896325] pci_bus 0000:00: root bus resource [mem 0xc5440000-0xee3fffff window]
[    0.897323] pci_bus 0000:00: root bus resource [mem 0xee440000-0xfebfefff window]
[    0.898323] pci_bus 0000:00: root bus resource [mem 0x1040000000-0x2103fffffff window]
[    0.899323] pci_bus 0000:00: root bus resource [bus 00-ff]
[    0.900406] pci 0000:00:00.0: [8086:1237] type 00 class 0x060000 conventional PCI endpoint
[    0.905119] pci 0000:00:01.0: [8086:7110] type 00 class 0x060100 conventional PCI endpoint
[    0.910413] pci 0000:00:01.3: [8086:7113] type 00 class 0x068000 conventional PCI endpoint
[    0.917498] pci 0000:00:01.3: quirk: [io  0xb000-0xb03f] claimed by PIIX4 ACPI
[    0.920033] pci 0000:00:03.0: [1af4:1004] type 00 class 0x000000 conventional PCI endpoint
[    0.928351] pci 0000:00:03.0: BAR 0 [io  0xc040-0xc07f]
[    0.929338] pci 0000:00:03.0: BAR 1 [mem 0xc1001000-0xc100107f]
[    0.931075] pci 0000:00:04.0: [10de:1eb8] type 00 class 0x030200 conventional PCI endpoint
[    0.946358] pci 0000:00:04.0: BAR 0 [mem 0xc0000000-0xc0ffffff]
[    0.947352] pci 0000:00:04.0: BAR 1 [mem 0x1040000000-0x104fffffff 64bit pref]
[    0.948348] pci 0000:00:04.0: BAR 3 [mem 0x1050000000-0x1051ffffff 64bit pref]
[    0.950875] pci 0000:00:05.0: [1af4:1000] type 00 class 0x020000 conventional PCI endpoint
[    0.959352] pci 0000:00:05.0: BAR 0 [io  0xc000-0xc03f]
[    0.960342] pci 0000:00:05.0: BAR 1 [mem 0xc1000000-0xc10003ff]
[    0.962472] pci 0000:00:06.0: [1af4:1005] type 00 class 0x00ff00 conventional PCI endpoint
[    0.973323] pci 0000:00:06.0: BAR 0 [io  0xc080-0xc09f]
[    0.974337] pci 0000:00:06.0: BAR 1 [mem 0xc1002000-0xc100203f]
[    0.988275] ACPI: PCI: Interrupt link LNKA configured for IRQ 10
[    0.989487] ACPI: PCI: Interrupt link LNKB configured for IRQ 10
[    0.991483] ACPI: PCI: Interrupt link LNKC configured for IRQ 11
[    0.993501] ACPI: PCI: Interrupt link LNKD configured for IRQ 11
[    0.995379] ACPI: PCI: Interrupt link LNKS configured for IRQ 9
[    1.000084] iommu: Default domain type: Translated
[    1.000325] iommu: DMA domain TLB invalidation policy: lazy mode
[    1.003379] SCSI subsystem initialized
[    1.004381] ACPI: bus type USB registered
[    1.005346] usbcore: registered new interface driver usbfs
[    1.006333] usbcore: registered new interface driver hub
[    1.007342] usbcore: registered new device driver usb
[    1.008352] pps_core: LinuxPPS API ver. 1 registered
[    1.009321] pps_core: Software ver. 5.3.6 - Copyright 2005-2007 Rodolfo Giometti <giometti@linux.it>
[    1.010326] PTP clock support registered
[    1.011377] EDAC MC: Ver: 3.0.0
[    1.012610] efivars: Registered efivars operations
[    1.014991] NetLabel: Initializing
[    1.015322] NetLabel:  domain hash size = 128
[    1.016323] NetLabel:  protocols = UNLABELED CIPSOv4 CALIPSO
[    1.017357] NetLabel:  unlabeled traffic allowed by default
[    1.018365] mctp: management component transport protocol core
[    1.019322] NET: Registered PF_MCTP protocol family
[    1.020342] PCI: Using ACPI for IRQ routing
[    1.022414] vgaarb: loaded
[    1.023619] clocksource: Switched to clocksource kvm-clock
[    1.025911] VFS: Disk quotas dquot_6.6.0
[    1.027456] VFS: Dquot-cache hash table entries: 512 (order 0, 4096 bytes)
[    1.030496] AppArmor: AppArmor Filesystem Enabled
[    1.032248] pnp: PnP ACPI init
[    1.034353] pnp: PnP ACPI: found 7 devices
[    1.043420] clocksource: acpi_pm: mask: 0xffffff max_cycles: 0xffffff, max_idle_ns: 2085701024 ns
[    1.046821] NET: Registered PF_INET protocol family
[    1.049017] IP idents hash table entries: 262144 (order: 9, 2097152 bytes, linear)
[    1.075661] tcp_listen_portaddr_hash hash table entries: 32768 (order: 7, 524288 bytes, linear)
[    1.079142] Table-perturb hash table entries: 65536 (order: 6, 262144 bytes, linear)
[    1.082837] TCP established hash table entries: 524288 (order: 10, 4194304 bytes, linear)
[    1.086606] TCP bind hash table entries: 65536 (order: 9, 2097152 bytes, linear)
[    1.089640] TCP: Hash tables configured (established 524288 bind 65536)
[    1.092741] MPTCP token hash table entries: 65536 (order: 9, 1572864 bytes, linear)
[    1.096240] UDP hash table entries: 32768 (order: 9, 2097152 bytes, linear)
[    1.099643] UDP-Lite hash table entries: 32768 (order: 9, 2097152 bytes, linear)
[    1.101421] NET: Registered PF_UNIX/PF_LOCAL protocol family
[    1.102301] NET: Registered PF_XDP protocol family
[    1.103268] pci_bus 0000:00: resource 4 [io  0x0000-0x0cf7 window]
[    1.104247] pci_bus 0000:00: resource 5 [io  0x0d00-0xffff window]
[    1.105502] pci_bus 0000:00: resource 6 [mem 0x000a0000-0x000bffff window]
[    1.107377] pci_bus 0000:00: resource 7 [mem 0xc0000000-0xc53fffff window]
[    1.109867] pci_bus 0000:00: resource 8 [mem 0xc5440000-0xee3fffff window]
[    1.112107] pci_bus 0000:00: resource 9 [mem 0xee440000-0xfebfefff window]
[    1.114189] pci_bus 0000:00: resource 10 [mem 0x1040000000-0x2103fffffff window]
[    1.116622] pci 0000:00:00.0: Limiting direct PCI/PCI transfers
[    1.119017] PCI: CLS 0 bytes, default 64
[    1.120651] PCI-DMA: Using software bounce buffering for IO (SWIOTLB)
[    1.121867] software IO TLB: mapped [mem 0x00000000b7f7f000-0x00000000bbf7f000] (64MB)
[    1.123081] clocksource: tsc: mask: 0xffffffffffffffff max_cycles: 0x212733415c7, max_idle_ns: 440795236380 ns
[    1.125890] clocksource: Switched to clocksource tsc
[    1.146617] Initialise system trusted keyrings
[    1.147878] Key type blacklist registered
[    1.149660] workingset: timestamp_bits=36 max_order=24 bucket_order=0
[    1.152223] squashfs: version 4.0 (2009/01/31) Phillip Lougher
[    1.154764] fuse: init (API version 7.44)
[    1.156866] integrity: Platform Keyring initialized
[    1.158710] integrity: Machine keyring initialized
[    1.175215] Key type asymmetric registered
[    1.176801] Asymmetric key parser 'x509' registered
[    1.178223] Block layer SCSI generic (bsg) driver version 0.4 loaded (major 242)
[    1.180957] io scheduler mq-deadline registered
[    1.185136] ledtrig-cpu: registered to indicate activity on CPUs
[    1.187227] input: Power Button as /devices/LNXSYSTM:00/LNXPWRBN:00/input/input0
[    1.189733] ACPI: button: Power Button [PWRF]
[    1.191468] input: Sleep Button as /devices/LNXSYSTM:00/LNXSLPBN:00/input/input1
[    1.193969] ACPI: button: Sleep Button [SLPF]
[    1.203277] ACPI: \_SB_.LNKC: Enabled at IRQ 11
[    1.205050] virtio-pci 0000:00:03.0: virtio_pci: leaving for legacy driver
[    1.216563] ACPI: \_SB_.LNKA: Enabled at IRQ 10
[    1.218434] virtio-pci 0000:00:05.0: virtio_pci: leaving for legacy driver
[    1.231792] ACPI: \_SB_.LNKB: Enabled at IRQ 10
[    1.233625] virtio-pci 0000:00:06.0: virtio_pci: leaving for legacy driver
[    1.242378] Serial: 8250/16550 driver, 32 ports, IRQ sharing enabled
[    1.267832] 00:03: ttyS0 at I/O 0x3f8 (irq = 4, base_baud = 115200) is a 16550A
[    1.293906] 00:04: ttyS1 at I/O 0x2f8 (irq = 3, base_baud = 115200) is a 16550A
[    1.319463] 00:05: ttyS2 at I/O 0x3e8 (irq = 6, base_baud = 115200) is a 16550A
[    1.344830] 00:06: ttyS3 at I/O 0x2e8 (irq = 7, base_baud = 115200) is a 16550A
[    1.350160] Linux agpgart interface v0.103
[    1.358293] tpm_tis MSFT0101:00: 2.0 TPM (device-id 0x9009, rev-id 0)
[    1.377436] loop: module loaded
[    1.382480] virtio_scsi virtio0: 1/0/0 default/read/poll queues
[    1.403239] scsi host0: Virtio SCSI HBA
[    1.404384] blk-mq: reduced tag depth to 10240
[    1.411285] Key type psk registered
[    1.411722] scsi 0:0:1:0: Direct-Access     Google   PersistentDisk   1    PQ: 0 ANSI: 6
[    1.413711] ACPI: bus type drm_connector registered
[    1.416743] tun: Universal TUN/TAP device driver, 1.6
[    1.542624] sd 0:0:1:0: Attached scsi generic sg0 type 0
[    1.546995] sd 0:0:1:0: [sda] 4194304000 512-byte logical blocks: (2.15 TB/1.95 TiB)
[    1.580043] sd 0:0:1:0: [sda] 4096-byte physical blocks
[    1.598498] sd 0:0:1:0: [sda] Write Protect is off
[    1.612204] sd 0:0:1:0: [sda] Write cache: enabled, read cache: enabled, doesn't support DPO or FUA
[    1.677672] PPP generic driver version 2.4.2
[    1.679244] i8042: PNP: PS/2 Controller [PNP0303:KBD,PNP0f13:MOU] at 0x60,0x64 irq 1,12
[    1.681600] i8042: Warning: Keylock active
[    1.685268] serio: i8042 KBD port at 0x60,0x64 irq 1
[    1.686739] serio: i8042 AUX port at 0x60,0x64 irq 12
[    1.688044] GPT:Primary header thinks Alt. header is not at the end of the disk.
[    1.688429] mousedev: PS/2 mouse device common for all mice
[    1.690171] GPT:104857599 != 4194303999
[    1.690174] GPT:Alternate GPT header not at the end of the disk.
[    1.690175] GPT:104857599 != 4194303999
[    1.690176] GPT: Use GNU Parted to correct GPT errors.
[    1.690184]  sda: sda1 sda14 sda15 sda16
[    1.690504] sd 0:0:1:0: [sda] Attached SCSI disk
[    1.691991] rtc_cmos 00:00: RTC can wake from S4
[    1.702513] rtc_cmos 00:00: registered as rtc0
[    1.703951] rtc_cmos 00:00: setting system clock to 2026-05-15T13:30:26 UTC (1778851826)
[    1.706635] rtc_cmos 00:00: alarms up to one day, 114 bytes nvram
[    1.708332] i2c_dev: i2c /dev entries driver
[    1.709609] device-mapper: core: CONFIG_IMA_DISABLE_HTABLE is disabled. Duplicate IMA measurements will not be recorded in the IMA log.
[    1.712901] device-mapper: uevent: version 1.0.3
[    1.714389] device-mapper: ioctl: 4.50.0-ioctl (2025-04-28) initialised: dm-devel@lists.linux.dev
[    1.716990] intel_pstate: CPU model not supported
[    1.718516] drop_monitor: Initializing network drop monitor service
[    1.721165] NET: Registered PF_INET6 protocol family
[    1.723298] Segment Routing with IPv6
[    1.724377] In-situ OAM (IOAM) with IPv6
[    1.725592] NET: Registered PF_PACKET protocol family
[    1.727197] Key type dns_resolver registered
[    1.732796] IPI shorthand broadcast: enabled
[    1.736829] sched_clock: Marking stable (1504018123, 231928514)->(1998332135, -262385498)
[    1.739604] registered taskstats version 1
[    1.743368] Loading compiled-in X.509 certificates
[    1.745587] Loaded X.509 cert 'Build time autogenerated kernel key: e45cb4cd1c398ae218369364b5dd9534d3664c1e'
[    1.749372] Loaded X.509 cert 'Canonical Ltd. Live Patch Signing 2025 Kmod: d541cef61dc7e793b7eb7e899970a2eef0b5dc8c'
[    1.752888] Loaded X.509 cert 'Canonical Ltd. Live Patch Signing: 14df34d1a87cf37625abec039ef2bf521249b969'
[    1.756285] Loaded X.509 cert 'Canonical Ltd. Kernel Module Signing: 88f752e560a1e0737e31163a466ad7b70a850c19'
[    1.759238] blacklist: Loading compiled-in revocation X.509 certificates
[    1.761255] Loaded X.509 cert 'Canonical Ltd. Secure Boot Signing: 61482aa2830d0ab2ad5af10b7250da9033ddcef0'
[    1.764096] Loaded X.509 cert 'Canonical Ltd. Secure Boot Signing (2017): 242ade75ac4a15e50d50c84b0d45ff3eae707a03'
[    1.767157] Loaded X.509 cert 'Canonical Ltd. Secure Boot Signing (ESM 2018): 365188c1d374d6b07c3c8f240f8ef722433d6a8b'
[    1.770335] Loaded X.509 cert 'Canonical Ltd. Secure Boot Signing (2019): c0746fd6c5da3ae827864651ad66ae47fe24b3e8'
[    1.773256] Loaded X.509 cert 'Canonical Ltd. Secure Boot Signing (2021 v1): a8d54bbb3825cfb94fa13c9f8a594a195c107b8d'
[    1.776229] Loaded X.509 cert 'Canonical Ltd. Secure Boot Signing (2021 v2): 4cf046892d6fd3c9a5b03f98d845f90851dc6a8c'
[    1.779182] Loaded X.509 cert 'Canonical Ltd. Secure Boot Signing (2021 v3): 100437bb6de6e469b581e61cd66bce3ef4ed53af'
[    1.782182] Loaded X.509 cert 'Canonical Ltd. Secure Boot Signing (Ubuntu Core 2019): c1d57b8f6b743f23ee41f4f7ee292f06eecadfb9'
[    1.791671] Demotion targets for Node 0: null
[    1.793265] Key type .fscrypt registered
[    1.794434] Key type fscrypt-provisioning registered
[    1.795916] Key type big_key registered
[    1.797079] Key type trusted registered
[    1.800089] Key type encrypted registered
[    1.801325] AppArmor: AppArmor sha256 policy hashing enabled
[    1.803594] integrity: Loading X.509 certificate: UEFI:db
[    1.805189] integrity: Loaded X.509 cert 'Microsoft Corporation UEFI CA 2011: 13adbf4309bd82709c8cd54f316ed522988a1bd4'
[    1.808242] integrity: Loading X.509 certificate: UEFI:db
[    1.809763] integrity: Loaded X.509 cert 'Microsoft Windows Production PCA 2011: a92902398e16c49778cd90f99e4f9ae17c55af53'
[    1.812828] integrity: Loading X.509 certificate: UEFI:db
[    1.814424] integrity: Loaded X.509 cert 'Microsoft Corporation: Windows UEFI CA 2023: aefc5fbbbe055d8f8daa585473499417ab5a5272'
[    1.817538] integrity: Loading X.509 certificate: UEFI:db
[    1.819131] integrity: Loaded X.509 cert 'Microsoft UEFI CA 2023: 81aa6b3244c935bce0d6628af39827421e32497d'
[    1.822202] integrity: Revoking X.509 certificate: UEFI:dbx
[    1.823777] blacklist: Revoked X.509 cert 'Canonical Ltd. Secure Boot Signing: 61482aa2830d0ab2ad5af10b7250da9033ddcef0'
[    1.826716] integrity: Revoking X.509 certificate: UEFI:dbx
[    1.828367] blacklist: Revoked X.509 cert 'Cisco: Virtual UEFI SubCA: 13df2e3f54ebf347dcaecebf21d3cbb2355a4c9a'
[    1.831228] integrity: Revoking X.509 certificate: UEFI:dbx
[    1.832762] blacklist: Revoked X.509 cert 'Debian Secure Boot Signer: 00a7468def'
[    1.835419] Loading compiled-in module X.509 certificates
[    1.837547] Loaded X.509 cert 'Build time autogenerated kernel key: e45cb4cd1c398ae218369364b5dd9534d3664c1e'
[    1.840355] ima: Allocated hash algorithm: sha256
[    1.873713] ima: No architecture policies found
[    1.875067] evm: Initialising EVM extended attributes:
[    1.876561] evm: security.selinux
[    1.877559] evm: security.SMACK64
[    1.878562] evm: security.SMACK64EXEC
[    1.879573] evm: security.SMACK64TRANSMUTE
[    1.880746] evm: security.SMACK64MMAP
[    1.881794] evm: security.apparmor
[    1.882823] evm: security.ima
[    1.883744] evm: security.capability
[    1.884743] evm: HMAC attrs: 0x1
[    1.886119] PM:   Magic number: 10:975:533
[    1.887330] tty ttyS13: hash matches
[    1.888396] port serial8250:0.12: hash matches
[    1.892638] RAS: Correctable Errors collector initialized.
[    1.899599] input: AT Translated Set 2 keyboard as /devices/platform/i8042/serio0/input/input2
[    1.912002] clk: Disabling unused clocks
[    1.913197] PM: genpd: Disabling unused power domains
[    1.915581] check access for rdinit=/init failed: -2, ignoring
[    1.916519] md: Waiting for all devices to be available before autodetect
[    1.917532] md: If you don't use raid, use raid=noautodetect
[    1.918401] md: Autodetecting RAID arrays.
[    1.919011] md: autorun ...
[    1.919472] md: ... autorun DONE.
[    1.929274] EXT4-fs (sda1): mounted filesystem 89fcf612-67c3-434b-97ea-2cfdbfe01b5b ro with ordered data mode. Quota mode: none.
[    1.931004] VFS: Mounted root (ext4 filesystem) readonly on device 8:1.
[    1.932707] devtmpfs: mounted
[    1.935448] Freeing unused decrypted memory: 2028K
[    1.938149] Freeing unused kernel image (initmem) memory: 5404K
[    1.939365] Write protecting the kernel read-only data: 38912k
[    1.940993] Freeing unused kernel image (text/rodata gap) memory: 320K
[    1.942709] Freeing unused kernel image (rodata/data gap) memory: 776K
[    2.008064] x86/mm: Checked W+X mappings: passed, no W+X pages found.
[    2.009037] x86/mm: Checking user space page tables
[    2.073783] x86/mm: Checked W+X mappings: passed, no W+X pages found.
[    2.074750] Run /sbin/init as init process
[    2.322676] systemd[1]: Inserted module 'autofs4'
[    2.501454] systemd[1]: systemd 255.4-1ubuntu8.15 running in system mode (+PAM +AUDIT +SELINUX +APPARMOR +IMA +SMACK +SECCOMP +GCRYPT -GNUTLS +OPENSSL +ACL +BLKID +CURL +ELFUTILS +FIDO2 +IDN2 -IDN +IPTC +KMOD +LIBCRYPTSETUP +LIBFDISK +PCRE2 -PWQUALITY +P11KIT +QRENCODE +TPM2 +BZIP2 +LZ4 +XZ +ZLIB +ZSTD -BPF_FRAMEWORK -XKBCOMMON +UTMP +SYSVINIT default-hierarchy=unified)
[    2.506039] systemd[1]: Detected virtualization google.
[    2.506898] systemd[1]: Detected architecture x86-64.

Welcome to [1mUbuntu 24.04.4 LTS[0m!

[    2.515063] systemd[1]: No hostname configured, using default hostname.
[    2.516211] systemd[1]: Hostname set to <localhost>.
[    2.944243] systemd[1]: Queued start job for default target graphical.target.
[    2.969929] systemd[1]: Created slice system-modprobe.slice - Slice /system/modprobe.
[[0;32m  OK  [0m] Created slice [0;1;39msystem-modprobe.slice[0m - Slice /system/modprobe.
[    2.975206] systemd[1]: Created slice system-serial\x2dgetty.slice - Slice /system/serial-getty.
[[0;32m  OK  [0m] Created slice [0;1;39msystem-serial\x2dget…slice[0m - Slice /system/serial-getty.
[    2.980687] systemd[1]: Created slice system-systemd\x2dfsck.slice - Slice /system/systemd-fsck.
[[0;32m  OK  [0m] Created slice [0;1;39msystem-systemd\x2dfs…slice[0m - Slice /system/systemd-fsck.
[    2.985457] systemd[1]: Created slice user.slice - User and Session Slice.
[[0;32m  OK  [0m] Created slice [0;1;39muser.slice[0m - User and Session Slice.
[    2.989090] systemd[1]: Started systemd-ask-password-wall.path - Forward Password Requests to Wall Directory Watch.
[[0;32m  OK  [0m] Started [0;1;39msystemd-ask-password-wall.…[0md Requests to Wall Directory Watch.
[    2.994251] systemd[1]: Set up automount proc-sys-fs-binfmt_misc.automount - Arbitrary Executable File Formats File System Automount Point.
[[0;32m  OK  [0m] Set up automount [0;1;39mproc-sys-fs-binfm…[0mormats File System Automount Point.
[    2.999021] systemd[1]: Expecting device dev-disk-by\x2dlabel-BOOT.device - /dev/disk/by-label/BOOT...
         Expecting device [0;1;39mdev-disk-by\x2dla…device[0m - /dev/disk/by-label/BOOT...
[    3.002991] systemd[1]: Expecting device dev-disk-by\x2dlabel-UEFI.device - /dev/disk/by-label/UEFI...
         Expecting device [0;1;39mdev-disk-by\x2dla…device[0m - /dev/disk/by-label/UEFI...
[    3.006988] systemd[1]: Expecting device dev-ttyS0.device - /dev/ttyS0...
         Expecting device [0;1;39mdev-ttyS0.device[0m - /dev/ttyS0...
[    3.011019] systemd[1]: Reached target integritysetup.target - Local Integrity Protected Volumes.
[[0;32m  OK  [0m] Reached target [0;1;39mintegritysetup.targ…[0m Local Integrity Protected Volumes.
[    3.015037] systemd[1]: Reached target slices.target - Slice Units.
[[0;32m  OK  [0m] Reached target [0;1;39mslices.target[0m - Slice Units.
[    3.019019] systemd[1]: Reached target snapd.mounts-pre.target - Mounting snaps.
[[0;32m  OK  [0m] Reached target [0;1;39msnapd.mounts-pre.target[0m - Mounting snaps.
[    3.023014] systemd[1]: Reached target swap.target - Swaps.
[[0;32m  OK  [0m] Reached target [0;1;39mswap.target[0m - Swaps.
[    3.027007] systemd[1]: Reached target time-set.target - System Time Set.
[[0;32m  OK  [0m] Reached target [0;1;39mtime-set.target[0m - System Time Set.
[    3.031043] systemd[1]: Reached target veritysetup.target - Local Verity Protected Volumes.
[[0;32m  OK  [0m] Reached target [0;1;39mveritysetup.target[0m - Local Verity Protected Volumes.
[    3.035140] systemd[1]: Listening on dm-event.socket - Device-mapper event daemon FIFOs.
[[0;32m  OK  [0m] Listening on [0;1;39mdm-event.socket[0m - Device-mapper event daemon FIFOs.
[    3.039206] systemd[1]: Listening on lvm2-lvmpolld.socket - LVM2 poll daemon socket.
[[0;32m  OK  [0m] Listening on [0;1;39mlvm2-lvmpolld.socket[0m - LVM2 poll daemon socket.
[    3.044159] systemd[1]: Listening on multipathd.socket - multipathd control socket.
[[0;32m  OK  [0m] Listening on [0;1;39mmultipathd.socket[0m - multipathd control socket.
[    3.048202] systemd[1]: Listening on syslog.socket - Syslog Socket.
[[0;32m  OK  [0m] Listening on [0;1;39msyslog.socket[0m - Syslog Socket.
[    3.052107] systemd[1]: Listening on systemd-fsckd.socket - fsck to fsckd communication Socket.
[[0;32m  OK  [0m] Listening on [0;1;39msystemd-fsckd.socket[0m …fsck to fsckd communication Socket.
[    3.057097] systemd[1]: Listening on systemd-initctl.socket - initctl Compatibility Named Pipe.
[[0;32m  OK  [0m] Listening on [0;1;39msystemd-initctl.socke…[0m- initctl Compatibility Named Pipe.
[    3.062128] systemd[1]: Listening on systemd-journald-dev-log.socket - Journal Socket (/dev/log).
[[0;32m  OK  [0m] Listening on [0;1;39msystemd-journald-dev-…socket[0m - Journal Socket (/dev/log).
[    3.066195] systemd[1]: Listening on systemd-journald.socket - Journal Socket.
[[0;32m  OK  [0m] Listening on [0;1;39msystemd-journald.socket[0m - Journal Socket.
[    3.070253] systemd[1]: Listening on systemd-networkd.socket - Network Service Netlink Socket.
[[0;32m  OK  [0m] Listening on [0;1;39msystemd-networkd.socket[0m - Network Service Netlink Socket.
[    3.075044] systemd[1]: systemd-pcrextend.socket - TPM2 PCR Extension (Varlink) was skipped because of an unmet condition check (ConditionSecurity=measured-uki).
[    3.077391] systemd[1]: Listening on systemd-udevd-control.socket - udev Control Socket.
[[0;32m  OK  [0m] Listening on [0;1;39msystemd-udevd-control.socket[0m - udev Control Socket.
[    3.082117] systemd[1]: Listening on systemd-udevd-kernel.socket - udev Kernel Socket.
[[0;32m  OK  [0m] Listening on [0;1;39msystemd-udevd-kernel.socket[0m - udev Kernel Socket.
[    3.104098] systemd[1]: Mounting dev-hugepages.mount - Huge Pages File System...
         Mounting [0;1;39mdev-hugepages.mount[0m - Huge Pages File System...
[    3.109208] systemd[1]: Mounting dev-mqueue.mount - POSIX Message Queue File System...
         Mounting [0;1;39mdev-mqueue.mount[0m - POSIX Message Queue File System...
[    3.114318] systemd[1]: Mounting sys-kernel-debug.mount - Kernel Debug File System...
         Mounting [0;1;39msys-kernel-debug.mount[0m - Kernel Debug File System...
[    3.119190] systemd[1]: Mounting sys-kernel-tracing.mount - Kernel Trace File System...
         Mounting [0;1;39msys-kernel-tracing.mount[0m - Kernel Trace File System...
[    3.127603] systemd[1]: Starting systemd-journald.service - Journal Service...
         Starting [0;1;39msystemd-journald.service[0m - Journal Service...
[    3.133290] systemd[1]: Starting keyboard-setup.service - Set the console keyboard layout...
         Starting [0;1;39mkeyboard-setup.service[0m - Set the console keyboard layout...
[    3.139414] systemd[1]: Starting kmod-static-nodes.service - Create List of Static Device Nodes...
         Starting [0;1;39mkmod-static-nodes.service[0m…eate List of Static Device Nodes...
[    3.145146] systemd[1]: Starting lvm2-monitor.service - Monitoring of LVM2 mirrors, snapshots etc. using dmeventd or progress polling...
         Starting [0;1;39mlvm2-monitor.service[0m - Mo…ing dmeventd or progress polling...
[    3.149359] systemd-journald[285]: Collecting audit messages is disabled.
[    3.150296] systemd[1]: Starting modprobe@configfs.service - Load Kernel Module configfs...
         Starting [0;1;39mmodprobe@configfs.service[0m - Load Kernel Module configfs...
[    3.156314] systemd[1]: Starting modprobe@dm_mod.service - Load Kernel Module dm_mod...
         Starting [0;1;39mmodprobe@dm_mod.service[0m - Load Kernel Module dm_mod...
[    3.162343] systemd[1]: Starting modprobe@drm.service - Load Kernel Module drm...
         Starting [0;1;39mmodprobe@drm.service[0m - Load Kernel Module drm...
[    3.166123] systemd[1]: Starting modprobe@efi_pstore.service - Load Kernel Module efi_pstore...
         Starting [0;1;39mmodprobe@efi_pstore.servi…[0m - Load Kernel Module efi_pstore...
[    3.170524] systemd[1]: Starting modprobe@fuse.service - Load Kernel Module fuse...
         Starting [0;1;39mmodprobe@fuse.service[0m - Load Kernel Module fuse...
[    3.176155] pstore: Using crash dump compression: deflate
[    3.176501] systemd[1]: Starting modprobe@loop.service - Load Kernel Module loop...
         Starting [0;1;39mmodprobe@loop.service[0m - Load Kernel Module loop...
[    3.181289] systemd[1]: Starting modprobe@nvme_fabrics.service - Load Kernel Module nvme_fabrics...
         Starting [0;1;39mmodprobe@nvme_fabrics.ser…[0m Load Kernel Module nvme_fabrics...
[    3.184971] systemd[1]: netplan-ovs-cleanup.service - OpenVSwitch configuration for cleanup was skipped because of an unmet condition check (ConditionFileIsExecutable=/usr/bin/ovs-vsctl).
[    3.186346] pstore: Registered efi_pstore as persistent store backend
[    3.188739] systemd[1]: Starting systemd-fsck-root.service - File System Check on Root Device...
         Starting [0;1;39msystemd-fsck-root.service[0m…File System Check on Root Device...
[    3.195893] systemd[1]: Starting systemd-modules-load.service - Load Kernel Modules...
         Starting [0;1;39msystemd-modules-load.service[0m - Load Kernel Modules...
[    3.201044] systemd[1]: systemd-pcrmachine.service - TPM2 PCR Machine ID Measurement was skipped because of an unmet condition check (ConditionSecurity=measured-uki).
[    3.203241] systemd[1]: systemd-tpm2-setup-early.service - TPM2 SRK Setup (Early) was skipped because of an unmet condition check (ConditionSecurity=measured-uki).
[    3.206704] systemd[1]: Starting systemd-udev-trigger.service - Coldplug All udev Devices...
         Starting [0;1;39msystemd-udev-trigger.service[0m - Coldplug All udev Devices...
[    3.209762] systemd[1]: Started systemd-journald.service - Journal Service.
[[0;32m  OK  [0m] Started [0;1;39msystemd-journald.service[0m - Journal Service.
[[0;32m  OK  [0m] Mounted [0;1;39mdev-hugepages.mount[0m - Huge Pages File System.
[[0;32m  OK  [0m] Mounted [0;1;39mdev-mqueue.mount[0m - POSIX Message Queue File System.
[[0;32m  OK  [0m] Mounted [0;1;39msys-kernel-debug.mount[0m - Kernel Debug File System.
[[0;32m  OK  [0m] Mounted [0;1;39msys-kernel-tracing.mount[0m - Kernel Trace File System.
[[0;32m  OK  [0m] Finished [0;1;39mkeyboard-setup.service[0m - Set the console keyboard layout.
[[0;32m  OK  [0m] Finished [0;1;39mkmod-static-nodes.service[0m…Create List of Static Device Nodes.
[[0;32m  OK  [0m] Finished [0;1;39mmodprobe@configfs.service[0m - Load Kernel Module configfs.
[[0;32m  OK  [0m] Finished [0;1;39mmodprobe@dm_mod.service[0m - Load Kernel Module dm_mod.
[[0;32m  OK  [0m] Finished [0;1;39mmodprobe@drm.service[0m - Load Kernel Module drm.
[[0;32m  OK  [0m] Finished [0;1;39mmodprobe@efi_pstore.service[0m - Load Kernel Module efi_pstore.
[[0;32m  OK  [0m] Finished [0;1;39mmodprobe@fuse.service[0m - Load Kernel Module fuse.
[[0;32m  OK  [0m] Finished [0;1;39mmodprobe@loop.service[0m - Load Kernel Module loop.
[[0;32m  OK  [0m] Finished [0;1;39mmodprobe@nvme_fabrics.ser…[0m - Load Kernel Module nvme_fabrics.
[[0;32m  OK  [0m] Finished [0;1;39msystemd-modules-load.service[0m - Load Kernel Modules.
         Mounting [0;1;39msys-fs-fuse-connections.mount[0m - FUSE Control File System...
         Mounting [0;1;39msys-kernel-config.mount[0m - Kernel Configuration File System...
[[0;32m  OK  [0m] Started [0;1;39msystemd-fsckd.service[0m - Fi…stem Check Daemon to report status.
         Starting [0;1;39msystemd-sysctl.service[0m - Apply Kernel Variables...
         Starting [0;1;39msystemd-tmpfiles-setup-de…[0m Device Nodes in /dev gracefully...
[[0;32m  OK  [0m] Finished [0;1;39mlvm2-monitor.service[0m - Mo…using dmeventd or progress polling.
[[0;32m  OK  [0m] Finished [0;1;39msystemd-fsck-root.service[0m - File System Check on Root Device.
[[0;32m  OK  [0m] Mounted [0;1;39msys-fs-fuse-connections.mount[0m - FUSE Control File System.
[[0;32m  OK  [0m] Mounted [0;1;39msys-kernel-config.mount[0m - Kernel Configuration File System.
         Starting [0;1;39msystemd-remount-fs.servic…[0munt Root and Kernel File Systems...
[[0;32m  OK  [0m] Finished [0;1;39msystemd-sysctl.service[0m - Apply Kernel Variables.
[[0;32m  OK  [0m] Finished [0;1;39msystemd-tmpfiles-setup-de…[0mic Device Nodes in /dev gracefully.
[[0;32m  OK  [0m] Finished [0;1;39msystemd-remount-fs.servic…[0mmount Root and Kernel File Systems.
         Starting [0;1;39mmultipathd.service[0m - Devi…pper Multipath Device Controller...
         Starting [0;1;39msystemd-journal-flush.ser…[0msh Journal to Persistent Storage...
         Starting [0;1;39msystemd-random-seed.service[0m - Load/Save OS Random Seed...
         Starting [0;1;39msystemd-tmpfiles-setup-de…[0meate Static Device Nodes in /dev...
[[0;32m  OK  [0m] Finished [0;1;39msystemd-udev-trigger.service[0m - Coldplug All udev Devices.
[[0;32m  OK  [0m] Finished [0;1;39msystemd-random-seed.service[0m - Load/Save OS Random Seed.
[[0;32m  OK  [0m] Finished [0;1;39msystemd-tmpfiles-setup-de…[0mCreate Static Device Nodes in /dev.
         Starting [0;1;39msystemd-udevd.service[0m - R…ager for Device Events and Files...
[[0;32m  OK  [0m] Started [0;1;39mmultipathd.service[0m - Devic…Mapper Multipath Device Controller.
[[0;32m  OK  [0m] Started [0;1;39msystemd-udevd.service[0m - Ru…anager for Device Events and Files.
[[0;32m  OK  [0m] Reached target [0;1;39mlocal-fs-pre.target[0m…Preparation for Local File Systems.
         Mounting [0;1;39msnap-core22-2411.mount[0m - …t unit for core22, revision 2411...
         Mounting [0;1;39msnap-google\x2dcloud\x2dc…[0mr google-cloud-cli, revision 448...
         Mounting [0;1;39msnap-snapd-26865.mount[0m - …t unit for snapd, revision 26865...
[[0;32m  OK  [0m] Started [0;1;39msystemd-ask-password-conso…[0mequests to Console Directory Watch.
[[0;32m  OK  [0m] Reached target [0;1;39mcryptsetup.target[0m - Local Encrypted Volumes.
[[0;32m  OK  [0m] Finished [0;1;39msystemd-journal-flush.ser…[0mlush Journal to Persistent Storage.
[[0;32m  OK  [0m] Mounted [0;1;39msnap-core22-2411.mount[0m - Mount unit for core22, revision 2411.
[[0;32m  OK  [0m] Mounted [0;1;39msnap-google\x2dcloud\x2dcl…[0mfor google-cloud-cli, revision 448.
[[0;32m  OK  [0m] Mounted [0;1;39msnap-snapd-26865.mount[0m - Mount unit for snapd, revision 26865.
[[0;32m  OK  [0m] Found device [0;1;39mdev-ttyS0.device[0m - /dev/ttyS0.
[[0;32m  OK  [0m] Found device [0;1;39mdev-disk-by\x2dlabel-UEFI.device[0m - PersistentDisk UEFI.
[[0;32m  OK  [0m] Found device [0;1;39mdev-disk-by\x2dlabel-BOOT.device[0m - PersistentDisk BOOT.
[[0;32m  OK  [0m] Reached target [0;1;39msnapd.mounts.target[0m - Mounted snaps.
[[0;32m  OK  [0m] Listening on [0;1;39msystemd-rfkill.socket[0m…ll Switch Status /dev/rfkill Watch.
[    3.910732] 
         Starting [0;1;39msystemd-fsck@dev-disk-by\…[0mCheck on /dev/disk/by-label/BOOT...
         Starting [0;1;39msystemd-fsck@dev-disk-by\…[0mCheck on /dev/disk/by-label/UEFI...
Checking in progress on 1 disk (0.0% complete)[[0;32m  OK  [0m] Finished [0;1;39msystemd-fsck@dev-disk-by\…[0mm Check on /dev/disk/by-label/BOOT.
Checking in progress on 0 disks (100.0% complete)[[0;32m  OK  [0m] Finished [0;1;39msystemd-fsck@dev-disk-by\…[0mm Check on /dev/disk/by-label/UEFI.
         Mounting [0;1;39mboot.mount[0m - /boot...
[[0;32m  OK  [0m] Mounted [0;1;39mboot.mount[0m - /boot.
         Mounting [0;1;39mboot-efi.mount[0m - /boot/efi...
[[0;32m  OK  [0m] Mounted [0;1;39mboot-efi.mount[0m - /boot/efi.
[[0;32m  OK  [0m] Reached target [0;1;39mlocal-fs.target[0m - Local File Systems.
[[0;32m  OK  [0m] Listening on [0;1;39msystemd-sysext.socket[0m…tension Image Management (Varlink).
         Starting [0;1;39mapparmor.service[0m - Load AppArmor profiles...
         Starting [0;1;39mconsole-setup.service[0m - Set console font and keymap...
         Starting [0;1;39mfinalrd.service[0m - Create …time dir for shutdown pivot root...
         Starting [0;1;39mplymouth-read-write.servi…[0mymouth To Write Out Runtime Data...
         Starting [0;1;39msystemd-binfmt.service[0m - Set Up Additional Binary Formats...
         Starting [0;1;39msystemd-tmpfiles-setup.se…[0me Volatile Files and Directories...
         Starting [0;1;39mufw.service[0m - Uncomplicated firewall...
[[0;32m  OK  [0m] Finished [0;1;39mconsole-setup.service[0m - Set console font and keymap.
[[0;32m  OK  [0m] Finished [0;1;39mfinalrd.service[0m - Create …untime dir for shutdown pivot root.
[[0;32m  OK  [0m] Finished [0;1;39mufw.service[0m - Uncomplicated firewall.
[[0;32m  OK  [0m] Finished [0;1;39mplymouth-read-write.servi…[0mPlymouth To Write Out Runtime Data.
         Mounting [0;1;39mproc-sys-fs-binfmt_misc.m…[0mcutable File Formats File System...
[[0;32m  OK  [0m] Mounted [0;1;39mproc-sys-fs-binfmt_misc.mo…[0mxecutable File Formats File System.
[[0;32m  OK  [0m] Finished [0;1;39msystemd-binfmt.service[0m - Set Up Additional Binary Formats.
[[0;32m  OK  [0m] Finished [0;1;39mapparmor.service[0m - Load AppArmor profiles.
         Starting [0;1;39msnapd.apparmor.service[0m - …iles managed internally by snapd...
[[0;32m  OK  [0m] Finished [0;1;39msnapd.apparmor.service[0m - …ofiles managed internally by snapd.
[[0;32m  OK  [0m] Finished [0;1;39msystemd-tmpfiles-setup.se…[0mate Volatile Files and Directories.
         Starting [0;1;39msystemd-resolved.service[0m - Network Name Resolution...
         Starting [0;1;39msystemd-update-utmp.servi…[0mord System Boot/Shutdown in UTMP...
         Starting [0;1;39mcloud-init-local.service[0m …-init: Local Stage (pre-network)...
[[0;32m  OK  [0m] Finished [0;1;39msystemd-update-utmp.servi…[0mecord System Boot/Shutdown in UTMP.
         Starting [0;1;39mmodprobe@dm_mod.service[0m - Load Kernel Module dm_mod...
         Starting [0;1;39mmodprobe@efi_pstore.servi…[0m - Load Kernel Module efi_pstore...
         Starting [0;1;39mmodprobe@loop.service[0m - Load Kernel Module loop...
[[0;32m  OK  [0m] Finished [0;1;39mmodprobe@dm_mod.service[0m - Load Kernel Module dm_mod.
[[0;32m  OK  [0m] Finished [0;1;39mmodprobe@efi_pstore.service[0m - Load Kernel Module efi_pstore.
[[0;32m  OK  [0m] Finished [0;1;39mmodprobe@loop.service[0m - Load Kernel Module loop.
[[0;32m  OK  [0m] Started [0;1;39msystemd-resolved.service[0m - Network Name Resolution.
[[0;32m  OK  [0m] Reached target [0;1;39mnss-lookup.target[0m - Host and Network Name Lookups.
[    6.035937] cloud-init[720]: Cloud-init v. 25.3-0ubuntu1~24.04.1 running 'init-local' at Fri, 15 May 2026 13:30:31 +0000. Up 6.01 seconds.
         Starting [0;1;39mmodprobe@dm_mod.service[0m - Load Kernel Module dm_mod...
         Starting [0;1;39mmodprobe@efi_pstore.servi…[0m - Load Kernel Module efi_pstore...
         Starting [0;1;39mmodprobe@loop.service[0m - Load Kernel Module loop...
[[0;32m  OK  [0m] Finished [0;1;39mmodprobe@dm_mod.service[0m - Load Kernel Module dm_mod.
[[0;32m  OK  [0m] Finished [0;1;39mmodprobe@efi_pstore.service[0m - Load Kernel Module efi_pstore.
[[0;32m  OK  [0m] Finished [0;1;39mmodprobe@loop.service[0m - Load Kernel Module loop.
         Starting [0;1;39mmodprobe@dm_mod.service[0m - Load Kernel Module dm_mod...
         Starting [0;1;39mmodprobe@efi_pstore.servi…[0m - Load Kernel Module efi_pstore...
         Starting [0;1;39mmodprobe@loop.service[0m - Load Kernel Module loop...
[[0;32m  OK  [0m] Finished [0;1;39mmodprobe@dm_mod.service[0m - Load Kernel Module dm_mod.
[[0;32m  OK  [0m] Finished [0;1;39mmodprobe@efi_pstore.service[0m - Load Kernel Module efi_pstore.
[[0;32m  OK  [0m] Finished [0;1;39mmodprobe@loop.service[0m - Load Kernel Module loop.
[[0;32m  OK  [0m] Finished [0;1;39mcloud-init-local.service[0m …ud-init: Local Stage (pre-network).
[[0;32m  OK  [0m] Reached target [0;1;39mnetwork-pre.target[0m - Preparation for Network.
         Starting [0;1;39msystemd-networkd.service[0m - Network Configuration...
[[0;32m  OK  [0m] Started [0;1;39msystemd-networkd.service[0m - Network Configuration.
[[0;32m  OK  [0m] Reached target [0;1;39mnetwork.target[0m - Network.
         Starting [0;1;39msystemd-networkd-wait-onl…[0mait for Network to be Configured...
[[0;32m  OK  [0m] Finished [0;1;39msystemd-networkd-wait-onl…[0m Wait for Network to be Configured.
         Starting [0;1;39mcloud-init.service[0m - Cloud-init: Network Stage...
[    9.832387] cloud-init[817]: Cloud-init v. 25.3-0ubuntu1~24.04.1 running 'init' at Fri, 15 May 2026 13:30:34 +0000. Up 9.80 seconds.
[    9.845203] cloud-init[817]: ci-info: +++++++++++++++++++++++++++++++++++++++Net device info+++++++++++++++++++++++++++++++++++++++
[    9.858181] cloud-init[817]: ci-info: +--------+------+----------------------------+-----------------+--------+-------------------+
[    9.871158] cloud-init[817]: ci-info: | Device |  Up  |          Address           |       Mask      | Scope  |     Hw-Address    |
[    9.884173] cloud-init[817]: ci-info: +--------+------+----------------------------+-----------------+--------+-------------------+
[    9.898255] cloud-init[817]: ci-info: |  ens5  | True |       10.128.15.206        | 255.255.255.255 | global | 42:01:0a:80:0f:ce |
[    9.912207] cloud-init[817]: ci-info: |  ens5  | True | fe80::4001:aff:fe80:fce/64 |        .        |  link  | 42:01:0a:80:0f:ce |
[    9.926190] cloud-init[817]: ci-info: |   lo   | True |         127.0.0.1          |    255.0.0.0    |  host  |         .         |
[    9.940162] cloud-init[817]: ci-info: |   lo   | True |          ::1/128           |        .        |  host  |         .         |
[    9.953141] cloud-init[817]: ci-info: +--------+------+----------------------------+-----------------+--------+-------------------+
[    9.966145] cloud-init[817]: ci-info: +++++++++++++++++++++++++++++++Route IPv4 info++++++++++++++++++++++++++++++++
[    9.978130] cloud-init[817]: ci-info: +-------+-----------------+------------+-----------------+-----------+-------+
[    9.990173] cloud-init[817]: ci-info: | Route |   Destination   |  Gateway   |     Genmask     | Interface | Flags |
[   10.003171] cloud-init[817]: ci-info: +-------+-----------------+------------+-----------------+-----------+-------+
[   10.015120] cloud-init[817]: ci-info: |   0   |     0.0.0.0     | 10.128.0.1 |     0.0.0.0     |    ens5   |   UG  |
[   10.027272] cloud-init[817]: ci-info: |   1   |    10.128.0.1   |  0.0.0.0   | 255.255.255.255 |    ens5   |   UH  |
[   10.039148] cloud-init[817]: ci-info: |   2   | 169.254.169.254 | 10.128.0.1 | 255.255.255.255 |    ens5   |  UGH  |
[   10.051177] cloud-init[817]: ci-info: +-------+-----------------+------------+-----------------+-----------+-------+
[   10.063166] cloud-init[817]: ci-info: +++++++++++++++++++Route IPv6 info+++++++++++++++++++
[   10.072159] cloud-init[817]: ci-info: +-------+-------------+---------+-----------+-------+
[   10.081153] cloud-init[817]: ci-info: | Route | Destination | Gateway | Interface | Flags |
[   10.090162] cloud-init[817]: ci-info: +-------+-------------+---------+-----------+-------+
[   10.099130] cloud-init[817]: ci-info: |   0   |  fe80::/64  |    ::   |    ens5   |   U   |
[   10.108110] cloud-init[817]: ci-info: |   2   |    local    |    ::   |    ens5   |   U   |
[   10.117186] cloud-init[817]: ci-info: |   3   |  multicast  |    ::   |    ens5   |   U   |
[   10.126133] cloud-init[817]: ci-info: +-------+-------------+---------+-----------+-------+
[   16.587189] cloud-init[817]: Generating public/private rsa key pair.
[   16.595145] cloud-init[817]: Your identification has been saved in /etc/ssh/ssh_host_rsa_key
[   16.605149] cloud-init[817]: Your public key has been saved in /etc/ssh/ssh_host_rsa_key.pub
[   16.615146] cloud-init[817]: The key fingerprint is:
[   16.621124] cloud-init[817]: SHA256:wgxS36GrSCZjfexLF7disVe5/2BIf2Q5Z2ul5P5JbLw root@loadgen-5mbj
[   16.631337] cloud-init[817]: The key's randomart image is:
[   16.637136] cloud-init[817]: +---[RSA 3072]----+
[[0;32m  OK  [0m] Finished [0;1;39mcloud-init.service[0m - Cloud-init: Network Stage.
[   16.643166] cloud-init[817]: |    .   .        |
[[0;32m  OK  [0m] Reached target [0;1;39mcloud-config.target[0m - Cloud-config availability.
[   16.657180] cloud-init[817]: |   . . o .       |
[[0;32m  OK  [0m] Reached target [0;1;39mnetwork-online.target[0m - Network is Online.
[   16.672147] cloud-init[817]: |  . . o .        |
[[0;32m  OK  [0m] Reached target [0;1;39msysinit.target[0m - System Initialization.
[   16.687167] cloud-init[817]: |  ...+ .    .   .|
[[0;32m  OK  [0m] Started [0;1;39mnvidia-cdi-refresh.path[0m - …r toolkit install / upgrade events.
[   16.702164] cloud-init[817]: |o.o. o=oS. +  .=+|
[   16.719150] cloud-init[817]: |.= .o. .= + +o=o=|
[[0;32m  OK  [0m] Started [0;1;39mgce-workload-cert-refresh.…[0mWorkload Certificate refresh timer.
[   16.719256] cloud-init[817]: |  . .o = o o +oO |
[[0;32m  OK  [0m] Started [0;1;39mgoogle-oslogin-cache.timer[0m - NSS cache refresh timer.
[   16.733675] cloud-init[817]: |    . + o   o.* o|
[[0;32m  OK  [0m] Started [0;1;39msystemd-tmpfiles-clean.tim…[0my Cleanup of Temporary Directories.
[   16.754115] cloud-init[817]: |     .       .oE.|
[   16.770128] cloud-init[817]: +----[SHA256]-----+
[[0;32m  OK  [0m] Started [0;1;39mupdate-notifier-download.t…[0mhat failed at package install time.
[   16.776151] cloud-init[817]: Generating public/private ecdsa key pair.
[   16.793142] cloud-init[817]: Your identification has been saved in /etc/ssh/ssh_host_ecdsa_key
[[0;32m  OK  [0m] Reached target [0;1;39mpaths.target[0m - Path Units.
[   16.793225] cloud-init[817]: Your public key has been saved in /etc/ssh/ssh_host_ecdsa_key.pub
[[0;32m  OK  [0m] Listening on [0;1;39mcloud-init-hotplugd.s…t[0m - cloud-init hotplug hook socket.
[   16.818165] cloud-init[817]: The key fingerprint is:
[[0;32m  OK  [0m] Listening on [0;1;39mdbus.socket[0m - D-Bus System Message Bus Socket.
[   16.834109] cloud-init[817]: SHA256:PHP/DHR/lH8RfiHMDelZgdooc8cJjwQhASBseUds51M root@loadgen-5mbj
         Starting [0;1;39mdocker.socket[0m - Docker Socket for the API...
[   16.853159] cloud-init[817]: The key's randomart image is:
[[0;32m  OK  [0m] Listening on [0;1;39miscsid.socket[0m - Open-iSCSI iscsid Socket.
[   16.866133] cloud-init[817]: +---[ECDSA 256]---+
         Starting [0;1;39mlxd-installer.socket[0m - He…er to install lxd snap on demand...
[   16.879119] cloud-init[817]: |....+o.o.oo  .o..|
         Starting [0;1;39msnapd.socket[0m - Socket activation for snappy daemon...
[   16.894153] cloud-init[817]: | +.. + ..E oooo. |
[[0;32m  OK  [0m] Listening on [0;1;39mssh.socket[0m - OpenBSD Secure Shell server socket.
[   16.907153] cloud-init[817]: |. . o o . . X+++ |
[[0;32m  OK  [0m] Listening on [0;1;39muuidd.socket[0m - UUID daemon activation socket.
[   16.922161] cloud-init[817]: |       + o = Oo +|
[[0;32m  OK  [0m] Finished [0;1;39mblk-availability.service[0m - Availability of block devices.
[   16.937149] cloud-init[817]: |        S = o .+o|
[[0;32m  OK  [0m] Listening on [0;1;39mdocker.socket[0m - Docker Socket for the API.
[   16.953127] cloud-init[817]: |         + o . o+|
[[0;32m  OK  [0m] Listening on [0;1;39mlxd-installer.socket[0m …lper to install lxd snap on demand.
[   16.966140] cloud-init[817]: |            o   =|
[[0;32m  OK  [0m] Listening on [0;1;39msnapd.socket[0m - Socket activation for snappy daemon.
[   16.982171] cloud-init[817]: |             +  o|
[[0;32m  OK  [0m] Reached target [0;1;39msockets.target[0m - Socket Units.
[   16.998159] cloud-init[817]: |              o  |
[[0;32m  OK  [0m] Reached target [0;1;39mbasic.target[0m - Basic System.
[   17.007216] cloud-init[817]: +----[SHA256]-----+
[   17.026135] cloud-init[817]: Generating public/private ed25519 key pair.
[   17.035178] cloud-init[817]: Your identification has been saved in /etc/ssh/ssh_host_ed25519_key
         Starting [0;1;39mchrony.service[0m - chrony, an NTP client/server...
[   17.045164] cloud-init[817]: Your public key has been saved in /etc/ssh/ssh_host_ed25519_key.pub
         Starting [0;1;39mcloud-config.service[0m - Cloud-init: Config Stage...
[   17.064177] cloud-init[817]: The key fingerprint is:
[   17.064355] cloud-init[817]: SHA256:1RdqvsyDClvBFQS9DMaukdfdA1scM1euCfC1wW0smvs root@loadgen-5mbj
[   17.064398] cloud-init[817]: The key's randomart image is:
         Starting [0;1;39mdbus.service[0m - D-Bus System Message Bus...
[   17.087260] cloud-init[817]: +--[ED25519 256]--+
[[0;32m  OK  [0m] Started [0;1;39mdmesg.service[0m - Save initial kernel messages after boot.
[   17.100405] cloud-init[817]: |       ..++  oB++|
[   17.100458] cloud-init[817]: |        + .=.o=O+|
[   17.100498] cloud-init[817]: |       + +oo*Boo.|
[   17.100537] cloud-init[817]: |      o.oo+o=ooo |
         Starting [0;1;39me2scrub_reap.service[0m - Re…ne ext4 Metadata Check Snapshots...
[   17.129374] cloud-init[817]: |       +S   ..o. |
         Starting [0;1;39mgce-workload-cert-refresh…[0mGCE Workload Certificate refresh...
[   17.144307] cloud-init[817]: |      .  . +..   |
[[0;32m  OK  [0m] Started [0;1;39mgoogle-osconfig-agent.service[0m - Google OSConfig Agent.
[   17.164263] cloud-init[817]: |      . . . =.   |
         Starting [0;1;39mgoogle-oslogin-cache.service[0m - NSS cache refresh...
[   17.179221] cloud-init[817]: |       + .   .E  |
         Starting [0;1;39mgrub-common.service[0m - Record successful boot for GRUB...
[   17.193223] cloud-init[817]: |      . .        |
         Starting [0;1;39mnetworkd-dispatcher.servi…[0mcher daemon for systemd-networkd...
[   17.206177] cloud-init[817]: +----[SHA256]-----+
         Starting [0;1;39mnvidia-persistenced.service[0m - NVIDIA Persistence Daemon...
         Starting [0;1;39mnvmf-autoconnect.service[0m …ystems automatically during boot...
         Starting [0;1;39mrsyslog.service[0m - System Logging Service...
         Starting [0;1;39msecureboot-db.service[0m - Secure Boot updates for DB and DBX...
[[0;32m  OK  [0m] Reached target [0;1;39mgetty-pre.target[0m - Preparation for Logins.
         Starting [0;1;39msnapd.seeded.service[0m - Wait until snapd is fully seeded...
         Starting [0;1;39msnapd.service[0m - Snap Daemon...
         Starting [0;1;39msysstat.service[0m - Resets System Activity Logs...
         Starting [0;1;39msystemd-logind.service[0m - User Login Management...
[[0;32m  OK  [0m] Started [0;1;39mubuntu-advantage.service[0m - Ubuntu Pro Background Auto Attach.
[[0;32m  OK  [0m] Started [0;1;39mdbus.service[0m - D-Bus System Message Bus.
[[0;32m  OK  [0m] Started [0;1;39mnetworkd-dispatcher.servic…[0matcher daemon for systemd-networkd.
[[0;32m  OK  [0m] Finished [0;1;39mgce-workload-cert-refresh…[0m- GCE Workload Certificate refresh.
[[0;32m  OK  [0m] Started [0;1;39msystemd-logind.service[0m - User Login Management.
[[0;32m  OK  [0m] Finished [0;1;39mgoogle-oslogin-cache.service[0m - NSS cache refresh.
[[0;32m  OK  [0m] Started [0;1;39mnvidia-persistenced.service[0m - NVIDIA Persistence Daemon.
[[0;32m  OK  [0m] Finished [0;1;39mnvmf-autoconnect.service[0m …bsystems automatically during boot.
[[0;32m  OK  [0m] Finished [0;1;39msysstat.service[0m - Resets System Activity Logs.
[[0;32m  OK  [0m] Finished [0;1;39mgrub-common.service[0m - Record successful boot for GRUB.
[[0;32m  OK  [0m] Reached target [0;1;39mremote-fs-pre.targe…[0mreparation for Remote File Systems.
[[0;32m  OK  [0m] Reached target [0;1;39mremote-fs.target[0m - Remote File Systems.
         Starting [0;1;39mapport.service[0m - automatic crash report generation...
         Starting [0;1;39mcontainerd.service[0m - containerd container runtime...
[[0;32m  OK  [0m] Started [0;1;39mcron.service[0m - Regular background program processing daemon.
         Starting [0;1;39mgrub-initrd-fallback.service[0m - GRUB failed boot detection...
         Starting [0;1;39msystemd-hostnamed.service[0m - Hostname Service...
         Starting [0;1;39msystemd-user-sessions.service[0m - Permit User Sessions...
[[0;32m  OK  [0m] Started [0;1;39mchrony.service[0m - chrony, an NTP client/server.
[   17.574364] cloud-init[1037]: Cloud-init v. 25.3-0ubuntu1~24.04.1 running 'modules:config' at Fri, 15 May 2026 13:30:42 +0000. Up 17.52 seconds.
[[0;32m  OK  [0m] Finished [0;1;39msecureboot-db.service[0m - Secure Boot updates for DB and DBX.
[[0;32m  OK  [0m] Finished [0;1;39msystemd-user-sessions.service[0m - Permit User Sessions.
[[0;32m  OK  [0m] Finished [0;1;39mgrub-initrd-fallback.service[0m - GRUB failed boot detection.
[[0;32m  OK  [0m] Started [0;1;39msystemd-hostnamed.service[0m - Hostname Service.
[[0;32m  OK  [0m] Started [0;1;39mrsyslog.service[0m - System Logging Service.
2026-05-15T13:30:42.707201+00:00 loadgen-5mbj systemd[1]: Mounted dev-hugepages.mount - Huge Pages File System.
2026-05-15T13:30:42.707415+00:00 loadgen-5mbj kernel: Linux version 6.17.0-1013-gcp (buildd@lcy02-amd64-034) (x86_64-linux-gnu-gcc-13 (Ubuntu 13.3.0-6ubuntu2~24.04.1) 13.3.0, GNU ld (GNU Binutils for Ubuntu) 2.42) #13~24.04.1-Ubuntu SMP Thu Apr 16 02:10:24 UTC 2026 (Ubuntu 6.17.0-1013.13~24.04.1-gcp 6.17.13)
2026-05-15T13:30:42.707496+00:00 loadgen-5mbj systemd[1]: Mounted dev-mqueue.mount - POSIX Message Queue File System.
2026-05-15T13:30:42.707518+00:00 loadgen-5mbj systemd[1]: Mounted sys-kernel-debug.mount - Kernel Debug File System.
2026-05-15T13:30:42.707522+00:00 loadgen-5mbj kernel: Command line: BOOT_IMAGE=/vmlinuz-6.17.0-1013-gcp root=PARTUUID=6624332c-1f00-4e51-a0bf-94661fe17234 ro console=ttyS0,115200 panic=-1
2026-05-15T13:30:42.707524+00:00 loadgen-5mbj kernel: KERNEL supported cpus:
2026-05-15T13:30:42.707525+00:00 loadgen-5mbj kernel:   Intel GenuineIntel
2026-05-15T13:30:42.707525+00:00 loadgen-5mbj kernel:   AMD AuthenticAMD
2026-05-15T13:30:42.707526+00:00 loadgen-5mbj kernel:   Hygon HygonGenuine
2026-05-15T13:30:42.707526+00:00 loadgen-5mbj kernel:   Centaur CentaurHauls
2026-05-15T13:30:42.707529+00:00 loadgen-5mbj kernel:   zhaoxin   Shanghai  
2026-05-15T13:30:42.707530+00:00 loadgen-5mbj kernel: x86/CPU: Model not found in latest microcode list
2026-05-15T13:30:42.707527+00:00 loadgen-5mbj systemd[1]: Mounted sys-kernel-tracing.mount - Kernel Trace File System.
2026-05-15T13:30:42.707530+00:00 loadgen-5mbj kernel: BIOS-provided physical RAM map:
2026-05-15T13:30:42.707534+00:00 loadgen-5mbj kernel: BIOS-e820: [mem 0x0000000000000000-0x0000000000000fff] reserved
2026-05-15T13:30:42.707534+00:00 loadgen-5mbj kernel: BIOS-e820: [mem 0x0000000000001000-0x0000000000054fff] usable
2026-05-15T13:30:42.707535+00:00 loadgen-5mbj kernel: BIOS-e820: [mem 0x0000000000055000-0x000000000005ffff] reserved
2026-05-15T13:30:42.707538+00:00 loadgen-5mbj kernel: BIOS-e820: [mem 0x0000000000060000-0x0000000000097fff] usable
2026-05-15T13:30:42.707539+00:00 loadgen-5mbj kernel: BIOS-e820: [mem 0x0000000000098000-0x000000000009ffff] reserved
2026-05-15T13:30:42.707537+00:00 loadgen-5mbj systemd[1]: Finished keyboard-setup.service - Set the console keyboard layout.
2026-05-15T13:30:42.707594+00:00 loadgen-5mbj systemd[1]: Finished kmod-static-nodes.service - Create List of Static Device Nodes.
2026-05-15T13:30:42.707539+00:00 loadgen-5mbj kernel: BIOS-e820: [mem 0x0000000000100000-0x00000000bd254fff] usable
2026-05-15T13:30:42.707602+00:00 loadgen-5mbj systemd[1]: modprobe@configfs.service: Deactivated successfully.
2026-05-15T13:30:42.707608+00:00 loadgen-5mbj kernel: BIOS-e820: [mem 0x00000000bd255000-0x00000000bd25ffff] ACPI data
2026-05-15T13:30:42.707609+00:00 loadgen-5mbj kernel: BIOS-e820: [mem 0x00000000bd260000-0x00000000bf8ecfff] usable
2026-05-15T13:30:42.707610+00:00 loadgen-5mbj kernel: BIOS-e820: [mem 0x00000000bf8ed000-0x00000000bfb6cfff] reserved
2026-05-15T13:30:42.707610+00:00 loadgen-5mbj kernel: BIOS-e820: [mem 0x00000000bfb6d000-0x00000000bfb7efff] ACPI data
2026-05-15T13:30:42.707615+00:00 loadgen-5mbj kernel: BIOS-e820: [mem 0x00000000bfb7f000-0x00000000bfbfefff] ACPI NVS
2026-05-15T13:30:42.707615+00:00 loadgen-5mbj kernel: BIOS-e820: [mem 0x00000000bfbff000-0x00000000bffdffff] usable
2026-05-15T13:30:42.707616+00:00 loadgen-5mbj kernel: BIOS-e820: [mem 0x00000000bffe0000-0x00000000bfffffff] reserved
2026-05-15T13:30:42.707616+00:00 loadgen-5mbj kernel: BIOS-e820: [mem 0x0000000100000000-0x000000103fffffff] usable
2026-05-15T13:30:42.707617+00:00 loadgen-5mbj kernel: NX (Execute Disable) protection: active
2026-05-15T13:30:42.707617+00:00 loadgen-5mbj kernel: APIC: Static calls initialized
2026-05-15T13:30:42.707620+00:00 loadgen-5mbj kernel: efi: EFI v2.7 by EDK II
2026-05-15T13:30:42.707621+00:00 loadgen-5mbj kernel: efi: TPMFinalLog=0xbfbf7000 ACPI=0xbfb7e000 ACPI 2.0=0xbfb7e014 SMBIOS=0xbf9ca000 MEMATTR=0xbd260018 MOKvar=0xbf9c8000 RNG=0xbfb72018 TPMEventLog=0xbd255018 
2026-05-15T13:30:42.707612+00:00 loadgen-5mbj systemd[1]: Finished modprobe@configfs.service - Load Kernel Module configfs.
2026-05-15T13:30:42.707621+00:00 loadgen-5mbj kernel: random: crng init done
2026-05-15T13:30:42.707625+00:00 loadgen-5mbj kernel: SMBIOS 2.4 present.
2026-05-15T13:30:42.707625+00:00 loadgen-5mbj kernel: DMI: Google Google Compute Engine/Google Compute Engine, BIOS Google 04/21/2026
2026-05-15T13:30:42.707626+00:00 loadgen-5mbj kernel: DMI: Memory slots populated: 4/4
2026-05-15T13:30:42.707629+00:00 loadgen-5mbj kernel: secureboot: Secure boot disabled
2026-05-15T13:30:42.707631+00:00 loadgen-5mbj kernel: Hypervisor detected: KVM
2026-05-15T13:30:42.707632+00:00 loadgen-5mbj kernel: last_pfn = 0xbffe0 max_arch_pfn = 0x400000000
2026-05-15T13:30:42.707633+00:00 loadgen-5mbj kernel: kvm-clock: Using msrs 4b564d01 and 4b564d00
2026-05-15T13:30:42.707634+00:00 loadgen-5mbj kernel: kvm-clock: using sched offset of 15578392457 cycles
2026-05-15T13:30:42.707627+00:00 loadgen-5mbj systemd[1]: modprobe@dm_mod.service: Deactivated successfully.
2026-05-15T13:30:42.707634+00:00 loadgen-5mbj kernel: clocksource: kvm-clock: mask: 0xffffffffffffffff max_cycles: 0x1cd42e4dffb, max_idle_ns: 881590591483 ns
2026-05-15T13:30:42.707635+00:00 loadgen-5mbj kernel: tsc: Detected 2299.998 MHz processor
2026-05-15T13:30:42.707638+00:00 loadgen-5mbj kernel: e820: update [mem 0x00000000-0x00000fff] usable ==> reserved
2026-05-15T13:30:42.707639+00:00 loadgen-5mbj kernel: e820: remove [mem 0x000a0000-0x000fffff] usable
2026-05-15T13:30:42.707639+00:00 loadgen-5mbj kernel: last_pfn = 0x1040000 max_arch_pfn = 0x400000000
2026-05-15T13:30:42.707640+00:00 loadgen-5mbj kernel: MTRR map: 3 entries (2 fixed + 1 variable; max 18), built from 8 variable MTRRs
2026-05-15T13:30:42.707640+00:00 loadgen-5mbj kernel: x86/PAT: Configuration [0-7]: WB  WC  UC- UC  WB  WP  UC- WT  
2026-05-15T13:30:42.707641+00:00 loadgen-5mbj kernel: last_pfn = 0xbffe0 max_arch_pfn = 0x400000000
2026-05-15T13:30:42.707638+00:00 loadgen-5mbj systemd[1]: Finished modprobe@dm_mod.service - Load Kernel Module dm_mod.
2026-05-15T13:30:42.707644+00:00 loadgen-5mbj kernel: Using GB pages for direct mapping
2026-05-15T13:30:42.707645+00:00 loadgen-5mbj kernel: secureboot: Secure boot disabled
2026-05-15T13:30:42.707645+00:00 loadgen-5mbj kernel: ACPI: Early table checksum verification disabled
2026-05-15T13:30:42.707646+00:00 loadgen-5mbj kernel: ACPI: RSDP 0x00000000BFB7E014 000024 (v02 Google)
2026-05-15T13:30:42.707646+00:00 loadgen-5mbj kernel: ACPI: XSDT 0x00000000BFB7D0E8 00005C (v01 Google GOOGFACP 00000001      01000013)
2026-05-15T13:30:42.707646+00:00 loadgen-5mbj kernel: ACPI: FACP 0x00000000BFB78000 0000F4 (v02 Google GOOGFACP 00000001 GOOG 00000001)
2026-05-15T13:30:42.707646+00:00 loadgen-5mbj systemd[1]: modprobe@drm.service: Deactivated successfully.
2026-05-15T13:30:42.707650+00:00 loadgen-5mbj kernel: ACPI: DSDT 0x00000000BFB79000 001A64 (v01 Google GOOGDSDT 00000001 GOOG 00000001)
2026-05-15T13:30:42.707651+00:00 loadgen-5mbj kernel: ACPI: FACS 0x00000000BFBF1000 000040
2026-05-15T13:30:42.707651+00:00 loadgen-5mbj kernel: ACPI: SSDT 0x00000000BFB7C000 000316 (v02 GOOGLE Tpm2Tabl 00001000 INTL 20250807)
2026-05-15T13:30:42.707651+00:00 loadgen-5mbj kernel: ACPI: TPM2 0x00000000BFB7B000 000034 (v04 GOOGLE          00000001 GOOG 00000001)
2026-05-15T13:30:42.707652+00:00 loadgen-5mbj kernel: ACPI: SRAT 0x00000000BFB77000 000228 (v03 Google GOOGSRAT 00000001 GOOG 00000001)
2026-05-15T13:30:42.707652+00:00 loadgen-5mbj kernel: ACPI: APIC 0x00000000BFB76000 000126 (v05 Google GOOGAPIC 00000001 GOOG 00000001)
2026-05-15T13:30:42.707653+00:00 loadgen-5mbj kernel: ACPI: SSDT 0x00000000BFB74000 0011D6 (v01 Google GOOGSSDT 00000001 GOOG 00000001)
2026-05-15T13:30:42.707652+00:00 loadgen-5mbj systemd[1]: Finished modprobe@drm.service - Load Kernel Module drm.
2026-05-15T13:30:42.707656+00:00 loadgen-5mbj kernel: ACPI: WAET 0x00000000BFB73000 000028 (v01 Google GOOGWAET 00000001 GOOG 00000001)
2026-05-15T13:30:42.707657+00:00 loadgen-5mbj kernel: ACPI: Reserving FACP table memory at [mem 0xbfb78000-0xbfb780f3]
2026-05-15T13:30:42.707657+00:00 loadgen-5mbj kernel: ACPI: Reserving DSDT table memory at [mem 0xbfb79000-0xbfb7aa63]
2026-05-15T13:30:42.707658+00:00 loadgen-5mbj kernel: ACPI: Reserving FACS table memory at [mem 0xbfbf1000-0xbfbf103f]
2026-05-15T13:30:42.707658+00:00 loadgen-5mbj kernel: ACPI: Reserving SSDT table memory at [mem 0xbfb7c000-0xbfb7c315]
2026-05-15T13:30:42.707659+00:00 loadgen-5mbj kernel: ACPI: Reserving TPM2 table memory at [mem 0xbfb7b000-0xbfb7b033]
2026-05-15T13:30:42.707662+00:00 loadgen-5mbj kernel: ACPI: Reserving SRAT table memory at [mem 0xbfb77000-0xbfb77227]
2026-05-15T13:30:42.707660+00:00 loadgen-5mbj systemd[1]: modprobe@efi_pstore.service: Deactivated successfully.
2026-05-15T13:30:42.707662+00:00 loadgen-5mbj kernel: ACPI: Reserving APIC table memory at [mem 0xbfb76000-0xbfb76125]
2026-05-15T13:30:42.707668+00:00 loadgen-5mbj kernel: ACPI: Reserving SSDT table memory at [mem 0xbfb74000-0xbfb751d5]
2026-05-15T13:30:42.707668+00:00 loadgen-5mbj kernel: ACPI: Reserving WAET table memory at [mem 0xbfb73000-0xbfb73027]
2026-05-15T13:30:42.707669+00:00 loadgen-5mbj kernel: ACPI: SRAT: Node 0 PXM 0 [mem 0x00000000-0x0009ffff]
2026-05-15T13:30:42.707669+00:00 loadgen-5mbj kernel: ACPI: SRAT: Node 0 PXM 0 [mem 0x00100000-0xbfffffff]
2026-05-15T13:30:42.707670+00:00 loadgen-5mbj kernel: ACPI: SRAT: Node 0 PXM 0 [mem 0x100000000-0x103fffffff]
2026-05-15T13:30:42.707673+00:00 loadgen-5mbj kernel: NUMA: Node 0 [mem 0x00001000-0x0009ffff] + [mem 0x00100000-0xbfffffff] -> [mem 0x00001000-0xbfffffff]
2026-05-15T13:30:42.707676+00:00 loadgen-5mbj kernel: NUMA: Node 0 [mem 0x00001000-0xbfffffff] + [mem 0x100000000-0x103fffffff] -> [mem 0x00001000-0x103fffffff]
2026-05-15T13:30:42.707676+00:00 loadgen-5mbj kernel: NODE_DATA(0) allocated [mem 0x103ffd52c0-0x103fffffff]
2026-05-15T13:30:42.707677+00:00 loadgen-5mbj kernel: Zone ranges:
2026-05-15T13:30:42.707677+00:00 loadgen-5mbj kernel:   DMA      [mem 0x0000000000001000-0x0000000000ffffff]
2026-05-15T13:30:42.707678+00:00 loadgen-5mbj kernel:   DMA32    [mem 0x0000000001000000-0x00000000ffffffff]
2026-05-15T13:30:42.707671+00:00 loadgen-5mbj sys         Stopping [0;1;39mchrony.service[0m - chrony, an NTP client/server...
temd[1]: Finished modprobe@efi_pstore.service - Load Kernel Module efi_pstore.
2026-05-15T13:30:42.707681+00:00 loadgen-5mbj kernel:   Normal   [mem 0x0000000100000000-0x000000103fffffff]
2026-05-15T13:30:42.707682+00:00 loadgen-5mbj kernel:   Device   empty
2026-05-15T13:30:42.707682+00:00 loadgen-5mbj kernel: Movable zone start for each node
2026-05-15T13:30:42.707683+00:00 loadgen-5mbj kernel: Early memory node ranges
2026-05-15T13:30:42.707683+00:00 loadgen-5mbj kernel:   node   0: [mem 0x0000000000001000-0x0000000000054fff]
2026-05-15T13:30:42.707683+00:00 loadgen-5mbj kernel:   node   0: [mem 0x0000000000060000-0x0000000000097fff]
2026-05-15T13:30:42.707684+00:00 loadgen-5mbj systemd[1]: modprobe@fuse.service: Deactivated successfully.
2026-05-15T13:30:42.707686+00:00 loadgen-5mbj kernel:   node   0: [mem 0x0000000000100000-0x00000000bd254fff]
2026-05-15T13:30:42.707690+00:00 loadgen-5mbj kernel:   node   0: [mem 0x00000000bd260000-0x00000000bf8ecfff]
2026-05-15T13:30:42.707690+00:00 loadgen-5mbj kernel:   node   0: [mem 0x00000000bfbff000-0x00000000bffdffff]
2026-05-15T13:30:42.707690+00:00 loadgen-5mbj kernel:   node   0: [mem 0x0000000100000000-0x000000103fffffff]
2026-05-15T13:30:42.707691+00:00 loadgen-5mbj kernel: Initmem setup node 0 [mem 0x0000000000001000-0x000000103fffffff]
2026-05-15T13:30:42.707691+00:00 loadgen-5mbj kernel: On node 0, zone DMA: 1 pages in unavailable ranges
2026-05-15T13:30:42.707694+00:00 loadgen-5mbj kernel: On node 0, zone DMA: 11 pages in unavailable ranges
2026-05-15T13:30:42.707692+00:00 loadgen-5mbj systemd[1]: Finished modprobe@fuse.service - Load Kernel Module fuse.
2026-05-15T13:30:42.707695+00:00 loadgen-5mbj kernel: On node 0, zone DMA: 104 pages in unavailable ranges
2026-05-15T13:30:42.707698+00:00 loadgen-5mbj kernel: On node 0, zone DMA32: 11 pages in unavailable ranges
2026-05-15T13:30:42.707698+00:00 loadgen-5mbj kernel: On node 0, zone DMA32: 786 pages in unavailable ranges
2026-05-15T13:30:42.707699+00:00 loadgen-5mbj kernel: On node 0, zone Normal: 32 pages in unavailable ranges
2026-05-15T13:30:42.707699+00:00 loadgen-5mbj kernel: ACPI: PM-Timer IO Port: 0xb008
2026-05-15T13:30:42.707700+00:00 loadgen-5mbj kernel: ACPI: LAPIC_NMI (acpi_id[0xff] dfl dfl lint[0x1])
2026-05-15T13:30:42.707703+00:00 loadgen-5mbj kernel: IOAPIC[0]: apic_id 0, version 17, address 0xfec00000, GSI 0-23
2026-05-15T13:30:42.707700+00:00 loadgen-5mbj systemd[1]: modprobe@loop.service: Deactivated successfully.
2026-05-15T13:30:42.707703+00:00 loadgen-5mbj kernel: ACPI: INT_SRC_OVR (bus 0 bus_irq 5 global_irq 5 high level)
2026-05-15T13:30:42.707706+00:00 loadgen-5mbj kernel: ACPI: INT_SRC_OVR (bus 0 bus_irq 9 global_irq 9 high level)
2026-05-15T13:30:42.707707+00:00 loadgen-5mbj kernel: ACPI: INT_SRC_OVR (bus 0 bus_irq 10 global_irq 10 high level)
2026-05-15T13:30:42.707707+00:00 loadgen-5mbj kernel: ACPI: INT_SRC_OVR (bus 0 bus_irq 11 global_irq 11 high level)
2026-05-15T13:30:42.707708+00:00 loadgen-5mbj kernel: ACPI: Using ACPI (MADT) for SMP configuration information
2026-05-15T13:30:42.707711+00:00 loadgen-5mbj kernel: CPU topo: Max. logical packages:   1
2026-05-15T13:30:42.707711+00:00 loadgen-5mbj kernel: CPU topo: Max. logical dies:       1
2026-05-15T13:30:42.707712+00:00 loadgen-5mbj kernel: CPU topo: Max. dies per package:   1
2026-05-15T13:30:42.707712+00:00 loadgen-5mbj kernel: CPU topo: Max. threads per core:   2
2026-05-15T13:30:42.707709+00:00 loadgen-5mbj systemd[1]: Finished modprobe@loop.service - Load Kernel Module loop.
2026-05-15T13:30:42.707713+00:00 loadgen-5mbj kernel: CPU topo: Num. cores per package:    12
2026-05-15T13:30:42.707719+00:00 loadgen-5mbj systemd[1]: modprobe@nvme_fabrics.service: Deactivated successfully.
2026-05-15T13:30:42.707726+00:00 loadgen-5mbj systemd[1]: Finished modprobe@nvme_fabrics.service - Load Kernel Module nvme_fabrics.
2026-05-15T13:30:42.707737+00:00 loadgen-5mbj systemd-modules-load[308]: Inserted module 'dm_multipath'
2026-05-15T13:30:42.707746+00:00 loadgen-5mbj systemd[1]: Finished systemd-modules-load.service - Load Kernel Modules.
2026-05-15T13:30:42.707753+00:00 loadgen-5mbj systemd-fsck[312]: cloudimg-rootfs: clean, 171994/6422528 files, 2139514/12844795 blocks
2026-05-15T13:30:42.707762+00:00 loadgen-5mbj systemd[1]: Mounting sys-fs-fuse-connections.mount - FUSE Control File System...
2026-05-15T13:30:42.707769+00:00 loadgen-5mbj systemd[1]: Mounting sys-kernel-config.mount - Kernel Configuration File System...
2026-05-15T13:30:42.707781+00:00 loadgen-5mbj kernel: CPU topo: Num. threads per package:  24
2026-05-15T13:30:42.707775+00:00 loadgen-5mbj systemd[1]: Started systemd-fsckd.service - File System Check Daemon to report status.
2026-05-15T13:30:42.707782+00:00 loadgen-5mbj kernel: CPU topo: Allowing 24 present CPUs plus 0 hotplug CPUs
2026-05-15T13:30:42.707786+00:00 loadgen-5mbj kernel: PM: hibernation: Registered nosave memory: [mem 0x00000000-0x00000fff]
2026-05-15T13:30:42.707786+00:00 loadgen-5mbj kernel: PM: hibernation: Registered nosave memory: [mem 0x00055000-0x0005ffff]
2026-05-15T13:30:42.707787+00:00 loadgen-5mbj kernel: PM: hibernation: Registered nosave memory: [mem 0x00098000-0x000fffff]
2026-05-15T13:30:42.707787+00:00 loadgen-5mbj kernel: PM: hibernation: Registered nosave memory: [mem 0xbd255000-0xbd25ffff]
2026-05-15T13:30:42.707788+00:00 loadgen-5mbj kernel: PM: hibernation: Registered nosave memory: [mem 0xbf8ed000-0xbfbfefff]
2026-05-15T13:30:42.707788+00:00 loadgen-5mbj kernel: PM: hibernation: Registered nosave memory: [mem 0xbffe0000-0xffffffff]
2026-05-15T13:30:42.707786+00:00 loadgen-5mbj systemd[1]: systemd-repart.service - Repartition Root Disk was skipped because no trigger condition checks were met.
2026-05-15T13:30:42.707791+00:00 loadgen-5mbj kernel: [mem 0xc0000000-0xffffffff] available for PCI devices
2026-05-15T13:30:42.707792+00:00 loadgen-5mbj kernel: Booting paravirtualized kernel on KVM
2026-05-15T13:30:42.707793+00:00 loadgen-5mbj kernel: clocksource: refined-jiffies: mask: 0xffffffff max_cycles: 0xffffffff, max_idle_ns: 1910969940391419 ns
2026-05-15T13:30:42.707793+00:00 loadgen-5mbj kernel: setup_percpu: NR_CPUS:8192 nr_cpumask_bits:24 nr_cpu_ids:24 nr_node_ids:1
2026-05-15T13:30:42.707794+00:00 loadgen-5mbj kernel: percpu: Embedded 84 pages/cpu s221184 r8192 d114688 u524288
2026-05-15T13:30:42.707794+00:00 loadgen-5mbj kernel: pcpu-alloc: s221184 r8192 d114688 u524288 alloc=1*2097152
2026-05-15T13:30:42.707797+00:00 loadgen-5mbj kernel: pcpu-alloc: [0] 00 01 02 03 [0] 04 05 06 07 
2026-05-15T13:30:42.707798+00:00 loadgen-5mbj kernel: pcpu-alloc: [0] 08 09 10 11 [0] 12 13 14 15 
2026-05-15T13:30:42.707794+00:00 loadgen-5mbj systemd[1]: Starting systemd-sysctl.service - Apply Kernel Variables...
2026-05-15T13:30:42.707798+00:00 loadgen-5mbj kernel: pcpu-alloc: [0] 16 17 18 19 [0] 20 21 22 23 
2026-05-15T13:30:42.707799+00:00 loadgen-5mbj kernel: kvm-guest: PV spinlocks enabled
2026-05-15T13:30:42.707799+00:00 loadgen-5mbj kernel: PV qspinlock hash table entries: 256 (order: 0, 4096 bytes, linear)
2026-05-15T13:30:42.707800+00:00 loadgen-5mbj kernel: Kernel command line: BOOT_IMAGE=/vmlinuz-6.17.0-1013-gcp root=PARTUUID=6624332c-1f00-4e51-a0bf-94661fe17234 ro console=ttyS0,115200 panic=-1
2026-05-15T13:30:42.707804+00:00 loadgen-5mbj kernel: printk: log buffer data + meta data: 262144 + 917504 = 1179648 bytes
2026-05-15T13:30:42.707804+00:00 loadgen-5mbj kernel: Dentry cache hash table entries: 8388608 (order: 14, 67108864 bytes, linear)
2026-05-15T13:30:42.707805+00:00 loadgen-5mbj kernel: Inode-cache hash table entries: 4194304 (order: 13, 33554432 bytes, linear)
2026-05-15T13:30:42.707805+00:00 loadgen-5mbj kernel: software IO TLB: area num 32.
2026-05-15T13:30:42.707806+00:00 loadgen-5mbj kernel: Fallback order for Node 0: 0 
2026-05-15T13:30:42.707806+00:00 loadgen-5mbj kernel: Built 1 zonelists, mobility grouping on.  Total pages: 16776271
2026-05-15T13:30:42.707808+00:00 loadgen-5mbj kernel: Policy zone: Normal
2026-05-15T13:30:42.707803+00:00 loadgen-5mbj systemd[1]: Starting systemd-tmpfiles-setup-dev-early.service - Create Static Device Nodes in /dev gracefully...
2026-05-15T13:30:42         Starting [0;1;39mgoogle-guest-agent.servic…[0moogle Compute Engine Guest Agent...
.707812+00:00 loadgen-5mbj kernel: mem auto-init: stack:all(zero), heap alloc:on, heap free:off
2026-05-15T13:30:42.707813+00:00 loadgen-5mbj kernel: SLUB: HWalign=64, Order=0-3, MinObjects=0, CPUs=24, Nodes=1
2026-05-15T13:30:42.707814+00:00 loadgen-5mbj kernel: Kernel/User page tables isolation: enabled
2026-05-15T13:30:42.707814+00:00 loadgen-5mbj kernel: ftrace: allocating 61994 entries in 244 pages
2026-05-15T13:30:42.707815+00:00 loadgen-5mbj kernel: ftrace: allocated 244 pages with 5 groups
2026-05-15T13:30:42.707815+00:00 loadgen-5mbj kernel: rcu: Hierarchical RCU implementation.
2026-05-15T13:30:42.707815+00:00 loadgen-5mbj systemd[1]: Finished lvm2-monitor.service - Monitoring of LVM2 mirrors, snapshots etc. using dmeventd or progress polling.
2026-05-15T13:30:42.707818+00:00 loadgen-5mbj kernel: rcu: 	RCU restricting CPUs from NR_CPUS=8192 to nr_cpu_ids=24.
2026-05-15T13:30:42.707820+00:00 loadgen-5mbj kernel: 	Rude variant of Tasks RCU enabled.
2026-05-15T13:30:42.707821+00:00 loadgen-5mbj kernel: 	Tracing variant of Tasks RCU enabled.
2026-05-15T13:30:42.707821+00:00 loadgen-5mbj kernel: rcu: RCU calculated value of scheduler-enlistment delay is 100 jiffies.
2026-05-15T13:30:42.707822+00:00 loadgen-5mbj kernel: rcu: Adjusting geometry for rcu_fanout_leaf=16, nr_cpu_ids=24
2026-05-15T13:30:42.707823+00:00 loadgen-5mbj kernel: RCU Tasks Rude: Setting shift to 5 and lim to 1 rcu_task_cb_adjust=1 rcu_task_cpu_ids=24.
2026-05-15T13:30:42.707824+00:00 loadgen-5mbj kernel: RCU Tasks Trace: Setting shift to 5 and lim to 1 rcu_task_cb_adjust=1 rcu_task_cpu_ids=24.
2026-05-15T13:30:42.707823+00:00 loadgen-5mbj systemd[1]: Finished systemd-fsck-root.service - File System Check on Root Device.
2026-05-15T13:30:42.707827+00:00 loadgen-5mbj kernel: NR_IRQS: 524544, nr_irqs: 616, preallocated irqs: 16
2026-05-15T13:30:42.707828+00:00 loadgen-5mbj kernel: rcu: srcu_init: Setting srcu_struct sizes based on contention.
2026-05-15T13:30:42.707828+00:00 loadgen-5mbj kernel: Console: colour dummy device 80x25
2026-05-15T13:30:42.707829+00:00 loadgen-5mbj kernel: printk: legacy console [ttyS0] enabled
2026-05-15T13:30:42.707829+00:00 loadgen-5mbj kernel: ACPI: Core revision 20250404
2026-05-15T13:30:42.707830+00:00 loadgen-5mbj kernel: APIC: Switch to symmetric I/O mode setup
2026-05-15T13:30:42.707836+00:00 loadgen-5mbj kernel: x2apic enabled
2026-05-15T13:30:42.707837+00:00 loadgen-5mbj kernel: APIC: Switched APIC routing to: physical x2apic
2026-05-15T13:30:42.707837+00:00 loadgen-5mbj kernel: ..TIMER: vector=0x30 apic1=0 pin1=0 apic2=-1 pin2=-1
2026-05-15T13:30:42.707838+00:00 loadgen-5mbj kernel: clocksource: tsc-early: mask: 0xffffffffffffffff max_cycles: 0x212733415c7, max_idle_ns: 440795236380 ns
2026-05-15T13:30:42.707830+00:00 loadgen-5mbj systemd[1]: Mounted sys-fs-fuse-connections.mount - FUSE Control File System.
2026-05-15T13:30:42.707838+00:00 loadgen-5mbj kernel: Calibrating delay loop (skipped) preset value.. 4599.99 BogoMIPS (lpj=2299998)
2026-05-15T13:30:42.707841+00:00 loadgen-5mbj kernel: Last level iTLB entries: 4KB 1024, 2MB 1024, 4MB 1024
2026-05-15T13:30:42.707844+00:00 loadgen-5mbj kernel: Last level dTLB entries: 4KB 1024, 2MB 1024, 4MB 1024, 1GB 4
2026-05-15T13:30:42.707845+00:00 loadgen-5mbj kernel: mitigations: Enabled attack vectors: user_kernel, user_user, guest_host, guest_guest, SMT mitigations: auto
2026-05-15T13:30:42.707845+00:00 loadgen-5mbj kernel: Speculative Store Bypass: Mitigation: Speculative Store Bypass disabled via prctl
2026-05-15T13:30:42.707846+00:00 loadgen-5mbj kernel: Spectre V2 : Mitigation: IBRS
2026-05-15T13:30:42.707846+00:00 loadgen-5mbj kernel: RETBleed: Mitigation: IBRS
2026-05-15T13:30:42.707847+00:00 loadgen-5mbj kernel: ITS: Mitigation: Aligned branch/return thunks
2026-05-15T13:30:42.707844+00:00 loadgen-5mbj systemd[1]: Mounted sys-kernel-config.mount - Kernel Configuration File System.
2026-05-15T13:30:42.707850+00:00 loadgen-5mbj kernel: Spectre V2 : User space: Mitigation: STIBP via prctl
2026-05-15T13:30:42.707851+00:00 loadgen-5mbj kernel: MDS: Mitigation: Clear CPU buffers
2026-05-15T13:30:42.707851+00:00 loadgen-5mbj kernel: MMIO Stale Data: Vulnerable: Clear CPU buffers attempted, no microcode
2026-05-15T13:30:42.707852+00:00 loadgen-5mbj kernel: Spectre V1 : Mitigation: usercopy/swapgs barriers and __user pointer sanitization
2026-05-15T13:30:42.707852+00:00 loadgen-5mbj kernel: Spectre V2 : Spectre v2 / SpectreRSB: Filling RSB on context switch and VMEXIT
2026-05-15T13:30:42.707852+00:00 loadgen-5mbj kernel: Spectre V2 : mitigation: Enabling conditional Indirect Branch Prediction Barrier
2026-05-15T13:30:42.707853+00:00 loadgen-5mbj kernel: active return thunk: its_return_thunk
2026-05-15T13:30:42.707851+00:00 loadgen-5mbj systemd[1]: Starting systemd-remount-fs.service - Remount Root and Kernel File Systems...
2026-05-15T13:30:42.707856+00:00 loadgen-5mbj kernel: Spectre V2 : Spectre BHI mitigation: SW BHB clearing on syscall and VM exit
2026-05-15T13:30:42.707857+00:00 loadgen-5mbj kernel: x86/fpu: Supporting XSAVE feature 0x001: 'x87 floating point registers'
2026-05-15T13:30:42.707858+00:00 loadgen-5mbj kernel: x86/fpu: Supporting XSAVE feature 0x002: 'SSE registers'
2026-05-15T13:30:42.707858+00:00 loadgen-5mbj kernel: x86/fpu: Supporting XSAVE feature 0x004: 'AVX registers'
2026-05-15T13:30:42.707859+00:00 loadgen-5mbj kernel: x86/fpu: xstate_offset[2]:  576, xstate_sizes[2]:  256
2026-05-15T13:30:42.707859+00:00 loadgen-5mbj kernel: x86/fpu: Enabled xstate features 0x7, context size is 832 bytes, using 'standard' format.
2026-05-15T13:30:42.707858+00:00 loadgen-5mbj systemd[1]: Finished systemd-sysctl.service - Apply Kernel Variables.
2026-05-15T13:30:42.707862+00:00 loadgen-5mbj kernel: Freeing SMP alternatives memory: 52K
2026-05-15T13:30:42.707863+00:00 loadgen-5mbj kernel: pid_max: default: 32768 minimum: 301
2026-05-15T13:30:42.707863+00:00 loadgen-5mbj kernel: LSM: initializing lsm=lockdown,capability,landlock,yama,apparmor,ima,evm
2026-05-15T13:30:42.707864+00:00 loadgen-5mbj kernel: landlock: Up and running.
2026-05-15T13:30:42.707864+00:00 loadgen-5mbj kernel: Yama: becoming mindful.
2026-05-15T13:30:42.707865+00:00 loadgen-5mbj kernel: AppArmor: AppArmor initialized
2026-05-15T13:30:42.707865+00:00 loadgen-5mbj kernel: Mount-cache hash table entries: 131072 (order: 8, 1048576 bytes, linear)
2026-05-15T13:30:42.707868+00:00 loadgen-5mbj kernel: Mountpoint-cache hash table entries: 131072 (order: 8, 1048576 bytes, linear)
2026-05-15T13:30:42.707869+00:00 loadgen-5mbj kernel: smpboot: CPU0: Intel(R) Xeon(R) CPU @ 2.30GHz (family: 0x6, model: 0x3f, stepping: 0x0)
2026-05-15T13:30:42.707865+00:00 loadgen-5mbj systemd[1]: Finished systemd-tmpfiles-setup-dev-early.service - Create Static Device Nodes in /dev gracefully.
2026-05-15T13:30:42.707869+00:00 loadgen-5mbj kernel: Performance Events: unsupported CPU family 6 model 63 no PMU driver, software events only.
2026-05-15T13:30:42.707871+00:00 loadgen-5mbj kernel: signal: max sigframe size: 1776
2026-05-15T13:30:42.707872+00:00 loadgen-5mbj kernel: rcu: Hierarchical SRCU implementation.
2026-05-15T13:30:42.707872+00:00 loadgen-5mbj kernel: rcu: 	Max phase no-delay instances is 400.
2026-05-15T13:30:42.707876+00:00 loadgen-5mbj kernel: Timer migration: 2 hierarchy levels; 8 children per group; 2 crossnode level
2026-05-15T13:30:42.707876+00:00 loadgen-5mbj kernel: NMI watchdog: Perf NMI watchdog permanently disabled
2026-05-15T13:30:42.707879+00:00 loadgen-5mbj kernel: smp: Bringing up secondary CPUs ...
2026-05-15T13:30:42.707879+00:00 loadgen-5mbj kernel: smpboot: x86: Booting SMP configuration:
2026-05-15T13:30:42.707880+00:00 loadgen-5mbj kernel: .... node  #0, CPUs:        #1  #2  #3  #4  #5  #6  #7  #8  #9 #10 #11 #12 #13 #14 #15 #16 #17 #18 #19 #20 #21 #22 #23
2026-05-15T13:30:42.707880+00:00 loadgen-5mbj kernel: MDS CPU bug present and SMT on, data leak possible. See https://www.kernel.org/doc/html/latest/admin-guide/hw-vuln/mds.html for more details.
2026-05-15T13:30:42.707874+00:00 loadgen-5mbj systemd[1]: Finished systemd-remount-fs.service - Remount Root and Kernel File Systems.
2026-05-15T13:30:42.7         Starting [0;1;39mplymouth-quit-wait.servic…[0md until boot process finishes up...
07884+00:00 loadgen-5mbj kernel: MMIO Stale Data CPU bug present and SMT on, data leak possible. See https://www.kernel.org/doc/html/latest/admin-guide/hw-vuln/processor_mmio_stale_data.html for more details.
2026-05-15T13:30:42.707885+00:00 loadgen-5mbj kernel: smp: Brought up 1 node, 24 CPUs
2026-05-15T13:30:42.707885+00:00 loadgen-5mbj kernel: smpboot: Total of 24 processors activated (110399.90 BogoMIPS)
2026-05-15T13:30:42.707885+00:00 loadgen-5mbj kernel: Memory: 65805272K/67105084K available (22206K kernel code, 4673K rwdata, 15608K rodata, 5404K init, 6100K bss, 1277604K reserved, 0K cma-reserved)
2026-05-15T13:30:42.707886+00:00 loadgen-5mbj kernel: devtmpfs: initialized
2026-05-15T13:30:42.707887+00:00 loadgen-5mbj kernel: x86/mm: Memory block size: 1024MB
2026-05-15T13:30:42.707887+00:00 loadgen-5mbj systemd[1]: Starting multipathd.service - Device-Mapper Multipath Device Controller...
2026-05-15T13:30:42.707895+00:00 loadgen-5mbj kernel: ACPI: PM: Registering ACPI NVS region [mem 0xbfb7f000-0xbfbfefff] (524288 bytes)
2026-05-15T13:30:42.707896+00:00 loadgen-5mbj kernel: clocksource: jiffies: mask: 0xffffffff max_cycles: 0xffffffff, max_idle_ns: 1911260446275000 ns
2026-05-15T13:30:42.707896+00:00 loadgen-5mbj kernel: posixtimers hash table entries: 16384 (order: 6, 262144 bytes, linear)
2026-05-15T13:30:42.707896+00:00 loadgen-5mbj kernel: futex hash table entries: 8192 (524288 bytes on 1 NUMA nodes, total 512 KiB, linear).
2026-05-15T13:30:42.707897+00:00 loadgen-5mbj kernel: pinctrl core: initialized pinctrl subsystem
2026-05-15T13:30:42.707897+00:00 loadgen-5mbj kernel: PM: RTC time: 13:30:25, date: 2026-05-15
2026-05-15T13:30:42.707896+00:00 loadgen-5mbj systemd[1]: systemd-hwdb-update.service - Rebuild Hardware Database was skipped because of an unmet condition check (ConditionNeedsUpdate=/etc).
2026-05-15T13:30:42.707903+00:00 loadgen-5mbj systemd[1]: Starting systemd-journal-flush.service - Flush Journal to Persistent Storage...
2026-05-15T13:30:42.707910+00:00 loadgen-5mbj systemd[1]: systemd-pstore.service - Platform Persistent Storage Archival was skipped because of an unmet condition check (ConditionDirectoryNotEmpty=/sys/fs/pstore).
2026-05-15T13:30:42.707917+00:00 loadgen-5mbj systemd[1]: Starting systemd-random-seed.service - Load/Save OS Random Seed...
2026-05-15T13:30:42.707923+00:00 loadgen-5mbj systemd[1]: systemd-sysusers.service - Create System Users was skipped because no trigger condition checks were met.
2026-05-15T13:30:42.707934+00:00 loadgen-5mbj systemd[1]: Starting systemd-tmpfiles-setup-dev.service - Create Static Device Nodes in /dev...
2026-05-15T13:30:42.707941+00:00 loadgen-5mbj systemd[1]: systemd-tpm2-setup.service - TPM2 SRK Setup was skipped because of an unmet condition check (ConditionSecurity=measured-uki).
2026-05-15T13:30:42.707951+00:00 loadgen-5mbj systemd[1]: Finished systemd-udev-trigger.service - Coldplug All udev Devices.
2026-05-15T13:30:42.707957+00:00 loadgen-5mbj systemd[1]: Finished systemd-random-seed.service - Load/Save OS Random Seed.
