2026-05-15 11:11:13,726 DEBUG    root            Loaded Command Group: ['gcloud', 'compute']
2026-05-15 11:11:13,730 DEBUG    root            Loaded Command Group: ['gcloud', 'compute', 'instances']
2026-05-15 11:11:13,732 DEBUG    root            Loaded Command Group: ['gcloud', 'compute', 'instances', 'get_serial_port_output']
2026-05-15 11:11:13,734 DEBUG    root            Running [gcloud.compute.instances.get-serial-port-output] with arguments: [--project: "env-integration-fenway", --zone: "us-central1-b", INSTANCE_NAME: "loadgen-csxx"]
2026-05-15 11:11:13,738 DEBUG    root            On GCE from memory cache: False
2026-05-15 11:11:13,743 DEBUG    root            On GCE from memory cache: False
2026-05-15 11:11:13,917 DEBUG    urllib3.connectionpool Starting new HTTPS connection (1): compute.googleapis.com:443
2026-05-15 11:11:14,207 DEBUG    urllib3.connectionpool https://compute.googleapis.com:443 "GET /compute/v1/projects/env-integration-fenway/zones/us-central1-b/instances/loadgen-csxx/serialPort?alt=json&port=1 HTTP/1.1" 200 None
2026-05-15 11:11:14,335 DEBUG    root            Chosen display Format:value[no-quote](contents)
2026-05-15 11:11:14,336 INFO     root            Display format: "value[no-quote](contents)"
2026-05-15 11:11:14,357 INFO     ___FILE_ONLY___ [2J[01;01H[=3h[2J[01;01H[2J[01;01H[=3h[2J[01;01HCSM BBS Table full.
BdsDxe: loading Boot0003 "Ubuntu" from PciRoot(0x0)/Pci(0x3,0x0)/Scsi(0x1,0x0)/HD(15,GPT,C848D457-4750-4825-A2CD-4EBFB870DC53,0x2800,0x35000)/\EFI\ubuntu\shimx64.efi
BdsDxe: starting Boot0003 "Ubuntu" from PciRoot(0x0)/Pci(0x3,0x0)/Scsi(0x1,0x0)/HD(15,GPT,C848D457-4750-4825-A2CD-4EBFB870DC53,0x2800,0x35000)/\EFI\ubuntu\shimx64.efi

UEFI: Attempting to start image.
Description: Ubuntu
FilePath: PciRoot(0x0)/Pci(0x3,0x0)/Scsi(0x1,0x0)/HD(15,GPT,C848D457-4750-4825-A2CD-4EBFB870DC53,0x2800,0x35000)/\EFI\ubuntu\shimx64.efi
OptionNumber: 3.

[H[J[1;1HGRUB_FORCE_PARTUUID set, attempting initrdless boot.
[    0.000000] Linux version 6.17.0-1013-gcp (buildd@lcy02-amd64-034) (x86_64-linux-gnu-gcc-13 (Ubuntu 13.3.0-6ubuntu2~24.04.1) 13.3.0, GNU ld (GNU Binutils for Ubuntu) 2.42) #13~24.04.1-Ubuntu SMP Thu Apr 16 02:10:24 UTC 2026 (Ubuntu 6.17.0-1013.13~24.04.1-gcp 6.17.13)
[    0.000000] Command line: BOOT_IMAGE=/vmlinuz-6.17.0-1013-gcp root=PARTUUID=6624332c-1f00-4e51-a0bf-94661fe17234 ro console=ttyS0,115200 panic=-1
[    0.000000] KERNEL supported cpus:
[    0.000000]   Intel GenuineIntel
[    0.000000]   AMD AuthenticAMD
[    0.000000]   Hygon HygonGenuine
[    0.000000]   Centaur CentaurHauls
[    0.000000]   zhaoxin   Shanghai  
[    0.000000] x86/CPU: Model not found in latest microcode list
[    0.000000] BIOS-provided physical RAM map:
[    0.000000] BIOS-e820: [mem 0x0000000000000000-0x0000000000000fff] reserved
[    0.000000] BIOS-e820: [mem 0x0000000000001000-0x0000000000054fff] usable
[    0.000000] BIOS-e820: [mem 0x0000000000055000-0x000000000005ffff] reserved
[    0.000000] BIOS-e820: [mem 0x0000000000060000-0x0000000000097fff] usable
[    0.000000] BIOS-e820: [mem 0x0000000000098000-0x000000000009ffff] reserved
[    0.000000] BIOS-e820: [mem 0x0000000000100000-0x00000000bd254fff] usable
[    0.000000] BIOS-e820: [mem 0x00000000bd255000-0x00000000bd25ffff] ACPI data
[    0.000000] BIOS-e820: [mem 0x00000000bd260000-0x00000000bf8ecfff] usable
[    0.000000] BIOS-e820: [mem 0x00000000bf8ed000-0x00000000bfb6cfff] reserved
[    0.000000] BIOS-e820: [mem 0x00000000bfb6d000-0x00000000bfb7efff] ACPI data
[    0.000000] BIOS-e820: [mem 0x00000000bfb7f000-0x00000000bfbfefff] ACPI NVS
[    0.000000] BIOS-e820: [mem 0x00000000bfbff000-0x00000000bffdffff] usable
[    0.000000] BIOS-e820: [mem 0x00000000bffe0000-0x00000000bfffffff] reserved
[    0.000000] BIOS-e820: [mem 0x0000000100000000-0x000000103fffffff] usable
[    0.000000] NX (Execute Disable) protection: active
[    0.000000] APIC: Static calls initialized
[    0.000000] efi: EFI v2.7 by EDK II
[    0.000000] efi: TPMFinalLog=0xbfbf7000 ACPI=0xbfb7e000 ACPI 2.0=0xbfb7e014 SMBIOS=0xbf9ca000 MEMATTR=0xbd260018 MOKvar=0xbf9c8000 RNG=0xbfb72018 TPMEventLog=0xbd255018 
[    0.000000] random: crng init done
[    0.000000] SMBIOS 2.4 present.
[    0.000000] DMI: Google Google Compute Engine/Google Compute Engine, BIOS Google 04/21/2026
[    0.000000] DMI: Memory slots populated: 4/4
[    0.000000] secureboot: Secure boot disabled
[    0.000000] Hypervisor detected: KVM
[    0.000000] last_pfn = 0xbffe0 max_arch_pfn = 0x400000000
[    0.000000] kvm-clock: Using msrs 4b564d01 and 4b564d00
[    0.000001] kvm-clock: using sched offset of 15237105465 cycles
[    0.000003] clocksource: kvm-clock: mask: 0xffffffffffffffff max_cycles: 0x1cd42e4dffb, max_idle_ns: 881590591483 ns
[    0.000007] tsc: Detected 2299.998 MHz processor
[    0.000094] last_pfn = 0x1040000 max_arch_pfn = 0x400000000
[    0.000132] MTRR map: 3 entries (2 fixed + 1 variable; max 18), built from 8 variable MTRRs
[    0.000136] x86/PAT: Configuration [0-7]: WB  WC  UC- UC  WB  WP  UC- WT  
[    0.000187] last_pfn = 0xbffe0 max_arch_pfn = 0x400000000
[    0.015769] Using GB pages for direct mapping
[    0.016176] secureboot: Secure boot disabled
[    0.016181] ACPI: Early table checksum verification disabled
[    0.016186] ACPI: RSDP 0x00000000BFB7E014 000024 (v02 Google)
[    0.016191] ACPI: XSDT 0x00000000BFB7D0E8 00005C (v01 Google GOOGFACP 00000001      01000013)
[    0.016199] ACPI: FACP 0x00000000BFB78000 0000F4 (v02 Google GOOGFACP 00000001 GOOG 00000001)
[    0.016207] ACPI: DSDT 0x00000000BFB79000 001A64 (v01 Google GOOGDSDT 00000001 GOOG 00000001)
[    0.016212] ACPI: FACS 0x00000000BFBF1000 000040
[    0.016216] ACPI: SSDT 0x00000000BFB7C000 000316 (v02 GOOGLE Tpm2Tabl 00001000 INTL 20250807)
[    0.016221] ACPI: TPM2 0x00000000BFB7B000 000034 (v04 GOOGLE          00000001 GOOG 00000001)
[    0.016225] ACPI: SRAT 0x00000000BFB77000 000228 (v03 Google GOOGSRAT 00000001 GOOG 00000001)
[    0.016230] ACPI: APIC 0x00000000BFB76000 000126 (v05 Google GOOGAPIC 00000001 GOOG 00000001)
[    0.016235] ACPI: SSDT 0x00000000BFB74000 0011D6 (v01 Google GOOGSSDT 00000001 GOOG 00000001)
[    0.016239] ACPI: WAET 0x00000000BFB73000 000028 (v01 Google GOOGWAET 00000001 GOOG 00000001)
[    0.016242] ACPI: Reserving FACP table memory at [mem 0xbfb78000-0xbfb780f3]
[    0.016244] ACPI: Reserving DSDT table memory at [mem 0xbfb79000-0xbfb7aa63]
[    0.016245] ACPI: Reserving FACS table memory at [mem 0xbfbf1000-0xbfbf103f]
[    0.016246] ACPI: Reserving SSDT table memory at [mem 0xbfb7c000-0xbfb7c315]
[    0.016247] ACPI: Reserving TPM2 table memory at [mem 0xbfb7b000-0xbfb7b033]
[    0.016247] ACPI: Reserving SRAT table memory at [mem 0xbfb77000-0xbfb77227]
[    0.016248] ACPI: Reserving APIC table memory at [mem 0xbfb76000-0xbfb76125]
[    0.016249] ACPI: Reserving SSDT table memory at [mem 0xbfb74000-0xbfb751d5]
[    0.016250] ACPI: Reserving WAET table memory at [mem 0xbfb73000-0xbfb73027]
[    0.016391] ACPI: SRAT: Node 0 PXM 0 [mem 0x00000000-0x0009ffff]
[    0.016394] ACPI: SRAT: Node 0 PXM 0 [mem 0x00100000-0xbfffffff]
[    0.016397] ACPI: SRAT: Node 0 PXM 0 [mem 0x100000000-0x103fffffff]
[    0.016405] NUMA: Node 0 [mem 0x00001000-0x0009ffff] + [mem 0x00100000-0xbfffffff] -> [mem 0x00001000-0xbfffffff]
[    0.016409] NUMA: Node 0 [mem 0x00001000-0xbfffffff] + [mem 0x100000000-0x103fffffff] -> [mem 0x00001000-0x103fffffff]
[    0.016436] NODE_DATA(0) allocated [mem 0x103ffd52c0-0x103fffffff]
[    0.016671] Zone ranges:
[    0.016672]   DMA      [mem 0x0000000000001000-0x0000000000ffffff]
[    0.016674]   DMA32    [mem 0x0000000001000000-0x00000000ffffffff]
[    0.016675]   Normal   [mem 0x0000000100000000-0x000000103fffffff]
[    0.016677]   Device   empty
[    0.016678] Movable zone start for each node
[    0.016680] Early memory node ranges
[    0.016681]   node   0: [mem 0x0000000000001000-0x0000000000054fff]
[    0.016682]   node   0: [mem 0x0000000000060000-0x0000000000097fff]
[    0.016683]   node   0: [mem 0x0000000000100000-0x00000000bd254fff]
[    0.016684]   node   0: [mem 0x00000000bd260000-0x00000000bf8ecfff]
[    0.016685]   node   0: [mem 0x00000000bfbff000-0x00000000bffdffff]
[    0.016686]   node   0: [mem 0x0000000100000000-0x000000103fffffff]
[    0.016691] Initmem setup node 0 [mem 0x0000000000001000-0x000000103fffffff]
[    0.016763] On node 0, zone DMA: 1 pages in unavailable ranges
[    0.016765] On node 0, zone DMA: 11 pages in unavailable ranges
[    0.016793] On node 0, zone DMA: 104 pages in unavailable ranges
[    0.021989] On node 0, zone DMA32: 11 pages in unavailable ranges
[    0.022004] On node 0, zone DMA32: 786 pages in unavailable ranges
[    0.127510] On node 0, zone Normal: 32 pages in unavailable ranges
[    0.128199] ACPI: PM-Timer IO Port: 0xb008
[    0.128225] ACPI: LAPIC_NMI (acpi_id[0xff] dfl dfl lint[0x1])
[    0.128322] IOAPIC[0]: apic_id 0, version 17, address 0xfec00000, GSI 0-23
[    0.128326] ACPI: INT_SRC_OVR (bus 0 bus_irq 5 global_irq 5 high level)
[    0.128328] ACPI: INT_SRC_OVR (bus 0 bus_irq 9 global_irq 9 high level)
[    0.128330] ACPI: INT_SRC_OVR (bus 0 bus_irq 10 global_irq 10 high level)
[    0.128331] ACPI: INT_SRC_OVR (bus 0 bus_irq 11 global_irq 11 high level)
[    0.128337] ACPI: Using ACPI (MADT) for SMP configuration information
[    0.128343] CPU topo: Max. logical packages:   1
[    0.128344] CPU topo: Max. logical dies:       1
[    0.128345] CPU topo: Max. dies per package:   1
[    0.128350] CPU topo: Max. threads per core:   2
[    0.128351] CPU topo: Num. cores per package:    12
[    0.128352] CPU topo: Num. threads per package:  24
[    0.128352] CPU topo: Allowing 24 present CPUs plus 0 hotplug CPUs
[    0.128379] PM: hibernation: Registered nosave memory: [mem 0x00000000-0x00000fff]
[    0.128381] PM: hibernation: Registered nosave memory: [mem 0x00055000-0x0005ffff]
[    0.128383] PM: hibernation: Registered nosave memory: [mem 0x00098000-0x000fffff]
[    0.128385] PM: hibernation: Registered nosave memory: [mem 0xbd255000-0xbd25ffff]
[    0.128387] PM: hibernation: Registered nosave memory: [mem 0xbf8ed000-0xbfbfefff]
[    0.128389] PM: hibernation: Registered nosave memory: [mem 0xbffe0000-0xffffffff]
[    0.128391] [mem 0xc0000000-0xffffffff] available for PCI devices
[    0.128393] Booting paravirtualized kernel on KVM
[    0.128395] clocksource: refined-jiffies: mask: 0xffffffff max_cycles: 0xffffffff, max_idle_ns: 1910969940391419 ns
[    0.128404] setup_percpu: NR_CPUS:8192 nr_cpumask_bits:24 nr_cpu_ids:24 nr_node_ids:1
[    0.130181] percpu: Embedded 84 pages/cpu s221184 r8192 d114688 u524288
[    0.130238] kvm-guest: PV spinlocks enabled
[    0.130241] PV qspinlock hash table entries: 256 (order: 0, 4096 bytes, linear)
[    0.130244] Kernel command line: BOOT_IMAGE=/vmlinuz-6.17.0-1013-gcp root=PARTUUID=6624332c-1f00-4e51-a0bf-94661fe17234 ro console=ttyS0,115200 panic=-1
[    0.130308] printk: log buffer data + meta data: 262144 + 917504 = 1179648 bytes
[    0.136947] Dentry cache hash table entries: 8388608 (order: 14, 67108864 bytes, linear)
[    0.140215] Inode-cache hash table entries: 4194304 (order: 13, 33554432 bytes, linear)
[    0.140808] software IO TLB: area num 32.
[    0.154050] Fallback order for Node 0: 0 
[    0.154056] Built 1 zonelists, mobility grouping on.  Total pages: 16776271
[    0.154057] Policy zone: Normal
[    0.154066] mem auto-init: stack:all(zero), heap alloc:on, heap free:off
[    0.304004] SLUB: HWalign=64, Order=0-3, MinObjects=0, CPUs=24, Nodes=1
[    0.304070] Kernel/User page tables isolation: enabled
[    0.317537] ftrace: allocating 61994 entries in 244 pages
[    0.317540] ftrace: allocated 244 pages with 5 groups
[    0.317931] rcu: Hierarchical RCU implementation.
[    0.317932] rcu: 	RCU restricting CPUs from NR_CPUS=8192 to nr_cpu_ids=24.
[    0.317935] 	Rude variant of Tasks RCU enabled.
[    0.317935] 	Tracing variant of Tasks RCU enabled.
[    0.317936] rcu: RCU calculated value of scheduler-enlistment delay is 100 jiffies.
[    0.317937] rcu: Adjusting geometry for rcu_fanout_leaf=16, nr_cpu_ids=24
[    0.317965] RCU Tasks Rude: Setting shift to 5 and lim to 1 rcu_task_cb_adjust=1 rcu_task_cpu_ids=24.
[    0.317969] RCU Tasks Trace: Setting shift to 5 and lim to 1 rcu_task_cb_adjust=1 rcu_task_cpu_ids=24.
[    0.321902] NR_IRQS: 524544, nr_irqs: 616, preallocated irqs: 16
[    0.322283] rcu: srcu_init: Setting srcu_struct sizes based on contention.
[    0.322407] Console: colour dummy device 80x25
[    0.322473] printk: legacy console [ttyS0] enabled
[    0.657982] ACPI: Core revision 20250404
[    0.659542] APIC: Switch to symmetric I/O mode setup
[    0.662110] x2apic enabled
[    0.666413] APIC: Switched APIC routing to: physical x2apic
[    0.672890] ..TIMER: vector=0x30 apic1=0 pin1=0 apic2=-1 pin2=-1
[    0.675074] clocksource: tsc-early: mask: 0xffffffffffffffff max_cycles: 0x212733415c7, max_idle_ns: 440795236380 ns
[    0.678715] Calibrating delay loop (skipped) preset value.. 4599.99 BogoMIPS (lpj=2299998)
[    0.680048] Last level iTLB entries: 4KB 1024, 2MB 1024, 4MB 1024
[    0.680713] Last level dTLB entries: 4KB 1024, 2MB 1024, 4MB 1024, 1GB 4
[    0.681742] mitigations: Enabled attack vectors: user_kernel, user_user, guest_host, guest_guest, SMT mitigations: auto
[    0.682715] Speculative Store Bypass: Mitigation: Speculative Store Bypass disabled via prctl
[    0.683713] Spectre V2 : Mitigation: IBRS
[    0.684712] RETBleed: Mitigation: IBRS
[    0.685713] ITS: Mitigation: Aligned branch/return thunks
[    0.686712] Spectre V2 : User space: Mitigation: STIBP via prctl
[    0.687712] MDS: Mitigation: Clear CPU buffers
[    0.688712] MMIO Stale Data: Vulnerable: Clear CPU buffers attempted, no microcode
[    0.689713] Spectre V1 : Mitigation: usercopy/swapgs barriers and __user pointer sanitization
[    0.690716] Spectre V2 : Spectre v2 / SpectreRSB: Filling RSB on context switch and VMEXIT
[    0.691715] Spectre V2 : mitigation: Enabling conditional Indirect Branch Prediction Barrier
[    0.692721] active return thunk: its_return_thunk
[    0.693713] Spectre V2 : Spectre BHI mitigation: SW BHB clearing on syscall and VM exit
[    0.694732] x86/fpu: Supporting XSAVE feature 0x001: 'x87 floating point registers'
[    0.695717] x86/fpu: Supporting XSAVE feature 0x002: 'SSE registers'
[    0.696713] x86/fpu: Supporting XSAVE feature 0x004: 'AVX registers'
[    0.697714] x86/fpu: xstate_offset[2]:  576, xstate_sizes[2]:  256
[    0.698714] x86/fpu: Enabled xstate features 0x7, context size is 832 bytes, using 'standard' format.
[    0.763985] Freeing SMP alternatives memory: 52K
[    0.764717] pid_max: default: 32768 minimum: 301
[    0.766721] LSM: initializing lsm=lockdown,capability,landlock,yama,apparmor,ima,evm
[    0.767726] landlock: Up and running.
[    0.768713] Yama: becoming mindful.
[    0.769773] AppArmor: AppArmor initialized
[    0.771821] Mount-cache hash table entries: 131072 (order: 8, 1048576 bytes, linear)
[    0.772889] Mountpoint-cache hash table entries: 131072 (order: 8, 1048576 bytes, linear)
[    0.877108] smpboot: CPU0: Intel(R) Xeon(R) CPU @ 2.30GHz (family: 0x6, model: 0x3f, stepping: 0x0)
[    0.878136] Performance Events: unsupported CPU family 6 model 63 no PMU driver, software events only.
[    0.878797] signal: max sigframe size: 1776
[    0.879766] rcu: Hierarchical SRCU implementation.
[    0.880717] rcu: 	Max phase no-delay instances is 400.
[    0.881823] Timer migration: 2 hierarchy levels; 8 children per group; 2 crossnode level
[    0.885130] NMI watchdog: Perf NMI watchdog permanently disabled
[    0.886055] smp: Bringing up secondary CPUs ...
[    0.886933] smpboot: x86: Booting SMP configuration:
[    0.887716] .... node  #0, CPUs:        #1  #2  #3  #4  #5  #6  #7  #8  #9 #10 #11 #12 #13 #14 #15 #16 #17 #18 #19 #20 #21 #22 #23
[    0.900047] MDS CPU bug present and SMT on, data leak possible. See https://www.kernel.org/doc/html/latest/admin-guide/hw-vuln/mds.html for more details.
[    0.901717] MMIO Stale Data CPU bug present and SMT on, data leak possible. See https://www.kernel.org/doc/html/latest/admin-guide/hw-vuln/processor_mmio_stale_data.html for more details.
[    0.907831] smp: Brought up 1 node, 24 CPUs
[    0.908714] smpboot: Total of 24 processors activated (110399.90 BogoMIPS)
[    0.911088] Memory: 65803320K/67105084K available (22206K kernel code, 4673K rwdata, 15608K rodata, 5404K init, 6100K bss, 1277608K reserved, 0K cma-reserved)
[    0.914798] devtmpfs: initialized
[    0.915842] x86/mm: Memory block size: 1024MB
[    0.918788] ACPI: PM: Registering ACPI NVS region [mem 0xbfb7f000-0xbfbfefff] (524288 bytes)
[    0.920756] clocksource: jiffies: mask: 0xffffffff max_cycles: 0xffffffff, max_idle_ns: 1911260446275000 ns
[    0.921797] posixtimers hash table entries: 16384 (order: 6, 262144 bytes, linear)
[    0.922843] futex hash table entries: 8192 (524288 bytes on 1 NUMA nodes, total 512 KiB, linear).
[    0.923898] pinctrl core: initialized pinctrl subsystem
[    0.924999] PM: RTC time: 18:09:03, date: 2026-05-15
[    0.927779] NET: Registered PF_NETLINK/PF_ROUTE protocol family
[    0.929602] DMA: preallocated 4096 KiB GFP_KERNEL pool for atomic allocations
[    0.930447] DMA: preallocated 4096 KiB GFP_KERNEL|GFP_DMA pool for atomic allocations
[    0.931958] DMA: preallocated 4096 KiB GFP_KERNEL|GFP_DMA32 pool for atomic allocations
[    0.932730] audit: initializing netlink subsys (disabled)
[    0.933758] audit: type=2000 audit(1778868543.331:1): state=initialized audit_enabled=0 res=1
[    0.934770] thermal_sys: Registered thermal governor 'fair_share'
[    0.935713] thermal_sys: Registered thermal governor 'bang_bang'
[    0.936714] thermal_sys: Registered thermal governor 'step_wise'
[    0.937713] thermal_sys: Registered thermal governor 'user_space'
[    0.938714] thermal_sys: Registered thermal governor 'power_allocator'
[    0.939729] cpuidle: using governor ladder
[    0.941729] cpuidle: using governor menu
[    0.942792] acpiphp: ACPI Hot Plug PCI Controller Driver version: 0.5
[    0.944793] PCI: Using configuration type 1 for base access
[    0.945844] kprobes: kprobe jump-optimization is enabled. All kprobes are optimized if possible.
[    0.947799] HugeTLB: registered 1.00 GiB page size, pre-allocated 0 pages
[    0.948713] HugeTLB: 16380 KiB vmemmap can be freed for a 1.00 GiB page
[    0.949714] HugeTLB: registered 2.00 MiB page size, pre-allocated 0 pages
[    0.950713] HugeTLB: 28 KiB vmemmap can be freed for a 2.00 MiB page
[    0.955319] ACPI: Added _OSI(Module Device)
[    0.955714] ACPI: Added _OSI(Processor Device)
[    0.956715] ACPI: Added _OSI(Processor Aggregator Device)
[    0.961440] ACPI: 3 ACPI AML tables successfully acquired and loaded
[    0.966093] ACPI: Interpreter enabled
[    0.966733] ACPI: PM: (supports S0 S3 S4 S5)
[    0.967714] ACPI: Using IOAPIC for interrupt routing
[    0.969733] PCI: Using host bridge windows from ACPI; if necessary, use "pci=nocrs" and report a bug
[    0.970713] PCI: Ignoring E820 reservations for host bridge windows
[    0.972100] ACPI: Enabled 16 GPEs in block 00 to 0F
[    0.980102] ACPI: PCI Root Bridge [PCI0] (domain 0000 [bus 00-ff])
[    0.980720] acpi PNP0A03:00: _OSC: OS supports [ASPM ClockPM Segments MSI EDR HPX-Type3]
[    0.981714] acpi PNP0A03:00: _OSC: not requesting OS control; OS requires [ExtendedConfig ASPM ClockPM MSI]
[    0.982731] acpi PNP0A03:00: fail to add MMCONFIG information, can't access extended configuration space under this bridge
[    0.985185] PCI host bridge to bus 0000:00
[    0.985719] pci_bus 0000:00: root bus resource [io  0x0000-0x0cf7 window]
[    0.986714] pci_bus 0000:00: root bus resource [io  0x0d00-0xffff window]
[    0.987714] pci_bus 0000:00: root bus resource [mem 0x000a0000-0x000bffff window]
[    0.988714] pci_bus 0000:00: root bus resource [mem 0xc0000000-0xc53fffff window]
[    0.989714] pci_bus 0000:00: root bus resource [mem 0xc5440000-0xee3fffff window]
[    0.990714] pci_bus 0000:00: root bus resource [mem 0xee440000-0xfebfefff window]
[    0.991714] pci_bus 0000:00: root bus resource [mem 0x1040000000-0x2103fffffff window]
[    0.992714] pci_bus 0000:00: root bus resource [bus 00-ff]
[    0.994737] pci 0000:00:00.0: [8086:1237] type 00 class 0x060000 conventional PCI endpoint
[    0.999509] pci 0000:00:01.0: [8086:7110] type 00 class 0x060100 conventional PCI endpoint
[    1.004279] pci 0000:00:01.3: [8086:7113] type 00 class 0x068000 conventional PCI endpoint
[    1.008881] pci 0000:00:01.3: quirk: [io  0xb000-0xb03f] claimed by PIIX4 ACPI
[    1.010966] pci 0000:00:03.0: [1af4:1004] type 00 class 0x000000 conventional PCI endpoint
[    1.020738] pci 0000:00:03.0: BAR 0 [io  0xc040-0xc07f]
[    1.021729] pci 0000:00:03.0: BAR 1 [mem 0xc1001000-0xc100107f]
[    1.024057] pci 0000:00:04.0: [10de:1eb8] type 00 class 0x030200 conventional PCI endpoint
[    1.039739] pci 0000:00:04.0: BAR 0 [mem 0xc0000000-0xc0ffffff]
[    1.041741] pci 0000:00:04.0: BAR 1 [mem 0x1040000000-0x104fffffff 64bit pref]
[    1.042748] pci 0000:00:04.0: BAR 3 [mem 0x1050000000-0x1051ffffff 64bit pref]
[    1.045217] pci 0000:00:05.0: [1af4:1000] type 00 class 0x020000 conventional PCI endpoint
[    1.054738] pci 0000:00:05.0: BAR 0 [io  0xc000-0xc03f]
[    1.055728] pci 0000:00:05.0: BAR 1 [mem 0xc1000000-0xc10003ff]
[    1.058214] pci 0000:00:06.0: [1af4:1005] type 00 class 0x00ff00 conventional PCI endpoint
[    1.067742] pci 0000:00:06.0: BAR 0 [io  0xc080-0xc09f]
[    1.068728] pci 0000:00:06.0: BAR 1 [mem 0xc1002000-0xc100203f]
[    1.082119] ACPI: PCI: Interrupt link LNKA configured for IRQ 10
[    1.084733] ACPI: PCI: Interrupt link LNKB configured for IRQ 10
[    1.086858] ACPI: PCI: Interrupt link LNKC configured for IRQ 11
[    1.089824] ACPI: PCI: Interrupt link LNKD configured for IRQ 11
[    1.091766] ACPI: PCI: Interrupt link LNKS configured for IRQ 9
[    1.097000] iommu: Default domain type: Translated
[    1.097715] iommu: DMA domain TLB invalidation policy: lazy mode
[    1.099993] SCSI subsystem initialized
[    1.100763] ACPI: bus type USB registered
[    1.101737] usbcore: registered new interface driver usbfs
[    1.102734] usbcore: registered new interface driver hub
[    1.103735] usbcore: registered new device driver usb
[    1.104747] pps_core: LinuxPPS API ver. 1 registered
[    1.105713] pps_core: Software ver. 5.3.6 - Copyright 2005-2007 Rodolfo Giometti <giometti@linux.it>
[    1.106718] PTP clock support registered
[    1.107763] EDAC MC: Ver: 3.0.0
[    1.109715] efivars: Registered efivars operations
[    1.112130] NetLabel: Initializing
[    1.112714] NetLabel:  domain hash size = 128
[    1.113714] NetLabel:  protocols = UNLABELED CIPSOv4 CALIPSO
[    1.114742] NetLabel:  unlabeled traffic allowed by default
[    1.115768] mctp: management component transport protocol core
[    1.116716] NET: Registered PF_MCTP protocol family
[    1.117738] PCI: Using ACPI for IRQ routing
[    1.118979] vgaarb: loaded
[    1.120866] clocksource: Switched to clocksource kvm-clock
[    1.123777] VFS: Disk quotas dquot_6.6.0
[    1.125248] VFS: Dquot-cache hash table entries: 512 (order 0, 4096 bytes)
[    1.127772] AppArmor: AppArmor Filesystem Enabled
[    1.129289] pnp: PnP ACPI init
[    1.131205] pnp: PnP ACPI: found 7 devices
[    1.139815] clocksource: acpi_pm: mask: 0xffffff max_cycles: 0xffffff, max_idle_ns: 2085701024 ns
[    1.142799] NET: Registered PF_INET protocol family
[    1.144856] IP idents hash table entries: 262144 (order: 9, 2097152 bytes, linear)
[    1.171015] tcp_listen_portaddr_hash hash table entries: 32768 (order: 7, 524288 bytes, linear)
[    1.173905] Table-perturb hash table entries: 65536 (order: 6, 262144 bytes, linear)
[    1.177106] TCP established hash table entries: 524288 (order: 10, 4194304 bytes, linear)
[    1.180289] TCP bind hash table entries: 65536 (order: 9, 2097152 bytes, linear)
[    1.182827] TCP: Hash tables configured (established 524288 bind 65536)
[    1.185366] MPTCP token hash table entries: 65536 (order: 9, 1572864 bytes, linear)
[    1.188284] UDP hash table entries: 32768 (order: 9, 2097152 bytes, linear)
[    1.191016] UDP-Lite hash table entries: 32768 (order: 9, 2097152 bytes, linear)
[    1.193809] NET: Registered PF_UNIX/PF_LOCAL protocol family
[    1.195677] NET: Registered PF_XDP protocol family
[    1.197252] pci_bus 0000:00: resource 4 [io  0x0000-0x0cf7 window]
[    1.199191] pci_bus 0000:00: resource 5 [io  0x0d00-0xffff window]
[    1.201258] pci_bus 0000:00: resource 6 [mem 0x000a0000-0x000bffff window]
[    1.203425] pci_bus 0000:00: resource 7 [mem 0xc0000000-0xc53fffff window]
[    1.205511] pci_bus 0000:00: resource 8 [mem 0xc5440000-0xee3fffff window]
[    1.207768] pci_bus 0000:00: resource 9 [mem 0xee440000-0xfebfefff window]
[    1.209995] pci_bus 0000:00: resource 10 [mem 0x1040000000-0x2103fffffff window]
[    1.212519] pci 0000:00:00.0: Limiting direct PCI/PCI transfers
[    1.214782] PCI: CLS 0 bytes, default 64
[    1.216105] PCI-DMA: Using software bounce buffering for IO (SWIOTLB)
[    1.218197] software IO TLB: mapped [mem 0x00000000b7f7f000-0x00000000bbf7f000] (64MB)
[    1.220856] clocksource: tsc: mask: 0xffffffffffffffff max_cycles: 0x212733415c7, max_idle_ns: 440795236380 ns
[    1.224500] clocksource: Switched to clocksource tsc
[    1.244689] Initialise system trusted keyrings
[    1.246341] Key type blacklist registered
[    1.248299] workingset: timestamp_bits=36 max_order=24 bucket_order=0
[    1.250908] squashfs: version 4.0 (2009/01/31) Phillip Lougher
[    1.253335] fuse: init (API version 7.44)
[    1.255433] integrity: Platform Keyring initialized
[    1.257156] integrity: Machine keyring initialized
[    1.271753] Key type asymmetric registered
[    1.273268] Asymmetric key parser 'x509' registered
[    1.275040] Block layer SCSI generic (bsg) driver version 0.4 loaded (major 242)
[    1.277939] io scheduler mq-deadline registered
[    1.283288] ledtrig-cpu: registered to indicate activity on CPUs
[    1.285863] input: Power Button as /devices/LNXSYSTM:00/LNXPWRBN:00/input/input0
[    1.288810] ACPI: button: Power Button [PWRF]
[    1.290374] input: Sleep Button as /devices/LNXSYSTM:00/LNXSLPBN:00/input/input1
[    1.293254] ACPI: button: Sleep Button [SLPF]
[    1.302882] ACPI: \_SB_.LNKC: Enabled at IRQ 11
[    1.304502] virtio-pci 0000:00:03.0: virtio_pci: leaving for legacy driver
[    1.315249] ACPI: \_SB_.LNKA: Enabled at IRQ 10
[    1.316883] virtio-pci 0000:00:05.0: virtio_pci: leaving for legacy driver
[    1.328273] ACPI: \_SB_.LNKB: Enabled at IRQ 10
[    1.329840] virtio-pci 0000:00:06.0: virtio_pci: leaving for legacy driver
[    1.337438] Serial: 8250/16550 driver, 32 ports, IRQ sharing enabled
[    1.362808] 00:03: ttyS0 at I/O 0x3f8 (irq = 4, base_baud = 115200) is a 16550A
[    1.389169] 00:04: ttyS1 at I/O 0x2f8 (irq = 3, base_baud = 115200) is a 16550A
[    1.415207] 00:05: ttyS2 at I/O 0x3e8 (irq = 6, base_baud = 115200) is a 16550A
[    1.441152] 00:06: ttyS3 at I/O 0x2e8 (irq = 7, base_baud = 115200) is a 16550A
[    1.446251] Linux agpgart interface v0.103
[    1.449598] tpm_tis MSFT0101:00: 2.0 TPM (device-id 0x9009, rev-id 0)
[    1.467693] loop: module loaded
[    1.472418] virtio_scsi virtio0: 1/0/0 default/read/poll queues
[    1.490997] scsi host0: Virtio SCSI HBA
[    1.492440] blk-mq: reduced tag depth to 10240
[    1.499308] Key type psk registered
[    1.499693] scsi 0:0:1:0: Direct-Access     Google   PersistentDisk   1    PQ: 0 ANSI: 6
[    1.501262] ACPI: bus type drm_connector registered
[    1.505464] tun: Universal TUN/TAP device driver, 1.6
[    1.619553] sd 0:0:1:0: Attached scsi generic sg0 type 0
[    1.619663] sd 0:0:1:0: [sda] 4194304000 512-byte logical blocks: (2.15 TB/1.95 TiB)
[    1.672489] sd 0:0:1:0: [sda] 4096-byte physical blocks
[    1.691942] sd 0:0:1:0: [sda] Write Protect is off
[    1.707605] sd 0:0:1:0: [sda] Write cache: enabled, read cache: enabled, supports DPO and FUA
[    1.737390] PPP generic driver version 2.4.2
[    1.739185] i8042: PNP: PS/2 Controller [PNP0303:KBD,PNP0f13:MOU] at 0x60,0x64 irq 1,12
[    1.742346] i8042: Warning: Keylock active
[    1.745770] serio: i8042 KBD port at 0x60,0x64 irq 1
[    1.747492] serio: i8042 AUX port at 0x60,0x64 irq 12
[    1.749607] mousedev: PS/2 mouse device common for all mice
[    1.751749] rtc_cmos 00:00: RTC can wake from S4
[    1.754721] rtc_cmos 00:00: registered as rtc0
[    1.756495] rtc_cmos 00:00: setting system clock to 2026-05-15T18:09:04 UTC (1778868544)
[    1.759536] rtc_cmos 00:00: alarms up to one day, 114 bytes nvram
[    1.761736] i2c_dev: i2c /dev entries driver
[    1.763337] device-mapper: core: CONFIG_IMA_DISABLE_HTABLE is disabled. Duplicate IMA measurements will not be recorded in the IMA log.
[    1.767447] GPT:Primary header thinks Alt. header is not at the end of the disk.
[    1.767849] device-mapper: uevent: version 1.0.3
[    1.770669] GPT:104857599 != 4194303999
[    1.772370] device-mapper: ioctl: 4.50.0-ioctl (2025-04-28) initialised: dm-devel@lists.linux.dev
[    1.773561] GPT:Alternate GPT header not at the end of the disk.
[    1.773562] GPT:104857599 != 4194303999
[    1.773563] GPT: Use GNU Parted to correct GPT errors.
[    1.773571]  sda: sda1 sda14 sda15 sda16
[    1.776743] intel_pstate: CPU model not supported
[    1.779053] sd 0:0:1:0: [sda] Attached SCSI disk
[    1.780261] drop_monitor: Initializing network drop monitor service
[    1.789810] NET: Registered PF_INET6 protocol family
[    1.792266] Segment Routing with IPv6
[    1.793668] In-situ OAM (IOAM) with IPv6
[    1.795232] NET: Registered PF_PACKET protocol family
[    1.797134] Key type dns_resolver registered
[    1.802467] IPI shorthand broadcast: enabled
[    1.806529] sched_clock: Marking stable (1456004102, 350417890)->(2048651109, -242229117)
[    1.809897] registered taskstats version 1
[    1.813375] Loading compiled-in X.509 certificates
[    1.815937] Loaded X.509 cert 'Build time autogenerated kernel key: e45cb4cd1c398ae218369364b5dd9534d3664c1e'
[    1.820020] Loaded X.509 cert 'Canonical Ltd. Live Patch Signing 2025 Kmod: d541cef61dc7e793b7eb7e899970a2eef0b5dc8c'
[    1.824738] Loaded X.509 cert 'Canonical Ltd. Live Patch Signing: 14df34d1a87cf37625abec039ef2bf521249b969'
[    1.828594] Loaded X.509 cert 'Canonical Ltd. Kernel Module Signing: 88f752e560a1e0737e31163a466ad7b70a850c19'
[    1.832278] blacklist: Loading compiled-in revocation X.509 certificates
[    1.834624] Loaded X.509 cert 'Canonical Ltd. Secure Boot Signing: 61482aa2830d0ab2ad5af10b7250da9033ddcef0'
[    1.837970] Loaded X.509 cert 'Canonical Ltd. Secure Boot Signing (2017): 242ade75ac4a15e50d50c84b0d45ff3eae707a03'
[    1.841719] Loaded X.509 cert 'Canonical Ltd. Secure Boot Signing (ESM 2018): 365188c1d374d6b07c3c8f240f8ef722433d6a8b'
[    1.845552] Loaded X.509 cert 'Canonical Ltd. Secure Boot Signing (2019): c0746fd6c5da3ae827864651ad66ae47fe24b3e8'
[    1.849137] Loaded X.509 cert 'Canonical Ltd. Secure Boot Signing (2021 v1): a8d54bbb3825cfb94fa13c9f8a594a195c107b8d'
[    1.852658] Loaded X.509 cert 'Canonical Ltd. Secure Boot Signing (2021 v2): 4cf046892d6fd3c9a5b03f98d845f90851dc6a8c'
[    1.856630] Loaded X.509 cert 'Canonical Ltd. Secure Boot Signing (2021 v3): 100437bb6de6e469b581e61cd66bce3ef4ed53af'
[    1.860201] Loaded X.509 cert 'Canonical Ltd. Secure Boot Signing (Ubuntu Core 2019): c1d57b8f6b743f23ee41f4f7ee292f06eecadfb9'
[    1.870155] Demotion targets for Node 0: null
[    1.871945] Key type .fscrypt registered
[    1.873305] Key type fscrypt-provisioning registered
[    1.875165] Key type big_key registered
[    1.876585] Key type trusted registered
[    1.879429] Key type encrypted registered
[    1.880797] AppArmor: AppArmor sha256 policy hashing enabled
[    1.883300] integrity: Loading X.509 certificate: UEFI:db
[    1.885100] integrity: Loaded X.509 cert 'Microsoft Corporation UEFI CA 2011: 13adbf4309bd82709c8cd54f316ed522988a1bd4'
[    1.888743] integrity: Loading X.509 certificate: UEFI:db
[    1.890399] integrity: Loaded X.509 cert 'Microsoft Windows Production PCA 2011: a92902398e16c49778cd90f99e4f9ae17c55af53'
[    1.894151] integrity: Loading X.509 certificate: UEFI:db
[    1.896005] integrity: Loaded X.509 cert 'Microsoft Corporation: Windows UEFI CA 2023: aefc5fbbbe055d8f8daa585473499417ab5a5272'
[    1.899806] integrity: Loading X.509 certificate: UEFI:db
[    1.901862] integrity: Loaded X.509 cert 'Microsoft UEFI CA 2023: 81aa6b3244c935bce0d6628af39827421e32497d'
[    1.905669] integrity: Revoking X.509 certificate: UEFI:dbx
[    1.907683] blacklist: Revoked X.509 cert 'Canonical Ltd. Secure Boot Signing: 61482aa2830d0ab2ad5af10b7250da9033ddcef0'
[    1.911561] integrity: Revoking X.509 certificate: UEFI:dbx
[    1.913577] blacklist: Revoked X.509 cert 'Cisco: Virtual UEFI SubCA: 13df2e3f54ebf347dcaecebf21d3cbb2355a4c9a'
[    1.916592] integrity: Revoking X.509 certificate: UEFI:dbx
[    1.918404] blacklist: Revoked X.509 cert 'Debian Secure Boot Signer: 00a7468def'
[    1.921272] Loading compiled-in module X.509 certificates
[    1.923855] Loaded X.509 cert 'Build time autogenerated kernel key: e45cb4cd1c398ae218369364b5dd9534d3664c1e'
[    1.927380] ima: Allocated hash algorithm: sha256
[    1.963432] ima: No architecture policies found
[    1.964789] evm: Initialising EVM extended attributes:
[    1.966295] evm: security.selinux
[    1.967230] evm: security.SMACK64
[    1.968209] evm: security.SMACK64EXEC
[    1.969389] evm: security.SMACK64TRANSMUTE
[    1.970533] evm: security.SMACK64MMAP
[    1.971556] evm: security.apparmor
[    1.972918] evm: security.ima
[    1.973860] evm: security.capability
[    1.974950] evm: HMAC attrs: 0x1
[    1.976409] input: AT Translated Set 2 keyboard as /devices/platform/i8042/serio0/input/input2
[    1.976602] PM:   Magic number: 10:646:190
[    1.980487] acpi device:1c: hash matches
[    1.984778] RAS: Correctable Errors collector initialized.
[    1.999250] clk: Disabling unused clocks
[    2.000645] PM: genpd: Disabling unused power domains
[    2.003355] check access for rdinit=/init failed: -2, ignoring
[    2.004231] md: Waiting for all devices to be available before autodetect
[    2.005236] md: If you don't use raid, use raid=noautodetect
[    2.006089] md: Autodetecting RAID arrays.
[    2.006673] md: autorun ...
[    2.007105] md: ... autorun DONE.
[    2.016146] EXT4-fs (sda1): mounted filesystem 89fcf612-67c3-434b-97ea-2cfdbfe01b5b ro with ordered data mode. Quota mode: none.
[    2.018006] VFS: Mounted root (ext4 filesystem) readonly on device 8:1.
[    2.020853] devtmpfs: mounted
[    2.023363] Freeing unused decrypted memory: 2028K
[    2.026100] Freeing unused kernel image (initmem) memory: 5404K
[    2.027318] Write protecting the kernel read-only data: 38912k
[    2.029119] Freeing unused kernel image (text/rodata gap) memory: 320K
[    2.030581] Freeing unused kernel image (rodata/data gap) memory: 776K
[    2.090560] x86/mm: Checked W+X mappings: passed, no W+X pages found.
[    2.091553] x86/mm: Checking user space page tables
[    2.149025] x86/mm: Checked W+X mappings: passed, no W+X pages found.
[    2.150014] Run /sbin/init as init process
[    2.361747] systemd[1]: Inserted module 'autofs4'
[    2.508972] systemd[1]: systemd 255.4-1ubuntu8.15 running in system mode (+PAM +AUDIT +SELINUX +APPARMOR +IMA +SMACK +SECCOMP +GCRYPT -GNUTLS +OPENSSL +ACL +BLKID +CURL +ELFUTILS +FIDO2 +IDN2 -IDN +IPTC +KMOD +LIBCRYPTSETUP +LIBFDISK +PCRE2 -PWQUALITY +P11KIT +QRENCODE +TPM2 +BZIP2 +LZ4 +XZ +ZLIB +ZSTD -BPF_FRAMEWORK -XKBCOMMON +UTMP +SYSVINIT default-hierarchy=unified)
[    2.513646] systemd[1]: Detected virtualization google.
[    2.514406] systemd[1]: Detected architecture x86-64.

Welcome to [1mUbuntu 24.04.4 LTS[0m!

[    2.520503] systemd[1]: No hostname configured, using default hostname.
[    2.521579] systemd[1]: Hostname set to <localhost>.
[    2.887484] systemd[1]: Queued start job for default target graphical.target.
[    2.913915] systemd[1]: Created slice system-modprobe.slice - Slice /system/modprobe.
[[0;32m  OK  [0m] Created slice [0;1;39msystem-modprobe.slice[0m - Slice /system/modprobe.
[    2.919748] systemd[1]: Created slice system-serial\x2dgetty.slice - Slice /system/serial-getty.
[[0;32m  OK  [0m] Created slice [0;1;39msystem-serial\x2dget…slice[0m - Slice /system/serial-getty.
[    2.925031] systemd[1]: Created slice system-systemd\x2dfsck.slice - Slice /system/systemd-fsck.
[[0;32m  OK  [0m] Created slice [0;1;39msystem-systemd\x2dfs…slice[0m - Slice /system/systemd-fsck.
[    2.929909] systemd[1]: Created slice user.slice - User and Session Slice.
[[0;32m  OK  [0m] Created slice [0;1;39muser.slice[0m - User and Session Slice.
[    2.933570] systemd[1]: Started systemd-ask-password-wall.path - Forward Password Requests to Wall Directory Watch.
[[0;32m  OK  [0m] Started [0;1;39msystemd-ask-password-wall.…[0md Requests to Wall Directory Watch.
[    2.938723] systemd[1]: Set up automount proc-sys-fs-binfmt_misc.automount - Arbitrary Executable File Formats File System Automount Point.
[[0;32m  OK  [0m] Set up automount [0;1;39mproc-sys-fs-binfm…[0mormats File System Automount Point.
[    2.943496] systemd[1]: Expecting device dev-disk-by\x2dlabel-BOOT.device - /dev/disk/by-label/BOOT...
         Expecting device [0;1;39mdev-disk-by\x2dla…device[0m - /dev/disk/by-label/BOOT...
[    2.948473] systemd[1]: Expecting device dev-disk-by\x2dlabel-UEFI.device - /dev/disk/by-label/UEFI...
         Expecting device [0;1;39mdev-disk-by\x2dla…device[0m - /dev/disk/by-label/UEFI...
[    2.953475] systemd[1]: Expecting device dev-ttyS0.device - /dev/ttyS0...
         Expecting device [0;1;39mdev-ttyS0.device[0m - /dev/ttyS0...
[    2.957514] systemd[1]: Reached target integritysetup.target - Local Integrity Protected Volumes.
[[0;32m  OK  [0m] Reached target [0;1;39mintegritysetup.targ…[0m Local Integrity Protected Volumes.
[    2.962497] systemd[1]: Reached target slices.target - Slice Units.
[[0;32m  OK  [0m] Reached target [0;1;39mslices.target[0m - Slice Units.
[    2.966491] systemd[1]: Reached target snapd.mounts-pre.target - Mounting snaps.
[[0;32m  OK  [0m] Reached target [0;1;39msnapd.mounts-pre.target[0m - Mounting snaps.
[    2.970486] systemd[1]: Reached target swap.target - Swaps.
[[0;32m  OK  [0m] Reached target [0;1;39mswap.target[0m - Swaps.
[    2.974487] systemd[1]: Reached target time-set.target - System Time Set.
[[0;32m  OK  [0m] Reached target [0;1;39mtime-set.target[0m - System Time Set.
[    2.978512] systemd[1]: Reached target veritysetup.target - Local Verity Protected Volumes.
[[0;32m  OK  [0m] Reached target [0;1;39mveritysetup.target[0m - Local Verity Protected Volumes.
[    2.982583] systemd[1]: Listening on dm-event.socket - Device-mapper event daemon FIFOs.
[[0;32m  OK  [0m] Listening on [0;1;39mdm-event.socket[0m - Device-mapper event daemon FIFOs.
[    2.987632] systemd[1]: Listening on lvm2-lvmpolld.socket - LVM2 poll daemon socket.
[[0;32m  OK  [0m] Listening on [0;1;39mlvm2-lvmpolld.socket[0m - LVM2 poll daemon socket.
[    2.991610] systemd[1]: Listening on multipathd.socket - multipathd control socket.
[[0;32m  OK  [0m] Listening on [0;1;39mmultipathd.socket[0m - multipathd control socket.
[    2.995635] systemd[1]: Listening on syslog.socket - Syslog Socket.
[[0;32m  OK  [0m] Listening on [0;1;39msyslog.socket[0m - Syslog Socket.
[    2.999589] systemd[1]: Listening on systemd-fsckd.socket - fsck to fsckd communication Socket.
[[0;32m  OK  [0m] Listening on [0;1;39msystemd-fsckd.socket[0m …fsck to fsckd communication Socket.
[    3.004543] systemd[1]: Listening on systemd-initctl.socket - initctl Compatibility Named Pipe.
[[0;32m  OK  [0m] Listening on [0;1;39msystemd-initctl.socke…[0m- initctl Compatibility Named Pipe.
[    3.009618] systemd[1]: Listening on systemd-journald-dev-log.socket - Journal Socket (/dev/log).
[[0;32m  OK  [0m] Listening on [0;1;39msystemd-journald-dev-…socket[0m - Journal Socket (/dev/log).
[    3.014643] systemd[1]: Listening on systemd-journald.socket - Journal Socket.
[[0;32m  OK  [0m] Listening on [0;1;39msystemd-journald.socket[0m - Journal Socket.
[    3.018689] systemd[1]: Listening on systemd-networkd.socket - Network Service Netlink Socket.
[[0;32m  OK  [0m] Listening on [0;1;39msystemd-networkd.socket[0m - Network Service Netlink Socket.
[    3.023518] systemd[1]: systemd-pcrextend.socket - TPM2 PCR Extension (Varlink) was skipped because of an unmet condition check (ConditionSecurity=measured-uki).
[    3.025838] systemd[1]: Listening on systemd-udevd-control.socket - udev Control Socket.
[[0;32m  OK  [0m] Listening on [0;1;39msystemd-udevd-control.socket[0m - udev Control Socket.
[    3.030597] systemd[1]: Listening on systemd-udevd-kernel.socket - udev Kernel Socket.
[[0;32m  OK  [0m] Listening on [0;1;39msystemd-udevd-kernel.socket[0m - udev Kernel Socket.
[    3.053535] systemd[1]: Mounting dev-hugepages.mount - Huge Pages File System...
         Mounting [0;1;39mdev-hugepages.mount[0m - Huge Pages File System...
[    3.058599] systemd[1]: Mounting dev-mqueue.mount - POSIX Message Queue File System...
         Mounting [0;1;39mdev-mqueue.mount[0m - POSIX Message Queue File System...
[    3.063647] systemd[1]: Mounting sys-kernel-debug.mount - Kernel Debug File System...
         Mounting [0;1;39msys-kernel-debug.mount[0m - Kernel Debug File System...
[    3.069652] systemd[1]: Mounting sys-kernel-tracing.mount - Kernel Trace File System...
         Mounting [0;1;39msys-kernel-tracing.mount[0m - Kernel Trace File System...
[    3.078661] systemd[1]: Starting systemd-journald.service - Journal Service...
         Starting [0;1;39msystemd-journald.service[0m - Journal Service...
[    3.084800] systemd[1]: Starting keyboard-setup.service - Set the console keyboard layout...
         Starting [0;1;39mkeyboard-setup.service[0m - Set the console keyboard layout...
[    3.090646] systemd[1]: Starting kmod-static-nodes.service - Create List of Static Device Nodes...
         Starting [0;1;39mkmod-static-nodes.service[0m…eate List of Static Device Nodes...
[    3.095115] systemd[1]: Starting lvm2-monitor.service - Monitoring of LVM2 mirrors, snapshots etc. using dmeventd or progress polling...
         Starting [0;1;39mlvm2-monitor.service[0m - Mo…ing dmeventd or progress polling...
[    3.100443] systemd-journald[285]: Collecting audit messages is disabled.
[    3.101653] systemd[1]: Starting modprobe@configfs.service - Load Kernel Module configfs...
         Starting [0;1;39mmodprobe@configfs.service[0m - Load Kernel Module configfs...
[    3.107652] systemd[1]: Starting modprobe@dm_mod.service - Load Kernel Module dm_mod...
         Starting [0;1;39mmodprobe@dm_mod.service[0m - Load Kernel Module dm_mod...
[    3.113550] systemd[1]: Starting modprobe@drm.service - Load Kernel Module drm...
         Starting [0;1;39mmodprobe@drm.service[0m - Load Kernel Module drm...
[    3.118527] systemd[1]: Starting modprobe@efi_pstore.service - Load Kernel Module efi_pstore...
         Starting [0;1;39mmodprobe@efi_pstore.servi…[0m - Load Kernel Module efi_pstore...
[    3.122565] systemd[1]: Starting modprobe@fuse.service - Load Kernel Module fuse...
         Starting [0;1;39mmodprobe@fuse.service[0m - Load Kern[    3.124887] systemd[1]: Starting modprobe@loop.service - Load Kernel Module loop...
el Module fuse...
         Starting [0;1;39mmodprobe@loop.service[0m - Load Kernel Module loop..[    3.127509] systemd[1]: Starting modprobe@nvme_fabrics.service - Load Kernel Module nvme_fabrics...
.
         Starting [0;1;39mmodprobe@nvme_fabrics.ser…[0m Load Kernel Module nvme_fabrics...
[    3.133861] pstore: Using crash dump compression: deflate
[    3.133919] systemd[1]: netplan-ovs-cleanup.service - OpenVSwitch configuration for cleanup was skipped because of an unmet condition check (ConditionFileIsExecutable=/usr/bin/ovs-vsctl).
[    3.138482] systemd[1]: Starting systemd-fsck-root.service - File System Check on Root Device...
         Starting [0;1;39msystemd-fsck-root.service[0m…File System Check on Root Device...
[    3.142167] pstore: Registered efi_pstore as persistent store backend
[    3.146444] systemd[1]: Starting systemd-modules-load.service - Load Kernel Modules...
         Starting [0;1;39msystemd-modules-load.service[0m - Load Kernel Modules...
[    3.150495] systemd[1]: systemd-pcrmachine.service - TPM2 PCR Machine ID Measurement was skipped because of an unmet condition check (ConditionSecurity=measured-uki).
[    3.152723] systemd[1]: systemd-tpm2-setup-early.service - TPM2 SRK Setup (Early) was skipped because of an unmet condition check (ConditionSecurity=measured-uki).
[    3.156134] systemd[1]: Starting systemd-udev-trigger.service - Coldplug All udev Devices...
         Starting [0;1;39msystemd-udev-trigger.service[0m - Coldplug All udev Devices...
[    3.159452] systemd[1]: Started systemd-journald.service - Journal Service.
[[0;32m  OK  [0m] Started [0;1;39msystemd-journald.service[0m - Journal Service.
[[0;32m  OK  [0m] Mounted [0;1;39mdev-hugepages.mount[0m - Huge Pages File System.
[[0;32m  OK  [0m] Mounted [0;1;39mdev-mqueue.mount[0m - POSIX Message Queue File System.
[[0;32m  OK  [0m] Mounted [0;1;39msys-kernel-debug.mount[0m - Kernel Debug File System.
[[0;32m  OK  [0m] Mounted [0;1;39msys-kernel-tracing.mount[0m - Kernel Trace File System.
[[0;32m  OK  [0m] Finished [0;1;39mkeyboard-setup.service[0m - Set the console keyboard layout.
[[0;32m  OK  [0m] Finished [0;1;39mkmod-static-nodes.service[0m…Create List of Static Device Nodes.
[[0;32m  OK  [0m] Finished [0;1;39mmodprobe@configfs.service[0m - Load Kernel Module configfs.
[[0;32m  OK  [0m] Finished [0;1;39mmodprobe@dm_mod.service[0m - Load Kernel Module dm_mod.
[[0;32m  OK  [0m] Finished [0;1;39mmodprobe@drm.service[0m - Load Kernel Module drm.
[[0;32m  OK  [0m] Finished [0;1;39mmodprobe@efi_pstore.service[0m - Load Kernel Module efi_pstore.
[[0;32m  OK  [0m] Finished [0;1;39mmodprobe@fuse.service[0m - Load Kernel Module fuse.
[[0;32m  OK  [0m] Finished [0;1;39mmodprobe@loop.service[0m - Load Kernel Module loop.
[[0;32m  OK  [0m] Finished [0;1;39mmodprobe@nvme_fabrics.ser…[0m - Load Kernel Module nvme_fabrics.
         Mounting [0;1;39msys-fs-fuse-connections.mount[0m - FUSE Control File System...
         Mounting [0;1;39msys-kernel-config.mount[0m - Kernel Configuration File System...
[[0;32m  OK  [0m] Started [0;1;39msystemd-fsckd.service[0m - Fi…stem Check Daemon to report status.
         Starting [0;1;39msystemd-tmpfiles-setup-de…[0m Device Nodes in /dev gracefully...
[[0;32m  OK  [0m] Finished [0;1;39msystemd-fsck-root.service[0m - File System Check on Root Device.
[[0;32m  OK  [0m] Finished [0;1;39mlvm2-monitor.service[0m - Mo…using dmeventd or progress polling.
[[0;32m  OK  [0m] Finished [0;1;39msystemd-modules-load.service[0m - Load Kernel Modules.
[[0;32m  OK  [0m] Mounted [0;1;39msys-fs-fuse-connections.mount[0m - FUSE Control File System.
[[0;32m  OK  [0m] Mounted [0;1;39msys-kernel-config.mount[0m - Kernel Configuration File System.
         Starting [0;1;39msystemd-remount-fs.servic…[0munt Root and Kernel File Systems...
         Starting [0;1;39msystemd-sysctl.service[0m - Apply Kernel Variables...
[[0;32m  OK  [0m] Finished [0;1;39msystemd-tmpfiles-setup-de…[0mic Device Nodes in /dev gracefully.
[[0;32m  OK  [0m] Finished [0;1;39msystemd-sysctl.service[0m - Apply Kernel Variables.
[[0;32m  OK  [0m] Finished [0;1;39msystemd-remount-fs.servic…[0mmount Root and Kernel File Systems.
         Starting [0;1;39mmultipathd.service[0m - Devi…pper Multipath Device Controller...
         Starting [0;1;39msystemd-journal-flush.ser…[0msh Journal to Persistent Storage...
         Starting [0;1;39msystemd-random-seed.service[0m - Load/Save OS Random Seed...
         Starting [0;1;39msystemd-tmpfiles-setup-de…[0meate Static Device Nodes in /dev...
[[0;32m  OK  [0m] Finished [0;1;39msystemd-udev-trigger.service[0m - Coldplug All udev Devices.
[[0;32m  OK  [0m] Finished [0;1;39msystemd-random-seed.service[0m - Load/Save OS Random Seed.
[[0;32m  OK  [0m] Finished [0;1;39msystemd-tmpfiles-setup-de…[0mCreate Static Device Nodes in /dev.
         Starting [0;1;39msystemd-udevd.service[0m - R…ager for Device Events and Files...
[[0;32m  OK  [0m] Started [0;1;39mmultipathd.service[0m - Devic…Mapper Multipath Device Controller.
[[0;32m  OK  [0m] Started [0;1;39msystemd-udevd.service[0m - Ru…anager for Device Events and Files.
[[0;32m  OK  [0m] Reached target [0;1;39mlocal-fs-pre.target[0m…Preparation for Local File Systems.
         Mounting [0;1;39msnap-core22-2411.mount[0m - …t unit for core22, revision 2411...
         Mounting [0;1;39msnap-google\x2dcloud\x2dc…[0mr google-cloud-cli, revision 448...
         Mounting [0;1;39msnap-snapd-26865.mount[0m - …t unit for snapd, revision 26865...
[[0;32m  OK  [0m] Started [0;1;39msystemd-ask-password-conso…[0mequests to Console Directory Watch.
[[0;32m  OK  [0m] Reached target [0;1;39mcryptsetup.target[0m - Local Encrypted Volumes.
[[0;32m  OK  [0m] Finished [0;1;39msystemd-journal-flush.ser…[0mlush Journal to Persistent Storage.
[[0;32m  OK  [0m] Mounted [0;1;39msnap-core22-2411.mount[0m - Mount unit for core22, revision 2411.
[[0;32m  OK  [0m] Mounted [0;1;39msnap-google\x2dcloud\x2dcl…[0mfor google-cloud-cli, revision 448.
[[0;32m  OK  [0m] Mounted [0;1;39msnap-snapd-26865.mount[0m - Mount unit for snapd, revision 26865.
[[0;32m  OK  [0m] Found device [0;1;39mdev-ttyS0.device[0m - /dev/ttyS0.
[[0;32m  OK  [0m] Found device [0;1;39mdev-disk-by\x2dlabel-BOOT.device[0m - PersistentDisk BOOT.
[[0;32m  OK  [0m] Found device [0;1;39mdev-disk-by\x2dlabel-UEFI.device[0m - PersistentDisk UEFI.
[[0;32m  OK  [0m] Reached target [0;1;39msnapd.mounts.target[0m - Mounted snaps.
[[0;32m  OK  [0m] Listening on [0;1;39msystemd-rfkill.socket[0m…ll Switch Status /dev/rfkill Watch.
[    3.791686] 
         Starting [0;1;39msystemd-fsck@dev-disk-by\…[0mCheck on /dev/disk/by-label/BOOT...
         Starting [0;1;39msystemd-fsck@dev-disk-by\…[0mCheck on /dev/disk/by-label/UEFI...
Checking in progress on 1 disk (0.0% complete)[[0;32m  OK  [0m] Finished [0;1;39msystemd-fsck@dev-disk-by\…[0mm Check on /dev/disk/by-label/BOOT.
Checking in progress on 0 disks (100.0% complete)[[0;32m  OK  [0m] Finished [0;1;39msystemd-fsck@dev-disk-by\…[0mm Check on /dev/disk/by-label/UEFI.
         Mounting [0;1;39mboot.mount[0m - /boot...
[[0;32m  OK  [0m] Mounted [0;1;39mboot.mount[0m - /boot.
         Mounting [0;1;39mboot-efi.mount[0m - /boot/efi...
[[0;32m  OK  [0m] Mounted [0;1;39mboot-efi.mount[0m - /boot/efi.
[[0;32m  OK  [0m] Reached target [0;1;39mlocal-fs.target[0m - Local File Systems.
[[0;32m  OK  [0m] Listening on [0;1;39msystemd-sysext.socket[0m…tension Image Management (Varlink).
         Starting [0;1;39mapparmor.service[0m - Load AppArmor profiles...
         Starting [0;1;39mconsole-setup.service[0m - Set console font and keymap...
         Starting [0;1;39mfinalrd.service[0m - Create …time dir for shutdown pivot root...
         Starting [0;1;39mplymouth-read-write.servi…[0mymouth To Write Out Runtime Data...
         Starting [0;1;39msystemd-binfmt.service[0m - Set Up Additional Binary Formats...
         Starting [0;1;39msystemd-tmpfiles-setup.se…[0me Volatile Files and Directories...
         Starting [0;1;39mufw.service[0m - Uncomplicated firewall...
[[0;32m  OK  [0m] Finished [0;1;39mconsole-setup.service[0m - Set console font and keymap.
[[0;32m  OK  [0m] Finished [0;1;39mapparmor.service[0m - Load AppArmor profiles.
[[0;32m  OK  [0m] Finished [0;1;39mfinalrd.service[0m - Create …untime dir for shutdown pivot root.
[[0;32m  OK  [0m] Finished [0;1;39mplymouth-read-write.servi…[0mPlymouth To Write Out Runtime Data.
[[0;32m  OK  [0m] Finished [0;1;39msystemd-tmpfiles-setup.se…[0mate Volatile Files and Directories.
[[0;32m  OK  [0m] Finished [0;1;39mufw.service[0m - Uncomplicated firewall.
         Mounting [0;1;39mproc-sys-fs-binfmt_misc.m…[0mcutable File Formats File System...
         Starting [0;1;39mmodprobe@dm_mod.service[0m - Load Kernel Module dm_mod...
         Starting [0;1;39mmodprobe@efi_pstore.servi…[0m - Load Kernel Module efi_pstore...
         Starting [0;1;39mmodprobe@loop.service[0m - Load Kernel Module loop...
         Starting [0;1;39msnapd.apparmor.service[0m - …iles managed internally by snapd...
         Starting [0;1;39msystemd-resolved.service[0m - Network Name Resolution...
         Starting [0;1;39msystemd-update-utmp.servi…[0mord System Boot/Shutdown in UTMP...
         Starting [0;1;39mcloud-init-local.service[0m …-init: Local Stage (pre-network)...
[[0;32m  OK  [0m] Mounted [0;1;39mproc-sys-fs-binfmt_misc.mo…[0mxecutable File Formats File System.
[[0;32m  OK  [0m] Finished [0;1;39mmodprobe@dm_mod.service[0m - Load Kernel Module dm_mod.
[[0;32m  OK  [0m] Finished [0;1;39msystemd-binfmt.service[0m - Set Up Additional Binary Formats.
[[0;32m  OK  [0m] Finished [0;1;39mmodprobe@efi_pstore.service[0m - Load Kernel Module efi_pstore.
[[0;32m  OK  [0m] Finished [0;1;39mmodprobe@loop.service[0m - Load Kernel Module loop.
[[0;32m  OK  [0m] Finished [0;1;39msystemd-update-utmp.servi…[0mecord System Boot/Shutdown in UTMP.
[[0;32m  OK  [0m] Finished [0;1;39msnapd.apparmor.service[0m - …ofiles managed internally by snapd.
[[0;32m  OK  [0m] Started [0;1;39msystemd-resolved.service[0m - Network Name Resolution.
[[0;32m  OK  [0m] Reached target [0;1;39mnss-lookup.target[0m - Host and Network Name Lookups.
[    6.062530] cloud-init[719]: Cloud-init v. 25.3-0ubuntu1~24.04.1 running 'init-local' at Fri, 15 May 2026 18:09:09 +0000. Up 6.04 seconds.
         Starting [0;1;39mmodprobe@dm_mod.service[0m - Load Kernel Module dm_mod...
         Starting [0;1;39mmodprobe@efi_pstore.servi…[0m - Load Kernel Module efi_pstore...
         Starting [0;1;39mmodprobe@loop.service[0m - Load Kernel Module loop...
[[0;32m  OK  [0m] Finished [0;1;39mmodprobe@dm_mod.service[0m - Load Kernel Module dm_mod.
[[0;32m  OK  [0m] Finished [0;1;39mmodprobe@efi_pstore.service[0m - Load Kernel Module efi_pstore.
[[0;32m  OK  [0m] Finished [0;1;39mmodprobe@loop.service[0m - Load Kernel Module loop.
         Starting [0;1;39mmodprobe@dm_mod.service[0m - Load Kernel Module dm_mod...
         Starting [0;1;39mmodprobe@efi_pstore.servi…[0m - Load Kernel Module efi_pstore...
         Starting [0;1;39mmodprobe@loop.service[0m - Load Kernel Module loop...
[[0;32m  OK  [0m] Finished [0;1;39mmodprobe@dm_mod.service[0m - Load Kernel Module dm_mod.
[[0;32m  OK  [0m] Finished [0;1;39mmodprobe@efi_pstore.service[0m - Load Kernel Module efi_pstore.
[[0;32m  OK  [0m] Finished [0;1;39mmodprobe@loop.service[0m - Load Kernel Module loop.
[[0;32m  OK  [0m] Finished [0;1;39mcloud-init-local.service[0m …ud-init: Local Stage (pre-network).
[[0;32m  OK  [0m] Reached target [0;1;39mnetwork-pre.target[0m - Preparation for Network.
         Starting [0;1;39msystemd-networkd.service[0m - Network Configuration...
[[0;32m  OK  [0m] Started [0;1;39msystemd-networkd.service[0m - Network Configuration.
[[0;32m  OK  [0m] Reached target [0;1;39mnetwork.target[0m - Network.
         Starting [0;1;39msystemd-networkd-wait-onl…[0mait for Network to be Configured...
[[0;32m  OK  [0m] Finished [0;1;39msystemd-networkd-wait-onl…[0m Wait for Network to be Configured.
         Starting [0;1;39mcloud-init.service[0m - Cloud-init: Network Stage...
[   10.684955] cloud-init[817]: Cloud-init v. 25.3-0ubuntu1~24.04.1 running 'init' at Fri, 15 May 2026 18:09:13 +0000. Up 10.66 seconds.
[   10.700238] cloud-init[817]: ci-info: +++++++++++++++++++++++++++++++++++++++Net device info+++++++++++++++++++++++++++++++++++++++
[   10.714264] cloud-init[817]: ci-info: +--------+------+----------------------------+-----------------+--------+-------------------+
[   10.728220] cloud-init[817]: ci-info: | Device |  Up  |          Address           |       Mask      | Scope  |     Hw-Address    |
[   10.741134] cloud-init[817]: ci-info: +--------+------+----------------------------+-----------------+--------+-------------------+
[   10.755217] cloud-init[817]: ci-info: |  ens5  | True |       10.128.15.209        | 255.255.255.255 | global | 42:01:0a:80:0f:d1 |
[   10.769210] cloud-init[817]: ci-info: |  ens5  | True | fe80::4001:aff:fe80:fd1/64 |        .        |  link  | 42:01:0a:80:0f:d1 |
[   10.783132] cloud-init[817]: ci-info: |   lo   | True |         127.0.0.1          |    255.0.0.0    |  host  |         .         |
[   10.797209] cloud-init[817]: ci-info: |   lo   | True |          ::1/128           |        .        |  host  |         .         |
[   10.810265] cloud-init[817]: ci-info: +--------+------+----------------------------+-----------------+--------+-------------------+
[   10.823122] cloud-init[817]: ci-info: +++++++++++++++++++++++++++++++Route IPv4 info++++++++++++++++++++++++++++++++
[   10.836256] cloud-init[817]: ci-info: +-------+-----------------+------------+-----------------+-----------+-------+
[   10.848240] cloud-init[817]: ci-info: | Route |   Destination   |  Gateway   |     Genmask     | Interface | Flags |
[   10.861184] cloud-init[817]: ci-info: +-------+-----------------+------------+-----------------+-----------+-------+
[   10.874252] cloud-init[817]: ci-info: |   0   |     0.0.0.0     | 10.128.0.1 |     0.0.0.0     |    ens5   |   UG  |
[   10.886173] cloud-init[817]: ci-info: |   1   |    10.128.0.1   |  0.0.0.0   | 255.255.255.255 |    ens5   |   UH  |
[   10.899162] cloud-init[817]: ci-info: |   2   | 169.254.169.254 | 10.128.0.1 | 255.255.255.255 |    ens5   |  UGH  |
[   10.911165] cloud-init[817]: ci-info: +-------+-----------------+------------+-----------------+-----------+-------+
[   10.923149] cloud-init[817]: ci-info: +++++++++++++++++++Route IPv6 info+++++++++++++++++++
[   10.934212] cloud-init[817]: ci-info: +-------+-------------+---------+-----------+-------+
[   10.943119] cloud-init[817]: ci-info: | Route | Destination | Gateway | Interface | Flags |
[   10.954235] cloud-init[817]: ci-info: +-------+-------------+---------+-----------+-------+
[   10.964107] cloud-init[817]: ci-info: |   0   |  fe80::/64  |    ::   |    ens5   |   U   |
[   10.975205] cloud-init[817]: ci-info: |   2   |    local    |    ::   |    ens5   |   U   |
[   10.986284] cloud-init[817]: ci-info: |   3   |  multicast  |    ::   |    ens5   |   U   |
[   10.996140] cloud-init[817]: ci-info: +-------+-------------+---------+-----------+-------+
[   16.031108] cloud-init[817]: Generating public/private rsa key pair.
[   16.038171] cloud-init[817]: Your identification has been saved in /etc/ssh/ssh_host_rsa_key
[   16.049171] cloud-init[817]: Your public key has been saved in /etc/ssh/ssh_host_rsa_key.pub
[   16.060141] cloud-init[817]: The key fingerprint is:
[   16.066133] cloud-init[817]: SHA256:/Rzzy9flxGawI+wp+cSoWrpbteDqbWEXmtQxp3fJOGo root@loadgen-csxx
[   16.078113] cloud-init[817]: The key's randomart image is:
[   16.084109] cloud-init[817]: +---[RSA 3072]----+
[[0;32m  OK  [0m] Finished [0;1;39mcloud-init.service[0m - Cloud-init: Network Stage.
[   16.090100] cloud-init[817]: |                 |
[   16.105103] cloud-init[817]: |          o .    |
[[0;32m  OK  [0m] Reached target [0;1;39mcloud-config.target[0m - Cloud-config availability.
[   16.105196] cloud-init[817]: |         . = o . |
[[0;32m  OK  [0m] Reached target [0;1;39mnetwork-online.target[0m - Network is Online.
[   16.126105] cloud-init[817]: |        ..+ + =  |
[[0;32m  OK  [0m] Reached target [0;1;39msysinit.target[0m - System Initialization.
[   16.141110] cloud-init[817]: |       .Soo=oo + |
[[0;32m  OK  [0m] Started [0;1;39mnvidia-cdi-refresh.path[0m - …r toolkit install / upgrade events.
[   16.155121] cloud-init[817]: |       .=oE*o+o *|
[[0;32m  OK  [0m] Started [0;1;39mgce-workload-cert-refresh.…[0mWorkload Certificate refresh timer.
[   16.171129] cloud-init[817]: |       .++oo=o.*o|
[[0;32m  OK  [0m] Started [0;1;39mgoogle-oslogin-cache.timer[0m - NSS cache refresh timer.
[   16.181204] cloud-init[817]: |       *..o.o. .+|
[[0;32m  OK  [0m] Started [0;1;39msystemd-tmpfiles-clean.tim…[0my Cleanup of Temporary Directories.
[   16.201140] cloud-init[817]: |     .B=o  o. o. |
[[0;32m  OK  [0m] Started [0;1;39mupdate-notifier-download.t…[0mhat failed at package install time.
[[0;32m  OK  [0m] Reached target [0;1;39mpaths.target[0m - Path Units.
[   16.215538] cloud-init[817]: +----[SHA256]-----+
[[0;32m  OK  [0m] Listening on [0;1;39mcloud-init-hotplugd.s…t[0m - cloud-init hotplug hook socket.
[   16.239163] cloud-init[817]: Generating public/private ecdsa key pair.
[[0;32m  OK  [0m] Listening on [0;1;39mdbus.socket[0m - D-Bus System Message Bus Socket.
[   16.258248] cloud-init[817]: Your identification has been saved in /etc/ssh/ssh_host_ecdsa_key
         Starting [0;1;39mdocker.socket[0m - Docker Socket for the API...
[   16.278164] cloud-init[817]: Your public key has been saved in /etc/ssh/ssh_host_ecdsa_key.pub
[   16.297235] cloud-init[817]: The key fingerprint is:
[   16.303136] cloud-init[817]: SHA256:ZspirTZb7mCLk/9GeK6DRLNISeeEG4/wLiiHUr6/ZxA root@loadgen-csxx
[[0;32m  OK  [0m] Listening on [0;1;39miscsid.socket[0m - Open-iSCSI iscsid Socket.
[   16.303246] cloud-init[817]: The key's randomart image is:
         Starting [0;1;39mlxd-installer.socket[0m - He…er to install lxd snap on demand...
[   16.329237] cloud-init[817]: +---[ECDSA 256]---+
         Starting [0;1;39msnapd.socket[0m - Socket activation for snappy daemon...
[   16.345266] cloud-init[817]: |  .              |
[[0;32m  OK  [0m] Listening on [0;1;39mssh.socket[0m - OpenBSD Secure Shell server socket.
[   16.361163] cloud-init[817]: |.+ o             |
[[0;32m  OK  [0m] Listening on [0;1;39muuidd.socket[0m - UUID daemon activation socket.
[   16.379163] cloud-init[817]: |o.X              |
[[0;32m  OK  [0m] Finished [0;1;39mblk-availability.service[0m - Availability of block devices.
[   16.396120] cloud-init[817]: | ==oE            |
[[0;32m  OK  [0m] Listening on [0;1;39mdocker.socket[0m - Docker Socket for the API.
[   16.414249] cloud-init[817]: |oB o o  S        |
[[0;32m  OK  [0m] Listening on [0;1;39mlxd-installer.socket[0m …lper to install lxd snap on demand.
[   16.429249] cloud-init[817]: |B * ooo+         |
[[0;32m  OK  [0m] Listening on [0;1;39msnapd.socket[0m - Socket activation for snappy daemon.
[   16.440333] cloud-init[817]: |o+ +===          |
[[0;32m  OK  [0m] Reached target [0;1;39msockets.target[0m - Socket Units.
[[0;32m  OK  [0m] Reached target [0;1;39mbasic.target[0m - Basic System.
[   16.460185] cloud-init[817]: |  =++B=          |
[   16.483168] cloud-init[817]: |  .=O%+          |
[   16.490258] cloud-init[817]: +----[SHA256]-----+
[   16.497254] cloud-init[817]: Generating public/private ed25519 key pair.
         Starting [0;1;39mchrony.service[0m - chrony, an NTP client/server...
[   16.505179] cloud-init[817]: Your identification has been saved in /etc/ssh/ssh_host_ed25519_key
         Starting [0;1;39mcloud-config.service[0m - Cloud-init: Config Stage...
[   16.526275] cloud-init[817]: Your public key has been saved in /etc/ssh/ssh_host_ed25519_key.pub
[   16.526331] cloud-init[817]: The key fingerprint is:
         Starting [0;1;39mdbus.service[0m - D-Bus System Message Bus...
[   16.544370] cloud-init[817]: SHA256:1PtMP4l7Fn7HqRHT8wPDO85wvpzI8T/mLb4ev1TM/y4 root@loadgen-csxx
[[0;32m  OK  [0m] Started [0;1;39mdmesg.service[0m - Save initial kernel messages after boot.
[   16.558463] cloud-init[817]: The key's randomart image is:
[   16.558556] cloud-init[817]: +--[ED25519 256]--+
         Starting [0;1;39me2scrub_reap.service[0m - Re…ne ext4 Metadata Check Snapshots...
[   16.590198] cloud-init[817]: |                 |
[   16.590304] cloud-init[817]: |         .       |
         Starting [0;1;39mgce-workload-cert-refresh…[0mGCE Workload Certificate refresh...
[   16.609234] cloud-init[817]: |        . .      |
[   16.609320] cloud-init[817]: |       .   .. .o |
[[0;32m  OK  [0m] Started [0;1;39mgoogle-osconfig-agent.service[0m - Google OSConfig Agent.
[   16.629243] cloud-init[817]: |        S . .* o+|
         Starting [0;1;39mgoogle-oslogin-cache.service[0m - NSS cache refresh...
[   16.644204] cloud-init[817]: |           + oB.=|
[   16.644303] cloud-init[817]: |           o+*==+|
         Starting [0;1;39mgrub-common.service[0m - Record successful boot for GRUB...
[   16.658405] cloud-init[817]: |          . @.EBB|
[   16.658480] cloud-init[817]: |           o.#XXO|
[   16.685262] cloud-init[817]: +----[SHA256]-----+
         Starting [0;1;39mnetworkd-dispatcher.servi…[0mcher daemon for systemd-networkd...
         Starting [0;1;39mnvidia-persistenced.service[0m - NVIDIA Persistence Daemon...
         Starting [0;1;39mnvmf-autoconnect.service[0m …ystems automatically during boot...
         Starting [0;1;39mrsyslog.service[0m - System Logging Service...
         Starting [0;1;39msecureboot-db.service[0m - Secure Boot updates for DB and DBX...
[[0;32m  OK  [0m] Reached target [0;1;39mgetty-pre.target[0m - Preparation for Logins.
         Starting [0;1;39msnapd.seeded.service[0m - Wait until snapd is fully seeded...
         Starting [0;1;39msnapd.service[0m - Snap Daemon...
         Starting [0;1;39msysstat.service[0m - Resets System Activity Logs...
         Starting [0;1;39msystemd-logind.service[0m - User Login Management...
[[0;32m  OK  [0m] Started [0;1;39mubuntu-advantage.service[0m - Ubuntu Pro Background Auto Attach.
[[0;32m  OK  [0m] Started [0;1;39mdbus.service[0m - D-Bus System Message Bus.
[[0;32m  OK  [0m] Finished [0;1;39mgce-workload-cert-refresh…[0m- GCE Workload Certificate refresh.
[[0;32m  OK  [0m] Finished [0;1;39mgoogle-oslogin-cache.service[0m - NSS cache refresh.
[[0;32m  OK  [0m] Started [0;1;39mnetworkd-dispatcher.servic…[0matcher daemon for systemd-networkd.
[[0;32m  OK  [0m] Started [0;1;39msystemd-logind.service[0m - User Login Management.
[[0;32m  OK  [0m] Started [0;1;39mnvidia-persistenced.service[0m - NVIDIA Persistence Daemon.
[[0;32m  OK  [0m] Finished [0;1;39mnvmf-autoconnect.service[0m …bsystems automatically during boot.
[[0;32m  OK  [0m] Finished [0;1;39msysstat.service[0m - Resets System Activity Logs.
[[0;32m  OK  [0m] Finished [0;1;39mgrub-common.service[0m - Record successful boot for GRUB.
[[0;32m  OK  [0m] Reached target [0;1;39mremote-fs-pre.targe…[0mreparation for Remote File Systems.
[[0;32m  OK  [0m] Reached target [0;1;39mremote-fs.target[0m - Remote File Systems.
         Starting [0;1;39mapport.service[0m - automatic crash report generation...
[   16.992625] cloud-init[1017]: Cloud-init v. 25.3-0ubuntu1~24.04.1 running 'modules:config' at Fri, 15 May 2026 18:09:20 +0000. Up 16.94 seconds.
         Starting [0;1;39mcontainerd.service[0m - containerd container runtime...
[[0;32m  OK  [0m] Started [0;1;39mcron.service[0m - Regular background program processing daemon.
         Starting [0;1;39mgrub-initrd-fallback.service[0m - GRUB failed boot detection...
         Starting [0;1;39msystemd-hostnamed.service[0m - Hostname Service...
         Starting [0;1;39msystemd-user-sessions.service[0m - Permit User Sessions...
[[0;32m  OK  [0m] Started [0;1;39mchrony.service[0m - chrony, an NTP client/server.
[[0;32m  OK  [0m] Finished [0;1;39msecureboot-db.service[0m - Secure Boot updates for DB and DBX.
[[0;32m  OK  [0m] Finished [0;1;39me2scrub_reap.service[0m - Re…line ext4 Metadata Check Snapshots.
[[0;32m  OK  [0m] Finished [0;1;39msystemd-user-sessions.service[0m - Permit User Sessions.
[[0;32m  OK  [0m] Finished [0;1;39mgrub-initrd-fallback.service[0m - GRUB failed boot detection.
2026-05-15T18:09:20.252379+00:00 loadgen-csxx systemd[1]: Mounted dev-hugepages.mount - Huge Pages File System.
2026-05-15T18:09:20.252578+00:00 loadgen-csxx systemd[1]: Mounted dev-mqueue.mount - POSIX Message Queue File System.
[[0;32m  OK  [0m] Started [0;1;39mrsyslog.service[0m - System Logging Service.
2026-05-15T18:09:20.252614+00:00 loadgen-csxx kernel: Linux version 6.17.0-1013-gcp (buildd@lcy02-amd64-034) (x86_64-linux-gnu-gcc-13 (Ubuntu 13.3.0-6ubuntu2~24.04.1) 13.3.0, GNU ld (GNU Binutils for Ubuntu) 2.42) #13~24.04.1-Ubuntu SMP Thu Apr 16 02:10:24 UTC 2026 (Ubuntu 6.17.0-1013.13~24.04.1-gcp 6.17.13)
2026-05-15T18:09:20.252622+00:00 loadgen-csxx kernel: Command line: BOOT_IMAGE=/vmlinuz-6.17.0-1013-gcp root=PARTUUID=6624332c-1f00-4e51-a0bf-94661fe17234 ro console=ttyS0,115200 panic=-1
2026-05-15T18:09:20.252623+00:00 loadgen-csxx kernel: KERNEL supported cpus:
2026-05-15T18:09:20.252623+00:00 loadgen-csxx kernel:   Intel GenuineIntel
2026-05-15T18:09:20.252624+00:00 loadgen-csxx kernel:   AMD AuthenticAMD
2026-05-15T18:09:20.252624+00:00 loadgen-csxx kernel:   Hygon HygonGenuine
2026-05-15T18:09:20.252625+00:00 loadgen-csxx kernel:   Centaur CentaurHauls
2026-05-15T18:09:20.252592+00:00 loadgen-csxx systemd[1]: Mounted sys-kernel-debug.mount - Kernel Debug File System.
2026-05-15T18:09:20.252630+00:00 loadgen-csxx kernel:   zhaoxin   Shanghai  
2026-05-15T18:09:20.252631+00:00 loadgen-csxx kernel: x86/CPU: Model not found in latest microcode list
2026-05-15T18:09:20.252632+00:00 loadgen-csxx kernel: BIOS-provided physical RAM map:
2026-05-15T18:09:20.252632+00:00 loadgen-csxx kernel: BIOS-e820: [mem 0x0000000000000000-0x0000000000000fff] reserved
2026-05-15T18:09:20.252633+00:00 loadgen-csxx kernel: BIOS-e820: [mem 0x0000000000001000-0x0000000000054fff] usable
2026-05-15T18:09:20.252631+00:00 loadgen-csxx systemd[1]: Mounted sys-kernel-tracing.mount - Kernel Trace File System.
2026-05-15T18:09:20.252634+00:00 loadgen-csxx kernel: BIOS-e820: [mem 0x0000000000055000-0x000000000005ffff] reserved
2026-05-15T18:09:20.252637+00:00 loadgen-csxx kernel: BIOS-e820: [mem 0x0000000000060000-0x0000000000097fff] usable
2026-05-15T18:09:20.252638+00:00 loadgen-csxx kernel: BIOS-e820: [mem 0x0000000000098000-0x000000000009ffff] reserved
2026-05-15T18:09:20.252638+00:00 loadgen-csxx kernel: BIOS-e820: [mem 0x0000000000100000-0x00000000bd254fff] usable
2026-05-15T18:09:20.252639+00:00 loadgen-csxx kernel: BIOS-e820: [mem 0x00000000bd255000-0x00000000bd25ffff] ACPI data
2026-05-15T18:09:20.252639+00:00 loadgen-csxx kernel: BIOS-e820: [mem 0x00000000bd260000-0x00000000bf8ecfff] usable
2026-05-15T18:09:20.252638+00:00 loadgen-csxx systemd[1]: Finished keyboard-setup.service - Set the console keyboard layout.
2026-05-15T18:09:20.252639+00:00 loadgen-csxx kernel: BIOS-e820: [mem 0x00000000bf8ed000-0x00000000bfb6cfff] reserved
2026-05-15T18:09:20.252643+00:00 loadgen-csxx kernel: BIOS-e820: [mem 0x00000000bfb6d000-0x00000000bfb7efff] ACPI data
2026-05-15T18:09:20.252644+00:00 loadgen-csxx systemd[1]: Finished kmod-static-nodes.service - Create List of Static Device Nodes.
2026-05-15T18:09:20.252646+00:00 loadgen-csxx kernel: BIOS-e820: [mem 0x00000000bfb7f000-0x00000000bfbfefff] ACPI NVS
2026-05-15T18:09:20.252647+00:00 loadgen-csxx kernel: BIOS-e820: [mem 0x00000000bfbff000-0x00000000bffdffff] usable
2026-05-15T18:09:20.252648+00:00 loadgen-csxx kernel: BIOS-e820: [mem 0x00000000bffe0000-0x00000000bfffffff] reserved
2026-05-15T18:09:20.252648+00:00 loadgen-csxx kernel: BIOS-e820: [mem 0x0000000100000000-0x000000103fffffff] usable
2026-05-15T18:09:20.252649+00:00 loadgen-csxx kernel: NX (Execute Disable) protection: active
2026-05-15T18:09:20.252649+00:00 loadgen-csxx kernel: APIC: Static calls initialized
2026-05-15T18:09:20.252650+00:00 loadgen-csxx systemd[1]: modprobe@configfs.service: Deactivated successfully.
2026-05-15T18:09:20.252652+00:00 loadgen-csxx kernel: efi: EFI v2.7 by EDK II
2026-05-15T18:09:20.252653+00:00 loadgen-csxx kernel: efi: TPMFinalLog=0xbfbf7000 ACPI=0xbfb7e000 ACPI 2.0=0xbfb7e014 SMBIOS=0xbf9ca000 MEMATTR=0xbd260018 MOKvar=0xbf9c8000 RNG=0xbfb72018 TPMEventLog=0xbd255018 
2026-05-15T18:09:20.252654+00:00 loadgen-csxx kernel: random: crng init done
2026-05-15T18:09:20.252655+00:00 loadgen-csxx kernel: SMBIOS 2.4 present.
2026-05-15T18:09:20.252655+00:00 loadgen-csxx kernel: DMI: Google Google Compute Engine/Google Compute Engine, BIOS Google 04/21/2026
2026-05-15T18:09:20.252656+00:00 loadgen-csxx kernel: DMI: Memory slots populated: 4/4
2026-05-15T18:09:20.252659+00:00 loadgen-csxx kernel: secureboot: Secure boot disabled
2026-05-15T18:09:20.252659+00:00 loadgen-csxx kernel: Hypervisor detected: KVM
2026-05-15T18:09:20.252660+00:00 loadgen-csxx kernel: last_pfn = 0xbffe0 max_arch_pfn = 0x400000000
2026-05-15T18:09:20.252660+00:00 loadgen-csxx kernel: kvm-clock: Using msrs 4b564d01 and 4b564d00
2026-05-15T18:09:20.252661+00:00 loadgen-csxx kernel: kvm-clock: using sched offset of 15237105465 cycles
2026-05-15T18:09:20.252656+00:00 loadgen-csxx systemd[1]: Finished modprobe@configfs.service - Load Kernel Module configfs.
2026-05-15T18:09:20.252661+00:00 loadgen-csxx kernel: clocksource: kvm-clock: mask: 0xffffffffffffffff max_cycles: 0x1cd42e4dffb, max_idle_ns: 881590591483 ns
2026-05-15T18:09:20.252662+00:00 loadgen-csxx kernel: tsc: Detected 2299.998 MHz processor
2026-05-15T18:09:20.252665+00:00 loadgen-csxx kernel: e820: update [mem 0x00000000-0x00000fff] usable ==> reserved
2026-05-15T18:09:20.252666+00:00 loadgen-csxx kernel: e820: remove [mem 0x000a0000-0x000fffff] usable
2026-05-15T18:09:20.252666+00:00 loadgen-csxx kernel: last_pfn = 0x1040000 max_arch_pfn = 0x400000000
2026-05-15T18:09:20.252664+00:00 loadgen-csxx systemd[1]: modprobe@dm_mod.service: Deactivated successfully.
2026-05-15T18:09:20.252669+00:00 loadgen-csxx kernel: MTRR map: 3 entries (2 fixed + 1 variable; max 18), built from 8 variable MTRRs
2026-05-15T18:09:20.252669+00:00 loadgen-csxx kernel: x86/PAT: Configuration [0-7]: WB  WC  UC- UC  WB  WP  UC- WT  
2026-05-15T18:09:20.252670+00:00 loadgen-csxx kernel: last_pfn = 0xbffe0 max_arch_pfn = 0x400000000
2026-05-15T18:09:20.252672+00:00 loadgen-csxx systemd[1]: Finished modprobe@dm_mod.service - Load Kernel Module dm_mod.
2026-05-15T18:09:20.252677+00:00 loadgen-csxx kernel: Using GB pages for direct mapping
2026-05-15T18:09:20.252678+00:00 loadgen-csxx kernel: secureboot: Secure boot disabled
2026-05-15T18:09:20.252678+00:00 loadgen-csxx kernel: ACPI: Early table checksum verification disabled
2026-05-15T18:09:20.252677+00:00 loadgen-csxx systemd[1]: modprobe@drm.service: Deactivated successfully.
2026-05-15T18:09:20.252679+00:00 loadgen-csxx kernel: ACPI: RSDP 0x00000000BFB7E014 000024 (v02 Google)
2026-05-15T18:09:20.252682+00:00 loadgen-csxx kernel: ACPI: XSDT 0x00000000BFB7D0E8 00005C (v01 Google GOOGFACP 00000001      01000013)
2026-05-15T18:09:20.252683+00:00 loadgen-csxx kernel: ACPI: FACP 0x00000000BFB78000 0000F4 (v02 Google GOOGFACP 00000001 GOOG 00000001)
2026-05-15T18:09:20.252684+00:00 loadgen-csxx systemd[1]: Finished modprobe@drm.service - Load Kernel Module drm.
2026-05-15T18:09:20.252686+00:00 loadgen-csxx kernel: ACPI: DSDT 0x00000000BFB79000 001A64 (v01 Google GOOGDSDT 00000001 GOOG 00000001)
2026-05-15T18:09:20.252687+00:00 loadgen-csxx kernel: ACPI: FACS 0x00000000BFBF1000 000040
2026-05-15T18:09:20.252687+00:00 loadgen-csxx kernel: ACPI: SSDT 0x00000000BFB7C000 000316 (v02 GOOGLE Tpm2Tabl 00001000 INTL 20250807)
2026-05-15T18:09:20.252688+00:00 loadgen-csxx kernel: ACPI: TPM2 0x00000000BFB7B000 000034 (v04 GOOGLE          00000001 GOOG 00000001)
2026-05-15T18:09:20.252688+00:00 loadgen-csxx kernel: ACPI: SRAT 0x00000000BFB77000 000228 (v03 Google GOOGSRAT 00000001 GOOG 00000001)
2026-05-15T18:09:20.252689+00:00 loadgen-csxx kernel: ACPI: APIC 0x00000000BFB76000 000126 (v05 Google GOOGAPIC 00000001 GOOG 00000001)
2026-05-15T18:09:20.252689+00:00 loadgen-csxx kernel: ACPI: SSDT 0x00000000BFB74000 0011D6 (v01 Google GOOGSSDT 00000001 GOOG 00000001)
2026-05-15T18:09:20.252689+00:00 loadgen-csxx systemd[1]: modprobe@efi_pstore.service: Deactivated successfully.
2026-05-15T18:09:20.252692+00:00 loadgen-csxx kernel: ACPI: WAET 0x00000000BFB73000 000028 (v01 Google GOOGWAET 00000001 GOOG 00000001)
2026-05-15T18:09:20.252693+00:00 loadgen-csxx kernel: ACPI: Reserving FACP table memory at [mem 0xbfb78000-0xbfb780f3]
2026-05-15T18:09:20.252694+00:00 loadgen-csxx kernel: ACPI: Reserving DS[[0;32m  OK  [0m] Started [0;1;39msystemd-hostnamed.service[0m - Hostname Service.
DT table memory at [mem 0xbfb79000-0xbfb7aa63]
2026-05-15T18:09:20.252694+00:00 loadgen-csxx kernel: ACPI: Reserving FACS table memory at [mem 0xbfbf1000-0xbfbf103f]
2026-05-15T18:09:20.252694+00:00 loadgen-csxx kernel: ACPI: Reserving SSDT table memory at [mem 0xbfb7c000-0xbfb7c315]
2026-05-15T18:09:20.252695+00:00 loadgen-csxx kernel: ACPI: Reserving TPM2 table memory at [mem 0xbfb7b000-0xbfb7b033]
2026-05-15T18:09:20.252698+00:00 loadgen-csxx kernel: ACPI: Reserving SRAT table memory at [mem 0xbfb77000-0xbfb77227]
2026-05-15T18:09:20.252694+00:00 loadgen-csxx systemd[1]: Finished modprobe@efi_pstore.service - Load Kernel Module efi_pstore.
2026-05-15T18:09:20.252700+00:00 loadgen-csxx kernel: ACPI: Reserving APIC table memory at [mem 0xbfb76000-0xbfb76125]
2026-05-15T18:09:20.252701+00:00 loadgen-csxx kernel: ACPI: Reserving SSDT table memory at [mem 0xbfb74000-0xbfb751d5]
2026-05-15T18:09:20.252702+00:00 loadgen-csxx kernel: ACPI: Reserving WAET table memory at [mem 0xbfb73000-0xbfb73027]
2026-05-15T18:09:20.252702+00:00 loadgen-csxx kernel: ACPI: SRAT: Node 0 PXM 0 [mem 0x00000000-0x0009ffff]
2026-05-15T18:09:20.252702+00:00 loadgen-csxx kernel: ACPI: SRAT: Node 0 PXM 0 [mem 0x00100000-0xbfffffff]
2026-05-15T18:09:20.252703+00:00 loadgen-csxx kernel: ACPI: SRAT: Node 0 PXM 0 [mem 0x100000000-0x103fffffff]
2026-05-15T18:09:20.252704+00:00 loadgen-csxx systemd[1]: modprobe@fuse.service: Deactivated successfully.
2026-05-15T18:09:20.252706+00:00 loadgen-csxx kernel: NUMA: Node 0 [mem 0x00001000-0x0009ffff] + [mem 0x00100000-0xbfffffff] -> [mem 0x00001000-0xbfffffff]
2026-05-15T18:09:20.252707+00:00 loadgen-csxx kernel: NUMA: Node 0 [mem 0x00001000-0xbfffffff] + [mem 0x100000000-0x103fffffff] -> [mem 0x00001000-0x103fffffff]
2026-05-15T18:09:20.252708+00:00 loadgen-csxx kernel: NODE_DATA(0) allocated [mem 0x103ffd52c0-0x103fffffff]
2026-05-15T18:09:20.252708+00:00 loadgen-csxx kernel: Zone ranges:
2026-05-15T18:09:20.252709+00:00 loadgen-csxx kernel:   DMA      [mem 0x0000000000001000-0x0000000000ffffff]
2026-05-15T18:09:20.252709+00:00 loadgen-csxx kernel:   DMA32    [mem 0x0000000001000000-0x00000000ffffffff]
2026-05-15T18:09:20.252709+00:00 loadgen-csxx systemd[1]: Finished modprobe@fuse.service - Load Kernel Module fuse.
2026-05-15T18:09:20.252712+00:00 loadgen-csxx kernel:   Normal   [mem 0x0000000100000000-0x000000103fffffff]
2026-05-15T18:09:20.252713+00:00 loadgen-csxx kernel:   Device   empty
2026-05-15T18:09:20.252714+00:00 loadgen-csxx kernel: Movable zone start for each node
2026-05-15T18:09:20.252714+00:00 loadgen-csxx kernel: Early memory node ranges
2026-05-15T18:09:20.252715+00:00 loadgen-csxx kernel:   node   0: [mem 0x0000000000001000-0x0000000000054fff]
2026-05-15T18:09:20.252715+00:00 loadgen-csxx kernel:   node   0: [mem 0x0000000000060000-0x0000000000097fff]
2026-05-15T18:09:20.252714+00:00 loadgen-csxx systemd[1]: modprobe@loop.service: Deactivated successfully.
2026-05-15T18:09:20.252718+00:00 loadgen-csxx kernel:   node   0: [mem 0x0000000000100000-0x00000000bd254fff]
2026-05-15T18:09:20.252719+00:00 loadgen-csxx kernel:   node   0: [mem 0x00000000bd260000-0x00000000bf8ecfff]
2026-05-15T18:09:20.252719+00:00 loadgen-csxx kernel:   node   0: [mem 0x00000000bfbff000-0x00000000bffdffff]
2026-05-15T18:09:20.252720+00:00 loadgen-csxx kernel:   node   0: [mem 0x0000000100000000-0x000000103fffffff]
2026-05-15T18:09:20.252719+00:00 loadgen-csxx systemd[1]: Finished modprobe@loop.service - Load Kernel Module loop.
2026-05-15T18:09:20.252720+00:00 loadgen-csxx kernel: Initmem setup node 0 [mem 0x0000000000001000-0x000000103fffffff]
2026-05-15T18:09:20.252724+00:00 loadgen-csxx kernel: On node 0, zone DMA: 1 pages in unavailable ranges
2026-05-15T18:09:20.252725+00:00 loadgen-csxx systemd[1]: modprobe@nvme_fabrics.service: Deactivated successfully.
2026-05-15T18:09:20.252727+00:00 loadgen-csxx kernel: On node 0, zone DMA: 11 pages in unavailable ranges
2026-05-15T18:09:20.252728+00:00 loadgen-csxx kernel: On node 0, zone DMA: 104 pages in unavailable ranges
2026-05-15T18:09:20.252728+00:00 loadgen-csxx kernel: On node 0, zone DMA32: 11 pages in unavailable ranges
2026-05-15T18:09:20.252729+00:00 loadgen-csxx kernel: On node 0, zone DMA32: 786 pages in unavailable ranges
2026-05-15T18:09:20.252729+00:00 loadgen-csxx kernel: On node 0, zone Normal: 32 pages in unavailable ranges
2026-05-15T18:09:20.252730+00:00 loadgen-csxx kernel: ACPI: PM-Timer IO Port: 0xb008
2026-05-15T18:09:20.252730+00:00 loadgen-csxx kernel: ACPI: LAPIC_NMI (acpi_id[0xff] dfl dfl lint[0x1])
2026-05-15T18:09:20.252733+00:00 loadgen-csxx kernel: IOAPIC[0]: apic_id 0, version 17, address 0xfec00000, GSI 0-23
2026-05-15T18:09:20.252734+00:00 loadgen-csxx kernel: ACPI: INT_SRC_OVR (bus 0 bus_irq 5 global_irq 5 high level)
2026-05-15T18:09:20.252734+00:00 loadgen-csxx kernel: ACPI: INT_SRC_OVR (bus 0 bus_irq 9 global_irq 9 high level)
2026-05-15T18:09:20.252735+00:00 loadgen-csxx kernel: ACPI: INT_SRC_OVR (bus 0 bus_irq 10 global_irq 10 high level)
2026-05-15T18:09:20.252730+00:00 loadgen-csxx systemd[1]: Finished modprobe@nvme_fabrics.service - Load Kernel Module nvme_fabrics.
2026-05-15T18:09:20.252735+00:00 loadgen-csxx kernel: ACPI: INT_SRC_OVR (bus 0 bus_irq 11 global_irq 11 high level)
2026-05-15T18:09:20.252736+00:00 loadgen-csxx kernel: ACPI: Using ACPI (MADT) for SMP configuration information
2026-05-15T18:09:20.252739+00:00 loadgen-csxx kernel: CPU topo: Max. logical packages:   1
2026-05-15T18:09:20.252740+00:00 loadgen-csxx kernel: CPU topo: Max. logical dies:       1
2026-05-15T18:09:20.252740+00:00 loadgen-csxx kernel: CPU topo: Max. dies per package:   1
2026-05-15T18:09:20.252741+00:00 loadgen-csxx kernel: CPU topo: Max. threads per core:   2
2026-05-15T18:09:20.252741+00:00 loadgen-csxx kernel: CPU topo: Num. cores per package:    12
2026-05-15T18:09:20.252738+00:00 loadgen-csxx systemd-fsck[312]: cloudimg-rootfs: clean, 171994/6422528 files, 2139514/12844795 blocks
2026-05-15T18:09:20.252746+00:00 loadgen-csxx systemd[1]: Mounting sys-fs-fuse-connections.mount - FUSE Control File System...
2026-05-15T18:09:20.252750+00:00 loadgen-csxx systemd-modules-load[309]: Inserted module 'dm_multipath'
2026-05-15T18:09:20.252756+00:00 loadgen-csxx systemd[1]: Mounting sys-kernel-config.mount - Kernel Configuration File System...
2026-05-15T18:09:20.252761+00:00 loadgen-csxx systemd[1]: Started systemd-fsckd.service - File System Check Daemon to report status.
2026-05-15T18:09:20.252765+00:00 loadgen-csxx systemd[1]: systemd-repart.service - Repartition Root Disk was skipped because no trigger condition checks were met.
2026-05-15T18:09:20.252773+00:00 loadgen-csxx systemd[1]: Starting systemd-tmpfiles-setup-dev-early.service - Create Static Device Nodes in /dev gracefully...
2026-05-15T18:09:20.252777+00:00 loadgen-csxx systemd[1]: Finished systemd-fsck-root.service - File System Check on Root Device.
2026-05-15T18:09:20.252782+00:00 loadgen-csxx systemd[1]: Finished lvm2-monitor.service - Monitoring of LVM2 mirrors, snapshots etc. using dmeventd or progress polling.
2026-05-15T18:09:20.252786+00:00 loadgen-csxx systemd[1]: Finished systemd-modules-load.service - Load Kernel Modules.
2026-05-15T18:09:20.252791+00:00 loadgen-csxx systemd[1]: Mounted sys-fs-fuse-connections.mount - FUSE Control File System.
2026-05-15T18:09:20.252795+00:00 loadgen-csxx systemd[1]: Mounted sys-kernel-config.mount - Kernel Configuration File System.
2026-05-15T18:09:20.252803+00:00 loadgen-csxx systemd[1]: Starting systemd-remount-fs.service - Remount Root and Kernel File Systems...
2026-05-15T18:09:20.252809+00:00 loadgen-csxx kernel: CPU topo: Num. threads per package:  24
2026-05-15T18:09:20.252808+00:00 loadgen-csxx systemd[1]: Starting systemd-sysctl.service - Apply Kernel Variables...
2026-05-15T18:09:20.252810+00:00 loadgen-csxx kernel: CPU topo: Allowing 24 present CPUs plus 0 hotplug CPUs
2026-05-15T18:09:20.252815+00:00 loadgen-csxx kernel: PM: hibernation: Registered nosave memory: [mem 0x00000000-0x00000fff]
2026-05-15T18:09:20.252813+00:00 loadgen-csxx systemd[1]: Finished systemd-tmpfiles-setup-dev-early.service - Create Static Device Nodes in /dev gracefu[[0;32m  OK  [0m] Started [0;1;39mcontainerd.service[0m - containerd container runtime.
lly.
2026-05-15T18:09:20.252817+00:00 loadgen-csxx kernel: PM: hibernation: Registered nosave memory: [mem 0x00055000-0x0005ffff]
2026-05-15T18:09:20.252818+00:00 loadgen-csxx kernel: PM: hibernation: Registered nosave memory: [mem 0x00098000-0x000fffff]
2026-05-15T18:09:20.252818+00:00 loadgen-csxx kernel: PM: hibernation: Registered nosave memory: [mem 0xbd255000-0xbd25ffff]
2026-05-15T18:09:20.252819+00:00 loadgen-csxx kernel: PM: hibernation: Registered nosave memory: [mem 0xbf8ed000-0xbfbfefff]
2026-05-15T18:09:20.252819+00:00 loadgen-csxx kernel: PM: hibernation: Registered nosave memory: [mem 0xbffe0000-0xffffffff]
2026-05-15T18:09:20.252822+00:00 loadgen-csxx kernel: [mem 0xc0000000-0xffffffff] available for PCI devices
2026-05-15T18:09:20.252821+00:00 loadgen-csxx systemd[1]: Finished systemd-sysctl.service - Apply Kernel Variables.
2026-05-15T18:09:20.252823+00:00 loadgen-csxx kernel: Booting paravirtualized kernel on KVM
2026-05-15T18:09:20.252824+00:00 loadgen-csxx kernel: clocksource: refined-jiffies: mask: 0xffffffff max_cycles: 0xffffffff, max_idle_ns: 1910969940391419 ns
2026-05-15T18:09:20.252824+00:00 loadgen-csxx kernel: setup_percpu: NR_CPUS:8192 nr_cpumask_bits:24 nr_cpu_ids:24 nr_node_ids:1
2026-05-15T18:09:20.252825+00:00 loadgen-csxx kernel: percpu: Embedded 84 pages/cpu s221184 r8192 d114688 u524288
2026-05-15T18:09:20.252825+00:00 loadgen-csxx kernel: pcpu-alloc: s221184 r8192 d114688 u524288 alloc=1*2097152
2026-05-15T18:09:20.252828+00:00 loadgen-csxx kernel: pcpu-alloc: [0] 00 01 02 03 [0] 04 05 06 07 
2026-05-15T18:09:20.252829+00:00 loadgen-csxx kernel: pcpu-alloc: [0] 08 09 10 11 [0] 12 13 14 15 
2026-05-15T18:09:20.252829+00:00 loadgen-csxx kernel: pcpu-alloc: [0] 16 17 18 19 [0] 20 21 22 23 
2026-05-15T18:09:20.252830+00:00 loadgen-csxx kernel: kvm-guest: PV spinlocks enabled
2026-05-15T18:09:20.252830+00:00 loadgen-csxx kernel: PV qspinlock hash table entries: 256 (order: 0, 4096 bytes, linear)
2026-05-15T18:09:20.252831+00:00 loadgen-csxx kernel: Kernel command line: BOOT_IMAGE=/vmlinuz-6.17.0-1013-gcp root=PARTUUID=6624332c-1f00-4e51-a0bf-94661fe17234 ro console=ttyS0,115200 panic=-1
2026-05-15T18:09:20.252826+00:00 loadgen-csxx systemd[1]: Finished systemd-remount-fs.service - Remount Root and Kernel File Systems.
2026-05-15T18:09:20.252834+00:00 loadgen-csxx kernel: printk: log buffer data + meta data: 262144 + 917504 = 1179648 bytes
2026-05-15T18:09:20.252835+00:00 loadgen-csxx kernel: Dentry cache hash table entries: 8388608 (order: 14, 67108864 bytes, linear)
2026-05-15T18:09:20.252835+00:00 loadgen-csxx kernel: Inode-cache hash table entries: 4194304 (order: 13, 33554432 bytes, linear)
2026-05-15T18:09:20.252836+00:00 loadgen-csxx kernel: software IO TLB: area num 32.
2026-05-15T18:09:20.252836+00:00 loadgen-csxx kernel: Fallback order for Node 0: 0 
2026-05-15T18:09:20.252834+00:00 loadgen-csxx systemd[1]: Starting multipathd.service - Device-Mapper Multipath Device Controller...
2026-05-15T18:09:20.252837+00:00 loadgen-csxx kernel: Built 1 zonelists, mobility grouping on.  Total pages: 16776271
2026-05-15T18:09:20.252838+00:00 loadgen-csxx kernel: Policy zone: Normal
2026-05-15T18:09:20.252841+00:00 loadgen-csxx kernel: mem auto-init: stack:all(zero), heap alloc:on, heap free:off
2026-05-15T18:09:20.252840+00:00 loadgen-csxx systemd[1]: systemd-hwdb-update.service - Rebuild Hardware Database was skipped because of an unmet condition check (ConditionNeedsUpdate=/etc).
2026-05-15T18:09:20.252842+00:00 loadgen-csxx kernel: SLUB: HWalign=64, Order=0-3, MinObjects=0, CPUs=24, Nodes=1
2026-05-15T18:09:20.252845+00:00 loadgen-csxx kernel: Kernel/User page tables isolation: enabled
2026-05-15T18:09:20.252846+00:00 loadgen-csxx kernel: ftrace: allocating 61994 entries in 244 pages
2026-05-15T18:09:20.252846+00:00 loadgen-csxx kernel: ftrace: allocated 244 pages with 5 groups
2026-05-15T18:09:20.252847+00:00 loadgen-csxx kernel: rcu: Hierarchical RCU implementation.
2026-05-15T18:09:20.252846+00:00 loadgen-csxx systemd[1]: Starting systemd-journal-flush.service - Flush Journal to Persistent Storage...
2026-05-15T18:09:20.252850+00:00 loadgen-csxx kernel: rcu: 	RCU restricting CPUs from NR_CPUS=8192 to nr_cpu_ids=24.
2026-05-15T18:09:20.252850+00:00 loadgen-csxx kernel: 	Rude variant of Tasks RCU enabled.
2026-05-15T18:09:20.252851+00:00 loadgen-csxx kernel: 	Tracing variant of Tasks RCU enabled.
2026-05-15T18:09:20.252851+00:00 loadgen-csxx kernel: rcu: RCU calculated value of scheduler-enlistment delay is 100 jiffies.
2026-05-15T18:09:20.252852+00:00 loadgen-csxx kernel: rcu: Adjusting geometry for rcu_fanout_leaf=16, nr_cpu_ids=24
2026-05-15T18:09:20.252852+00:00 loadgen-csxx kernel: RCU Tasks Rude: Setting shift to 5 and lim to 1 rcu_task_cb_adjust=1 rcu_task_cpu_ids=24.
2026-05-15T18:09:20.252853+00:00 loadgen-csxx kernel: RCU Tasks Trace: Setting shift to 5 and lim to 1 rcu_task_cb_adjust=1 rcu_task_cpu_ids=24.
2026-05-15T18:09:20.252852+00:00 loadgen-csxx systemd[1]: systemd-pstore.service - Platform Persistent Storage Archival was skipped because of an unmet condition check (ConditionDirectoryNotEmpty=/sys/fs/pstore).
2026-05-15T18:09:20.252856+00:00 loadgen-csxx kernel: NR_IRQS: 524544, nr_irqs: 616, preallocated irqs: 16
2026-05-15T18:09:20.252857+00:00 loadgen-csxx kernel: rcu: srcu_init: Setting srcu_struct sizes based on contention.
2026-05-15T18:09:20.252857+00:00 loadgen-csxx kernel: Console: colour dummy device 80x25
2026-05-15T18:09:20.252858+00:00 loadgen-csxx kernel: printk: legacy console [ttyS0] enabled
2026-05-15T18:09:20.252858+00:00 loadgen-csxx kernel: ACPI: Core revision 20250404
2026-05-15T18:09:20.252858+00:00 loadgen-csxx kernel: APIC: Switch to symmetric I/O mode setup
2026-05-15T18:09:20.252857+00:00 loadgen-csxx systemd[1]: Starting systemd-random-seed.service - Load/Save OS Random Seed...
2026-05-15T18:09:20.252861+00:00 loadgen-csxx kernel: x2apic enabled
2026-05-15T18:09:20.252862+00:00 loadgen-csxx kernel: APIC: Switched APIC routing to: physical x2apic
2026-05-15T18:09:20.252863+00:00 loadgen-csxx kernel: ..TIMER: vector=0x30 apic1=0 pin1=0 apic2=-1 pin2=-1
2026-05-15T18:09:20.252863+00:00 loadgen-csxx kernel: clocksource: tsc-early: mask: 0xffffffffffffffff max_cycles: 0x212733415c7, max_idle_ns: 440795236380 ns
2026-05-15T18:09:20.252864+00:00 loadgen-csxx kernel: Calibrating delay loop (skipped) preset value.. 4599.99 BogoMIPS (lpj=2299998)
2026-05-15T18:09:20.252864+00:00 loadgen-csxx kernel: Last level iTLB entries: 4KB 1024, 2MB 1024, 4MB 1024
2026-05-15T18:09:20.252862+00:00 loadgen-csxx systemd[1]: systemd-sysusers.service - Create System Users was skipped because no trigger condition checks were met.
2026-05-15T18:09:20.252867+00:00 loadgen-csxx kernel: Last level dTLB entries: 4KB 1024, 2MB 1024, 4MB 1024, 1GB 4
2026-05-15T18:09:20.252868+00:00 loadgen-csxx kernel: mitigations: Enabled attack vectors: user_kernel, user_user, guest_host, guest_guest, SMT mitigations: auto
2026-05-15T18:09:20.252869+00:00 loadgen-csxx kernel: Speculative Store Bypass: Mitigation: Speculative Store Bypass disabled via prctl
2026-05-15T18:09:20.252869+00:00 loadgen-csxx kernel: Spectre V2 : Mitigation: IBRS
2026-05-15T18:09:20.252869+00:00 loadgen-csxx kernel: RETBleed: Mitigation: IBRS
2026-05-15T18:09:20.252870+00:00 loadgen-csxx kernel: ITS: Mitigation: Aligned branch/return thunks
2026-05-15T18:09:20.252870+00:00 loadgen-csxx systemd[1]: Starting systemd-tmpfiles-setup-dev.service - Create Static Device Nodes in /dev...
2026-05-15T18:09:20.252873+00:00 loadgen-csxx kernel: Spectre V2 : User space: Mitigation: STIBP via prctl
2026-05-15T18:09:20.252874+00:00 loadgen-csxx kernel: MDS: Mitigation: Clear CPU buffers
2026-05-15T18:09:20.252874+00:00 loadgen-csxx kernel: MMIO Stale Data: Vulnerable: Clear CPU buffers attempted, no microcode
2026-05-15T18:09:20.252875+00:00 loadgen-csxx kernel: Spectre V1 : Mitigation: usercopy/swapgs barriers and __user pointer sanitization
2026-05-15T18:09:20.252875+00:00 loadgen-csxx kernel: Spectre V2 : Spectre v2 / SpectreRSB: Filling RSB on context switch and VMEXIT
2026-05-15T18:09:20.252876+00:00 loadgen-csxx kernel: Spectre V2 : mitigatio[[0;32m  OK  [0m] Finished [0;1;39mapport.service[0m - automatic crash report generation.
n: Enabling conditional Indirect Branch Prediction Barrier
2026-05-15T18:09:20.252876+00:00 loadgen-csxx kernel: active return thunk: its_return_thunk
2026-05-15T18:09:20.252875+00:00 loadgen-csxx systemd[1]: systemd-tpm2-setup.service - TPM2 SRK Setup was skipped because of an unmet condition check (ConditionSecurity=measured-uki).
2026-05-15T18:09:20.252879+00:00 loadgen-csxx kernel: Spectre V2 : Spectre BHI mitigation: SW BHB clearing on syscall and VM exit
2026-05-15T18:09:20.252880+00:00 loadgen-csxx kernel: x86/fpu: Supporting XSAVE feature 0x001: 'x87 floating point registers'
2026-05-15T18:09:20.252880+00:00 loadgen-csxx kernel: x86/fpu: Supporting XSAVE feature 0x002: 'SSE registers'
2026-05-15T18:09:20.252881+00:00 loadgen-csxx kernel: x86/fpu: Supporting XSAVE feature 0x004: 'AVX registers'
2026-05-15T18:09:20.252881+00:00 loadgen-csxx kernel: x86/fpu: xstate_offset[2]:  576, xstate_sizes[2]:  256
2026-05-15T18:09:20.252882+00:00 loadgen-csxx kernel: x86/fpu: Enabled xstate features 0x7, context size is 832 bytes, using 'standard' format.
2026-05-15T18:09:20.252880+00:00 loadgen-csxx systemd[1]: Finished systemd-udev-trigger.service - Coldplug All udev Devices.
2026-05-15T18:09:20.252886+00:00 loadgen-csxx kernel: Freeing SMP alternatives memory: 52K
2026-05-15T18:09:20.252887+00:00 loadgen-csxx kernel: pid_max: default: 32768 minimum: 301
2026-05-15T18:09:20.252888+00:00 loadgen-csxx kernel: LSM: initializing lsm=lockdown,capability,landlock,yama,apparmor,ima,evm
2026-05-15T18:09:20.252888+00:00 loadgen-csxx kernel: landlock: Up and running.
2026-05-15T18:09:20.252889+00:00 loadgen-csxx kernel: Yama: becoming mindful.
2026-05-15T18:09:20.252889+00:00 loadgen-csxx kernel: AppArmor: AppArmor initialized
2026-05-15T18:09:20.252889+00:00 loadgen-csxx kernel: Mount-cache hash table entries: 131072 (order: 8, 1048576 bytes, linear)
2026-05-15T18:09:20.252888+00:00 loadgen-csxx systemd[1]: Finished systemd-random-seed.service - Load/Save OS Random Seed.
2026-05-15T18:09:20.252893+00:00 loadgen-csxx kernel: Mountpoint-cache hash table entries: 131072 (order: 8, 1048576 bytes, linear)
2026-05-15T18:09:20.252894+00:00 loadgen-csxx kernel: smpboot: CPU0: Intel(R) Xeon(R) CPU @ 2.30GHz (family: 0x6, model: 0x3f, stepping: 0x0)
2026-05-15T18:09:20.252895+00:00 loadgen-csxx kernel: Performance Events: unsupported CPU family 6 model 63 no PMU driver, software events only.
2026-05-15T18:09:20.252895+00:00 loadgen-csxx kernel: signal: max sigframe size: 1776
2026-05-15T18:09:20.252895+00:00 loadgen-csxx kernel: rcu: Hierarchical SRCU implementation.
2026-05-15T18:09:20.252896+00:00 loadgen-csxx kernel: rcu: 	Max phase no-delay instances is 400.
2026-05-15T18:09:20.252894+00:00 loadgen-csxx multipathd[358]: multipathd v0.9.4: start up
2026-05-15T18:09:20.252899+00:00 loadgen-csxx kernel: Timer migration: 2 hierarchy levels; 8 children per group; 2 crossnode level
2026-05-15T18:09:20.252900+00:00 loadgen-csxx kernel: NMI watchdog: Perf NMI watchdog permanently disabled
2026-05-15T18:09:20.252900+00:00 loadgen-csxx kernel: smp: Bringing up secondary CPUs ...
2026-05-15T18:09:20.252901+00:00 loadgen-csxx kernel: smpboot: x86: Booting SMP configuration:
2026-05-15T18:09:20.252901+00:00 loadgen-csxx kernel: .... node  #0, CPUs:        #1  #2  #3  #4  #5  #6  #7  #8  #9 #10 #11 #12 #13 #14 #15 #16 #17 #18 #19 #20 #21 #22 #23
2026-05-15T18:09:20.252902+00:00 loadgen-csxx kernel: MDS CPU bug present and SMT on, data leak possible. See https://www.kernel.org/doc/html/latest/admin-guide/hw-vuln/mds.html for more details.
2026-05-15T18:09:20.252902+00:00 loadgen-csxx multipathd[358]: reconfigure: setting up paths and maps
2026-05-15T18:09:20.252905+00:00 loadgen-csxx kernel: MMIO Stale Data CPU bug present and SMT on, data leak possible. See https://www.kernel.org/doc/html/latest/admin-guide/hw-vuln/processor_mmio_stale_data.html for more details.
2026-05-15T18:09:20.252906+00:00 loadgen-csxx kernel: smp: Brought up 1 node, 24 CPUs
2026-05-15T18:09:20.252906+00:00 loadgen-csxx kernel: smpboot: Total of 24 processors activated (110399.90 BogoMIPS)
2026-05-15T18:09:20.252907+00:00 loadgen-csxx kernel: Memory: 65803320K/67105084K available (22206K kernel code, 4673K rwdata, 15608K rodata, 5404K init, 6100K bss, 1277608K reserved, 0K cma-reserved)
2026-05-15T18:09:20.252907+00:00 loadgen-csxx kernel: devtmpfs: initialized
2026-05-15T18:09:20.252908+00:00 loadgen-csxx kernel: x86/mm: Memory block size: 1024MB
2026-05-15T18:09:20.252907+00:00 loadgen-csxx systemd[1]: Finished systemd-tmpfiles-setup-dev.service - Create Static Device Nodes in /dev.
2026-05-15T18:09:20.252912+00:00 loadgen-csxx systemd[1]: Starting systemd-udevd.service - Rule-based Manager for Device Events and Files...
2026-05-15T18:09:20.252917+00:00 loadgen-csxx systemd-udevd[362]: Using default interface naming scheme 'v255'.
2026-05-15T18:09:20.252921+00:00 loadgen-csxx systemd[1]: Started multipathd.service - Device-Mapper Multipath Device Controller.
