2026-05-26 20:09:26,136 DEBUG    root            Loaded Command Group: ['gcloud', 'compute']
2026-05-26 20:09:26,138 DEBUG    root            Loaded Command Group: ['gcloud', 'compute', 'instances']
2026-05-26 20:09:26,140 DEBUG    root            Loaded Command Group: ['gcloud', 'compute', 'instances', 'get_serial_port_output']
2026-05-26 20:09:26,142 DEBUG    root            Running [gcloud.compute.instances.get-serial-port-output] with arguments: [--project: "env-integration-fenway", --zone: "us-central1-c", INSTANCE_NAME: "loadgen-gx8t"]
2026-05-26 20:09:26,145 DEBUG    root            On GCE from memory cache: False
2026-05-26 20:09:26,148 DEBUG    root            On GCE from memory cache: False
2026-05-26 20:09:26,393 DEBUG    urllib3.connectionpool Starting new HTTPS connection (1): compute.googleapis.com:443
2026-05-26 20:09:26,882 DEBUG    urllib3.connectionpool https://compute.googleapis.com:443 "GET /compute/v1/projects/env-integration-fenway/zones/us-central1-c/instances/loadgen-gx8t/serialPort?alt=json&port=1 HTTP/1.1" 200 None
2026-05-26 20:09:26,936 DEBUG    root            Chosen display Format:value[no-quote](contents)
2026-05-26 20:09:26,937 INFO     root            Display format: "value[no-quote](contents)"
2026-05-26 20:09:27,000 INFO     ___FILE_ONLY___ [2J[01;01H[=3h[2J[01;01H[2J[01;01H[=3h[2J[01;01HCSM BBS Table full.
BdsDxe: loading Boot0003 "Ubuntu" from PciRoot(0x0)/Pci(0x3,0x0)/Scsi(0x1,0x0)/HD(15,GPT,C848D457-4750-4825-A2CD-4EBFB870DC53,0x2800,0x35000)/\EFI\ubuntu\shimx64.efi
BdsDxe: starting Boot0003 "Ubuntu" from PciRoot(0x0)/Pci(0x3,0x0)/Scsi(0x1,0x0)/HD(15,GPT,C848D457-4750-4825-A2CD-4EBFB870DC53,0x2800,0x35000)/\EFI\ubuntu\shimx64.efi

UEFI: Attempting to start image.
Description: Ubuntu
FilePath: PciRoot(0x0)/Pci(0x3,0x0)/Scsi(0x1,0x0)/HD(15,GPT,C848D457-4750-4825-A2CD-4EBFB870DC53,0x2800,0x35000)/\EFI\ubuntu\shimx64.efi
OptionNumber: 3.

[H[J[1;1HGRUB_FORCE_PARTUUID set, attempting initrdless boot.
[    0.000000] Linux version 6.17.0-1013-gcp (buildd@lcy02-amd64-034) (x86_64-linux-gnu-gcc-13 (Ubuntu 13.3.0-6ubuntu2~24.04.1) 13.3.0, GNU ld (GNU Binutils for Ubuntu) 2.42) #13~24.04.1-Ubuntu SMP Thu Apr 16 02:10:24 UTC 2026 (Ubuntu 6.17.0-1013.13~24.04.1-gcp 6.17.13)
[    0.000000] Command line: BOOT_IMAGE=/vmlinuz-6.17.0-1013-gcp root=PARTUUID=6624332c-1f00-4e51-a0bf-94661fe17234 ro console=ttyS0,115200 panic=-1
[    0.000000] KERNEL supported cpus:
[    0.000000]   Intel GenuineIntel
[    0.000000]   AMD AuthenticAMD
[    0.000000]   Hygon HygonGenuine
[    0.000000]   Centaur CentaurHauls
[    0.000000]   zhaoxin   Shanghai  
[    0.000000] x86/CPU: Model not found in latest microcode list
[    0.000000] BIOS-provided physical RAM map:
[    0.000000] BIOS-e820: [mem 0x0000000000000000-0x0000000000000fff] reserved
[    0.000000] BIOS-e820: [mem 0x0000000000001000-0x0000000000054fff] usable
[    0.000000] BIOS-e820: [mem 0x0000000000055000-0x000000000005ffff] reserved
[    0.000000] BIOS-e820: [mem 0x0000000000060000-0x0000000000097fff] usable
[    0.000000] BIOS-e820: [mem 0x0000000000098000-0x000000000009ffff] reserved
[    0.000000] BIOS-e820: [mem 0x0000000000100000-0x00000000bd254fff] usable
[    0.000000] BIOS-e820: [mem 0x00000000bd255000-0x00000000bd25ffff] ACPI data
[    0.000000] BIOS-e820: [mem 0x00000000bd260000-0x00000000bf8ecfff] usable
[    0.000000] BIOS-e820: [mem 0x00000000bf8ed000-0x00000000bfb6cfff] reserved
[    0.000000] BIOS-e820: [mem 0x00000000bfb6d000-0x00000000bfb7efff] ACPI data
[    0.000000] BIOS-e820: [mem 0x00000000bfb7f000-0x00000000bfbfefff] ACPI NVS
[    0.000000] BIOS-e820: [mem 0x00000000bfbff000-0x00000000bffdffff] usable
[    0.000000] BIOS-e820: [mem 0x00000000bffe0000-0x00000000bfffffff] reserved
[    0.000000] BIOS-e820: [mem 0x0000000100000000-0x000000103fffffff] usable
[    0.000000] NX (Execute Disable) protection: active
[    0.000000] APIC: Static calls initialized
[    0.000000] efi: EFI v2.7 by EDK II
[    0.000000] efi: TPMFinalLog=0xbfbf7000 ACPI=0xbfb7e000 ACPI 2.0=0xbfb7e014 SMBIOS=0xbf9ca000 MEMATTR=0xbd260018 MOKvar=0xbf9c8000 RNG=0xbfb72018 TPMEventLog=0xbd255018 
[    0.000000] random: crng init done
[    0.000000] SMBIOS 2.4 present.
[    0.000000] DMI: Google Google Compute Engine/Google Compute Engine, BIOS Google 04/21/2026
[    0.000000] DMI: Memory slots populated: 4/4
[    0.000000] secureboot: Secure boot disabled
[    0.000000] Hypervisor detected: KVM
[    0.000000] last_pfn = 0xbffe0 max_arch_pfn = 0x400000000
[    0.000000] kvm-clock: Using msrs 4b564d01 and 4b564d00
[    0.000000] kvm-clock: using sched offset of 14728127477 cycles
[    0.000003] clocksource: kvm-clock: mask: 0xffffffffffffffff max_cycles: 0x1cd42e4dffb, max_idle_ns: 881590591483 ns
[    0.000007] tsc: Detected 2299.998 MHz processor
[    0.000083] last_pfn = 0x1040000 max_arch_pfn = 0x400000000
[    0.000116] MTRR map: 3 entries (2 fixed + 1 variable; max 18), built from 8 variable MTRRs
[    0.000119] x86/PAT: Configuration [0-7]: WB  WC  UC- UC  WB  WP  UC- WT  
[    0.000160] last_pfn = 0xbffe0 max_arch_pfn = 0x400000000
[    0.015783] Using GB pages for direct mapping
[    0.016173] secureboot: Secure boot disabled
[    0.016176] ACPI: Early table checksum verification disabled
[    0.016180] ACPI: RSDP 0x00000000BFB7E014 000024 (v02 Google)
[    0.016185] ACPI: XSDT 0x00000000BFB7D0E8 00005C (v01 Google GOOGFACP 00000001      01000013)
[    0.016192] ACPI: FACP 0x00000000BFB78000 0000F4 (v02 Google GOOGFACP 00000001 GOOG 00000001)
[    0.016200] ACPI: DSDT 0x00000000BFB79000 001A64 (v01 Google GOOGDSDT 00000001 GOOG 00000001)
[    0.016205] ACPI: FACS 0x00000000BFBF1000 000040
[    0.016209] ACPI: SSDT 0x00000000BFB7C000 000316 (v02 GOOGLE Tpm2Tabl 00001000 INTL 20250807)
[    0.016214] ACPI: TPM2 0x00000000BFB7B000 000034 (v04 GOOGLE          00000001 GOOG 00000001)
[    0.016218] ACPI: SRAT 0x00000000BFB77000 000228 (v03 Google GOOGSRAT 00000001 GOOG 00000001)
[    0.016223] ACPI: APIC 0x00000000BFB76000 000126 (v05 Google GOOGAPIC 00000001 GOOG 00000001)
[    0.016227] ACPI: SSDT 0x00000000BFB74000 0011D6 (v01 Google GOOGSSDT 00000001 GOOG 00000001)
[    0.016231] ACPI: WAET 0x00000000BFB73000 000028 (v01 Google GOOGWAET 00000001 GOOG 00000001)
[    0.016234] ACPI: Reserving FACP table memory at [mem 0xbfb78000-0xbfb780f3]
[    0.016236] ACPI: Reserving DSDT table memory at [mem 0xbfb79000-0xbfb7aa63]
[    0.016237] ACPI: Reserving FACS table memory at [mem 0xbfbf1000-0xbfbf103f]
[    0.016238] ACPI: Reserving SSDT table memory at [mem 0xbfb7c000-0xbfb7c315]
[    0.016239] ACPI: Reserving TPM2 table memory at [mem 0xbfb7b000-0xbfb7b033]
[    0.016239] ACPI: Reserving SRAT table memory at [mem 0xbfb77000-0xbfb77227]
[    0.016240] ACPI: Reserving APIC table memory at [mem 0xbfb76000-0xbfb76125]
[    0.016241] ACPI: Reserving SSDT table memory at [mem 0xbfb74000-0xbfb751d5]
[    0.016242] ACPI: Reserving WAET table memory at [mem 0xbfb73000-0xbfb73027]
[    0.016386] ACPI: SRAT: Node 0 PXM 0 [mem 0x00000000-0x0009ffff]
[    0.016389] ACPI: SRAT: Node 0 PXM 0 [mem 0x00100000-0xbfffffff]
[    0.016392] ACPI: SRAT: Node 0 PXM 0 [mem 0x100000000-0x103fffffff]
[    0.016400] NUMA: Node 0 [mem 0x00001000-0x0009ffff] + [mem 0x00100000-0xbfffffff] -> [mem 0x00001000-0xbfffffff]
[    0.016405] NUMA: Node 0 [mem 0x00001000-0xbfffffff] + [mem 0x100000000-0x103fffffff] -> [mem 0x00001000-0x103fffffff]
[    0.016431] NODE_DATA(0) allocated [mem 0x103ffd52c0-0x103fffffff]
[    0.016673] Zone ranges:
[    0.016674]   DMA      [mem 0x0000000000001000-0x0000000000ffffff]
[    0.016676]   DMA32    [mem 0x0000000001000000-0x00000000ffffffff]
[    0.016678]   Normal   [mem 0x0000000100000000-0x000000103fffffff]
[    0.016679]   Device   empty
[    0.016680] Movable zone start for each node
[    0.016682] Early memory node ranges
[    0.016682]   node   0: [mem 0x0000000000001000-0x0000000000054fff]
[    0.016684]   node   0: [mem 0x0000000000060000-0x0000000000097fff]
[    0.016685]   node   0: [mem 0x0000000000100000-0x00000000bd254fff]
[    0.016686]   node   0: [mem 0x00000000bd260000-0x00000000bf8ecfff]
[    0.016687]   node   0: [mem 0x00000000bfbff000-0x00000000bffdffff]
[    0.016687]   node   0: [mem 0x0000000100000000-0x000000103fffffff]
[    0.016693] Initmem setup node 0 [mem 0x0000000000001000-0x000000103fffffff]
[    0.016774] On node 0, zone DMA: 1 pages in unavailable ranges
[    0.016776] On node 0, zone DMA: 11 pages in unavailable ranges
[    0.016802] On node 0, zone DMA: 104 pages in unavailable ranges
[    0.022039] On node 0, zone DMA32: 11 pages in unavailable ranges
[    0.022053] On node 0, zone DMA32: 786 pages in unavailable ranges
[    0.130707] On node 0, zone Normal: 32 pages in unavailable ranges
[    0.131343] ACPI: PM-Timer IO Port: 0xb008
[    0.131370] ACPI: LAPIC_NMI (acpi_id[0xff] dfl dfl lint[0x1])
[    0.131460] IOAPIC[0]: apic_id 0, version 17, address 0xfec00000, GSI 0-23
[    0.131464] ACPI: INT_SRC_OVR (bus 0 bus_irq 5 global_irq 5 high level)
[    0.131466] ACPI: INT_SRC_OVR (bus 0 bus_irq 9 global_irq 9 high level)
[    0.131468] ACPI: INT_SRC_OVR (bus 0 bus_irq 10 global_irq 10 high level)
[    0.131469] ACPI: INT_SRC_OVR (bus 0 bus_irq 11 global_irq 11 high level)
[    0.131476] ACPI: Using ACPI (MADT) for SMP configuration information
[    0.131482] CPU topo: Max. logical packages:   1
[    0.131483] CPU topo: Max. logical dies:       1
[    0.131483] CPU topo: Max. dies per package:   1
[    0.131487] CPU topo: Max. threads per core:   2
[    0.131489] CPU topo: Num. cores per package:    12
[    0.131489] CPU topo: Num. threads per package:  24
[    0.131505] CPU topo: Allowing 24 present CPUs plus 0 hotplug CPUs
[    0.131534] PM: hibernation: Registered nosave memory: [mem 0x00000000-0x00000fff]
[    0.131536] PM: hibernation: Registered nosave memory: [mem 0x00055000-0x0005ffff]
[    0.131538] PM: hibernation: Registered nosave memory: [mem 0x00098000-0x000fffff]
[    0.131539] PM: hibernation: Registered nosave memory: [mem 0xbd255000-0xbd25ffff]
[    0.131541] PM: hibernation: Registered nosave memory: [mem 0xbf8ed000-0xbfbfefff]
[    0.131543] PM: hibernation: Registered nosave memory: [mem 0xbffe0000-0xffffffff]
[    0.131545] [mem 0xc0000000-0xffffffff] available for PCI devices
[    0.131548] Booting paravirtualized kernel on KVM
[    0.131550] clocksource: refined-jiffies: mask: 0xffffffff max_cycles: 0xffffffff, max_idle_ns: 1910969940391419 ns
[    0.131559] setup_percpu: NR_CPUS:8192 nr_cpumask_bits:24 nr_cpu_ids:24 nr_node_ids:1
[    0.133357] percpu: Embedded 84 pages/cpu s221184 r8192 d114688 u524288
[    0.133412] kvm-guest: PV spinlocks enabled
[    0.133414] PV qspinlock hash table entries: 256 (order: 0, 4096 bytes, linear)
[    0.133418] Kernel command line: BOOT_IMAGE=/vmlinuz-6.17.0-1013-gcp root=PARTUUID=6624332c-1f00-4e51-a0bf-94661fe17234 ro console=ttyS0,115200 panic=-1
[    0.133485] printk: log buffer data + meta data: 262144 + 917504 = 1179648 bytes
[    0.140379] Dentry cache hash table entries: 8388608 (order: 14, 67108864 bytes, linear)
[    0.143722] Inode-cache hash table entries: 4194304 (order: 13, 33554432 bytes, linear)
[    0.144587] software IO TLB: area num 32.
[    0.158257] Fallback order for Node 0: 0 
[    0.158265] Built 1 zonelists, mobility grouping on.  Total pages: 16776271
[    0.158266] Policy zone: Normal
[    0.158275] mem auto-init: stack:all(zero), heap alloc:on, heap free:off
[    0.313730] SLUB: HWalign=64, Order=0-3, MinObjects=0, CPUs=24, Nodes=1
[    0.313797] Kernel/User page tables isolation: enabled
[    0.326734] ftrace: allocating 61994 entries in 244 pages
[    0.326737] ftrace: allocated 244 pages with 5 groups
[    0.327127] rcu: Hierarchical RCU implementation.
[    0.327128] rcu: 	RCU restricting CPUs from NR_CPUS=8192 to nr_cpu_ids=24.
[    0.327130] 	Rude variant of Tasks RCU enabled.
[    0.327131] 	Tracing variant of Tasks RCU enabled.
[    0.327131] rcu: RCU calculated value of scheduler-enlistment delay is 100 jiffies.
[    0.327132] rcu: Adjusting geometry for rcu_fanout_leaf=16, nr_cpu_ids=24
[    0.327156] RCU Tasks Rude: Setting shift to 5 and lim to 1 rcu_task_cb_adjust=1 rcu_task_cpu_ids=24.
[    0.327160] RCU Tasks Trace: Setting shift to 5 and lim to 1 rcu_task_cb_adjust=1 rcu_task_cpu_ids=24.
[    0.331247] NR_IRQS: 524544, nr_irqs: 616, preallocated irqs: 16
[    0.331615] rcu: srcu_init: Setting srcu_struct sizes based on contention.
[    0.331774] Console: colour dummy device 80x25
[    0.331843] printk: legacy console [ttyS0] enabled
[    0.538407] ACPI: Core revision 20250404
[    0.539188] APIC: Switch to symmetric I/O mode setup
[    0.540638] x2apic enabled
[    0.544388] APIC: Switched APIC routing to: physical x2apic
[    0.551443] ..TIMER: vector=0x30 apic1=0 pin1=0 apic2=-1 pin2=-1
[    0.553017] clocksource: tsc-early: mask: 0xffffffffffffffff max_cycles: 0x212733415c7, max_idle_ns: 440795236380 ns
[    0.555637] Calibrating delay loop (skipped) preset value.. 4599.99 BogoMIPS (lpj=2299998)
[    0.557918] Last level iTLB entries: 4KB 1024, 2MB 1024, 4MB 1024
[    0.558635] Last level dTLB entries: 4KB 1024, 2MB 1024, 4MB 1024, 1GB 4
[    0.559656] mitigations: Enabled attack vectors: user_kernel, user_user, guest_host, guest_guest, SMT mitigations: auto
[    0.560637] Speculative Store Bypass: Mitigation: Speculative Store Bypass disabled via prctl
[    0.561635] Spectre V2 : Mitigation: IBRS
[    0.562635] RETBleed: Mitigation: IBRS
[    0.563635] ITS: Mitigation: Aligned branch/return thunks
[    0.564634] Spectre V2 : User space: Mitigation: STIBP via prctl
[    0.565634] MDS: Mitigation: Clear CPU buffers
[    0.566634] MMIO Stale Data: Vulnerable: Clear CPU buffers attempted, no microcode
[    0.567634] Spectre V1 : Mitigation: usercopy/swapgs barriers and __user pointer sanitization
[    0.568637] Spectre V2 : Spectre v2 / SpectreRSB: Filling RSB on context switch and VMEXIT
[    0.569637] Spectre V2 : mitigation: Enabling conditional Indirect Branch Prediction Barrier
[    0.570642] active return thunk: its_return_thunk
[    0.571635] Spectre V2 : Spectre BHI mitigation: SW BHB clearing on syscall and VM exit
[    0.572649] x86/fpu: Supporting XSAVE feature 0x001: 'x87 floating point registers'
[    0.573635] x86/fpu: Supporting XSAVE feature 0x002: 'SSE registers'
[    0.574635] x86/fpu: Supporting XSAVE feature 0x004: 'AVX registers'
[    0.575635] x86/fpu: xstate_offset[2]:  576, xstate_sizes[2]:  256
[    0.576635] x86/fpu: Enabled xstate features 0x7, context size is 832 bytes, using 'standard' format.
[    0.638512] Freeing SMP alternatives memory: 52K
[    0.638638] pid_max: default: 32768 minimum: 301
[    0.639746] LSM: initializing lsm=lockdown,capability,landlock,yama,apparmor,ima,evm
[    0.640654] landlock: Up and running.
[    0.641431] Yama: becoming mindful.
[    0.641692] AppArmor: AppArmor initialized
[    0.642910] Mount-cache hash table entries: 131072 (order: 8, 1048576 bytes, linear)
[    0.643811] Mountpoint-cache hash table entries: 131072 (order: 8, 1048576 bytes, linear)
[    0.747384] smpboot: CPU0: Intel(R) Xeon(R) CPU @ 2.30GHz (family: 0x6, model: 0x3f, stepping: 0x0)
[    0.747941] Performance Events: unsupported CPU family 6 model 63 no PMU driver, software events only.
[    0.748719] signal: max sigframe size: 1776
[    0.749685] rcu: Hierarchical SRCU implementation.
[    0.750635] rcu: 	Max phase no-delay instances is 400.
[    0.751753] Timer migration: 2 hierarchy levels; 8 children per group; 2 crossnode level
[    0.754269] NMI watchdog: Perf NMI watchdog permanently disabled
[    0.754948] smp: Bringing up secondary CPUs ...
[    0.755827] smpboot: x86: Booting SMP configuration:
[    0.756638] .... node  #0, CPUs:        #1  #2  #3  #4  #5  #6  #7  #8  #9 #10 #11 #12 #13 #14 #15 #16 #17 #18 #19 #20 #21 #22 #23
[    0.768973] MDS CPU bug present and SMT on, data leak possible. See https://www.kernel.org/doc/html/latest/admin-guide/hw-vuln/mds.html for more details.
[    0.770636] MMIO Stale Data CPU bug present and SMT on, data leak possible. See https://www.kernel.org/doc/html/latest/admin-guide/hw-vuln/processor_mmio_stale_data.html for more details.
[    0.777808] smp: Brought up 1 node, 24 CPUs
[    0.778637] smpboot: Total of 24 processors activated (110399.90 BogoMIPS)
[    0.780957] Memory: 65803308K/67105084K available (22206K kernel code, 4673K rwdata, 15608K rodata, 5404K init, 6100K bss, 1277612K reserved, 0K cma-reserved)
[    0.784706] devtmpfs: initialized
[    0.785717] x86/mm: Memory block size: 1024MB
[    0.789371] ACPI: PM: Registering ACPI NVS region [mem 0xbfb7f000-0xbfbfefff] (524288 bytes)
[    0.789801] clocksource: jiffies: mask: 0xffffffff max_cycles: 0xffffffff, max_idle_ns: 1911260446275000 ns
[    0.790701] posixtimers hash table entries: 16384 (order: 6, 262144 bytes, linear)
[    0.791761] futex hash table entries: 8192 (524288 bytes on 1 NUMA nodes, total 512 KiB, linear).
[    0.792781] pinctrl core: initialized pinctrl subsystem
[    0.794634] PM: RTC time: 03:07:27, date: 2026-05-27
[    0.797460] NET: Registered PF_NETLINK/PF_ROUTE protocol family
[    0.798521] DMA: preallocated 4096 KiB GFP_KERNEL pool for atomic allocations
[    0.800013] DMA: preallocated 4096 KiB GFP_KERNEL|GFP_DMA pool for atomic allocations
[    0.802276] DMA: preallocated 4096 KiB GFP_KERNEL|GFP_DMA32 pool for atomic allocations
[    0.802652] audit: initializing netlink subsys (disabled)
[    0.803674] audit: type=2000 audit(1779851246.939:1): state=initialized audit_enabled=0 res=1
[    0.804844] thermal_sys: Registered thermal governor 'fair_share'
[    0.805637] thermal_sys: Registered thermal governor 'bang_bang'
[    0.806637] thermal_sys: Registered thermal governor 'step_wise'
[    0.807637] thermal_sys: Registered thermal governor 'user_space'
[    0.808636] thermal_sys: Registered thermal governor 'power_allocator'
[    0.809653] cpuidle: using governor ladder
[    0.811642] cpuidle: using governor menu
[    0.812711] acpiphp: ACPI Hot Plug PCI Controller Driver version: 0.5
[    0.813920] PCI: Using configuration type 1 for base access
[    0.814750] kprobes: kprobe jump-optimization is enabled. All kprobes are optimized if possible.
[    0.816711] HugeTLB: registered 1.00 GiB page size, pre-allocated 0 pages
[    0.818635] HugeTLB: 16380 KiB vmemmap can be freed for a 1.00 GiB page
[    0.819636] HugeTLB: registered 2.00 MiB page size, pre-allocated 0 pages
[    0.820638] HugeTLB: 28 KiB vmemmap can be freed for a 2.00 MiB page
[    0.825278] ACPI: Added _OSI(Module Device)
[    0.825636] ACPI: Added _OSI(Processor Device)
[    0.826636] ACPI: Added _OSI(Processor Aggregator Device)
[    0.831872] ACPI: 3 ACPI AML tables successfully acquired and loaded
[    0.836569] ACPI: Interpreter enabled
[    0.836655] ACPI: PM: (supports S0 S3 S4 S5)
[    0.837636] ACPI: Using IOAPIC for interrupt routing
[    0.839843] PCI: Using host bridge windows from ACPI; if necessary, use "pci=nocrs" and report a bug
[    0.840635] PCI: Ignoring E820 reservations for host bridge windows
[    0.842646] ACPI: Enabled 16 GPEs in block 00 to 0F
[    0.851513] ACPI: PCI Root Bridge [PCI0] (domain 0000 [bus 00-ff])
[    0.851641] acpi PNP0A03:00: _OSC: OS supports [ASPM ClockPM Segments MSI EDR HPX-Type3]
[    0.852636] acpi PNP0A03:00: _OSC: not requesting OS control; OS requires [ExtendedConfig ASPM ClockPM MSI]
[    0.853650] acpi PNP0A03:00: fail to add MMCONFIG information, can't access extended configuration space under this bridge
[    0.856902] PCI host bridge to bus 0000:00
[    0.857648] pci_bus 0000:00: root bus resource [io  0x0000-0x0cf7 window]
[    0.858636] pci_bus 0000:00: root bus resource [io  0x0d00-0xffff window]
[    0.859636] pci_bus 0000:00: root bus resource [mem 0x000a0000-0x000bffff window]
[    0.860636] pci_bus 0000:00: root bus resource [mem 0xc0000000-0xc53fffff window]
[    0.861636] pci_bus 0000:00: root bus resource [mem 0xc5440000-0xee3fffff window]
[    0.862636] pci_bus 0000:00: root bus resource [mem 0xee440000-0xfebfefff window]
[    0.863636] pci_bus 0000:00: root bus resource [mem 0x1040000000-0x2103fffffff window]
[    0.864636] pci_bus 0000:00: root bus resource [bus 00-ff]
[    0.865747] pci 0000:00:00.0: [8086:1237] type 00 class 0x060000 conventional PCI endpoint
[    0.868412] pci 0000:00:01.0: [8086:7110] type 00 class 0x060100 conventional PCI endpoint
[    0.870363] pci 0000:00:01.3: [8086:7113] type 00 class 0x068000 conventional PCI endpoint
[    0.873814] pci 0000:00:01.3: quirk: [io  0xb000-0xb03f] claimed by PIIX4 ACPI
[    0.875853] pci 0000:00:03.0: [1af4:1004] type 00 class 0x000000 conventional PCI endpoint
[    0.878682] pci 0000:00:03.0: BAR 0 [io  0xc040-0xc07f]
[    0.879654] pci 0000:00:03.0: BAR 1 [mem 0xc1001000-0xc100107f]
[    0.881356] pci 0000:00:04.0: [10de:1eb8] type 00 class 0x030200 conventional PCI endpoint
[    0.884673] pci 0000:00:04.0: BAR 0 [mem 0xc0000000-0xc0ffffff]
[    0.885667] pci 0000:00:04.0: BAR 1 [mem 0x1040000000-0x104fffffff 64bit pref]
[    0.886668] pci 0000:00:04.0: BAR 3 [mem 0x1050000000-0x1051ffffff 64bit pref]
[    0.888853] pci 0000:00:05.0: [1af4:1000] type 00 class 0x020000 conventional PCI endpoint
[    0.892664] pci 0000:00:05.0: BAR 0 [io  0xc000-0xc03f]
[    0.893651] pci 0000:00:05.0: BAR 1 [mem 0xc1000000-0xc10003ff]
[    0.895893] pci 0000:00:06.0: [1af4:1005] type 00 class 0x00ff00 conventional PCI endpoint
[    0.899664] pci 0000:00:06.0: BAR 0 [io  0xc080-0xc09f]
[    0.900666] pci 0000:00:06.0: BAR 1 [mem 0xc1002000-0xc100203f]
[    0.914410] ACPI: PCI: Interrupt link LNKA configured for IRQ 10
[    0.915817] ACPI: PCI: Interrupt link LNKB configured for IRQ 10
[    0.917771] ACPI: PCI: Interrupt link LNKC configured for IRQ 11
[    0.919775] ACPI: PCI: Interrupt link LNKD configured for IRQ 11
[    0.921681] ACPI: PCI: Interrupt link LNKS configured for IRQ 9
[    0.926361] iommu: Default domain type: Translated
[    0.926637] iommu: DMA domain TLB invalidation policy: lazy mode
[    0.928886] SCSI subsystem initialized
[    0.929686] ACPI: bus type USB registered
[    0.930681] usbcore: registered new interface driver usbfs
[    0.931649] usbcore: registered new interface driver hub
[    0.932661] usbcore: registered new device driver usb
[    0.933709] pps_core: LinuxPPS API ver. 1 registered
[    0.934635] pps_core: Software ver. 5.3.6 - Copyright 2005-2007 Rodolfo Giometti <giometti@linux.it>
[    0.935641] PTP clock support registered
[    0.936687] EDAC MC: Ver: 3.0.0
[    0.938885] efivars: Registered efivars operations
[    0.940681] NetLabel: Initializing
[    0.941636] NetLabel:  domain hash size = 128
[    0.942635] NetLabel:  protocols = UNLABELED CIPSOv4 CALIPSO
[    0.943660] NetLabel:  unlabeled traffic allowed by default
[    0.944676] mctp: management component transport protocol core
[    0.945636] NET: Registered PF_MCTP protocol family
[    0.946655] PCI: Using ACPI for IRQ routing
[    0.948882] vgaarb: loaded
[    0.949944] clocksource: Switched to clocksource kvm-clock
[    0.952947] VFS: Disk quotas dquot_6.6.0
[    0.954568] VFS: Dquot-cache hash table entries: 512 (order 0, 4096 bytes)
[    0.957668] AppArmor: AppArmor Filesystem Enabled
[    0.959088] pnp: PnP ACPI init
[    0.961166] pnp: PnP ACPI: found 7 devices
[    0.969846] clocksource: acpi_pm: mask: 0xffffff max_cycles: 0xffffff, max_idle_ns: 2085701024 ns
[    0.972260] NET: Registered PF_INET protocol family
[    0.973544] IP idents hash table entries: 262144 (order: 9, 2097152 bytes, linear)
[    0.996167] tcp_listen_portaddr_hash hash table entries: 32768 (order: 7, 524288 bytes, linear)
[    0.997852] Table-perturb hash table entries: 65536 (order: 6, 262144 bytes, linear)
[    1.000462] TCP established hash table entries: 524288 (order: 10, 4194304 bytes, linear)
[    1.002582] TCP bind hash table entries: 65536 (order: 9, 2097152 bytes, linear)
[    1.004306] TCP: Hash tables configured (established 524288 bind 65536)
[    1.006769] MPTCP token hash table entries: 65536 (order: 9, 1572864 bytes, linear)
[    1.008744] UDP hash table entries: 32768 (order: 9, 2097152 bytes, linear)
[    1.011183] UDP-Lite hash table entries: 32768 (order: 9, 2097152 bytes, linear)
[    1.013399] NET: Registered PF_UNIX/PF_LOCAL protocol family
[    1.014780] NET: Registered PF_XDP protocol family
[    1.016368] pci_bus 0000:00: resource 4 [io  0x0000-0x0cf7 window]
[    1.018109] pci_bus 0000:00: resource 5 [io  0x0d00-0xffff window]
[    1.019269] pci_bus 0000:00: resource 6 [mem 0x000a0000-0x000bffff window]
[    1.021067] pci_bus 0000:00: resource 7 [mem 0xc0000000-0xc53fffff window]
[    1.022292] pci_bus 0000:00: resource 8 [mem 0xc5440000-0xee3fffff window]
[    1.023597] pci_bus 0000:00: resource 9 [mem 0xee440000-0xfebfefff window]
[    1.025390] pci_bus 0000:00: resource 10 [mem 0x1040000000-0x2103fffffff window]
[    1.027167] pci 0000:00:00.0: Limiting direct PCI/PCI transfers
[    1.028894] PCI: CLS 0 bytes, default 64
[    1.029844] PCI-DMA: Using software bounce buffering for IO (SWIOTLB)
[    1.032153] software IO TLB: mapped [mem 0x00000000b7f7f000-0x00000000bbf7f000] (64MB)
[    1.034210] clocksource: tsc: mask: 0xffffffffffffffff max_cycles: 0x212733415c7, max_idle_ns: 440795236380 ns
[    1.036984] clocksource: Switched to clocksource tsc
[    1.058380] Initialise system trusted keyrings
[    1.059896] Key type blacklist registered
[    1.061237] workingset: timestamp_bits=36 max_order=24 bucket_order=0
[    1.063639] squashfs: version 4.0 (2009/01/31) Phillip Lougher
[    1.065890] fuse: init (API version 7.44)
[    1.067772] integrity: Platform Keyring initialized
[    1.069541] integrity: Machine keyring initialized
[    1.084753] Key type asymmetric registered
[    1.086223] Asymmetric key parser 'x509' registered
[    1.087586] Block layer SCSI generic (bsg) driver version 0.4 loaded (major 242)
[    1.089812] io scheduler mq-deadline registered
[    1.093572] ledtrig-cpu: registered to indicate activity on CPUs
[    1.095649] input: Power Button as /devices/LNXSYSTM:00/LNXPWRBN:00/input/input0
[    1.098376] ACPI: button: Power Button [PWRF]
[    1.099929] input: Sleep Button as /devices/LNXSYSTM:00/LNXSLPBN:00/input/input1
[    1.102456] ACPI: button: Sleep Button [SLPF]
[    1.111975] ACPI: \_SB_.LNKC: Enabled at IRQ 11
[    1.113675] virtio-pci 0000:00:03.0: virtio_pci: leaving for legacy driver
[    1.125178] ACPI: \_SB_.LNKA: Enabled at IRQ 10
[    1.126969] virtio-pci 0000:00:05.0: virtio_pci: leaving for legacy driver
[    1.138690] ACPI: \_SB_.LNKB: Enabled at IRQ 10
[    1.140325] virtio-pci 0000:00:06.0: virtio_pci: leaving for legacy driver
[    1.148616] Serial: 8250/16550 driver, 32 ports, IRQ sharing enabled
[    1.174100] 00:03: ttyS0 at I/O 0x3f8 (irq = 4, base_baud = 115200) is a 16550A
[    1.199608] 00:04: ttyS1 at I/O 0x2f8 (irq = 3, base_baud = 115200) is a 16550A
[    1.225022] 00:05: ttyS2 at I/O 0x3e8 (irq = 6, base_baud = 115200) is a 16550A
[    1.250505] 00:06: ttyS3 at I/O 0x2e8 (irq = 7, base_baud = 115200) is a 16550A
[    1.255726] Linux agpgart interface v0.103
[    1.258828] tpm_tis MSFT0101:00: 2.0 TPM (device-id 0x9009, rev-id 0)
[    1.277830] loop: module loaded
[    1.282677] virtio_scsi virtio0: 1/0/0 default/read/poll queues
[    1.300125] scsi host0: Virtio SCSI HBA
[    1.301209] blk-mq: reduced tag depth to 10240
[    1.307686] Key type psk registered
[    1.308039] scsi 0:0:1:0: Direct-Access     Google   PersistentDisk   1    PQ: 0 ANSI: 6
[    1.309546] ACPI: bus type drm_connector registered
[    1.312697] tun: Universal TUN/TAP device driver, 1.6
[    1.420253] sd 0:0:1:0: Attached scsi generic sg0 type 0
[    1.424403] sd 0:0:1:0: [sda] 4194304000 512-byte logical blocks: (2.15 TB/1.95 TiB)
[    1.463655] sd 0:0:1:0: [sda] 4096-byte physical blocks
[    1.481414] sd 0:0:1:0: [sda] Write Protect is off
[    1.498636] sd 0:0:1:0: [sda] Write cache: enabled, read cache: enabled, doesn't support DPO or FUA
[    1.554695] PPP generic driver version 2.4.2
[    1.556271] i8042: PNP: PS/2 Controller [PNP0303:KBD,PNP0f13:MOU] at 0x60,0x64 irq 1,12
[    1.558644] i8042: Warning: Keylock active
[    1.561960] serio: i8042 KBD port at 0x60,0x64 irq 1
[    1.563324] serio: i8042 AUX port at 0x60,0x64 irq 12
[    1.564978] mousedev: PS/2 mouse device common for all mice
[    1.566875] rtc_cmos 00:00: RTC can wake from S4
[    1.569710] rtc_cmos 00:00: registered as rtc0
[    1.571254] rtc_cmos 00:00: setting system clock to 2026-05-27T03:07:28 UTC (1779851248)
[    1.572362] GPT:Primary header thinks Alt. header is not at the end of the disk.
[    1.573445] rtc_cmos 00:00: alarms up to one day, 114 bytes nvram
[    1.575302] GPT:104857599 != 4194303999
[    1.577062] i2c_dev: i2c /dev entries driver
[    1.578157] GPT:Alternate GPT header not at the end of the disk.
[    1.579674] device-mapper: core: CONFIG_IMA_DISABLE_HTABLE is disabled. Duplicate IMA measurements will not be recorded in the IMA log.
[    1.581552] GPT:104857599 != 4194303999
[    1.585146] device-mapper: uevent: version 1.0.3
[    1.586234] GPT: Use GNU Parted to correct GPT errors.
[    1.587497] device-mapper: ioctl: 4.50.0-ioctl (2025-04-28) initialised: dm-devel@lists.linux.dev
[    1.589043]  sda: sda1 sda14 sda15 sda16
[    1.592071] intel_pstate: CPU model not supported
[    1.593516] sd 0:0:1:0: [sda] Attached SCSI disk
[    1.594570] drop_monitor: Initializing network drop monitor service
[    1.598464] NET: Registered PF_INET6 protocol family
[    1.600548] Segment Routing with IPv6
[    1.601604] In-situ OAM (IOAM) with IPv6
[    1.602755] NET: Registered PF_PACKET protocol family
[    1.604307] Key type dns_resolver registered
[    1.609662] IPI shorthand broadcast: enabled
[    1.613546] sched_clock: Marking stable (1394004224, 219008128)->(1792029062, -179016710)
[    1.616412] registered taskstats version 1
[    1.619839] Loading compiled-in X.509 certificates
[    1.622046] Loaded X.509 cert 'Build time autogenerated kernel key: e45cb4cd1c398ae218369364b5dd9534d3664c1e'
[    1.625338] Loaded X.509 cert 'Canonical Ltd. Live Patch Signing 2025 Kmod: d541cef61dc7e793b7eb7e899970a2eef0b5dc8c'
[    1.628862] Loaded X.509 cert 'Canonical Ltd. Live Patch Signing: 14df34d1a87cf37625abec039ef2bf521249b969'
[    1.632289] Loaded X.509 cert 'Canonical Ltd. Kernel Module Signing: 88f752e560a1e0737e31163a466ad7b70a850c19'
[    1.635026] blacklist: Loading compiled-in revocation X.509 certificates
[    1.637030] Loaded X.509 cert 'Canonical Ltd. Secure Boot Signing: 61482aa2830d0ab2ad5af10b7250da9033ddcef0'
[    1.639768] Loaded X.509 cert 'Canonical Ltd. Secure Boot Signing (2017): 242ade75ac4a15e50d50c84b0d45ff3eae707a03'
[    1.642549] Loaded X.509 cert 'Canonical Ltd. Secure Boot Signing (ESM 2018): 365188c1d374d6b07c3c8f240f8ef722433d6a8b'
[    1.645672] Loaded X.509 cert 'Canonical Ltd. Secure Boot Signing (2019): c0746fd6c5da3ae827864651ad66ae47fe24b3e8'
[    1.648303] Loaded X.509 cert 'Canonical Ltd. Secure Boot Signing (2021 v1): a8d54bbb3825cfb94fa13c9f8a594a195c107b8d'
[    1.651187] Loaded X.509 cert 'Canonical Ltd. Secure Boot Signing (2021 v2): 4cf046892d6fd3c9a5b03f98d845f90851dc6a8c'
[    1.653994] Loaded X.509 cert 'Canonical Ltd. Secure Boot Signing (2021 v3): 100437bb6de6e469b581e61cd66bce3ef4ed53af'
[    1.657035] Loaded X.509 cert 'Canonical Ltd. Secure Boot Signing (Ubuntu Core 2019): c1d57b8f6b743f23ee41f4f7ee292f06eecadfb9'
[    1.665213] Demotion targets for Node 0: null
[    1.666969] Key type .fscrypt registered
[    1.668034] Key type fscrypt-provisioning registered
[    1.669476] Key type big_key registered
[    1.670612] Key type trusted registered
[    1.673574] Key type encrypted registered
[    1.674797] AppArmor: AppArmor sha256 policy hashing enabled
[    1.677367] integrity: Loading X.509 certificate: UEFI:db
[    1.678937] integrity: Loaded X.509 cert 'Microsoft Corporation UEFI CA 2011: 13adbf4309bd82709c8cd54f316ed522988a1bd4'
[    1.682108] integrity: Loading X.509 certificate: UEFI:db
[    1.683803] integrity: Loaded X.509 cert 'Microsoft Windows Production PCA 2011: a92902398e16c49778cd90f99e4f9ae17c55af53'
[    1.686757] integrity: Loading X.509 certificate: UEFI:db
[    1.688192] integrity: Loaded X.509 cert 'Microsoft Corporation: Windows UEFI CA 2023: aefc5fbbbe055d8f8daa585473499417ab5a5272'
[    1.691335] integrity: Loading X.509 certificate: UEFI:db
[    1.692876] integrity: Loaded X.509 cert 'Microsoft UEFI CA 2023: 81aa6b3244c935bce0d6628af39827421e32497d'
[    1.696079] integrity: Revoking X.509 certificate: UEFI:dbx
[    1.697837] blacklist: Revoked X.509 cert 'Canonical Ltd. Secure Boot Signing: 61482aa2830d0ab2ad5af10b7250da9033ddcef0'
[    1.700957] integrity: Revoking X.509 certificate: UEFI:dbx
[    1.702657] blacklist: Revoked X.509 cert 'Cisco: Virtual UEFI SubCA: 13df2e3f54ebf347dcaecebf21d3cbb2355a4c9a'
[    1.705485] integrity: Revoking X.509 certificate: UEFI:dbx
[    1.707019] blacklist: Revoked X.509 cert 'Debian Secure Boot Signer: 00a7468def'
[    1.709400] Loading compiled-in module X.509 certificates
[    1.711593] Loaded X.509 cert 'Build time autogenerated kernel key: e45cb4cd1c398ae218369364b5dd9534d3664c1e'
[    1.714462] ima: Allocated hash algorithm: sha256
[    1.742675] ima: No architecture policies found
[    1.744039] evm: Initialising EVM extended attributes:
[    1.745545] evm: security.selinux
[    1.746589] evm: security.SMACK64
[    1.747516] evm: security.SMACK64EXEC
[    1.748610] evm: security.SMACK64TRANSMUTE
[    1.749760] evm: security.SMACK64MMAP
[    1.750874] evm: security.apparmor
[    1.752076] evm: security.ima
[    1.753056] evm: security.capability
[    1.754206] evm: HMAC attrs: 0x1
[    1.755675] PM:   Magic number: 10:403:109
[    1.759466] RAS: Correctable Errors collector initialized.
[    1.774732] clk: Disabling unused clocks
[    1.776358] PM: genpd: Disabling unused power domains
[    1.777273] input: AT Translated Set 2 keyboard as /devices/platform/i8042/serio0/input/input2
[    1.782693] check access for rdinit=/init failed: -2, ignoring
[    1.783606] md: Waiting for all devices to be available before autodetect
[    1.784622] md: If you don't use raid, use raid=noautodetect
[    1.785489] md: Autodetecting RAID arrays.
[    1.786149] md: autorun ...
[    1.786594] md: ... autorun DONE.
[    1.803899] EXT4-fs (sda1): mounted filesystem 89fcf612-67c3-434b-97ea-2cfdbfe01b5b ro with ordered data mode. Quota mode: none.
[    1.805831] VFS: Mounted root (ext4 filesystem) readonly on device 8:1.
[    1.808540] devtmpfs: mounted
[    1.811246] Freeing unused decrypted memory: 2028K
[    1.813751] Freeing unused kernel image (initmem) memory: 5404K
[    1.814864] Write protecting the kernel read-only data: 38912k
[    1.816539] Freeing unused kernel image (text/rodata gap) memory: 320K
[    1.818206] Freeing unused kernel image (rodata/data gap) memory: 776K
[    1.880134] x86/mm: Checked W+X mappings: passed, no W+X pages found.
[    1.881216] x86/mm: Checking user space page tables
[    1.938945] x86/mm: Checked W+X mappings: passed, no W+X pages found.
[    1.940019] Run /sbin/init as init process
[    2.116166] systemd[1]: Inserted module 'autofs4'
[    2.253084] systemd[1]: systemd 255.4-1ubuntu8.15 running in system mode (+PAM +AUDIT +SELINUX +APPARMOR +IMA +SMACK +SECCOMP +GCRYPT -GNUTLS +OPENSSL +ACL +BLKID +CURL +ELFUTILS +FIDO2 +IDN2 -IDN +IPTC +KMOD +LIBCRYPTSETUP +LIBFDISK +PCRE2 -PWQUALITY +P11KIT +QRENCODE +TPM2 +BZIP2 +LZ4 +XZ +ZLIB +ZSTD -BPF_FRAMEWORK -XKBCOMMON +UTMP +SYSVINIT default-hierarchy=unified)
[    2.257830] systemd[1]: Detected virtualization google.
[    2.258631] systemd[1]: Detected architecture x86-64.

Welcome to [1mUbuntu 24.04.4 LTS[0m!

[    2.265105] systemd[1]: No hostname configured, using default hostname.
[    2.266265] systemd[1]: Hostname set to <localhost>.
[    2.651170] systemd[1]: Queued start job for default target graphical.target.
[    2.675322] systemd[1]: Created slice system-modprobe.slice - Slice /system/modprobe.
[[0;32m  OK  [0m] Created slice [0;1;39msystem-modprobe.slice[0m - Slice /system/modprobe.
[    2.679734] systemd[1]: Created slice system-serial\x2dgetty.slice - Slice /system/serial-getty.
[[0;32m  OK  [0m] Created slice [0;1;39msystem-serial\x2dget…slice[0m - Slice /system/serial-getty.
[    2.684667] systemd[1]: Created slice system-systemd\x2dfsck.slice - Slice /system/systemd-fsck.
[[0;32m  OK  [0m] Created slice [0;1;39msystem-systemd\x2dfs…slice[0m - Slice /system/systemd-fsck.
[    2.689578] systemd[1]: Created slice user.slice - User and Session Slice.
[[0;32m  OK  [0m] Created slice [0;1;39muser.slice[0m - User and Session Slice.
[    2.693147] systemd[1]: Started systemd-ask-password-wall.path - Forward Password Requests to Wall Directory Watch.
[[0;32m  OK  [0m] Started [0;1;39msystemd-ask-password-wall.…[0md Requests to Wall Directory Watch.
[    2.698391] systemd[1]: Set up automount proc-sys-fs-binfmt_misc.automount - Arbitrary Executable File Formats File System Automount Point.
[[0;32m  OK  [0m] Set up automount [0;1;39mproc-sys-fs-binfm…[0mormats File System Automount Point.
[    2.703082] systemd[1]: Expecting device dev-disk-by\x2dlabel-BOOT.device - /dev/disk/by-label/BOOT...
         Expecting device [0;1;39mdev-disk-by\x2dla…device[0m - /dev/disk/by-label/BOOT...
[    2.706355] systemd[1]: Expecting device dev-disk-by\x2dlabel-UEFI.device - /dev/disk/by-label/UEFI...
         Expecting device [0;1;39mdev-disk-by\x2dla…device[0m - /dev/disk/by-label/UEFI...
[    2.711082] systemd[1]: Expecting device dev-ttyS0.device - /dev/ttyS0...
         Expecting device [0;1;39mdev-ttyS0.device[0m - /dev/ttyS0...
[    2.715107] systemd[1]: Reached target integritysetup.target - Local Integrity Protected Volumes.
[[0;32m  OK  [0m] Reached target [0;1;39mintegritysetup.targ…[0m Local Integrity Protected Volumes.
[    2.720106] systemd[1]: Reached target slices.target - Slice Units.
[[0;32m  OK  [0m] Reached target [0;1;39mslices.target[0m - Slice Units.
[    2.724084] systemd[1]: Reached target snapd.mounts-pre.target - Mounting snaps.
[[0;32m  OK  [0m] Reached target [0;1;39msnapd.mounts-pre.target[0m - Mounting snaps.
[    2.728091] systemd[1]: Reached target swap.target - Swaps.
[[0;32m  OK  [0m] Reached target [0;1;39mswap.target[0m - Swaps.
[    2.732081] systemd[1]: Reached target time-set.target - System Time Set.
[[0;32m  OK  [0m] Reached target [0;1;39mtime-set.target[0m - System Time Set.
[    2.736141] systemd[1]: Reached target veritysetup.target - Local Verity Protected Volumes.
[[0;32m  OK  [0m] Reached target [0;1;39mveritysetup.target[0m - Local Verity Protected Volumes.
[    2.740188] systemd[1]: Listening on dm-event.socket - Device-mapper event daemon FIFOs.
[[0;32m  OK  [0m] Listening on [0;1;39mdm-event.socket[0m - Device-mapper event daemon FIFOs.
[    2.744233] systemd[1]: Listening on lvm2-lvmpolld.socket - LVM2 poll daemon socket.
[[0;32m  OK  [0m] Listening on [0;1;39mlvm2-lvmpolld.socket[0m - LVM2 poll daemon socket.
[    2.748234] systemd[1]: Listening on multipathd.socket - multipathd control socket.
[[0;32m  OK  [0m] Listening on [0;1;39mmultipathd.socket[0m - multipathd control socket.
[    2.752241] systemd[1]: Listening on syslog.socket - Syslog Socket.
[[0;32m  OK  [0m] Listening on [0;1;39msyslog.socket[0m - Syslog Socket.
[    2.756228] systemd[1]: Listening on systemd-fsckd.socket - fsck to fsckd communication Socket.
[[0;32m  OK  [0m] Listening on [0;1;39msystemd-fsckd.socket[0m …fsck to fsckd communication Socket.
[    2.761166] systemd[1]: Listening on systemd-initctl.socket - initctl Compatibility Named Pipe.
[[0;32m  OK  [0m] Listening on [0;1;39msystemd-initctl.socke…[0m- initctl Compatibility Named Pipe.
[    2.766239] systemd[1]: Listening on systemd-journald-dev-log.socket - Journal Socket (/dev/log).
[[0;32m  OK  [0m] Listening on [0;1;39msystemd-journald-dev-…socket[0m - Journal Socket (/dev/log).
[    2.771252] systemd[1]: Listening on systemd-journald.socket - Journal Socket.
[[0;32m  OK  [0m] Listening on [0;1;39msystemd-journald.socket[0m - Journal Socket.
[    2.775306] systemd[1]: Listening on systemd-networkd.socket - Network Service Netlink Socket.
[[0;32m  OK  [0m] Listening on [0;1;39msystemd-networkd.socket[0m - Network Service Netlink Socket.
[    2.780107] systemd[1]: systemd-pcrextend.socket - TPM2 PCR Extension (Varlink) was skipped because of an unmet condition check (ConditionSecurity=measured-uki).
[    2.782386] systemd[1]: Listening on systemd-udevd-control.socket - udev Control Socket.
[[0;32m  OK  [0m] Listening on [0;1;39msystemd-udevd-control.socket[0m - udev Control Socket.
[    2.787190] systemd[1]: Listening on systemd-udevd-kernel.socket - udev Kernel Socket.
[[0;32m  OK  [0m] Listening on [0;1;39msystemd-udevd-kernel.socket[0m - udev Kernel Socket.
[    2.809260] systemd[1]: Mounting dev-hugepages.mount - Huge Pages File System...
         Mounting [0;1;39mdev-hugepages.mount[0m - Huge Pages File System...
[    2.815255] systemd[1]: Mounting dev-mqueue.mount - POSIX Message Queue File System...
         Mounting [0;1;39mdev-mqueue.mount[0m - POSIX Message Queue File System...
[    2.820104] systemd[1]: Mounting sys-kernel-debug.mount - Kernel Debug File System...
         Mounting [0;1;39msys-kernel-debug.mount[0m - Kernel Debug File System...
[    2.825241] systemd[1]: Mounting sys-kernel-tracing.mount - Kernel Trace File System...
         Mounting [0;1;39msys-kernel-tracing.mount[0m - Kernel Trace File System...
[    2.833671] systemd[1]: Starting systemd-journald.service - Journal Service...
         Starting [0;1;39msystemd-journald.service[0m - Journal Service...
[    2.839246] systemd[1]: Starting keyboard-setup.service - Set the console keyboard layout...
         Starting [0;1;39mkeyboard-setup.service[0m - Set the console keyboard layout...
[    2.844395] systemd[1]: Starting kmod-static-nodes.service - Create List of Static Device Nodes...
         Starting [0;1;39mkmod-static-nodes.service[0m…eate List of Static Device Nodes...
[    2.850346] systemd[1]: Starting lvm2-monitor.service - Monitoring of LVM2 mirrors, snapshots etc. using dmeventd or progress polling...
         Starting [0;1;39mlvm2-monitor.service[0m - Mo…ing dmeventd or progress polling...
[    2.855254] systemd-journald[285]: Collecting audit messages is disabled.
[    2.856276] systemd[1]: Starting modprobe@configfs.service - Load Kernel Module configfs...
         Starting [0;1;39mmodprobe@configfs.service[0m - Load Kernel Module configfs...
[    2.860813] systemd[1]: Starting modprobe@dm_mod.service - Load Kernel Module dm_mod...
         Starting [0;1;39mmodprobe@dm_mod.service[0m - Load Kernel Module dm_mod...
[    2.866230] systemd[1]: Starting modprobe@drm.service - Load Kernel Module drm...
         Starting [0;1;39mmodprobe@drm.service[0m - Load Kernel Module drm...
[    2.870290] systemd[1]: Starting modprobe@efi_pstore.service - Load Kernel Module efi_pstore...
         Starting [0;1;39mmodprobe@efi_pstore.servi…[0m - Load Kernel Module efi_pstore...
[    2.874449] systemd[1]: Starting modprobe@fuse.service - Load Kernel Module fuse...
         Starting [0;1;39mmodprobe@fuse.service[0m - Load Kernel Module fuse...
[    2.879379] pstore: Using crash dump compression: deflate
[    2.880346] systemd[1]: Starting modprobe@loop.service - Load Kernel Module loop...
         Starting [0;1;39mmodprobe@loop.service[0m - Load Kernel Module loop...
[    2.886409] systemd[1]: Starting modprobe@nvme_fabrics.service - Load Kernel Module nvme_fabrics...
         Starting [0;1;39mmodprobe@nvme_fabrics.ser…[0m Load[    2.888662] pstore: Registered efi_pstore as persistent store backend
 Kernel Module nvme_fabrics...
[    2.890952] systemd[1]: netplan-ovs-cleanup.service - OpenVSwitch configuration for cleanup was skipped because of an unmet condition check (ConditionFileIsExecutable=/usr/bin/ovs-vsctl).
[    2.894737] systemd[1]: Starting systemd-fsck-root.service - File System Check on Root Device...
         Starting [0;1;39msystemd-fsck-root.service[0m…File System Check on Root Device...
[    2.901915] systemd[1]: Starting systemd-modules-load.service - Load Kernel Modules...
         Starting [0;1;39msystemd-modules-load.service[0m - Load Kernel Modules...
[    2.906098] systemd[1]: systemd-pcrmachine.service - TPM2 PCR Machine ID Measurement was skipped because of an unmet condition check (ConditionSecurity=measured-uki).
[    2.908321] systemd[1]: systemd-tpm2-setup-early.service - TPM2 SRK Setup (Early) was skipped because of an unmet condition check (ConditionSecurity=measured-uki).
[    2.911807] systemd[1]: Starting systemd-udev-trigger.service - Coldplug All udev Devices...
         Starting [0;1;39msystemd-udev-trigger.service[0m - Coldplug All udev Devices...
[    2.914941] systemd[1]: Started systemd-journald.service - Journal Service.
[[0;32m  OK  [0m] Started [0;1;39msystemd-journald.service[0m - Journal Service.
[[0;32m  OK  [0m] Mounted [0;1;39mdev-hugepages.mount[0m - Huge Pages File System.
[[0;32m  OK  [0m] Mounted [0;1;39mdev-mqueue.mount[0m - POSIX Message Queue File System.
[[0;32m  OK  [0m] Mounted [0;1;39msys-kernel-debug.mount[0m - Kernel Debug File System.
[[0;32m  OK  [0m] Mounted [0;1;39msys-kernel-tracing.mount[0m - Kernel Trace File System.
[[0;32m  OK  [0m] Finished [0;1;39mkeyboard-setup.service[0m - Set the console keyboard layout.
[[0;32m  OK  [0m] Finished [0;1;39mkmod-static-nodes.service[0m…Create List of Static Device Nodes.
[[0;32m  OK  [0m] Finished [0;1;39mmodprobe@configfs.service[0m - Load Kernel Module configfs.
[[0;32m  OK  [0m] Finished [0;1;39mmodprobe@dm_mod.service[0m - Load Kernel Module dm_mod.
[[0;32m  OK  [0m] Finished [0;1;39mmodprobe@drm.service[0m - Load Kernel Module drm.
[[0;32m  OK  [0m] Finished [0;1;39mmodprobe@efi_pstore.service[0m - Load Kernel Module efi_pstore.
[[0;32m  OK  [0m] Finished [0;1;39mmodprobe@fuse.service[0m - Load Kernel Module fuse.
[[0;32m  OK  [0m] Finished [0;1;39mmodprobe@loop.service[0m - Load Kernel Module loop.
[[0;32m  OK  [0m] Finished [0;1;39mmodprobe@nvme_fabrics.ser…[0m - Load Kernel Module nvme_fabrics.
[[0;32m  OK  [0m] Finished [0;1;39msystemd-modules-load.service[0m - Load Kernel Modules.
         Mounting [0;1;39msys-fs-fuse-connections.mount[0m - FUSE Control File System...
         Mounting [0;1;39msys-kernel-config.mount[0m - Kernel Configuration File System...
[[0;32m  OK  [0m] Started [0;1;39msystemd-fsckd.service[0m - Fi…stem Check Daemon to report status.
         Starting [0;1;39msystemd-sysctl.service[0m - Apply Kernel Variables...
         Starting [0;1;39msystemd-tmpfiles-setup-de…[0m Device Nodes in /dev gracefully...
[[0;32m  OK  [0m] Finished [0;1;39mlvm2-monitor.service[0m - Mo…using dmeventd or progress polling.
[[0;32m  OK  [0m] Finished [0;1;39msystemd-fsck-root.service[0m - File System Check on Root Device.
[[0;32m  OK  [0m] Mounted [0;1;39msys-fs-fuse-connections.mount[0m - FUSE Control File System.
[[0;32m  OK  [0m] Mounted [0;1;39msys-kernel-config.mount[0m - Kernel Configuration File System.
         Starting [0;1;39msystemd-remount-fs.servic…[0munt Root and Kernel File Systems...
[[0;32m  OK  [0m] Finished [0;1;39msystemd-sysctl.service[0m - Apply Kernel Variables.
[[0;32m  OK  [0m] Finished [0;1;39msystemd-tmpfiles-setup-de…[0mic Device Nodes in /dev gracefully.
[[0;32m  OK  [0m] Finished [0;1;39msystemd-remount-fs.servic…[0mmount Root and Kernel File Systems.
         Starting [0;1;39mmultipathd.service[0m - Devi…pper Multipath Device Controller...
         Starting [0;1;39msystemd-journal-flush.ser…[0msh Journal to Persistent Storage...
         Starting [0;1;39msystemd-random-seed.service[0m - Load/Save OS Random Seed...
         Starting [0;1;39msystemd-tmpfiles-setup-de…[0meate Static Device Nodes in /dev...
[[0;32m  OK  [0m] Finished [0;1;39msystemd-random-seed.service[0m - Load/Save OS Random Seed.
[[0;32m  OK  [0m] Finished [0;1;39msystemd-tmpfiles-setup-de…[0mCreate Static Device Nodes in /dev.
         Starting [0;1;39msystemd-udevd.service[0m - R…ager for Device Events and Files...
[[0;32m  OK  [0m] Finished [0;1;39msystemd-udev-trigger.service[0m - Coldplug All udev Devices.
[[0;32m  OK  [0m] Started [0;1;39mmultipathd.service[0m - Devic…Mapper Multipath Device Controller.
[[0;32m  OK  [0m] Started [0;1;39msystemd-udevd.service[0m - Ru…anager for Device Events and Files.
[[0;32m  OK  [0m] Reached target [0;1;39mlocal-fs-pre.target[0m…Preparation for Local File Systems.
         Mounting [0;1;39msnap-core22-2411.mount[0m - …t unit for core22, revision 2411...
         Mounting [0;1;39msnap-google\x2dcloud\x2dc…[0mr google-cloud-cli, revision 448...
         Mounting [0;1;39msnap-snapd-26865.mount[0m - …t unit for snapd, revision 26865...
[[0;32m  OK  [0m] Started [0;1;39msystemd-ask-password-conso…[0mequests to Console Directory Watch.
[[0;32m  OK  [0m] Reached target [0;1;39mcryptsetup.target[0m - Local Encrypted Volumes.
[[0;32m  OK  [0m] Finished [0;1;39msystemd-journal-flush.ser…[0mlush Journal to Persistent Storage.
[[0;32m  OK  [0m] Mounted [0;1;39msnap-core22-2411.mount[0m - Mount unit for core22, revision 2411.
[[0;32m  OK  [0m] Mounted [0;1;39msnap-google\x2dcloud\x2dcl…[0mfor google-cloud-cli, revision 448.
[[0;32m  OK  [0m] Mounted [0;1;39msnap-snapd-26865.mount[0m - Mount unit for snapd, revision 26865.
[[0;32m  OK  [0m] Found device [0;1;39mdev-ttyS0.device[0m - /dev/ttyS0.
[[0;32m  OK  [0m] Found device [0;1;39mdev-disk-by\x2dlabel-UEFI.device[0m - PersistentDisk UEFI.
[[0;32m  OK  [0m] Found device [0;1;39mdev-disk-by\x2dlabel-BOOT.device[0m - PersistentDisk BOOT.
[[0;32m  OK  [0m] Reached target [0;1;39msnapd.mounts.target[0m - Mounted snaps.
[[0;32m  OK  [0m] Listening on [0;1;39msystemd-rfkill.socket[0m…ll Switch Status /dev/rfkill Watch.
[    3.580986] 
         Starting [0;1;39msystemd-fsck@dev-disk-by\…[0mCheck on /dev/disk/by-label/BOOT...
         Starting [0;1;39msystemd-fsck@dev-disk-by\…[0mCheck on /dev/disk/by-label/UEFI...
Checking in progress on 1 disk (0.0% complete)[[0;32m  OK  [0m] Finished [0;1;39msystemd-fsck@dev-disk-by\…[0mm Check on /dev/disk/by-label/BOOT.
Checking in progress on 0 disks (100.0% complete)[[0;32m  OK  [0m] Finished [0;1;39msystemd-fsck@dev-disk-by\…[0mm Check on /dev/disk/by-label/UEFI.
         Mounting [0;1;39mboot.mount[0m - /boot...
[[0;32m  OK  [0m] Mounted [0;1;39mboot.mount[0m - /boot.
         Mounting [0;1;39mboot-efi.mount[0m - /boot/efi...
[[0;32m  OK  [0m] Mounted [0;1;39mboot-efi.mount[0m - /boot/efi.
[[0;32m  OK  [0m] Reached target [0;1;39mlocal-fs.target[0m - Local File Systems.
[[0;32m  OK  [0m] Listening on [0;1;39msystemd-sysext.socket[0m…tension Image Management (Varlink).
         Starting [0;1;39mapparmor.service[0m - Load AppArmor profiles...
         Starting [0;1;39mconsole-setup.service[0m - Set console font and keymap...
         Starting [0;1;39mfinalrd.service[0m - Create …time dir for shutdown pivot root...
         Starting [0;1;39mplymouth-read-write.servi…[0mymouth To Write Out Runtime Data...
         Starting [0;1;39msystemd-binfmt.service[0m - Set Up Additional Binary Formats...
         Starting [0;1;39msystemd-tmpfiles-setup.se…[0me Volatile Files and Directories...
         Starting [0;1;39mufw.service[0m - Uncomplicated firewall...
[[0;32m  OK  [0m] Finished [0;1;39mconsole-setup.service[0m - Set console font and keymap.
[[0;32m  OK  [0m] Finished [0;1;39mfinalrd.service[0m - Create …untime dir for shutdown pivot root.
[[0;32m  OK  [0m] Finished [0;1;39mufw.service[0m - Uncomplicated firewall.
[[0;32m  OK  [0m] Finished [0;1;39mplymouth-read-write.servi…[0mPlymouth To Write Out Runtime Data.
         Mounting [0;1;39mproc-sys-fs-binfmt_misc.m…[0mcutable File Formats File System...
[[0;32m  OK  [0m] Mounted [0;1;39mproc-sys-fs-binfmt_misc.mo…[0mxecutable File Formats File System.
[[0;32m  OK  [0m] Finished [0;1;39msystemd-binfmt.service[0m - Set Up Additional Binary Formats.
[[0;32m  OK  [0m] Finished [0;1;39msystemd-tmpfiles-setup.se…[0mate Volatile Files and Directories.
         Starting [0;1;39msystemd-resolved.service[0m - Network Name Resolution...
         Starting [0;1;39msystemd-update-utmp.servi…[0mord System Boot/Shutdown in UTMP...
[[0;32m  OK  [0m] Finished [0;1;39mapparmor.service[0m - Load AppArmor profiles.
         Starting [0;1;39mmodprobe@dm_mod.service[0m - Load Kernel Module dm_mod...
         Starting [0;1;39mmodprobe@efi_pstore.servi…[0m - Load Kernel Module efi_pstore...
         Starting [0;1;39mmodprobe@loop.service[0m - Load Kernel Module loop...
         Starting [0;1;39msnapd.apparmor.service[0m - …iles managed internally by snapd...
         Starting [0;1;39mcloud-init-local.service[0m …-init: Local Stage (pre-network)...
[[0;32m  OK  [0m] Finished [0;1;39mmodprobe@dm_mod.service[0m - Load Kernel Module dm_mod.
[[0;32m  OK  [0m] Finished [0;1;39mmodprobe@efi_pstore.service[0m - Load Kernel Module efi_pstore.
[[0;32m  OK  [0m] Finished [0;1;39mmodprobe@loop.service[0m - Load Kernel Module loop.
[[0;32m  OK  [0m] Finished [0;1;39msystemd-update-utmp.servi…[0mecord System Boot/Shutdown in UTMP.
[[0;32m  OK  [0m] Started [0;1;39msystemd-resolved.service[0m - Network Name Resolution.
[[0;32m  OK  [0m] Reached target [0;1;39mnss-lookup.target[0m - Host and Network Name Lookups.
[[0;32m  OK  [0m] Finished [0;1;39msnapd.apparmor.service[0m - …ofiles managed internally by snapd.
[    5.780331] cloud-init[726]: Cloud-init v. 25.3-0ubuntu1~24.04.1 running 'init-local' at Wed, 27 May 2026 03:07:32 +0000. Up 5.75 seconds.
         Starting [0;1;39mmodprobe@dm_mod.service[0m - Load Kernel Module dm_mod...
         Starting [0;1;39mmodprobe@efi_pstore.servi…[0m - Load Kernel Module efi_pstore...
         Starting [0;1;39mmodprobe@loop.service[0m - Load Kernel Module loop...
[[0;32m  OK  [0m] Finished [0;1;39mmodprobe@dm_mod.service[0m - Load Kernel Module dm_mod.
[[0;32m  OK  [0m] Finished [0;1;39mmodprobe@efi_pstore.service[0m - Load Kernel Module efi_pstore.
[[0;32m  OK  [0m] Finished [0;1;39mmodprobe@loop.service[0m - Load Kernel Module loop.
         Starting [0;1;39mmodprobe@dm_mod.service[0m - Load Kernel Module dm_mod...
         Starting [0;1;39mmodprobe@efi_pstore.servi…[0m - Load Kernel Module efi_pstore...
         Starting [0;1;39mmodprobe@loop.service[0m - Load Kernel Module loop...
[[0;32m  OK  [0m] Finished [0;1;39mmodprobe@dm_mod.service[0m - Load Kernel Module dm_mod.
[[0;32m  OK  [0m] Finished [0;1;39mmodprobe@efi_pstore.service[0m - Load Kernel Module efi_pstore.
[[0;32m  OK  [0m] Finished [0;1;39mmodprobe@loop.service[0m - Load Kernel Module loop.
[[0;32m  OK  [0m] Finished [0;1;39mcloud-init-local.service[0m …ud-init: Local Stage (pre-network).
[[0;32m  OK  [0m] Reached target [0;1;39mnetwork-pre.target[0m - Preparation for Network.
         Starting [0;1;39msystemd-networkd.service[0m - Network Configuration...
[[0;32m  OK  [0m] Started [0;1;39msystemd-networkd.service[0m - Network Configuration.
[[0;32m  OK  [0m] Reached target [0;1;39mnetwork.target[0m - Network.
         Starting [0;1;39msystemd-networkd-wait-onl…[0mait for Network to be Configured...
[[0;32m  OK  [0m] Finished [0;1;39msystemd-networkd-wait-onl…[0m Wait for Network to be Configured.
         Starting [0;1;39mcloud-init.service[0m - Cloud-init: Network Stage...
[    9.475256] cloud-init[820]: Cloud-init v. 25.3-0ubuntu1~24.04.1 running 'init' at Wed, 27 May 2026 03:07:36 +0000. Up 9.45 seconds.
[    9.489179] cloud-init[820]: ci-info: +++++++++++++++++++++++++++++++++++++++Net device info+++++++++++++++++++++++++++++++++++++++
[    9.503177] cloud-init[820]: ci-info: +--------+------+----------------------------+-----------------+--------+-------------------+
[    9.517195] cloud-init[820]: ci-info: | Device |  Up  |          Address           |       Mask      | Scope  |     Hw-Address    |
[    9.531175] cloud-init[820]: ci-info: +--------+------+----------------------------+-----------------+--------+-------------------+
[    9.545118] cloud-init[820]: ci-info: |  ens5  | True |       10.128.15.220        | 255.255.255.255 | global | 42:01:0a:80:0f:dc |
[    9.559207] cloud-init[820]: ci-info: |  ens5  | True | fe80::4001:aff:fe80:fdc/64 |        .        |  link  | 42:01:0a:80:0f:dc |
[    9.573132] cloud-init[820]: ci-info: |   lo   | True |         127.0.0.1          |    255.0.0.0    |  host  |         .         |
[    9.587126] cloud-init[820]: ci-info: |   lo   | True |          ::1/128           |        .        |  host  |         .         |
[    9.601137] cloud-init[820]: ci-info: +--------+------+----------------------------+-----------------+--------+-------------------+
[    9.614121] cloud-init[820]: ci-info: +++++++++++++++++++++++++++++++Route IPv4 info++++++++++++++++++++++++++++++++
[    9.627170] cloud-init[820]: ci-info: +-------+-----------------+------------+-----------------+-----------+-------+
[    9.640160] cloud-init[820]: ci-info: | Route |   Destination   |  Gateway   |     Genmask     | Interface | Flags |
[    9.652159] cloud-init[820]: ci-info: +-------+-----------------+------------+-----------------+-----------+-------+
[    9.664158] cloud-init[820]: ci-info: |   0   |     0.0.0.0     | 10.128.0.1 |     0.0.0.0     |    ens5   |   UG  |
[    9.676186] cloud-init[820]: ci-info: |   1   |    10.128.0.1   |  0.0.0.0   | 255.255.255.255 |    ens5   |   UH  |
[    9.688141] cloud-init[820]: ci-info: |   2   | 169.254.169.254 | 10.128.0.1 | 255.255.255.255 |    ens5   |  UGH  |
[    9.701136] cloud-init[820]: ci-info: +-------+-----------------+------------+-----------------+-----------+-------+
[    9.713133] cloud-init[820]: ci-info: +++++++++++++++++++Route IPv6 info+++++++++++++++++++
[    9.722140] cloud-init[820]: ci-info: +-------+-------------+---------+-----------+-------+
[    9.731142] cloud-init[820]: ci-info: | Route | Destination | Gateway | Interface | Flags |
[    9.740119] cloud-init[820]: ci-info: +-------+-------------+---------+-----------+-------+
[    9.749117] cloud-init[820]: ci-info: |   0   |  fe80::/64  |    ::   |    ens5   |   U   |
[    9.758175] cloud-init[820]: ci-info: |   2   |    local    |    ::   |    ens5   |   U   |
[    9.767229] cloud-init[820]: ci-info: |   3   |  multicast  |    ::   |    ens5   |   U   |
[    9.776148] cloud-init[820]: ci-info: +-------+-------------+---------+-----------+-------+
[   16.032518] cloud-init[820]: Generating public/private rsa key pair.
[   16.040178] cloud-init[820]: Your identification has been saved in /etc/ssh/ssh_host_rsa_key
[   16.050226] cloud-init[820]: Your public key has been saved in /etc/ssh/ssh_host_rsa_key.pub
[   16.060152] cloud-init[820]: The key fingerprint is:
[   16.066160] cloud-init[820]: SHA256:zicoAxdsngh2czzzJBqLuzq/nrEV4QtBRZ5dYZu2az4 root@loadgen-gx8t
[   16.077302] cloud-init[820]: The key's randomart image is:
[[0;32m  OK  [0m] Finished [0;1;39mcloud-init.service[0m - Cloud-init: Network Stage.
[   16.083198] cloud-init[820]: +---[RSA 3072]----+
[[0;32m  OK  [0m] Reached target [0;1;39mcloud-config.target[0m - Cloud-config availability.
[[0;32m  OK  [0m] Reached target [0;1;39mnetwork-online.target[0m - Network is Online.
[   16.098157] cloud-init[820]: |  .oo   +.       |
[[0;32m  OK  [0m] Reached target [0;1;39msysinit.target[0m - System Initialization.
[   16.117252] cloud-init[820]: | . o.o o o       |
[[0;32m  OK  [0m] Started [0;1;39mnvidia-cdi-refresh.path[0m - …r toolkit install / upgrade events.
[   16.138192] cloud-init[820]: |...+B*..+        |
[[0;32m  OK  [0m] Started [0;1;39mgce-workload-cert-refresh.…[0mWorkload Certificate refresh timer.
[   16.155324] cloud-init[820]: |..o**+*. .       |
[[0;32m  OK  [0m] Started [0;1;39mgoogle-oslogin-cache.timer[0m - NSS cache refresh timer.
[[0;32m  OK  [0m] Started [0;1;39msystemd-tmpfiles-clean.tim…[0my Cleanup of Temporary Directories.
[   16.182158] cloud-init[820]: | .+o*  .S        |
[[0;32m  OK  [0m] Started [0;1;39mupdate-notifier-download.t…[0mhat failed at package install time.
[   16.198131] cloud-init[820]: |  .+ o + .       |
[[0;32m  OK  [0m] Reached target [0;1;39mpaths.target[0m - Path Units.
[   16.214127] cloud-init[820]: | .. = . * .      |
[[0;32m  OK  [0m] Listening on [0;1;39mcloud-init-hotplugd.s…t[0m - cloud-init hotplug hook socket.
[   16.227155] cloud-init[820]: |. .= o oEo       |
[[0;32m  OK  [0m] Listening on [0;1;39mdbus.socket[0m - D-Bus System Message Bus Socket.
[   16.241412] cloud-init[820]: |o=*.    ..       |
         Starting [0;1;39mdocker.socket[0m - Docker Socket for the API...
[   16.256198] cloud-init[820]: +----[SHA256]-----+
[[0;32m  OK  [0m] Listening on [0;1;39miscsid.socket[0m - Open-iSCSI iscsid Socket.
[   16.269202] cloud-init[820]: Generating public/private ecdsa key pair.
         Starting [0;1;39mlxd-installer.socket[0m - He…er to install lxd snap on demand...
[   16.285158] cloud-init[820]: Your identification has been saved in /etc/ssh/ssh_host_ecdsa_key
         Starting [0;1;39msnapd.socket[0m - Socket activation for snappy daemon...
[   16.305145] cloud-init[820]: Your public key has been saved in /etc/ssh/ssh_host_ecdsa_key.pub
[[0;32m  OK  [0m] Listening on [0;1;39mssh.socket[0m - OpenBSD Secure Shell server socket.
[   16.322142] cloud-init[820]: The key fingerprint is:
[[0;32m  OK  [0m] Listening on [0;1;39muuidd.socket[0m - UUID daemon activation socket.
[   16.336117] cloud-init[820]: SHA256:ORNpBtKB2+EbhX6NkfNWcH5ZBi11UTmGb0XP/SB4pu0 root@loadgen-gx8t
[[0;32m  OK  [0m] Finished [0;1;39mblk-availability.service[0m - Availability of block devices.
[   16.354128] cloud-init[820]: The key's randomart image is:
[[0;32m  OK  [0m] Listening on [0;1;39mdocker.socket[0m - Docker Socket for the API.
[   16.370256] cloud-init[820]: +---[ECDSA 256]---+
[[0;32m  OK  [0m] Listening on [0;1;39mlxd-installer.socket[0m …lper to install lxd snap on demand.
[   16.383150] cloud-init[820]: |    .ooo .... o*@|
[[0;32m  OK  [0m] Listening on [0;1;39msnapd.socket[0m - Socket activation for snappy daemon.
[   16.399156] cloud-init[820]: |    ..+.=. +...O*|
[[0;32m  OK  [0m] Reached target [0;1;39msockets.target[0m - Socket Units.
[   16.414135] cloud-init[820]: |     = o=*..= *.*|
[[0;32m  OK  [0m] Reached target [0;1;39mbasic.target[0m - Basic System.
[   16.427180] cloud-init[820]: |    . =ooo+= o +.|
[   16.440251] cloud-init[820]: |       +S.. . . .|
[   16.440337] cloud-init[820]: |      .  o .     |
         Starting [0;1;39mchrony.service[0m - chrony, an NTP client/server...
[   16.453113] cloud-init[820]: |            E    |
         Starting [0;1;39mcloud-config.service[0m - Cloud-init: Config Stage...
[   16.466155] cloud-init[820]: |                 |
         Starting [0;1;39mdbus.service[0m - D-Bus System Message Bus...
[   16.479283] cloud-init[820]: |                 |
[[0;32m  OK  [0m] Started [0;1;39mdmesg.service[0m - Save initial kernel messages after boot.
[   16.492131] cloud-init[820]: +----[SHA256]-----+
         Starting [0;1;39me2scrub_reap.service[0m - Re…ne ext4 Metadata Check Snapshots...
[   16.506145] cloud-init[820]: Generating public/private ed25519 key pair.
         Starting [0;1;39mgce-workload-cert-refresh…[0mGCE Workload Certificate refresh...
[   16.522155] cloud-init[820]: Your identification has been saved in /etc/ssh/ssh_host_ed25519_key
[[0;32m  OK  [0m] Started [0;1;39mgoogle-osconfig-agent.service[0m - Google OSConfig Agent.
[   16.540197] cloud-init[820]: Your public key has been saved in /etc/ssh/ssh_host_ed25519_key.pub
         Starting [0;1;39mgoogle-oslogin-cache.service[0m - NSS cache refresh...
[   16.558145] cloud-init[820]: The key fingerprint is:
         Starting [0;1;39mgrub-common.service[0m - Record successful boot for GRUB...
[   16.571137] cloud-init[820]: SHA256:vs2Qdt96cDDJqhzQ/6aT2Rz/+SVCA8Z3o2ahQGhcjxk root@loadgen-gx8t
[   16.588191] cloud-init[820]: The key's randomart image is:
[   16.594147] cloud-init[820]: +--[ED25519 256]--+
         Starting [0;1;39mnetworkd-dispatcher.servi…[0mcher daemon for systemd-networkd...
[   16.600158] cloud-init[820]: |     . oE        |
         Starting [0;1;39mnvidia-persistenced.service[0m - NVIDIA Persistence Daemon...
[   16.615199] cloud-init[820]: |      +. *       |
         Starting [0;1;39mnvmf-autoconnect.service[0m …ystems automatically during boot...
[   16.629134] cloud-init[820]: |     . .+ =.o.o  |
[   16.643169] cloud-init[820]: |      . .o +=+ . |
         Starting [0;1;39mrsyslog.service[0m - System Logging Service...
[   16.643257] cloud-init[820]: |       .S...*o   |
         Starting [0;1;39msecureboot-db.service[0m - Secure Boot updates for DB and DBX...
[   16.656260] cloud-init[820]: |       ...o+o..  |
[[0;32m  OK  [0m] Reached target [0;1;39mgetty-pre.target[0m - Preparation for Logins.
[   16.670232] cloud-init[820]: |       .=o.*.=. .|
         Starting [0;1;39msnapd.seeded.service[0m - Wait until snapd is fully seeded...
[   16.692307] cloud-init[820]: |       .o*+.=oo.o|
         Starting [0;1;39msnapd.service[0m - Snap Daemon...
[   16.702392] cloud-init[820]: |        . ++oo.o+|
         Starting [0;1;39msysstat.service[0m - Resets System Activity Logs...
[   16.720185] cloud-init[820]: +----[SHA256]-----+
         Starting [0;1;39msystemd-logind.service[0m - User Login Management...
[[0;32m  OK  [0m] Started [0;1;39mubuntu-advantage.service[0m - Ubuntu Pro Background Auto Attach.
[[0;32m  OK  [0m] Started [0;1;39mdbus.service[0m - D-Bus System Message Bus.
[[0;32m  OK  [0m] Started [0;1;39mnetworkd-dispatcher.servic…[0matcher daemon for systemd-networkd.
[[0;32m  OK  [0m] Finished [0;1;39mgce-workload-cert-refresh…[0m- GCE Workload Certificate refresh.
[[0;32m  OK  [0m] Finished [0;1;39mgoogle-oslogin-cache.service[0m - NSS cache refresh.
[[0;32m  OK  [0m] Started [0;1;39msystemd-logind.service[0m - User Login Management.
[[0;32m  OK  [0m] Started [0;1;39mnvidia-persistenced.service[0m - NVIDIA Persistence Daemon.
[[0;32m  OK  [0m] Finished [0;1;39mnvmf-autoconnect.service[0m …bsystems automatically during boot.
[[0;32m  OK  [0m] Finished [0;1;39msysstat.service[0m - Resets System Activity Logs.
[[0;32m  OK  [0m] Finished [0;1;39mgrub-common.service[0m - Record successful boot for GRUB.
[[0;32m  OK  [0m] Reached target [0;1;39mremote-fs-pre.targe…[0mreparation for Remote File Systems.
[[0;32m  OK  [0m] Reached target [0;1;39mremote-fs.target[0m - Remote File Systems.
[   16.910691] cloud-init[1034]: Cloud-init v. 25.3-0ubuntu1~24.04.1 running 'modules:config' at Wed, 27 May 2026 03:07:43 +0000. Up 16.84 seconds.
         Starting [0;1;39mapport.service[0m - automatic crash report generation...
         Starting [0;1;39mcontainerd.service[0m - containerd container runtime...
[[0;32m  OK  [0m] Started [0;1;39mcron.service[0m - Regular background program processing daemon.
         Starting [0;1;39mgrub-initrd-fallback.service[0m - GRUB failed boot detection...
         Starting [0;1;39msystemd-hostnamed.service[0m - Hostname Service...
         Starting [0;1;39msystemd-user-sessions.service[0m - Permit User Sessions...
[[0;32m  OK  [0m] Started [0;1;39mchrony.service[0m - chrony, an NTP client/server.
[[0;32m  OK  [0m] Finished [0;1;39me2scrub_reap.service[0m - Re…line ext4 Metadata Check Snapshots.
[[0;32m  OK  [0m] Finished [0;1;39msecureboot-db.service[0m - Secure Boot updates for DB and DBX.
[[0;32m  OK  [0m] Finished [0;1;39msystemd-user-sessions.service[0m - Permit User Sessions.
[[0;32m  OK  [0m] Finished [0;1;39mgrub-initrd-fallback.service[0m - GRUB failed boot detection.
[[0;32m  OK  [0m] Started [0;1;39msystemd-hostnamed.service[0m - Hostname Service.
[[0;32m  OK  [0m] Started [0;1;39mrsyslog.service[0m - System Logging Service.
2026-05-27T03:07:44.239418+00:00 loadgen-gx8t systemd[1]: Mounted dev-hugepages.mount - Huge Pages File System.
2026-05-27T03:07:44.239600+00:00 loadgen-gx8t systemd[1]: Mounted dev-mqueue.mount - POSIX Message Queue File System.
2026-05-27T03:07:44.239629+00:00 loadgen-gx8t systemd[1]: Mounted sys-kernel-debug.mount - Kernel Debug File System.
2026-05-27T03:07:44.239635+00:00 loadgen-gx8t systemd[1]: Mounted sys-kernel-tracing.mount - Kernel Trace File System.
2026-05-27T03:07:44.239643+00:00 loadgen-gx8t systemd[1]: Finished keyboard-setup.service - Set the console keyboard layout.
2026-05-27T03:07:44.239648+00:00 loadgen-gx8t systemd[1]: Finished kmod-static-nodes.service - Create List of Static Device Nodes.
2026-05-27T03:07:44.239653+00:00 loadgen-gx8t systemd[1]: modprobe@configfs.service: Deactivated successfully.
2026-05-27T03:07:44.239657+00:00 loadgen-gx8t systemd[1]: Finished modprobe@configfs.service - Load Kernel Module configfs.
2026-05-27T03:07:44.239665+00:00 loadgen-gx8t systemd[1]: modprobe@dm_mod.service: Deactivated successfully.
2026-05-27T03:07:44.239669+00:00 loadgen-gx8t systemd[1]: Finished modprobe@dm_mod.service - Load Kernel Module dm_mod.
2026-05-27T03:07:44.239674+00:00 loadgen-gx8t systemd[1]: modprobe@drm.service: Deactivated successfully.
2026-05-27T03:07:44.239678+00:00 loadgen-gx8t systemd[1]: Finished modprobe@drm.service - Load Kernel Module drm.
2026-05-27T03:07:44.239683+00:00 loadgen-gx8t systemd[1]: modprobe@efi_pstore.service: Deactivated successfully.
2026-05-27T03:07:44.239680+00:00 loadgen-gx8t kernel: Linux version 6.17.0-1013-gcp (buildd@lcy02-amd64-034) (x86_64-linux-gnu-gcc-13 (Ubuntu 13.3.0-6ubuntu2~24.04.1) 13.3.0, GNU ld (GNU Binutils for Ubuntu) 2.42) #13~24.04.1-Ubuntu SMP Thu Apr 16 02:10:24 UTC 2026 (Ubuntu 6.17.0-1013.13~24.04.1-gcp 6.17.13)
2026-05-27T03:07:44.239692+00:00 loadgen-gx8t kernel: Command line: BOOT_IMAGE=/vmlinuz-6.17.0-1013-gcp root=PARTUUID=6624332c-1f00-4e51-a0bf-94661fe17234 ro console=ttyS0,115200 panic=-1
2026-05-27T03:07:44.239689+00:00 loadgen-gx8t systemd[1]: Finished modprobe@efi_pstore.service - Load Kernel Module efi_pstore.
2026-05-27T03:07:44.239693+00:00 loadgen-gx8t kernel: KERNEL supported cpus:
2026-05-27T03:07:44.239694+00:00 loadgen-gx8t kernel:   Intel GenuineIntel
2026-05-27T03:07:44.239695+00:00 loadgen-gx8t kernel:   AMD AuthenticAMD
2026-05-27T03:07:44.239695+00:00 loadgen-gx8t kernel:   Hygon HygonGenuine
2026-05-27T03:07:44.239696+00:00 loadgen-gx8t kernel:   Centaur CentaurHauls
2026-05-27T03:07:44.239696+00:00 loadgen-gx8t systemd[1]: modprobe@fuse.service: Deactivated successfully.
2026-05-27T03:07:44.239699+00:00 loadgen-gx8t kernel:   zhaoxin   Shanghai  
2026-05-27T03:07:44.239700+00:00 loadgen-gx8t kernel: x86/CPU: Model not found in latest microcode list
2026-05-27T03:07:44.239700+00:00 loadgen-gx8t kernel: BIOS-provided physical RAM map:
2026-05-27T03:07:44.239701+00:00 loadgen-gx8t kernel: BIOS-e820: [mem 0x0000000000000000-0x0000000000000fff] reserved
2026-05-27T03:07:44.239701+00:00 loadgen-gx8t kernel: BIOS-e820: [mem 0x0000000000001000-0x0000000000054fff] usable
2026-05-27T03:07:44.239702+00:00 loadgen-gx8t kernel: BIOS-e820: [mem 0x0000000000055000-0x000000000005ffff] reserved
2026-05-27T03:07:44.239701+00:00 loadgen-gx8t systemd[1]: Finished modprobe@fuse.service - Load Kernel Module fuse.
2026-05-27T03:07:44.239705+00:00 loadgen-gx8t kernel: BIOS-e820: [mem 0x0000000000060000-0x0000000000097fff] usable
2026-05-27T03:07:44.239706+00:00 loadgen-gx8t kernel: BIOS-e820: [mem 0x0000000000098000-0x000000000009ffff] reserved
2026-05-27T03:07:44.239707+00:00 loadgen-gx8t kernel: BIOS-e820: [mem 0x0000000000100000-0x00000000bd254fff] usable
2026-05-27T03:07:44.239707+00:00 loadgen-gx8t kernel: BIOS-e820: [mem 0x00000000bd255000-0x00000000bd25ffff] ACPI data
2026-05-27T03:07:44.239706+00:00 loadgen-gx8t systemd[1]: modprobe@loop.service: Deactivated successfully.
2026-05-27T03:07:44.239707+00:00 loadgen-gx8t kernel: BIOS-e820: [mem 0x00000000bd260000-0x00000000bf8ecfff] usable
2026-05-27T03:07:44.239711+00:00 loadgen-gx8t kernel: BIOS-e820: [mem 0x00000000bf8ed000-0x00000000bfb6cfff] reserved
2026-05-27T03:07:44.239711+00:00 loadgen-gx8t kernel: BIOS-e820: [mem 0x00000000bfb6d000-0x00000000bfb7efff] ACPI data
2026-05-27T03:07:44.239712+00:00 loadgen-gx8t systemd[1]: Finished modprobe@loop.service - Load Kernel Module loop.
2026-05-27T03:07:44.239714+00:00 loadgen-gx8t kernel: BIOS-e820: [mem 0x00000000bfb7f000-0x00000000bfbfefff] ACPI NVS
2026-05-27T03:07:44.239715+00:00 loadgen-gx8t kernel: BIOS-e820: [mem 0x00000000bfbff000-0x00000000bffdffff] usable
2026-05-27T03:07:44.239716+00:00 loadgen-gx8t kernel: BIOS-e820: [mem 0x00000000bffe0000-0x00000000bfffffff] reserved
2026-05-27T03:07:44.239716+00:00 loadgen-gx8t kernel: BIOS-e820: [mem 0x0000000100000000-0x000000103fffffff] usable
2026-05-27T03:07:44.239716+00:00 loadgen-gx8t kernel: NX (Execute Disable) protection: active
2026-05-27T03:07:44.239717+00:00 loadgen-gx8t kernel: APIC: Static calls initialized
2026-05-27T03:07:44.239717+00:00 loadgen-gx8t systemd[1]: modprobe@nvme_fabrics.service: Deactivated successfully.
2026-05-27T03:07:44.239720+00:00 loadgen-gx8t kernel: efi: EFI v2.7 by EDK II
2026-05-27T03:07:44.239721+00:00 loadgen-gx8t kernel: efi: TPMFinalLog=0xbfbf7000 ACPI=0xbfb7e000 ACPI 2.0=0xbfb7e014 SMBIOS=0xbf9ca000 MEMATTR=0xbd260018 MOKvar=0xbf9c8000 RNG=0xbfb72018 TPMEventLog=0xbd255018 
2026-05-27T03:07:44.239722+00:00 loadgen-gx8t kernel: random: crng init done
2026-05-27T03:07:44.239722+00:00 loadgen-gx8t kernel: SMBIOS 2.4 present.
2026-05-27T03:07:44.239723+00:00 loadgen-gx8t kernel: DMI: Google Google Compute Engine/Google Compute Engine, BIOS Google 04/21/2026
2026-05-27T03:07:44.239723+00:00 loadgen-gx8t kernel: DMI: Memory slots populated: 4/4
2026-05-27T03:07:44.239722+00:00 loadgen-gx8t systemd[1]: Finished modprobe@nvme_fabrics.service - Load Kernel Module nvme_fabrics.
2026-05-27T03:07:44.239726+00:00 loadgen-gx8t kernel: secureboot: Secure boot disabled
2026-05-27T03:07:44.239730+00:00 loadgen-gx8t kernel: Hypervisor detected: KVM
2026-05-27T03:07:44.239730+00:00 loadgen-gx8t kernel: last_pfn = 0xbffe0 max_arch_pfn = 0x400000000
2026-05-27T03:07:44.239731+00:00 loadgen-gx8t kernel: kvm-clock: Using msrs 4b564d01 and 4b564d00
2026-05-27T03:07:44.239731+00:00 loadgen-gx8t kernel: kvm-clock: using sched offset of 14728127477 cycles
2026-05-27T03:07:44.239731+00:00 loadgen-gx8t kernel: clocksource: kvm-clock: mask: 0xffffffffffffffff max_cycles: 0x1cd42e4dffb, max_idle_ns: 881590591483 ns
2026-05-27T03:07:44.239732+00:00 loadgen-gx8t kernel: tsc: Detected 2299.998 MHz processor
2026-05-27T03:07:44.239731+00:00 loadgen-gx8t systemd-modules-load[307]: Inserted module 'dm_multipath'
2026-05-27T03:07:44.239737+00:00 loadgen-gx8t systemd[1]: Finished systemd-modules-load.service - Load Kernel Modules.
2026-05-27T03:07:44.239739+00:00 loadgen-gx8t kernel: e820: update [mem 0x00000000-0x00000fff] usable ==> reserved
2026-05-27T03:07:44.239742+00:00 loadgen-gx8t kernel: e820: remove [mem 0x000a0000-0x000fffff] usable
2026-05-27T03:07:44.239742+00:00 loadgen-gx8t kernel: last_pfn = 0x1040000 max_arch_pfn = 0x400000000
2026-05-27T03:07:44.239743+00:00 loadgen-gx8t kernel: MTRR map: 3 entries (2 fixed + 1 variable; max 18), built from 8 variable MTRRs
2026-05-27T03:07:44.239743+00:00 loadgen-gx8t kernel: x86/PAT: Configuration [0-7]: WB  WC  UC- UC  WB  WP  UC- WT  
2026-05-27T03:07:44.239744+00:00 loadgen-gx8t kernel: last_pfn = 0xbffe0 max_arch_pfn = 0x400000000
2026-05-27T03:07:44.239743+00:00 loadgen-gx8t systemd-fsck[310]: cloudimg-rootfs: clean, 171994/6422528 files, 2139514/12844795 blocks
2026-05-27T03:07:44.239747+00:00 loadgen-gx8t kernel: Using GB pages for direct mapping
2026-05-27T03:07:44.239748+00:00 loadgen-gx8t kernel: secureboot: Secure boot disabled
2026-05-27T03:07:44.239748+00:00 loadgen-gx8t kernel: ACPI: Early table checksum verification disabled
2026-05-27T03:07:44.239749+00:00 loadgen-gx8t kernel: ACPI: RSDP 0x00000000BFB7E014 000024 (v02 Google)
2026-05-27T03:07:44.239749+00:00 loadgen-gx8t kernel: ACPI: XSDT 0x00000000BFB7D0E8 00005C (v01 Google GOOGFACP 00000001      01000013)
2026-05-27T03:07:44.239750+00:00 loadgen-gx8t kernel: ACPI: FACP 0x000000         Stopping [0;1;39mchrony.service[0m - chrony, an NTP client/server...
00BFB78000 0000F4 (v02 Google GOOGFACP 00000001 GOOG 00000001)
2026-05-27T03:07:44.239749+00:00 loadgen-gx8t systemd[1]: Mounting sys-fs-fuse-connections.mount - FUSE Control File System...
2026-05-27T03:07:44.239753+00:00 loadgen-gx8t kernel: ACPI: DSDT 0x00000000BFB79000 001A64 (v01 Google GOOGDSDT 00000001 GOOG 00000001)
2026-05-27T03:07:44.239754+00:00 loadgen-gx8t kernel: ACPI: FACS 0x00000000BFBF1000 000040
2026-05-27T03:07:44.239754+00:00 loadgen-gx8t kernel: ACPI: SSDT 0x00000000BFB7C000 000316 (v02 GOOGLE Tpm2Tabl 00001000 INTL 20250807)
2026-05-27T03:07:44.239755+00:00 loadgen-gx8t kernel: ACPI: TPM2 0x00000000BFB7B000 000034 (v04 GOOGLE          00000001 GOOG 00000001)
2026-05-27T03:07:44.239755+00:00 loadgen-gx8t kernel: ACPI: SRAT 0x00000000BFB77000 000228 (v03 Google GOOGSRAT 00000001 GOOG 00000001)
2026-05-27T03:07:44.239755+00:00 loadgen-gx8t kernel: ACPI: APIC 0x00000000BFB76000 000126 (v05 Google GOOGAPIC 00000001 GOOG 00000001)
2026-05-27T03:07:44.239756+00:00 loadgen-gx8t kernel: ACPI: SSDT 0x00000000BFB74000 0011D6 (v01 Google GOOGSSDT 00000001 GOOG 00000001)
2026-05-27T03:07:44.239755+00:00 loadgen-gx8t systemd[1]: Mounting sys-kernel-config.mount - Kernel Configuration File System...
2026-05-27T03:07:44.239759+00:00 loadgen-gx8t kernel: ACPI: WAET 0x00000000BFB73000 000028 (v01 Google GOOGWAET 00000001 GOOG 00000001)
2026-05-27T03:07:44.239760+00:00 loadgen-gx8t kernel: ACPI: Reserving FACP table memory at [mem 0xbfb78000-0xbfb780f3]
2026-05-27T03:07:44.239760+00:00 loadgen-gx8t kernel: ACPI: Reserving DSDT table memory at [mem 0xbfb79000-0xbfb7aa63]
2026-05-27T03:07:44.239761+00:00 loadgen-gx8t kernel: ACPI: Reserving FACS table memory at [mem 0xbfbf1000-0xbfbf103f]
2026-05-27T03:07:44.239761+00:00 loadgen-gx8t kernel: ACPI: Reserving SSDT table memory at [mem 0xbfb7c000-0xbfb7c315]
2026-05-27T03:07:44.239762+00:00 loadgen-gx8t kernel: ACPI: Reserving TPM2 table memory at [mem 0xbfb7b000-0xbfb7b033]
2026-05-27T03:07:44.239765+00:00 loadgen-gx8t kernel: ACPI: Reserving SRAT table memory at [mem 0xbfb77000-0xbfb77227]
2026-05-27T03:07:44.239765+00:00 loadgen-gx8t kernel: ACPI: Reserving APIC table memory at [mem 0xbfb76000-0xbfb76125]
2026-05-27T03:07:44.239766+00:00 loadgen-gx8t kernel: ACPI: Reserving SSDT table memory at [mem 0xbfb74000-0xbfb751d5]
2026-05-27T03:07:44.239766+00:00 loadgen-gx8t kernel: ACPI: Reserving WAET table memory at [mem 0xbfb73000-0xbfb73027]
2026-05-27T03:07:44.239767+00:00 loadgen-gx8t kernel: ACPI: SRAT: Node 0 PXM 0 [mem 0x00000000-0x0009ffff]
2026-05-27T03:07:44.239767+00:00 loadgen-gx8t kernel: ACPI: SRAT: Node 0 PXM 0 [mem 0x00100000-0xbfffffff]
2026-05-27T03:07:44.239768+00:00 loadgen-gx8t kernel: ACPI: SRAT: Node 0 PXM 0 [mem 0x100000000-0x103fffffff]
2026-05-27T03:07:44.239771+00:00 loadgen-gx8t kernel: NUMA: Node 0 [mem 0x00001000-0x0009ffff] + [mem 0x00100000-0xbfffffff] -> [mem 0x00001000-0xbfffffff]
2026-05-27T03:07:44.239771+00:00 loadgen-gx8t kernel: NUMA: Node 0 [mem 0x00001000-0xbfffffff] + [mem 0x100000000-0x103fffffff] -> [mem 0x00001000-0x103fffffff]
2026-05-27T03:07:44.239772+00:00 loadgen-gx8t kernel: NODE_DATA(0) allocated [mem 0x103ffd52c0-0x103fffffff]
2026-05-27T03:07:44.239772+00:00 loadgen-gx8t kernel: Zone ranges:
2026-05-27T03:07:44.239773+00:00 loadgen-gx8t kernel:   DMA      [mem 0x0000000000001000-0x0000000000ffffff]
2026-05-27T03:07:44.239773+00:00 loadgen-gx8t kernel:   DMA32    [mem 0x0000000001000000-0x00000000ffffffff]
2026-05-27T03:07:44.239776+00:00 loadgen-gx8t kernel:   Normal   [mem 0x0000000100000000-0x000000103fffffff]
2026-05-27T03:07:44.239778+00:00 loadgen-gx8t kernel:   Device   empty
2026-05-27T03:07:44.239779+00:00 loadgen-gx8t kernel: Movable zone start for each node
2026-05-27T03:07:44.239779+00:00 loadgen-gx8t kernel: Early memory node ranges
2026-05-27T03:07:44.239780+00:00 loadgen-gx8t kernel:   node   0: [mem 0x0000000000001000-0x0000000000054fff]
2026-05-27T03:07:44.239780+00:00 loadgen-gx8t kernel:   node   0: [mem 0x0000000000060000-0x0000000000097fff]
2026-05-27T03:07:44.239760+00:00 loadgen-gx8t systemd[1]: Started systemd-fsckd.service - File System Check Daemon to report status.
2026-05-27T03:07:44.239783+00:00 loadgen-gx8t kernel:   node   0: [mem 0x0000000000100000-0x00000000bd254fff]
2026-05-27T03:07:44.239784+00:00 loadgen-gx8t kernel:   node   0: [mem 0x00000000bd260000-0x00000000bf8ecfff]
2026-05-27T03:07:44.239785+00:00 loadgen-gx8t kernel:   node   0: [mem 0x00000000bfbff000-0x00000000bffdffff]
2026-05-27T03:07:44.239785+00:00 loadgen-gx8t kernel:   node   0: [mem 0x0000000100000000-0x000000103fffffff]
2026-05-27T03:07:44.239785+00:00 loadgen-gx8t kernel: Initmem setup node 0 [mem 0x0000000000001000-0x000000103fffffff]
2026-05-27T03:07:44.239786+00:00 loadgen-gx8t kernel: On node 0, zone DMA: 1 pages in unavailable ranges
2026-05-27T03:07:44.239785+00:00 loadgen-gx8t systemd[1]: systemd-repart.service - Repartition Root Disk was skipped because no trigger condition checks were met.
2026-05-27T03:07:44.239789+00:00 loadgen-gx8t kernel: On node 0, zone DMA: 11 pages in unavailable ranges
2026-05-27T03:07:44.239826+00:00 loadgen-gx8t kernel: On node 0, zone DMA: 104 pages in unavailable ranges
2026-05-27T03:07:44.239827+00:00 loadgen-gx8t kernel: On node 0, zone DMA32: 11 pages in unavailable ranges
2026-05-27T03:07:44.239827+00:00 loadgen-gx8t kernel: On node 0, zone DMA32: 786 pages in unavailable ranges
2026-05-27T03:07:44.239828+00:00 loadgen-gx8t kernel: On node 0, zone Normal: 32 pages in unavailable ranges
2026-05-27T03:07:44.239829+00:00 loadgen-gx8t kernel: ACPI: PM-Timer IO Port: 0xb008
2026-05-27T03:07:44.239829+00:00 loadgen-gx8t kernel: ACPI: LAPIC_NMI (acpi_id[0xff] dfl dfl lint[0x1])
2026-05-27T03:07:44.239833+00:00 loadgen-gx8t kernel: IOAPIC[0]: apic_id 0, version 17, address 0xfec00000, GSI 0-23
2026-05-27T03:07:44.239834+00:00 loadgen-gx8t kernel: ACPI: INT_SRC_OVR (bus 0 bus_irq 5 global_irq 5 high level)
2026-05-27T03:07:44.239834+00:00 loadgen-gx8t kernel: ACPI: INT_SRC_OVR (bus 0 bus_irq 9 global_irq 9 high level)
2026-05-27T03:07:44.239834+00:00 loadgen-gx8t kernel: ACPI: INT_SRC_OVR (bus 0 bus_irq 10 global_irq 10 high level)
2026-05-27T03:07:44.239835+00:00 loadgen-gx8t kernel: ACPI: INT_SRC_OVR (bus 0 bus_irq 11 global_irq 11 high level)
2026-05-27T03:07:44.239835+00:00 loadgen-gx8t kernel: ACPI: Using ACPI (MADT) for SMP configuration information
2026-05-27T03:07:44.239838+00:00 loadgen-gx8t kernel: CPU topo: Max. logical packages:   1
2026-05-27T03:07:44.239839+00:00 loadgen-gx8t kernel: CPU topo: Max. logical dies:       1
2026-05-27T03:07:44.239839+00:00 loadgen-gx8t kernel: CPU topo: Max. dies per package:   1
2026-05-27T03:07:44.239840+00:00 loadgen-gx8t kernel: CPU topo: Max. threads per core:   2
2026-05-27T03:07:44.239840+00:00 loadgen-gx8t kernel: CPU topo: Num. cores per package:    12
2026-05-27T03:07:44.239791+00:00 loadgen-gx8t systemd[1]: Starting systemd-sysctl.service - Apply Kernel Variables...
2026-05-27T03:07:44.239852+00:00 loadgen-gx8t systemd[1]: Starting systemd-tmpfiles-setup-dev-early.service - Create Static Device Nodes in /dev gracefully...
2026-05-27T03:07:44.239858+00:00 loadgen-gx8t systemd[1]: Finished lvm2-monitor.service - Monitoring of LVM2 mirrors, snapshots etc. using dmeventd or progress polling.
2026-05-27T03:07:44.239863+00:00 loadgen-gx8t systemd[1]: Finished systemd-fsck-root.service - File System Check on Root Device.
2026-05-27T03:07:44.239867+00:00 loadgen-gx8t systemd[1]: Mounted sys-fs-fuse-connections.mount - FUSE Control File System.
2026-05-27T03:07:44.239875+00:00 loadgen-gx8t systemd[1]: Mounted sys-kernel-config.mount - Kernel Configuration File System.
2026-05-27T03:07:44.239880+00:00 loadgen-gx8t systemd[1]: Starting systemd-remount-fs.service - Remount Root and Kernel File Systems...
2026-05-27T03:07:44.239884+00:00 loadgen-gx8t systemd[1]: Finished systemd-sysctl.service - Apply Kernel Variables.
2026-05-27T03:07:44.239888+00:00 loadgen-gx8t systemd[1]: Finished systemd-tmpfiles-setup-dev-early.service - Create Static Device Nodes in /dev gracefully.
2026-05-27T03:07:44.239893+00:00 loadgen-gx8t systemd[1]: Finished systemd-remount-fs.ser         Starting [0;1;39mgoogle-guest-agent.servic…[0moogle Compute Engine Guest Agent...
vice - Remount Root and Kernel File Systems.
2026-05-27T03:07:44.239900+00:00 loadgen-gx8t systemd[1]: Starting multipathd.service - Device-Mapper Multipath Device Controller...
2026-05-27T03:07:44.239905+00:00 loadgen-gx8t systemd[1]: systemd-hwdb-update.service - Rebuild Hardware Database was skipped because of an unmet condition check (ConditionNeedsUpdate=/etc).
2026-05-27T03:07:44.239910+00:00 loadgen-gx8t kernel: CPU topo: Num. threads per package:  24
2026-05-27T03:07:44.239909+00:00 loadgen-gx8t systemd[1]: Starting systemd-journal-flush.service - Flush Journal to Persistent Storage...
2026-05-27T03:07:44.239911+00:00 loadgen-gx8t kernel: CPU topo: Allowing 24 present CPUs plus 0 hotplug CPUs
2026-05-27T03:07:44.239915+00:00 loadgen-gx8t systemd[1]: systemd-pstore.service - Platform Persistent Storage Archival was skipped because of an unmet condition check (ConditionDirectoryNotEmpty=/sys/fs/pstore).
2026-05-27T03:07:44.239917+00:00 loadgen-gx8t kernel: PM: hibernation: Registered nosave memory: [mem 0x00000000-0x00000fff]
2026-05-27T03:07:44.239920+00:00 loadgen-gx8t kernel: PM: hibernation: Registered nosave memory: [mem 0x00055000-0x0005ffff]
2026-05-27T03:07:44.239921+00:00 loadgen-gx8t kernel: PM: hibernation: Registered nosave memory: [mem 0x00098000-0x000fffff]
2026-05-27T03:07:44.239922+00:00 loadgen-gx8t kernel: PM: hibernation: Registered nosave memory: [mem 0xbd255000-0xbd25ffff]
2026-05-27T03:07:44.239922+00:00 loadgen-gx8t kernel: PM: hibernation: Registered nosave memory: [mem 0xbf8ed000-0xbfbfefff]
2026-05-27T03:07:44.239922+00:00 loadgen-gx8t kernel: PM: hibernation: Registered nosave memory: [mem 0xbffe0000-0xffffffff]
2026-05-27T03:07:44.239922+00:00 loadgen-gx8t systemd[1]: Starting systemd-random-seed.service - Load/Save OS Random Seed...
2026-05-27T03:07:44.239925+00:00 loadgen-gx8t kernel: [mem 0xc0000000-0xffffffff] available for PCI devices
2026-05-27T03:07:44.239926+00:00 loadgen-gx8t kernel: Booting paravirtualized kernel on KVM
2026-05-27T03:07:44.239927+00:00 loadgen-gx8t kernel: clocksource: refined-jiffies: mask: 0xffffffff max_cycles: 0xffffffff, max_idle_ns: 1910969940391419 ns
2026-05-27T03:07:44.239928+00:00 loadgen-gx8t kernel: setup_percpu: NR_CPUS:8192 nr_cpumask_bits:24 nr_cpu_ids:24 nr_node_ids:1
2026-05-27T03:07:44.239928+00:00 loadgen-gx8t kernel: percpu: Embedded 84 pages/cpu s221184 r8192 d114688 u524288
2026-05-27T03:07:44.239928+00:00 loadgen-gx8t kernel: pcpu-alloc: s221184 r8192 d114688 u524288 alloc=1*2097152
2026-05-27T03:07:44.239927+00:00 loadgen-gx8t systemd[1]: systemd-sysusers.service - Create System Users was skipped because no trigger condition checks were met.
2026-05-27T03:07:44.239932+00:00 loadgen-gx8t kernel: pcpu-alloc: [0] 00 01 02 03 [0] 04 05 06 07 
2026-05-27T03:07:44.239933+00:00 loadgen-gx8t kernel: pcpu-alloc: [0] 08 09 10 11 [0] 12 13 14 15 
2026-05-27T03:07:44.239933+00:00 loadgen-gx8t kernel: pcpu-alloc: [0] 16 17 18 19 [0] 20 21 22 23 
2026-05-27T03:07:44.239934+00:00 loadgen-gx8t kernel: kvm-guest: PV spinlocks enabled
2026-05-27T03:07:44.239934+00:00 loadgen-gx8t kernel: PV qspinlock hash table entries: 256 (order: 0, 4096 bytes, linear)
2026-05-27T03:07:44.239935+00:00 loadgen-gx8t kernel: Kernel command line: BOOT_IMAGE=/vmlinuz-6.17.0-1013-gcp root=PARTUUID=6624332c-1f00-4e51-a0bf-94661fe17234 ro console=ttyS0,115200 panic=-1
2026-05-27T03:07:44.239934+00:00 loadgen-gx8t systemd[1]: Starting systemd-tmpfiles-setup-dev.service - Create Static Device Nodes in /dev...
2026-05-27T03:07:44.239938+00:00 loadgen-gx8t kernel: printk: log buffer data + meta data: 262144 + 917504 = 1179648 bytes
2026-05-27T03:07:44.239939+00:00 loadgen-gx8t kernel: Dentry cache hash table entries: 8388608 (order: 14, 67108864 bytes, linear)
2026-05-27T03:07:44.239939+00:00 loadgen-gx8t kernel: Inode-cache hash table entries: 4194304 (order: 13, 33554432 bytes, linear)
2026-05-27T03:07:44.239940+00:00 loadgen-gx8t kernel: software IO TLB: area num 32.
2026-05-27T03:07:44.239940+00:00 loadgen-gx8t kernel: Fallback order for Node 0: 0 
2026-05-27T03:07:44.239939+00:00 loadgen-gx8t systemd[1]: systemd-tpm2-setup.service - TPM2 SRK Setup was skipped because of an unmet condition check (ConditionSecurity=measured-uki).
2026-05-27T03:07:44.239941+00:00 loadgen-gx8t kernel: Built 1 zonelists, mobility grouping on.  Total pages: 16776271
2026-05-27T03:07:44.239944+00:00 loadgen-gx8t kernel: Policy zone: Normal
2026-05-27T03:07:44.239947+00:00 loadgen-gx8t kernel: mem auto-init: stack:all(zero), heap alloc:on, heap free:off
2026-05-27T03:07:44.239945+00:00 loadgen-gx8t systemd[1]: Finished systemd-random-seed.service - Load/Save OS Random Seed.
2026-05-27T03:07:44.239949+00:00 loadgen-gx8t kernel: SLUB: HWalign=64, Order=0-3, MinObjects=0, CPUs=24, Nodes=1
2026-05-27T03:07:44.239950+00:00 loadgen-gx8t kernel: Kernel/User page tables isolation: enabled
2026-05-27T03:07:44.239950+00:00 loadgen-gx8t kernel: ftrace: allocating 61994 entries in 244 pages
2026-05-27T03:07:44.239951+00:00 loadgen-gx8t kernel: ftrace: allocated 244 pages with 5 groups
2026-05-27T03:07:44.239951+00:00 loadgen-gx8t kernel: rcu: Hierarchical RCU implementation.
2026-05-27T03:07:44.239954+00:00 loadgen-gx8t kernel: rcu: 	RCU restricting CPUs from NR_CPUS=8192 to nr_cpu_ids=24.
2026-05-27T03:07:44.239955+00:00 loadgen-gx8t kernel: 	Rude variant of Tasks RCU enabled.
2026-05-27T03:07:44.239953+00:00 loadgen-gx8t multipathd[362]: multipathd v0.9.4: start up
2026-05-27T03:07:44.239955+00:00 loadgen-gx8t kernel: 	Tracing variant of Tasks RCU enabled.
2026-05-27T03:07:44.239956+00:00 loadgen-gx8t kernel: rcu: RCU calculated value of scheduler-enlistment delay is 100 jiffies.
2026-05-27T03:07:44.239956+00:00 loadgen-gx8t kernel: rcu: Adjusting geometry for rcu_fanout_leaf=16, nr_cpu_ids=24
2026-05-27T03:07:44.239957+00:00 loadgen-gx8t kernel: RCU Tasks Rude: Setting shift to 5 and lim to 1 rcu_task_cb_adjust=1 rcu_task_cpu_ids=24.
2026-05-27T03:07:44.239957+00:00 loadgen-gx8t kernel: RCU Tasks Trace: Setting shift to 5 and lim to 1 rcu_task_cb_adjust=1 rcu_task_cpu_ids=24.
2026-05-27T03:07:44.239960+00:00 loadgen-gx8t kernel: NR_IRQS: 524544, nr_irqs: 616, preallocated irqs: 16
2026-05-27T03:07:44.239961+00:00 loadgen-gx8t kernel: rcu: srcu_init: Setting srcu_struct sizes based on contention.
2026-05-27T03:07:44.239962+00:00 loadgen-gx8t kernel: Console: colour dummy device 80x25
2026-05-27T03:07:44.239962+00:00 loadgen-gx8t kernel: printk: legacy console [ttyS0] enabled
2026-05-27T03:07:44.239962+00:00 loadgen-gx8t kernel: ACPI: Core revision 20250404
2026-05-27T03:07:44.239963+00:00 loadgen-gx8t kernel: APIC: Switch to symmetric I/O mode setup
2026-05-27T03:07:44.239966+00:00 loadgen-gx8t kernel: x2apic enabled
2026-05-27T03:07:44.239966+00:00 loadgen-gx8t kernel: APIC: Switched APIC routing to: physical x2apic
2026-05-27T03:07:44.239967+00:00 loadgen-gx8t kernel: ..TIMER: vector=0x30 apic1=0 pin1=0 apic2=-1 pin2=-1
2026-05-27T03:07:44.239967+00:00 loadgen-gx8t kernel: clocksource: tsc-early: mask: 0xffffffffffffffff max_cycles: 0x212733415c7, max_idle_ns: 440795236380 ns
2026-05-27T03:07:44.239967+00:00 loadgen-gx8t kernel: Calibrating delay loop (skipped) preset value.. 4599.99 BogoMIPS (lpj=2299998)
2026-05-27T03:07:44.239968+00:00 loadgen-gx8t kernel: Last level iTLB entries: 4KB 1024, 2MB 1024, 4MB 1024
2026-05-27T03:07:44.239958+00:00 loadgen-gx8t multipathd[362]: reconfigure: setting up paths and maps
2026-05-27T03:07:44.239971+00:00 loadgen-gx8t kernel: Last level dTLB entries: 4KB 1024, 2MB 1024, 4MB 1024, 1GB 4
2026-05-27T03:07:44.239972+00:00 loadgen-gx8t kernel: mitigations: Enabled attack vectors: user_kernel, user_user, guest_host, guest_guest, SMT mitigations: auto
2026-05-27T03:07:44.239972+00:00 loadgen-gx8t kernel: Speculative Store Bypass: Mitigation: Speculative Store Bypass disabled via prctl
2026-05-27T03:07:44.239973+00:00 loadgen-gx8t kernel: Spectre V2 : Mitigation: IBRS
2026-05-27T03:07:44.239973+00:00 loadgen-gx8t kernel: RETBleed: Mitigation: IBRS
2026-05-27T03:07:44.239974+00:00 loadgen-gx8t kernel: ITS: Mitigation: Aligned branch/return thunks
2026-05-27T03:07:44.239973+00:00 loadgen-gx8t sy         Starting [0;1;39mplymouth-quit-wait.servic…[0md until boot process finishes up...
stemd[1]: Finished systemd-tmpfiles-setup-dev.service - Create Static Device Nodes in /dev.
2026-05-27T03:07:44.239977+00:00 loadgen-gx8t kernel: Spectre V2 : User space: Mitigation: STIBP via prctl
2026-05-27T03:07:44.239978+00:00 loadgen-gx8t kernel: MDS: Mitigation: Clear CPU buffers
2026-05-27T03:07:44.239978+00:00 loadgen-gx8t kernel: MMIO Stale Data: Vulnerable: Clear CPU buffers attempted, no microcode
2026-05-27T03:07:44.239978+00:00 loadgen-gx8t kernel: Spectre V1 : Mitigation: usercopy/swapgs barriers and __user pointer sanitization
2026-05-27T03:07:44.239979+00:00 loadgen-gx8t kernel: Spectre V2 : Spectre v2 / SpectreRSB: Filling RSB on context switch and VMEXIT
2026-05-27T03:07:44.239979+00:00 loadgen-gx8t kernel: Spectre V2 : mitigation: Enabling conditional Indirect Branch Prediction Barrier
2026-05-27T03:07:44.239978+00:00 loadgen-gx8t systemd[1]: Starting systemd-udevd.service - Rule-based Manager for Device Events and Files...
2026-05-27T03:07:44.239980+00:00 loadgen-gx8t kernel: active return thunk: its_return_thunk
2026-05-27T03:07:44.239986+00:00 loadgen-gx8t kernel: Spectre V2 : Spectre BHI mitigation: SW BHB clearing on syscall and VM exit
2026-05-27T03:07:44.239986+00:00 loadgen-gx8t kernel: x86/fpu: Supporting XSAVE feature 0x001: 'x87 floating point registers'
2026-05-27T03:07:44.239984+00:00 loadgen-gx8t systemd[1]: Finished systemd-udev-trigger.service - Coldplug All udev Devices.
2026-05-27T03:07:44.239987+00:00 loadgen-gx8t kernel: x86/fpu: Supporting XSAVE feature 0x002: 'SSE registers'
2026-05-27T03:07:44.239988+00:00 loadgen-gx8t kernel: x86/fpu: Supporting XSAVE feature 0x004: 'AVX registers'
2026-05-27T03:07:44.239988+00:00 loadgen-gx8t kernel: x86/fpu: xstate_offset[2]:  576, xstate_sizes[2]:  256
2026-05-27T03:07:44.239988+00:00 loadgen-gx8t kernel: x86/fpu: Enabled xstate features 0x7, context size is 832 bytes, using 'standard' format.
2026-05-27T03:07:44.239990+00:00 loadgen-gx8t systemd[1]: Started multipathd.service - Device-Mapper Multipath Device Controller.
2026-05-27T03:07:44.239992+00:00 loadgen-gx8t kernel: Freeing SMP alternatives memory: 52K
2026-05-27T03:07:44.239993+00:00 loadgen-gx8t kernel: pid_max: default: 32768 minimum: 301
2026-05-27T03:07:44.239993+00:00 loadgen-gx8t kernel: LSM: initializing lsm=lockdown,capability,landlock,yama,apparmor,ima,evm
2026-05-27T03:07:44.239994+00:00 loadgen-gx8t kernel: landlock: Up and running.
2026-05-27T03:07:44.239994+00:00 loadgen-gx8t kernel: Yama: becoming mindful.
2026-05-27T03:07:44.239995+00:00 loadgen-gx8t kernel: AppArmor: AppArmor initialized
2026-05-27T03:07:44.239995+00:00 loadgen-gx8t kernel: Mount-cache hash table entries: 131072 (order: 8, 1048576 bytes, linear)
2026-05-27T03:07:44.239994+00:00 loadgen-gx8t systemd-udevd[368]: Using default interface naming scheme 'v255'.
2026-05-27T03:07:44.239998+00:00 loadgen-gx8t kernel: Mountpoint-cache hash table entries: 131072 (order: 8, 1048576 bytes, linear)
2026-05-27T03:07:44.239999+00:00 loadgen-gx8t kernel: smpboot: CPU0: Intel(R) Xeon(R) CPU @ 2.30GHz (family: 0x6, model: 0x3f, stepping: 0x0)
2026-05-27T03:07:44.239999+00:00 loadgen-gx8t kernel: Performance Events: unsupported CPU family 6 model 63 no PMU driver, software events only.
2026-05-27T03:07:44.240000+00:00 loadgen-gx8t kernel: signal: max sigframe size: 1776
2026-05-27T03:07:44.240000+00:00 loadgen-gx8t kernel: rcu: Hierarchical SRCU implementation.
2026-05-27T03:07:44.240001+00:00 loadgen-gx8t kernel: rcu: 	Max phase no-delay instances is 400.
2026-05-27T03:07:44.240004+00:00 loadgen-gx8t kernel: Timer migration: 2 hierarchy levels; 8 children per group; 2 crossnode level
2026-05-27T03:07:44.240004+00:00 loadgen-gx8t kernel: NMI watchdog: Perf NMI watchdog permanently disabled
2026-05-27T03:07:44.240005+00:00 loadgen-gx8t kernel: smp: Bringing up secondary CPUs ...
2026-05-27T03:07:44.240000+00:00 loadgen-gx8t systemd[1]: Started systemd-udevd.service - Rule-based Manager for Device Events and Files.
2026-05-27T03:07:44.240005+00:00 loadgen-gx8t kernel: smpboot: x86: Booting SMP configuration:
2026-05-27T03:07:44.240006+00:00 loadgen-gx8t kernel: .... node  #0, CPUs:        #1  #2  #3  #4  #5  #6  #7  #8  #9 #10 #11 #12 #13 #14 #15 #16 #17 #18 #19 #20 #21 #22 #23
2026-05-27T03:07:44.240006+00:00 loadgen-gx8t kernel: MDS CPU bug present and SMT on, data leak possible. See https://www.kernel.org/doc/html/latest/admin-guide/hw-vuln/mds.html for more details.
2026-05-27T03:07:44.240008+00:00 loadgen-gx8t systemd[1]: nvmefc-boot-connections.service - Auto-connect to subsystems on FC-NVME devices found during boot was skipped because of an unmet condition check (ConditionPathExists=/sys/class/fc/fc_udev_device/nvme_discovery).
2026-05-27T03:07:44.240010+00:00 loadgen-gx8t kernel: MMIO Stale Data CPU bug present and SMT on, data leak possible. See https://www.kernel.org/doc/html/latest/admin-guide/hw-vuln/processor_mmio_stale_data.html for more details.
2026-05-27T03:07:44.240013+00:00 loadgen-gx8t kernel: smp: Brought up 1 node, 24 CPUs
