2026-05-07 15:37:36,504 DEBUG    root            Loaded Command Group: ['gcloud', 'compute']
2026-05-07 15:37:36,507 DEBUG    root            Loaded Command Group: ['gcloud', 'compute', 'instances']
2026-05-07 15:37:36,508 DEBUG    root            Loaded Command Group: ['gcloud', 'compute', 'instances', 'get_serial_port_output']
2026-05-07 15:37:36,509 DEBUG    root            Running [gcloud.compute.instances.get-serial-port-output] with arguments: [--zone: "us-central1-f", INSTANCE_NAME: "loadgen-bsbg"]
2026-05-07 15:37:36,511 DEBUG    root            On GCE from memory cache: False
2026-05-07 15:37:36,513 DEBUG    root            On GCE from memory cache: False
2026-05-07 15:37:36,608 DEBUG    urllib3.connectionpool Starting new HTTPS connection (1): compute.googleapis.com:443
2026-05-07 15:37:37,088 DEBUG    urllib3.connectionpool https://compute.googleapis.com:443 "GET /compute/v1/projects/env-integration-fenway/zones/us-central1-f/instances/loadgen-bsbg/serialPort?alt=json&port=1 HTTP/1.1" 200 None
2026-05-07 15:37:37,128 DEBUG    root            Chosen display Format:value[no-quote](contents)
2026-05-07 15:37:37,133 INFO     root            Display format: "value[no-quote](contents)"
2026-05-07 15:37:37,153 INFO     ___FILE_ONLY___ [2J[01;01H[=3h[2J[01;01H[2J[01;01H[=3h[2J[01;01HCSM BBS Table full.
BdsDxe: loading Boot0003 "Ubuntu" from PciRoot(0x0)/Pci(0x3,0x0)/Scsi(0x1,0x0)/HD(15,GPT,C848D457-4750-4825-A2CD-4EBFB870DC53,0x2800,0x35000)/\EFI\ubuntu\shimx64.efi
BdsDxe: starting Boot0003 "Ubuntu" from PciRoot(0x0)/Pci(0x3,0x0)/Scsi(0x1,0x0)/HD(15,GPT,C848D457-4750-4825-A2CD-4EBFB870DC53,0x2800,0x35000)/\EFI\ubuntu\shimx64.efi

UEFI: Attempting to start image.
Description: Ubuntu
FilePath: PciRoot(0x0)/Pci(0x3,0x0)/Scsi(0x1,0x0)/HD(15,GPT,C848D457-4750-4825-A2CD-4EBFB870DC53,0x2800,0x35000)/\EFI\ubuntu\shimx64.efi
OptionNumber: 3.

[H[J[1;1HGRUB_FORCE_PARTUUID set, attempting initrdless boot.
[    0.000000] Linux version 6.17.0-1013-gcp (buildd@lcy02-amd64-034) (x86_64-linux-gnu-gcc-13 (Ubuntu 13.3.0-6ubuntu2~24.04.1) 13.3.0, GNU ld (GNU Binutils for Ubuntu) 2.42) #13~24.04.1-Ubuntu SMP Thu Apr 16 02:10:24 UTC 2026 (Ubuntu 6.17.0-1013.13~24.04.1-gcp 6.17.13)
[    0.000000] Command line: BOOT_IMAGE=/vmlinuz-6.17.0-1013-gcp root=PARTUUID=6624332c-1f00-4e51-a0bf-94661fe17234 ro console=ttyS0,115200 panic=-1
[    0.000000] KERNEL supported cpus:
[    0.000000]   Intel GenuineIntel
[    0.000000]   AMD AuthenticAMD
[    0.000000]   Hygon HygonGenuine
[    0.000000]   Centaur CentaurHauls
[    0.000000]   zhaoxin   Shanghai  
[    0.000000] x86/CPU: Model not found in latest microcode list
[    0.000000] BIOS-provided physical RAM map:
[    0.000000] BIOS-e820: [mem 0x0000000000000000-0x0000000000000fff] reserved
[    0.000000] BIOS-e820: [mem 0x0000000000001000-0x0000000000054fff] usable
[    0.000000] BIOS-e820: [mem 0x0000000000055000-0x000000000005ffff] reserved
[    0.000000] BIOS-e820: [mem 0x0000000000060000-0x0000000000097fff] usable
[    0.000000] BIOS-e820: [mem 0x0000000000098000-0x000000000009ffff] reserved
[    0.000000] BIOS-e820: [mem 0x0000000000100000-0x00000000bd254fff] usable
[    0.000000] BIOS-e820: [mem 0x00000000bd255000-0x00000000bd25ffff] ACPI data
[    0.000000] BIOS-e820: [mem 0x00000000bd260000-0x00000000bf8ecfff] usable
[    0.000000] BIOS-e820: [mem 0x00000000bf8ed000-0x00000000bfb6cfff] reserved
[    0.000000] BIOS-e820: [mem 0x00000000bfb6d000-0x00000000bfb7efff] ACPI data
[    0.000000] BIOS-e820: [mem 0x00000000bfb7f000-0x00000000bfbfefff] ACPI NVS
[    0.000000] BIOS-e820: [mem 0x00000000bfbff000-0x00000000bffdffff] usable
[    0.000000] BIOS-e820: [mem 0x00000000bffe0000-0x00000000bfffffff] reserved
[    0.000000] BIOS-e820: [mem 0x0000000100000000-0x000000103fffffff] usable
[    0.000000] NX (Execute Disable) protection: active
[    0.000000] APIC: Static calls initialized
[    0.000000] efi: EFI v2.7 by EDK II
[    0.000000] efi: TPMFinalLog=0xbfbf7000 ACPI=0xbfb7e000 ACPI 2.0=0xbfb7e014 SMBIOS=0xbf9ca000 MEMATTR=0xbd260018 MOKvar=0xbf9c8000 RNG=0xbfb72018 TPMEventLog=0xbd255018 
[    0.000000] random: crng init done
[    0.000000] SMBIOS 2.4 present.
[    0.000000] DMI: Google Google Compute Engine/Google Compute Engine, BIOS Google 04/21/2026
[    0.000000] DMI: Memory slots populated: 4/4
[    0.000000] secureboot: Secure boot disabled
[    0.000000] Hypervisor detected: KVM
[    0.000000] last_pfn = 0xbffe0 max_arch_pfn = 0x400000000
[    0.000000] kvm-clock: Using msrs 4b564d01 and 4b564d00
[    0.000001] kvm-clock: using sched offset of 15652014839 cycles
[    0.000003] clocksource: kvm-clock: mask: 0xffffffffffffffff max_cycles: 0x1cd42e4dffb, max_idle_ns: 881590591483 ns
[    0.000007] tsc: Detected 2299.998 MHz processor
[    0.000090] last_pfn = 0x1040000 max_arch_pfn = 0x400000000
[    0.000128] MTRR map: 3 entries (2 fixed + 1 variable; max 18), built from 8 variable MTRRs
[    0.000140] x86/PAT: Configuration [0-7]: WB  WC  UC- UC  WB  WP  UC- WT  
[    0.000189] last_pfn = 0xbffe0 max_arch_pfn = 0x400000000
[    0.016824] Using GB pages for direct mapping
[    0.017142] secureboot: Secure boot disabled
[    0.017144] ACPI: Early table checksum verification disabled
[    0.017148] ACPI: RSDP 0x00000000BFB7E014 000024 (v02 Google)
[    0.017154] ACPI: XSDT 0x00000000BFB7D0E8 00005C (v01 Google GOOGFACP 00000001      01000013)
[    0.017162] ACPI: FACP 0x00000000BFB78000 0000F4 (v02 Google GOOGFACP 00000001 GOOG 00000001)
[    0.017170] ACPI: DSDT 0x00000000BFB79000 001A64 (v01 Google GOOGDSDT 00000001 GOOG 00000001)
[    0.017175] ACPI: FACS 0x00000000BFBF1000 000040
[    0.017180] ACPI: SSDT 0x00000000BFB7C000 000316 (v02 GOOGLE Tpm2Tabl 00001000 INTL 20250807)
[    0.017186] ACPI: TPM2 0x00000000BFB7B000 000034 (v04 GOOGLE          00000001 GOOG 00000001)
[    0.017191] ACPI: SRAT 0x00000000BFB77000 000228 (v03 Google GOOGSRAT 00000001 GOOG 00000001)
[    0.017196] ACPI: APIC 0x00000000BFB76000 000126 (v05 Google GOOGAPIC 00000001 GOOG 00000001)
[    0.017201] ACPI: SSDT 0x00000000BFB74000 0011D6 (v01 Google GOOGSSDT 00000001 GOOG 00000001)
[    0.017206] ACPI: WAET 0x00000000BFB73000 000028 (v01 Google GOOGWAET 00000001 GOOG 00000001)
[    0.017209] ACPI: Reserving FACP table memory at [mem 0xbfb78000-0xbfb780f3]
[    0.017211] ACPI: Reserving DSDT table memory at [mem 0xbfb79000-0xbfb7aa63]
[    0.017212] ACPI: Reserving FACS table memory at [mem 0xbfbf1000-0xbfbf103f]
[    0.017213] ACPI: Reserving SSDT table memory at [mem 0xbfb7c000-0xbfb7c315]
[    0.017214] ACPI: Reserving TPM2 table memory at [mem 0xbfb7b000-0xbfb7b033]
[    0.017215] ACPI: Reserving SRAT table memory at [mem 0xbfb77000-0xbfb77227]
[    0.017216] ACPI: Reserving APIC table memory at [mem 0xbfb76000-0xbfb76125]
[    0.017217] ACPI: Reserving SSDT table memory at [mem 0xbfb74000-0xbfb751d5]
[    0.017218] ACPI: Reserving WAET table memory at [mem 0xbfb73000-0xbfb73027]
[    0.017376] ACPI: SRAT: Node 0 PXM 0 [mem 0x00000000-0x0009ffff]
[    0.017380] ACPI: SRAT: Node 0 PXM 0 [mem 0x00100000-0xbfffffff]
[    0.017383] ACPI: SRAT: Node 0 PXM 0 [mem 0x100000000-0x103fffffff]
[    0.017391] NUMA: Node 0 [mem 0x00001000-0x0009ffff] + [mem 0x00100000-0xbfffffff] -> [mem 0x00001000-0xbfffffff]
[    0.017396] NUMA: Node 0 [mem 0x00001000-0xbfffffff] + [mem 0x100000000-0x103fffffff] -> [mem 0x00001000-0x103fffffff]
[    0.017425] NODE_DATA(0) allocated [mem 0x103ffd52c0-0x103fffffff]
[    0.017686] Zone ranges:
[    0.017686]   DMA      [mem 0x0000000000001000-0x0000000000ffffff]
[    0.017689]   DMA32    [mem 0x0000000001000000-0x00000000ffffffff]
[    0.017691]   Normal   [mem 0x0000000100000000-0x000000103fffffff]
[    0.017692]   Device   empty
[    0.017693] Movable zone start for each node
[    0.017696] Early memory node ranges
[    0.017696]   node   0: [mem 0x0000000000001000-0x0000000000054fff]
[    0.017698]   node   0: [mem 0x0000000000060000-0x0000000000097fff]
[    0.017699]   node   0: [mem 0x0000000000100000-0x00000000bd254fff]
[    0.017700]   node   0: [mem 0x00000000bd260000-0x00000000bf8ecfff]
[    0.017701]   node   0: [mem 0x00000000bfbff000-0x00000000bffdffff]
[    0.017702]   node   0: [mem 0x0000000100000000-0x000000103fffffff]
[    0.017708] Initmem setup node 0 [mem 0x0000000000001000-0x000000103fffffff]
[    0.017790] On node 0, zone DMA: 1 pages in unavailable ranges
[    0.017792] On node 0, zone DMA: 11 pages in unavailable ranges
[    0.017821] On node 0, zone DMA: 104 pages in unavailable ranges
[    0.023251] On node 0, zone DMA32: 11 pages in unavailable ranges
[    0.023268] On node 0, zone DMA32: 786 pages in unavailable ranges
[    0.132798] On node 0, zone Normal: 32 pages in unavailable ranges
[    0.133478] ACPI: PM-Timer IO Port: 0xb008
[    0.133505] ACPI: LAPIC_NMI (acpi_id[0xff] dfl dfl lint[0x1])
[    0.133593] IOAPIC[0]: apic_id 0, version 17, address 0xfec00000, GSI 0-23
[    0.133598] ACPI: INT_SRC_OVR (bus 0 bus_irq 5 global_irq 5 high level)
[    0.133600] ACPI: INT_SRC_OVR (bus 0 bus_irq 9 global_irq 9 high level)
[    0.133602] ACPI: INT_SRC_OVR (bus 0 bus_irq 10 global_irq 10 high level)
[    0.133603] ACPI: INT_SRC_OVR (bus 0 bus_irq 11 global_irq 11 high level)
[    0.133610] ACPI: Using ACPI (MADT) for SMP configuration information
[    0.133616] CPU topo: Max. logical packages:   1
[    0.133617] CPU topo: Max. logical dies:       1
[    0.133618] CPU topo: Max. dies per package:   1
[    0.133623] CPU topo: Max. threads per core:   2
[    0.133625] CPU topo: Num. cores per package:    12
[    0.133626] CPU topo: Num. threads per package:  24
[    0.133626] CPU topo: Allowing 24 present CPUs plus 0 hotplug CPUs
[    0.133655] PM: hibernation: Registered nosave memory: [mem 0x00000000-0x00000fff]
[    0.133657] PM: hibernation: Registered nosave memory: [mem 0x00055000-0x0005ffff]
[    0.133659] PM: hibernation: Registered nosave memory: [mem 0x00098000-0x000fffff]
[    0.133661] PM: hibernation: Registered nosave memory: [mem 0xbd255000-0xbd25ffff]
[    0.133663] PM: hibernation: Registered nosave memory: [mem 0xbf8ed000-0xbfbfefff]
[    0.133665] PM: hibernation: Registered nosave memory: [mem 0xbffe0000-0xffffffff]
[    0.133667] [mem 0xc0000000-0xffffffff] available for PCI devices
[    0.133669] Booting paravirtualized kernel on KVM
[    0.133671] clocksource: refined-jiffies: mask: 0xffffffff max_cycles: 0xffffffff, max_idle_ns: 1910969940391419 ns
[    0.133680] setup_percpu: NR_CPUS:8192 nr_cpumask_bits:24 nr_cpu_ids:24 nr_node_ids:1
[    0.135523] percpu: Embedded 84 pages/cpu s221184 r8192 d114688 u524288
[    0.135585] kvm-guest: PV spinlocks enabled
[    0.135588] PV qspinlock hash table entries: 256 (order: 0, 4096 bytes, linear)
[    0.135592] Kernel command line: BOOT_IMAGE=/vmlinuz-6.17.0-1013-gcp root=PARTUUID=6624332c-1f00-4e51-a0bf-94661fe17234 ro console=ttyS0,115200 panic=-1
[    0.135662] printk: log buffer data + meta data: 262144 + 917504 = 1179648 bytes
[    0.142489] Dentry cache hash table entries: 8388608 (order: 14, 67108864 bytes, linear)
[    0.145942] Inode-cache hash table entries: 4194304 (order: 13, 33554432 bytes, linear)
[    0.146645] software IO TLB: area num 32.
[    0.160582] Fallback order for Node 0: 0 
[    0.160591] Built 1 zonelists, mobility grouping on.  Total pages: 16776271
[    0.160593] Policy zone: Normal
[    0.160604] mem auto-init: stack:all(zero), heap alloc:on, heap free:off
[    0.318915] SLUB: HWalign=64, Order=0-3, MinObjects=0, CPUs=24, Nodes=1
[    0.318985] Kernel/User page tables isolation: enabled
[    0.332207] ftrace: allocating 61994 entries in 244 pages
[    0.332210] ftrace: allocated 244 pages with 5 groups
[    0.332600] rcu: Hierarchical RCU implementation.
[    0.332601] rcu: 	RCU restricting CPUs from NR_CPUS=8192 to nr_cpu_ids=24.
[    0.332603] 	Rude variant of Tasks RCU enabled.
[    0.332604] 	Tracing variant of Tasks RCU enabled.
[    0.332604] rcu: RCU calculated value of scheduler-enlistment delay is 100 jiffies.
[    0.332605] rcu: Adjusting geometry for rcu_fanout_leaf=16, nr_cpu_ids=24
[    0.332634] RCU Tasks Rude: Setting shift to 5 and lim to 1 rcu_task_cb_adjust=1 rcu_task_cpu_ids=24.
[    0.332639] RCU Tasks Trace: Setting shift to 5 and lim to 1 rcu_task_cb_adjust=1 rcu_task_cpu_ids=24.
[    0.336491] NR_IRQS: 524544, nr_irqs: 616, preallocated irqs: 16
[    0.336870] rcu: srcu_init: Setting srcu_struct sizes based on contention.
[    0.337003] Console: colour dummy device 80x25
[    0.337066] printk: legacy console [ttyS0] enabled
[    0.497353] ACPI: Core revision 20250404
[    0.498150] APIC: Switch to symmetric I/O mode setup
[    0.500255] x2apic enabled
[    0.504193] APIC: Switched APIC routing to: physical x2apic
[    0.510600] ..TIMER: vector=0x30 apic1=0 pin1=0 apic2=-1 pin2=-1
[    0.512250] clocksource: tsc-early: mask: 0xffffffffffffffff max_cycles: 0x212733415c7, max_idle_ns: 440795236380 ns
[    0.514343] Calibrating delay loop (skipped) preset value.. 4599.99 BogoMIPS (lpj=2299998)
[    0.516521] Last level iTLB entries: 4KB 1024, 2MB 1024, 4MB 1024
[    0.517340] Last level dTLB entries: 4KB 1024, 2MB 1024, 4MB 1024, 1GB 4
[    0.518362] mitigations: Enabled attack vectors: user_kernel, user_user, guest_host, guest_guest, SMT mitigations: auto
[    0.519342] Speculative Store Bypass: Mitigation: Speculative Store Bypass disabled via prctl
[    0.520341] Spectre V2 : Mitigation: IBRS
[    0.521018] RETBleed: Mitigation: IBRS
[    0.521340] ITS: Mitigation: Aligned branch/return thunks
[    0.522340] Spectre V2 : User space: Mitigation: STIBP via prctl
[    0.523340] MDS: Mitigation: Clear CPU buffers
[    0.524081] MMIO Stale Data: Vulnerable: Clear CPU buffers attempted, no microcode
[    0.524340] Spectre V1 : Mitigation: usercopy/swapgs barriers and __user pointer sanitization
[    0.525343] Spectre V2 : Spectre v2 / SpectreRSB: Filling RSB on context switch and VMEXIT
[    0.526343] Spectre V2 : mitigation: Enabling conditional Indirect Branch Prediction Barrier
[    0.527346] active return thunk: its_return_thunk
[    0.528340] Spectre V2 : Spectre BHI mitigation: SW BHB clearing on syscall and VM exit
[    0.529357] x86/fpu: Supporting XSAVE feature 0x001: 'x87 floating point registers'
[    0.530340] x86/fpu: Supporting XSAVE feature 0x002: 'SSE registers'
[    0.531340] x86/fpu: Supporting XSAVE feature 0x004: 'AVX registers'
[    0.532342] x86/fpu: xstate_offset[2]:  576, xstate_sizes[2]:  256
[    0.533341] x86/fpu: Enabled xstate features 0x7, context size is 832 bytes, using 'standard' format.
[    0.594988] Freeing SMP alternatives memory: 52K
[    0.595345] pid_max: default: 32768 minimum: 301
[    0.596461] LSM: initializing lsm=lockdown,capability,landlock,yama,apparmor,ima,evm
[    0.597360] landlock: Up and running.
[    0.598341] Yama: becoming mindful.
[    0.599420] AppArmor: AppArmor initialized
[    0.600585] Mount-cache hash table entries: 131072 (order: 8, 1048576 bytes, linear)
[    0.602517] Mountpoint-cache hash table entries: 131072 (order: 8, 1048576 bytes, linear)
[    0.706772] smpboot: CPU0: Intel(R) Xeon(R) CPU @ 2.30GHz (family: 0x6, model: 0x3f, stepping: 0x0)
[    0.707695] Performance Events: unsupported CPU family 6 model 63 no PMU driver, software events only.
[    0.708438] signal: max sigframe size: 1776
[    0.709399] rcu: Hierarchical SRCU implementation.
[    0.710341] rcu: 	Max phase no-delay instances is 400.
[    0.711425] Timer migration: 2 hierarchy levels; 8 children per group; 2 crossnode level
[    0.714033] NMI watchdog: Perf NMI watchdog permanently disabled
[    0.715430] smp: Bringing up secondary CPUs ...
[    0.716546] smpboot: x86: Booting SMP configuration:
[    0.717343] .... node  #0, CPUs:        #1  #2  #3  #4  #5  #6  #7  #8  #9 #10 #11 #12 #13 #14 #15 #16 #17 #18 #19 #20 #21 #22 #23
[    0.729517] MDS CPU bug present and SMT on, data leak possible. See https://www.kernel.org/doc/html/latest/admin-guide/hw-vuln/mds.html for more details.
[    0.731343] MMIO Stale Data CPU bug present and SMT on, data leak possible. See https://www.kernel.org/doc/html/latest/admin-guide/hw-vuln/processor_mmio_stale_data.html for more details.
[    0.738353] smp: Brought up 1 node, 24 CPUs
[    0.739342] smpboot: Total of 24 processors activated (110399.90 BogoMIPS)
[    0.742538] Memory: 65805480K/67105084K available (22206K kernel code, 4673K rwdata, 15608K rodata, 5404K init, 6100K bss, 1277604K reserved, 0K cma-reserved)
[    0.746511] devtmpfs: initialized
[    0.747440] x86/mm: Memory block size: 1024MB
[    0.750844] ACPI: PM: Registering ACPI NVS region [mem 0xbfb7f000-0xbfbfefff] (524288 bytes)
[    0.752352] clocksource: jiffies: mask: 0xffffffff max_cycles: 0xffffffff, max_idle_ns: 1911260446275000 ns
[    0.753416] posixtimers hash table entries: 16384 (order: 6, 262144 bytes, linear)
[    0.754473] futex hash table entries: 8192 (524288 bytes on 1 NUMA nodes, total 512 KiB, linear).
[    0.755509] pinctrl core: initialized pinctrl subsystem
[    0.756604] PM: RTC time: 22:27:54, date: 2026-05-07
[    0.758921] NET: Registered PF_NETLINK/PF_ROUTE protocol family
[    0.761128] DMA: preallocated 4096 KiB GFP_KERNEL pool for atomic allocations
[    0.762590] DMA: preallocated 4096 KiB GFP_KERNEL|GFP_DMA pool for atomic allocations
[    0.764077] DMA: preallocated 4096 KiB GFP_KERNEL|GFP_DMA32 pool for atomic allocations
[    0.764365] audit: initializing netlink subsys (disabled)
[    0.766354] audit: type=2000 audit(1778192874.693:1): state=initialized audit_enabled=0 res=1
[    0.766565] thermal_sys: Registered thermal governor 'fair_share'
[    0.767342] thermal_sys: Registered thermal governor 'bang_bang'
[    0.768341] thermal_sys: Registered thermal governor 'step_wise'
[    0.769341] thermal_sys: Registered thermal governor 'user_space'
[    0.770341] thermal_sys: Registered thermal governor 'power_allocator'
[    0.771358] cpuidle: using governor ladder
[    0.773350] cpuidle: using governor menu
[    0.774428] acpiphp: ACPI Hot Plug PCI Controller Driver version: 0.5
[    0.775681] PCI: Using configuration type 1 for base access
[    0.776455] kprobes: kprobe jump-optimization is enabled. All kprobes are optimized if possible.
[    0.778501] HugeTLB: registered 1.00 GiB page size, pre-allocated 0 pages
[    0.779342] HugeTLB: 16380 KiB vmemmap can be freed for a 1.00 GiB page
[    0.780342] HugeTLB: registered 2.00 MiB page size, pre-allocated 0 pages
[    0.781341] HugeTLB: 28 KiB vmemmap can be freed for a 2.00 MiB page
[    0.785590] ACPI: Added _OSI(Module Device)
[    0.786342] ACPI: Added _OSI(Processor Device)
[    0.787341] ACPI: Added _OSI(Processor Aggregator Device)
[    0.792048] ACPI: 3 ACPI AML tables successfully acquired and loaded
[    0.813010] ACPI: Interpreter enabled
[    0.813361] ACPI: PM: (supports S0 S3 S4 S5)
[    0.814342] ACPI: Using IOAPIC for interrupt routing
[    0.816345] PCI: Using host bridge windows from ACPI; if necessary, use "pci=nocrs" and report a bug
[    0.817341] PCI: Ignoring E820 reservations for host bridge windows
[    0.819588] ACPI: Enabled 16 GPEs in block 00 to 0F
[    0.827402] ACPI: PCI Root Bridge [PCI0] (domain 0000 [bus 00-ff])
[    0.828348] acpi PNP0A03:00: _OSC: OS supports [ASPM ClockPM Segments MSI EDR HPX-Type3]
[    0.829342] acpi PNP0A03:00: _OSC: not requesting OS control; OS requires [ExtendedConfig ASPM ClockPM MSI]
[    0.830357] acpi PNP0A03:00: fail to add MMCONFIG information, can't access extended configuration space under this bridge
[    0.832946] PCI host bridge to bus 0000:00
[    0.833345] pci_bus 0000:00: root bus resource [io  0x0000-0x0cf7 window]
[    0.834342] pci_bus 0000:00: root bus resource [io  0x0d00-0xffff window]
[    0.835342] pci_bus 0000:00: root bus resource [mem 0x000a0000-0x000bffff window]
[    0.836342] pci_bus 0000:00: root bus resource [mem 0xc0000000-0xc53fffff window]
[    0.837341] pci_bus 0000:00: root bus resource [mem 0xc5440000-0xee3fffff window]
[    0.838342] pci_bus 0000:00: root bus resource [mem 0xee440000-0xfebfefff window]
[    0.839341] pci_bus 0000:00: root bus resource [mem 0x1040000000-0x2103fffffff window]
[    0.840342] pci_bus 0000:00: root bus resource [bus 00-ff]
[    0.841419] pci 0000:00:00.0: [8086:1237] type 00 class 0x060000 conventional PCI endpoint
[    0.845759] pci 0000:00:01.0: [8086:7110] type 00 class 0x060100 conventional PCI endpoint
[    0.850885] pci 0000:00:01.3: [8086:7113] type 00 class 0x068000 conventional PCI endpoint
[    0.855520] pci 0000:00:01.3: quirk: [io  0xb000-0xb03f] claimed by PIIX4 ACPI
[    0.857513] pci 0000:00:03.0: [1af4:1004] type 00 class 0x000000 conventional PCI endpoint
[    0.867370] pci 0000:00:03.0: BAR 0 [io  0xc040-0xc07f]
[    0.868358] pci 0000:00:03.0: BAR 1 [mem 0xc1001000-0xc100107f]
[    0.870926] pci 0000:00:04.0: [10de:1eb8] type 00 class 0x030200 conventional PCI endpoint
[    0.885375] pci 0000:00:04.0: BAR 0 [mem 0xc0000000-0xc0ffffff]
[    0.886374] pci 0000:00:04.0: BAR 1 [mem 0x1040000000-0x104fffffff 64bit pref]
[    0.887371] pci 0000:00:04.0: BAR 3 [mem 0x1050000000-0x1051ffffff 64bit pref]
[    0.889583] pci 0000:00:05.0: [1af4:1000] type 00 class 0x020000 conventional PCI endpoint
[    0.898372] pci 0000:00:05.0: BAR 0 [io  0xc000-0xc03f]
[    0.899358] pci 0000:00:05.0: BAR 1 [mem 0xc1000000-0xc10003ff]
[    0.901464] pci 0000:00:06.0: [1af4:1005] type 00 class 0x00ff00 conventional PCI endpoint
[    0.910372] pci 0000:00:06.0: BAR 0 [io  0xc080-0xc09f]
[    0.911358] pci 0000:00:06.0: BAR 1 [mem 0xc1002000-0xc100203f]
[    0.924807] ACPI: PCI: Interrupt link LNKA configured for IRQ 10
[    0.926508] ACPI: PCI: Interrupt link LNKB configured for IRQ 10
[    0.928509] ACPI: PCI: Interrupt link LNKC configured for IRQ 11
[    0.930512] ACPI: PCI: Interrupt link LNKD configured for IRQ 11
[    0.932406] ACPI: PCI: Interrupt link LNKS configured for IRQ 9
[    0.937923] iommu: Default domain type: Translated
[    0.938341] iommu: DMA domain TLB invalidation policy: lazy mode
[    0.941618] SCSI subsystem initialized
[    0.942419] ACPI: bus type USB registered
[    0.943366] usbcore: registered new interface driver usbfs
[    0.944359] usbcore: registered new interface driver hub
[    0.945365] usbcore: registered new device driver usb
[    0.946375] pps_core: LinuxPPS API ver. 1 registered
[    0.947341] pps_core: Software ver. 5.3.6 - Copyright 2005-2007 Rodolfo Giometti <giometti@linux.it>
[    0.948345] PTP clock support registered
[    0.949398] EDAC MC: Ver: 3.0.0
[    0.950587] efivars: Registered efivars operations
[    0.952663] NetLabel: Initializing
[    0.953342] NetLabel:  domain hash size = 128
[    0.954341] NetLabel:  protocols = UNLABELED CIPSOv4 CALIPSO
[    0.955372] NetLabel:  unlabeled traffic allowed by default
[    0.956394] mctp: management component transport protocol core
[    0.957342] NET: Registered PF_MCTP protocol family
[    0.958361] PCI: Using ACPI for IRQ routing
[    0.959608] vgaarb: loaded
[    0.960584] clocksource: Switched to clocksource kvm-clock
[    0.963752] VFS: Disk quotas dquot_6.6.0
[    0.965334] VFS: Dquot-cache hash table entries: 512 (order 0, 4096 bytes)
[    0.968246] AppArmor: AppArmor Filesystem Enabled
[    0.969980] pnp: PnP ACPI init
[    0.971989] pnp: PnP ACPI: found 7 devices
[    0.980804] clocksource: acpi_pm: mask: 0xffffff max_cycles: 0xffffff, max_idle_ns: 2085701024 ns
[    0.984140] NET: Registered PF_INET protocol family
[    0.986344] IP idents hash table entries: 262144 (order: 9, 2097152 bytes, linear)
[    1.013188] tcp_listen_portaddr_hash hash table entries: 32768 (order: 7, 524288 bytes, linear)
[    1.016694] Table-perturb hash table entries: 65536 (order: 6, 262144 bytes, linear)
[    1.020458] TCP established hash table entries: 524288 (order: 10, 4194304 bytes, linear)
[    1.024377] TCP bind hash table entries: 65536 (order: 9, 2097152 bytes, linear)
[    1.027418] TCP: Hash tables configured (established 524288 bind 65536)
[    1.030478] MPTCP token hash table entries: 65536 (order: 9, 1572864 bytes, linear)
[    1.033840] UDP hash table entries: 32768 (order: 9, 2097152 bytes, linear)
[    1.037088] UDP-Lite hash table entries: 32768 (order: 9, 2097152 bytes, linear)
[    1.040298] NET: Registered PF_UNIX/PF_LOCAL protocol family
[    1.042448] NET: Registered PF_XDP protocol family
[    1.044350] pci_bus 0000:00: resource 4 [io  0x0000-0x0cf7 window]
[    1.046673] pci_bus 0000:00: resource 5 [io  0x0d00-0xffff window]
[    1.048991] pci_bus 0000:00: resource 6 [mem 0x000a0000-0x000bffff window]
[    1.051559] pci_bus 0000:00: resource 7 [mem 0xc0000000-0xc53fffff window]
[    1.054189] pci_bus 0000:00: resource 8 [mem 0xc5440000-0xee3fffff window]
[    1.056711] pci_bus 0000:00: resource 9 [mem 0xee440000-0xfebfefff window]
[    1.059196] pci_bus 0000:00: resource 10 [mem 0x1040000000-0x2103fffffff window]
[    1.062034] pci 0000:00:00.0: Limiting direct PCI/PCI transfers
[    1.064349] PCI: CLS 0 bytes, default 64
[    1.065959] PCI-DMA: Using software bounce buffering for IO (SWIOTLB)
[    1.068398] software IO TLB: mapped [mem 0x00000000b7f7f000-0x00000000bbf7f000] (64MB)
[    1.071385] clocksource: tsc: mask: 0xffffffffffffffff max_cycles: 0x212733415c7, max_idle_ns: 440795236380 ns
[    1.075573] clocksource: Switched to clocksource tsc
[    1.098651] Initialise system trusted keyrings
[    1.100480] Key type blacklist registered
[    1.102132] workingset: timestamp_bits=36 max_order=24 bucket_order=0
[    1.105095] squashfs: version 4.0 (2009/01/31) Phillip Lougher
[    1.107580] fuse: init (API version 7.44)
[    1.109613] integrity: Platform Keyring initialized
[    1.111401] integrity: Machine keyring initialized
[    1.128339] Key type asymmetric registered
[    1.129877] Asymmetric key parser 'x509' registered
[    1.131861] Block layer SCSI generic (bsg) driver version 0.4 loaded (major 242)
[    1.134869] io scheduler mq-deadline registered
[    1.138550] ledtrig-cpu: registered to indicate activity on CPUs
[    1.141111] input: Power Button as /devices/LNXSYSTM:00/LNXPWRBN:00/input/input0
[    1.144374] ACPI: button: Power Button [PWRF]
[    1.146083] input: Sleep Button as /devices/LNXSYSTM:00/LNXSLPBN:00/input/input1
[    1.148760] ACPI: button: Sleep Button [SLPF]
[    1.157717] ACPI: \_SB_.LNKC: Enabled at IRQ 11
[    1.159401] virtio-pci 0000:00:03.0: virtio_pci: leaving for legacy driver
[    1.169743] ACPI: \_SB_.LNKA: Enabled at IRQ 10
[    1.171539] virtio-pci 0000:00:05.0: virtio_pci: leaving for legacy driver
[    1.182807] ACPI: \_SB_.LNKB: Enabled at IRQ 10
[    1.184593] virtio-pci 0000:00:06.0: virtio_pci: leaving for legacy driver
[    1.192452] Serial: 8250/16550 driver, 32 ports, IRQ sharing enabled
[    1.217848] 00:03: ttyS0 at I/O 0x3f8 (irq = 4, base_baud = 115200) is a 16550A
[    1.243222] 00:04: ttyS1 at I/O 0x2f8 (irq = 3, base_baud = 115200) is a 16550A
[    1.268545] 00:05: ttyS2 at I/O 0x3e8 (irq = 6, base_baud = 115200) is a 16550A
[    1.293745] 00:06: ttyS3 at I/O 0x2e8 (irq = 7, base_baud = 115200) is a 16550A
[    1.298496] Linux agpgart interface v0.103
[    1.301313] tpm_tis MSFT0101:00: 2.0 TPM (device-id 0x9009, rev-id 0)
[    1.317007] loop: module loaded
[    1.321588] virtio_scsi virtio0: 1/0/0 default/read/poll queues
[    1.339332] scsi host0: Virtio SCSI HBA
[    1.340382] blk-mq: reduced tag depth to 10240
[    1.347008] Key type psk registered
[    1.347405] scsi 0:0:1:0: Direct-Access     Google   PersistentDisk   1    PQ: 0 ANSI: 6
[    1.348687] ACPI: bus type drm_connector registered
[    1.351725] tun: Universal TUN/TAP device driver, 1.6
[    1.480952] sd 0:0:1:0: Attached scsi generic sg0 type 0
[    1.484945] sd 0:0:1:0: [sda] 4194304000 512-byte logical blocks: (2.15 TB/1.95 TiB)
[    1.515847] sd 0:0:1:0: [sda] 4096-byte physical blocks
[    1.532088] sd 0:0:1:0: [sda] Write Protect is off
[    1.548778] sd 0:0:1:0: [sda] Write cache: enabled, read cache: enabled, doesn't support DPO or FUA
[    1.574431] PPP generic driver version 2.4.2
[    1.575848] i8042: PNP: PS/2 Controller [PNP0303:KBD,PNP0f13:MOU] at 0x60,0x64 irq 1,12
[    1.578061] i8042: Warning: Keylock active
[    1.581415] serio: i8042 KBD port at 0x60,0x64 irq 1
[    1.582747] serio: i8042 AUX port at 0x60,0x64 irq 12
[    1.584349] mousedev: PS/2 mouse device common for all mice
[    1.586097] rtc_cmos 00:00: RTC can wake from S4
[    1.588606] rtc_cmos 00:00: registered as rtc0
[    1.589915] rtc_cmos 00:00: setting system clock to 2026-05-07T22:27:55 UTC (1778192875)
[    1.592017] rtc_cmos 00:00: alarms up to one day, 114 bytes nvram
[    1.593485] i2c_dev: i2c /dev entries driver
[    1.594567] device-mapper: core: CONFIG_IMA_DISABLE_HTABLE is disabled. Duplicate IMA measurements will not be recorded in the IMA log.
[    1.597724] device-mapper: uevent: version 1.0.3
[    1.597854] GPT:Primary header thinks Alt. header is not at the end of the disk.
[    1.598994] device-mapper: ioctl: 4.50.0-ioctl (2025-04-28) initialised: dm-devel@lists.linux.dev
[    1.600787] GPT:104857599 != 4194303999
[    1.602971] intel_pstate: CPU model not supported
[    1.603921] GPT:Alternate GPT header not at the end of the disk.
[    1.605201] drop_monitor: Initializing network drop monitor service
[    1.606526] GPT:104857599 != 4194303999
[    1.606528] GPT: Use GNU Parted to correct GPT errors.
[    1.606537]  sda: sda1 sda14 sda15 sda16
[    1.606828] sd 0:0:1:0: [sda] Attached SCSI disk
[    1.608989] NET: Registered PF_INET6 protocol family
[    1.614331] Segment Routing with IPv6
[    1.615392] In-situ OAM (IOAM) with IPv6
[    1.616487] NET: Registered PF_PACKET protocol family
[    1.618087] Key type dns_resolver registered
[    1.623410] IPI shorthand broadcast: enabled
[    1.627354] sched_clock: Marking stable (1456004512, 170458517)->(1871569852, -245106823)
[    1.629954] registered taskstats version 1
[    1.633095] Loading compiled-in X.509 certificates
[    1.635161] Loaded X.509 cert 'Build time autogenerated kernel key: e45cb4cd1c398ae218369364b5dd9534d3664c1e'
[    1.638253] Loaded X.509 cert 'Canonical Ltd. Live Patch Signing 2025 Kmod: d541cef61dc7e793b7eb7e899970a2eef0b5dc8c'
[    1.641594] Loaded X.509 cert 'Canonical Ltd. Live Patch Signing: 14df34d1a87cf37625abec039ef2bf521249b969'
[    1.644640] Loaded X.509 cert 'Canonical Ltd. Kernel Module Signing: 88f752e560a1e0737e31163a466ad7b70a850c19'
[    1.647345] blacklist: Loading compiled-in revocation X.509 certificates
[    1.649198] Loaded X.509 cert 'Canonical Ltd. Secure Boot Signing: 61482aa2830d0ab2ad5af10b7250da9033ddcef0'
[    1.652225] Loaded X.509 cert 'Canonical Ltd. Secure Boot Signing (2017): 242ade75ac4a15e50d50c84b0d45ff3eae707a03'
[    1.655013] Loaded X.509 cert 'Canonical Ltd. Secure Boot Signing (ESM 2018): 365188c1d374d6b07c3c8f240f8ef722433d6a8b'
[    1.657918] Loaded X.509 cert 'Canonical Ltd. Secure Boot Signing (2019): c0746fd6c5da3ae827864651ad66ae47fe24b3e8'
[    1.660722] Loaded X.509 cert 'Canonical Ltd. Secure Boot Signing (2021 v1): a8d54bbb3825cfb94fa13c9f8a594a195c107b8d'
[    1.663613] Loaded X.509 cert 'Canonical Ltd. Secure Boot Signing (2021 v2): 4cf046892d6fd3c9a5b03f98d845f90851dc6a8c'
[    1.666519] Loaded X.509 cert 'Canonical Ltd. Secure Boot Signing (2021 v3): 100437bb6de6e469b581e61cd66bce3ef4ed53af'
[    1.669404] Loaded X.509 cert 'Canonical Ltd. Secure Boot Signing (Ubuntu Core 2019): c1d57b8f6b743f23ee41f4f7ee292f06eecadfb9'
[    1.679060] Demotion targets for Node 0: null
[    1.680509] Key type .fscrypt registered
[    1.681548] Key type fscrypt-provisioning registered
[    1.682932] Key type big_key registered
[    1.684025] Key type trusted registered
[    1.686685] Key type encrypted registered
[    1.687785] AppArmor: AppArmor sha256 policy hashing enabled
[    1.689788] integrity: Loading X.509 certificate: UEFI:db
[    1.691371] integrity: Loaded X.509 cert 'Microsoft Corporation UEFI CA 2011: 13adbf4309bd82709c8cd54f316ed522988a1bd4'
[    1.694467] integrity: Loading X.509 certificate: UEFI:db
[    1.695971] integrity: Loaded X.509 cert 'Microsoft Windows Production PCA 2011: a92902398e16c49778cd90f99e4f9ae17c55af53'
[    1.698783] integrity: Loading X.509 certificate: UEFI:db
[    1.700223] integrity: Loaded X.509 cert 'Microsoft Corporation: Windows UEFI CA 2023: aefc5fbbbe055d8f8daa585473499417ab5a5272'
[    1.703229] integrity: Loading X.509 certificate: UEFI:db
[    1.704665] integrity: Loaded X.509 cert 'Microsoft UEFI CA 2023: 81aa6b3244c935bce0d6628af39827421e32497d'
[    1.707510] integrity: Revoking X.509 certificate: UEFI:dbx
[    1.709028] blacklist: Revoked X.509 cert 'Canonical Ltd. Secure Boot Signing: 61482aa2830d0ab2ad5af10b7250da9033ddcef0'
[    1.711930] integrity: Revoking X.509 certificate: UEFI:dbx
[    1.713490] blacklist: Revoked X.509 cert 'Cisco: Virtual UEFI SubCA: 13df2e3f54ebf347dcaecebf21d3cbb2355a4c9a'
[    1.716171] integrity: Revoking X.509 certificate: UEFI:dbx
[    1.717704] blacklist: Revoked X.509 cert 'Debian Secure Boot Signer: 00a7468def'
[    1.720300] Loading compiled-in module X.509 certificates
[    1.722321] Loaded X.509 cert 'Build time autogenerated kernel key: e45cb4cd1c398ae218369364b5dd9534d3664c1e'
[    1.724886] ima: Allocated hash algorithm: sha256
[    1.761239] ima: No architecture policies found
[    1.762393] evm: Initialising EVM extended attributes:
[    1.763790] evm: security.selinux
[    1.764675] evm: security.SMACK64
[    1.765581] evm: security.SMACK64EXEC
[    1.766563] evm: security.SMACK64TRANSMUTE
[    1.767634] evm: security.SMACK64MMAP
[    1.768624] evm: security.apparmor
[    1.769506] evm: security.ima
[    1.770285] evm: security.capability
[    1.771226] evm: HMAC attrs: 0x1
[    1.772483] PM:   Magic number: 10:779:501
[    1.776451] RAS: Correctable Errors collector initialized.
[    1.788125] input: AT Translated Set 2 keyboard as /devices/platform/i8042/serio0/input/input2
[    1.795746] clk: Disabling unused clocks
[    1.796870] PM: genpd: Disabling unused power domains
[    1.799104] check access for rdinit=/init failed: -2, ignoring
[    1.799997] md: Waiting for all devices to be available before autodetect
[    1.801142] md: If you don't use raid, use raid=noautodetect
[    1.802016] md: Autodetecting RAID arrays.
[    1.802632] md: autorun ...
[    1.803110] md: ... autorun DONE.
[    1.813057] EXT4-fs (sda1): mounted filesystem 89fcf612-67c3-434b-97ea-2cfdbfe01b5b ro with ordered data mode. Quota mode: none.
[    1.814879] VFS: Mounted root (ext4 filesystem) readonly on device 8:1.
[    1.817761] devtmpfs: mounted
[    1.820344] Freeing unused decrypted memory: 2028K
[    1.823051] Freeing unused kernel image (initmem) memory: 5404K
[    1.824203] Write protecting the kernel read-only data: 38912k
[    1.825816] Freeing unused kernel image (text/rodata gap) memory: 320K
[    1.827341] Freeing unused kernel image (rodata/data gap) memory: 776K
[    1.887761] x86/mm: Checked W+X mappings: passed, no W+X pages found.
[    1.888740] x86/mm: Checking user space page tables
[    1.946668] x86/mm: Checked W+X mappings: passed, no W+X pages found.
[    1.947583] Run /sbin/init as init process
[    2.157809] systemd[1]: Inserted module 'autofs4'
[    2.304710] systemd[1]: systemd 255.4-1ubuntu8.15 running in system mode (+PAM +AUDIT +SELINUX +APPARMOR +IMA +SMACK +SECCOMP +GCRYPT -GNUTLS +OPENSSL +ACL +BLKID +CURL +ELFUTILS +FIDO2 +IDN2 -IDN +IPTC +KMOD +LIBCRYPTSETUP +LIBFDISK +PCRE2 -PWQUALITY +P11KIT +QRENCODE +TPM2 +BZIP2 +LZ4 +XZ +ZLIB +ZSTD -BPF_FRAMEWORK -XKBCOMMON +UTMP +SYSVINIT default-hierarchy=unified)
[    2.309502] systemd[1]: Detected virtualization google.
[    2.310305] systemd[1]: Detected architecture x86-64.

Welcome to [1mUbuntu 24.04.4 LTS[0m!

[    2.318563] systemd[1]: No hostname configured, using default hostname.
[    2.319755] systemd[1]: Hostname set to <localhost>.
[    2.730383] systemd[1]: Queued start job for default target graphical.target.
[    2.753125] systemd[1]: Created slice system-modprobe.slice - Slice /system/modprobe.
[[0;32m  OK  [0m] Created slice [0;1;39msystem-modprobe.slice[0m - Slice /system/modprobe.
[    2.758768] systemd[1]: Created slice system-serial\x2dgetty.slice - Slice /system/serial-getty.
[[0;32m  OK  [0m] Created slice [0;1;39msystem-serial\x2dget…slice[0m - Slice /system/serial-getty.
[    2.764188] systemd[1]: Created slice system-systemd\x2dfsck.slice - Slice /system/systemd-fsck.
[[0;32m  OK  [0m] Created slice [0;1;39msystem-systemd\x2dfs…slice[0m - Slice /system/systemd-fsck.
[    2.769048] systemd[1]: Created slice user.slice - User and Session Slice.
[[0;32m  OK  [0m] Created slice [0;1;39muser.slice[0m - User and Session Slice.
[    2.772608] systemd[1]: Started systemd-ask-password-wall.path - Forward Password Requests to Wall Directory Watch.
[[0;32m  OK  [0m] Started [0;1;39msystemd-ask-password-wall.…[0md Requests to Wall Directory Watch.
[    2.777757] systemd[1]: Set up automount proc-sys-fs-binfmt_misc.automount - Arbitrary Executable File Formats File System Automount Point.
[[0;32m  OK  [0m] Set up automount [0;1;39mproc-sys-fs-binfm…[0mormats File System Automount Point.
[    2.782537] systemd[1]: Expecting device dev-disk-by\x2dlabel-BOOT.device - /dev/disk/by-label/BOOT...
         Expecting device [0;1;39mdev-disk-by\x2dla…device[0m - /dev/disk/by-label/BOOT...
[    2.786515] systemd[1]: Expecting device dev-disk-by\x2dlabel-UEFI.device - /dev/disk/by-label/UEFI...
         Expecting device [0;1;39mdev-disk-by\x2dla…device[0m - /dev/disk/by-label/UEFI...
[    2.790512] systemd[1]: Expecting device dev-ttyS0.device - /dev/ttyS0...
         Expecting device [0;1;39mdev-ttyS0.device[0m - /dev/ttyS0...
[    2.794563] systemd[1]: Reached target integritysetup.target - Local Integrity Protected Volumes.
[[0;32m  OK  [0m] Reached target [0;1;39mintegritysetup.targ…[0m Local Integrity Protected Volumes.
[    2.799556] systemd[1]: Reached target slices.target - Slice Units.
[[0;32m  OK  [0m] Reached target [0;1;39mslices.target[0m - Slice Units.
[    2.803545] systemd[1]: Reached target snapd.mounts-pre.target - Mounting snaps.
[[0;32m  OK  [0m] Reached target [0;1;39msnapd.mounts-pre.target[0m - Mounting snaps.
[    2.807537] systemd[1]: Reached target swap.target - Swaps.
[[0;32m  OK  [0m] Reached target [0;1;39mswap.target[0m - Swaps.
[    2.811532] systemd[1]: Reached target time-set.target - System Time Set.
[[0;32m  OK  [0m] Reached target [0;1;39mtime-set.target[0m - System Time Set.
[    2.815568] systemd[1]: Reached target veritysetup.target - Local Verity Protected Volumes.
[[0;32m  OK  [0m] Reached target [0;1;39mveritysetup.target[0m - Local Verity Protected Volumes.
[    2.819643] systemd[1]: Listening on dm-event.socket - Device-mapper event daemon FIFOs.
[[0;32m  OK  [0m] Listening on [0;1;39mdm-event.socket[0m - Device-mapper event daemon FIFOs.
[    2.823714] systemd[1]: Listening on lvm2-lvmpolld.socket - LVM2 poll daemon socket.
[[0;32m  OK  [0m] Listening on [0;1;39mlvm2-lvmpolld.socket[0m - LVM2 poll daemon socket.
[    2.827665] systemd[1]: Listening on multipathd.socket - multipathd control socket.
[[0;32m  OK  [0m] Listening on [0;1;39mmultipathd.socket[0m - multipathd control socket.
[    2.831690] systemd[1]: Listening on syslog.socket - Syslog Socket.
[[0;32m  OK  [0m] Listening on [0;1;39msyslog.socket[0m - Syslog Socket.
[    2.835652] systemd[1]: Listening on systemd-fsckd.socket - fsck to fsckd communication Socket.
[[0;32m  OK  [0m] Listening on [0;1;39msystemd-fsckd.socket[0m …fsck to fsckd communication Socket.
[    2.839592] systemd[1]: Listening on systemd-initctl.socket - initctl Compatibility Named Pipe.
[[0;32m  OK  [0m] Listening on [0;1;39msystemd-initctl.socke…[0m- initctl Compatibility Named Pipe.
[    2.843681] systemd[1]: Listening on systemd-journald-dev-log.socket - Journal Socket (/dev/log).
[[0;32m  OK  [0m] Listening on [0;1;39msystemd-journald-dev-…socket[0m - Journal Socket (/dev/log).
[    2.848688] systemd[1]: Listening on systemd-journald.socket - Journal Socket.
[[0;32m  OK  [0m] Listening on [0;1;39msystemd-journald.socket[0m - Journal Socket.
[    2.852748] systemd[1]: Listening on systemd-networkd.socket - Network Service Netlink Socket.
[[0;32m  OK  [0m] Listening on [0;1;39msystemd-networkd.socket[0m - Network Service Netlink Socket.
[    2.857558] systemd[1]: systemd-pcrextend.socket - TPM2 PCR Extension (Varlink) was skipped because of an unmet condition check (ConditionSecurity=measured-uki).
[    2.859953] systemd[1]: Listening on systemd-udevd-control.socket - udev Control Socket.
[[0;32m  OK  [0m] Listening on [0;1;39msystemd-udevd-control.socket[0m - udev Control Socket.
[    2.864696] systemd[1]: Listening on systemd-udevd-kernel.socket - udev Kernel Socket.
[[0;32m  OK  [0m] Listening on [0;1;39msystemd-udevd-kernel.socket[0m - udev Kernel Socket.
[    2.886588] systemd[1]: Mounting dev-hugepages.mount - Huge Pages File System...
         Mounting [0;1;39mdev-hugepages.mount[0m - Huge Pages File System...
[    2.891789] systemd[1]: Mounting dev-mqueue.mount - POSIX Message Queue File System...
         Mounting [0;1;39mdev-mqueue.mount[0m - POSIX Message Queue File System...
[    2.896594] systemd[1]: Mounting sys-kernel-debug.mount - Kernel Debug File System...
         Mounting [0;1;39msys-kernel-debug.mount[0m - Kernel Debug File System...
[    2.901598] systemd[1]: Mounting sys-kernel-tracing.mount - Kernel Trace File System...
         Mounting [0;1;39msys-kernel-tracing.mount[0m - Kernel Trace File System...
[    2.909978] systemd[1]: Starting systemd-journald.service - Journal Service...
         Starting [0;1;39msystemd-journald.service[0m - Journal Service...
[    2.916009] systemd[1]: Starting keyboard-setup.service - Set the console keyboard layout...
         Starting [0;1;39mkeyboard-setup.service[0m - Set the console keyboard layout...
[    2.921929] systemd[1]: Starting kmod-static-nodes.service - Create List of Static Device Nodes...
         Starting [0;1;39mkmod-static-nodes.service[0m…eate List of Static Device Nodes...
[    2.927841] systemd[1]: Starting lvm2-monitor.service - Monitoring of LVM2 mirrors, snapshots etc. using dmeventd or progress polling...
         Starting [0;1;39mlvm2-monitor.service[0m - Mo…ing dmeventd or progress polling...
[    2.933726] systemd[1]: Starting modprobe@configfs.service - Load Kernel Module configfs...
[    2.933826] systemd-journald[283]: Collecting audit messages is disabled.
         Starting [0;1;39mmodprobe@configfs.service[0m - Load Kernel Module configfs...
[    2.940668] systemd[1]: Starting modprobe@dm_mod.service - Load Kernel Module dm_mod...
         Starting [0;1;39mmodprobe@dm_mod.service[0m - Load Kernel Module dm_mod...
[    2.945650] systemd[1]: Starting modprobe@drm.service - Load Kernel Module drm...
         Starting [0;1;39mmodprobe@drm.service[0m - Load Kernel Module drm...
[    2.950643] systemd[1]: Starting modprobe@efi_pstore.service - Load Kernel Module efi_pstore...
         Starting [0;1;39mmodprobe@efi_pstore.servi…[0m - Load Kernel Module efi_pstore...
[    2.954815] systemd[1]: Starting modprobe@fuse.service - Load Kernel Module fuse...
         Starting [0;1;39mmodprobe@fuse.service[0m - Load Kernel Module fuse...
[    2.959770] systemd[1]: Starting modprobe@loop.service - Load Kernel Module loop...
         Starting [0;1;39mmodprobe@loop.service[0m - Load Kernel Module loop..[    2.962201] pstore: Using crash dump compression: deflate
.
[    2.964559] systemd[1]: Starting modprobe@nvme_fabrics.service - Load Kernel Module nvme_fabrics...
         Starting [0;1;39mmodprobe@nvme_fabrics.ser…[0m Load Kernel Module nvme_fabrics...
[    2.968097] systemd[1]: netplan-ovs-cleanup.service - OpenVSwitch configuration for cleanup was skipped because of an unmet condition check (ConditionFileIsExecutable=/usr/bin/ovs-vsctl).
[    2.968992] pstore: Registered efi_pstore as persistent store backend
[    2.971891] systemd[1]: Starting systemd-fsck-root.service - File System Check on Root Device...
         Starting [0;1;39msystemd-fsck-root.service[0m…File System Check on Root Device...
[    2.977732] systemd[1]: Starting systemd-modules-load.service - Load Kernel Modules...
         Starting [0;1;39msystemd-modules-load.service[0m - Load Kernel Modules...
[    2.981550] systemd[1]: systemd-pcrmachine.service - TPM2 PCR Machine ID Measurement was skipped because of an unmet condition check (ConditionSecurity=measured-uki).
[    2.983799] systemd[1]: systemd-tpm2-setup-early.service - TPM2 SRK Setup (Early) was skipped because of an unmet condition check (ConditionSecurity=measured-uki).
[    2.987327] systemd[1]: Starting systemd-udev-trigger.service - Coldplug All udev Devices...
         Starting [0;1;39msystemd-udev-trigger.service[0m - Coldplug All udev Devices...
[    2.990517] systemd[1]: Started systemd-journald.service - Journal Service.
[[0;32m  OK  [0m] Started [0;1;39msystemd-journald.service[0m - Journal Service.
[[0;32m  OK  [0m] Mounted [0;1;39mdev-hugepages.mount[0m - Huge Pages File System.
[[0;32m  OK  [0m] Mounted [0;1;39mdev-mqueue.mount[0m - POSIX Message Queue File System.
[[0;32m  OK  [0m] Mounted [0;1;39msys-kernel-debug.mount[0m - Kernel Debug File System.
[[0;32m  OK  [0m] Mounted [0;1;39msys-kernel-tracing.mount[0m - Kernel Trace File System.
[[0;32m  OK  [0m] Finished [0;1;39mkeyboard-setup.service[0m - Set the console keyboard layout.
[[0;32m  OK  [0m] Finished [0;1;39mkmod-static-nodes.service[0m…Create List of Static Device Nodes.
[[0;32m  OK  [0m] Finished [0;1;39mmodprobe@configfs.service[0m - Load Kernel Module configfs.
[[0;32m  OK  [0m] Finished [0;1;39mmodprobe@dm_mod.service[0m - Load Kernel Module dm_mod.
[[0;32m  OK  [0m] Finished [0;1;39mmodprobe@drm.service[0m - Load Kernel Module drm.
[[0;32m  OK  [0m] Finished [0;1;39mmodprobe@efi_pstore.service[0m - Load Kernel Module efi_pstore.
[[0;32m  OK  [0m] Finished [0;1;39mmodprobe@fuse.service[0m - Load Kernel Module fuse.
[[0;32m  OK  [0m] Finished [0;1;39mmodprobe@loop.service[0m - Load Kernel Module loop.
[[0;32m  OK  [0m] Finished [0;1;39mmodprobe@nvme_fabrics.ser…[0m - Load Kernel Module nvme_fabrics.
[[0;32m  OK  [0m] Finished [0;1;39msystemd-modules-load.service[0m - Load Kernel Modules.
         Mounting [0;1;39msys-fs-fuse-connections.mount[0m - FUSE Control File System...
         Mounting [0;1;39msys-kernel-config.mount[0m - Kernel Configuration File System...
[[0;32m  OK  [0m] Started [0;1;39msystemd-fsckd.service[0m - Fi…stem Check Daemon to report status.
         Starting [0;1;39msystemd-sysctl.service[0m - Apply Kernel Variables...
         Starting [0;1;39msystemd-tmpfiles-setup-de…[0m Device Nodes in /dev gracefully...
[[0;32m  OK  [0m] Finished [0;1;39msystemd-fsck-root.service[0m - File System Check on Root Device.
[[0;32m  OK  [0m] Mounted [0;1;39msys-fs-fuse-connections.mount[0m - FUSE Control File System.
[[0;32m  OK  [0m] Mounted [0;1;39msys-kernel-config.mount[0m - Kernel Configuration File System.
[[0;32m  OK  [0m] Finished [0;1;39mlvm2-monitor.service[0m - Mo…using dmeventd or progress polling.
         Starting [0;1;39msystemd-remount-fs.servic…[0munt Root and Kernel File Systems...
[[0;32m  OK  [0m] Finished [0;1;39msystemd-sysctl.service[0m - Apply Kernel Variables.
[[0;32m  OK  [0m] Finished [0;1;39msystemd-tmpfiles-setup-de…[0mic Device Nodes in /dev gracefully.
[[0;32m  OK  [0m] Finished [0;1;39msystemd-remount-fs.servic…[0mmount Root and Kernel File Systems.
         Starting [0;1;39mmultipathd.service[0m - Devi…pper Multipath Device Controller...
         Starting [0;1;39msystemd-journal-flush.ser…[0msh Journal to Persistent Storage...
         Starting [0;1;39msystemd-random-seed.service[0m - Load/Save OS Random Seed...
         Starting [0;1;39msystemd-tmpfiles-setup-de…[0meate Static Device Nodes in /dev...
[[0;32m  OK  [0m] Finished [0;1;39msystemd-udev-trigger.service[0m - Coldplug All udev Devices.
[[0;32m  OK  [0m] Finished [0;1;39msystemd-random-seed.service[0m - Load/Save OS Random Seed.
[[0;32m  OK  [0m] Finished [0;1;39msystemd-tmpfiles-setup-de…[0mCreate Static Device Nodes in /dev.
         Starting [0;1;39msystemd-udevd.service[0m - R…ager for Device Events and Files...
[[0;32m  OK  [0m] Started [0;1;39mmultipathd.service[0m - Devic…Mapper Multipath Device Controller.
[[0;32m  OK  [0m] Started [0;1;39msystemd-udevd.service[0m - Ru…anager for Device Events and Files.
[[0;32m  OK  [0m] Reached target [0;1;39mlocal-fs-pre.target[0m…Preparation for Local File Systems.
         Mounting [0;1;39msnap-core22-2411.mount[0m - …t unit for core22, revision 2411...
         Mounting [0;1;39msnap-google\x2dcloud\x2dc…[0mr google-cloud-cli, revision 448...
         Mounting [0;1;39msnap-snapd-26865.mount[0m - …t unit for snapd, revision 26865...
[[0;32m  OK  [0m] Started [0;1;39msystemd-ask-password-conso…[0mequests to Console Directory Watch.
[[0;32m  OK  [0m] Reached target [0;1;39mcryptsetup.target[0m - Local Encrypted Volumes.
[[0;32m  OK  [0m] Mounted [0;1;39msnap-core22-2411.mount[0m - Mount unit for core22, revision 2411.
[[0;32m  OK  [0m] Finished [0;1;39msystemd-journal-flush.ser…[0mlush Journal to Persistent Storage.
[[0;32m  OK  [0m] Mounted [0;1;39msnap-google\x2dcloud\x2dcl…[0mfor google-cloud-cli, revision 448.
[[0;32m  OK  [0m] Mounted [0;1;39msnap-snapd-26865.mount[0m - Mount unit for snapd, revision 26865.
[[0;32m  OK  [0m] Found device [0;1;39mdev-ttyS0.device[0m - /dev/ttyS0.
[[0;32m  OK  [0m] Found device [0;1;39mdev-disk-by\x2dlabel-BOOT.device[0m - PersistentDisk BOOT.
[[0;32m  OK  [0m] Found device [0;1;39mdev-disk-by\x2dlabel-UEFI.device[0m - PersistentDisk UEFI.
[[0;32m  OK  [0m] Reached target [0;1;39msnapd.mounts.target[0m - Mounted snaps.
[[0;32m  OK  [0m] Listening on [0;1;39msystemd-rfkill.socket[0m…ll Switch Status /dev/rfkill Watch.
[    3.647852] 
         Starting [0;1;39msystemd-fsck@dev-disk-by\…[0mCheck on /dev/disk/by-label/BOOT...
         Starting [0;1;39msystemd-fsck@dev-disk-by\…[0mCheck on /dev/disk/by-label/UEFI...
Checking in progress on 1 disk (0.0% complete)[[0;32m  OK  [0m] Finished [0;1;39msystemd-fsck@dev-disk-by\…[0mm Check on /dev/disk/by-label/BOOT.
Checking in progress on 0 disks (100.0% complete)[[0;32m  OK  [0m] Finished [0;1;39msystemd-fsck@dev-disk-by\…[0mm Check on /dev/disk/by-label/UEFI.
         Mounting [0;1;39mboot.mount[0m - /boot...
[[0;32m  OK  [0m] Mounted [0;1;39mboot.mount[0m - /boot.
         Mounting [0;1;39mboot-efi.mount[0m - /boot/efi...
[[0;32m  OK  [0m] Mounted [0;1;39mboot-efi.mount[0m - /boot/efi.
[[0;32m  OK  [0m] Reached target [0;1;39mlocal-fs.target[0m - Local File Systems.
[[0;32m  OK  [0m] Listening on [0;1;39msystemd-sysext.socket[0m…tension Image Management (Varlink).
         Starting [0;1;39mapparmor.service[0m - Load AppArmor profiles...
         Starting [0;1;39mconsole-setup.service[0m - Set console font and keymap...
         Starting [0;1;39mfinalrd.service[0m - Create …time dir for shutdown pivot root...
         Starting [0;1;39mplymouth-read-write.servi…[0mymouth To Write Out Runtime Data...
         Starting [0;1;39msystemd-binfmt.service[0m - Set Up Additional Binary Formats...
         Starting [0;1;39msystemd-tmpfiles-setup.se…[0me Volatile Files and Directories...
         Starting [0;1;39mufw.service[0m - Uncomplicated firewall...
[[0;32m  OK  [0m] Finished [0;1;39mconsole-setup.service[0m - Set console font and keymap.
[[0;32m  OK  [0m] Finished [0;1;39mfinalrd.service[0m - Create …untime dir for shutdown pivot root.
[[0;32m  OK  [0m] Finished [0;1;39mplymouth-read-write.servi…[0mPlymouth To Write Out Runtime Data.
[[0;32m  OK  [0m] Finished [0;1;39mapparmor.service[0m - Load AppArmor profiles.
[[0;32m  OK  [0m] Finished [0;1;39msystemd-tmpfiles-setup.se…[0mate Volatile Files and Directories.
[[0;32m  OK  [0m] Finished [0;1;39mufw.service[0m - Uncomplicated firewall.
         Mounting [0;1;39mproc-sys-fs-binfmt_misc.m…[0mcutable File Formats File System...
         Starting [0;1;39msnapd.apparmor.service[0m - …iles managed internally by snapd...
         Starting [0;1;39msystemd-resolved.service[0m - Network Name Resolution...
         Starting [0;1;39msystemd-update-utmp.servi…[0mord System Boot/Shutdown in UTMP...
         Starting [0;1;39mcloud-init-local.service[0m …-init: Local Stage (pre-network)...
[[0;32m  OK  [0m] Mounted [0;1;39mproc-sys-fs-binfmt_misc.mo…[0mxecutable File Formats File System.
[[0;32m  OK  [0m] Finished [0;1;39msystemd-binfmt.service[0m - Set Up Additional Binary Formats.
         Starting [0;1;39mmodprobe@dm_mod.service[0m - Load Kernel Module dm_mod...
         Starting [0;1;39mmodprobe@efi_pstore.servi…[0m - Load Kernel Module efi_pstore...
         Starting [0;1;39mmodprobe@loop.service[0m - Load Kernel Module loop...
[[0;32m  OK  [0m] Finished [0;1;39msystemd-update-utmp.servi…[0mecord System Boot/Shutdown in UTMP.
[[0;32m  OK  [0m] Finished [0;1;39mmodprobe@dm_mod.service[0m - Load Kernel Module dm_mod.
[[0;32m  OK  [0m] Finished [0;1;39mmodprobe@efi_pstore.service[0m - Load Kernel Module efi_pstore.
[[0;32m  OK  [0m] Finished [0;1;39mmodprobe@loop.service[0m - Load Kernel Module loop.
[[0;32m  OK  [0m] Started [0;1;39msystemd-resolved.service[0m - Network Name Resolution.
[[0;32m  OK  [0m] Reached target [0;1;39mnss-lookup.target[0m - Host and Network Name Lookups.
[[0;32m  OK  [0m] Finished [0;1;39msnapd.apparmor.service[0m - …ofiles managed internally by snapd.
[    6.009398] cloud-init[713]: Cloud-init v. 25.3-0ubuntu1~24.04.1 running 'init-local' at Thu, 07 May 2026 22:28:00 +0000. Up 5.98 seconds.
         Starting [0;1;39mmodprobe@dm_mod.service[0m - Load Kernel Module dm_mod...
         Starting [0;1;39mmodprobe@efi_pstore.servi…[0m - Load Kernel Module efi_pstore...
         Starting [0;1;39mmodprobe@loop.service[0m - Load Kernel Module loop...
[[0;32m  OK  [0m] Finished [0;1;39mmodprobe@dm_mod.service[0m - Load Kernel Module dm_mod.
[[0;32m  OK  [0m] Finished [0;1;39mmodprobe@efi_pstore.service[0m - Load Kernel Module efi_pstore.
[[0;32m  OK  [0m] Finished [0;1;39mmodprobe@loop.service[0m - Load Kernel Module loop.
         Starting [0;1;39mmodprobe@dm_mod.service[0m - Load Kernel Module dm_mod...
         Starting [0;1;39mmodprobe@efi_pstore.servi…[0m - Load Kernel Module efi_pstore...
         Starting [0;1;39mmodprobe@loop.service[0m - Load Kernel Module loop...
[[0;32m  OK  [0m] Finished [0;1;39mmodprobe@dm_mod.service[0m - Load Kernel Module dm_mod.
[[0;32m  OK  [0m] Finished [0;1;39mmodprobe@efi_pstore.service[0m - Load Kernel Module efi_pstore.
[[0;32m  OK  [0m] Finished [0;1;39mmodprobe@loop.service[0m - Load Kernel Module loop.
[[0;32m  OK  [0m] Finished [0;1;39mcloud-init-local.service[0m …ud-init: Local Stage (pre-network).
[[0;32m  OK  [0m] Reached target [0;1;39mnetwork-pre.target[0m - Preparation for Network.
         Starting [0;1;39msystemd-networkd.service[0m - Network Configuration...
[[0;32m  OK  [0m] Started [0;1;39msystemd-networkd.service[0m - Network Configuration.
[[0;32m  OK  [0m] Reached target [0;1;39mnetwork.target[0m - Network.
         Starting [0;1;39msystemd-networkd-wait-onl…[0mait for Network to be Configured...
[[0;32m  OK  [0m] Finished [0;1;39msystemd-networkd-wait-onl…[0m Wait for Network to be Configured.
         Starting [0;1;39mcloud-init.service[0m - Cloud-init: Network Stage...
[    9.058300] cloud-init[809]: Cloud-init v. 25.3-0ubuntu1~24.04.1 running 'init' at Thu, 07 May 2026 22:28:03 +0000. Up 9.03 seconds.
[    9.071190] cloud-init[809]: ci-info: ++++++++++++++++++++++++++++++++++++++Net device info+++++++++++++++++++++++++++++++++++++++
[    9.084184] cloud-init[809]: ci-info: +--------+------+---------------------------+-----------------+--------+-------------------+
[    9.097155] cloud-init[809]: ci-info: | Device |  Up  |          Address          |       Mask      | Scope  |     Hw-Address    |
[    9.110209] cloud-init[809]: ci-info: +--------+------+---------------------------+-----------------+--------+-------------------+
[    9.123158] cloud-init[809]: ci-info: |  ens5  | True |        10.128.0.40        | 255.255.255.255 | global | 42:01:0a:80:00:28 |
[    9.136125] cloud-init[809]: ci-info: |  ens5  | True | fe80::4001:aff:fe80:28/64 |        .        |  link  | 42:01:0a:80:00:28 |
[    9.149138] cloud-init[809]: ci-info: |   lo   | True |         127.0.0.1         |    255.0.0.0    |  host  |         .         |
[    9.162150] cloud-init[809]: ci-info: |   lo   | True |          ::1/128          |        .        |  host  |         .         |
[    9.175145] cloud-init[809]: ci-info: +--------+------+---------------------------+-----------------+--------+-------------------+
[    9.188176] cloud-init[809]: ci-info: +++++++++++++++++++++++++++++++Route IPv4 info++++++++++++++++++++++++++++++++
[    9.201152] cloud-init[809]: ci-info: +-------+-----------------+------------+-----------------+-----------+-------+
[    9.214191] cloud-init[809]: ci-info: | Route |   Destination   |  Gateway   |     Genmask     | Interface | Flags |
[    9.227172] cloud-init[809]: ci-info: +-------+-----------------+------------+-----------------+-----------+-------+
[    9.239159] cloud-init[809]: ci-info: |   0   |     0.0.0.0     | 10.128.0.1 |     0.0.0.0     |    ens5   |   UG  |
[    9.251142] cloud-init[809]: ci-info: |   1   |    10.128.0.1   |  0.0.0.0   | 255.255.255.255 |    ens5   |   UH  |
[    9.263151] cloud-init[809]: ci-info: |   2   | 169.254.169.254 | 10.128.0.1 | 255.255.255.255 |    ens5   |  UGH  |
[    9.275145] cloud-init[809]: ci-info: +-------+-----------------+------------+-----------------+-----------+-------+
[    9.288148] cloud-init[809]: ci-info: +++++++++++++++++++Route IPv6 info+++++++++++++++++++
[    9.298157] cloud-init[809]: ci-info: +-------+-------------+---------+-----------+-------+
[    9.307198] cloud-init[809]: ci-info: | Route | Destination | Gateway | Interface | Flags |
[    9.316177] cloud-init[809]: ci-info: +-------+-------------+---------+-----------+-------+
[    9.325183] cloud-init[809]: ci-info: |   0   |  fe80::/64  |    ::   |    ens5   |   U   |
[    9.335113] cloud-init[809]: ci-info: |   2   |    local    |    ::   |    ens5   |   U   |
[    9.344190] cloud-init[809]: ci-info: |   3   |  multicast  |    ::   |    ens5   |   U   |
[    9.354136] cloud-init[809]: ci-info: +-------+-------------+---------+-----------+-------+
[   14.593492] cloud-init[809]: Generating public/private rsa key pair.
[   14.601196] cloud-init[809]: Your identification has been saved in /etc/ssh/ssh_host_rsa_key
[   14.611164] cloud-init[809]: Your public key has been saved in /etc/ssh/ssh_host_rsa_key.pub
[   14.620227] cloud-init[809]: The key fingerprint is:
[   14.626250] cloud-init[809]: SHA256:nLtsWnms8+9nuWXIljgGRXxJwnaeEWZ94WHbeJGotcc root@loadgen-bsbg
[   14.636157] cloud-init[809]: The key's randomart image is:
[   14.642161] cloud-init[809]: +---[RSA 3072]----+
[   14.648229] cloud-init[809]: |           oo.*Oo|
[   14.654331] cloud-init[809]: |           .+*BoB|
[   14.660167] cloud-init[809]: |           .+++=+|
[[0;32m  OK  [0m] Finished [0;1;39mcloud-init.service[0m - Cloud-init: Network Stage.
[   14.667150] cloud-init[809]: |       . . o .oE |
[[0;32m  OK  [0m] Reached target [0;1;39mcloud-config.target[0m - Cloud-config availability.
[   14.681215] cloud-init[809]: |        S .   .  |
[[0;32m  OK  [0m] Reached target [0;1;39mnetwork-online.target[0m - Network is Online.
[   14.697190] cloud-init[809]: |         + . o o |
[[0;32m  OK  [0m] Reached target [0;1;39msysinit.target[0m - System Initialization.
[   14.712200] cloud-init[809]: |        + o + =.o|
[[0;32m  OK  [0m] Started [0;1;39mnvidia-cdi-refresh.path[0m - …r toolkit install / upgrade events.
[   14.727162] cloud-init[809]: |       oo+ . o+o |
[   14.744157] cloud-init[809]: |      .o+o.ooo.. |
[[0;32m  OK  [0m] Started [0;1;39mgce-workload-cert-refresh.…[0mWorkload Certificate refresh timer.
[   14.744257] cloud-init[809]: +----[SHA256]-----+
[[0;32m  OK  [0m] Started [0;1;39mgoogle-oslogin-cache.timer[0m - NSS cache refresh timer.
[   14.760255] cloud-init[809]: Generating public/private ecdsa key pair.
[[0;32m  OK  [0m] Started [0;1;39msystemd-tmpfiles-clean.tim…[0my Cleanup of Temporary Directories.
[   14.782135] cloud-init[809]: Your identification has been saved in /etc/ssh/ssh_host_ecdsa_key
[[0;32m  OK  [0m] Started [0;1;39mupdate-notifier-download.t…[0mhat failed at package install time.
[   14.803145] cloud-init[809]: Your public key has been saved in /etc/ssh/ssh_host_ecdsa_key.pub
[[0;32m  OK  [0m] Reached target [0;1;39mpaths.target[0m - Path Units.
[   14.823171] cloud-init[809]: The key fingerprint is:
[   14.836131] cloud-init[809]: SHA256:vfzrkPIH+1Whxa6g2xn6cPSsYxt2yD4cVDtS9g6FC2U root@loadgen-bsbg
[[0;32m  OK  [0m] Listening on [0;1;39mcloud-init-hotplugd.s…t[0m - cloud-init hotplug hook socket.
[   14.836260] cloud-init[809]: The key's randomart image is:
[[0;32m  OK  [0m] Listening on [0;1;39mdbus.socket[0m - D-Bus System Message Bus Socket.
[   14.863180] cloud-init[809]: +---[ECDSA 256]---+
         Starting [0;1;39mdocker.socket[0m - Docker Socket for the API...
[   14.877153] cloud-init[809]: |            .E.  |
[   14.890174] cloud-init[809]: |           ..=.. |
[[0;32m  OK  [0m] Listening on [0;1;39miscsid.socket[0m - Open-iSCSI iscsid Socket.
[   14.890277] cloud-init[809]: |            = =+ |
         Starting [0;1;39mlxd-installer.socket[0m - He…er to install lxd snap on demand...
[   14.911183] cloud-init[809]: |         . o =+..|
         Starting [0;1;39msnapd.socket[0m - Socket activation for snappy daemon...
[   14.927195] cloud-init[809]: |        S oo..+..|
[[0;32m  OK  [0m] Listening on [0;1;39mssh.socket[0m - OpenBSD Secure Shell server socket.
[   14.942164] cloud-init[809]: |         .=+= .o |
[[0;32m  OK  [0m] Listening on [0;1;39muuidd.socket[0m - UUID daemon activation socket.
[   14.960186] cloud-init[809]: |        .o*X.=.  |
[[0;32m  OK  [0m] Finished [0;1;39mblk-availability.service[0m - Availability of block devices.
[   14.975187] cloud-init[809]: |         oXBB.   |
[[0;32m  OK  [0m] Listening on [0;1;39mdocker.socket[0m - Docker Socket for the API.
[   14.991236] cloud-init[809]: |         o+@O.   |
[[0;32m  OK  [0m] Listening on [0;1;39mlxd-installer.socket[0m …lper to install lxd snap on demand.
[   15.006162] cloud-init[809]: +----[SHA256]-----+
[[0;32m  OK  [0m] Listening on [0;1;39msnapd.socket[0m - Socket activation for snappy daemon.
[   15.023139] cloud-init[809]: Generating public/private ed25519 key pair.
[[0;32m  OK  [0m] Reached target [0;1;39msockets.target[0m - Socket Units.
[   15.042141] cloud-init[809]: Your identification has been saved in /etc/ssh/ssh_host_ed25519_key
[[0;32m  OK  [0m] Reached target [0;1;39mbasic.target[0m - Basic System.
[   15.051215] cloud-init[809]: Your public key has been saved in /etc/ssh/ssh_host_ed25519_key.pub
[   15.080167] cloud-init[809]: The key fingerprint is:
[   15.086143] cloud-init[809]: SHA256:qQ9y4J9VPpE0o7iQnVsyhBZB5IWMThNI3wM5Eg2IJv8 root@loadgen-bsbg
         Starting [0;1;39mchrony.service[0m - chrony, an NTP client/server...
[   15.086240] cloud-init[809]: The key's randomart image is:
[   15.110124] cloud-init[809]: +--[ED25519 256]--+
[   15.110215] cloud-init[809]: |+==B*o.          |
[   15.122145] cloud-init[809]: |=o===+           |
         Starting [0;1;39mcloud-config.service[0m - Cloud-init: Config Stage...
[   15.122226] cloud-init[809]: |o+.o=o.   +      |
[   15.122427] cloud-init[809]: |  o. +.o + +     |
[   15.122467] cloud-init[809]: |   .+ * S +      |
[   15.122506] cloud-init[809]: |   .Eo B o .     |
         Starting [0;1;39mdbus.service[0m - D-Bus System Message Bus...
[   15.150236] cloud-init[809]: |    o * . o      |
[[0;32m  OK  [0m] Started [0;1;39mdmesg.service[0m - Save initial kernel messages after boot.
[   15.163255] cloud-init[809]: |     + =   .     |
         Starting [0;1;39me2scrub_reap.service[0m - Re…ne ext4 Metadata Check Snapshots...
[   15.178330] cloud-init[809]: |      o .        |
         Starting [0;1;39mgce-workload-cert-refresh…[0mGCE Workload Certificate refresh...
[[0;32m  OK  [0m] Started [0;1;39mgoogle-osconfig-agent.service[0m - Google OSConfig Agent.
[   15.193352] cloud-init[809]: +----[SHA256]-----+
         Starting [0;1;39mgoogle-oslogin-cache.service[0m - NSS cache refresh...
         Starting [0;1;39mgrub-common.service[0m - Record successful boot for GRUB...
         Starting [0;1;39mnetworkd-dispatcher.servi…[0mcher daemon for systemd-networkd...
         Starting [0;1;39mnvidia-persistenced.service[0m - NVIDIA Persistence Daemon...
         Starting [0;1;39mnvmf-autoconnect.service[0m …ystems automatically during boot...
         Starting [0;1;39mrsyslog.service[0m - System Logging Service...
         Starting [0;1;39msecureboot-db.service[0m - Secure Boot updates for DB and DBX...
[[0;32m  OK  [0m] Reached target [0;1;39mgetty-pre.target[0m - Preparation for Logins.
         Starting [0;1;39msnapd.seeded.service[0m - Wait until snapd is fully seeded...
         Starting [0;1;39msnapd.service[0m - Snap Daemon...
         Starting [0;1;39msysstat.service[0m - Resets System Activity Logs...
         Starting [0;1;39msystemd-logind.service[0m - User Login Management...
[[0;32m  OK  [0m] Started [0;1;39mubuntu-advantage.service[0m - Ubuntu Pro Background Auto Attach.
[[0;32m  OK  [0m] Started [0;1;39mdbus.service[0m - D-Bus System Message Bus.
[[0;32m  OK  [0m] Finished [0;1;39mgce-workload-cert-refresh…[0m- GCE Workload Certificate refresh.
[[0;32m  OK  [0m] Finished [0;1;39mgoogle-oslogin-cache.service[0m - NSS cache refresh.
[[0;32m  OK  [0m] Started [0;1;39mnetworkd-dispatcher.servic…[0matcher daemon for systemd-networkd.
[[0;32m  OK  [0m] Started [0;1;39msystemd-logind.service[0m - User Login Management.
[[0;32m  OK  [0m] Started [0;1;39mnvidia-persistenced.service[0m - NVIDIA Persistence Daemon.
[[0;32m  OK  [0m] Finished [0;1;39mnvmf-autoconnect.service[0m …bsystems automatically during boot.
[[0;32m  OK  [0m] Finished [0;1;39msysstat.service[0m - Resets System Activity Logs.
[[0;32m  OK  [0m] Finished [0;1;39mgrub-common.service[0m - Record successful boot for GRUB.
[[0;32m  OK  [0m] Reached target [0;1;39mremote-fs-pre.targe…[0mreparation for Remote File Systems.
[[0;32m  OK  [0m] Reached target [0;1;39mremote-fs.target[0m - Remote File Systems.
         Starting [0;1;39mapport.service[0m - automatic crash report generation...
         Starting [0;1;39mcontainerd.service[0m - containerd container runtime...
[[0;32m  OK  [0m] Started [0;1;39mcron.service[0m - Regular background program processing daemon.
         Starting [0;1;39mgrub-initrd-fallback.service[0m - GRUB failed boot detection...
         Starting [0;1;39msystemd-hostnamed.service[0m - Hostname Service...
         Starting [0;1;39msystemd-user-sessions.service[0m - Permit User Sessions...
[[0;32m  OK  [0m] Started [0;1;39munattended-upgrades.service[0m - Unattended Upgrades Shutdown.
[[0;32m  OK  [0m] Started [0;1;39mchrony.service[0m - chrony, an NTP client/server.
[[0;32m  OK  [0m] Finished [0;1;39msecureboot-db.service[0m - Secure Boot updates for DB and DBX.
[[0;32m  OK  [0m] Finished [0;1;39me2scrub_reap.service[0m - Re…line ext4 Metadata Check Snapshots.
[[0;32m  OK  [0m] Finished [0;1;39msystemd-user-sessions.service[0m - Permit User Sessions.
[[0;32m  OK  [0m] Finished [0;1;39mgrub-initrd-fallback.service[0m - GRUB failed boot detection.
[   15.677519] cloud-init[1048]: Cloud-init v. 25.3-0ubuntu1~24.04.1 running 'modules:config' at Thu, 07 May 2026 22:28:09 +0000. Up 15.60 seconds.
2026-05-07T22:28:09.765621+00:00 loadgen-bsbg systemd[1]: Mounted dev-hugepages.mount - Huge Pages File System.
[[0;32m  OK  [0m] Reached target [0;1;39mtime-sync.target[0m - System Time Synchronized.
[[0;32m  OK  [0m] Started [0;1;39mapt-daily.timer[0m - Daily apt download activities.
[[0;32m  OK  [0m] Started [0;1;39mapt-daily-upgrade.timer[0m - …y apt upgrade and clean activities.
[[0;32m  OK  [0m] Started [0;1;39mdpkg-db-backup.timer[0m - Daily dpkg database backup timer.
[[0;32m  OK  [0m] Started [0;1;39me2scrub_all.timer[0m - Period…Metadata Check for All Filesystems.
[[0;32m  OK  [0m] Started [0;1;39mfstrim.timer[0m - Discard unused filesystem blocks once a week.
[[0;32m  OK  [0m] Started [0;1;39mlogrotate.timer[0m - Daily rotation of log files.
[[0;32m  OK  [0m] Started [0;1;39mman-db.timer[0m - Daily man-db regeneration.
[[0;32m  OK  [0m] Started [0;1;39mmotd-news.timer[0m - Message of the Day.
[[0;32m  OK  [0m] Started [0;1;39msysstat-collect.timer[0m - Ru…y accounting tool every 10 minutes.
[[0;32m  OK  [0m] Started [0;1;39msysstat-summary.timer[0m - Ge… of yesterday's process accounting.
[[0;32m  OK  [0m] Started [0;1;39mupdate-notifier-motd.timer[0m… a new version of Ubuntu available.
[[0;32m  OK  [0m] Reached target [0;1;39mtimers.target[0m - Timer Units.
2026-05-07T22:28:09.765788+00:00 loadgen-bsbg systemd[1]: Mounted dev-mqueue.mount - POSIX Message Queue File System.
2026-05-07T22:28:09.765824+00:00 loadgen-bsbg systemd[1]: Mounted sys-kernel-debug.mount - Kernel Debug File System.
2026-05-07T22:28:09.765830+00:00 loadgen-bsbg systemd[1]: Mounted sys-kernel-tracing.mount - Kernel Trace File System.
2026-05-07T22:28:09.765835+00:00 loadgen-bsbg systemd[1]: Finished keyboard-setup.service - Set the console keyboard layout.
2026-05-07T22:28:09.765838+00:00 loadgen-bsbg kernel: Linux version 6.17.0-1013-gcp (buildd@lcy02-amd64-034) (x86_64-linux-gnu-gcc-13 (Ubuntu 13.3.0-6ubuntu2~24.04.1) 13.3.0, GNU ld (GNU Binutils for Ubuntu) 2.42) #13~24.04.1-Ubuntu SMP Thu Apr 16 02:10:24 UTC 2026 (Ubuntu 6.17.0-1013.13~24.04.1-gcp 6.17.13)
2026-05-07T22:28:09.765840+00:00 loadgen-bsbg systemd[1]: Finished kmod-static-nodes.service - Create List of Static Device Nodes.
2026-05-07T22:28:09.765846+00:00 loadgen-bsbg kernel: Command line: BOOT_IMAGE=/vmlinuz-6.17.0-1013-gcp root=PARTUUID=6624332c-1f00-4e51-a0bf-94661fe17234 ro console=ttyS0,115200 panic=-1
2026-05-07T22:28:09.765847+00:00 loadgen-bsbg kernel: KERNEL supported cpus:
2026-05-07T22:28:09.765846+00:00 loadgen-bsbg systemd[1]: modprobe@configfs.service: Deactivated successfully.
2026-05-07T22:28:09.765848+00:00 loadgen-bsbg kernel:   Intel GenuineIntel
2026-05-07T22:28:09.765852+00:00 loadgen-bsbg kernel:   AMD AuthenticAMD
2026-05-07T22:28:09.765852+00:00 loadgen-bsbg kernel:   Hygon HygonGenuine
2026-05-07T22:28:09.765853+00:00 loadgen-bsbg kernel:   Centaur CentaurHauls
2026-05-07T22:28:09.765856+00:00 loadgen-bsbg kernel:   zhaoxin   Shanghai  
2026-05-07T22:28:09.765857+00:00 loadgen-bsbg kernel: x86/CPU: Model not found in latest microcode list
2026-05-07T22:28:09.765857+00:00 loadgen-bsbg kernel: BIOS-provided physical RAM map:
2026-05-07T22:28:09.765852+00:00 loadgen-bsbg systemd[1]: Finished modprobe@configfs.service - Load Kernel Module configfs.
2026-05-07T22:28:09.765858+00:00 loadgen-bsbg kernel: BIOS-e820: [mem 0x0000000000000000-0x0000000000000fff] reserved
2026-05-07T22:28:09.765859+00:00 loadgen-bsbg kernel: BIOS-e820: [mem 0x0000000000001000-0x0000000000054fff] usable
2026-05-07T22:28:09.765859+00:00 loadgen-bsbg kernel: BIOS-e820: [mem 0x0000000000055000-0x000000000005ffff] reserved
2026-05-07T22:28:09.765862+00:00 loadgen-bsbg kernel: BIOS-e820: [mem 0x0000000000060000-0x0000000000097fff] usable
2026-05-07T22:28:09.765861+00:00 loadgen-bsbg systemd[1]: modprobe@dm_mod.service: Deactivated successfully.
2026-05-07T22:28:09.765863+00:00 loadgen-bsbg kernel: BIOS-e820: [mem 0x0000000000098000-0x000000000009ffff] reserved
2026-05-07T22:28:09.765866+00:00 loadgen-bsbg kernel: BIOS-e820: [mem 0x0000000000100000-0x00000000bd254fff] usable
2026-05-07T22:28:09.765867+00:00 loadgen-bsbg kernel: BIOS-e820: [mem 0x00000000bd255000-0x00000000bd25ffff] ACPI data
2026-05-07T22:28:09.765867+00:00 loadgen-bsbg kernel: BIOS-e820: [mem 0x00000000bd260000-0x00000000bf8ecfff] usable
2026-05-07T22:28:09.765867+00:00 loadgen-bsbg kernel: BIOS-e820: [mem 0x00000000bf8ed000-0x00000000bfb6cfff] reserved
2026-05-07T22:28:09.765868+00:00 loadgen-bsbg kernel: BIOS-e820: [mem 0x00000000bfb6d000-0x00000000bfb7efff] ACPI data
2026-05-07T22:28:09.765867+00:00 loadgen-bsbg systemd[1]: Finished modprobe@dm_mod.service - Load Kernel Module dm_mod.
2026-05-07T22:28:09.765871+00:00 loadgen-bsbg kernel: BIOS-e820: [mem 0x00000000bfb7f000-0x00000000bfbfefff] ACPI NVS
2026-05-07T22:28:09.765872+00:00 loadgen-bsbg kernel: BIOS-e820: [mem 0x00000000bfbff000-0x00000000bffdffff] usable
2026-05-07T22:28:09.765872+00:00 loadgen-bsbg kernel: BIOS-e820: [mem 0x00000000bffe0000-0x00000000bfffffff] reserved
2026-05-07T22:28:09.765873+00:00 loadgen-bsbg kernel: BIOS-e820: [mem 0x0000000100000000-0x000000103fffffff] usable
2026-05-07T22:28:09.765873+00:00 loadgen-bsbg kernel: NX (Execute Disable) protection: active
2026-05-07T22:28:09.765874+00:00 loadgen-bsbg kernel: APIC: Static calls initialized
2026-05-07T22:28:09.765873+00:00 loadgen-bsbg systemd[1]: modprobe@drm.service: Deactivated successfully.
2026-05-07T22:28:09.765877+00:00 loadgen-bsbg kernel: efi: EFI v2.7 by EDK II
2026-05-07T22:28:09.765878+00:00 loadgen-bsbg kernel: efi: TPMFinalLog=0xbfbf7000 ACPI=0xbfb7e000 ACPI 2.0=0xbfb7e014 SMBIOS=0xbf9ca000 MEMATTR=0xbd260018 MOKvar=0xbf9c8000 RNG=0xbfb72018 TPMEventLog=0xbd255018 
2026-05-07T22:28:09.765878+00:00 loadgen-bsbg kernel: random: crng init done
2026-05-07T22:28:09.765879+00:00 loadgen-bsbg kernel: SMBIOS 2.4 present.
2026-05-07T22:28:09.765879+00:00 loadgen-bsbg kernel: DMI: Google Google Compute Engine/Google Compute Engine, BIOS Google 04/21/2026
2026-05-07T22:28:09.765878+00:00 loadgen-bsbg systemd[1]: Finished modprobe@drm.service - Load Kernel Module drm.
2026-05-07T22:28:09.765880+00:00 loadgen-bsbg kernel: DMI: Memory slots populated: 4/4
2026-05-07T22:28:09.765886+00:00 loadgen-bsbg kernel: secureboot: Secure boot disabled
2026-05-07T22:28:09.765884+00:00 loadgen-bsbg systemd[1]: modprobe@efi_pstore.service: Deactivated successfully.
2026-05-07T22:28:09.765887+00:00 loadgen-bsbg kernel: Hypervisor detected: KVM
2026-05-07T22:28:09.765887+00:00 loadgen-bsbg kernel: last_pfn = 0xbffe0 max_arch_pfn = 0x400000000
2026-05-07T22:28:09.765888+00:00 loadgen-bsbg kernel: kvm-clock: Using msrs 4b564d01 and 4b564d00
2026-05-07T22:28:09.765888+00:00 loadgen-bsbg kernel: kvm-clock: using sched offset of 15652014839 cycles
2026-05-07T22:28:09.765889+00:00 loadgen-bsbg kernel: clocksource: kvm-clock: mask: 0xffffffffffffffff max_cycles: 0x1cd42e4dffb, max_idle_ns: 881590591483 ns
2026-05-07T22:28:09.765889+00:00 loadgen-bsbg kernel: tsc: Detected 2299.998 MHz processor
2026-05-07T22:28:09.765893+00:00 loadgen-bsbg kernel: e820: update [mem 0x00000000-0x00000fff] usable ==> reserved
2026-05-07T22:28:09.765893+00:00 loadgen-bsbg kernel: e820: remove [mem 0x000a0000-0x000fffff] usable
2026-05-07T22:28:09.765894+00:00 loadgen-bsbg kernel: last_pfn = 0x1040000 max_arch_pfn = 0x400000000
2026-05-07T22:28:09.765894+00:00 loadgen-bsbg kernel: MTRR map: 3 entries (2 fixed + 1 variable; max 18), built from 8 variable MTRRs
2026-05-07T22:28:09.765889+00:00 loadgen-bsbg systemd[1]: Finished modprobe@efi_pstore.service - Load Kernel Module efi_pstore.
2026-05-07T22:28:09.765895+00:00 loadgen-bsbg kernel: x86/PAT: Configuration [0-7]: WB  WC  UC- UC  WB  WP  UC- WT  
2026-05-07T22:28:09.765895+00:00 loadgen-bsbg kernel: last_pfn = 0xbffe0 max_arch_pfn = 0x400000000
2026-05-07T22:28:09.765898+00:00 loadgen-bsbg kernel: Using GB pages for direct mapping
2026-05-07T22:28:09.765897+00:00 loadgen-bsbg systemd[1]: modprobe@fuse.service: Deactivated successfully.
2026-05-07T22:28:09.765899+00:00 loadgen-bsbg kernel: secureboot: Secure boot disabled
2026-05-07T22:28:09.765903+00:00 loadgen-bsbg kernel: ACPI: Early table checksum verification disabled
2026-05-07T22:28:09.765903+00:00 loadgen-bsbg kernel: ACPI: RSDP 0x00000000BFB7E014 000024 (v02 Google)
2026-05-07T22:28:09.765904+00:00 loadgen-bsbg kernel: ACPI: XSDT 0x00000000BFB7D0E8 00005C (v01 Google GOOGFACP 00000001      01000013)
2026-05-07T22:28:09.765904+00:00 loadgen-bsbg kernel: ACPI: FACP 0x00000000BFB78000 0000F4 (v02 Google GOOGFACP 00000001 GOOG 00000001)
2026-05-07T22:28:09.765904+00:00 loadgen-bsbg systemd[1]: Finished modprobe@fuse.service - Load Kernel Module fuse.
2026-05-07T22:28:09.765907+00:00 loadgen-bsbg kernel: ACPI: DSDT 0x00000000BFB79000 001A64 (v01 Google GOOGDSDT 00000001 GOOG 00000001)
2026-05-07T22:28:09.765908+00:00 loadgen-bsbg kernel: ACPI: FACS 0x00000000BFBF1000 000040
2026-05-07T22:28:09.765909+00:00 loadgen-bsbg kernel: ACPI: SSDT 0x00000000BFB7C000 000316 (v02 GOOGLE Tpm2Tabl 00001000 INTL 20250807)
2026-05-07T22:28:09.765909+00:00 loadgen-bsbg kernel: ACPI: TPM2 0x00000000BFB7B000 000034 (v04 GOOGLE          00000001 GOOG 00000001)
2026-05-07T22:28:09.765910+00:00 loadgen-bsbg kernel: ACPI: SRAT 0x00000000BFB77000 000228 (v03 Google GOOGSRAT 00000001 GOOG 00000001)
2026-05-07T22:28:09.765910+00:00 loadgen-bsbg kernel: ACPI: APIC 0x00000000BFB76000 000126 (v05 Google GOOGAPIC 00000001 GOOG 0000         Starting [0;1;39mplymouth-quit-wait.servic…[0md until boot process finishes up...
0001)
2026-05-07T22:28:09.765910+00:00 loadgen-bsbg kernel: ACPI: SSDT 0x00000000BFB74000 0011D6 (v01 Google GOOGSSDT 00000001 GOOG 00000001)
2026-05-07T22:28:09.765909+00:00 loadgen-bsbg systemd[1]: modprobe@loop.service: Deactivated successfully.
2026-05-07T22:28:09.765914+00:00 loadgen-bsbg kernel: ACPI: WAET 0x00000000BFB73000 000028 (v01 Google GOOGWAET 00000001 GOOG 00000001)
2026-05-07T22:28:09.765914+00:00 loadgen-bsbg kernel: ACPI: Reserving FACP table memory at [mem 0xbfb78000-0xbfb780f3]
2026-05-07T22:28:09.765915+00:00 loadgen-bsbg kernel: ACPI: Reserving DSDT table memory at [mem 0xbfb79000-0xbfb7aa63]
2026-05-07T22:28:09.765915+00:00 loadgen-bsbg kernel: ACPI: Reserving FACS table memory at [mem 0xbfbf1000-0xbfbf103f]
2026-05-07T22:28:09.765914+00:00 loadgen-bsbg systemd[1]: Finished modprobe@loop.service - Load Kernel Module loop.
2026-05-07T22:28:09.765916+00:00 loadgen-bsbg kernel: ACPI: Reserving SSDT table memory at [mem 0xbfb7c000-0xbfb7c315]
2026-05-07T22:28:09.765919+00:00 loadgen-bsbg kernel: ACPI: Reserving TPM2 table memory at [mem 0xbfb7b000-0xbfb7b033]
2026-05-07T22:28:09.765922+00:00 loadgen-bsbg kernel: ACPI: Reserving SRAT table memory at [mem 0xbfb77000-0xbfb77227]
2026-05-07T22:28:09.765921+00:00 loadgen-bsbg systemd[1]: modprobe@nvme_fabrics.service: Deactivated successfully.
2026-05-07T22:28:09.765925+00:00 loadgen-bsbg kernel: ACPI: Reserving APIC table memory at [mem 0xbfb76000-0xbfb76125]
2026-05-07T22:28:09.765925+00:00 loadgen-bsbg kernel: ACPI: Reserving SSDT table memory at [mem 0xbfb74000-0xbfb751d5]
2026-05-07T22:28:09.765926+00:00 loadgen-bsbg kernel: ACPI: Reserving WAET table memory at [mem 0xbfb73000-0xbfb73027]
2026-05-07T22:28:09.765926+00:00 loadgen-bsbg kernel: ACPI: SRAT: Node 0 PXM 0 [mem 0x00000000-0x0009ffff]
2026-05-07T22:28:09.765927+00:00 loadgen-bsbg kernel: ACPI: SRAT: Node 0 PXM 0 [mem 0x00100000-0xbfffffff]
2026-05-07T22:28:09.765927+00:00 loadgen-bsbg kernel: ACPI: SRAT: Node 0 PXM 0 [mem 0x100000000-0x103fffffff]
2026-05-07T22:28:09.765930+00:00 loadgen-bsbg kernel: NUMA: Node 0 [mem 0x00001000-0x0009ffff] + [mem 0x00100000-0xbfffffff] -> [mem 0x00001000-0xbfffffff]
2026-05-07T22:28:09.765931+00:00 loadgen-bsbg kernel: NUMA: Node 0 [mem 0x00001000-0xbfffffff] + [mem 0x100000000-0x103fffffff] -> [mem 0x00001000-0x103fffffff]
2026-05-07T22:28:09.765931+00:00 loadgen-bsbg kernel: NODE_DATA(0) allocated [mem 0x103ffd52c0-0x103fffffff]
2026-05-07T22:28:09.765932+00:00 loadgen-bsbg kernel: Zone ranges:
2026-05-07T22:28:09.765933+00:00 loadgen-bsbg kernel:   DMA      [mem 0x0000000000001000-0x0000000000ffffff]
2026-05-07T22:28:09.765933+00:00 loadgen-bsbg kernel:   DMA32    [mem 0x0000000001000000-0x00000000ffffffff]
2026-05-07T22:28:09.765928+00:00 loadgen-bsbg systemd-modules-load[307]: Inserted module 'dm_multipath'
2026-05-07T22:28:09.765936+00:00 loadgen-bsbg kernel:   Normal   [mem 0x0000000100000000-0x000000103fffffff]
2026-05-07T22:28:09.765937+00:00 loadgen-bsbg kernel:   Device   empty
2026-05-07T22:28:09.765938+00:00 loadgen-bsbg kernel: Movable zone start for each node
2026-05-07T22:28:09.765938+00:00 loadgen-bsbg kernel: Early memory node ranges
2026-05-07T22:28:09.765939+00:00 loadgen-bsbg kernel:   node   0: [mem 0x0000000000001000-0x0000000000054fff]
2026-05-07T22:28:09.765939+00:00 loadgen-bsbg kernel:   node   0: [mem 0x0000000000060000-0x0000000000097fff]
2026-05-07T22:28:09.765938+00:00 loadgen-bsbg systemd[1]: Finished modprobe@nvme_fabrics.service - Load Kernel Module nvme_fabrics.
2026-05-07T22:28:09.765942+00:00 loadgen-bsbg kernel:   node   0: [mem 0x0000000000100000-0x00000000bd254fff]
2026-05-07T22:28:09.765943+00:00 loadgen-bsbg kernel:   node   0: [mem 0x00000000bd260000-0x00000000bf8ecfff]
2026-05-07T22:28:09.765944+00:00 loadgen-bsbg kernel:   node   0: [mem 0x00000000bfbff000-0x00000000bffdffff]
2026-05-07T22:28:09.765944+00:00 loadgen-bsbg kernel:   node   0: [mem 0x0000000100000000-0x000000103fffffff]
2026-05-07T22:28:09.765944+00:00 loadgen-bsbg kernel: Initmem setup node 0 [mem 0x0000000000001000-0x000000103fffffff]
2026-05-07T22:28:09.765945+00:00 loadgen-bsbg kernel: On node 0, zone DMA: 1 pages in unavailable ranges
2026-05-07T22:28:09.765943+00:00 loadgen-bsbg systemd[1]: Finished systemd-modules-load.service - Load Kernel Modules.
2026-05-07T22:28:09.765948+00:00 loadgen-bsbg kernel: On node 0, zone DMA: 11 pages in unavailable ranges
2026-05-07T22:28:09.765949+00:00 loadgen-bsbg kernel: On node 0, zone DMA: 104 pages in unavailable ranges
2026-05-07T22:28:09.765949+00:00 loadgen-bsbg kernel: On node 0, zone DMA32: 11 pages in unavailable ranges
2026-05-07T22:28:09.765950+00:00 loadgen-bsbg kernel: On node 0, zone DMA32: 786 pages in unavailable ranges
2026-05-07T22:28:09.765950+00:00 loadgen-bsbg kernel: On node 0, zone Normal: 32 pages in unavailable ranges
2026-05-07T22:28:09.765951+00:00 loadgen-bsbg kernel: ACPI: PM-Timer IO Port: 0xb008
2026-05-07T22:28:09.765951+00:00 loadgen-bsbg kernel: ACPI: LAPIC_NMI (acpi_id[0xff] dfl dfl lint[0x1])
2026-05-07T22:28:09.765949+00:00 loadgen-bsbg systemd-fsck[310]: cloudimg-rootfs: clean, 172898/6422528 files, 2136941/12844795 blocks
2026-05-07T22:28:09.765954+00:00 loadgen-bsbg kernel: IOAPIC[0]: apic_id 0, version 17, address 0xfec00000, GSI 0-23
2026-05-07T22:28:09.765955+00:00 loadgen-bsbg kernel: ACPI: INT_SRC_OVR (bus 0 bus_irq 5 global_irq 5 high level)
2026-05-07T22:28:09.765956+00:00 loadgen-bsbg kernel: ACPI: INT_SRC_OVR (bus 0 bus_irq 9 global_irq 9 high level)
2026-05-07T22:28:09.765956+00:00 loadgen-bsbg kernel: ACPI: INT_SRC_OVR (bus 0 bus_irq 10 global_irq 10 high level)
2026-05-07T22:28:09.765956+00:00 loadgen-bsbg kernel: ACPI: INT_SRC_OVR (bus 0 bus_irq 11 global_irq 11 high level)
2026-05-07T22:28:09.765957+00:00 loadgen-bsbg kernel: ACPI: Using ACPI (MADT) for SMP configuration information
2026-05-07T22:28:09.765956+00:00 loadgen-bsbg systemd[1]: Mounting sys-fs-fuse-connections.mount - FUSE Control File System...
2026-05-07T22:28:09.765961+00:00 loadgen-bsbg systemd[1]: Mounting sys-kernel-config.mount - Kernel Configuration File System...
2026-05-07T22:28:09.765966+00:00 loadgen-bsbg kernel: CPU topo: Max. logical packages:   1
2026-05-07T22:28:09.765967+00:00 loadgen-bsbg kernel: CPU topo: Max. logical dies:       1
2026-05-07T22:28:09.765968+00:00 loadgen-bsbg kernel: CPU topo: Max. dies per package:   1
2026-05-07T22:28:09.765969+00:00 loadgen-bsbg kernel: CPU topo: Max. threads per core:   2
2026-05-07T22:28:09.765969+00:00 loadgen-bsbg kernel: CPU topo: Num. cores per package:    12
2026-05-07T22:28:09.765966+00:00 loadgen-bsbg systemd[1]: Started systemd-fsckd.service - File System Check Daemon to report status.
2026-05-07T22:28:09.765976+00:00 loadgen-bsbg systemd[1]: systemd-repart.service - Repartition Root Disk was skipped because no trigger condition checks were met.
2026-05-07T22:28:09.765982+00:00 loadgen-bsbg systemd[1]: Starting systemd-sysctl.service - Apply Kernel Variables...
2026-05-07T22:28:09.765986+00:00 loadgen-bsbg systemd[1]: Starting systemd-tmpfiles-setup-dev-early.service - Create Static Device Nodes in /dev gracefully...
2026-05-07T22:28:09.765991+00:00 loadgen-bsbg systemd[1]: Finished systemd-fsck-root.service - File System Check on Root Device.
2026-05-07T22:28:09.765996+00:00 loadgen-bsbg systemd[1]: Mounted sys-fs-fuse-connections.mount - FUSE Control File System.
2026-05-07T22:28:09.766001+00:00 loadgen-bsbg systemd[1]: Mounted sys-kernel-config.mount - Kernel Configuration File System.
2026-05-07T22:28:09.766009+00:00 loadgen-bsbg systemd[1]: Finished lvm2-monitor.service - Monitoring of LVM2 mirrors, snapshots etc. using dmeventd or progress polling.
2026-05-07T22:28:09.766013+00:00 loadgen-bsbg systemd[1]: Starting systemd-remount-fs.service - Remount Root and Kernel File Systems...
2026-05-07T22:28:09.766018+00:00 loadgen-bsbg systemd[1]: Finished systemd-sysctl.service - Apply Kernel Variables.
2026-05-07T22:28:09.766022+00:00 loadgen-bsbg systemd[1]: Finished systemd-tmpfiles-setup-dev-early.service - Create Static Device Nodes in /dev gracefully.
2026-05-07T22:28:09.766027+00:00 loadgen-bsbg systemd[1]: Finished systemd-remount-fs.ser         Starting [0;1;39mplymouth-quit.service[0m - Terminate Plymouth Boot Screen...
vice - Remount Root and Kernel File Systems.
2026-05-07T22:28:09.766034+00:00 loadgen-bsbg systemd[1]: Starting multipathd.service - Device-Mapper Multipath Device Controller...
2026-05-07T22:28:09.766037+00:00 loadgen-bsbg kernel: CPU topo: Num. threads per package:  24
2026-05-07T22:28:09.766038+00:00 loadgen-bsbg kernel: CPU topo: Allowing 24 present CPUs plus 0 hotplug CPUs
2026-05-07T22:28:09.766039+00:00 loadgen-bsbg systemd[1]: systemd-hwdb-update.service - Rebuild Hardware Database was skipped because of an unmet condition check (ConditionNeedsUpdate=/etc).
2026-05-07T22:28:09.766041+00:00 loadgen-bsbg kernel: PM: hibernation: Registered nosave memory: [mem 0x00000000-0x00000fff]
2026-05-07T22:28:09.766043+00:00 loadgen-bsbg kernel: PM: hibernation: Registered nosave memory: [mem 0x00055000-0x0005ffff]
2026-05-07T22:28:09.766044+00:00 loadgen-bsbg kernel: PM: hibernation: Registered nosave memory: [mem 0x00098000-0x000fffff]
2026-05-07T22:28:09.766044+00:00 loadgen-bsbg kernel: PM: hibernation: Registered nosave memory: [mem 0xbd255000-0xbd25ffff]
2026-05-07T22:28:09.766045+00:00 loadgen-bsbg kernel: PM: hibernation: Registered nosave memory: [mem 0xbf8ed000-0xbfbfefff]
2026-05-07T22:28:09.766045+00:00 loadgen-bsbg kernel: PM: hibernation: Registered nosave memory: [mem 0xbffe0000-0xffffffff]
2026-05-07T22:28:09.766044+00:00 loadgen-bsbg systemd[1]: Starting systemd-journal-flush.service - Flush Journal to Persistent Storage...
2026-05-07T22:28:09.766048+00:00 loadgen-bsbg kernel: [mem 0xc0000000-0xffffffff] available for PCI devices
2026-05-07T22:28:09.766049+00:00 loadgen-bsbg kernel: Booting paravirtualized kernel on KVM
2026-05-07T22:28:09.766050+00:00 loadgen-bsbg kernel: clocksource: refined-jiffies: mask: 0xffffffff max_cycles: 0xffffffff, max_idle_ns: 1910969940391419 ns
2026-05-07T22:28:09.766050+00:00 loadgen-bsbg kernel: setup_percpu: NR_CPUS:8192 nr_cpumask_bits:24 nr_cpu_ids:24 nr_node_ids:1
2026-05-07T22:28:09.766049+00:00 loadgen-bsbg systemd[1]: systemd-pstore.service - Platform Persistent Storage Archival was skipped because of an unmet condition check (ConditionDirectoryNotEmpty=/sys/fs/pstore).
2026-05-07T22:28:09.766051+00:00 loadgen-bsbg kernel: percpu: Embedded 84 pages/cpu s221184 r8192 d114688 u524288
2026-05-07T22:28:09.766054+00:00 loadgen-bsbg kernel: pcpu-alloc: s221184 r8192 d114688 u524288 alloc=1*2097152
2026-05-07T22:28:09.766057+00:00 loadgen-bsbg kernel: pcpu-alloc: [0] 00 01 02 03 [0] 04 05 06 07 
2026-05-07T22:28:09.766056+00:00 loadgen-bsbg systemd[1]: Starting systemd-random-seed.service - Load/Save OS Random Seed...
2026-05-07T22:28:09.766058+00:00 loadgen-bsbg kernel: pcpu-alloc: [0] 08 09 10 11 [0] 12 13 14 15 
2026-05-07T22:28:09.766060+00:00 loadgen-bsbg kernel: pcpu-alloc: [0] 16 17 18 19 [0] 20 21 22 23 
2026-05-07T22:28:09.766061+00:00 loadgen-bsbg kernel: kvm-guest: PV spinlocks enabled
2026-05-07T22:28:09.766061+00:00 loadgen-bsbg kernel: PV qspinlock hash table entries: 256 (order: 0, 4096 bytes, linear)
2026-05-07T22:28:09.766062+00:00 loadgen-bsbg kernel: Kernel command line: BOOT_IMAGE=/vmlinuz-6.17.0-1013-gcp root=PARTUUID=6624332c-1f00-4e51-a0bf-94661fe17234 ro console=ttyS0,115200 panic=-1
2026-05-07T22:28:09.766065+00:00 loadgen-bsbg kernel: printk: log buffer data + meta data: 262144 + 917504 = 1179648 bytes
2026-05-07T22:28:09.766066+00:00 loadgen-bsbg kernel: Dentry cache hash table entries: 8388608 (order: 14, 67108864 bytes, linear)
2026-05-07T22:28:09.766066+00:00 loadgen-bsbg kernel: Inode-cache hash table entries: 4194304 (order: 13, 33554432 bytes, linear)
2026-05-07T22:28:09.766061+00:00 loadgen-bsbg systemd[1]: systemd-sysusers.service - Create System Users was skipped because no trigger condition checks were met.
2026-05-07T22:28:09.766068+00:00 loadgen-bsbg kernel: software IO TLB: area num 32.
2026-05-07T22:28:09.766069+00:00 loadgen-bsbg kernel: Fallback order for Node 0: 0 
2026-05-07T22:28:09.766069+00:00 loadgen-bsbg kernel: Built 1 zonelists, mobility grouping on.  Total pages: 16776271
2026-05-07T22:28:09.766070+00:00 loadgen-bsbg kernel: Policy zone: Normal
2026-05-07T22:28:09.766073+00:00 loadgen-bsbg kernel: mem auto-init: stack:all(zero), heap alloc:on, heap free:off
2026-05-07T22:28:09.766073+00:00 loadgen-bsbg kernel: SLUB: HWalign=64, Order=0-3, MinObjects=0, CPUs=24, Nodes=1
2026-05-07T22:28:09.766072+00:00 loadgen-bsbg systemd[1]: Starting systemd-tmpfiles-setup-dev.service - Create Static Device Nodes in /dev...
2026-05-07T22:28:09.766074+00:00 loadgen-bsbg kernel: Kernel/User page tables isolation: enabled
2026-05-07T22:28:09.766075+00:00 loadgen-bsbg kernel: ftrace: allocating 61994 entries in 244 pages
2026-05-07T22:28:09.766075+00:00 loadgen-bsbg kernel: ftrace: allocated 244 pages with 5 groups
2026-05-07T22:28:09.766076+00:00 loadgen-bsbg kernel: rcu: Hierarchical RCU implementation.
2026-05-07T22:28:09.766079+00:00 loadgen-bsbg kernel: rcu: 	RCU restricting CPUs from NR_CPUS=8192 to nr_cpu_ids=24.
2026-05-07T22:28:09.766077+00:00 loadgen-bsbg systemd[1]: systemd-tpm2-setup.service - TPM2 SRK Setup was skipped because of an unmet condition check (ConditionSecurity=measured-uki).
2026-05-07T22:28:09.766081+00:00 loadgen-bsbg kernel: 	Rude variant of Tasks RCU enabled.
2026-05-07T22:28:09.766082+00:00 loadgen-bsbg kernel: 	Tracing variant of Tasks RCU enabled.
2026-05-07T22:28:09.766082+00:00 loadgen-bsbg kernel: rcu: RCU calculated value of scheduler-enlistment delay is 100 jiffies.
2026-05-07T22:28:09.766083+00:00 loadgen-bsbg kernel: rcu: Adjusting geometry for rcu_fanout_leaf=16, nr_cpu_ids=24
2026-05-07T22:28:09.766083+00:00 loadgen-bsbg kernel: RCU Tasks Rude: Setting shift to 5 and lim to 1 rcu_task_cb_adjust=1 rcu_task_cpu_ids=24.
2026-05-07T22:28:09.766084+00:00 loadgen-bsbg kernel: RCU Tasks Trace: Setting shift to 5 and lim to 1 rcu_task_cb_adjust=1 rcu_task_cpu_ids=24.
2026-05-07T22:28:09.766085+00:00 loadgen-bsbg systemd[1]: Finished systemd-udev-trigger.service - Coldplug All udev Devices.
2026-05-07T22:28:09.766087+00:00 loadgen-bsbg kernel: NR_IRQS: 524544, nr_irqs: 616, preallocated irqs: 16
2026-05-07T22:28:09.766088+00:00 loadgen-bsbg kernel: rcu: srcu_init: Setting srcu_struct sizes based on contention.
2026-05-07T22:28:09.766089+00:00 loadgen-bsbg kernel: Console: colour dummy device 80x25
2026-05-07T22:28:09.766089+00:00 loadgen-bsbg kernel: printk: legacy console [ttyS0] enabled
2026-05-07T22:28:09.766090+00:00 loadgen-bsbg kernel: ACPI: Core revision 20250404
2026-05-07T22:28:09.766090+00:00 loadgen-bsbg kernel: APIC: Switch to symmetric I/O mode setup
2026-05-07T22:28:09.766090+00:00 loadgen-bsbg systemd[1]: Finished systemd-random-seed.service - Load/Save OS Random Seed.
2026-05-07T22:28:09.766093+00:00 loadgen-bsbg kernel: x2apic enabled
2026-05-07T22:28:09.766094+00:00 loadgen-bsbg kernel: APIC: Switched APIC routing to: physical x2apic
2026-05-07T22:28:09.766095+00:00 loadgen-bsbg kernel: ..TIMER: vector=0x30 apic1=0 pin1=0 apic2=-1 pin2=-1
2026-05-07T22:28:09.766095+00:00 loadgen-bsbg kernel: clocksource: tsc-early: mask: 0xffffffffffffffff max_cycles: 0x212733415c7, max_idle_ns: 440795236380 ns
2026-05-07T22:28:09.766095+00:00 loadgen-bsbg kernel: Calibrating delay loop (skipped) preset value.. 4599.99 BogoMIPS (lpj=2299998)
2026-05-07T22:28:09.766096+00:00 loadgen-bsbg kernel: Last level iTLB entries: 4KB 1024, 2MB 1024, 4MB 1024
2026-05-07T22:28:09.766099+00:00 loadgen-bsbg kernel: Last level dTLB entries: 4KB 1024, 2MB 1024, 4MB 1024, 1GB 4
2026-05-07T22:28:09.766099+00:00 loadgen-bsbg kernel: mitigations: Enabled attack vectors: user_kernel, user_user, guest_host, guest_guest, SMT mitigations: auto
2026-05-07T22:28:09.766095+00:00 loadgen-bsbg systemd[1]: Finished systemd-tmpfiles-setup-dev.service - Create Static Device Nodes in /dev.
2026-05-07T22:28:09.766100+00:00 loadgen-bsbg kernel: Speculative Store Bypass: Mitigation: Speculative Store Bypass disabled via prctl
2026-05-07T22:28:09.766101+00:00 loadgen-bsbg kernel: Spectre V2 : Mitigation: IBRS
2026-05-07T22:28:09.766101+00:00 loadgen-bsbg kernel: RETBleed: Mitigation: IBRS
2026-05-07T22:28:09.766102+00:00 loadgen-bsbg kernel: ITS: Mitigation: Align[[0;32m  OK  [0m] Started [0;1;39mrsyslog.service[0m - System Logging Service.
ed branch/return thunks
2026-05-07T22:28:09.766103+00:00 loadgen-bsbg multipathd[355]: multipathd v0.9.4: start up
2026-05-07T22:28:09.766108+00:00 loadgen-bsbg kernel: Spectre V2 : User space: Mitigation: STIBP via prctl
2026-05-07T22:28:09.766109+00:00 loadgen-bsbg kernel: MDS: Mitigation: Clear CPU buffers
2026-05-07T22:28:09.766110+00:00 loadgen-bsbg kernel: MMIO Stale Data: Vulnerable: Clear CPU buffers attempted, no microcode
2026-05-07T22:28:09.766110+00:00 loadgen-bsbg kernel: Spectre V1 : Mitigation: usercopy/swapgs barriers and __user pointer sanitization
2026-05-07T22:28:09.766112+00:00 loadgen-bsbg kernel: Spectre V2 : Spectre v2 / SpectreRSB: Filling RSB on context switch and VMEXIT
2026-05-07T22:28:09.766113+00:00 loadgen-bsbg kernel: Spectre V2 : mitigation: Enabling conditional Indirect Branch Prediction Barrier
2026-05-07T22:28:09.766113+00:00 loadgen-bsbg kernel: active return thunk: its_return_thunk
2026-05-07T22:28:09.766108+00:00 loadgen-bsbg multipathd[355]: reconfigure: setting up paths and maps
2026-05-07T22:28:09.766118+00:00 loadgen-bsbg kernel: Spectre V2 : Spectre BHI mitigation: SW BHB clearing on syscall and VM exit
2026-05-07T22:28:09.766119+00:00 loadgen-bsbg kernel: x86/fpu: Supporting XSAVE feature 0x001: 'x87 floating point registers'
2026-05-07T22:28:09.766119+00:00 loadgen-bsbg kernel: x86/fpu: Supporting XSAVE feature 0x002: 'SSE registers'
2026-05-07T22:28:09.766120+00:00 loadgen-bsbg kernel: x86/fpu: Supporting XSAVE feature 0x004: 'AVX registers'
2026-05-07T22:28:09.766120+00:00 loadgen-bsbg kernel: x86/fpu: xstate_offset[2]:  576, xstate_sizes[2]:  256
2026-05-07T22:28:09.766119+00:00 loadgen-bsbg systemd[1]: Starting systemd-udevd.service - Rule-based Manager for Device Events and Files...
2026-05-07T22:28:09.766120+00:00 loadgen-bsbg kernel: x86/fpu: Enabled xstate features 0x7, context size is 832 bytes, using 'standard' format.
2026-05-07T22:28:09.766126+00:00 loadgen-bsbg kernel: Freeing SMP alternatives memory: 52K
2026-05-07T22:28:09.766127+00:00 loadgen-bsbg kernel: pid_max: default: 32768 minimum: 301
2026-05-07T22:28:09.766125+00:00 loadgen-bsbg systemd-udevd[361]: Using default interface naming scheme 'v255'.
2026-05-07T22:28:09.766128+00:00 loadgen-bsbg kernel: LSM: initializing lsm=lockdown,capability,landlock,yama,apparmor,ima,evm
2026-05-07T22:28:09.766128+00:00 loadgen-bsbg kernel: landlock: Up and running.
2026-05-07T22:28:09.766129+00:00 loadgen-bsbg kernel: Yama: becoming mindful.
2026-05-07T22:28:09.766129+00:00 loadgen-bsbg kernel: AppArmor: AppArmor initialized
2026-05-07T22:28:09.766130+00:00 loadgen-bsbg kernel: Mount-cache hash table entries: 131072 (order: 8, 1048576 bytes, linear)
2026-05-07T22:28:09.766131+00:00 loadgen-bsbg systemd[1]: Started multipathd.service - Device-Mapper Multipath Device Controller.
2026-05-07T22:28:09.766133+00:00 loadgen-bsbg kernel: Mountpoint-cache hash table entries: 131072 (order: 8, 1048576 bytes, linear)
2026-05-07T22:28:09.766136+00:00 loadgen-bsbg kernel: smpboot: CPU0: Intel(R) Xeon(R) CPU @ 2.30GHz (family: 0x6, model: 0x3f, stepping: 0x0)
2026-05-07T22:28:09.766136+00:00 loadgen-bsbg kernel: Performance Events: unsupported CPU family 6 model 63 no PMU driver, software events only.
2026-05-07T22:28:09.766137+00:00 loadgen-bsbg kernel: signal: max sigframe size: 1776
2026-05-07T22:28:09.766137+00:00 loadgen-bsbg kernel: rcu: Hierarchical SRCU implementation.
2026-05-07T22:28:09.766138+00:00 loadgen-bsbg kernel: rcu: 	Max phase no-delay instances is 400.
2026-05-07T22:28:09.766141+00:00 loadgen-bsbg kernel: Timer migration: 2 hierarchy levels; 8 children per group; 2 crossnode level
2026-05-07T22:28:09.766141+00:00 loadgen-bsbg kernel: NMI watchdog: Perf NMI watchdog permanently disabled
2026-05-07T22:28:09.766142+00:00 loadgen-bsbg kernel: smp: Bringing up secondary CPUs ...
2026-05-07T22:28:09.766142+00:00 loadgen-bsbg kernel: smpboot: x86: Booting SMP configuration:
