2026-05-07 16:17:04,526 DEBUG    root            Loaded Command Group: ['gcloud', 'compute']
2026-05-07 16:17:04,528 DEBUG    root            Loaded Command Group: ['gcloud', 'compute', 'instances']
2026-05-07 16:17:04,530 DEBUG    root            Loaded Command Group: ['gcloud', 'compute', 'instances', 'get_serial_port_output']
2026-05-07 16:17:04,531 DEBUG    root            Running [gcloud.compute.instances.get-serial-port-output] with arguments: [--zone: "us-central1-c", INSTANCE_NAME: "loadgen-sgw6"]
2026-05-07 16:17:04,533 DEBUG    root            On GCE from memory cache: False
2026-05-07 16:17:04,535 DEBUG    root            On GCE from memory cache: False
2026-05-07 16:17:04,632 DEBUG    urllib3.connectionpool Starting new HTTPS connection (1): compute.googleapis.com:443
2026-05-07 16:17:05,073 DEBUG    urllib3.connectionpool https://compute.googleapis.com:443 "GET /compute/v1/projects/env-integration-fenway/zones/us-central1-c/instances/loadgen-sgw6/serialPort?alt=json&port=1 HTTP/1.1" 200 None
2026-05-07 16:17:05,077 DEBUG    root            Chosen display Format:value[no-quote](contents)
2026-05-07 16:17:05,084 INFO     root            Display format: "value[no-quote](contents)"
2026-05-07 16:17:05,100 INFO     ___FILE_ONLY___ [2J[01;01H[=3h[2J[01;01H[2J[01;01H[=3h[2J[01;01HCSM BBS Table full.
BdsDxe: loading Boot0003 "Ubuntu" from PciRoot(0x0)/Pci(0x3,0x0)/Scsi(0x1,0x0)/HD(15,GPT,C848D457-4750-4825-A2CD-4EBFB870DC53,0x2800,0x35000)/\EFI\ubuntu\shimx64.efi
BdsDxe: starting Boot0003 "Ubuntu" from PciRoot(0x0)/Pci(0x3,0x0)/Scsi(0x1,0x0)/HD(15,GPT,C848D457-4750-4825-A2CD-4EBFB870DC53,0x2800,0x35000)/\EFI\ubuntu\shimx64.efi

UEFI: Attempting to start image.
Description: Ubuntu
FilePath: PciRoot(0x0)/Pci(0x3,0x0)/Scsi(0x1,0x0)/HD(15,GPT,C848D457-4750-4825-A2CD-4EBFB870DC53,0x2800,0x35000)/\EFI\ubuntu\shimx64.efi
OptionNumber: 3.

[H[J[1;1HGRUB_FORCE_PARTUUID set, attempting initrdless boot.
[    0.000000] Linux version 6.17.0-1013-gcp (buildd@lcy02-amd64-034) (x86_64-linux-gnu-gcc-13 (Ubuntu 13.3.0-6ubuntu2~24.04.1) 13.3.0, GNU ld (GNU Binutils for Ubuntu) 2.42) #13~24.04.1-Ubuntu SMP Thu Apr 16 02:10:24 UTC 2026 (Ubuntu 6.17.0-1013.13~24.04.1-gcp 6.17.13)
[    0.000000] Command line: BOOT_IMAGE=/vmlinuz-6.17.0-1013-gcp root=PARTUUID=6624332c-1f00-4e51-a0bf-94661fe17234 ro console=ttyS0,115200 panic=-1
[    0.000000] KERNEL supported cpus:
[    0.000000]   Intel GenuineIntel
[    0.000000]   AMD AuthenticAMD
[    0.000000]   Hygon HygonGenuine
[    0.000000]   Centaur CentaurHauls
[    0.000000]   zhaoxin   Shanghai  
[    0.000000] x86/CPU: Model not found in latest microcode list
[    0.000000] BIOS-provided physical RAM map:
[    0.000000] BIOS-e820: [mem 0x0000000000000000-0x0000000000000fff] reserved
[    0.000000] BIOS-e820: [mem 0x0000000000001000-0x0000000000054fff] usable
[    0.000000] BIOS-e820: [mem 0x0000000000055000-0x000000000005ffff] reserved
[    0.000000] BIOS-e820: [mem 0x0000000000060000-0x0000000000097fff] usable
[    0.000000] BIOS-e820: [mem 0x0000000000098000-0x000000000009ffff] reserved
[    0.000000] BIOS-e820: [mem 0x0000000000100000-0x00000000bd254fff] usable
[    0.000000] BIOS-e820: [mem 0x00000000bd255000-0x00000000bd25ffff] ACPI data
[    0.000000] BIOS-e820: [mem 0x00000000bd260000-0x00000000bf8ecfff] usable
[    0.000000] BIOS-e820: [mem 0x00000000bf8ed000-0x00000000bfb6cfff] reserved
[    0.000000] BIOS-e820: [mem 0x00000000bfb6d000-0x00000000bfb7efff] ACPI data
[    0.000000] BIOS-e820: [mem 0x00000000bfb7f000-0x00000000bfbfefff] ACPI NVS
[    0.000000] BIOS-e820: [mem 0x00000000bfbff000-0x00000000bffdffff] usable
[    0.000000] BIOS-e820: [mem 0x00000000bffe0000-0x00000000bfffffff] reserved
[    0.000000] BIOS-e820: [mem 0x0000000100000000-0x000000103fffffff] usable
[    0.000000] NX (Execute Disable) protection: active
[    0.000000] APIC: Static calls initialized
[    0.000000] efi: EFI v2.7 by EDK II
[    0.000000] efi: TPMFinalLog=0xbfbf7000 ACPI=0xbfb7e000 ACPI 2.0=0xbfb7e014 SMBIOS=0xbf9ca000 MEMATTR=0xbd260018 MOKvar=0xbf9c8000 RNG=0xbfb72018 TPMEventLog=0xbd255018 
[    0.000000] random: crng init done
[    0.000000] SMBIOS 2.4 present.
[    0.000000] DMI: Google Google Compute Engine/Google Compute Engine, BIOS Google 04/21/2026
[    0.000000] DMI: Memory slots populated: 4/4
[    0.000000] secureboot: Secure boot disabled
[    0.000000] Hypervisor detected: KVM
[    0.000000] last_pfn = 0xbffe0 max_arch_pfn = 0x400000000
[    0.000000] kvm-clock: Using msrs 4b564d01 and 4b564d00
[    0.000001] kvm-clock: using sched offset of 15968093594 cycles
[    0.000004] clocksource: kvm-clock: mask: 0xffffffffffffffff max_cycles: 0x1cd42e4dffb, max_idle_ns: 881590591483 ns
[    0.000008] tsc: Detected 2299.998 MHz processor
[    0.000090] last_pfn = 0x1040000 max_arch_pfn = 0x400000000
[    0.000128] MTRR map: 3 entries (2 fixed + 1 variable; max 18), built from 8 variable MTRRs
[    0.000132] x86/PAT: Configuration [0-7]: WB  WC  UC- UC  WB  WP  UC- WT  
[    0.000181] last_pfn = 0xbffe0 max_arch_pfn = 0x400000000
[    0.016859] Using GB pages for direct mapping
[    0.017337] secureboot: Secure boot disabled
[    0.017341] ACPI: Early table checksum verification disabled
[    0.017345] ACPI: RSDP 0x00000000BFB7E014 000024 (v02 Google)
[    0.017351] ACPI: XSDT 0x00000000BFB7D0E8 00005C (v01 Google GOOGFACP 00000001      01000013)
[    0.017360] ACPI: FACP 0x00000000BFB78000 0000F4 (v02 Google GOOGFACP 00000001 GOOG 00000001)
[    0.017368] ACPI: DSDT 0x00000000BFB79000 001A64 (v01 Google GOOGDSDT 00000001 GOOG 00000001)
[    0.017374] ACPI: FACS 0x00000000BFBF1000 000040
[    0.017379] ACPI: SSDT 0x00000000BFB7C000 000316 (v02 GOOGLE Tpm2Tabl 00001000 INTL 20250807)
[    0.017384] ACPI: TPM2 0x00000000BFB7B000 000034 (v04 GOOGLE          00000001 GOOG 00000001)
[    0.017389] ACPI: SRAT 0x00000000BFB77000 000228 (v03 Google GOOGSRAT 00000001 GOOG 00000001)
[    0.017394] ACPI: APIC 0x00000000BFB76000 000126 (v05 Google GOOGAPIC 00000001 GOOG 00000001)
[    0.017399] ACPI: SSDT 0x00000000BFB74000 0011D6 (v01 Google GOOGSSDT 00000001 GOOG 00000001)
[    0.017408] ACPI: WAET 0x00000000BFB73000 000028 (v01 Google GOOGWAET 00000001 GOOG 00000001)
[    0.017412] ACPI: Reserving FACP table memory at [mem 0xbfb78000-0xbfb780f3]
[    0.017414] ACPI: Reserving DSDT table memory at [mem 0xbfb79000-0xbfb7aa63]
[    0.017415] ACPI: Reserving FACS table memory at [mem 0xbfbf1000-0xbfbf103f]
[    0.017416] ACPI: Reserving SSDT table memory at [mem 0xbfb7c000-0xbfb7c315]
[    0.017417] ACPI: Reserving TPM2 table memory at [mem 0xbfb7b000-0xbfb7b033]
[    0.017418] ACPI: Reserving SRAT table memory at [mem 0xbfb77000-0xbfb77227]
[    0.017419] ACPI: Reserving APIC table memory at [mem 0xbfb76000-0xbfb76125]
[    0.017420] ACPI: Reserving SSDT table memory at [mem 0xbfb74000-0xbfb751d5]
[    0.017421] ACPI: Reserving WAET table memory at [mem 0xbfb73000-0xbfb73027]
[    0.017586] ACPI: SRAT: Node 0 PXM 0 [mem 0x00000000-0x0009ffff]
[    0.017590] ACPI: SRAT: Node 0 PXM 0 [mem 0x00100000-0xbfffffff]
[    0.017593] ACPI: SRAT: Node 0 PXM 0 [mem 0x100000000-0x103fffffff]
[    0.017602] NUMA: Node 0 [mem 0x00001000-0x0009ffff] + [mem 0x00100000-0xbfffffff] -> [mem 0x00001000-0xbfffffff]
[    0.017607] NUMA: Node 0 [mem 0x00001000-0xbfffffff] + [mem 0x100000000-0x103fffffff] -> [mem 0x00001000-0x103fffffff]
[    0.017636] NODE_DATA(0) allocated [mem 0x103ffd52c0-0x103fffffff]
[    0.017896] Zone ranges:
[    0.017897]   DMA      [mem 0x0000000000001000-0x0000000000ffffff]
[    0.017899]   DMA32    [mem 0x0000000001000000-0x00000000ffffffff]
[    0.017900]   Normal   [mem 0x0000000100000000-0x000000103fffffff]
[    0.017902]   Device   empty
[    0.017903] Movable zone start for each node
[    0.017906] Early memory node ranges
[    0.017906]   node   0: [mem 0x0000000000001000-0x0000000000054fff]
[    0.017908]   node   0: [mem 0x0000000000060000-0x0000000000097fff]
[    0.017909]   node   0: [mem 0x0000000000100000-0x00000000bd254fff]
[    0.017910]   node   0: [mem 0x00000000bd260000-0x00000000bf8ecfff]
[    0.017911]   node   0: [mem 0x00000000bfbff000-0x00000000bffdffff]
[    0.017912]   node   0: [mem 0x0000000100000000-0x000000103fffffff]
[    0.017918] Initmem setup node 0 [mem 0x0000000000001000-0x000000103fffffff]
[    0.018004] On node 0, zone DMA: 1 pages in unavailable ranges
[    0.018006] On node 0, zone DMA: 11 pages in unavailable ranges
[    0.018034] On node 0, zone DMA: 104 pages in unavailable ranges
[    0.023467] On node 0, zone DMA32: 11 pages in unavailable ranges
[    0.023487] On node 0, zone DMA32: 786 pages in unavailable ranges
[    0.134475] On node 0, zone Normal: 32 pages in unavailable ranges
[    0.135165] ACPI: PM-Timer IO Port: 0xb008
[    0.135192] ACPI: LAPIC_NMI (acpi_id[0xff] dfl dfl lint[0x1])
[    0.135282] IOAPIC[0]: apic_id 0, version 17, address 0xfec00000, GSI 0-23
[    0.135286] ACPI: INT_SRC_OVR (bus 0 bus_irq 5 global_irq 5 high level)
[    0.135289] ACPI: INT_SRC_OVR (bus 0 bus_irq 9 global_irq 9 high level)
[    0.135291] ACPI: INT_SRC_OVR (bus 0 bus_irq 10 global_irq 10 high level)
[    0.135292] ACPI: INT_SRC_OVR (bus 0 bus_irq 11 global_irq 11 high level)
[    0.135299] ACPI: Using ACPI (MADT) for SMP configuration information
[    0.135305] CPU topo: Max. logical packages:   1
[    0.135306] CPU topo: Max. logical dies:       1
[    0.135307] CPU topo: Max. dies per package:   1
[    0.135312] CPU topo: Max. threads per core:   2
[    0.135313] CPU topo: Num. cores per package:    12
[    0.135314] CPU topo: Num. threads per package:  24
[    0.135315] CPU topo: Allowing 24 present CPUs plus 0 hotplug CPUs
[    0.135345] PM: hibernation: Registered nosave memory: [mem 0x00000000-0x00000fff]
[    0.135347] PM: hibernation: Registered nosave memory: [mem 0x00055000-0x0005ffff]
[    0.135349] PM: hibernation: Registered nosave memory: [mem 0x00098000-0x000fffff]
[    0.135351] PM: hibernation: Registered nosave memory: [mem 0xbd255000-0xbd25ffff]
[    0.135353] PM: hibernation: Registered nosave memory: [mem 0xbf8ed000-0xbfbfefff]
[    0.135355] PM: hibernation: Registered nosave memory: [mem 0xbffe0000-0xffffffff]
[    0.135357] [mem 0xc0000000-0xffffffff] available for PCI devices
[    0.135359] Booting paravirtualized kernel on KVM
[    0.135362] clocksource: refined-jiffies: mask: 0xffffffff max_cycles: 0xffffffff, max_idle_ns: 1910969940391419 ns
[    0.135370] setup_percpu: NR_CPUS:8192 nr_cpumask_bits:24 nr_cpu_ids:24 nr_node_ids:1
[    0.137457] percpu: Embedded 84 pages/cpu s221184 r8192 d114688 u524288
[    0.137525] kvm-guest: PV spinlocks enabled
[    0.137529] PV qspinlock hash table entries: 256 (order: 0, 4096 bytes, linear)
[    0.137534] Kernel command line: BOOT_IMAGE=/vmlinuz-6.17.0-1013-gcp root=PARTUUID=6624332c-1f00-4e51-a0bf-94661fe17234 ro console=ttyS0,115200 panic=-1
[    0.137607] printk: log buffer data + meta data: 262144 + 917504 = 1179648 bytes
[    0.144585] Dentry cache hash table entries: 8388608 (order: 14, 67108864 bytes, linear)
[    0.147984] Inode-cache hash table entries: 4194304 (order: 13, 33554432 bytes, linear)
[    0.148682] software IO TLB: area num 32.
[    0.162410] Fallback order for Node 0: 0 
[    0.162419] Built 1 zonelists, mobility grouping on.  Total pages: 16776271
[    0.162420] Policy zone: Normal
[    0.162433] mem auto-init: stack:all(zero), heap alloc:on, heap free:off
[    0.322745] SLUB: HWalign=64, Order=0-3, MinObjects=0, CPUs=24, Nodes=1
[    0.322812] Kernel/User page tables isolation: enabled
[    0.336526] ftrace: allocating 61994 entries in 244 pages
[    0.336531] ftrace: allocated 244 pages with 5 groups
[    0.336981] rcu: Hierarchical RCU implementation.
[    0.336982] rcu: 	RCU restricting CPUs from NR_CPUS=8192 to nr_cpu_ids=24.
[    0.336984] 	Rude variant of Tasks RCU enabled.
[    0.336984] 	Tracing variant of Tasks RCU enabled.
[    0.336985] rcu: RCU calculated value of scheduler-enlistment delay is 100 jiffies.
[    0.336986] rcu: Adjusting geometry for rcu_fanout_leaf=16, nr_cpu_ids=24
[    0.337017] RCU Tasks Rude: Setting shift to 5 and lim to 1 rcu_task_cb_adjust=1 rcu_task_cpu_ids=24.
[    0.337021] RCU Tasks Trace: Setting shift to 5 and lim to 1 rcu_task_cb_adjust=1 rcu_task_cpu_ids=24.
[    0.341689] NR_IRQS: 524544, nr_irqs: 616, preallocated irqs: 16
[    0.342067] rcu: srcu_init: Setting srcu_struct sizes based on contention.
[    0.342228] Console: colour dummy device 80x25
[    0.342301] printk: legacy console [ttyS0] enabled
[    0.622423] ACPI: Core revision 20250404
[    0.623802] APIC: Switch to symmetric I/O mode setup
[    0.626141] x2apic enabled
[    0.630649] APIC: Switched APIC routing to: physical x2apic
[    0.638450] ..TIMER: vector=0x30 apic1=0 pin1=0 apic2=-1 pin2=-1
[    0.640800] clocksource: tsc-early: mask: 0xffffffffffffffff max_cycles: 0x212733415c7, max_idle_ns: 440795236380 ns
[    0.644360] Calibrating delay loop (skipped) preset value.. 4599.99 BogoMIPS (lpj=2299998)
[    0.645785] Last level iTLB entries: 4KB 1024, 2MB 1024, 4MB 1024
[    0.646359] Last level dTLB entries: 4KB 1024, 2MB 1024, 4MB 1024, 1GB 4
[    0.647392] mitigations: Enabled attack vectors: user_kernel, user_user, guest_host, guest_guest, SMT mitigations: auto
[    0.648363] Speculative Store Bypass: Mitigation: Speculative Store Bypass disabled via prctl
[    0.649360] Spectre V2 : Mitigation: IBRS
[    0.650358] RETBleed: Mitigation: IBRS
[    0.651357] ITS: Mitigation: Aligned branch/return thunks
[    0.652358] Spectre V2 : User space: Mitigation: STIBP via prctl
[    0.653358] MDS: Mitigation: Clear CPU buffers
[    0.654358] MMIO Stale Data: Vulnerable: Clear CPU buffers attempted, no microcode
[    0.655358] Spectre V1 : Mitigation: usercopy/swapgs barriers and __user pointer sanitization
[    0.656365] Spectre V2 : Spectre v2 / SpectreRSB: Filling RSB on context switch and VMEXIT
[    0.657364] Spectre V2 : mitigation: Enabling conditional Indirect Branch Prediction Barrier
[    0.658365] active return thunk: its_return_thunk
[    0.659359] Spectre V2 : Spectre BHI mitigation: SW BHB clearing on syscall and VM exit
[    0.660377] x86/fpu: Supporting XSAVE feature 0x001: 'x87 floating point registers'
[    0.661359] x86/fpu: Supporting XSAVE feature 0x002: 'SSE registers'
[    0.662362] x86/fpu: Supporting XSAVE feature 0x004: 'AVX registers'
[    0.663359] x86/fpu: xstate_offset[2]:  576, xstate_sizes[2]:  256
[    0.664358] x86/fpu: Enabled xstate features 0x7, context size is 832 bytes, using 'standard' format.
[    0.730686] Freeing SMP alternatives memory: 52K
[    0.731362] pid_max: default: 32768 minimum: 301
[    0.732484] LSM: initializing lsm=lockdown,capability,landlock,yama,apparmor,ima,evm
[    0.733373] landlock: Up and running.
[    0.734357] Yama: becoming mindful.
[    0.735426] AppArmor: AppArmor initialized
[    0.736669] Mount-cache hash table entries: 131072 (order: 8, 1048576 bytes, linear)
[    0.737541] Mountpoint-cache hash table entries: 131072 (order: 8, 1048576 bytes, linear)
[    0.842100] smpboot: CPU0: Intel(R) Xeon(R) CPU @ 2.30GHz (family: 0x6, model: 0x3f, stepping: 0x0)
[    0.842730] Performance Events: unsupported CPU family 6 model 63 no PMU driver, software events only.
[    0.844433] signal: max sigframe size: 1776
[    0.845412] rcu: Hierarchical SRCU implementation.
[    0.846358] rcu: 	Max phase no-delay instances is 400.
[    0.847451] Timer migration: 2 hierarchy levels; 8 children per group; 2 crossnode level
[    0.850479] NMI watchdog: Perf NMI watchdog permanently disabled
[    0.851738] smp: Bringing up secondary CPUs ...
[    0.852592] smpboot: x86: Booting SMP configuration:
[    0.853363] .... node  #0, CPUs:        #1  #2  #3  #4  #5  #6  #7  #8  #9 #10 #11 #12 #13 #14 #15 #16 #17 #18 #19 #20 #21 #22 #23
[    0.865754] MDS CPU bug present and SMT on, data leak possible. See https://www.kernel.org/doc/html/latest/admin-guide/hw-vuln/mds.html for more details.
[    0.867359] MMIO Stale Data CPU bug present and SMT on, data leak possible. See https://www.kernel.org/doc/html/latest/admin-guide/hw-vuln/processor_mmio_stale_data.html for more details.
[    0.874382] smp: Brought up 1 node, 24 CPUs
[    0.875359] smpboot: Total of 24 processors activated (110399.90 BogoMIPS)
[    0.877756] Memory: 65803348K/67105084K available (22206K kernel code, 4673K rwdata, 15608K rodata, 5404K init, 6100K bss, 1277608K reserved, 0K cma-reserved)
[    0.881796] devtmpfs: initialized
[    0.883421] x86/mm: Memory block size: 1024MB
[    0.887097] ACPI: PM: Registering ACPI NVS region [mem 0xbfb7f000-0xbfbfefff] (524288 bytes)
[    0.888478] clocksource: jiffies: mask: 0xffffffff max_cycles: 0xffffffff, max_idle_ns: 1911260446275000 ns
[    0.889435] posixtimers hash table entries: 16384 (order: 6, 262144 bytes, linear)
[    0.891368] futex hash table entries: 8192 (524288 bytes on 1 NUMA nodes, total 512 KiB, linear).
[    0.892602] pinctrl core: initialized pinctrl subsystem
[    0.893648] PM: RTC time: 23:16:57, date: 2026-05-07
[    0.896268] NET: Registered PF_NETLINK/PF_ROUTE protocol family
[    0.897449] DMA: preallocated 4096 KiB GFP_KERNEL pool for atomic allocations
[    0.899904] DMA: preallocated 4096 KiB GFP_KERNEL|GFP_DMA pool for atomic allocations
[    0.901594] DMA: preallocated 4096 KiB GFP_KERNEL|GFP_DMA32 pool for atomic allocations
[    0.902386] audit: initializing netlink subsys (disabled)
[    0.903472] audit: type=2000 audit(1778195816.992:1): state=initialized audit_enabled=0 res=1
[    0.903600] thermal_sys: Registered thermal governor 'fair_share'
[    0.904361] thermal_sys: Registered thermal governor 'bang_bang'
[    0.905359] thermal_sys: Registered thermal governor 'step_wise'
[    0.906359] thermal_sys: Registered thermal governor 'user_space'
[    0.907359] thermal_sys: Registered thermal governor 'power_allocator'
[    0.908391] cpuidle: using governor ladder
[    0.910371] cpuidle: using governor menu
[    0.912439] acpiphp: ACPI Hot Plug PCI Controller Driver version: 0.5
[    0.913681] PCI: Using configuration type 1 for base access
[    0.915419] kprobes: kprobe jump-optimization is enabled. All kprobes are optimized if possible.
[    0.917553] HugeTLB: registered 1.00 GiB page size, pre-allocated 0 pages
[    0.918359] HugeTLB: 16380 KiB vmemmap can be freed for a 1.00 GiB page
[    0.919360] HugeTLB: registered 2.00 MiB page size, pre-allocated 0 pages
[    0.920358] HugeTLB: 28 KiB vmemmap can be freed for a 2.00 MiB page
[    0.925287] ACPI: Added _OSI(Module Device)
[    0.925360] ACPI: Added _OSI(Processor Device)
[    0.926359] ACPI: Added _OSI(Processor Aggregator Device)
[    0.931032] ACPI: 3 ACPI AML tables successfully acquired and loaded
[    0.951534] ACPI: Interpreter enabled
[    0.952382] ACPI: PM: (supports S0 S3 S4 S5)
[    0.953360] ACPI: Using IOAPIC for interrupt routing
[    0.954719] PCI: Using host bridge windows from ACPI; if necessary, use "pci=nocrs" and report a bug
[    0.955359] PCI: Ignoring E820 reservations for host bridge windows
[    0.956772] ACPI: Enabled 16 GPEs in block 00 to 0F
[    0.965233] ACPI: PCI Root Bridge [PCI0] (domain 0000 [bus 00-ff])
[    0.965364] acpi PNP0A03:00: _OSC: OS supports [ASPM ClockPM Segments MSI EDR HPX-Type3]
[    0.966359] acpi PNP0A03:00: _OSC: not requesting OS control; OS requires [ExtendedConfig ASPM ClockPM MSI]
[    0.967379] acpi PNP0A03:00: fail to add MMCONFIG information, can't access extended configuration space under this bridge
[    0.970776] PCI host bridge to bus 0000:00
[    0.971364] pci_bus 0000:00: root bus resource [io  0x0000-0x0cf7 window]
[    0.972359] pci_bus 0000:00: root bus resource [io  0x0d00-0xffff window]
[    0.973359] pci_bus 0000:00: root bus resource [mem 0x000a0000-0x000bffff window]
[    0.974359] pci_bus 0000:00: root bus resource [mem 0xc0000000-0xc53fffff window]
[    0.975359] pci_bus 0000:00: root bus resource [mem 0xc5440000-0xee3fffff window]
[    0.976358] pci_bus 0000:00: root bus resource [mem 0xee440000-0xfebfefff window]
[    0.977358] pci_bus 0000:00: root bus resource [mem 0x1040000000-0x2103fffffff window]
[    0.978359] pci_bus 0000:00: root bus resource [bus 00-ff]
[    0.979454] pci 0000:00:00.0: [8086:1237] type 00 class 0x060000 conventional PCI endpoint
[    0.983238] pci 0000:00:01.0: [8086:7110] type 00 class 0x060100 conventional PCI endpoint
[    0.989551] pci 0000:00:01.3: [8086:7113] type 00 class 0x068000 conventional PCI endpoint
[    0.994565] pci 0000:00:01.3: quirk: [io  0xb000-0xb03f] claimed by PIIX4 ACPI
[    0.996449] pci 0000:00:03.0: [1af4:1004] type 00 class 0x000000 conventional PCI endpoint
[    1.005393] pci 0000:00:03.0: BAR 0 [io  0xc040-0xc07f]
[    1.006374] pci 0000:00:03.0: BAR 1 [mem 0xc1001000-0xc100107f]
[    1.008827] pci 0000:00:04.0: [10de:1eb8] type 00 class 0x030200 conventional PCI endpoint
[    1.025392] pci 0000:00:04.0: BAR 0 [mem 0xc0000000-0xc0ffffff]
[    1.026393] pci 0000:00:04.0: BAR 1 [mem 0x1040000000-0x104fffffff 64bit pref]
[    1.027387] pci 0000:00:04.0: BAR 3 [mem 0x1050000000-0x1051ffffff 64bit pref]
[    1.029453] pci 0000:00:05.0: [1af4:1000] type 00 class 0x020000 conventional PCI endpoint
[    1.038392] pci 0000:00:05.0: BAR 0 [io  0xc000-0xc03f]
[    1.039374] pci 0000:00:05.0: BAR 1 [mem 0xc1000000-0xc10003ff]
[    1.041584] pci 0000:00:06.0: [1af4:1005] type 00 class 0x00ff00 conventional PCI endpoint
[    1.051395] pci 0000:00:06.0: BAR 0 [io  0xc080-0xc09f]
[    1.052375] pci 0000:00:06.0: BAR 1 [mem 0xc1002000-0xc100203f]
[    1.066410] ACPI: PCI: Interrupt link LNKA configured for IRQ 10
[    1.069374] ACPI: PCI: Interrupt link LNKB configured for IRQ 10
[    1.071522] ACPI: PCI: Interrupt link LNKC configured for IRQ 11
[    1.073523] ACPI: PCI: Interrupt link LNKD configured for IRQ 11
[    1.075454] ACPI: PCI: Interrupt link LNKS configured for IRQ 9
[    1.080469] iommu: Default domain type: Translated
[    1.081359] iommu: DMA domain TLB invalidation policy: lazy mode
[    1.084663] SCSI subsystem initialized
[    1.086386] ACPI: bus type USB registered
[    1.087386] usbcore: registered new interface driver usbfs
[    1.088370] usbcore: registered new interface driver hub
[    1.089383] usbcore: registered new device driver usb
[    1.090394] pps_core: LinuxPPS API ver. 1 registered
[    1.091358] pps_core: Software ver. 5.3.6 - Copyright 2005-2007 Rodolfo Giometti <giometti@linux.it>
[    1.093367] PTP clock support registered
[    1.094427] EDAC MC: Ver: 3.0.0
[    1.095677] efivars: Registered efivars operations
[    1.097885] NetLabel: Initializing
[    1.098358] NetLabel:  domain hash size = 128
[    1.099358] NetLabel:  protocols = UNLABELED CIPSOv4 CALIPSO
[    1.100385] NetLabel:  unlabeled traffic allowed by default
[    1.101408] mctp: management component transport protocol core
[    1.102361] NET: Registered PF_MCTP protocol family
[    1.103388] PCI: Using ACPI for IRQ routing
[    1.105576] vgaarb: loaded
[    1.106693] clocksource: Switched to clocksource kvm-clock
[    1.109630] VFS: Disk quotas dquot_6.6.0
[    1.111234] VFS: Dquot-cache hash table entries: 512 (order 0, 4096 bytes)
[    1.114277] AppArmor: AppArmor Filesystem Enabled
[    1.116030] pnp: PnP ACPI init
[    1.118124] pnp: PnP ACPI: found 7 devices
[    1.127059] clocksource: acpi_pm: mask: 0xffffff max_cycles: 0xffffff, max_idle_ns: 2085701024 ns
[    1.130414] NET: Registered PF_INET protocol family
[    1.132686] IP idents hash table entries: 262144 (order: 9, 2097152 bytes, linear)
[    1.159275] tcp_listen_portaddr_hash hash table entries: 32768 (order: 7, 524288 bytes, linear)
[    1.162323] Table-perturb hash table entries: 65536 (order: 6, 262144 bytes, linear)
[    1.165707] TCP established hash table entries: 524288 (order: 10, 4194304 bytes, linear)
[    1.169329] TCP bind hash table entries: 65536 (order: 9, 2097152 bytes, linear)
[    1.172423] TCP: Hash tables configured (established 524288 bind 65536)
[    1.175380] MPTCP token hash table entries: 65536 (order: 9, 1572864 bytes, linear)
[    1.178736] UDP hash table entries: 32768 (order: 9, 2097152 bytes, linear)
[    1.181624] UDP-Lite hash table entries: 32768 (order: 9, 2097152 bytes, linear)
[    1.184672] NET: Registered PF_UNIX/PF_LOCAL protocol family
[    1.186672] NET: Registered PF_XDP protocol family
[    1.188328] pci_bus 0000:00: resource 4 [io  0x0000-0x0cf7 window]
[    1.190454] pci_bus 0000:00: resource 5 [io  0x0d00-0xffff window]
[    1.192718] pci_bus 0000:00: resource 6 [mem 0x000a0000-0x000bffff window]
[    1.195132] pci_bus 0000:00: resource 7 [mem 0xc0000000-0xc53fffff window]
[    1.197364] pci_bus 0000:00: resource 8 [mem 0xc5440000-0xee3fffff window]
[    1.199250] pci_bus 0000:00: resource 9 [mem 0xee440000-0xfebfefff window]
[    1.201514] pci_bus 0000:00: resource 10 [mem 0x1040000000-0x2103fffffff window]
[    1.203644] pci 0000:00:00.0: Limiting direct PCI/PCI transfers
[    1.205929] PCI: CLS 0 bytes, default 64
[    1.207538] PCI-DMA: Using software bounce buffering for IO (SWIOTLB)
[    1.209813] software IO TLB: mapped [mem 0x00000000b7f7f000-0x00000000bbf7f000] (64MB)
[    1.212722] clocksource: tsc: mask: 0xffffffffffffffff max_cycles: 0x212733415c7, max_idle_ns: 440795236380 ns
[    1.216518] clocksource: Switched to clocksource tsc
[    1.238826] Initialise system trusted keyrings
[    1.240608] Key type blacklist registered
[    1.242250] workingset: timestamp_bits=36 max_order=24 bucket_order=0
[    1.245160] squashfs: version 4.0 (2009/01/31) Phillip Lougher
[    1.247624] fuse: init (API version 7.44)
[    1.249805] integrity: Platform Keyring initialized
[    1.251656] integrity: Machine keyring initialized
[    1.268194] Key type asymmetric registered
[    1.269703] Asymmetric key parser 'x509' registered
[    1.271511] Block layer SCSI generic (bsg) driver version 0.4 loaded (major 242)
[    1.274398] io scheduler mq-deadline registered
[    1.278693] ledtrig-cpu: registered to indicate activity on CPUs
[    1.281187] input: Power Button as /devices/LNXSYSTM:00/LNXPWRBN:00/input/input0
[    1.283842] ACPI: button: Power Button [PWRF]
[    1.285549] input: Sleep Button as /devices/LNXSYSTM:00/LNXSLPBN:00/input/input1
[    1.288264] ACPI: button: Sleep Button [SLPF]
[    1.297401] ACPI: \_SB_.LNKC: Enabled at IRQ 11
[    1.299268] virtio-pci 0000:00:03.0: virtio_pci: leaving for legacy driver
[    1.310199] ACPI: \_SB_.LNKA: Enabled at IRQ 10
[    1.311996] virtio-pci 0000:00:05.0: virtio_pci: leaving for legacy driver
[    1.323248] ACPI: \_SB_.LNKB: Enabled at IRQ 10
[    1.325008] virtio-pci 0000:00:06.0: virtio_pci: leaving for legacy driver
[    1.332942] Serial: 8250/16550 driver, 32 ports, IRQ sharing enabled
[    1.358308] 00:03: ttyS0 at I/O 0x3f8 (irq = 4, base_baud = 115200) is a 16550A
[    1.383466] 00:04: ttyS1 at I/O 0x2f8 (irq = 3, base_baud = 115200) is a 16550A
[    1.408750] 00:05: ttyS2 at I/O 0x3e8 (irq = 6, base_baud = 115200) is a 16550A
[    1.434530] 00:06: ttyS3 at I/O 0x2e8 (irq = 7, base_baud = 115200) is a 16550A
[    1.439735] Linux agpgart interface v0.103
[    1.451617] tpm_tis MSFT0101:00: 2.0 TPM (device-id 0x9009, rev-id 0)
[    1.469749] loop: module loaded
[    1.474444] virtio_scsi virtio0: 1/0/0 default/read/poll queues
[    1.492887] scsi host0: Virtio SCSI HBA
[    1.494111] blk-mq: reduced tag depth to 10240
[    1.500995] Key type psk registered
[    1.501533] scsi 0:0:1:0: Direct-Access     Google   PersistentDisk   1    PQ: 0 ANSI: 6
[    1.502841] ACPI: bus type drm_connector registered
[    1.505905] tun: Universal TUN/TAP device driver, 1.6
[    1.680667] sd 0:0:1:0: Attached scsi generic sg0 type 0
[    1.680892] sd 0:0:1:0: [sda] 4194304000 512-byte logical blocks: (2.15 TB/1.95 TiB)
[    1.723366] sd 0:0:1:0: [sda] 4096-byte physical blocks
[    1.728763] sd 0:0:1:0: [sda] Write Protect is off
[    1.745844] PPP generic driver version 2.4.2
[    1.747978] i8042: PNP: PS/2 Controller [PNP0303:KBD,PNP0f13:MOU] at 0x60,0x64 irq 1,12
[    1.747995] sd 0:0:1:0: [sda] Write cache: enabled, read cache: enabled, doesn't support DPO or FUA
[    1.750391] i8042: Warning: Keylock active
[    1.756166] serio: i8042 KBD port at 0x60,0x64 irq 1
[    1.757488] serio: i8042 AUX port at 0x60,0x64 irq 12
[    1.759273] mousedev: PS/2 mouse device common for all mice
[    1.761171] rtc_cmos 00:00: RTC can wake from S4
[    1.764005] rtc_cmos 00:00: registered as rtc0
[    1.765404] rtc_cmos 00:00: setting system clock to 2026-05-07T23:16:58 UTC (1778195818)
[    1.767769] rtc_cmos 00:00: alarms up to one day, 114 bytes nvram
[    1.769554] i2c_dev: i2c /dev entries driver
[    1.770811] device-mapper: core: CONFIG_IMA_DISABLE_HTABLE is disabled. Duplicate IMA measurements will not be recorded in the IMA log.
[    1.774243] device-mapper: uevent: version 1.0.3
[    1.775675] device-mapper: ioctl: 4.50.0-ioctl (2025-04-28) initialised: dm-devel@lists.linux.dev
[    1.778065] intel_pstate: CPU model not supported
[    1.779390] drop_monitor: Initializing network drop monitor service
[    1.782229] NET: Registered PF_INET6 protocol family
[    1.784551] Segment Routing with IPv6
[    1.785697] In-situ OAM (IOAM) with IPv6
[    1.786779] NET: Registered PF_PACKET protocol family
[    1.787325] GPT:Primary header thinks Alt. header is not at the end of the disk.
[    1.788320] Key type dns_resolver registered
[    1.790743] GPT:104857599 != 4194303999
[    1.793124] GPT:Alternate GPT header not at the end of the disk.
[    1.795327] GPT:104857599 != 4194303999
[    1.796438] GPT: Use GNU Parted to correct GPT errors.
[    1.797850]  sda: sda1 sda14 sda15 sda16
[    1.799487] sd 0:0:1:0: [sda] Attached SCSI disk
[    1.799503] IPI shorthand broadcast: enabled
[    1.804850] sched_clock: Marking stable (1508003870, 296278898)->(2080080492, -275797724)
[    1.807895] registered taskstats version 1
[    1.811457] Loading compiled-in X.509 certificates
[    1.813613] Loaded X.509 cert 'Build time autogenerated kernel key: e45cb4cd1c398ae218369364b5dd9534d3664c1e'
[    1.816955] Loaded X.509 cert 'Canonical Ltd. Live Patch Signing 2025 Kmod: d541cef61dc7e793b7eb7e899970a2eef0b5dc8c'
[    1.820418] Loaded X.509 cert 'Canonical Ltd. Live Patch Signing: 14df34d1a87cf37625abec039ef2bf521249b969'
[    1.824055] Loaded X.509 cert 'Canonical Ltd. Kernel Module Signing: 88f752e560a1e0737e31163a466ad7b70a850c19'
[    1.826864] blacklist: Loading compiled-in revocation X.509 certificates
[    1.828783] Loaded X.509 cert 'Canonical Ltd. Secure Boot Signing: 61482aa2830d0ab2ad5af10b7250da9033ddcef0'
[    1.831493] Loaded X.509 cert 'Canonical Ltd. Secure Boot Signing (2017): 242ade75ac4a15e50d50c84b0d45ff3eae707a03'
[    1.834467] Loaded X.509 cert 'Canonical Ltd. Secure Boot Signing (ESM 2018): 365188c1d374d6b07c3c8f240f8ef722433d6a8b'
[    1.837517] Loaded X.509 cert 'Canonical Ltd. Secure Boot Signing (2019): c0746fd6c5da3ae827864651ad66ae47fe24b3e8'
[    1.840386] Loaded X.509 cert 'Canonical Ltd. Secure Boot Signing (2021 v1): a8d54bbb3825cfb94fa13c9f8a594a195c107b8d'
[    1.843323] Loaded X.509 cert 'Canonical Ltd. Secure Boot Signing (2021 v2): 4cf046892d6fd3c9a5b03f98d845f90851dc6a8c'
[    1.846253] Loaded X.509 cert 'Canonical Ltd. Secure Boot Signing (2021 v3): 100437bb6de6e469b581e61cd66bce3ef4ed53af'
[    1.849326] Loaded X.509 cert 'Canonical Ltd. Secure Boot Signing (Ubuntu Core 2019): c1d57b8f6b743f23ee41f4f7ee292f06eecadfb9'
[    1.858990] Demotion targets for Node 0: null
[    1.860525] Key type .fscrypt registered
[    1.861657] Key type fscrypt-provisioning registered
[    1.863176] Key type big_key registered
[    1.864310] Key type trusted registered
[    1.867415] Key type encrypted registered
[    1.868807] AppArmor: AppArmor sha256 policy hashing enabled
[    1.870987] integrity: Loading X.509 certificate: UEFI:db
[    1.872507] integrity: Loaded X.509 cert 'Microsoft Corporation UEFI CA 2011: 13adbf4309bd82709c8cd54f316ed522988a1bd4'
[    1.875533] integrity: Loading X.509 certificate: UEFI:db
[    1.877137] integrity: Loaded X.509 cert 'Microsoft Windows Production PCA 2011: a92902398e16c49778cd90f99e4f9ae17c55af53'
[    1.880225] integrity: Loading X.509 certificate: UEFI:db
[    1.881651] integrity: Loaded X.509 cert 'Microsoft Corporation: Windows UEFI CA 2023: aefc5fbbbe055d8f8daa585473499417ab5a5272'
[    1.884840] integrity: Loading X.509 certificate: UEFI:db
[    1.886407] integrity: Loaded X.509 cert 'Microsoft UEFI CA 2023: 81aa6b3244c935bce0d6628af39827421e32497d'
[    1.889375] integrity: Revoking X.509 certificate: UEFI:dbx
[    1.891005] blacklist: Revoked X.509 cert 'Canonical Ltd. Secure Boot Signing: 61482aa2830d0ab2ad5af10b7250da9033ddcef0'
[    1.894146] integrity: Revoking X.509 certificate: UEFI:dbx
[    1.895800] blacklist: Revoked X.509 cert 'Cisco: Virtual UEFI SubCA: 13df2e3f54ebf347dcaecebf21d3cbb2355a4c9a'
[    1.898864] integrity: Revoking X.509 certificate: UEFI:dbx
[    1.900600] blacklist: Revoked X.509 cert 'Debian Secure Boot Signer: 00a7468def'
[    1.903395] Loading compiled-in module X.509 certificates
[    1.905514] Loaded X.509 cert 'Build time autogenerated kernel key: e45cb4cd1c398ae218369364b5dd9534d3664c1e'
[    1.908475] ima: Allocated hash algorithm: sha256
[    1.936605] ima: No architecture policies found
[    1.938075] evm: Initialising EVM extended attributes:
[    1.939578] evm: security.selinux
[    1.940553] evm: security.SMACK64
[    1.941564] evm: security.SMACK64EXEC
[    1.942604] evm: security.SMACK64TRANSMUTE
[    1.943737] evm: security.SMACK64MMAP
[    1.944852] evm: security.apparmor
[    1.945954] evm: security.ima
[    1.946947] evm: security.capability
[    1.948056] evm: HMAC attrs: 0x1
[    1.949543] PM:   Magic number: 10:679:301
[    1.950902] kgdboc kgdboc: hash matches
[    1.951991] tty tty30: hash matches
[    1.955951] RAS: Correctable Errors collector initialized.
[    1.972254] input: AT Translated Set 2 keyboard as /devices/platform/i8042/serio0/input/input2
[    1.973778] clk: Disabling unused clocks
[    1.977076] PM: genpd: Disabling unused power domains
[    1.979542] check access for rdinit=/init failed: -2, ignoring
[    1.980418] md: Waiting for all devices to be available before autodetect
[    1.981427] md: If you don't use raid, use raid=noautodetect
[    1.982254] md: Autodetecting RAID arrays.
[    1.982861] md: autorun ...
[    1.983355] md: ... autorun DONE.
[    1.994386] EXT4-fs (sda1): mounted filesystem 89fcf612-67c3-434b-97ea-2cfdbfe01b5b ro with ordered data mode. Quota mode: none.
[    1.996201] VFS: Mounted root (ext4 filesystem) readonly on device 8:1.
[    1.997945] devtmpfs: mounted
[    2.000793] Freeing unused decrypted memory: 2028K
[    2.003485] Freeing unused kernel image (initmem) memory: 5404K
[    2.004656] Write protecting the kernel read-only data: 38912k
[    2.006301] Freeing unused kernel image (text/rodata gap) memory: 320K
[    2.007846] Freeing unused kernel image (rodata/data gap) memory: 776K
[    2.076116] x86/mm: Checked W+X mappings: passed, no W+X pages found.
[    2.077080] x86/mm: Checking user space page tables
[    2.142295] x86/mm: Checked W+X mappings: passed, no W+X pages found.
[    2.143329] Run /sbin/init as init process
[    2.371914] systemd[1]: Inserted module 'autofs4'
[    2.521439] systemd[1]: systemd 255.4-1ubuntu8.15 running in system mode (+PAM +AUDIT +SELINUX +APPARMOR +IMA +SMACK +SECCOMP +GCRYPT -GNUTLS +OPENSSL +ACL +BLKID +CURL +ELFUTILS +FIDO2 +IDN2 -IDN +IPTC +KMOD +LIBCRYPTSETUP +LIBFDISK +PCRE2 -PWQUALITY +P11KIT +QRENCODE +TPM2 +BZIP2 +LZ4 +XZ +ZLIB +ZSTD -BPF_FRAMEWORK -XKBCOMMON +UTMP +SYSVINIT default-hierarchy=unified)
[    2.526119] systemd[1]: Detected virtualization google.
[    2.526969] systemd[1]: Detected architecture x86-64.

Welcome to [1mUbuntu 24.04.4 LTS[0m!

[    2.534391] systemd[1]: No hostname configured, using default hostname.
[    2.535540] systemd[1]: Hostname set to <localhost>.
[    2.967169] systemd[1]: Queued start job for default target graphical.target.
[    2.995327] systemd[1]: Created slice system-modprobe.slice - Slice /system/modprobe.
[[0;32m  OK  [0m] Created slice [0;1;39msystem-modprobe.slice[0m - Slice /system/modprobe.
[    2.999858] systemd[1]: Created slice system-serial\x2dgetty.slice - Slice /system/serial-getty.
[[0;32m  OK  [0m] Created slice [0;1;39msystem-serial\x2dget…slice[0m - Slice /system/serial-getty.
[    3.005026] systemd[1]: Created slice system-systemd\x2dfsck.slice - Slice /system/systemd-fsck.
[[0;32m  OK  [0m] Created slice [0;1;39msystem-systemd\x2dfs…slice[0m - Slice /system/systemd-fsck.
[    3.009861] systemd[1]: Created slice user.slice - User and Session Slice.
[[0;32m  OK  [0m] Created slice [0;1;39muser.slice[0m - User and Session Slice.
[    3.013445] systemd[1]: Started systemd-ask-password-wall.path - Forward Password Requests to Wall Directory Watch.
[[0;32m  OK  [0m] Started [0;1;39msystemd-ask-password-wall.…[0md Requests to Wall Directory Watch.
[    3.018637] systemd[1]: Set up automount proc-sys-fs-binfmt_misc.automount - Arbitrary Executable File Formats File System Automount Point.
[[0;32m  OK  [0m] Set up automount [0;1;39mproc-sys-fs-binfm…[0mormats File System Automount Point.
[    3.023370] systemd[1]: Expecting device dev-disk-by\x2dlabel-BOOT.device - /dev/disk/by-label/BOOT...
         Expecting device [0;1;39mdev-disk-by\x2dla…device[0m - /dev/disk/by-label/BOOT...
[    3.028344] systemd[1]: Expecting device dev-disk-by\x2dlabel-UEFI.device - /dev/disk/by-label/UEFI...
         Expecting device [0;1;39mdev-disk-by\x2dla…device[0m - /dev/disk/by-label/UEFI...
[    3.031412] systemd[1]: Expecting device dev-ttyS0.device - /dev/ttyS0...
         Expecting device [0;1;39mdev-ttyS0.device[0m - /dev/ttyS0...
[    3.035371] systemd[1]: Reached target integritysetup.target - Local Integrity Protected Volumes.
[[0;32m  OK  [0m] Reached target [0;1;39mintegritysetup.targ…[0m Local Integrity Protected Volumes.
[    3.040403] systemd[1]: Reached target slices.target - Slice Units.
[[0;32m  OK  [0m] Reached target [0;1;39mslices.target[0m - Slice Units.
[    3.044368] systemd[1]: Reached target snapd.mounts-pre.target - Mounting snaps.
[[0;32m  OK  [0m] Reached target [0;1;39msnapd.mounts-pre.target[0m - Mounting snaps.
[    3.048370] systemd[1]: Reached target swap.target - Swaps.
[[0;32m  OK  [0m] Reached target [0;1;39mswap.target[0m - Swaps.
[    3.052368] systemd[1]: Reached target time-set.target - System Time Set.
[[0;32m  OK  [0m] Reached target [0;1;39mtime-set.target[0m - System Time Set.
[    3.056425] systemd[1]: Reached target veritysetup.target - Local Verity Protected Volumes.
[[0;32m  OK  [0m] Reached target [0;1;39mveritysetup.target[0m - Local Verity Protected Volumes.
[    3.060505] systemd[1]: Listening on dm-event.socket - Device-mapper event daemon FIFOs.
[[0;32m  OK  [0m] Listening on [0;1;39mdm-event.socket[0m - Device-mapper event daemon FIFOs.
[    3.064564] systemd[1]: Listening on lvm2-lvmpolld.socket - LVM2 poll daemon socket.
[[0;32m  OK  [0m] Listening on [0;1;39mlvm2-lvmpolld.socket[0m - LVM2 poll daemon socket.
[    3.069551] systemd[1]: Listening on multipathd.socket - multipathd control socket.
[[0;32m  OK  [0m] Listening on [0;1;39mmultipathd.socket[0m - multipathd control socket.
[    3.073563] systemd[1]: Listening on syslog.socket - Syslog Socket.
[[0;32m  OK  [0m] Listening on [0;1;39msyslog.socket[0m - Syslog Socket.
[    3.077508] systemd[1]: Listening on systemd-fsckd.socket - fsck to fsckd communication Socket.
[[0;32m  OK  [0m] Listening on [0;1;39msystemd-fsckd.socket[0m …fsck to fsckd communication Socket.
[    3.082457] systemd[1]: Listening on systemd-initctl.socket - initctl Compatibility Named Pipe.
[[0;32m  OK  [0m] Listening on [0;1;39msystemd-initctl.socke…[0m- initctl Compatibility Named Pipe.
[    3.087541] systemd[1]: Listening on systemd-journald-dev-log.socket - Journal Socket (/dev/log).
[[0;32m  OK  [0m] Listening on [0;1;39msystemd-journald-dev-…socket[0m - Journal Socket (/dev/log).
[    3.092567] systemd[1]: Listening on systemd-journald.socket - Journal Socket.
[[0;32m  OK  [0m] Listening on [0;1;39msystemd-journald.socket[0m - Journal Socket.
[    3.096661] systemd[1]: Listening on systemd-networkd.socket - Network Service Netlink Socket.
[[0;32m  OK  [0m] Listening on [0;1;39msystemd-networkd.socket[0m - Network Service Netlink Socket.
[    3.101393] systemd[1]: systemd-pcrextend.socket - TPM2 PCR Extension (Varlink) was skipped because of an unmet condition check (ConditionSecurity=measured-uki).
[    3.103766] systemd[1]: Listening on systemd-udevd-control.socket - udev Control Socket.
[[0;32m  OK  [0m] Listening on [0;1;39msystemd-udevd-control.socket[0m - udev Control Socket.
[    3.108510] systemd[1]: Listening on systemd-udevd-kernel.socket - udev Kernel Socket.
[[0;32m  OK  [0m] Listening on [0;1;39msystemd-udevd-kernel.socket[0m - udev Kernel Socket.
[    3.132455] systemd[1]: Mounting dev-hugepages.mount - Huge Pages File System...
         Mounting [0;1;39mdev-hugepages.mount[0m - Huge Pages File System...
[    3.137707] systemd[1]: Mounting dev-mqueue.mount - POSIX Message Queue File System...
         Mounting [0;1;39mdev-mqueue.mount[0m - POSIX Message Queue File System...
[    3.143693] systemd[1]: Mounting sys-kernel-debug.mount - Kernel Debug File System...
         Mounting [0;1;39msys-kernel-debug.mount[0m - Kernel Debug File System...
[    3.148605] systemd[1]: Mounting sys-kernel-tracing.mount - Kernel Trace File System...
         Mounting [0;1;39msys-kernel-tracing.mount[0m - Kernel Trace File System...
[    3.156820] systemd[1]: Starting systemd-journald.service - Journal Service...
         Starting [0;1;39msystemd-journald.service[0m - Journal Service...
[    3.162924] systemd[1]: Starting keyboard-setup.service - Set the console keyboard layout...
         Starting [0;1;39mkeyboard-setup.service[0m - Set the console keyboard layout...
[    3.168882] systemd[1]: Starting kmod-static-nodes.service - Create List of Static Device Nodes...
         Starting [0;1;39mkmod-static-nodes.service[0m…eate List of Static Device Nodes...
[    3.173061] systemd[1]: Starting lvm2-monitor.service - Monitoring of LVM2 mirrors, snapshots etc. using dmeventd or progress polling...
         Starting [0;1;39mlvm2-monitor.service[0m - Mo…ing dmeventd or progress polling...
[    3.177872] systemd[1]: Starting modprobe@configfs.service - Load Kernel Module configfs...
         Starting [0;1;39mmodprobe@configfs.ser[    3.179961] systemd-journald[287]: Collecting audit messages is disabled.
vice[0m - Load Kernel Module configfs...
[    3.184585] systemd[1]: Starting modprobe@dm_mod.service - Load Kernel Module dm_mod...
         Starting [0;1;39mmodprobe@dm_mod.service[0m - Load Kernel Module dm_mod...
[    3.190753] systemd[1]: Starting modprobe@drm.service - Load Kernel Module drm...
         Starting [0;1;39mmodprobe@drm.service[0m - Load Kernel Module drm...
[    3.196706] systemd[1]: Starting modprobe@efi_pstore.service - Load Kernel Module efi_pstore...
         Starting [0;1;39mmodprobe@efi_pstore.servi…[0m - Load Kernel Module efi_pstore...
[    3.202691] systemd[1]: Starting modprobe@fuse.service - Load Kernel Module fuse...
         Starting [0;1;39mmodprobe@fuse.service[0m - Load Kernel Module fuse...
[    3.207697] systemd[1]: Starting modprobe@loop.service - Load Kernel Module loop...
         Starting [0;1;39mmodprobe@loop.service[0m - Load Kernel Module loop..[    3.210833] pstore: Using crash dump compression: deflate
.
[    3.214985] systemd[1]: Starting modprobe@nvme_fabrics.service - Load Kernel Module nvme_fabrics...
         Starting [0;1;39mmodprobe@nvme_fabrics.ser…[0m Load Kernel Module nvme_fabrics...
[    3.218529] pstore: Registered efi_pstore as persistent store backend
[    3.218826] systemd[1]: netplan-ovs-cleanup.service - OpenVSwitch configuration for cleanup was skipped because of an unmet condition check (ConditionFileIsExecutable=/usr/bin/ovs-vsctl).
[    3.223821] systemd[1]: Starting systemd-fsck-root.service - File System Check on Root Device...
         Starting [0;1;39msystemd-fsck-root.service[0m…File System Check on Root Device...
[    3.231469] systemd[1]: Starting systemd-modules-load.service - Load Kernel Modules...
         Starting [0;1;39msystemd-modules-load.service[0m - Load Kernel Modules...
[    3.236372] systemd[1]: systemd-pcrmachine.service - TPM2 PCR Machine ID Measurement was skipped because of an unmet condition check (ConditionSecurity=measured-uki).
[    3.238678] systemd[1]: systemd-tpm2-setup-early.service - TPM2 SRK Setup (Early) was skipped because of an unmet condition check (ConditionSecurity=measured-uki).
[    3.242308] systemd[1]: Starting systemd-udev-trigger.service - Coldplug All udev Devices...
         Starting [0;1;39msystemd-udev-trigger.service[0m - Coldplug All udev Devices...
[    3.245717] systemd[1]: Started systemd-journald.service - Journal Service.
[[0;32m  OK  [0m] Started [0;1;39msystemd-journald.service[0m - Journal Service.
[[0;32m  OK  [0m] Mounted [0;1;39mdev-hugepages.mount[0m - Huge Pages File System.
[[0;32m  OK  [0m] Mounted [0;1;39mdev-mqueue.mount[0m - POSIX Message Queue File System.
[[0;32m  OK  [0m] Mounted [0;1;39msys-kernel-debug.mount[0m - Kernel Debug File System.
[[0;32m  OK  [0m] Mounted [0;1;39msys-kernel-tracing.mount[0m - Kernel Trace File System.
[[0;32m  OK  [0m] Finished [0;1;39mkeyboard-setup.service[0m - Set the console keyboard layout.
[[0;32m  OK  [0m] Finished [0;1;39mkmod-static-nodes.service[0m…Create List of Static Device Nodes.
[[0;32m  OK  [0m] Finished [0;1;39mmodprobe@configfs.service[0m - Load Kernel Module configfs.
[[0;32m  OK  [0m] Finished [0;1;39mmodprobe@dm_mod.service[0m - Load Kernel Module dm_mod.
[[0;32m  OK  [0m] Finished [0;1;39mmodprobe@drm.service[0m - Load Kernel Module drm.
[[0;32m  OK  [0m] Finished [0;1;39mmodprobe@efi_pstore.service[0m - Load Kernel Module efi_pstore.
[[0;32m  OK  [0m] Finished [0;1;39mmodprobe@fuse.service[0m - Load Kernel Module fuse.
[[0;32m  OK  [0m] Finished [0;1;39mmodprobe@loop.service[0m - Load Kernel Module loop.
[[0;32m  OK  [0m] Finished [0;1;39mmodprobe@nvme_fabrics.ser…[0m - Load Kernel Module nvme_fabrics.
[[0;32m  OK  [0m] Finished [0;1;39msystemd-modules-load.service[0m - Load Kernel Modules.
         Mounting [0;1;39msys-fs-fuse-connections.mount[0m - FUSE Control File System...
         Mounting [0;1;39msys-kernel-config.mount[0m - Kernel Configuration File System...
[[0;32m  OK  [0m] Started [0;1;39msystemd-fsckd.service[0m - Fi…stem Check Daemon to report status.
         Starting [0;1;39msystemd-sysctl.service[0m - Apply Kernel Variables...
         Starting [0;1;39msystemd-tmpfiles-setup-de…[0m Device Nodes in /dev gracefully...
[[0;32m  OK  [0m] Finished [0;1;39mlvm2-monitor.service[0m - Mo…using dmeventd or progress polling.
[[0;32m  OK  [0m] Finished [0;1;39msystemd-fsck-root.service[0m - File System Check on Root Device.
[[0;32m  OK  [0m] Mounted [0;1;39msys-fs-fuse-connections.mount[0m - FUSE Control File System.
[[0;32m  OK  [0m] Mounted [0;1;39msys-kernel-config.mount[0m - Kernel Configuration File System.
         Starting [0;1;39msystemd-remount-fs.servic…[0munt Root and Kernel File Systems...
[[0;32m  OK  [0m] Finished [0;1;39msystemd-sysctl.service[0m - Apply Kernel Variables.
[[0;32m  OK  [0m] Finished [0;1;39msystemd-tmpfiles-setup-de…[0mic Device Nodes in /dev gracefully.
[[0;32m  OK  [0m] Finished [0;1;39msystemd-remount-fs.servic…[0mmount Root and Kernel File Systems.
         Starting [0;1;39mmultipathd.service[0m - Devi…pper Multipath Device Controller...
         Starting [0;1;39msystemd-journal-flush.ser…[0msh Journal to Persistent Storage...
         Starting [0;1;39msystemd-random-seed.service[0m - Load/Save OS Random Seed...
         Starting [0;1;39msystemd-tmpfiles-setup-de…[0meate Static Device Nodes in /dev...
[[0;32m  OK  [0m] Finished [0;1;39msystemd-udev-trigger.service[0m - Coldplug All udev Devices.
[[0;32m  OK  [0m] Finished [0;1;39msystemd-random-seed.service[0m - Load/Save OS Random Seed.
[[0;32m  OK  [0m] Finished [0;1;39msystemd-tmpfiles-setup-de…[0mCreate Static Device Nodes in /dev.
         Starting [0;1;39msystemd-udevd.service[0m - R…ager for Device Events and Files...
[[0;32m  OK  [0m] Started [0;1;39mmultipathd.service[0m - Devic…Mapper Multipath Device Controller.
[[0;32m  OK  [0m] Started [0;1;39msystemd-udevd.service[0m - Ru…anager for Device Events and Files.
[[0;32m  OK  [0m] Reached target [0;1;39mlocal-fs-pre.target[0m…Preparation for Local File Systems.
         Mounting [0;1;39msnap-core22-2411.mount[0m - …t unit for core22, revision 2411...
         Mounting [0;1;39msnap-google\x2dcloud\x2dc…[0mr google-cloud-cli, revision 448...
         Mounting [0;1;39msnap-snapd-26865.mount[0m - …t unit for snapd, revision 26865...
[[0;32m  OK  [0m] Started [0;1;39msystemd-ask-password-conso…[0mequests to Console Directory Watch.
[[0;32m  OK  [0m] Reached target [0;1;39mcryptsetup.target[0m - Local Encrypted Volumes.
[[0;32m  OK  [0m] Finished [0;1;39msystemd-journal-flush.ser…[0mlush Journal to Persistent Storage.
[[0;32m  OK  [0m] Mounted [0;1;39msnap-core22-2411.mount[0m - Mount unit for core22, revision 2411.
[[0;32m  OK  [0m] Mounted [0;1;39msnap-google\x2dcloud\x2dcl…[0mfor google-cloud-cli, revision 448.
[[0;32m  OK  [0m] Mounted [0;1;39msnap-snapd-26865.mount[0m - Mount unit for snapd, revision 26865.
[[0;32m  OK  [0m] Found device [0;1;39mdev-ttyS0.device[0m - /dev/ttyS0.
[[0;32m  OK  [0m] Found device [0;1;39mdev-disk-by\x2dlabel-BOOT.device[0m - PersistentDisk BOOT.
[[0;32m  OK  [0m] Found device [0;1;39mdev-disk-by\x2dlabel-UEFI.device[0m - PersistentDisk UEFI.
[[0;32m  OK  [0m] Reached target [0;1;39msnapd.mounts.target[0m - Mounted snaps.
[[0;32m  OK  [0m] Listening on [0;1;39msystemd-rfkill.socket[0m…ll Switch Status /dev/rfkill Watch.
[    3.916257] 
         Starting [0;1;39msystemd-fsck@dev-disk-by\…[0mCheck on /dev/disk/by-label/BOOT...
         Starting [0;1;39msystemd-fsck@dev-disk-by\…[0mCheck on /dev/disk/by-label/UEFI...
Checking in progress on 1 disk (0.0% complete)[[0;32m  OK  [0m] Finished [0;1;39msystemd-fsck@dev-disk-by\…[0mm Check on /dev/disk/by-label/BOOT.
         Mounting [0;1;39mboot.mount[0m - /boot...
[[0;32m  OK  [0m] Mounted [0;1;39mboot.mount[0m - /boot.
Checking in progress on 0 disks (100.0% complete)[[0;32m  OK  [0m] Finished [0;1;39msystemd-fsck@dev-disk-by\…[0mm Check on /dev/disk/by-label/UEFI.
         Mounting [0;1;39mboot-efi.mount[0m - /boot/efi...
[[0;32m  OK  [0m] Mounted [0;1;39mboot-efi.mount[0m - /boot/efi.
[[0;32m  OK  [0m] Reached target [0;1;39mlocal-fs.target[0m - Local File Systems.
[[0;32m  OK  [0m] Listening on [0;1;39msystemd-sysext.socket[0m…tension Image Management (Varlink).
         Starting [0;1;39mapparmor.service[0m - Load AppArmor profiles...
         Starting [0;1;39mconsole-setup.service[0m - Set console font and keymap...
         Starting [0;1;39mfinalrd.service[0m - Create …time dir for shutdown pivot root...
         Starting [0;1;39mplymouth-read-write.servi…[0mymouth To Write Out Runtime Data...
         Starting [0;1;39msystemd-binfmt.service[0m - Set Up Additional Binary Formats...
         Starting [0;1;39msystemd-tmpfiles-setup.se…[0me Volatile Files and Directories...
         Starting [0;1;39mufw.service[0m - Uncomplicated firewall...
[[0;32m  OK  [0m] Finished [0;1;39mconsole-setup.service[0m - Set console font and keymap.
[[0;32m  OK  [0m] Finished [0;1;39mfinalrd.service[0m - Create …untime dir for shutdown pivot root.
[[0;32m  OK  [0m] Finished [0;1;39mplymouth-read-write.servi…[0mPlymouth To Write Out Runtime Data.
[[0;32m  OK  [0m] Finished [0;1;39mufw.service[0m - Uncomplicated firewall.
         Mounting [0;1;39mproc-sys-fs-binfmt_misc.m…[0mcutable File Formats File System...
[[0;32m  OK  [0m] Finished [0;1;39mapparmor.service[0m - Load AppArmor profiles.
[[0;32m  OK  [0m] Mounted [0;1;39mproc-sys-fs-binfmt_misc.mo…[0mxecutable File Formats File System.
         Starting [0;1;39msnapd.apparmor.service[0m - …iles managed internally by snapd...
[[0;32m  OK  [0m] Finished [0;1;39msystemd-binfmt.service[0m - Set Up Additional Binary Formats.
[[0;32m  OK  [0m] Finished [0;1;39msnapd.apparmor.service[0m - …ofiles managed internally by snapd.
[[0;32m  OK  [0m] Finished [0;1;39msystemd-tmpfiles-setup.se…[0mate Volatile Files and Directories.
         Starting [0;1;39msystemd-resolved.service[0m - Network Name Resolution...
         Starting [0;1;39msystemd-update-utmp.servi…[0mord System Boot/Shutdown in UTMP...
         Starting [0;1;39mcloud-init-local.service[0m …-init: Local Stage (pre-network)...
[[0;32m  OK  [0m] Finished [0;1;39msystemd-update-utmp.servi…[0mecord System Boot/Shutdown in UTMP.
         Starting [0;1;39mmodprobe@dm_mod.service[0m - Load Kernel Module dm_mod...
         Starting [0;1;39mmodprobe@efi_pstore.servi…[0m - Load Kernel Module efi_pstore...
         Starting [0;1;39mmodprobe@loop.service[0m - Load Kernel Module loop...
[[0;32m  OK  [0m] Finished [0;1;39mmodprobe@dm_mod.service[0m - Load Kernel Module dm_mod.
[[0;32m  OK  [0m] Finished [0;1;39mmodprobe@efi_pstore.service[0m - Load Kernel Module efi_pstore.
[[0;32m  OK  [0m] Finished [0;1;39mmodprobe@loop.service[0m - Load Kernel Module loop.
[[0;32m  OK  [0m] Started [0;1;39msystemd-resolved.service[0m - Network Name Resolution.
[[0;32m  OK  [0m] Reached target [0;1;39mnss-lookup.target[0m - Host and Network Name Lookups.
[    6.061249] cloud-init[713]: Cloud-init v. 25.3-0ubuntu1~24.04.1 running 'init-local' at Thu, 07 May 2026 23:17:03 +0000. Up 6.03 seconds.


2026-05-07 16:17:05,102 INFO     ___FILE_ONLY___ 
Specify --start=53870 in the next get-serial-port-output invocation to get only the new output starting from here.

2026-05-07 16:17:05,116 DEBUG    root            Metrics reporting process started...
