2026-05-07 16:34:30,621 DEBUG    root            Loaded Command Group: ['gcloud', 'compute']
2026-05-07 16:34:30,624 DEBUG    root            Loaded Command Group: ['gcloud', 'compute', 'instances']
2026-05-07 16:34:30,626 DEBUG    root            Loaded Command Group: ['gcloud', 'compute', 'instances', 'get_serial_port_output']
2026-05-07 16:34:30,627 DEBUG    root            Running [gcloud.compute.instances.get-serial-port-output] with arguments: [--zone: "us-central1-c", INSTANCE_NAME: "loadgen-sgw6"]
2026-05-07 16:34:30,629 DEBUG    root            On GCE from memory cache: False
2026-05-07 16:34:30,630 DEBUG    root            On GCE from memory cache: False
2026-05-07 16:34:30,722 DEBUG    urllib3.connectionpool Starting new HTTPS connection (1): compute.googleapis.com:443
2026-05-07 16:34:31,257 DEBUG    urllib3.connectionpool https://compute.googleapis.com:443 "GET /compute/v1/projects/env-integration-fenway/zones/us-central1-c/instances/loadgen-sgw6/serialPort?alt=json&port=1 HTTP/1.1" 200 None
2026-05-07 16:34:31,309 DEBUG    root            Chosen display Format:value[no-quote](contents)
2026-05-07 16:34:31,314 INFO     root            Display format: "value[no-quote](contents)"
2026-05-07 16:34:31,335 INFO     ___FILE_ONLY___ [2J[01;01H[=3h[2J[01;01H[2J[01;01H[=3h[2J[01;01HCSM BBS Table full.
BdsDxe: loading Boot0003 "Ubuntu" from PciRoot(0x0)/Pci(0x3,0x0)/Scsi(0x1,0x0)/HD(15,GPT,C848D457-4750-4825-A2CD-4EBFB870DC53,0x2800,0x35000)/\EFI\ubuntu\shimx64.efi
BdsDxe: starting Boot0003 "Ubuntu" from PciRoot(0x0)/Pci(0x3,0x0)/Scsi(0x1,0x0)/HD(15,GPT,C848D457-4750-4825-A2CD-4EBFB870DC53,0x2800,0x35000)/\EFI\ubuntu\shimx64.efi

UEFI: Attempting to start image.
Description: Ubuntu
FilePath: PciRoot(0x0)/Pci(0x3,0x0)/Scsi(0x1,0x0)/HD(15,GPT,C848D457-4750-4825-A2CD-4EBFB870DC53,0x2800,0x35000)/\EFI\ubuntu\shimx64.efi
OptionNumber: 3.

[H[J[1;1HGRUB_FORCE_PARTUUID set, attempting initrdless boot.
[    0.000000] Linux version 6.17.0-1013-gcp (buildd@lcy02-amd64-034) (x86_64-linux-gnu-gcc-13 (Ubuntu 13.3.0-6ubuntu2~24.04.1) 13.3.0, GNU ld (GNU Binutils for Ubuntu) 2.42) #13~24.04.1-Ubuntu SMP Thu Apr 16 02:10:24 UTC 2026 (Ubuntu 6.17.0-1013.13~24.04.1-gcp 6.17.13)
[    0.000000] Command line: BOOT_IMAGE=/vmlinuz-6.17.0-1013-gcp root=PARTUUID=6624332c-1f00-4e51-a0bf-94661fe17234 ro console=ttyS0,115200 panic=-1
[    0.000000] KERNEL supported cpus:
[    0.000000]   Intel GenuineIntel
[    0.000000]   AMD AuthenticAMD
[    0.000000]   Hygon HygonGenuine
[    0.000000]   Centaur CentaurHauls
[    0.000000]   zhaoxin   Shanghai  
[    0.000000] x86/CPU: Model not found in latest microcode list
[    0.000000] BIOS-provided physical RAM map:
[    0.000000] BIOS-e820: [mem 0x0000000000000000-0x0000000000000fff] reserved
[    0.000000] BIOS-e820: [mem 0x0000000000001000-0x0000000000054fff] usable
[    0.000000] BIOS-e820: [mem 0x0000000000055000-0x000000000005ffff] reserved
[    0.000000] BIOS-e820: [mem 0x0000000000060000-0x0000000000097fff] usable
[    0.000000] BIOS-e820: [mem 0x0000000000098000-0x000000000009ffff] reserved
[    0.000000] BIOS-e820: [mem 0x0000000000100000-0x00000000bd254fff] usable
[    0.000000] BIOS-e820: [mem 0x00000000bd255000-0x00000000bd25ffff] ACPI data
[    0.000000] BIOS-e820: [mem 0x00000000bd260000-0x00000000bf8ecfff] usable
[    0.000000] BIOS-e820: [mem 0x00000000bf8ed000-0x00000000bfb6cfff] reserved
[    0.000000] BIOS-e820: [mem 0x00000000bfb6d000-0x00000000bfb7efff] ACPI data
[    0.000000] BIOS-e820: [mem 0x00000000bfb7f000-0x00000000bfbfefff] ACPI NVS
[    0.000000] BIOS-e820: [mem 0x00000000bfbff000-0x00000000bffdffff] usable
[    0.000000] BIOS-e820: [mem 0x00000000bffe0000-0x00000000bfffffff] reserved
[    0.000000] BIOS-e820: [mem 0x0000000100000000-0x000000103fffffff] usable
[    0.000000] NX (Execute Disable) protection: active
[    0.000000] APIC: Static calls initialized
[    0.000000] efi: EFI v2.7 by EDK II
[    0.000000] efi: TPMFinalLog=0xbfbf7000 ACPI=0xbfb7e000 ACPI 2.0=0xbfb7e014 SMBIOS=0xbf9ca000 MEMATTR=0xbd260018 MOKvar=0xbf9c8000 RNG=0xbfb72018 TPMEventLog=0xbd255018 
[    0.000000] random: crng init done
[    0.000000] SMBIOS 2.4 present.
[    0.000000] DMI: Google Google Compute Engine/Google Compute Engine, BIOS Google 04/21/2026
[    0.000000] DMI: Memory slots populated: 4/4
[    0.000000] secureboot: Secure boot disabled
[    0.000000] Hypervisor detected: KVM
[    0.000000] last_pfn = 0xbffe0 max_arch_pfn = 0x400000000
[    0.000000] kvm-clock: Using msrs 4b564d01 and 4b564d00
[    0.000001] kvm-clock: using sched offset of 14992034365 cycles
[    0.000003] clocksource: kvm-clock: mask: 0xffffffffffffffff max_cycles: 0x1cd42e4dffb, max_idle_ns: 881590591483 ns
[    0.000007] tsc: Detected 2299.998 MHz processor
[    0.000089] last_pfn = 0x1040000 max_arch_pfn = 0x400000000
[    0.000127] MTRR map: 3 entries (2 fixed + 1 variable; max 18), built from 8 variable MTRRs
[    0.000130] x86/PAT: Configuration [0-7]: WB  WC  UC- UC  WB  WP  UC- WT  
[    0.000178] last_pfn = 0xbffe0 max_arch_pfn = 0x400000000
[    0.016671] Using GB pages for direct mapping
[    0.016906] secureboot: Secure boot disabled
[    0.016910] ACPI: Early table checksum verification disabled
[    0.016915] ACPI: RSDP 0x00000000BFB7E014 000024 (v02 Google)
[    0.016921] ACPI: XSDT 0x00000000BFB7D0E8 00005C (v01 Google GOOGFACP 00000001      01000013)
[    0.016930] ACPI: FACP 0x00000000BFB78000 0000F4 (v02 Google GOOGFACP 00000001 GOOG 00000001)
[    0.016940] ACPI: DSDT 0x00000000BFB79000 001A64 (v01 Google GOOGDSDT 00000001 GOOG 00000001)
[    0.016947] ACPI: FACS 0x00000000BFBF1000 000040
[    0.016953] ACPI: SSDT 0x00000000BFB7C000 000316 (v02 GOOGLE Tpm2Tabl 00001000 INTL 20250807)
[    0.016959] ACPI: TPM2 0x00000000BFB7B000 000034 (v04 GOOGLE          00000001 GOOG 00000001)
[    0.016964] ACPI: SRAT 0x00000000BFB77000 000228 (v03 Google GOOGSRAT 00000001 GOOG 00000001)
[    0.016970] ACPI: APIC 0x00000000BFB76000 000126 (v05 Google GOOGAPIC 00000001 GOOG 00000001)
[    0.016976] ACPI: SSDT 0x00000000BFB74000 0011D6 (v01 Google GOOGSSDT 00000001 GOOG 00000001)
[    0.016981] ACPI: WAET 0x00000000BFB73000 000028 (v01 Google GOOGWAET 00000001 GOOG 00000001)
[    0.016985] ACPI: Reserving FACP table memory at [mem 0xbfb78000-0xbfb780f3]
[    0.016987] ACPI: Reserving DSDT table memory at [mem 0xbfb79000-0xbfb7aa63]
[    0.016988] ACPI: Reserving FACS table memory at [mem 0xbfbf1000-0xbfbf103f]
[    0.016989] ACPI: Reserving SSDT table memory at [mem 0xbfb7c000-0xbfb7c315]
[    0.016991] ACPI: Reserving TPM2 table memory at [mem 0xbfb7b000-0xbfb7b033]
[    0.016992] ACPI: Reserving SRAT table memory at [mem 0xbfb77000-0xbfb77227]
[    0.016993] ACPI: Reserving APIC table memory at [mem 0xbfb76000-0xbfb76125]
[    0.016994] ACPI: Reserving SSDT table memory at [mem 0xbfb74000-0xbfb751d5]
[    0.016995] ACPI: Reserving WAET table memory at [mem 0xbfb73000-0xbfb73027]
[    0.017165] ACPI: SRAT: Node 0 PXM 0 [mem 0x00000000-0x0009ffff]
[    0.017169] ACPI: SRAT: Node 0 PXM 0 [mem 0x00100000-0xbfffffff]
[    0.017173] ACPI: SRAT: Node 0 PXM 0 [mem 0x100000000-0x103fffffff]
[    0.017182] NUMA: Node 0 [mem 0x00001000-0x0009ffff] + [mem 0x00100000-0xbfffffff] -> [mem 0x00001000-0xbfffffff]
[    0.017186] NUMA: Node 0 [mem 0x00001000-0xbfffffff] + [mem 0x100000000-0x103fffffff] -> [mem 0x00001000-0x103fffffff]
[    0.017216] NODE_DATA(0) allocated [mem 0x103ffd52c0-0x103fffffff]
[    0.017474] Zone ranges:
[    0.017474]   DMA      [mem 0x0000000000001000-0x0000000000ffffff]
[    0.017490]   DMA32    [mem 0x0000000001000000-0x00000000ffffffff]
[    0.017492]   Normal   [mem 0x0000000100000000-0x000000103fffffff]
[    0.017493]   Device   empty
[    0.017494] Movable zone start for each node
[    0.017497] Early memory node ranges
[    0.017498]   node   0: [mem 0x0000000000001000-0x0000000000054fff]
[    0.017499]   node   0: [mem 0x0000000000060000-0x0000000000097fff]
[    0.017500]   node   0: [mem 0x0000000000100000-0x00000000bd254fff]
[    0.017502]   node   0: [mem 0x00000000bd260000-0x00000000bf8ecfff]
[    0.017503]   node   0: [mem 0x00000000bfbff000-0x00000000bffdffff]
[    0.017504]   node   0: [mem 0x0000000100000000-0x000000103fffffff]
[    0.017510] Initmem setup node 0 [mem 0x0000000000001000-0x000000103fffffff]
[    0.017591] On node 0, zone DMA: 1 pages in unavailable ranges
[    0.017593] On node 0, zone DMA: 11 pages in unavailable ranges
[    0.017620] On node 0, zone DMA: 104 pages in unavailable ranges
[    0.022899] On node 0, zone DMA32: 11 pages in unavailable ranges
[    0.022916] On node 0, zone DMA32: 786 pages in unavailable ranges
[    0.130805] On node 0, zone Normal: 32 pages in unavailable ranges
[    0.131485] ACPI: PM-Timer IO Port: 0xb008
[    0.131511] ACPI: LAPIC_NMI (acpi_id[0xff] dfl dfl lint[0x1])
[    0.131598] IOAPIC[0]: apic_id 0, version 17, address 0xfec00000, GSI 0-23
[    0.131603] ACPI: INT_SRC_OVR (bus 0 bus_irq 5 global_irq 5 high level)
[    0.131606] ACPI: INT_SRC_OVR (bus 0 bus_irq 9 global_irq 9 high level)
[    0.131607] ACPI: INT_SRC_OVR (bus 0 bus_irq 10 global_irq 10 high level)
[    0.131609] ACPI: INT_SRC_OVR (bus 0 bus_irq 11 global_irq 11 high level)
[    0.131615] ACPI: Using ACPI (MADT) for SMP configuration information
[    0.131622] CPU topo: Max. logical packages:   1
[    0.131623] CPU topo: Max. logical dies:       1
[    0.131624] CPU topo: Max. dies per package:   1
[    0.131628] CPU topo: Max. threads per core:   2
[    0.131629] CPU topo: Num. cores per package:    12
[    0.131630] CPU topo: Num. threads per package:  24
[    0.131630] CPU topo: Allowing 24 present CPUs plus 0 hotplug CPUs
[    0.131657] PM: hibernation: Registered nosave memory: [mem 0x00000000-0x00000fff]
[    0.131659] PM: hibernation: Registered nosave memory: [mem 0x00055000-0x0005ffff]
[    0.131661] PM: hibernation: Registered nosave memory: [mem 0x00098000-0x000fffff]
[    0.131662] PM: hibernation: Registered nosave memory: [mem 0xbd255000-0xbd25ffff]
[    0.131664] PM: hibernation: Registered nosave memory: [mem 0xbf8ed000-0xbfbfefff]
[    0.131666] PM: hibernation: Registered nosave memory: [mem 0xbffe0000-0xffffffff]
[    0.131668] [mem 0xc0000000-0xffffffff] available for PCI devices
[    0.131670] Booting paravirtualized kernel on KVM
[    0.131672] clocksource: refined-jiffies: mask: 0xffffffff max_cycles: 0xffffffff, max_idle_ns: 1910969940391419 ns
[    0.131681] setup_percpu: NR_CPUS:8192 nr_cpumask_bits:24 nr_cpu_ids:24 nr_node_ids:1
[    0.133400] percpu: Embedded 84 pages/cpu s221184 r8192 d114688 u524288
[    0.133456] kvm-guest: PV spinlocks enabled
[    0.133458] PV qspinlock hash table entries: 256 (order: 0, 4096 bytes, linear)
[    0.133462] Kernel command line: BOOT_IMAGE=/vmlinuz-6.17.0-1013-gcp root=PARTUUID=6624332c-1f00-4e51-a0bf-94661fe17234 ro console=ttyS0,115200 panic=-1
[    0.133532] printk: log buffer data + meta data: 262144 + 917504 = 1179648 bytes
[    0.140347] Dentry cache hash table entries: 8388608 (order: 14, 67108864 bytes, linear)
[    0.143621] Inode-cache hash table entries: 4194304 (order: 13, 33554432 bytes, linear)
[    0.144331] software IO TLB: area num 32.
[    0.157321] Fallback order for Node 0: 0 
[    0.157327] Built 1 zonelists, mobility grouping on.  Total pages: 16776271
[    0.157329] Policy zone: Normal
[    0.157339] mem auto-init: stack:all(zero), heap alloc:on, heap free:off
[    0.309292] SLUB: HWalign=64, Order=0-3, MinObjects=0, CPUs=24, Nodes=1
[    0.309357] Kernel/User page tables isolation: enabled
[    0.322232] ftrace: allocating 61994 entries in 244 pages
[    0.322236] ftrace: allocated 244 pages with 5 groups
[    0.322643] rcu: Hierarchical RCU implementation.
[    0.322645] rcu: 	RCU restricting CPUs from NR_CPUS=8192 to nr_cpu_ids=24.
[    0.322646] 	Rude variant of Tasks RCU enabled.
[    0.322647] 	Tracing variant of Tasks RCU enabled.
[    0.322648] rcu: RCU calculated value of scheduler-enlistment delay is 100 jiffies.
[    0.322648] rcu: Adjusting geometry for rcu_fanout_leaf=16, nr_cpu_ids=24
[    0.322672] RCU Tasks Rude: Setting shift to 5 and lim to 1 rcu_task_cb_adjust=1 rcu_task_cpu_ids=24.
[    0.322676] RCU Tasks Trace: Setting shift to 5 and lim to 1 rcu_task_cb_adjust=1 rcu_task_cpu_ids=24.
[    0.326648] NR_IRQS: 524544, nr_irqs: 616, preallocated irqs: 16
[    0.327020] rcu: srcu_init: Setting srcu_struct sizes based on contention.
[    0.327165] Console: colour dummy device 80x25
[    0.327233] printk: legacy console [ttyS0] enabled
[    0.485216] ACPI: Core revision 20250404
[    0.486074] APIC: Switch to symmetric I/O mode setup
[    0.487526] x2apic enabled
[    0.491172] APIC: Switched APIC routing to: physical x2apic
[    0.497385] ..TIMER: vector=0x30 apic1=0 pin1=0 apic2=-1 pin2=-1
[    0.498865] clocksource: tsc-early: mask: 0xffffffffffffffff max_cycles: 0x212733415c7, max_idle_ns: 440795236380 ns
[    0.501304] Calibrating delay loop (skipped) preset value.. 4599.99 BogoMIPS (lpj=2299998)
[    0.503316] Last level iTLB entries: 4KB 1024, 2MB 1024, 4MB 1024
[    0.504302] Last level dTLB entries: 4KB 1024, 2MB 1024, 4MB 1024, 1GB 4
[    0.505321] mitigations: Enabled attack vectors: user_kernel, user_user, guest_host, guest_guest, SMT mitigations: auto
[    0.506304] Speculative Store Bypass: Mitigation: Speculative Store Bypass disabled via prctl
[    0.507302] Spectre V2 : Mitigation: IBRS
[    0.508009] RETBleed: Mitigation: IBRS
[    0.508302] ITS: Mitigation: Aligned branch/return thunks
[    0.509302] Spectre V2 : User space: Mitigation: STIBP via prctl
[    0.510302] MDS: Mitigation: Clear CPU buffers
[    0.511302] MMIO Stale Data: Vulnerable: Clear CPU buffers attempted, no microcode
[    0.512302] Spectre V1 : Mitigation: usercopy/swapgs barriers and __user pointer sanitization
[    0.513304] Spectre V2 : Spectre v2 / SpectreRSB: Filling RSB on context switch and VMEXIT
[    0.514304] Spectre V2 : mitigation: Enabling conditional Indirect Branch Prediction Barrier
[    0.515328] active return thunk: its_return_thunk
[    0.516302] Spectre V2 : Spectre BHI mitigation: SW BHB clearing on syscall and VM exit
[    0.517317] x86/fpu: Supporting XSAVE feature 0x001: 'x87 floating point registers'
[    0.518302] x86/fpu: Supporting XSAVE feature 0x002: 'SSE registers'
[    0.519302] x86/fpu: Supporting XSAVE feature 0x004: 'AVX registers'
[    0.520303] x86/fpu: xstate_offset[2]:  576, xstate_sizes[2]:  256
[    0.521302] x86/fpu: Enabled xstate features 0x7, context size is 832 bytes, using 'standard' format.
[    0.584062] Freeing SMP alternatives memory: 52K
[    0.584306] pid_max: default: 32768 minimum: 301
[    0.585417] LSM: initializing lsm=lockdown,capability,landlock,yama,apparmor,ima,evm
[    0.586321] landlock: Up and running.
[    0.587018] Yama: becoming mindful.
[    0.587368] AppArmor: AppArmor initialized
[    0.588571] Mount-cache hash table entries: 131072 (order: 8, 1048576 bytes, linear)
[    0.590467] Mountpoint-cache hash table entries: 131072 (order: 8, 1048576 bytes, linear)
[    0.694639] smpboot: CPU0: Intel(R) Xeon(R) CPU @ 2.30GHz (family: 0x6, model: 0x3f, stepping: 0x0)
[    0.695642] Performance Events: unsupported CPU family 6 model 63 no PMU driver, software events only.
[    0.696380] signal: max sigframe size: 1776
[    0.697363] rcu: Hierarchical SRCU implementation.
[    0.698303] rcu: 	Max phase no-delay instances is 400.
[    0.699385] Timer migration: 2 hierarchy levels; 8 children per group; 2 crossnode level
[    0.702656] NMI watchdog: Perf NMI watchdog permanently disabled
[    0.703613] smp: Bringing up secondary CPUs ...
[    0.704500] smpboot: x86: Booting SMP configuration:
[    0.705305] .... node  #0, CPUs:        #1  #2  #3  #4  #5  #6  #7  #8  #9 #10 #11 #12 #13 #14 #15 #16 #17 #18 #19 #20 #21 #22 #23
[    0.717467] MDS CPU bug present and SMT on, data leak possible. See https://www.kernel.org/doc/html/latest/admin-guide/hw-vuln/mds.html for more details.
[    0.719306] MMIO Stale Data CPU bug present and SMT on, data leak possible. See https://www.kernel.org/doc/html/latest/admin-guide/hw-vuln/processor_mmio_stale_data.html for more details.
[    0.725445] smp: Brought up 1 node, 24 CPUs
[    0.726303] smpboot: Total of 24 processors activated (110399.90 BogoMIPS)
[    0.728637] Memory: 65803332K/67105084K available (22206K kernel code, 4673K rwdata, 15608K rodata, 5404K init, 6100K bss, 1277608K reserved, 0K cma-reserved)
[    0.731961] devtmpfs: initialized
[    0.732409] x86/mm: Memory block size: 1024MB
[    0.736021] ACPI: PM: Registering ACPI NVS region [mem 0xbfb7f000-0xbfbfefff] (524288 bytes)
[    0.737429] clocksource: jiffies: mask: 0xffffffff max_cycles: 0xffffffff, max_idle_ns: 1911260446275000 ns
[    0.738356] posixtimers hash table entries: 16384 (order: 6, 262144 bytes, linear)
[    0.739427] futex hash table entries: 8192 (524288 bytes on 1 NUMA nodes, total 512 KiB, linear).
[    0.741360] pinctrl core: initialized pinctrl subsystem
[    0.742573] PM: RTC time: 23:31:54, date: 2026-05-07
[    0.745003] NET: Registered PF_NETLINK/PF_ROUTE protocol family
[    0.747032] DMA: preallocated 4096 KiB GFP_KERNEL pool for atomic allocations
[    0.748044] DMA: preallocated 4096 KiB GFP_KERNEL|GFP_DMA pool for atomic allocations
[    0.749908] DMA: preallocated 4096 KiB GFP_KERNEL|GFP_DMA32 pool for atomic allocations
[    0.750317] audit: initializing netlink subsys (disabled)
[    0.751338] audit: type=2000 audit(1778196714.163:1): state=initialized audit_enabled=0 res=1
[    0.751505] thermal_sys: Registered thermal governor 'fair_share'
[    0.752320] thermal_sys: Registered thermal governor 'bang_bang'
[    0.753306] thermal_sys: Registered thermal governor 'step_wise'
[    0.754303] thermal_sys: Registered thermal governor 'user_space'
[    0.755303] thermal_sys: Registered thermal governor 'power_allocator'
[    0.756317] cpuidle: using governor ladder
[    0.758311] cpuidle: using governor menu
[    0.759386] acpiphp: ACPI Hot Plug PCI Controller Driver version: 0.5
[    0.760607] PCI: Using configuration type 1 for base access
[    0.762378] kprobes: kprobe jump-optimization is enabled. All kprobes are optimized if possible.
[    0.764542] HugeTLB: registered 1.00 GiB page size, pre-allocated 0 pages
[    0.765304] HugeTLB: 16380 KiB vmemmap can be freed for a 1.00 GiB page
[    0.767304] HugeTLB: registered 2.00 MiB page size, pre-allocated 0 pages
[    0.768303] HugeTLB: 28 KiB vmemmap can be freed for a 2.00 MiB page
[    0.772436] ACPI: Added _OSI(Module Device)
[    0.773304] ACPI: Added _OSI(Processor Device)
[    0.774304] ACPI: Added _OSI(Processor Aggregator Device)
[    0.779563] ACPI: 3 ACPI AML tables successfully acquired and loaded
[    0.784541] ACPI: Interpreter enabled
[    0.785323] ACPI: PM: (supports S0 S3 S4 S5)
[    0.786304] ACPI: Using IOAPIC for interrupt routing
[    0.787665] PCI: Using host bridge windows from ACPI; if necessary, use "pci=nocrs" and report a bug
[    0.788304] PCI: Ignoring E820 reservations for host bridge windows
[    0.789690] ACPI: Enabled 16 GPEs in block 00 to 0F
[    0.797366] ACPI: PCI Root Bridge [PCI0] (domain 0000 [bus 00-ff])
[    0.798309] acpi PNP0A03:00: _OSC: OS supports [ASPM ClockPM Segments MSI EDR HPX-Type3]
[    0.799304] acpi PNP0A03:00: _OSC: not requesting OS control; OS requires [ExtendedConfig ASPM ClockPM MSI]
[    0.800317] acpi PNP0A03:00: fail to add MMCONFIG information, can't access extended configuration space under this bridge
[    0.803119] PCI host bridge to bus 0000:00
[    0.803309] pci_bus 0000:00: root bus resource [io  0x0000-0x0cf7 window]
[    0.804304] pci_bus 0000:00: root bus resource [io  0x0d00-0xffff window]
[    0.805303] pci_bus 0000:00: root bus resource [mem 0x000a0000-0x000bffff window]
[    0.806303] pci_bus 0000:00: root bus resource [mem 0xc0000000-0xc53fffff window]
[    0.807304] pci_bus 0000:00: root bus resource [mem 0xc5440000-0xee3fffff window]
[    0.808303] pci_bus 0000:00: root bus resource [mem 0xee440000-0xfebfefff window]
[    0.809303] pci_bus 0000:00: root bus resource [mem 0x1040000000-0x2103fffffff window]
[    0.810304] pci_bus 0000:00: root bus resource [bus 00-ff]
[    0.811387] pci 0000:00:00.0: [8086:1237] type 00 class 0x060000 conventional PCI endpoint
[    0.815678] pci 0000:00:01.0: [8086:7110] type 00 class 0x060100 conventional PCI endpoint
[    0.821654] pci 0000:00:01.3: [8086:7113] type 00 class 0x068000 conventional PCI endpoint
[    0.827474] pci 0000:00:01.3: quirk: [io  0xb000-0xb03f] claimed by PIIX4 ACPI
[    0.829661] pci 0000:00:03.0: [1af4:1004] type 00 class 0x000000 conventional PCI endpoint
[    0.839339] pci 0000:00:03.0: BAR 0 [io  0xc040-0xc07f]
[    0.840320] pci 0000:00:03.0: BAR 1 [mem 0xc1001000-0xc100107f]
[    0.843087] pci 0000:00:04.0: [10de:1eb8] type 00 class 0x030200 conventional PCI endpoint
[    0.857337] pci 0000:00:04.0: BAR 0 [mem 0xc0000000-0xc0ffffff]
[    0.858334] pci 0000:00:04.0: BAR 1 [mem 0x1040000000-0x104fffffff 64bit pref]
[    0.859332] pci 0000:00:04.0: BAR 3 [mem 0x1050000000-0x1051ffffff 64bit pref]
[    0.862146] pci 0000:00:05.0: [1af4:1000] type 00 class 0x020000 conventional PCI endpoint
[    0.870357] pci 0000:00:05.0: BAR 0 [io  0xc000-0xc03f]
[    0.871319] pci 0000:00:05.0: BAR 1 [mem 0xc1000000-0xc10003ff]
[    0.873010] pci 0000:00:06.0: [1af4:1005] type 00 class 0x00ff00 conventional PCI endpoint
[    0.882333] pci 0000:00:06.0: BAR 0 [io  0xc080-0xc09f]
[    0.883319] pci 0000:00:06.0: BAR 1 [mem 0xc1002000-0xc100203f]
[    0.897289] ACPI: PCI: Interrupt link LNKA configured for IRQ 10
[    0.899340] ACPI: PCI: Interrupt link LNKB configured for IRQ 10
[    0.901458] ACPI: PCI: Interrupt link LNKC configured for IRQ 11
[    0.903449] ACPI: PCI: Interrupt link LNKD configured for IRQ 11
[    0.905356] ACPI: PCI: Interrupt link LNKS configured for IRQ 9
[    0.910599] iommu: Default domain type: Translated
[    0.911304] iommu: DMA domain TLB invalidation policy: lazy mode
[    0.913598] SCSI subsystem initialized
[    0.914364] ACPI: bus type USB registered
[    0.915332] usbcore: registered new interface driver usbfs
[    0.916322] usbcore: registered new interface driver hub
[    0.917330] usbcore: registered new device driver usb
[    0.918337] pps_core: LinuxPPS API ver. 1 registered
[    0.919303] pps_core: Software ver. 5.3.6 - Copyright 2005-2007 Rodolfo Giometti <giometti@linux.it>
[    0.920309] PTP clock support registered
[    0.921356] EDAC MC: Ver: 3.0.0
[    0.923484] efivars: Registered efivars operations
[    0.925466] NetLabel: Initializing
[    0.926303] NetLabel:  domain hash size = 128
[    0.927303] NetLabel:  protocols = UNLABELED CIPSOv4 CALIPSO
[    0.928328] NetLabel:  unlabeled traffic allowed by default
[    0.929345] mctp: management component transport protocol core
[    0.930304] NET: Registered PF_MCTP protocol family
[    0.931321] PCI: Using ACPI for IRQ routing
[    0.933314] vgaarb: loaded
[    0.934524] clocksource: Switched to clocksource kvm-clock
[    0.937810] VFS: Disk quotas dquot_6.6.0
[    0.939234] VFS: Dquot-cache hash table entries: 512 (order 0, 4096 bytes)
[    0.941695] AppArmor: AppArmor Filesystem Enabled
[    0.943103] pnp: PnP ACPI init
[    0.944697] pnp: PnP ACPI: found 7 devices
[    0.952968] clocksource: acpi_pm: mask: 0xffffff max_cycles: 0xffffff, max_idle_ns: 2085701024 ns
[    0.956446] NET: Registered PF_INET protocol family
[    0.958615] IP idents hash table entries: 262144 (order: 9, 2097152 bytes, linear)
[    0.985143] tcp_listen_portaddr_hash hash table entries: 32768 (order: 7, 524288 bytes, linear)
[    0.988342] Table-perturb hash table entries: 65536 (order: 6, 262144 bytes, linear)
[    0.991926] TCP established hash table entries: 524288 (order: 10, 4194304 bytes, linear)
[    0.995530] TCP bind hash table entries: 65536 (order: 9, 2097152 bytes, linear)
[    0.998482] TCP: Hash tables configured (established 524288 bind 65536)
[    1.001587] MPTCP token hash table entries: 65536 (order: 9, 1572864 bytes, linear)
[    1.004991] UDP hash table entries: 32768 (order: 9, 2097152 bytes, linear)
[    1.008354] UDP-Lite hash table entries: 32768 (order: 9, 2097152 bytes, linear)
[    1.010727] NET: Registered PF_UNIX/PF_LOCAL protocol family
[    1.011800] NET: Registered PF_XDP protocol family
[    1.012954] pci_bus 0000:00: resource 4 [io  0x0000-0x0cf7 window]
[    1.014317] pci_bus 0000:00: resource 5 [io  0x0d00-0xffff window]
[    1.016238] pci_bus 0000:00: resource 6 [mem 0x000a0000-0x000bffff window]
[    1.018141] pci_bus 0000:00: resource 7 [mem 0xc0000000-0xc53fffff window]
[    1.020372] pci_bus 0000:00: resource 8 [mem 0xc5440000-0xee3fffff window]
[    1.022128] pci_bus 0000:00: resource 9 [mem 0xee440000-0xfebfefff window]
[    1.023974] pci_bus 0000:00: resource 10 [mem 0x1040000000-0x2103fffffff window]
[    1.026227] pci 0000:00:00.0: Limiting direct PCI/PCI transfers
[    1.028549] PCI: CLS 0 bytes, default 64
[    1.029797] PCI-DMA: Using software bounce buffering for IO (SWIOTLB)
[    1.031962] software IO TLB: mapped [mem 0x00000000b7f7f000-0x00000000bbf7f000] (64MB)
[    1.034642] clocksource: tsc: mask: 0xffffffffffffffff max_cycles: 0x212733415c7, max_idle_ns: 440795236380 ns
[    1.037480] clocksource: Switched to clocksource tsc
[    1.059458] Initialise system trusted keyrings
[    1.061167] Key type blacklist registered
[    1.062761] workingset: timestamp_bits=36 max_order=24 bucket_order=0
[    1.065506] squashfs: version 4.0 (2009/01/31) Phillip Lougher
[    1.067910] fuse: init (API version 7.44)
[    1.069743] integrity: Platform Keyring initialized
[    1.071647] integrity: Machine keyring initialized
[    1.087585] Key type asymmetric registered
[    1.089031] Asymmetric key parser 'x509' registered
[    1.090768] Block layer SCSI generic (bsg) driver version 0.4 loaded (major 242)
[    1.093566] io scheduler mq-deadline registered
[    1.096804] ledtrig-cpu: registered to indicate activity on CPUs
[    1.098807] input: Power Button as /devices/LNXSYSTM:00/LNXPWRBN:00/input/input0
[    1.100826] ACPI: button: Power Button [PWRF]
[    1.102413] input: Sleep Button as /devices/LNXSYSTM:00/LNXSLPBN:00/input/input1
[    1.105058] ACPI: button: Sleep Button [SLPF]
[    1.113459] ACPI: \_SB_.LNKC: Enabled at IRQ 11
[    1.115260] virtio-pci 0000:00:03.0: virtio_pci: leaving for legacy driver
[    1.125737] ACPI: \_SB_.LNKA: Enabled at IRQ 10
[    1.127508] virtio-pci 0000:00:05.0: virtio_pci: leaving for legacy driver
[    1.138466] ACPI: \_SB_.LNKB: Enabled at IRQ 10
[    1.140218] virtio-pci 0000:00:06.0: virtio_pci: leaving for legacy driver
[    1.147856] Serial: 8250/16550 driver, 32 ports, IRQ sharing enabled
[    1.173464] 00:03: ttyS0 at I/O 0x3f8 (irq = 4, base_baud = 115200) is a 16550A
[    1.198758] 00:04: ttyS1 at I/O 0x2f8 (irq = 3, base_baud = 115200) is a 16550A
[    1.223976] 00:05: ttyS2 at I/O 0x3e8 (irq = 6, base_baud = 115200) is a 16550A
[    1.249488] 00:06: ttyS3 at I/O 0x2e8 (irq = 7, base_baud = 115200) is a 16550A
[    1.254438] Linux agpgart interface v0.103
[    1.257529] tpm_tis MSFT0101:00: 2.0 TPM (device-id 0x9009, rev-id 0)
[    1.275128] loop: module loaded
[    1.279648] virtio_scsi virtio0: 1/0/0 default/read/poll queues
[    1.298122] scsi host0: Virtio SCSI HBA
[    1.299260] blk-mq: reduced tag depth to 10240
[    1.305875] Key type psk registered
[    1.306269] scsi 0:0:1:0: Direct-Access     Google   PersistentDisk   1    PQ: 0 ANSI: 6
[    1.307780] ACPI: bus type drm_connector registered
[    1.310838] tun: Universal TUN/TAP device driver, 1.6
[    1.434470] sd 0:0:1:0: Attached scsi generic sg0 type 0
[    1.438188] sd 0:0:1:0: [sda] 4194304000 512-byte logical blocks: (2.15 TB/1.95 TiB)
[    1.470477] sd 0:0:1:0: [sda] 4096-byte physical blocks
[    1.490038] sd 0:0:1:0: [sda] Write Protect is off
[    1.505308] sd 0:0:1:0: [sda] Write cache: enabled, read cache: enabled, doesn't support DPO or FUA
[    1.534548] PPP generic driver version 2.4.2
[    1.536142] i8042: PNP: PS/2 Controller [PNP0303:KBD,PNP0f13:MOU] at 0x60,0x64 irq 1,12
[    1.538518] i8042: Warning: Keylock active
[    1.542043] serio: i8042 KBD port at 0x60,0x64 irq 1
[    1.543456] serio: i8042 AUX port at 0x60,0x64 irq 12
[    1.545131] mousedev: PS/2 mouse device common for all mice
[    1.546939] rtc_cmos 00:00: RTC can wake from S4
[    1.549595] rtc_cmos 00:00: registered as rtc0
[    1.551038] rtc_cmos 00:00: setting system clock to 2026-05-07T23:31:55 UTC (1778196715)
[    1.553509] rtc_cmos 00:00: alarms up to one day, 114 bytes nvram
[    1.554169] GPT:Primary header thinks Alt. header is not at the end of the disk.
[    1.555141] i2c_dev: i2c /dev entries driver
[    1.557277] GPT:104857599 != 4194303999
[    1.557280] GPT:Alternate GPT header not at the end of the disk.
[    1.557281] GPT:104857599 != 4194303999
[    1.557282] GPT: Use GNU Parted to correct GPT errors.
[    1.557290]  sda: sda1 sda14 sda15 sda16
[    1.557593] sd 0:0:1:0: [sda] Attached SCSI disk
[    1.558552] device-mapper: core: CONFIG_IMA_DISABLE_HTABLE is disabled. Duplicate IMA measurements will not be recorded in the IMA log.
[    1.569003] device-mapper: uevent: version 1.0.3
[    1.570394] device-mapper: ioctl: 4.50.0-ioctl (2025-04-28) initialised: dm-devel@lists.linux.dev
[    1.572669] intel_pstate: CPU model not supported
[    1.573977] drop_monitor: Initializing network drop monitor service
[    1.576416] NET: Registered PF_INET6 protocol family
[    1.578727] Segment Routing with IPv6
[    1.579805] In-situ OAM (IOAM) with IPv6
[    1.581022] NET: Registered PF_PACKET protocol family
[    1.582579] Key type dns_resolver registered
[    1.588009] IPI shorthand broadcast: enabled
[    1.591914] sched_clock: Marking stable (1422004857, 169270249)->(1817721731, -226446625)
[    1.594685] registered taskstats version 1
[    1.598024] Loading compiled-in X.509 certificates
[    1.600198] Loaded X.509 cert 'Build time autogenerated kernel key: e45cb4cd1c398ae218369364b5dd9534d3664c1e'
[    1.603789] Loaded X.509 cert 'Canonical Ltd. Live Patch Signing 2025 Kmod: d541cef61dc7e793b7eb7e899970a2eef0b5dc8c'
[    1.607420] Loaded X.509 cert 'Canonical Ltd. Live Patch Signing: 14df34d1a87cf37625abec039ef2bf521249b969'
[    1.611008] Loaded X.509 cert 'Canonical Ltd. Kernel Module Signing: 88f752e560a1e0737e31163a466ad7b70a850c19'
[    1.613793] blacklist: Loading compiled-in revocation X.509 certificates
[    1.615780] Loaded X.509 cert 'Canonical Ltd. Secure Boot Signing: 61482aa2830d0ab2ad5af10b7250da9033ddcef0'
[    1.618542] Loaded X.509 cert 'Canonical Ltd. Secure Boot Signing (2017): 242ade75ac4a15e50d50c84b0d45ff3eae707a03'
[    1.621642] Loaded X.509 cert 'Canonical Ltd. Secure Boot Signing (ESM 2018): 365188c1d374d6b07c3c8f240f8ef722433d6a8b'
[    1.624667] Loaded X.509 cert 'Canonical Ltd. Secure Boot Signing (2019): c0746fd6c5da3ae827864651ad66ae47fe24b3e8'
[    1.627477] Loaded X.509 cert 'Canonical Ltd. Secure Boot Signing (2021 v1): a8d54bbb3825cfb94fa13c9f8a594a195c107b8d'
[    1.630365] Loaded X.509 cert 'Canonical Ltd. Secure Boot Signing (2021 v2): 4cf046892d6fd3c9a5b03f98d845f90851dc6a8c'
[    1.633349] Loaded X.509 cert 'Canonical Ltd. Secure Boot Signing (2021 v3): 100437bb6de6e469b581e61cd66bce3ef4ed53af'
[    1.636355] Loaded X.509 cert 'Canonical Ltd. Secure Boot Signing (Ubuntu Core 2019): c1d57b8f6b743f23ee41f4f7ee292f06eecadfb9'
[    1.645574] Demotion targets for Node 0: null
[    1.647121] Key type .fscrypt registered
[    1.648292] Key type fscrypt-provisioning registered
[    1.649820] Key type big_key registered
[    1.650953] Key type trusted registered
[    1.653783] Key type encrypted registered
[    1.654991] AppArmor: AppArmor sha256 policy hashing enabled
[    1.657040] integrity: Loading X.509 certificate: UEFI:db
[    1.658714] integrity: Loaded X.509 cert 'Microsoft Corporation UEFI CA 2011: 13adbf4309bd82709c8cd54f316ed522988a1bd4'
[    1.661865] integrity: Loading X.509 certificate: UEFI:db
[    1.663446] integrity: Loaded X.509 cert 'Microsoft Windows Production PCA 2011: a92902398e16c49778cd90f99e4f9ae17c55af53'
[    1.666527] integrity: Loading X.509 certificate: UEFI:db
[    1.668129] integrity: Loaded X.509 cert 'Microsoft Corporation: Windows UEFI CA 2023: aefc5fbbbe055d8f8daa585473499417ab5a5272'
[    1.671394] integrity: Loading X.509 certificate: UEFI:db
[    1.672967] integrity: Loaded X.509 cert 'Microsoft UEFI CA 2023: 81aa6b3244c935bce0d6628af39827421e32497d'
[    1.676034] integrity: Revoking X.509 certificate: UEFI:dbx
[    1.677722] blacklist: Revoked X.509 cert 'Canonical Ltd. Secure Boot Signing: 61482aa2830d0ab2ad5af10b7250da9033ddcef0'
[    1.680945] integrity: Revoking X.509 certificate: UEFI:dbx
[    1.682535] blacklist: Revoked X.509 cert 'Cisco: Virtual UEFI SubCA: 13df2e3f54ebf347dcaecebf21d3cbb2355a4c9a'
[    1.685352] integrity: Revoking X.509 certificate: UEFI:dbx
[    1.686957] blacklist: Revoked X.509 cert 'Debian Secure Boot Signer: 00a7468def'
[    1.689773] Loading compiled-in module X.509 certificates
[    1.691919] Loaded X.509 cert 'Build time autogenerated kernel key: e45cb4cd1c398ae218369364b5dd9534d3664c1e'
[    1.694724] ima: Allocated hash algorithm: sha256
[    1.721724] ima: No architecture policies found
[    1.723333] evm: Initialising EVM extended attributes:
[    1.724823] evm: security.selinux
[    1.726133] evm: security.SMACK64
[    1.727200] evm: security.SMACK64EXEC
[    1.728341] evm: security.SMACK64TRANSMUTE
[    1.729717] evm: security.SMACK64MMAP
[    1.730847] evm: security.apparmor
[    1.731929] evm: security.ima
[    1.732895] evm: security.capability
[    1.734012] evm: HMAC attrs: 0x1
[    1.735549] PM:   Magic number: 10:438:554
[    1.736838] port serial8250:0.29: hash matches
[    1.738297] clockevents clockevent5: hash matches
[    1.742526] RAS: Correctable Errors collector initialized.
[    1.756469] clk: Disabling unused clocks
[    1.757742] PM: genpd: Disabling unused power domains
[    1.759212] input: AT Translated Set 2 keyboard as /devices/platform/i8042/serio0/input/input2
[    1.763497] check access for rdinit=/init failed: -2, ignoring
[    1.764384] md: Waiting for all devices to be available before autodetect
[    1.765577] md: If you don't use raid, use raid=noautodetect
[    1.766593] md: Autodetecting RAID arrays.
[    1.767237] md: autorun ...
[    1.767660] md: ... autorun DONE.
[    1.778523] EXT4-fs (sda1): mounted filesystem 89fcf612-67c3-434b-97ea-2cfdbfe01b5b ro with ordered data mode. Quota mode: none.
[    1.780352] VFS: Mounted root (ext4 filesystem) readonly on device 8:1.
[    1.781972] devtmpfs: mounted
[    1.784732] Freeing unused decrypted memory: 2028K
[    1.787284] Freeing unused kernel image (initmem) memory: 5404K
[    1.788503] Write protecting the kernel read-only data: 38912k
[    1.790109] Freeing unused kernel image (text/rodata gap) memory: 320K
[    1.791580] Freeing unused kernel image (rodata/data gap) memory: 776K
[    1.853373] x86/mm: Checked W+X mappings: passed, no W+X pages found.
[    1.854442] x86/mm: Checking user space page tables
[    1.913844] x86/mm: Checked W+X mappings: passed, no W+X pages found.
[    1.914798] Run /sbin/init as init process
[    2.125830] systemd[1]: Inserted module 'autofs4'
[    2.270591] systemd[1]: systemd 255.4-1ubuntu8.15 running in system mode (+PAM +AUDIT +SELINUX +APPARMOR +IMA +SMACK +SECCOMP +GCRYPT -GNUTLS +OPENSSL +ACL +BLKID +CURL +ELFUTILS +FIDO2 +IDN2 -IDN +IPTC +KMOD +LIBCRYPTSETUP +LIBFDISK +PCRE2 -PWQUALITY +P11KIT +QRENCODE +TPM2 +BZIP2 +LZ4 +XZ +ZLIB +ZSTD -BPF_FRAMEWORK -XKBCOMMON +UTMP +SYSVINIT default-hierarchy=unified)
[    2.275367] systemd[1]: Detected virtualization google.
[    2.276165] systemd[1]: Detected architecture x86-64.

Welcome to [1mUbuntu 24.04.4 LTS[0m!

[    2.281386] systemd[1]: No hostname configured, using default hostname.
[    2.282639] systemd[1]: Hostname set to <localhost>.
[    2.688099] systemd[1]: Queued start job for default target graphical.target.
[    2.709826] systemd[1]: Created slice system-modprobe.slice - Slice /system/modprobe.
[[0;32m  OK  [0m] Created slice [0;1;39msystem-modprobe.slice[0m - Slice /system/modprobe.
[    2.715476] systemd[1]: Created slice system-serial\x2dgetty.slice - Slice /system/serial-getty.
[[0;32m  OK  [0m] Created slice [0;1;39msystem-serial\x2dget…slice[0m - Slice /system/serial-getty.
[    2.720930] systemd[1]: Created slice system-systemd\x2dfsck.slice - Slice /system/systemd-fsck.
[[0;32m  OK  [0m] Created slice [0;1;39msystem-systemd\x2dfs…slice[0m - Slice /system/systemd-fsck.
[    2.725788] systemd[1]: Created slice user.slice - User and Session Slice.
[[0;32m  OK  [0m] Created slice [0;1;39muser.slice[0m - User and Session Slice.
[    2.730417] systemd[1]: Started systemd-ask-password-wall.path - Forward Password Requests to Wall Directory Watch.
[[0;32m  OK  [0m] Started [0;1;39msystemd-ask-password-wall.…[0md Requests to Wall Directory Watch.
[    2.735588] systemd[1]: Set up automount proc-sys-fs-binfmt_misc.automount - Arbitrary Executable File Formats File System Automount Point.
[[0;32m  OK  [0m] Set up automount [0;1;39mproc-sys-fs-binfm…[0mormats File System Automount Point.
[    2.740356] systemd[1]: Expecting device dev-disk-by\x2dlabel-BOOT.device - /dev/disk/by-label/BOOT...
         Expecting device [0;1;39mdev-disk-by\x2dla…device[0m - /dev/disk/by-label/BOOT...
[    2.745324] systemd[1]: Expecting device dev-disk-by\x2dlabel-UEFI.device - /dev/disk/by-label/UEFI...
         Expecting device [0;1;39mdev-disk-by\x2dla…device[0m - /dev/disk/by-label/UEFI...
[    2.749319] systemd[1]: Expecting device dev-ttyS0.device - /dev/ttyS0...
         Expecting device [0;1;39mdev-ttyS0.device[0m - /dev/ttyS0...
[    2.753343] systemd[1]: Reached target integritysetup.target - Local Integrity Protected Volumes.
[[0;32m  OK  [0m] Reached target [0;1;39mintegritysetup.targ…[0m Local Integrity Protected Volumes.
[    2.758466] systemd[1]: Reached target slices.target - Slice Units.
[[0;32m  OK  [0m] Reached target [0;1;39mslices.target[0m - Slice Units.
[    2.762386] systemd[1]: Reached target snapd.mounts-pre.target - Mounting snaps.
[[0;32m  OK  [0m] Reached target [0;1;39msnapd.mounts-pre.target[0m - Mounting snaps.
[    2.766360] systemd[1]: Reached target swap.target - Swaps.
[[0;32m  OK  [0m] Reached target [0;1;39mswap.target[0m - Swaps.
[    2.770477] systemd[1]: Reached target time-set.target - System Time Set.
[[0;32m  OK  [0m] Reached target [0;1;39mtime-set.target[0m - System Time Set.
[    2.774365] systemd[1]: Reached target veritysetup.target - Local Verity Protected Volumes.
[[0;32m  OK  [0m] Reached target [0;1;39mveritysetup.target[0m - Local Verity Protected Volumes.
[    2.779462] systemd[1]: Listening on dm-event.socket - Device-mapper event daemon FIFOs.
[[0;32m  OK  [0m] Listening on [0;1;39mdm-event.socket[0m - Device-mapper event daemon FIFOs.
[    2.784499] systemd[1]: Listening on lvm2-lvmpolld.socket - LVM2 poll daemon socket.
[[0;32m  OK  [0m] Listening on [0;1;39mlvm2-lvmpolld.socket[0m - LVM2 poll daemon socket.
[    2.788550] systemd[1]: Listening on multipathd.socket - multipathd control socket.
[[0;32m  OK  [0m] Listening on [0;1;39mmultipathd.socket[0m - multipathd control socket.
[    2.793482] systemd[1]: Listening on syslog.socket - Syslog Socket.
[[0;32m  OK  [0m] Listening on [0;1;39msyslog.socket[0m - Syslog Socket.
[    2.797450] systemd[1]: Listening on systemd-fsckd.socket - fsck to fsckd communication Socket.
[[0;32m  OK  [0m] Listening on [0;1;39msystemd-fsckd.socket[0m …fsck to fsckd communication Socket.
[    2.802411] systemd[1]: Listening on systemd-initctl.socket - initctl Compatibility Named Pipe.
[[0;32m  OK  [0m] Listening on [0;1;39msystemd-initctl.socke…[0m- initctl Compatibility Named Pipe.
[    2.807471] systemd[1]: Listening on systemd-journald-dev-log.socket - Journal Socket (/dev/log).
[[0;32m  OK  [0m] Listening on [0;1;39msystemd-journald-dev-…socket[0m - Journal Socket (/dev/log).
[    2.812509] systemd[1]: Listening on systemd-journald.socket - Journal Socket.
[[0;32m  OK  [0m] Listening on [0;1;39msystemd-journald.socket[0m - Journal Socket.
[    2.816537] systemd[1]: Listening on systemd-networkd.socket - Network Service Netlink Socket.
[[0;32m  OK  [0m] Listening on [0;1;39msystemd-networkd.socket[0m - Network Service Netlink Socket.
[    2.821359] systemd[1]: systemd-pcrextend.socket - TPM2 PCR Extension (Varlink) was skipped because of an unmet condition check (ConditionSecurity=measured-uki).
[    2.823672] systemd[1]: Listening on systemd-udevd-control.socket - udev Control Socket.
[[0;32m  OK  [0m] Listening on [0;1;39msystemd-udevd-control.socket[0m - udev Control Socket.
[    2.828526] systemd[1]: Listening on systemd-udevd-kernel.socket - udev Kernel Socket.
[[0;32m  OK  [0m] Listening on [0;1;39msystemd-udevd-kernel.socket[0m - udev Kernel Socket.
[    2.849400] systemd[1]: Mounting dev-hugepages.mount - Huge Pages File System...
         Mounting [0;1;39mdev-hugepages.mount[0m - Huge Pages File System...
[    2.853209] systemd[1]: Mounting dev-mqueue.mount - POSIX Message Queue File System...
         Mounting [0;1;39mdev-mqueue.mount[0m - POSIX Message Queue File System...
[    2.858328] systemd[1]: Mounting sys-kernel-debug.mount - Kernel Debug File System...
         Mounting [0;1;39msys-kernel-debug.mount[0m - Kernel Debug File System...
[    2.863744] systemd[1]: Mounting sys-kernel-tracing.mount - Kernel Trace File System...
         Mounting [0;1;39msys-kernel-tracing.mount[0m - Kernel Trace File System...
[    2.871567] systemd[1]: Starting systemd-journald.service - Journal Service...
         Starting [0;1;39msystemd-journald.service[0m - Journal Service...
[    2.877659] systemd[1]: Starting keyboard-setup.service - Set the console keyboard layout...
         Starting [0;1;39mkeyboard-setup.service[0m - Set the console keyboard layout...
[    2.883636] systemd[1]: Starting kmod-static-nodes.service - Create List of Static Device Nodes...
         Starting [0;1;39mkmod-static-nodes.service[0m…eate List of Static Device Nodes...
[    2.888048] systemd[1]: Starting lvm2-monitor.service - Monitoring of LVM2 mirrors, snapshots etc. using dmeventd or progress polling...
         Starting [0;1;39mlvm2-monitor.service[0m - Mo…ing dmeventd or progr[    2.891707] systemd[1]: Starting modprobe@configfs.service - Load Kernel Module configfs...
ess polling...[    2.893037] systemd-journald[286]: Collecting audit messages is disabled.

         Starting [0;1;39mmodprobe@configfs.service[0m - Load Kernel Module co[    2.897634] systemd[1]: Starting modprobe@dm_mod.service - Load Kernel Module dm_mod...
nfigfs...
         Starting [0;1;39mmodprobe@dm_mod.service[0m - Load Kernel Module dm_mod...
[    2.903020] systemd[1]: Starting modprobe@drm.service - Load Kernel Module drm...
         Starting [0;1;39mmodprobe@drm.service[0m - Load Kernel Module drm...
[    2.908374] systemd[1]: Starting modprobe@efi_pstore.service - Load Kernel Module efi_pstore...
         Starting [0;1;39mmodprobe@efi_pstore.servi…[0m - Load Kernel Module efi_pstore...
[    2.914429] systemd[1]: Starting modprobe@fuse.service - Load Kernel Module fuse...
         Starting [0;1;39mmodprobe@fuse.service[0m - Load Kernel Module fuse...
[    2.919598] systemd[1]: Starting modprobe@loop.service - Load Kernel Module loop...
         Starting [0;1;39mmodpr[    2.921283] pstore: Using crash dump compression: deflate
obe@loop.service[0m - Load Kernel Module loop...
[    2.925441] systemd[1]: Starting modprobe@nvme_fabrics.service - Load Kernel Module nvme_fabrics...
         Starting [0;1;39mmodprobe@nvme_fabrics.ser…[0m Load Kernel Module nvme_fabrics...[    2.928377] pstore: Registered efi_pstore as persistent store backend

[    2.931648] systemd[1]: netplan-ovs-cleanup.service - OpenVSwitch configuration for cleanup was skipped because of an unmet condition check (ConditionFileIsExecutable=/usr/bin/ovs-vsctl).
[    2.935311] systemd[1]: Starting systemd-fsck-root.service - File System Check on Root Device...
         Starting [0;1;39msystemd-fsck-root.service[0m…File System Check on Root Device...
[    2.941232] systemd[1]: Starting systemd-modules-load.service - Load Kernel Modules...
         Starting [0;1;39msystemd-modules-load.service[0m - Load Kernel Modules...
[    2.945355] systemd[1]: systemd-pcrmachine.service - TPM2 PCR Machine ID Measurement was skipped because of an unmet condition check (ConditionSecurity=measured-uki).
[    2.947659] systemd[1]: systemd-tpm2-setup-early.service - TPM2 SRK Setup (Early) was skipped because of an unmet condition check (ConditionSecurity=measured-uki).
[    2.951020] systemd[1]: Starting systemd-udev-trigger.service - Coldplug All udev Devices...
         Starting [0;1;39msystemd-udev-trigger.service[0m - Coldplug All udev Devices...
[    2.954306] systemd[1]: Started systemd-journald.service - Journal Service.
[[0;32m  OK  [0m] Started [0;1;39msystemd-journald.service[0m - Journal Service.
[[0;32m  OK  [0m] Mounted [0;1;39mdev-hugepages.mount[0m - Huge Pages File System.
[[0;32m  OK  [0m] Mounted [0;1;39mdev-mqueue.mount[0m - POSIX Message Queue File System.
[[0;32m  OK  [0m] Mounted [0;1;39msys-kernel-debug.mount[0m - Kernel Debug File System.
[[0;32m  OK  [0m] Mounted [0;1;39msys-kernel-tracing.mount[0m - Kernel Trace File System.
[[0;32m  OK  [0m] Finished [0;1;39mkeyboard-setup.service[0m - Set the console keyboard layout.
[[0;32m  OK  [0m] Finished [0;1;39mkmod-static-nodes.service[0m…Create List of Static Device Nodes.
[[0;32m  OK  [0m] Finished [0;1;39mmodprobe@configfs.service[0m - Load Kernel Module configfs.
[[0;32m  OK  [0m] Finished [0;1;39mmodprobe@dm_mod.service[0m - Load Kernel Module dm_mod.
[[0;32m  OK  [0m] Finished [0;1;39mmodprobe@drm.service[0m - Load Kernel Module drm.
[[0;32m  OK  [0m] Finished [0;1;39mmodprobe@efi_pstore.service[0m - Load Kernel Module efi_pstore.
[[0;32m  OK  [0m] Finished [0;1;39mmodprobe@fuse.service[0m - Load Kernel Module fuse.
[[0;32m  OK  [0m] Finished [0;1;39mmodprobe@loop.service[0m - Load Kernel Module loop.
[[0;32m  OK  [0m] Finished [0;1;39mmodprobe@nvme_fabrics.ser…[0m - Load Kernel Module nvme_fabrics.
[[0;32m  OK  [0m] Finished [0;1;39msystemd-modules-load.service[0m - Load Kernel Modules.
         Mounting [0;1;39msys-fs-fuse-connections.mount[0m - FUSE Control File System...
         Mounting [0;1;39msys-kernel-config.mount[0m - Kernel Configuration File System...
[[0;32m  OK  [0m] Started [0;1;39msystemd-fsckd.service[0m - Fi…stem Check Daemon to report status.
         Starting [0;1;39msystemd-sysctl.service[0m - Apply Kernel Variables...
         Starting [0;1;39msystemd-tmpfiles-setup-de…[0m Device Nodes in /dev gracefully...
[[0;32m  OK  [0m] Finished [0;1;39msystemd-fsck-root.service[0m - File System Check on Root Device.
[[0;32m  OK  [0m] Finished [0;1;39mlvm2-monitor.service[0m - Mo…using dmeventd or progress polling.
[[0;32m  OK  [0m] Mounted [0;1;39msys-fs-fuse-connections.mount[0m - FUSE Control File System.
[[0;32m  OK  [0m] Mounted [0;1;39msys-kernel-config.mount[0m - Kernel Configuration File System.
         Starting [0;1;39msystemd-remount-fs.servic…[0munt Root and Kernel File Systems...
[[0;32m  OK  [0m] Finished [0;1;39msystemd-sysctl.service[0m - Apply Kernel Variables.
[[0;32m  OK  [0m] Finished [0;1;39msystemd-tmpfiles-setup-de…[0mic Device Nodes in /dev gracefully.
[[0;32m  OK  [0m] Finished [0;1;39msystemd-remount-fs.servic…[0mmount Root and Kernel File Systems.
         Starting [0;1;39mmultipathd.service[0m - Devi…pper Multipath Device Controller...
         Starting [0;1;39msystemd-journal-flush.ser…[0msh Journal to Persistent Storage...
         Starting [0;1;39msystemd-random-seed.service[0m - Load/Save OS Random Seed...
         Starting [0;1;39msystemd-tmpfiles-setup-de…[0meate Static Device Nodes in /dev...
[[0;32m  OK  [0m] Finished [0;1;39msystemd-udev-trigger.service[0m - Coldplug All udev Devices.
[[0;32m  OK  [0m] Finished [0;1;39msystemd-random-seed.service[0m - Load/Save OS Random Seed.
[[0;32m  OK  [0m] Finished [0;1;39msystemd-tmpfiles-setup-de…[0mCreate Static Device Nodes in /dev.
         Starting [0;1;39msystemd-udevd.service[0m - R…ager for Device Events and Files...
[[0;32m  OK  [0m] Started [0;1;39mmultipathd.service[0m - Devic…Mapper Multipath Device Controller.
[[0;32m  OK  [0m] Started [0;1;39msystemd-udevd.service[0m - Ru…anager for Device Events and Files.
[[0;32m  OK  [0m] Reached target [0;1;39mlocal-fs-pre.target[0m…Preparation for Local File Systems.
         Mounting [0;1;39msnap-core22-2411.mount[0m - …t unit for core22, revision 2411...
         Mounting [0;1;39msnap-google\x2dcloud\x2dc…[0mr google-cloud-cli, revision 448...
         Mounting [0;1;39msnap-snapd-26865.mount[0m - …t unit for snapd, revision 26865...
[[0;32m  OK  [0m] Started [0;1;39msystemd-ask-password-conso…[0mequests to Console Directory Watch.
[[0;32m  OK  [0m] Reached target [0;1;39mcryptsetup.target[0m - Local Encrypted Volumes.
[[0;32m  OK  [0m] Finished [0;1;39msystemd-journal-flush.ser…[0mlush Journal to Persistent Storage.
[[0;32m  OK  [0m] Mounted [0;1;39msnap-core22-2411.mount[0m - Mount unit for core22, revision 2411.
[[0;32m  OK  [0m] Mounted [0;1;39msnap-google\x2dcloud\x2dcl…[0mfor google-cloud-cli, revision 448.
[[0;32m  OK  [0m] Mounted [0;1;39msnap-snapd-26865.mount[0m - Mount unit for snapd, revision 26865.
[[0;32m  OK  [0m] Found device [0;1;39mdev-ttyS0.device[0m - /dev/ttyS0.
[[0;32m  OK  [0m] Found device [0;1;39mdev-disk-by\x2dlabel-UEFI.device[0m - PersistentDisk UEFI.
[[0;32m  OK  [0m] Found device [0;1;39mdev-disk-by\x2dlabel-BOOT.device[0m - PersistentDisk BOOT.
[[0;32m  OK  [0m] Reached target [0;1;39msnapd.mounts.target[0m - Mounted snaps.
[[0;32m  OK  [0m] Listening on [0;1;39msystemd-rfkill.socket[0m…ll Switch Status /dev/rfkill Watch.
[    3.585900] 
         Starting [0;1;39msystemd-fsck@dev-disk-by\…[0mCheck on /dev/disk/by-label/BOOT...
         Starting [0;1;39msystemd-fsck@dev-disk-by\…[0mCheck on /dev/disk/by-label/UEFI...
Checking in progress on 1 disk (0.0% complete)[[0;32m  OK  [0m] Finished [0;1;39msystemd-fsck@dev-disk-by\…[0mm Check on /dev/disk/by-label/BOOT.
Checking in progress on 0 disks (100.0% complete)[[0;32m  OK  [0m] Finished [0;1;39msystemd-fsck@dev-disk-by\…[0mm Check on /dev/disk/by-label/UEFI.
         Mounting [0;1;39mboot.mount[0m - /boot...
[[0;32m  OK  [0m] Mounted [0;1;39mboot.mount[0m - /boot.
         Mounting [0;1;39mboot-efi.mount[0m - /boot/efi...
[[0;32m  OK  [0m] Mounted [0;1;39mboot-efi.mount[0m - /boot/efi.
[[0;32m  OK  [0m] Reached target [0;1;39mlocal-fs.target[0m - Local File Systems.
[[0;32m  OK  [0m] Listening on [0;1;39msystemd-sysext.socket[0m…tension Image Management (Varlink).
         Starting [0;1;39mapparmor.service[0m - Load AppArmor profiles...
         Starting [0;1;39mconsole-setup.service[0m - Set console font and keymap...
         Starting [0;1;39mfinalrd.service[0m - Create …time dir for shutdown pivot root...
         Starting [0;1;39mplymouth-read-write.servi…[0mymouth To Write Out Runtime Data...
         Starting [0;1;39msystemd-binfmt.service[0m - Set Up Additional Binary Formats...
         Starting [0;1;39msystemd-tmpfiles-setup.se…[0me Volatile Files and Directories...
         Starting [0;1;39mufw.service[0m - Uncomplicated firewall...
[[0;32m  OK  [0m] Finished [0;1;39mconsole-setup.service[0m - Set console font and keymap.
[[0;32m  OK  [0m] Finished [0;1;39mfinalrd.service[0m - Create …untime dir for shutdown pivot root.
[[0;32m  OK  [0m] Finished [0;1;39mplymouth-read-write.servi…[0mPlymouth To Write Out Runtime Data.
[[0;32m  OK  [0m] Finished [0;1;39mapparmor.service[0m - Load AppArmor profiles.
[[0;32m  OK  [0m] Finished [0;1;39msystemd-tmpfiles-setup.se…[0mate Volatile Files and Directories.
[[0;32m  OK  [0m] Finished [0;1;39mufw.service[0m - Uncomplicated firewall.
         Mounting [0;1;39mproc-sys-fs-binfmt_misc.m…[0mcutable File Formats File System...
         Starting [0;1;39mmodprobe@dm_mod.service[0m - Load Kernel Module dm_mod...
         Starting [0;1;39mmodprobe@efi_pstore.servi…[0m - Load Kernel Module efi_pstore...
         Starting [0;1;39mmodprobe@loop.service[0m - Load Kernel Module loop...
         Starting [0;1;39msnapd.apparmor.service[0m - …iles managed internally by snapd...
         Starting [0;1;39msystemd-resolved.service[0m - Network Name Resolution...
         Starting [0;1;39msystemd-update-utmp.servi…[0mord System Boot/Shutdown in UTMP...
         Starting [0;1;39mcloud-init-local.service[0m …-init: Local Stage (pre-network)...
[[0;32m  OK  [0m] Mounted [0;1;39mproc-sys-fs-binfmt_misc.mo…[0mxecutable File Formats File System.
[[0;32m  OK  [0m] Finished [0;1;39mmodprobe@dm_mod.service[0m - Load Kernel Module dm_mod.
[[0;32m  OK  [0m] Finished [0;1;39msystemd-binfmt.service[0m - Set Up Additional Binary Formats.
[[0;32m  OK  [0m] Finished [0;1;39mmodprobe@efi_pstore.service[0m - Load Kernel Module efi_pstore.
[[0;32m  OK  [0m] Finished [0;1;39mmodprobe@loop.service[0m - Load Kernel Module loop.
[[0;32m  OK  [0m] Finished [0;1;39msystemd-update-utmp.servi…[0mecord System Boot/Shutdown in UTMP.
[[0;32m  OK  [0m] Started [0;1;39msystemd-resolved.service[0m - Network Name Resolution.
[[0;32m  OK  [0m] Finished [0;1;39msnapd.apparmor.service[0m - …ofiles managed internally by snapd.
[[0;32m  OK  [0m] Reached target [0;1;39mnss-lookup.target[0m - Host and Network Name Lookups.
[    5.997219] cloud-init[713]: Cloud-init v. 25.3-0ubuntu1~24.04.1 running 'init-local' at Thu, 07 May 2026 23:32:00 +0000. Up 5.97 seconds.
         Starting [0;1;39mmodprobe@dm_mod.service[0m - Load Kernel Module dm_mod...
         Starting [0;1;39mmodprobe@efi_pstore.servi…[0m - Load Kernel Module efi_pstore...
         Starting [0;1;39mmodprobe@loop.service[0m - Load Kernel Module loop...
[[0;32m  OK  [0m] Finished [0;1;39mmodprobe@dm_mod.service[0m - Load Kernel Module dm_mod.
[[0;32m  OK  [0m] Finished [0;1;39mmodprobe@efi_pstore.service[0m - Load Kernel Module efi_pstore.
[[0;32m  OK  [0m] Finished [0;1;39mmodprobe@loop.service[0m - Load Kernel Module loop.
         Starting [0;1;39mmodprobe@dm_mod.service[0m - Load Kernel Module dm_mod...
         Starting [0;1;39mmodprobe@efi_pstore.servi…[0m - Load Kernel Module efi_pstore...
         Starting [0;1;39mmodprobe@loop.service[0m - Load Kernel Module loop...
[[0;32m  OK  [0m] Finished [0;1;39mmodprobe@dm_mod.service[0m - Load Kernel Module dm_mod.
[[0;32m  OK  [0m] Finished [0;1;39mmodprobe@efi_pstore.service[0m - Load Kernel Module efi_pstore.
[[0;32m  OK  [0m] Finished [0;1;39mmodprobe@loop.service[0m - Load Kernel Module loop.
[[0;32m  OK  [0m] Finished [0;1;39mcloud-init-local.service[0m …ud-init: Local Stage (pre-network).
[[0;32m  OK  [0m] Reached target [0;1;39mnetwork-pre.target[0m - Preparation for Network.
         Starting [0;1;39msystemd-networkd.service[0m - Network Configuration...
[[0;32m  OK  [0m] Started [0;1;39msystemd-networkd.service[0m - Network Configuration.
[[0;32m  OK  [0m] Reached target [0;1;39mnetwork.target[0m - Network.
         Starting [0;1;39msystemd-networkd-wait-onl…[0mait for Network to be Configured...
[[0;32m  OK  [0m] Finished [0;1;39msystemd-networkd-wait-onl…[0m Wait for Network to be Configured.
         Starting [0;1;39mcloud-init.service[0m - Cloud-init: Network Stage...
[    9.469224] cloud-init[811]: Cloud-init v. 25.3-0ubuntu1~24.04.1 running 'init' at Thu, 07 May 2026 23:32:03 +0000. Up 9.44 seconds.
[    9.484160] cloud-init[811]: ci-info: ++++++++++++++++++++++++++++++++++++++Net device info+++++++++++++++++++++++++++++++++++++++
[    9.498175] cloud-init[811]: ci-info: +--------+------+---------------------------+-----------------+--------+-------------------+
[    9.512150] cloud-init[811]: ci-info: | Device |  Up  |          Address          |       Mask      | Scope  |     Hw-Address    |
[    9.526255] cloud-init[811]: ci-info: +--------+------+---------------------------+-----------------+--------+-------------------+
[    9.539172] cloud-init[811]: ci-info: |  ens5  | True |        10.128.0.42        | 255.255.255.255 | global | 42:01:0a:80:00:2a |
[    9.552175] cloud-init[811]: ci-info: |  ens5  | True | fe80::4001:aff:fe80:2a/64 |        .        |  link  | 42:01:0a:80:00:2a |
[    9.565133] cloud-init[811]: ci-info: |   lo   | True |         127.0.0.1         |    255.0.0.0    |  host  |         .         |
[    9.579235] cloud-init[811]: ci-info: |   lo   | True |          ::1/128          |        .        |  host  |         .         |
[    9.592141] cloud-init[811]: ci-info: +--------+------+---------------------------+-----------------+--------+-------------------+
[    9.605127] cloud-init[811]: ci-info: +++++++++++++++++++++++++++++++Route IPv4 info++++++++++++++++++++++++++++++++
[    9.617135] cloud-init[811]: ci-info: +-------+-----------------+------------+-----------------+-----------+-------+
[    9.629140] cloud-init[811]: ci-info: | Route |   Destination   |  Gateway   |     Genmask     | Interface | Flags |
[    9.641171] cloud-init[811]: ci-info: +-------+-----------------+------------+-----------------+-----------+-------+
[    9.653136] cloud-init[811]: ci-info: |   0   |     0.0.0.0     | 10.128.0.1 |     0.0.0.0     |    ens5   |   UG  |
[    9.666206] cloud-init[811]: ci-info: |   1   |    10.128.0.1   |  0.0.0.0   | 255.255.255.255 |    ens5   |   UH  |
[    9.678143] cloud-init[811]: ci-info: |   2   | 169.254.169.254 | 10.128.0.1 | 255.255.255.255 |    ens5   |  UGH  |
[    9.690130] cloud-init[811]: ci-info: +-------+-----------------+------------+-----------------+-----------+-------+
[    9.702126] cloud-init[811]: ci-info: +++++++++++++++++++Route IPv6 info+++++++++++++++++++
[    9.711139] cloud-init[811]: ci-info: +-------+-------------+---------+-----------+-------+
[    9.720121] cloud-init[811]: ci-info: | Route | Destination | Gateway | Interface | Flags |
[    9.731128] cloud-init[811]: ci-info: +-------+-------------+---------+-----------+-------+
[    9.741213] cloud-init[811]: ci-info: |   0   |  fe80::/64  |    ::   |    ens5   |   U   |
[    9.751270] cloud-init[811]: ci-info: |   2   |    local    |    ::   |    ens5   |   U   |
[    9.761204] cloud-init[811]: ci-info: |   3   |  multicast  |    ::   |    ens5   |   U   |
[    9.771097] cloud-init[811]: ci-info: +-------+-------------+---------+-----------+-------+
[   15.471361] cloud-init[811]: Generating public/private rsa key pair.
[   15.479149] cloud-init[811]: Your identification has been saved in /etc/ssh/ssh_host_rsa_key
[   15.490170] cloud-init[811]: Your public key has been saved in /etc/ssh/ssh_host_rsa_key.pub
[   15.501130] cloud-init[811]: The key fingerprint is:
[   15.508126] cloud-init[811]: SHA256:9lCx1LYNEJ5YGQg+FxtyoKKWPeEbDcDbC691YWngCl0 root@loadgen-sgw6
[   15.519149] cloud-init[811]: The key's randomart image is:
[[0;32m  OK  [0m] Finished [0;1;39mcloud-init.service[0m - Cloud-init: Network Stage.
[   15.525270] cloud-init[811]: +---[RSA 3072]----+
[[0;32m  OK  [0m] Reached target [0;1;39mcloud-config.target[0m - Cloud-config availability.
[   15.540277] cloud-init[811]: |..    +o+.B*     |
[[0;32m  OK  [0m] Reached target [0;1;39mnetwork-online.target[0m - Network is Online.
[   15.555170] cloud-init[811]: | ...Eo o.O.++    |
[[0;32m  OK  [0m] Reached target [0;1;39msysinit.target[0m - System Initialization.
[   15.569137] cloud-init[811]: | .=+o + + =. +   |
[[0;32m  OK  [0m] Started [0;1;39mnvidia-cdi-refresh.path[0m - …r toolkit install / upgrade events.
[   15.582134] cloud-init[811]: |.+=++= o .  . .  |
[[0;32m  OK  [0m] Started [0;1;39mgce-workload-cert-refresh.…[0mWorkload Certificate refresh timer.
[   15.598124] cloud-init[811]: |oo+=+.. S        |
[   15.615107] cloud-init[811]: |.. ++. . o       |
[   15.621101] cloud-init[811]: |  o..     .      |
[   15.627089] cloud-init[811]: | .               |
[   15.627152] cloud-init[811]: |                 |
[[0;32m  OK  [0m] Started [0;1;39mgoogle-oslogin-cache.timer[0m - NSS cache refresh timer.
[[0;32m  OK  [0m] Started [0;1;39msystemd-tmpfiles-clean.tim…[0my Cleanup of Temporary Directories.
[   15.627262] cloud-init[811]: +----[SHA256]-----+
[   15.664121] cloud-init[811]: Generating public/private ecdsa key pair.
[   15.672115] cloud-init[811]: Your identification has been saved in /etc/ssh/ssh_host_ecdsa_key
[   15.683119] cloud-init[811]: Your public key has been saved in /etc/ssh/ssh_host_ecdsa_key.pub
[   15.694264] cloud-init[811]: The key fingerprint is:
[   15.694339] cloud-init[811]: SHA256:Vp/DCxo3l5tEM0nd0i4B/dDqkDzTPAjmmTdg9XGxxI4 root@loadgen-sgw6
[[0;32m  OK  [0m] Started [0;1;39mupdate-notifier-download.t…[0mhat failed at package install time.
[   15.694452] cloud-init[811]: The key's randomart image is:
[[0;32m  OK  [0m] Reached target [0;1;39mpaths.target[0m - Path Units.
[   15.725105] cloud-init[811]: +---[ECDSA 256]---+
[[0;32m  OK  [0m] Listening on [0;1;39mcloud-init-hotplugd.s…t[0m - cloud-init hotplug hook socket.
[   15.738283] cloud-init[811]: |           .++o*o|
[[0;32m  OK  [0m] Listening on [0;1;39mdbus.socket[0m - D-Bus System Message Bus Socket.
[   15.754205] cloud-init[811]: |          =. oB+=|
[   15.769158] cloud-init[811]: |         +.*==+O |
[   15.769228] cloud-init[811]: |         .++XE*.o|
         Starting [0;1;39mdocker.socket[0m - Docker Socket for the API...
[   15.769344] cloud-init[811]: |        S +.O* o |
[[0;32m  OK  [0m] Listening on [0;1;39miscsid.socket[0m - Open-iSCSI iscsid Socket.
[   15.792118] cloud-init[811]: |       . + = =.  |
         Starting [0;1;39mlxd-installer.socket[0m - He…er to install lxd snap on demand...
[   15.805127] cloud-init[811]: |        .   +    |
         Starting [0;1;39msnapd.socket[0m - Socket activation for snappy daemon...
[   15.819126] cloud-init[811]: |                 |
[[0;32m  OK  [0m] Listening on [0;1;39mssh.socket[0m - OpenBSD Secure Shell server socket.
[   15.833159] cloud-init[811]: |                 |
[[0;32m  OK  [0m] Listening on [0;1;39muuidd.socket[0m - UUID daemon activation socket.
[   15.847121] cloud-init[811]: +----[SHA256]-----+
[[0;32m  OK  [0m] Finished [0;1;39mblk-availability.service[0m - Availability of block devices.
[   15.862122] cloud-init[811]: Generating public/private ed25519 key pair.
[[0;32m  OK  [0m] Listening on [0;1;39mdocker.socket[0m - Docker Socket for the API.
[   15.879160] cloud-init[811]: Your identification has been saved in /etc/ssh/ssh_host_ed25519_key
[[0;32m  OK  [0m] Listening on [0;1;39mlxd-installer.socket[0m …lper to install lxd snap on demand.
[   15.897156] cloud-init[811]: Your public key has been saved in /etc/ssh/ssh_host_ed25519_key.pub
[[0;32m  OK  [0m] Listening on [0;1;39msnapd.socket[0m - Socket activation for snappy daemon.
[   15.917206] cloud-init[811]: The key fingerprint is:
[[0;32m  OK  [0m] Reached target [0;1;39msockets.target[0m - Socket Units.
[   15.931112] cloud-init[811]: SHA256:pjRZCen3b/iiM4W2IZjs1e1rBvkim8nMkj2TPuB+cco root@loadgen-sgw6
[[0;32m  OK  [0m] Reached target [0;1;39mbasic.target[0m - Basic System.
[   15.948150] cloud-init[811]: The key's randomart image is:
[   15.961157] cloud-init[811]: +--[ED25519 256]--+
[   15.961245] cloud-init[811]: |      ..         |
         Starting [0;1;39mchrony.service[0m - chrony, an NTP client/server...
[   15.968330] cloud-init[811]: |      .. .       |
[   15.987121] cloud-init[811]: |     .  o        |
[   15.993187] cloud-init[811]: |      .o.        |
[   15.993266] cloud-init[811]: |   . o+oS=       |
         Starting [0;1;39mcloud-config.service[0m - Cloud-init: Config Stage...
[   16.003128] cloud-init[811]: |    =.++O +      |
         Starting [0;1;39mdbus.service[0m - D-Bus System Message Bus...
[   16.016205] cloud-init[811]: |   o *.B B o     |
[[0;32m  OK  [0m] Started [0;1;39mdmesg.service[0m - Save initial kernel messages after boot.
[   16.030243] cloud-init[811]: |    =+Eo= B o    |
         Starting [0;1;39me2scrub_reap.service[0m - Re…ne ext4 Metadata Check Snapshots...
[   16.045150] cloud-init[811]: |   ..+O*.B.=.    |
         Starting [0;1;39mgce-workload-cert-refresh…[0mGCE Workload Certificate refresh...
[   16.060160] cloud-init[811]: +----[SHA256]-----+
[[0;32m  OK  [0m] Started [0;1;39mgoogle-osconfig-agent.service[0m - Google OSConfig Agent.
         Starting [0;1;39mgoogle-oslogin-cache.service[0m - NSS cache refresh...
         Starting [0;1;39mgrub-common.service[0m - Record successful boot for GRUB...
         Starting [0;1;39mnetworkd-dispatcher.servi…[0mcher daemon for systemd-networkd...
         Starting [0;1;39mnvidia-persistenced.service[0m - NVIDIA Persistence Daemon...
         Starting [0;1;39mnvmf-autoconnect.service[0m …ystems automatically during boot...
         Starting [0;1;39mrsyslog.service[0m - System Logging Service...
         Starting [0;1;39msecureboot-db.service[0m - Secure Boot updates for DB and DBX...
[[0;32m  OK  [0m] Reached target [0;1;39mgetty-pre.target[0m - Preparation for Logins.
         Starting [0;1;39msnapd.seeded.service[0m - Wait until snapd is fully seeded...
         Starting [0;1;39msnapd.service[0m - Snap Daemon...
         Starting [0;1;39msysstat.service[0m - Resets System Activity Logs...
         Starting [0;1;39msystemd-logind.service[0m - User Login Management...
[[0;32m  OK  [0m] Started [0;1;39mubuntu-advantage.service[0m - Ubuntu Pro Background Auto Attach.
[[0;32m  OK  [0m] Started [0;1;39mdbus.service[0m - D-Bus System Message Bus.
[[0;32m  OK  [0m] Finished [0;1;39mgce-workload-cert-refresh…[0m- GCE Workload Certificate refresh.
[[0;32m  OK  [0m] Started [0;1;39msystemd-logind.service[0m - User Login Management.
[[0;32m  OK  [0m] Started [0;1;39mnetworkd-dispatcher.servic…[0matcher daemon for systemd-networkd.
[[0;32m  OK  [0m] Finished [0;1;39mgoogle-oslogin-cache.service[0m - NSS cache refresh.
[[0;32m  OK  [0m] Started [0;1;39mnvidia-persistenced.service[0m - NVIDIA Persistence Daemon.
[[0;32m  OK  [0m] Finished [0;1;39mnvmf-autoconnect.service[0m …bsystems automatically during boot.
[[0;32m  OK  [0m] Finished [0;1;39msysstat.service[0m - Resets System Activity Logs.
[   16.353502] cloud-init[990]: Cloud-init v. 25.3-0ubuntu1~24.04.1 running 'modules:config' at Thu, 07 May 2026 23:32:10 +0000. Up 16.31 seconds.
[[0;32m  OK  [0m] Finished [0;1;39mgrub-common.service[0m - Record successful boot for GRUB.
[[0;32m  OK  [0m] Reached target [0;1;39mremote-fs-pre.targe…[0mreparation for Remote File Systems.
[[0;32m  OK  [0m] Reached target [0;1;39mremote-fs.target[0m - Remote File Systems.
         Starting [0;1;39mapport.service[0m - automatic crash report generation...
         Starting [0;1;39mcontainerd.service[0m - containerd container runtime...
[[0;32m  OK  [0m] Started [0;1;39mcron.service[0m - Regular background program processing daemon.
         Starting [0;1;39mgrub-initrd-fallback.service[0m - GRUB failed boot detection...
         Starting [0;1;39msystemd-hostnamed.service[0m - Hostname Service...
         Starting [0;1;39msystemd-user-sessions.service[0m - Permit User Sessions...
[[0;32m  OK  [0m] Started [0;1;39munattended-upgrades.service[0m - Unattended Upgrades Shutdown.
[[0;32m  OK  [0m] Started [0;1;39mchrony.service[0m - chrony, an NTP client/server.
[[0;32m  OK  [0m] Finished [0;1;39msecureboot-db.service[0m - Secure Boot updates for DB and DBX.
[[0;32m  OK  [0m] Finished [0;1;39me2scrub_reap.service[0m - Re…line ext4 Metadata Check Snapshots.
[[0;32m  OK  [0m] Finished [0;1;39msystemd-user-sessions.service[0m - Permit User Sessions.
[[0;32m  OK  [0m] Finished [0;1;39mgrub-initrd-fallback.service[0m - GRUB failed boot detection.
[[0;32m  OK  [0m] Started [0;1;39msystemd-hostnamed.service[0m - Hostname Service.
2026-05-07T23:32:10.694692+00:00 loadgen-sgw6 systemd[1]: Mounted dev-hugepages.mount - Huge Pages File System.
[[0;32m  OK  [0m] Started [0;1;39mrsyslog.service[0m - System Logging Service.
2026-05-07T23:32:10.694887+00:00 loadgen-sgw6 systemd[1]: Mounted dev-mqueue.mount - POSIX Message Queue File System.
2026-05-07T23:32:10.694958+00:00 loadgen-sgw6 systemd[1]: Mounted sys-kernel-debug.mount - Kernel Debug File System.
2026-05-07T23:32:10.694964+00:00 loadgen-sgw6 systemd[1]: Mounted sys-kernel-tracing.mount - Kernel Trace File System.
2026-05-07T23:32:10.694968+00:00 loadgen-sgw6 systemd[1]: Finished keyboard-setup.service - Set the console keyboard layout.
2026-05-07T23:32:10.694973+00:00 loadgen-sgw6 systemd[1]: Finished kmod-static-nodes.service - Create List of Static Device Nodes.
2026-05-07T23:32:10.694978+00:00 loadgen-sgw6 systemd[1]: modprobe@configfs.service: Deactivated successfully.
2026-05-07T23:32:10.694983+00:00 loadgen-sgw6 systemd[1]: Finished modprobe@configfs.service - Load Kernel Module configfs.
2026-05-07T23:32:10.694990+00:00 loadgen-sgw6 systemd[1]: modprobe@dm_mod.service: Deactivated successfully.
2026-05-07T23:32:10.694995+00:00 loadgen-sgw6 systemd[1]: Finished modprobe@dm_mod.service - Load Kernel Module dm_mod.
2026-05-07T23:32:10.695000+00:00 loadgen-sgw6 systemd[1]: modprobe@drm.service: Deactivated successfully.
2026-05-07T23:32:10.695004+00:00 loadgen-sgw6 systemd[1]: Finished modprobe@drm.service - Load Kernel Module drm.
2026-05-07T23:32:10.695009+00:00 loadgen-sgw6 systemd[1]: modprobe@efi_pstore.service: Deactivated successfully.
2026-05-07T23:32:10.695009+00:00 loadgen-sgw6 kernel: Linux version 6.17.0-1013-gcp (buildd@lcy02-amd64-034) (x86_64-linux-gnu-gcc-13 (Ubuntu 13.3.0-6ubuntu2~24.04.1) 13.3.0, GNU ld (GNU Binutils for Ubuntu) 2.42) #13~24.04.1-Ubuntu SMP Thu Apr 16 02:10:24 UTC 2026 (Ubuntu 6.17.0-1013.13~24.04.1-gcp 6.17.13)
2026-05-07T23:32:10.695017+00:00 loadgen-sgw6 kernel: Command line: BOOT_IMAGE=/vmlinuz-6.17.0-1013-gcp root=PARTUUID=6624332c-1f00-4e51-a0bf-94661fe17234 ro console=ttyS0,115200 panic=-1
2026-05-07T23:32:10.695018+00:00 loadgen-sgw6 kernel: KERNEL supported cpus:
2026-05-07T23:32:10.695013+00:00 loadgen-sgw6 systemd[1]: Finished modprobe@efi_pstore.service - Load Kernel Module efi_pstore.
2026-05-07T23:32:10.695018+00:00 loadgen-sgw6 kernel:   Intel GenuineIntel
2026-05-07T23:32:10.695019+00:00 loadgen-sgw6 kernel:   AMD AuthenticAMD
2026-05-07T23:32:10.695020+00:00 loadgen-sgw6 kernel:   Hygon HygonGenuine
2026-05-07T23:32:10.695020+00:00 loadgen-sgw6 kernel:   Centaur CentaurHauls
2026-05-07T23:32:10.695021+00:00 loadgen-sgw6 systemd[1]: modprobe@fuse.service: Deactivated successfully.
2026-05-07T23:32:10.695023+00:00 loadgen-sgw6 kernel:   zhaoxin   Shanghai  
2026-05-07T23:32:10.695024+00:00 loadgen-sgw6 kernel: x86/CPU: Model not found in latest microcode list
2026-05-07T23:32:10.695025+00:00 loadgen-sgw6 kernel: BIOS-provided physical RAM map:
2026-05-07T23:32:10.695025+00:00 loadgen-sgw6 kernel: BIOS-e820: [mem 0x0000000000000000-0x0000000000000fff] reserved
2026-05-07T23:32:10.695026+00:00 loadgen-sgw6 kernel: BIOS-e820: [mem 0x0000000000001000-0x0000000000054fff] usable
2026-05-07T23:32:10.695026+00:00 loadgen-sgw6 kernel: BIOS-e820: [mem 0x0000000000055000-0x000000000005ffff] reserved
2026-05-07T23:32:10.695026+00:00 loadgen-sgw6 systemd[1]: Finished modprobe@fuse.service - Load Kernel Module fuse.
2026-05-07T23:32:10.695030+00:00 loadgen-sgw6 kernel: BIOS-e820: [mem 0x0000000000060000-0x0000000000097fff] usable
2026-05-07T23:32:10.695031+00:00 loadgen-sgw6 kernel: BIOS-e820: [mem 0x0000000000098000-0x000000000009ffff] reserved
2026-05-07T23:32:10.695031+00:00 loadgen-sgw6 kernel: BIOS-e820: [mem 0x0000000000100000-0x00000000bd254fff] usable
2026-05-07T23:32:10.695032+00:00 loadgen-sgw6 kernel: BIOS-e820: [mem 0x00000000bd255000-0x00000000bd25ffff] ACPI data
2026-05-07T23:32:10.695032+00:00 loadgen-sgw6 kernel: BIOS-e820: [mem 0x00000000bd260000-0x00000000bf8ecfff] usable
2026-05-07T23:32:10.695032+00:00 loadgen-sgw6 kernel: BIOS-e820: [mem 0x00000000bf8ed000-0x00000000bfb6cfff] reserved
2026-05-07T23:32:10.695031+00:00 loadgen-sgw6 systemd[1]: modprobe@loop.service: Deactivated successfully.
2026-05-07T23:32:10.695033+00:00 loadgen-sgw6 kernel: BIOS-e820: [mem 0x00000000bfb6d000-0x00000000bfb7efff] ACPI data
2026-05-07T23:32:10.695038+00:00 loadgen-sgw6 systemd[1]: Finished modprobe@loop.service - Load Kernel Module loop.
2026-05-07T23:32:10.695040+00:00 loadgen-sgw6 kernel: BIOS-e820: [mem 0x00000000bfb7f000-0x00000000bfbfefff] ACPI NVS
2026-05-07T23:32:10.695041+00:00 loadgen-sgw6 kernel: BIOS-e820: [mem 0x00000000bfbff000-0x00000000bffdffff] usable
2026-05-07T23:32:10.695041+00:00 loadgen-sgw6 kernel: BIOS-e820: [mem 0x00000000bffe0000-0x00000000bfffffff] reserved
2026-05-07T23:32:10.695042+00:00 loadgen-sgw6 kernel: BIOS-e820: [mem 0x0000000100000000-0x000000103fffffff] usable
2026-05-07T23:32:10.695042+00:00 loadgen-sgw6 kernel: NX (Execute Disable) protection: active
2026-05-07T23:32:10.695043+00:00 loadgen-sgw6 kernel: APIC: Static calls initialized
2026-05-07T23:32:10.695043+00:00 loadgen-sgw6 systemd[1]: modprobe@nvme_fabrics.service: Deactivated successfully.
2026-05-07T23:32:10.695046+00:00 loadgen-sgw6 kernel: efi: EFI v2.7 by EDK II
2026-05-07T23:32:10.695047+00:00 loadgen-sgw6 kernel: efi: TPMFinalLog=0xbfbf7000 ACPI=0xbfb7e000 ACPI 2.0=0xbfb7e014 SMBIOS=0xbf9ca000 MEMATTR=0xbd260018 MOKvar=0xbf9c8000 RNG=0xbfb72018 TPMEventLog=0xbd255018 
2026-05-07T23:32:10.695047+00:00 loadgen-sgw6 kernel: random: crng init done
2026-05-07T23:32:10.695048+00:00 loadgen-sgw6 kernel: SMBIOS 2.4 present.
2026-05-07T23:32:10.695048+00:00 loadgen-sgw6 kernel: DMI: Google Google Compute Engine/Google Compute Engine, BIOS Google 04/21/2026
2026-05-07T23:32:10.695049+00:00 loadgen-sgw6 kernel: DMI: Memory slots populated: 4/4
2026-05-07T23:32:10.695052+00:00 loadgen-sgw6 kernel: secureboot: Secure boot disabled
2026-05-07T23:32:10.695052+00:00 loadgen-sgw6 kernel: Hypervisor detected: KVM
2026-05-07T23:32:10.695048+00:00 loadgen-sgw6 systemd[1]: Finished modprobe@nvme_fabrics.service - Load Kernel Module nvme_fabrics.
2026-05-07T23:32:10.695053+00:00 loadgen-sgw6 kernel: last_pfn = 0xbffe0 max_arch_pfn = 0x400000000
2026-05-07T23:32:10.695054+00:00 loadgen-sgw6 kernel: kvm-clock: Using msrs 4b564d01 and 4b564d00
2026-05-07T23:32:10.695054+00:00 loadgen-sgw6 kernel: kvm-clock: using sched offset of 14992034365 cycles
2026-05-07T23:32:10.695055+00:00 loadgen-sgw6 kernel: clocksource: kvm-clock: mask: 0xffffffffffffffff max_cycles: 0x1cd42e4dffb, max_idle_ns: 881590591483 ns
2026-05-07T23:32:10.695055+00:00 loadgen-sgw6 kernel: tsc: Detected 2299.998 MHz processor
2026-05-07T23:32:10.695059+00:00 loadgen-sgw6 kernel: e820: update [mem 0x00000000-0x00000fff] usable ==> reserved
2026-05-07T23:32:10.695059+00:00 loadgen-sgw6 kernel: e820: remove [mem 0x000a0000-0x000fffff] usable
2026-05-07T23:32:10.695059+00:00 loadgen-sgw6 kernel: last_pfn = 0x1040000 max_arch_pfn = 0x400000000
2026-05-07T23:32:10.695060+00:00 loadgen-sgw6 kernel: MTRR map: 3 entries (2 fixed + 1 variable; max 18), built from 8 variable MTRRs
2026-05-07T23:32:10.695057+00:00 loadgen-sgw6 systemd-modules-load[307]: Inserted module 'dm_multipath'
2026-05-07T23:32:10.695061+00:00 loadgen-sgw6 kernel: x86/PAT: Configuration [0-7]: WB  WC  UC- UC  WB  WP  UC- WT  
2026-05-07T23:32:10.695061+00:00 loadgen-sgw6 kernel: last_pfn = 0xbffe0 max_arch_pfn = 0x400000000
2026-05-07T23:32:10.695064+00:00 loadgen-sgw6 kernel: Using GB pages for direct mapping
2026-05-07T23:32:10.695065+00:00 loadgen-sgw6 kernel: secureboot: Secure boot disabled
2026-05-07T23:32:10.695063+00:00 loadgen-sgw6 systemd[1]: Finished systemd-modules-load.service - Load Kernel Modules.
2026-05-07T23:32:10.695066+00:00 loadgen-sgw6 kernel: ACPI: Early table checksum verification disabled
2026-05-07T23:32:10.695066+00:00 loadgen-sgw6 kernel: ACPI: RSDP 0x00000000BFB7E014 000024 (v02 Google)
2026-05-07T23:32:10.695067+00:00 loadgen-sgw6 kernel: ACPI: XSDT 0x00000000BFB7D0E8 00005C (v01 Google GOOGFACP 00000001      01000013)
2026-05-07T23:32:10.695067+00:00 loadgen-sgw6 kernel: ACPI: FACP 0x00000000BFB78000 0000F4 (v02 Google GOOGFACP 00000001 GOOG 00000001)
2026-05-07T23:32:10.695069+00:00 loadgen-sgw6 systemd[1]: Mounting sys-f         Stopping [0;1;39mchrony.service[0m - chrony, an NTP client/server...
s-fuse-connections.mount - FUSE Control File System...
2026-05-07T23:32:10.695070+00:00 loadgen-sgw6 kernel: ACPI: DSDT 0x00000000BFB79000 001A64 (v01 Google GOOGDSDT 00000001 GOOG 00000001)
2026-05-07T23:32:10.695071+00:00 loadgen-sgw6 kernel: ACPI: FACS 0x00000000BFBF1000 000040
2026-05-07T23:32:10.695072+00:00 loadgen-sgw6 kernel: ACPI: SSDT 0x00000000BFB7C000 000316 (v02 GOOGLE Tpm2Tabl 00001000 INTL 20250807)
2026-05-07T23:32:10.695072+00:00 loadgen-sgw6 kernel: ACPI: TPM2 0x00000000BFB7B000 000034 (v04 GOOGLE          00000001 GOOG 00000001)
2026-05-07T23:32:10.695073+00:00 loadgen-sgw6 kernel: ACPI: SRAT 0x00000000BFB77000 000228 (v03 Google GOOGSRAT 00000001 GOOG 00000001)
2026-05-07T23:32:10.695073+00:00 loadgen-sgw6 kernel: ACPI: APIC 0x00000000BFB76000 000126 (v05 Google GOOGAPIC 00000001 GOOG 00000001)
2026-05-07T23:32:10.695074+00:00 loadgen-sgw6 kernel: ACPI: SSDT 0x00000000BFB74000 0011D6 (v01 Google GOOGSSDT 00000001 GOOG 00000001)
2026-05-07T23:32:10.695073+00:00 loadgen-sgw6 systemd[1]: Mounting sys-kernel-config.mount - Kernel Configuration File System...
2026-05-07T23:32:10.695077+00:00 loadgen-sgw6 kernel: ACPI: WAET 0x00000000BFB73000 000028 (v01 Google GOOGWAET 00000001 GOOG 00000001)
2026-05-07T23:32:10.695078+00:00 loadgen-sgw6 kernel: ACPI: Reserving FACP table memory at [mem 0xbfb78000-0xbfb780f3]
2026-05-07T23:32:10.695078+00:00 loadgen-sgw6 kernel: ACPI: Reserving DSDT table memory at [mem 0xbfb79000-0xbfb7aa63]
2026-05-07T23:32:10.695079+00:00 loadgen-sgw6 kernel: ACPI: Reserving FACS table memory at [mem 0xbfbf1000-0xbfbf103f]
2026-05-07T23:32:10.695079+00:00 loadgen-sgw6 kernel: ACPI: Reserving SSDT table memory at [mem 0xbfb7c000-0xbfb7c315]
2026-05-07T23:32:10.695079+00:00 loadgen-sgw6 kernel: ACPI: Reserving TPM2 table memory at [mem 0xbfb7b000-0xbfb7b033]
2026-05-07T23:32:10.695078+00:00 loadgen-sgw6 systemd-fsck[309]: cloudimg-rootfs: clean, 172898/6422528 files, 2136941/12844795 blocks
2026-05-07T23:32:10.695082+00:00 loadgen-sgw6 kernel: ACPI: Reserving SRAT table memory at [mem 0xbfb77000-0xbfb77227]
2026-05-07T23:32:10.695083+00:00 loadgen-sgw6 kernel: ACPI: Reserving APIC table memory at [mem 0xbfb76000-0xbfb76125]
2026-05-07T23:32:10.695084+00:00 loadgen-sgw6 kernel: ACPI: Reserving SSDT table memory at [mem 0xbfb74000-0xbfb751d5]
2026-05-07T23:32:10.695084+00:00 loadgen-sgw6 kernel: ACPI: Reserving WAET table memory at [mem 0xbfb73000-0xbfb73027]
2026-05-07T23:32:10.695085+00:00 loadgen-sgw6 kernel: ACPI: SRAT: Node 0 PXM 0 [mem 0x00000000-0x0009ffff]
2026-05-07T23:32:10.695085+00:00 loadgen-sgw6 kernel: ACPI: SRAT: Node 0 PXM 0 [mem 0x00100000-0xbfffffff]
2026-05-07T23:32:10.695086+00:00 loadgen-sgw6 kernel: ACPI: SRAT: Node 0 PXM 0 [mem 0x100000000-0x103fffffff]
2026-05-07T23:32:10.695089+00:00 loadgen-sgw6 kernel: NUMA: Node 0 [mem 0x00001000-0x0009ffff] + [mem 0x00100000-0xbfffffff] -> [mem 0x00001000-0xbfffffff]
2026-05-07T23:32:10.695089+00:00 loadgen-sgw6 kernel: NUMA: Node 0 [mem 0x00001000-0xbfffffff] + [mem 0x100000000-0x103fffffff] -> [mem 0x00001000-0x103fffffff]
2026-05-07T23:32:10.695090+00:00 loadgen-sgw6 kernel: NODE_DATA(0) allocated [mem 0x103ffd52c0-0x103fffffff]
2026-05-07T23:32:10.695085+00:00 loadgen-sgw6 systemd[1]: Started systemd-fsckd.service - File System Check Daemon to report status.
2026-05-07T23:32:10.695090+00:00 loadgen-sgw6 kernel: Zone ranges:
2026-05-07T23:32:10.695091+00:00 loadgen-sgw6 kernel:   DMA      [mem 0x0000000000001000-0x0000000000ffffff]
2026-05-07T23:32:10.695092+00:00 loadgen-sgw6 kernel:   DMA32    [mem 0x0000000001000000-0x00000000ffffffff]
2026-05-07T23:32:10.695095+00:00 loadgen-sgw6 kernel:   Normal   [mem 0x0000000100000000-0x000000103fffffff]
2026-05-07T23:32:10.695095+00:00 loadgen-sgw6 kernel:   Device   empty
2026-05-07T23:32:10.695093+00:00 loadgen-sgw6 systemd[1]: systemd-repart.service - Repartition Root Disk was skipped because no trigger condition checks were met.
2026-05-07T23:32:10.695096+00:00 loadgen-sgw6 kernel: Movable zone start for each node
2026-05-07T23:32:10.695097+00:00 loadgen-sgw6 kernel: Early memory node ranges
2026-05-07T23:32:10.695097+00:00 loadgen-sgw6 kernel:   node   0: [mem 0x0000000000001000-0x0000000000054fff]
2026-05-07T23:32:10.695098+00:00 loadgen-sgw6 kernel:   node   0: [mem 0x0000000000060000-0x0000000000097fff]
2026-05-07T23:32:10.695101+00:00 loadgen-sgw6 kernel:   node   0: [mem 0x0000000000100000-0x00000000bd254fff]
2026-05-07T23:32:10.695099+00:00 loadgen-sgw6 systemd[1]: Starting systemd-sysctl.service - Apply Kernel Variables...
2026-05-07T23:32:10.695102+00:00 loadgen-sgw6 kernel:   node   0: [mem 0x00000000bd260000-0x00000000bf8ecfff]
2026-05-07T23:32:10.695103+00:00 loadgen-sgw6 kernel:   node   0: [mem 0x00000000bfbff000-0x00000000bffdffff]
2026-05-07T23:32:10.695103+00:00 loadgen-sgw6 kernel:   node   0: [mem 0x0000000100000000-0x000000103fffffff]
2026-05-07T23:32:10.695103+00:00 loadgen-sgw6 kernel: Initmem setup node 0 [mem 0x0000000000001000-0x000000103fffffff]
2026-05-07T23:32:10.695104+00:00 loadgen-sgw6 kernel: On node 0, zone DMA: 1 pages in unavailable ranges
2026-05-07T23:32:10.695106+00:00 loadgen-sgw6 systemd[1]: Starting systemd-tmpfiles-setup-dev-early.service - Create Static Device Nodes in /dev gracefully...
2026-05-07T23:32:10.695110+00:00 loadgen-sgw6 kernel: On node 0, zone DMA: 11 pages in unavailable ranges
2026-05-07T23:32:10.695111+00:00 loadgen-sgw6 kernel: On node 0, zone DMA: 104 pages in unavailable ranges
2026-05-07T23:32:10.695112+00:00 loadgen-sgw6 kernel: On node 0, zone DMA32: 11 pages in unavailable ranges
2026-05-07T23:32:10.695111+00:00 loadgen-sgw6 systemd[1]: Finished systemd-fsck-root.service - File System Check on Root Device.
2026-05-07T23:32:10.695112+00:00 loadgen-sgw6 kernel: On node 0, zone DMA32: 786 pages in unavailable ranges
2026-05-07T23:32:10.695116+00:00 loadgen-sgw6 kernel: On node 0, zone Normal: 32 pages in unavailable ranges
2026-05-07T23:32:10.695116+00:00 loadgen-sgw6 kernel: ACPI: PM-Timer IO Port: 0xb008
2026-05-07T23:32:10.695117+00:00 loadgen-sgw6 kernel: ACPI: LAPIC_NMI (acpi_id[0xff] dfl dfl lint[0x1])
2026-05-07T23:32:10.695117+00:00 loadgen-sgw6 systemd[1]: Finished lvm2-monitor.service - Monitoring of LVM2 mirrors, snapshots etc. using dmeventd or progress polling.
2026-05-07T23:32:10.695120+00:00 loadgen-sgw6 kernel: IOAPIC[0]: apic_id 0, version 17, address 0xfec00000, GSI 0-23
2026-05-07T23:32:10.695121+00:00 loadgen-sgw6 kernel: ACPI: INT_SRC_OVR (bus 0 bus_irq 5 global_irq 5 high level)
2026-05-07T23:32:10.695121+00:00 loadgen-sgw6 kernel: ACPI: INT_SRC_OVR (bus 0 bus_irq 9 global_irq 9 high level)
2026-05-07T23:32:10.695121+00:00 loadgen-sgw6 kernel: ACPI: INT_SRC_OVR (bus 0 bus_irq 10 global_irq 10 high level)
2026-05-07T23:32:10.695122+00:00 loadgen-sgw6 kernel: ACPI: INT_SRC_OVR (bus 0 bus_irq 11 global_irq 11 high level)
2026-05-07T23:32:10.695122+00:00 loadgen-sgw6 kernel: ACPI: Using ACPI (MADT) for SMP configuration information
2026-05-07T23:32:10.695125+00:00 loadgen-sgw6 kernel: CPU topo: Max. logical packages:   1
2026-05-07T23:32:10.695126+00:00 loadgen-sgw6 kernel: CPU topo: Max. logical dies:       1
2026-05-07T23:32:10.695126+00:00 loadgen-sgw6 kernel: CPU topo: Max. dies per package:   1
2026-05-07T23:32:10.695122+00:00 loadgen-sgw6 systemd[1]: Mounted sys-fs-fuse-connections.mount - FUSE Control File System.
2026-05-07T23:32:10.695127+00:00 loadgen-sgw6 kernel: CPU topo: Max. threads per core:   2
2026-05-07T23:32:10.695130+00:00 loadgen-sgw6 kernel: CPU topo: Num. cores per package:    12
2026-05-07T23:32:10.695131+00:00 loadgen-sgw6 systemd[1]: Mounted sys-kernel-config.mount - Kernel Configuration File System.
2026-05-07T23:32:10.695137+00:00 loadgen-sgw6 systemd[1]: Starting systemd-remount-fs.service - Remount Root and Kernel File Systems...
2026-05-07T23:32:10.695141+00:00 loadgen-sgw6 systemd[1]: Finished systemd-sysctl.service - Apply Kernel Variables.
2026-05-07T23:32:10.695145+00:00 loadgen-sgw6 systemd[1]: Finished systemd-tmpfiles-setup-dev-early.service - Create Static Device Nodes in /dev gracefully.
2026-05-07T23:32:10.695150+00:00 loadgen-sgw6 systemd[1]: Finished systemd-remount-fs.ser         Starting [0;1;39mgoogle-guest-agent.servic…[0moogle Compute Engine Guest Agent...
vice - Remount Root and Kernel File Systems.
2026-05-07T23:32:10.695157+00:00 loadgen-sgw6 systemd[1]: Starting multipathd.service - Device-Mapper Multipath Device Controller...
2026-05-07T23:32:10.695162+00:00 loadgen-sgw6 systemd[1]: systemd-hwdb-update.service - Rebuild Hardware Database was skipped because of an unmet condition check (ConditionNeedsUpdate=/etc).
2026-05-07T23:32:10.695167+00:00 loadgen-sgw6 systemd[1]: Starting systemd-journal-flush.service - Flush Journal to Persistent Storage...
2026-05-07T23:32:10.695172+00:00 loadgen-sgw6 systemd[1]: systemd-pstore.service - Platform Persistent Storage Archival was skipped because of an unmet condition check (ConditionDirectoryNotEmpty=/sys/fs/pstore).
2026-05-07T23:32:10.695176+00:00 loadgen-sgw6 systemd[1]: Starting systemd-random-seed.service - Load/Save OS Random Seed...
2026-05-07T23:32:10.695181+00:00 loadgen-sgw6 systemd[1]: systemd-sysusers.service - Create System Users was skipped because no trigger condition checks were met.
2026-05-07T23:32:10.695188+00:00 loadgen-sgw6 systemd[1]: Starting systemd-tmpfiles-setup-dev.service - Create Static Device Nodes in /dev...
2026-05-07T23:32:10.695193+00:00 loadgen-sgw6 systemd[1]: systemd-tpm2-setup.service - TPM2 SRK Setup was skipped because of an unmet condition check (ConditionSecurity=measured-uki).
2026-05-07T23:32:10.695195+00:00 loadgen-sgw6 kernel: CPU topo: Num. threads per package:  24
2026-05-07T23:32:10.695196+00:00 loadgen-sgw6 kernel: CPU topo: Allowing 24 present CPUs plus 0 hotplug CPUs
2026-05-07T23:32:10.695199+00:00 loadgen-sgw6 kernel: PM: hibernation: Registered nosave memory: [mem 0x00000000-0x00000fff]
2026-05-07T23:32:10.695200+00:00 loadgen-sgw6 kernel: PM: hibernation: Registered nosave memory: [mem 0x00055000-0x0005ffff]
2026-05-07T23:32:10.695198+00:00 loadgen-sgw6 systemd[1]: Finished systemd-udev-trigger.service - Coldplug All udev Devices.
2026-05-07T23:32:10.695200+00:00 loadgen-sgw6 kernel: PM: hibernation: Registered nosave memory: [mem 0x00098000-0x000fffff]
2026-05-07T23:32:10.695201+00:00 loadgen-sgw6 kernel: PM: hibernation: Registered nosave memory: [mem 0xbd255000-0xbd25ffff]
2026-05-07T23:32:10.695202+00:00 loadgen-sgw6 kernel: PM: hibernation: Registered nosave memory: [mem 0xbf8ed000-0xbfbfefff]
2026-05-07T23:32:10.695202+00:00 loadgen-sgw6 kernel: PM: hibernation: Registered nosave memory: [mem 0xbffe0000-0xffffffff]
2026-05-07T23:32:10.695205+00:00 loadgen-sgw6 kernel: [mem 0xc0000000-0xffffffff] available for PCI devices
2026-05-07T23:32:10.695203+00:00 loadgen-sgw6 systemd[1]: Finished systemd-random-seed.service - Load/Save OS Random Seed.
2026-05-07T23:32:10.695207+00:00 loadgen-sgw6 kernel: Booting paravirtualized kernel on KVM
2026-05-07T23:32:10.695208+00:00 loadgen-sgw6 kernel: clocksource: refined-jiffies: mask: 0xffffffff max_cycles: 0xffffffff, max_idle_ns: 1910969940391419 ns
2026-05-07T23:32:10.695209+00:00 loadgen-sgw6 kernel: setup_percpu: NR_CPUS:8192 nr_cpumask_bits:24 nr_cpu_ids:24 nr_node_ids:1
2026-05-07T23:32:10.695209+00:00 loadgen-sgw6 kernel: percpu: Embedded 84 pages/cpu s221184 r8192 d114688 u524288
2026-05-07T23:32:10.695210+00:00 loadgen-sgw6 kernel: pcpu-alloc: s221184 r8192 d114688 u524288 alloc=1*2097152
2026-05-07T23:32:10.695213+00:00 loadgen-sgw6 kernel: pcpu-alloc: [0] 00 01 02 03 [0] 04 05 06 07 
2026-05-07T23:32:10.695213+00:00 loadgen-sgw6 kernel: pcpu-alloc: [0] 08 09 10 11 [0] 12 13 14 15 
2026-05-07T23:32:10.695214+00:00 loadgen-sgw6 kernel: pcpu-alloc: [0] 16 17 18 19 [0] 20 21 22 23 
2026-05-07T23:32:10.695214+00:00 loadgen-sgw6 kernel: kvm-guest: PV spinlocks enabled
2026-05-07T23:32:10.695215+00:00 loadgen-sgw6 kernel: PV qspinlock hash table entries: 256 (order: 0, 4096 bytes, linear)
2026-05-07T23:32:10.695215+00:00 loadgen-sgw6 kernel: Kernel command line: BOOT_IMAGE=/vmlinuz-6.17.0-1013-gcp root=PARTUUID=6624332c-1f00-4e51-a0bf-94661fe17234 ro console=ttyS0,115200 panic=-1
2026-05-07T23:32:10.695211+00:00 loadgen-sgw6 multipathd[356]: multipathd v0.9.4: start up
2026-05-07T23:32:10.695219+00:00 loadgen-sgw6 kernel: printk: log buffer data + meta data: 262144 + 917504 = 1179648 bytes
2026-05-07T23:32:10.695220+00:00 loadgen-sgw6 kernel: Dentry cache hash table entries: 8388608 (order: 14, 67108864 bytes, linear)
2026-05-07T23:32:10.695220+00:00 loadgen-sgw6 kernel: Inode-cache hash table entries: 4194304 (order: 13, 33554432 bytes, linear)
2026-05-07T23:32:10.695221+00:00 loadgen-sgw6 kernel: software IO TLB: area num 32.
2026-05-07T23:32:10.695221+00:00 loadgen-sgw6 kernel: Fallback order for Node 0: 0 
2026-05-07T23:32:10.695220+00:00 loadgen-sgw6 multipathd[356]: reconfigure: setting up paths and maps
2026-05-07T23:32:10.695221+00:00 loadgen-sgw6 kernel: Built 1 zonelists, mobility grouping on.  Total pages: 16776271
2026-05-07T23:32:10.695225+00:00 loadgen-sgw6 kernel: Policy zone: Normal
2026-05-07T23:32:10.695228+00:00 loadgen-sgw6 kernel: mem auto-init: stack:all(zero), heap alloc:on, heap free:off
2026-05-07T23:32:10.695226+00:00 loadgen-sgw6 systemd[1]: Finished systemd-tmpfiles-setup-dev.service - Create Static Device Nodes in /dev.
2026-05-07T23:32:10.695229+00:00 loadgen-sgw6 kernel: SLUB: HWalign=64, Order=0-3, MinObjects=0, CPUs=24, Nodes=1
2026-05-07T23:32:10.695229+00:00 loadgen-sgw6 kernel: Kernel/User page tables isolation: enabled
2026-05-07T23:32:10.695230+00:00 loadgen-sgw6 kernel: ftrace: allocating 61994 entries in 244 pages
2026-05-07T23:32:10.695230+00:00 loadgen-sgw6 kernel: ftrace: allocated 244 pages with 5 groups
2026-05-07T23:32:10.695231+00:00 loadgen-sgw6 kernel: rcu: Hierarchical RCU implementation.
2026-05-07T23:32:10.695231+00:00 loadgen-sgw6 systemd[1]: Starting systemd-udevd.service - Rule-based Manager for Device Events and Files...
2026-05-07T23:32:10.695234+00:00 loadgen-sgw6 kernel: rcu: 	RCU restricting CPUs from NR_CPUS=8192 to nr_cpu_ids=24.
2026-05-07T23:32:10.695235+00:00 loadgen-sgw6 kernel: 	Rude variant of Tasks RCU enabled.
2026-05-07T23:32:10.695235+00:00 loadgen-sgw6 kernel: 	Tracing variant of Tasks RCU enabled.
2026-05-07T23:32:10.695236+00:00 loadgen-sgw6 kernel: rcu: RCU calculated value of scheduler-enlistment delay is 100 jiffies.
2026-05-07T23:32:10.695236+00:00 loadgen-sgw6 kernel: rcu: Adjusting geometry for rcu_fanout_leaf=16, nr_cpu_ids=24
2026-05-07T23:32:10.695236+00:00 loadgen-sgw6 kernel: RCU Tasks Rude: Setting shift to 5 and lim to 1 rcu_task_cb_adjust=1 rcu_task_cpu_ids=24.
2026-05-07T23:32:10.695237+00:00 loadgen-sgw6 kernel: RCU Tasks Trace: Setting shift to 5 and lim to 1 rcu_task_cb_adjust=1 rcu_task_cpu_ids=24.
2026-05-07T23:32:10.695236+00:00 loadgen-sgw6 systemd-udevd[360]: Using default interface naming scheme 'v255'.
2026-05-07T23:32:10.695240+00:00 loadgen-sgw6 kernel: NR_IRQS: 524544, nr_irqs: 616, preallocated irqs: 16
2026-05-07T23:32:10.695241+00:00 loadgen-sgw6 kernel: rcu: srcu_init: Setting srcu_struct sizes based on contention.
2026-05-07T23:32:10.695264+00:00 loadgen-sgw6 kernel: Console: colour dummy device 80x25
2026-05-07T23:32:10.695264+00:00 loadgen-sgw6 kernel: printk: legacy console [ttyS0] enabled
2026-05-07T23:32:10.695264+00:00 loadgen-sgw6 kernel: ACPI: Core revision 20250404
2026-05-07T23:32:10.695265+00:00 loadgen-sgw6 kernel: APIC: Switch to symmetric I/O mode setup
2026-05-07T23:32:10.695253+00:00 loadgen-sgw6 systemd[1]: Started multipathd.service - Device-Mapper Multipath Device Controller.
2026-05-07T23:32:10.695268+00:00 loadgen-sgw6 kernel: x2apic enabled
2026-05-07T23:32:10.695269+00:00 loadgen-sgw6 kernel: APIC: Switched APIC routing to: physical x2apic
2026-05-07T23:32:10.695270+00:00 loadgen-sgw6 kernel: ..TIMER: vector=0x30 apic1=0 pin1=0 apic2=-1 pin2=-1
2026-05-07T23:32:10.695270+00:00 loadgen-sgw6 kernel: clocksource: tsc-early: mask: 0xffffffffffffffff max_cycles: 0x212733415c7, max_idle_ns: 440795236380 ns
2026-05-07T23:32:10.695271+00:00 loadgen-sgw6 kernel: Calibrating delay loop (skipped) preset value.. 4599.99 BogoMIPS (lpj=2299998)
2026-05-07T23:32:10.695271+00:00 loadgen-sgw6 kernel: Last level iTLB entries: 4KB 1024, 2MB 1024, 4MB 1024
2026-05-07T23:32:10.695274+00:00 loadgen-sgw6 kernel: Last level dTLB entries:         Starting [0;1;39mplymouth-quit-wait.servic…[0md until boot process finishes up...
 4KB 1024, 2MB 1024, 4MB 1024, 1GB 4
2026-05-07T23:32:10.695275+00:00 loadgen-sgw6 kernel: mitigations: Enabled attack vectors: user_kernel, user_user, guest_host, guest_guest, SMT mitigations: auto
2026-05-07T23:32:10.695275+00:00 loadgen-sgw6 kernel: Speculative Store Bypass: Mitigation: Speculative Store Bypass disabled via prctl
2026-05-07T23:32:10.695276+00:00 loadgen-sgw6 kernel: Spectre V2 : Mitigation: IBRS
2026-05-07T23:32:10.695276+00:00 loadgen-sgw6 kernel: RETBleed: Mitigation: IBRS
2026-05-07T23:32:10.695276+00:00 loadgen-sgw6 kernel: ITS: Mitigation: Aligned branch/return thunks
2026-05-07T23:32:10.695271+00:00 loadgen-sgw6 systemd[1]: Started systemd-udevd.service - Rule-based Manager for Device Events and Files.
2026-05-07T23:32:10.695280+00:00 loadgen-sgw6 kernel: Spectre V2 : User space: Mitigation: STIBP via prctl
2026-05-07T23:32:10.695280+00:00 loadgen-sgw6 kernel: MDS: Mitigation: Clear CPU buffers
2026-05-07T23:32:10.695281+00:00 loadgen-sgw6 kernel: MMIO Stale Data: Vulnerable: Clear CPU buffers attempted, no microcode
2026-05-07T23:32:10.695281+00:00 loadgen-sgw6 kernel: Spectre V1 : Mitigation: usercopy/swapgs barriers and __user pointer sanitization
2026-05-07T23:32:10.695282+00:00 loadgen-sgw6 kernel: Spectre V2 : Spectre v2 / SpectreRSB: Filling RSB on context switch and VMEXIT
2026-05-07T23:32:10.695282+00:00 loadgen-sgw6 kernel: Spectre V2 : mitigation: Enabling conditional Indirect Branch Prediction Barrier
2026-05-07T23:32:10.695280+00:00 loadgen-sgw6 systemd[1]: nvmefc-boot-connections.service - Auto-connect to subsystems on FC-NVME devices found during boot was skipped because of an unmet condition check (ConditionPathExists=/sys/class/fc/fc_udev_device/nvme_discovery).
2026-05-07T23:32:10.695283+00:00 loadgen-sgw6 kernel: active return thunk: its_return_thunk
2026-05-07T23:32:10.695286+00:00 loadgen-sgw6 kernel: Spectre V2 : Spectre BHI mitigation: SW BHB clearing on syscall and VM exit
2026-05-07T23:32:10.695287+00:00 loadgen-sgw6 kernel: x86/fpu: Supporting XSAVE feature 0x001: 'x87 floating point registers'
2026-05-07T23:32:10.695286+00:00 loadgen-sgw6 systemd[1]: Reached target local-fs-pre.target - Preparation for Local File Systems.
2026-05-07T23:32:10.695287+00:00 loadgen-sgw6 kernel: x86/fpu: Supporting XSAVE feature 0x002: 'SSE registers'
2026-05-07T23:32:10.695290+00:00 loadgen-sgw6 kernel: x86/fpu: Supporting XSAVE feature 0x004: 'AVX registers'
2026-05-07T23:32:10.695290+00:00 loadgen-sgw6 kernel: x86/fpu: xstate_offset[2]:  576, xstate_sizes[2]:  256
2026-05-07T23:32:10.695291+00:00 loadgen-sgw6 kernel: x86/fpu: Enabled xstate features 0x7, context size is 832 bytes, using 'standard' format.
2026-05-07T23:32:10.695291+00:00 loadgen-sgw6 systemd[1]: Mounting snap-core22-2411.mount - Mount unit for core22, revision 2411...
2026-05-07T23:32:10.695294+00:00 loadgen-sgw6 kernel: Freeing SMP alternatives memory: 52K
2026-05-07T23:32:10.695295+00:00 loadgen-sgw6 kernel: pid_max: default: 32768 minimum: 301
2026-05-07T23:32:10.695295+00:00 loadgen-sgw6 kernel: LSM: initializing lsm=lockdown,capability,landlock,yama,apparmor,ima,evm
2026-05-07T23:32:10.695296+00:00 loadgen-sgw6 kernel: landlock: Up and running.
2026-05-07T23:32:10.695296+00:00 loadgen-sgw6 kernel: Yama: becoming mindful.
2026-05-07T23:32:10.695297+00:00 loadgen-sgw6 kernel: AppArmor: AppArmor initialized
2026-05-07T23:32:10.695297+00:00 loadgen-sgw6 kernel: Mount-cache hash table entries: 131072 (order: 8, 1048576 bytes, linear)
2026-05-07T23:32:10.695296+00:00 loadgen-sgw6 systemd[1]: Mounting snap-google\x2dcloud\x2dcli-448.mount - Mount unit for google-cloud-cli, revision 448...
2026-05-07T23:32:10.695300+00:00 loadgen-sgw6 kernel: Mountpoint-cache hash table entries: 131072 (order: 8, 1048576 bytes, linear)
2026-05-07T23:32:10.695301+00:00 loadgen-sgw6 kernel: smpboot: CPU0: Intel(R) Xeon(R) CPU @ 2.30GHz (family: 0x6, model: 0x3f, stepping: 0x0)
2026-05-07T23:32:10.695301+00:00 loadgen-sgw6 kernel: Performance Events: unsupported CPU family 6 model 63 no PMU driver, software events only.
2026-05-07T23:32:10.695302+00:00 loadgen-sgw6 kernel: signal: max sigframe size: 1776
2026-05-07T23:32:10.695302+00:00 loadgen-sgw6 kernel: rcu: Hierarchical SRCU implementation.
2026-05-07T23:32:10.695303+00:00 loadgen-sgw6 kernel: rcu: 	Max phase no-delay instances is 400.
2026-05-07T23:32:10.695306+00:00 loadgen-sgw6 kernel: Timer migration: 2 hierarchy levels; 8 children per group; 2 crossnode level
2026-05-07T23:32:10.695301+00:00 loadgen-sgw6 systemd[1]: Mounting snap-snapd-26865.mount - Mount unit for snapd, revision 26865...
2026-05-07T23:32:10.695306+00:00 loadgen-sgw6 kernel: NMI watchdog: Perf NMI watchdog permanently disabled
2026-05-07T23:32:10.695309+00:00 loadgen-sgw6 kernel: smp: Bringing up secondary CPUs ...
2026-05-07T23:32:10.695310+00:00 loadgen-sgw6 kernel: smpboot: x86: Booting SMP configuration:
