2026-05-28 10:01:13,980 DEBUG    root            Loaded Command Group: ['gcloud', 'compute']
2026-05-28 10:01:13,984 DEBUG    root            Loaded Command Group: ['gcloud', 'compute', 'instances']
2026-05-28 10:01:13,986 DEBUG    root            Loaded Command Group: ['gcloud', 'compute', 'instances', 'get_serial_port_output']
2026-05-28 10:01:13,988 DEBUG    root            Running [gcloud.compute.instances.get-serial-port-output] with arguments: [--zone: "us-central1-b", INSTANCE_NAME: "loadgen-djd4"]
2026-05-28 10:01:13,992 DEBUG    root            On GCE from memory cache: False
2026-05-28 10:01:13,996 DEBUG    root            On GCE from memory cache: False
2026-05-28 10:01:14,385 DEBUG    urllib3.connectionpool Starting new HTTPS connection (1): compute.googleapis.com:443
2026-05-28 10:01:14,893 DEBUG    urllib3.connectionpool https://compute.googleapis.com:443 "GET /compute/v1/projects/env-integration-fenway/zones/us-central1-b/instances/loadgen-djd4/serialPort?alt=json&port=1 HTTP/1.1" 200 None
2026-05-28 10:01:14,955 DEBUG    root            Chosen display Format:value[no-quote](contents)
2026-05-28 10:01:14,956 INFO     root            Display format: "value[no-quote](contents)"
2026-05-28 10:01:15,003 INFO     ___FILE_ONLY___ [2J[01;01H[=3h[2J[01;01H[2J[01;01H[=3h[2J[01;01HCSM BBS Table full.
BdsDxe: loading Boot0003 "Ubuntu" from PciRoot(0x0)/Pci(0x3,0x0)/Scsi(0x1,0x0)/HD(15,GPT,EE7C6507-6DCC-473C-9895-1E0F2DCF5E00,0x2800,0x35000)/\EFI\ubuntu\shimx64.efi
BdsDxe: starting Boot0003 "Ubuntu" from PciRoot(0x0)/Pci(0x3,0x0)/Scsi(0x1,0x0)/HD(15,GPT,EE7C6507-6DCC-473C-9895-1E0F2DCF5E00,0x2800,0x35000)/\EFI\ubuntu\shimx64.efi

UEFI: Attempting to start image.
Description: Ubuntu
FilePath: PciRoot(0x0)/Pci(0x3,0x0)/Scsi(0x1,0x0)/HD(15,GPT,EE7C6507-6DCC-473C-9895-1E0F2DCF5E00,0x2800,0x35000)/\EFI\ubuntu\shimx64.efi
OptionNumber: 3.

[H[J[1;1HGRUB_FORCE_PARTUUID set, attempting initrdless boot.
[    0.000000] Linux version 6.17.0-1016-gcp (buildd@lcy02-amd64-028) (x86_64-linux-gnu-gcc-13 (Ubuntu 13.3.0-6ubuntu2~24.04.1) 13.3.0, GNU ld (GNU Binutils for Ubuntu) 2.42) #17~24.04.1-Ubuntu SMP Thu May  7 15:12:38 UTC 2026 (Ubuntu 6.17.0-1016.17~24.04.1-gcp 6.17.13)
[    0.000000] Command line: BOOT_IMAGE=/vmlinuz-6.17.0-1016-gcp root=PARTUUID=28659dbc-d03c-4a8f-9159-2cf550c16c23 ro console=ttyS0,115200 panic=-1
[    0.000000] KERNEL supported cpus:
[    0.000000]   Intel GenuineIntel
[    0.000000]   AMD AuthenticAMD
[    0.000000]   Hygon HygonGenuine
[    0.000000]   Centaur CentaurHauls
[    0.000000]   zhaoxin   Shanghai  
[    0.000000] x86/CPU: Model not found in latest microcode list
[    0.000000] BIOS-provided physical RAM map:
[    0.000000] BIOS-e820: [mem 0x0000000000000000-0x0000000000000fff] reserved
[    0.000000] BIOS-e820: [mem 0x0000000000001000-0x0000000000054fff] usable
[    0.000000] BIOS-e820: [mem 0x0000000000055000-0x000000000005ffff] reserved
[    0.000000] BIOS-e820: [mem 0x0000000000060000-0x0000000000097fff] usable
[    0.000000] BIOS-e820: [mem 0x0000000000098000-0x000000000009ffff] reserved
[    0.000000] BIOS-e820: [mem 0x0000000000100000-0x00000000bd254fff] usable
[    0.000000] BIOS-e820: [mem 0x00000000bd255000-0x00000000bd25ffff] ACPI data
[    0.000000] BIOS-e820: [mem 0x00000000bd260000-0x00000000bf8ecfff] usable
[    0.000000] BIOS-e820: [mem 0x00000000bf8ed000-0x00000000bfb6cfff] reserved
[    0.000000] BIOS-e820: [mem 0x00000000bfb6d000-0x00000000bfb7efff] ACPI data
[    0.000000] BIOS-e820: [mem 0x00000000bfb7f000-0x00000000bfbfefff] ACPI NVS
[    0.000000] BIOS-e820: [mem 0x00000000bfbff000-0x00000000bffdffff] usable
[    0.000000] BIOS-e820: [mem 0x00000000bffe0000-0x00000000bfffffff] reserved
[    0.000000] BIOS-e820: [mem 0x0000000100000000-0x000000103fffffff] usable
[    0.000000] NX (Execute Disable) protection: active
[    0.000000] APIC: Static calls initialized
[    0.000000] efi: EFI v2.7 by EDK II
[    0.000000] efi: TPMFinalLog=0xbfbf7000 ACPI=0xbfb7e000 ACPI 2.0=0xbfb7e014 SMBIOS=0xbf9ca000 MEMATTR=0xbd260018 MOKvar=0xbf9c8000 RNG=0xbfb72018 TPMEventLog=0xbd255018 
[    0.000000] random: crng init done
[    0.000000] SMBIOS 2.4 present.
[    0.000000] DMI: Google Google Compute Engine/Google Compute Engine, BIOS Google 04/21/2026
[    0.000000] DMI: Memory slots populated: 4/4
[    0.000000] secureboot: Secure boot disabled
[    0.000000] Hypervisor detected: KVM
[    0.000000] last_pfn = 0xbffe0 max_arch_pfn = 0x400000000
[    0.000000] kvm-clock: Using msrs 4b564d01 and 4b564d00
[    0.000001] kvm-clock: using sched offset of 15549689408 cycles
[    0.000003] clocksource: kvm-clock: mask: 0xffffffffffffffff max_cycles: 0x1cd42e4dffb, max_idle_ns: 881590591483 ns
[    0.000007] tsc: Detected 2299.998 MHz processor
[    0.000157] last_pfn = 0x1040000 max_arch_pfn = 0x400000000
[    0.000195] MTRR map: 3 entries (2 fixed + 1 variable; max 18), built from 8 variable MTRRs
[    0.000199] x86/PAT: Configuration [0-7]: WB  WC  UC- UC  WB  WP  UC- WT  
[    0.000246] last_pfn = 0xbffe0 max_arch_pfn = 0x400000000
[    0.016462] Using GB pages for direct mapping
[    0.016746] secureboot: Secure boot disabled
[    0.016748] ACPI: Early table checksum verification disabled
[    0.016752] ACPI: RSDP 0x00000000BFB7E014 000024 (v02 Google)
[    0.016758] ACPI: XSDT 0x00000000BFB7D0E8 00005C (v01 Google GOOGFACP 00000001      01000013)
[    0.016767] ACPI: FACP 0x00000000BFB78000 0000F4 (v02 Google GOOGFACP 00000001 GOOG 00000001)
[    0.016775] ACPI: DSDT 0x00000000BFB79000 001A64 (v01 Google GOOGDSDT 00000001 GOOG 00000001)
[    0.016780] ACPI: FACS 0x00000000BFBF1000 000040
[    0.016785] ACPI: SSDT 0x00000000BFB7C000 000316 (v02 GOOGLE Tpm2Tabl 00001000 INTL 20250807)
[    0.016790] ACPI: TPM2 0x00000000BFB7B000 000034 (v04 GOOGLE          00000001 GOOG 00000001)
[    0.016794] ACPI: SRAT 0x00000000BFB77000 000228 (v03 Google GOOGSRAT 00000001 GOOG 00000001)
[    0.016799] ACPI: APIC 0x00000000BFB76000 000126 (v05 Google GOOGAPIC 00000001 GOOG 00000001)
[    0.016804] ACPI: SSDT 0x00000000BFB74000 0011D6 (v01 Google GOOGSSDT 00000001 GOOG 00000001)
[    0.016809] ACPI: WAET 0x00000000BFB73000 000028 (v01 Google GOOGWAET 00000001 GOOG 00000001)
[    0.016812] ACPI: Reserving FACP table memory at [mem 0xbfb78000-0xbfb780f3]
[    0.016814] ACPI: Reserving DSDT table memory at [mem 0xbfb79000-0xbfb7aa63]
[    0.016815] ACPI: Reserving FACS table memory at [mem 0xbfbf1000-0xbfbf103f]
[    0.016816] ACPI: Reserving SSDT table memory at [mem 0xbfb7c000-0xbfb7c315]
[    0.016817] ACPI: Reserving TPM2 table memory at [mem 0xbfb7b000-0xbfb7b033]
[    0.016818] ACPI: Reserving SRAT table memory at [mem 0xbfb77000-0xbfb77227]
[    0.016819] ACPI: Reserving APIC table memory at [mem 0xbfb76000-0xbfb76125]
[    0.016820] ACPI: Reserving SSDT table memory at [mem 0xbfb74000-0xbfb751d5]
[    0.016821] ACPI: Reserving WAET table memory at [mem 0xbfb73000-0xbfb73027]
[    0.016975] ACPI: SRAT: Node 0 PXM 0 [mem 0x00000000-0x0009ffff]
[    0.016978] ACPI: SRAT: Node 0 PXM 0 [mem 0x00100000-0xbfffffff]
[    0.016981] ACPI: SRAT: Node 0 PXM 0 [mem 0x100000000-0x103fffffff]
[    0.016990] NUMA: Node 0 [mem 0x00001000-0x0009ffff] + [mem 0x00100000-0xbfffffff] -> [mem 0x00001000-0xbfffffff]
[    0.016994] NUMA: Node 0 [mem 0x00001000-0xbfffffff] + [mem 0x100000000-0x103fffffff] -> [mem 0x00001000-0x103fffffff]
[    0.017023] NODE_DATA(0) allocated [mem 0x103ffd52c0-0x103fffffff]
[    0.017318] Zone ranges:
[    0.017319]   DMA      [mem 0x0000000000001000-0x0000000000ffffff]
[    0.017321]   DMA32    [mem 0x0000000001000000-0x00000000ffffffff]
[    0.017322]   Normal   [mem 0x0000000100000000-0x000000103fffffff]
[    0.017324]   Device   empty
[    0.017325] Movable zone start for each node
[    0.017327] Early memory node ranges
[    0.017328]   node   0: [mem 0x0000000000001000-0x0000000000054fff]
[    0.017330]   node   0: [mem 0x0000000000060000-0x0000000000097fff]
[    0.017331]   node   0: [mem 0x0000000000100000-0x00000000bd254fff]
[    0.017332]   node   0: [mem 0x00000000bd260000-0x00000000bf8ecfff]
[    0.017333]   node   0: [mem 0x00000000bfbff000-0x00000000bffdffff]
[    0.017334]   node   0: [mem 0x0000000100000000-0x000000103fffffff]
[    0.017340] Initmem setup node 0 [mem 0x0000000000001000-0x000000103fffffff]
[    0.017349] On node 0, zone DMA: 1 pages in unavailable ranges
[    0.017351] On node 0, zone DMA: 11 pages in unavailable ranges
[    0.017377] On node 0, zone DMA: 104 pages in unavailable ranges
[    0.022673] On node 0, zone DMA32: 11 pages in unavailable ranges
[    0.022690] On node 0, zone DMA32: 786 pages in unavailable ranges
[    0.130275] On node 0, zone Normal: 32 pages in unavailable ranges
[    0.130839] ACPI: PM-Timer IO Port: 0xb008
[    0.130862] ACPI: LAPIC_NMI (acpi_id[0xff] dfl dfl lint[0x1])
[    0.130942] IOAPIC[0]: apic_id 0, version 17, address 0xfec00000, GSI 0-23
[    0.130946] ACPI: INT_SRC_OVR (bus 0 bus_irq 5 global_irq 5 high level)
[    0.130948] ACPI: INT_SRC_OVR (bus 0 bus_irq 9 global_irq 9 high level)
[    0.130949] ACPI: INT_SRC_OVR (bus 0 bus_irq 10 global_irq 10 high level)
[    0.130951] ACPI: INT_SRC_OVR (bus 0 bus_irq 11 global_irq 11 high level)
[    0.130957] ACPI: Using ACPI (MADT) for SMP configuration information
[    0.130963] CPU topo: Max. logical packages:   1
[    0.130964] CPU topo: Max. logical dies:       1
[    0.130965] CPU topo: Max. dies per package:   1
[    0.130969] CPU topo: Max. threads per core:   2
[    0.130970] CPU topo: Num. cores per package:    12
[    0.130971] CPU topo: Num. threads per package:  24
[    0.130972] CPU topo: Allowing 24 present CPUs plus 0 hotplug CPUs
[    0.131016] PM: hibernation: Registered nosave memory: [mem 0x00000000-0x00000fff]
[    0.131018] PM: hibernation: Registered nosave memory: [mem 0x00055000-0x0005ffff]
[    0.131020] PM: hibernation: Registered nosave memory: [mem 0x00098000-0x000fffff]
[    0.131022] PM: hibernation: Registered nosave memory: [mem 0xbd255000-0xbd25ffff]
[    0.131025] PM: hibernation: Registered nosave memory: [mem 0xbf8ed000-0xbfbfefff]
[    0.131026] PM: hibernation: Registered nosave memory: [mem 0xbffe0000-0xffffffff]
[    0.131029] [mem 0xc0000000-0xffffffff] available for PCI devices
[    0.131031] Booting paravirtualized kernel on KVM
[    0.131034] clocksource: refined-jiffies: mask: 0xffffffff max_cycles: 0xffffffff, max_idle_ns: 1910969940391419 ns
[    0.131042] setup_percpu: NR_CPUS:8192 nr_cpumask_bits:24 nr_cpu_ids:24 nr_node_ids:1
[    0.132869] percpu: Embedded 84 pages/cpu s221184 r8192 d114688 u524288
[    0.132922] kvm-guest: PV spinlocks enabled
[    0.132924] PV qspinlock hash table entries: 256 (order: 0, 4096 bytes, linear)
[    0.132928] Kernel command line: BOOT_IMAGE=/vmlinuz-6.17.0-1016-gcp root=PARTUUID=28659dbc-d03c-4a8f-9159-2cf550c16c23 ro console=ttyS0,115200 panic=-1
[    0.132991] printk: log buffer data + meta data: 262144 + 917504 = 1179648 bytes
[    0.139767] Dentry cache hash table entries: 8388608 (order: 14, 67108864 bytes, linear)
[    0.143042] Inode-cache hash table entries: 4194304 (order: 13, 33554432 bytes, linear)
[    0.143675] software IO TLB: area num 32.
[    0.157039] Fallback order for Node 0: 0 
[    0.157044] Built 1 zonelists, mobility grouping on.  Total pages: 16776271
[    0.157045] Policy zone: Normal
[    0.157054] mem auto-init: stack:all(zero), heap alloc:on, heap free:off
[    0.309041] SLUB: HWalign=64, Order=0-3, MinObjects=0, CPUs=24, Nodes=1
[    0.309104] Kernel/User page tables isolation: enabled
[    0.321805] ftrace: allocating 62252 entries in 244 pages
[    0.321807] ftrace: allocated 244 pages with 5 groups
[    0.322171] rcu: Hierarchical RCU implementation.
[    0.322172] rcu: 	RCU restricting CPUs from NR_CPUS=8192 to nr_cpu_ids=24.
[    0.322174] 	Rude variant of Tasks RCU enabled.
[    0.322175] 	Tracing variant of Tasks RCU enabled.
[    0.322175] rcu: RCU calculated value of scheduler-enlistment delay is 100 jiffies.
[    0.322176] rcu: Adjusting geometry for rcu_fanout_leaf=16, nr_cpu_ids=24
[    0.322204] RCU Tasks Rude: Setting shift to 5 and lim to 1 rcu_task_cb_adjust=1 rcu_task_cpu_ids=24.
[    0.322207] RCU Tasks Trace: Setting shift to 5 and lim to 1 rcu_task_cb_adjust=1 rcu_task_cpu_ids=24.
[    0.326413] NR_IRQS: 524544, nr_irqs: 616, preallocated irqs: 16
[    0.326775] rcu: srcu_init: Setting srcu_struct sizes based on contention.
[    0.326927] Console: colour dummy device 80x25
[    0.326989] printk: legacy console [ttyS0] enabled
[    0.671814] ACPI: Core revision 20250404
[    0.673234] APIC: Switch to symmetric I/O mode setup
[    0.676033] x2apic enabled
[    0.680603] APIC: Switched APIC routing to: physical x2apic
[    0.688248] ..TIMER: vector=0x30 apic1=0 pin1=0 apic2=-1 pin2=-1
[    0.691087] clocksource: tsc-early: mask: 0xffffffffffffffff max_cycles: 0x212733415c7, max_idle_ns: 440795236380 ns
[    0.694935] Calibrating delay loop (skipped) preset value.. 4599.99 BogoMIPS (lpj=2299998)
[    0.696294] Last level iTLB entries: 4KB 1024, 2MB 1024, 4MB 1024
[    0.696933] Last level dTLB entries: 4KB 1024, 2MB 1024, 4MB 1024, 1GB 4
[    0.697965] mitigations: Enabled attack vectors: user_kernel, user_user, guest_host, guest_guest, SMT mitigations: auto
[    0.698936] Speculative Store Bypass: Mitigation: Speculative Store Bypass disabled via prctl
[    0.699934] Spectre V2 : Mitigation: IBRS
[    0.700933] RETBleed: Mitigation: IBRS
[    0.701933] ITS: Mitigation: Aligned branch/return thunks
[    0.702933] Spectre V2 : User space: Mitigation: STIBP via prctl
[    0.703933] MDS: Mitigation: Clear CPU buffers
[    0.704933] MMIO Stale Data: Vulnerable: Clear CPU buffers attempted, no microcode
[    0.705933] Spectre V1 : Mitigation: usercopy/swapgs barriers and __user pointer sanitization
[    0.706936] Spectre V2 : Spectre v2 / SpectreRSB: Filling RSB on context switch and VMEXIT
[    0.707935] Spectre V2 : mitigation: Enabling conditional Indirect Branch Prediction Barrier
[    0.708940] active return thunk: its_return_thunk
[    0.709933] Spectre V2 : Spectre BHI mitigation: SW BHB clearing on syscall and VM exit
[    0.710949] x86/fpu: Supporting XSAVE feature 0x001: 'x87 floating point registers'
[    0.711933] x86/fpu: Supporting XSAVE feature 0x002: 'SSE registers'
[    0.712933] x86/fpu: Supporting XSAVE feature 0x004: 'AVX registers'
[    0.713933] x86/fpu: xstate_offset[2]:  576, xstate_sizes[2]:  256
[    0.714933] x86/fpu: Enabled xstate features 0x7, context size is 832 bytes, using 'standard' format.
[    0.777540] Freeing SMP alternatives memory: 52K
[    0.777937] pid_max: default: 32768 minimum: 301
[    0.779982] LSM: initializing lsm=lockdown,capability,landlock,yama,apparmor,ima,evm
[    0.780948] landlock: Up and running.
[    0.781933] Yama: becoming mindful.
[    0.783031] AppArmor: AppArmor initialized
[    0.784204] Mount-cache hash table entries: 131072 (order: 8, 1048576 bytes, linear)
[    0.786061] Mountpoint-cache hash table entries: 131072 (order: 8, 1048576 bytes, linear)
[    0.889870] smpboot: CPU0: Intel(R) Xeon(R) CPU @ 2.30GHz (family: 0x6, model: 0x3f, stepping: 0x0)
[    0.890248] Performance Events: unsupported CPU family 6 model 63 no PMU driver, software events only.
[    0.891009] signal: max sigframe size: 1776
[    0.891981] rcu: Hierarchical SRCU implementation.
[    0.892933] rcu: 	Max phase no-delay instances is 400.
[    0.894014] Timer migration: 2 hierarchy levels; 8 children per group; 2 crossnode level
[    0.897216] NMI watchdog: Perf NMI watchdog permanently disabled
[    0.898954] smp: Bringing up secondary CPUs ...
[    0.901045] smpboot: x86: Booting SMP configuration:
[    0.901936] .... node  #0, CPUs:        #1  #2  #3  #4  #5  #6  #7  #8  #9 #10 #11 #12 #13 #14 #15 #16 #17 #18 #19 #20 #21 #22 #23
[    0.913986] MDS CPU bug present and SMT on, data leak possible. See https://www.kernel.org/doc/html/latest/admin-guide/hw-vuln/mds.html for more details.
[    0.915934] MMIO Stale Data CPU bug present and SMT on, data leak possible. See https://www.kernel.org/doc/html/latest/admin-guide/hw-vuln/processor_mmio_stale_data.html for more details.
[    0.923082] smp: Brought up 1 node, 24 CPUs
[    0.923934] smpboot: Total of 24 processors activated (110399.90 BogoMIPS)
[    0.927472] Memory: 65801468K/67105084K available (22306K kernel code, 4680K rwdata, 15684K rodata, 5416K init, 6080K bss, 1277608K reserved, 0K cma-reserved)
[    0.931019] devtmpfs: initialized
[    0.932035] x86/mm: Memory block size: 1024MB
[    0.935344] ACPI: PM: Registering ACPI NVS region [mem 0xbfb7f000-0xbfbfefff] (524288 bytes)
[    0.936042] clocksource: jiffies: mask: 0xffffffff max_cycles: 0xffffffff, max_idle_ns: 1911260446275000 ns
[    0.937030] posixtimers hash table entries: 16384 (order: 6, 262144 bytes, linear)
[    0.938063] futex hash table entries: 8192 (524288 bytes on 1 NUMA nodes, total 512 KiB, linear).
[    0.939101] pinctrl core: initialized pinctrl subsystem
[    0.940207] PM: RTC time: 17:00:17, date: 2026-05-28
[    0.943004] NET: Registered PF_NETLINK/PF_ROUTE protocol family
[    0.945051] DMA: preallocated 4096 KiB GFP_KERNEL pool for atomic allocations
[    0.947217] DMA: preallocated 4096 KiB GFP_KERNEL|GFP_DMA pool for atomic allocations
[    0.948653] DMA: preallocated 4096 KiB GFP_KERNEL|GFP_DMA32 pool for atomic allocations
[    0.948947] audit: initializing netlink subsys (disabled)
[    0.949971] audit: type=2000 audit(1779987617.217:1): state=initialized audit_enabled=0 res=1
[    0.950134] thermal_sys: Registered thermal governor 'fair_share'
[    0.950935] thermal_sys: Registered thermal governor 'bang_bang'
[    0.951934] thermal_sys: Registered thermal governor 'step_wise'
[    0.952934] thermal_sys: Registered thermal governor 'user_space'
[    0.953934] thermal_sys: Registered thermal governor 'power_allocator'
[    0.954949] cpuidle: using governor ladder
[    0.956941] cpuidle: using governor menu
[    0.958949] acpiphp: ACPI Hot Plug PCI Controller Driver version: 0.5
[    0.960208] PCI: Using configuration type 1 for base access
[    0.962018] kprobes: kprobe jump-optimization is enabled. All kprobes are optimized if possible.
[    0.964043] HugeTLB: registered 1.00 GiB page size, pre-allocated 0 pages
[    0.964934] HugeTLB: 16380 KiB vmemmap can be freed for a 1.00 GiB page
[    0.965934] HugeTLB: registered 2.00 MiB page size, pre-allocated 0 pages
[    0.966934] HugeTLB: 28 KiB vmemmap can be freed for a 2.00 MiB page
[    0.971049] ACPI: Added _OSI(Module Device)
[    0.971935] ACPI: Added _OSI(Processor Device)
[    0.972935] ACPI: Added _OSI(Processor Aggregator Device)
[    0.977631] ACPI: 3 ACPI AML tables successfully acquired and loaded
[    0.981773] ACPI: Interpreter enabled
[    0.981953] ACPI: PM: (supports S0 S3 S4 S5)
[    0.982934] ACPI: Using IOAPIC for interrupt routing
[    0.984244] PCI: Using host bridge windows from ACPI; if necessary, use "pci=nocrs" and report a bug
[    0.984933] PCI: Ignoring E820 reservations for host bridge windows
[    0.987130] ACPI: Enabled 16 GPEs in block 00 to 0F
[    0.995568] ACPI: PCI Root Bridge [PCI0] (domain 0000 [bus 00-ff])
[    0.995940] acpi PNP0A03:00: _OSC: OS supports [ASPM ClockPM Segments MSI EDR HPX-Type3]
[    0.996935] acpi PNP0A03:00: _OSC: not requesting OS control; OS requires [ExtendedConfig ASPM ClockPM MSI]
[    0.997950] acpi PNP0A03:00: fail to add MMCONFIG information, can't access extended configuration space under this bridge
[    1.000499] PCI host bridge to bus 0000:00
[    1.000939] pci_bus 0000:00: root bus resource [io  0x0000-0x0cf7 window]
[    1.001935] pci_bus 0000:00: root bus resource [io  0x0d00-0xffff window]
[    1.002934] pci_bus 0000:00: root bus resource [mem 0x000a0000-0x000bffff window]
[    1.003934] pci_bus 0000:00: root bus resource [mem 0xc0000000-0xc53fffff window]
[    1.004934] pci_bus 0000:00: root bus resource [mem 0xc5440000-0xee3fffff window]
[    1.005934] pci_bus 0000:00: root bus resource [mem 0xee440000-0xfebfefff window]
[    1.006934] pci_bus 0000:00: root bus resource [mem 0x1040000000-0x2103fffffff window]
[    1.007935] pci_bus 0000:00: root bus resource [bus 00-ff]
[    1.009013] pci 0000:00:00.0: [8086:1237] type 00 class 0x060000 conventional PCI endpoint
[    1.013396] pci 0000:00:01.0: [8086:7110] type 00 class 0x060100 conventional PCI endpoint
[    1.020155] pci 0000:00:01.3: [8086:7113] type 00 class 0x068000 conventional PCI endpoint
[    1.026960] pci 0000:00:01.3: quirk: [io  0xb000-0xb03f] claimed by PIIX4 ACPI
[    1.029455] pci 0000:00:03.0: [1af4:1004] type 00 class 0x000000 conventional PCI endpoint
[    1.038964] pci 0000:00:03.0: BAR 0 [io  0xc040-0xc07f]
[    1.039950] pci 0000:00:03.0: BAR 1 [mem 0xc1001000-0xc100107f]
[    1.042287] pci 0000:00:04.0: [10de:1eb8] type 00 class 0x030200 conventional PCI endpoint
[    1.057967] pci 0000:00:04.0: BAR 0 [mem 0xc0000000-0xc0ffffff]
[    1.058965] pci 0000:00:04.0: BAR 1 [mem 0x1040000000-0x104fffffff 64bit pref]
[    1.059966] pci 0000:00:04.0: BAR 3 [mem 0x1050000000-0x1051ffffff 64bit pref]
[    1.062576] pci 0000:00:05.0: [1af4:1000] type 00 class 0x020000 conventional PCI endpoint
[    1.071963] pci 0000:00:05.0: BAR 0 [io  0xc000-0xc03f]
[    1.072950] pci 0000:00:05.0: BAR 1 [mem 0xc1000000-0xc10003ff]
[    1.074615] pci 0000:00:06.0: [1af4:1005] type 00 class 0x00ff00 conventional PCI endpoint
[    1.082960] pci 0000:00:06.0: BAR 0 [io  0xc080-0xc09f]
[    1.083949] pci 0000:00:06.0: BAR 1 [mem 0xc1002000-0xc100203f]
[    1.097401] ACPI: PCI: Interrupt link LNKA configured for IRQ 10
[    1.099083] ACPI: PCI: Interrupt link LNKB configured for IRQ 10
[    1.101070] ACPI: PCI: Interrupt link LNKC configured for IRQ 11
[    1.103070] ACPI: PCI: Interrupt link LNKD configured for IRQ 11
[    1.104979] ACPI: PCI: Interrupt link LNKS configured for IRQ 9
[    1.109942] iommu: Default domain type: Translated
[    1.110934] iommu: DMA domain TLB invalidation policy: lazy mode
[    1.113192] SCSI subsystem initialized
[    1.113982] ACPI: bus type USB registered
[    1.114961] usbcore: registered new interface driver usbfs
[    1.115944] usbcore: registered new interface driver hub
[    1.116962] usbcore: registered new device driver usb
[    1.117968] pps_core: LinuxPPS API ver. 1 registered
[    1.118934] pps_core: Software ver. 5.3.6 - Copyright 2005-2007 Rodolfo Giometti <giometti@linux.it>
[    1.119944] PTP clock support registered
[    1.121041] EDAC MC: Ver: 3.0.0
[    1.123161] efivars: Registered efivars operations
[    1.124491] NetLabel: Initializing
[    1.124935] NetLabel:  domain hash size = 128
[    1.125934] NetLabel:  protocols = UNLABELED CIPSOv4 CALIPSO
[    1.126958] NetLabel:  unlabeled traffic allowed by default
[    1.127976] mctp: management component transport protocol core
[    1.128936] NET: Registered PF_MCTP protocol family
[    1.129960] PCI: Using ACPI for IRQ routing
[    1.131191] vgaarb: loaded
[    1.133241] clocksource: Switched to clocksource kvm-clock
[    1.135416] VFS: Disk quotas dquot_6.6.0
[    1.136886] VFS: Dquot-cache hash table entries: 512 (order 0, 4096 bytes)
[    1.139508] AppArmor: AppArmor Filesystem Enabled
[    1.141177] pnp: PnP ACPI init
[    1.143176] pnp: PnP ACPI: found 7 devices
[    1.152108] clocksource: acpi_pm: mask: 0xffffff max_cycles: 0xffffff, max_idle_ns: 2085701024 ns
[    1.155357] NET: Registered PF_INET protocol family
[    1.157406] IP idents hash table entries: 262144 (order: 9, 2097152 bytes, linear)
[    1.183848] tcp_listen_portaddr_hash hash table entries: 32768 (order: 7, 524288 bytes, linear)
[    1.186882] Table-perturb hash table entries: 65536 (order: 6, 262144 bytes, linear)
[    1.190350] TCP established hash table entries: 524288 (order: 10, 4194304 bytes, linear)
[    1.194099] TCP bind hash table entries: 65536 (order: 9, 2097152 bytes, linear)
[    1.196918] TCP: Hash tables configured (established 524288 bind 65536)
[    1.199682] MPTCP token hash table entries: 65536 (order: 9, 1572864 bytes, linear)
[    1.202828] UDP hash table entries: 32768 (order: 9, 2097152 bytes, linear)
[    1.205816] UDP-Lite hash table entries: 32768 (order: 9, 2097152 bytes, linear)
[    1.208645] NET: Registered PF_UNIX/PF_LOCAL protocol family
[    1.210636] NET: Registered PF_XDP protocol family
[    1.212226] pci_bus 0000:00: resource 4 [io  0x0000-0x0cf7 window]
[    1.214273] pci_bus 0000:00: resource 5 [io  0x0d00-0xffff window]
[    1.216214] pci_bus 0000:00: resource 6 [mem 0x000a0000-0x000bffff window]
[    1.218478] pci_bus 0000:00: resource 7 [mem 0xc0000000-0xc53fffff window]
[    1.220801] pci_bus 0000:00: resource 8 [mem 0xc5440000-0xee3fffff window]
[    1.223316] pci_bus 0000:00: resource 9 [mem 0xee440000-0xfebfefff window]
[    1.225746] pci_bus 0000:00: resource 10 [mem 0x1040000000-0x2103fffffff window]
[    1.228284] pci 0000:00:00.0: Limiting direct PCI/PCI transfers
[    1.230508] PCI: CLS 0 bytes, default 64
[    1.231883] PCI-DMA: Using software bounce buffering for IO (SWIOTLB)
[    1.233925] software IO TLB: mapped [mem 0x00000000b7f7f000-0x00000000bbf7f000] (64MB)
[    1.236675] clocksource: tsc: mask: 0xffffffffffffffff max_cycles: 0x212733415c7, max_idle_ns: 440795236380 ns
[    1.240301] clocksource: Switched to clocksource tsc
[    1.252543] Initialise system trusted keyrings
[    1.254123] Key type blacklist registered
[    1.255658] workingset: timestamp_bits=36 max_order=24 bucket_order=0
[    1.258345] squashfs: version 4.0 (2009/01/31) Phillip Lougher
[    1.260719] fuse: init (API version 7.44)
[    1.262644] integrity: Platform Keyring initialized
[    1.264398] integrity: Machine keyring initialized
[    1.281116] Key type asymmetric registered
[    1.282588] Asymmetric key parser 'x509' registered
[    1.284223] Block layer SCSI generic (bsg) driver version 0.4 loaded (major 242)
[    1.286999] io scheduler mq-deadline registered
[    1.290491] ledtrig-cpu: registered to indicate activity on CPUs
[    1.292792] input: Power Button as /devices/LNXSYSTM:00/LNXPWRBN:00/input/input0
[    1.295588] ACPI: button: Power Button [PWRF]
[    1.297265] input: Sleep Button as /devices/LNXSYSTM:00/LNXSLPBN:00/input/input1
[    1.299950] ACPI: button: Sleep Button [SLPF]
[    1.308100] ACPI: \_SB_.LNKC: Enabled at IRQ 11
[    1.309896] virtio-pci 0000:00:03.0: virtio_pci: leaving for legacy driver
[    1.321585] ACPI: \_SB_.LNKA: Enabled at IRQ 10
[    1.323256] virtio-pci 0000:00:05.0: virtio_pci: leaving for legacy driver
[    1.334620] ACPI: \_SB_.LNKB: Enabled at IRQ 10
[    1.336367] virtio-pci 0000:00:06.0: virtio_pci: leaving for legacy driver
[    1.344347] Serial: 8250/16550 driver, 32 ports, IRQ sharing enabled
[    1.370084] 00:03: ttyS0 at I/O 0x3f8 (irq = 4, base_baud = 115200) is a 16550A
[    1.396436] 00:04: ttyS1 at I/O 0x2f8 (irq = 3, base_baud = 115200) is a 16550A
[    1.422924] 00:05: ttyS2 at I/O 0x3e8 (irq = 6, base_baud = 115200) is a 16550A
[    1.448868] 00:06: ttyS3 at I/O 0x2e8 (irq = 7, base_baud = 115200) is a 16550A
[    1.454468] Linux agpgart interface v0.103
[    1.457776] tpm_tis MSFT0101:00: 2.0 TPM (device-id 0x9009, rev-id 0)
[    1.475949] loop: module loaded
[    1.480649] virtio_scsi virtio0: 1/0/0 default/read/poll queues
[    1.500986] scsi host0: Virtio SCSI HBA
[    1.502460] blk-mq: reduced tag depth to 10240
[    1.509763] Key type psk registered
[    1.510177] scsi 0:0:1:0: Direct-Access     Google   PersistentDisk   1    PQ: 0 ANSI: 6
[    1.511754] ACPI: bus type drm_connector registered
[    1.515847] tun: Universal TUN/TAP device driver, 1.6
[    1.655344] sd 0:0:1:0: Attached scsi generic sg0 type 0
[    1.655572] sd 0:0:1:0: [sda] 4194304000 512-byte logical blocks: (2.15 TB/1.95 TiB)
[    1.709444] sd 0:0:1:0: [sda] 4096-byte physical blocks
[    1.730498] sd 0:0:1:0: [sda] Write Protect is off
[    1.740136] sd 0:0:1:0: [sda] Write cache: enabled, read cache: enabled, doesn't support DPO or FUA
[    1.757059] PPP generic driver version 2.4.2
[    1.761532] i8042: PNP: PS/2 Controller [PNP0303:KBD,PNP0f13:MOU] at 0x60,0x64 irq 1,12
[    1.764777] i8042: Warning: Keylock active
[    1.768832] serio: i8042 KBD port at 0x60,0x64 irq 1
[    1.770926] serio: i8042 AUX port at 0x60,0x64 irq 12
[    1.773360] mousedev: PS/2 mouse device common for all mice
[    1.775671] rtc_cmos 00:00: RTC can wake from S4
[    1.778535] rtc_cmos 00:00: registered as rtc0
[    1.780314] rtc_cmos 00:00: setting system clock to 2026-05-28T17:00:18 UTC (1779987618)
[    1.783271] rtc_cmos 00:00: alarms up to one day, 114 bytes nvram
[    1.785448] i2c_dev: i2c /dev entries driver
[    1.786877] device-mapper: core: CONFIG_IMA_DISABLE_HTABLE is disabled. Duplicate IMA measurements will not be recorded in the IMA log.
[    1.787386] GPT:Primary header thinks Alt. header is not at the end of the disk.
[    1.791248] device-mapper: uevent: version 1.0.3
[    1.793966] GPT:104857599 != 4194303999
[    1.793969] GPT:Alternate GPT header not at the end of the disk.
[    1.796019] device-mapper: ioctl: 4.50.0-ioctl (2025-04-28) initialised: dm-devel@lists.linux.dev
[    1.797304] GPT:104857599 != 4194303999
[    1.797307] GPT: Use GNU Parted to correct GPT errors.
[    1.797315]  sda: sda1 sda14 sda15 sda16
[    1.799465] intel_pstate: CPU model not supported
[    1.802707] sd 0:0:1:0: [sda] Attached SCSI disk
[    1.803729] drop_monitor: Initializing network drop monitor service
[    1.813261] NET: Registered PF_INET6 protocol family
[    1.815771] Segment Routing with IPv6
[    1.817204] In-situ OAM (IOAM) with IPv6
[    1.818553] NET: Registered PF_PACKET protocol family
[    1.820511] Key type dns_resolver registered
[    1.826209] IPI shorthand broadcast: enabled
[    1.830474] sched_clock: Marking stable (1467003669, 363147432)->(2100629121, -270478020)
[    1.833630] registered taskstats version 1
[    1.837206] Loading compiled-in X.509 certificates
[    1.839880] Loaded X.509 cert 'Build time autogenerated kernel key: df3677b0fd73aef3c6abcf865cd8e193ddd680af'
[    1.844449] Loaded X.509 cert 'Canonical Ltd. Live Patch Signing 2025 Kmod: d541cef61dc7e793b7eb7e899970a2eef0b5dc8c'
[    1.848836] Loaded X.509 cert 'Canonical Ltd. Live Patch Signing: 14df34d1a87cf37625abec039ef2bf521249b969'
[    1.853157] Loaded X.509 cert 'Canonical Ltd. Kernel Module Signing 2025 Kmod: 4627603d2357a2a3f81006370894c221175893e9'
[    1.857447] Loaded X.509 cert 'Canonical Ltd. Kernel Module Signing: 88f752e560a1e0737e31163a466ad7b70a850c19'
[    1.860998] blacklist: Loading compiled-in revocation X.509 certificates
[    1.863310] Loaded X.509 cert 'Canonical Ltd. Secure Boot Signing: 61482aa2830d0ab2ad5af10b7250da9033ddcef0'
[    1.866876] Loaded X.509 cert 'Canonical Ltd. Secure Boot Signing (2017): 242ade75ac4a15e50d50c84b0d45ff3eae707a03'
[    1.870650] Loaded X.509 cert 'Canonical Ltd. Secure Boot Signing (ESM 2018): 365188c1d374d6b07c3c8f240f8ef722433d6a8b'
[    1.874109] Loaded X.509 cert 'Canonical Ltd. Secure Boot Signing (2019): c0746fd6c5da3ae827864651ad66ae47fe24b3e8'
[    1.877822] Loaded X.509 cert 'Canonical Ltd. Secure Boot Signing (2021 v1): a8d54bbb3825cfb94fa13c9f8a594a195c107b8d'
[    1.881589] Loaded X.509 cert 'Canonical Ltd. Secure Boot Signing (2021 v2): 4cf046892d6fd3c9a5b03f98d845f90851dc6a8c'
[    1.885390] Loaded X.509 cert 'Canonical Ltd. Secure Boot Signing (2021 v3): 100437bb6de6e469b581e61cd66bce3ef4ed53af'
[    1.889552] Loaded X.509 cert 'Canonical Ltd. Secure Boot Signing (Ubuntu Core 2019): c1d57b8f6b743f23ee41f4f7ee292f06eecadfb9'
[    1.899672] Demotion targets for Node 0: null
[    1.901510] Key type .fscrypt registered
[    1.903127] Key type fscrypt-provisioning registered
[    1.904969] Key type big_key registered
[    1.906329] Key type trusted registered
[    1.909247] Key type encrypted registered
[    1.910676] AppArmor: AppArmor sha256 policy hashing enabled
[    1.913381] integrity: Loading X.509 certificate: UEFI:db
[    1.915493] integrity: Loaded X.509 cert 'Microsoft Corporation UEFI CA 2011: 13adbf4309bd82709c8cd54f316ed522988a1bd4'
[    1.919336] integrity: Loading X.509 certificate: UEFI:db
[    1.921280] integrity: Loaded X.509 cert 'Microsoft Windows Production PCA 2011: a92902398e16c49778cd90f99e4f9ae17c55af53'
[    1.925331] integrity: Loading X.509 certificate: UEFI:db
[    1.927096] integrity: Loaded X.509 cert 'Microsoft Corporation: Windows UEFI CA 2023: aefc5fbbbe055d8f8daa585473499417ab5a5272'
[    1.930974] integrity: Loading X.509 certificate: UEFI:db
[    1.933019] integrity: Loaded X.509 cert 'Microsoft UEFI CA 2023: 81aa6b3244c935bce0d6628af39827421e32497d'
[    1.936525] integrity: Revoking X.509 certificate: UEFI:dbx
[    1.938478] blacklist: Revoked X.509 cert 'Canonical Ltd. Secure Boot Signing: 61482aa2830d0ab2ad5af10b7250da9033ddcef0'
[    1.942501] integrity: Revoking X.509 certificate: UEFI:dbx
[    1.944540] blacklist: Revoked X.509 cert 'Cisco: Virtual UEFI SubCA: 13df2e3f54ebf347dcaecebf21d3cbb2355a4c9a'
[    1.947939] integrity: Revoking X.509 certificate: UEFI:dbx
[    1.950048] blacklist: Revoked X.509 cert 'Debian Secure Boot Signer: 00a7468def'
[    1.952725] Loading compiled-in module X.509 certificates
[    1.955213] Loaded X.509 cert 'Build time autogenerated kernel key: df3677b0fd73aef3c6abcf865cd8e193ddd680af'
[    1.958800] ima: Allocated hash algorithm: sha256
[    1.978608] input: AT Translated Set 2 keyboard as /devices/platform/i8042/serio0/input/input2
[    1.998128] ima: No architecture policies found
[    1.999628] evm: Initialising EVM extended attributes:
[    2.001118] evm: security.selinux
[    2.002076] evm: security.SMACK64
[    2.003238] evm: security.SMACK64EXEC
[    2.004484] evm: security.SMACK64TRANSMUTE
[    2.005810] evm: security.SMACK64MMAP
[    2.007191] evm: security.apparmor
[    2.008206] evm: security.ima
[    2.008985] evm: security.capability
[    2.010119] evm: HMAC attrs: 0x1
[    2.011436] PM:   Magic number: 10:862:37
[    2.012710] bdi 7:2: hash matches
[    2.017615] RAS: Correctable Errors collector initialized.
[    2.034113] clk: Disabling unused clocks
[    2.035547] PM: genpd: Disabling unused power domains
[    2.038283] check access for rdinit=/init failed: -2, ignoring
[    2.039131] md: Waiting for all devices to be available before autodetect
[    2.040264] md: If you don't use raid, use raid=noautodetect
[    2.041191] md: Autodetecting RAID arrays.
[    2.041846] md: autorun ...
[    2.042326] md: ... autorun DONE.
[    2.050063] EXT4-fs (sda1): mounted filesystem 04c8070e-1cdf-4a86-989c-30a7ab177c9a ro with ordered data mode. Quota mode: none.
[    2.051854] VFS: Mounted root (ext4 filesystem) readonly on device 8:1.
[    2.054415] devtmpfs: mounted
[    2.057060] Freeing unused decrypted memory: 2028K
[    2.059651] Freeing unused kernel image (initmem) memory: 5416K
[    2.060845] Write protecting the kernel read-only data: 38912k
[    2.062491] Freeing unused kernel image (text/rodata gap) memory: 220K
[    2.064117] Freeing unused kernel image (rodata/data gap) memory: 700K
[    2.124260] x86/mm: Checked W+X mappings: passed, no W+X pages found.
[    2.125322] x86/mm: Checking user space page tables
[    2.183592] x86/mm: Checked W+X mappings: passed, no W+X pages found.
[    2.184560] Run /sbin/init as init process
[    2.400613] systemd[1]: Inserted module 'autofs4'
[    2.545277] systemd[1]: systemd 255.4-1ubuntu8.15 running in system mode (+PAM +AUDIT +SELINUX +APPARMOR +IMA +SMACK +SECCOMP +GCRYPT -GNUTLS +OPENSSL +ACL +BLKID +CURL +ELFUTILS +FIDO2 +IDN2 -IDN +IPTC +KMOD +LIBCRYPTSETUP +LIBFDISK +PCRE2 -PWQUALITY +P11KIT +QRENCODE +TPM2 +BZIP2 +LZ4 +XZ +ZLIB +ZSTD -BPF_FRAMEWORK -XKBCOMMON +UTMP +SYSVINIT default-hierarchy=unified)
[    2.550110] systemd[1]: Detected virtualization google.
[    2.550957] systemd[1]: Detected architecture x86-64.

Welcome to [1mUbuntu 24.04.4 LTS[0m!

[    2.557243] systemd[1]: No hostname configured, using default hostname.
[    2.558431] systemd[1]: Hostname set to <localhost>.
[    2.954395] systemd[1]: Queued start job for default target graphical.target.
[    2.979638] systemd[1]: Created slice system-modprobe.slice - Slice /system/modprobe.
[[0;32m  OK  [0m] Created slice [0;1;39msystem-modprobe.slice[0m - Slice /system/modprobe.
[    2.985386] systemd[1]: Created slice system-serial\x2dgetty.slice - Slice /system/serial-getty.
[[0;32m  OK  [0m] Created slice [0;1;39msystem-serial\x2dget…slice[0m - Slice /system/serial-getty.
[    2.990748] systemd[1]: Created slice system-systemd\x2dfsck.slice - Slice /system/systemd-fsck.
[[0;32m  OK  [0m] Created slice [0;1;39msystem-systemd\x2dfs…slice[0m - Slice /system/systemd-fsck.
[    2.995639] systemd[1]: Created slice user.slice - User and Session Slice.
[[0;32m  OK  [0m] Created slice [0;1;39muser.slice[0m - User and Session Slice.
[    3.000275] systemd[1]: Started systemd-ask-password-wall.path - Forward Password Requests to Wall Directory Watch.
[[0;32m  OK  [0m] Started [0;1;39msystemd-ask-password-wall.…[0md Requests to Wall Directory Watch.
[    3.005449] systemd[1]: Set up automount proc-sys-fs-binfmt_misc.automount - Arbitrary Executable File Formats File System Automount Point.
[[0;32m  OK  [0m] Set up automount [0;1;39mproc-sys-fs-binfm…[0mormats File System Automount Point.
[    3.010224] systemd[1]: Expecting device dev-disk-by\x2dlabel-BOOT.device - /dev/disk/by-label/BOOT...
         Expecting device [0;1;39mdev-disk-by\x2dla…device[0m - /dev/disk/by-label/BOOT...
[    3.013252] systemd[1]: Expecting device dev-disk-by\x2dlabel-UEFI.device - /dev/disk/by-label/UEFI...
         Expecting device [0;1;39mdev-disk-by\x2dla…device[0m - /dev/disk/by-label/UEFI...
[    3.016387] systemd[1]: Expecting device dev-ttyS0.device - /dev/ttyS0...
         Expecting device [0;1;39mdev-ttyS0.device[0m - /dev/ttyS0...
[    3.020235] systemd[1]: Reached target integritysetup.target - Local Integrity Protected Volumes.
[[0;32m  OK  [0m] Reached target [0;1;39mintegritysetup.targ…[0m Local Integrity Protected Volumes.
[    3.025248] systemd[1]: Reached target slices.target - Slice Units.
[[0;32m  OK  [0m] Reached target [0;1;39mslices.target[0m - Slice Units.
[    3.029215] systemd[1]: Reached target snapd.mounts-pre.target - Mounting snaps.
[[0;32m  OK  [0m] Reached target [0;1;39msnapd.mounts-pre.target[0m - Mounting snaps.
[    3.033222] systemd[1]: Reached target swap.target - Swaps.
[[0;32m  OK  [0m] Reached target [0;1;39mswap.target[0m - Swaps.
[    3.037218] systemd[1]: Reached target time-set.target - System Time Set.
[[0;32m  OK  [0m] Reached target [0;1;39mtime-set.target[0m - System Time Set.
[    3.041236] systemd[1]: Reached target veritysetup.target - Local Verity Protected Volumes.
[[0;32m  OK  [0m] Reached target [0;1;39mveritysetup.target[0m - Local Verity Protected Volumes.
[    3.046300] systemd[1]: Listening on dm-event.socket - Device-mapper event daemon FIFOs.
[[0;32m  OK  [0m] Listening on [0;1;39mdm-event.socket[0m - Device-mapper event daemon FIFOs.
[    3.051355] systemd[1]: Listening on lvm2-lvmpolld.socket - LVM2 poll daemon socket.
[[0;32m  OK  [0m] Listening on [0;1;39mlvm2-lvmpolld.socket[0m - LVM2 poll daemon socket.
[    3.056361] systemd[1]: Listening on multipathd.socket - multipathd control socket.
[[0;32m  OK  [0m] Listening on [0;1;39mmultipathd.socket[0m - multipathd control socket.
[    3.060355] systemd[1]: Listening on syslog.socket - Syslog Socket.
[[0;32m  OK  [0m] Listening on [0;1;39msyslog.socket[0m - Syslog Socket.
[    3.064337] systemd[1]: Listening on systemd-fsckd.socket - fsck to fsckd communication Socket.
[[0;32m  OK  [0m] Listening on [0;1;39msystemd-fsckd.socket[0m …fsck to fsckd communication Socket.
[    3.069290] systemd[1]: Listening on systemd-initctl.socket - initctl Compatibility Named Pipe.
[[0;32m  OK  [0m] Listening on [0;1;39msystemd-initctl.socke…[0m- initctl Compatibility Named Pipe.
[    3.074375] systemd[1]: Listening on systemd-journald-dev-log.socket - Journal Socket (/dev/log).
[[0;32m  OK  [0m] Listening on [0;1;39msystemd-journald-dev-…socket[0m - Journal Socket (/dev/log).
[    3.079373] systemd[1]: Listening on systemd-journald.socket - Journal Socket.
[[0;32m  OK  [0m] Listening on [0;1;39msystemd-journald.socket[0m - Journal Socket.
[    3.083425] systemd[1]: Listening on systemd-networkd.socket - Network Service Netlink Socket.
[[0;32m  OK  [0m] Listening on [0;1;39msystemd-networkd.socket[0m - Network Service Netlink Socket.
[    3.088247] systemd[1]: systemd-pcrextend.socket - TPM2 PCR Extension (Varlink) was skipped because of an unmet condition check (ConditionSecurity=measured-uki).
[    3.091170] systemd[1]: Listening on systemd-udevd-control.socket - udev Control Socket.
[[0;32m  OK  [0m] Listening on [0;1;39msystemd-udevd-control.socket[0m - udev Control Socket.
[    3.094326] systemd[1]: Listening on systemd-udevd-kernel.socket - udev Kernel Socket.
[[0;32m  OK  [0m] Listening on [0;1;39msystemd-udevd-kernel.socket[0m - udev Kernel Socket.
[    3.117306] systemd[1]: Mounting dev-hugepages.mount - Huge Pages File System...
         Mounting [0;1;39mdev-hugepages.mount[0m - Huge Pages File System...
[    3.121393] systemd[1]: Mounting dev-mqueue.mount - POSIX Message Queue File System...
         Mounting [0;1;39mdev-mqueue.mount[0m - POSIX Message Queue File System...
[    3.125410] systemd[1]: Mounting sys-kernel-debug.mount - Kernel Debug File System...
         Mounting [0;1;39msys-kernel-debug.mount[0m - Kernel Debug File System...
[    3.129458] systemd[1]: Mounting sys-kernel-tracing.mount - Kernel Trace File System...
         Mounting [0;1;39msys-kernel-tracing.mount[0m - Kernel Trace File System...
[    3.137320] systemd[1]: Starting systemd-journald.service - Journal Service...
         Starting [0;1;39msystemd-journald.service[0m - Journal Service...
[    3.143395] systemd[1]: Starting keyboard-setup.service - Set the console keyboard layout...
         Starting [0;1;39mkeyboard-setup.service[0m - Set the console keyboard layout...
[    3.149627] systemd[1]: Starting kmod-static-nodes.service - Create List of Static Device Nodes...
         Starting [0;1;39mkmod-static-nodes.service[0m…eate List of Static Device Nodes...
[    3.155484] systemd[1]: Starting lvm2-monitor.service - Monitoring of LVM2 mirrors, snapshots etc. using dmeventd or progress polling...
         Starting [0;1;39mlvm2-monitor.service[0m - Mo…ing dmeventd or progress polling...[    3.158906] systemd-journald[287]: Collecting audit messages is disabled.

[    3.163303] systemd[1]: Starting modprobe@configfs.service - Load Kernel Module configfs...
         Starting [0;1;39mmodprobe@configfs.service[0m - Load Kernel Module configfs...
[    3.169330] systemd[1]: Starting modprobe@dm_mod.service - Load Kernel Module dm_mod...
         Starting [0;1;39mmodprobe@dm_mod.service[0m - Load Kernel Module dm_mod...
[    3.174334] systemd[1]: Starting modprobe@drm.service - Load Kernel Module drm...
         Starting [0;1;39mmodprobe@drm.service[0m - Load Kernel Module drm...
[    3.179323] systemd[1]: Starting modprobe@efi_pstore.service - Load Kernel Module efi_pstore...
         Starting [0;1;39mmodprobe@efi_pstore.servi…[0m - Load Kernel Module efi_pstore...
[    3.183650] systemd[1]: Starting modprobe@fuse.service - Load Kernel Module fuse...
         Starting [0;1;39mmodprobe@fuse.service[0m - Load Kernel Module fuse...
[    3.188771] pstore: Using crash dump compression: deflate
[    3.189502] systemd[1]: Starting modprobe@loop.service - Load Kernel Module loop...
         Starting [0;1;39mmodprobe@loop.service[0m - Load Kernel Module loop...
[    3.195309] systemd[1]: Starting modprobe@nvme_fabrics.service - Load Kernel Module nvme_fabrics...
[    3.196396] pstore: Registered efi_pstore as persistent store backend
         Starting [0;1;39mmodprobe@nvme_fabrics.ser…[0m Load Kernel Module nvme_fabrics...
[    3.201753] systemd[1]: netplan-ovs-cleanup.service - OpenVSwitch configuration for cleanup was skipped because of an unmet condition check (ConditionFileIsExecutable=/usr/bin/ovs-vsctl).
[    3.205962] systemd[1]: Starting systemd-fsck-root.service - File System Check on Root Device...
         Starting [0;1;39msystemd-fsck-root.service[0m…File System Check on Root Device...
[    3.211992] systemd[1]: Starting systemd-modules-load.service - Load Kernel Modules...
         Starting [0;1;39msystemd-modules-load.service[0m - Load Kernel Modules...
[    3.216219] systemd[1]: systemd-pcrmachine.service - TPM2 PCR Machine ID Measurement was skipped because of an unmet condition check (ConditionSecurity=measured-uki).
[    3.218508] systemd[1]: systemd-tpm2-setup-early.service - TPM2 SRK Setup (Early) was skipped because of an unmet condition check (ConditionSecurity=measured-uki).
[    3.221874] systemd[1]: Starting systemd-udev-trigger.service - Coldplug All udev Devices...
         Starting [0;1;39msystemd-udev-trigger.service[0m - Coldplug All udev Devices...
[    3.225026] systemd[1]: Started systemd-journald.service - Journal Service.
[[0;32m  OK  [0m] Started [0;1;39msystemd-journald.service[0m - Journal Service.
[[0;32m  OK  [0m] Mounted [0;1;39mdev-hugepages.mount[0m - Huge Pages File System.
[[0;32m  OK  [0m] Mounted [0;1;39mdev-mqueue.mount[0m - POSIX Message Queue File System.
[[0;32m  OK  [0m] Mounted [0;1;39msys-kernel-debug.mount[0m - Kernel Debug File System.
[[0;32m  OK  [0m] Mounted [0;1;39msys-kernel-tracing.mount[0m - Kernel Trace File System.
[[0;32m  OK  [0m] Finished [0;1;39mkeyboard-setup.service[0m - Set the console keyboard layout.
[[0;32m  OK  [0m] Finished [0;1;39mkmod-static-nodes.service[0m…Create List of Static Device Nodes.
[[0;32m  OK  [0m] Finished [0;1;39mmodprobe@configfs.service[0m - Load Kernel Module configfs.
[[0;32m  OK  [0m] Finished [0;1;39mmodprobe@dm_mod.service[0m - Load Kernel Module dm_mod.
[[0;32m  OK  [0m] Finished [0;1;39mmodprobe@drm.service[0m - Load Kernel Module drm.
[[0;32m  OK  [0m] Finished [0;1;39mmodprobe@efi_pstore.service[0m - Load Kernel Module efi_pstore.
[[0;32m  OK  [0m] Finished [0;1;39mmodprobe@fuse.service[0m - Load Kernel Module fuse.
[[0;32m  OK  [0m] Finished [0;1;39mmodprobe@loop.service[0m - Load Kernel Module loop.
[[0;32m  OK  [0m] Finished [0;1;39mmodprobe@nvme_fabrics.ser…[0m - Load Kernel Module nvme_fabrics.
[[0;32m  OK  [0m] Finished [0;1;39msystemd-modules-load.service[0m - Load Kernel Modules.
         Mounting [0;1;39msys-fs-fuse-connections.mount[0m - FUSE Control File System...
         Mounting [0;1;39msys-kernel-config.mount[0m - Kernel Configuration File System...
[[0;32m  OK  [0m] Started [0;1;39msystemd-fsckd.service[0m - Fi…stem Check Daemon to report status.
         Starting [0;1;39msystemd-sysctl.service[0m - Apply Kernel Variables...
         Starting [0;1;39msystemd-tmpfiles-setup-de…[0m Device Nodes in /dev gracefully...
[[0;32m  OK  [0m] Finished [0;1;39mlvm2-monitor.service[0m - Mo…using dmeventd or progress polling.
[[0;32m  OK  [0m] Finished [0;1;39msystemd-fsck-root.service[0m - File System Check on Root Device.
[[0;32m  OK  [0m] Mounted [0;1;39msys-fs-fuse-connections.mount[0m - FUSE Control File System.
[[0;32m  OK  [0m] Mounted [0;1;39msys-kernel-config.mount[0m - Kernel Configuration File System.
         Starting [0;1;39msystemd-remount-fs.servic…[0munt Root and Kernel File Systems...
[[0;32m  OK  [0m] Finished [0;1;39msystemd-sysctl.service[0m - Apply Kernel Variables.
[[0;32m  OK  [0m] Finished [0;1;39msystemd-tmpfiles-setup-de…[0mic Device Nodes in /dev gracefully.
[[0;32m  OK  [0m] Finished [0;1;39msystemd-remount-fs.servic…[0mmount Root and Kernel File Systems.
         Starting [0;1;39mmultipathd.service[0m - Devi…pper Multipath Device Controller...
         Starting [0;1;39msystemd-journal-flush.ser…[0msh Journal to Persistent Storage...
         Starting [0;1;39msystemd-random-seed.service[0m - Load/Save OS Random Seed...
         Starting [0;1;39msystemd-tmpfiles-setup-de…[0meate Static Device Nodes in /dev...
[[0;32m  OK  [0m] Finished [0;1;39msystemd-random-seed.service[0m - Load/Save OS Random Seed.
[[0;32m  OK  [0m] Finished [0;1;39msystemd-tmpfiles-setup-de…[0mCreate Static Device Nodes in /dev.
         Starting [0;1;39msystemd-udevd.service[0m - R…ager for Device Events and Files...
[[0;32m  OK  [0m] Finished [0;1;39msystemd-udev-trigger.service[0m - Coldplug All udev Devices.
[[0;32m  OK  [0m] Started [0;1;39mmultipathd.service[0m - Devic…Mapper Multipath Device Controller.
[[0;32m  OK  [0m] Started [0;1;39msystemd-udevd.service[0m - Ru…anager for Device Events and Files.
[[0;32m  OK  [0m] Reached target [0;1;39mlocal-fs-pre.target[0m…Preparation for Local File Systems.
         Mounting [0;1;39msnap-core24-1643.mount[0m - …t unit for core24, revision 1643...
         Mounting [0;1;39msnap-google\x2dcloud\x2dc…[0mr google-cloud-cli, revision 458...
         Mounting [0;1;39msnap-snapd-26865.mount[0m - …t unit for snapd, revision 26865...
[[0;32m  OK  [0m] Started [0;1;39msystemd-ask-password-conso…[0mequests to Console Directory Watch.
[[0;32m  OK  [0m] Reached target [0;1;39mcryptsetup.target[0m - Local Encrypted Volumes.
[[0;32m  OK  [0m] Finished [0;1;39msystemd-journal-flush.ser…[0mlush Journal to Persistent Storage.
[[0;32m  OK  [0m] Mounted [0;1;39msnap-core24-1643.mount[0m - Mount unit for core24, revision 1643.
[[0;32m  OK  [0m] Mounted [0;1;39msnap-google\x2dcloud\x2dcl…[0mfor google-cloud-cli, revision 458.
[[0;32m  OK  [0m] Mounted [0;1;39msnap-snapd-26865.mount[0m - Mount unit for snapd, revision 26865.
[[0;32m  OK  [0m] Found device [0;1;39mdev-ttyS0.device[0m - /dev/ttyS0.
[[0;32m  OK  [0m] Found device [0;1;39mdev-disk-by\x2dlabel-UEFI.device[0m - PersistentDisk UEFI.
[[0;32m  OK  [0m] Found device [0;1;39mdev-disk-by\x2dlabel-BOOT.device[0m - PersistentDisk BOOT.
[[0;32m  OK  [0m] Reached target [0;1;39msnapd.mounts.target[0m - Mounted snaps.
[[0;32m  OK  [0m] Listening on [0;1;39msystemd-rfkill.socket[0m…ll Switch Status /dev/rfkill Watch.
[    3.834044] 
         Starting [0;1;39msystemd-fsck@dev-disk-by\…[0mCheck on /dev/disk/by-label/BOOT...
         Starting [0;1;39msystemd-fsck@dev-disk-by\…[0mCheck on /dev/disk/by-label/UEFI...
Checking in progress on 1 disk (0.0% complete)[[0;32m  OK  [0m] Finished [0;1;39msystemd-fsck@dev-disk-by\…[0mm Check on /dev/disk/by-label/BOOT.
Checking in progress on 0 disks (100.0% complete)[[0;32m  OK  [0m] Finished [0;1;39msystemd-fsck@dev-disk-by\…[0mm Check on /dev/disk/by-label/UEFI.
         Mounting [0;1;39mboot.mount[0m - /boot...
[[0;32m  OK  [0m] Mounted [0;1;39mboot.mount[0m - /boot.
         Mounting [0;1;39mboot-efi.mount[0m - /boot/efi...
[[0;32m  OK  [0m] Mounted [0;1;39mboot-efi.mount[0m - /boot/efi.
[[0;32m  OK  [0m] Reached target [0;1;39mlocal-fs.target[0m - Local File Systems.
[[0;32m  OK  [0m] Listening on [0;1;39msystemd-sysext.socket[0m…tension Image Management (Varlink).
         Starting [0;1;39mapparmor.service[0m - Load AppArmor profiles...
         Starting [0;1;39mconsole-setup.service[0m - Set console font and keymap...
         Starting [0;1;39mfinalrd.service[0m - Create …time dir for shutdown pivot root...
         Starting [0;1;39mplymouth-read-write.servi…[0mymouth To Write Out Runtime Data...
         Starting [0;1;39msystemd-binfmt.service[0m - Set Up Additional Binary Formats...
         Starting [0;1;39msystemd-tmpfiles-setup.se…[0me Volatile Files and Directories...
         Starting [0;1;39mufw.service[0m - Uncomplicated firewall...
[[0;32m  OK  [0m] Finished [0;1;39mconsole-setup.service[0m - Set console font and keymap.
[[0;32m  OK  [0m] Finished [0;1;39mapparmor.service[0m - Load AppArmor profiles.
[[0;32m  OK  [0m] Finished [0;1;39mfinalrd.service[0m - Create …untime dir for shutdown pivot root.
[[0;32m  OK  [0m] Finished [0;1;39mplymouth-read-write.servi…[0mPlymouth To Write Out Runtime Data.
[[0;32m  OK  [0m] Finished [0;1;39mufw.service[0m - Uncomplicated firewall.
[[0;32m  OK  [0m] Finished [0;1;39msystemd-tmpfiles-setup.se…[0mate Volatile Files and Directories.
         Mounting [0;1;39mproc-sys-fs-binfmt_misc.m…[0mcutable File Formats File System...
         Starting [0;1;39mmodprobe@dm_mod.service[0m - Load Kernel Module dm_mod...
         Starting [0;1;39mmodprobe@efi_pstore.servi…[0m - Load Kernel Module efi_pstore...
         Starting [0;1;39mmodprobe@loop.service[0m - Load Kernel Module loop...
         Starting [0;1;39msnapd.apparmor.service[0m - …iles managed internally by snapd...
         Starting [0;1;39msystemd-resolved.service[0m - Network Name Resolution...
         Starting [0;1;39msystemd-update-utmp.servi…[0mord System Boot/Shutdown in UTMP...
         Starting [0;1;39mcloud-init-local.service[0m …-init: Local Stage (pre-network)...
[[0;32m  OK  [0m] Mounted [0;1;39mproc-sys-fs-binfmt_misc.mo…[0mxecutable File Formats File System.
[[0;32m  OK  [0m] Finished [0;1;39mmodprobe@dm_mod.service[0m - Load Kernel Module dm_mod.
[[0;32m  OK  [0m] Finished [0;1;39msystemd-binfmt.service[0m - Set Up Additional Binary Formats.
[[0;32m  OK  [0m] Finished [0;1;39mmodprobe@efi_pstore.service[0m - Load Kernel Module efi_pstore.
[[0;32m  OK  [0m] Finished [0;1;39mmodprobe@loop.service[0m - Load Kernel Module loop.
[[0;32m  OK  [0m] Finished [0;1;39msystemd-update-utmp.servi…[0mecord System Boot/Shutdown in UTMP.
[[0;32m  OK  [0m] Finished [0;1;39msnapd.apparmor.service[0m - …ofiles managed internally by snapd.
[[0;32m  OK  [0m] Started [0;1;39msystemd-resolved.service[0m - Network Name Resolution.
[[0;32m  OK  [0m] Reached target [0;1;39mnss-lookup.target[0m - Host and Network Name Lookups.
[    6.108306] cloud-init[714]: Cloud-init v. 25.3-0ubuntu1~24.04.1 running 'init-local' at Thu, 28 May 2026 17:00:23 +0000. Up 6.08 seconds.
         Starting [0;1;39mmodprobe@dm_mod.service[0m - Load Kernel Module dm_mod...
         Starting [0;1;39mmodprobe@efi_pstore.servi…[0m - Load Kernel Module efi_pstore...
         Starting [0;1;39mmodprobe@loop.service[0m - Load Kernel Module loop...
[[0;32m  OK  [0m] Finished [0;1;39mmodprobe@dm_mod.service[0m - Load Kernel Module dm_mod.
[[0;32m  OK  [0m] Finished [0;1;39mmodprobe@efi_pstore.service[0m - Load Kernel Module efi_pstore.
[[0;32m  OK  [0m] Finished [0;1;39mmodprobe@loop.service[0m - Load Kernel Module loop.
         Starting [0;1;39mmodprobe@dm_mod.service[0m - Load Kernel Module dm_mod...
         Starting [0;1;39mmodprobe@efi_pstore.servi…[0m - Load Kernel Module efi_pstore...
         Starting [0;1;39mmodprobe@loop.service[0m - Load Kernel Module loop...
[[0;32m  OK  [0m] Finished [0;1;39mmodprobe@dm_mod.service[0m - Load Kernel Module dm_mod.
[[0;32m  OK  [0m] Finished [0;1;39mmodprobe@efi_pstore.service[0m - Load Kernel Module efi_pstore.
[[0;32m  OK  [0m] Finished [0;1;39mmodprobe@loop.service[0m - Load Kernel Module loop.
[[0;32m  OK  [0m] Finished [0;1;39mcloud-init-local.service[0m …ud-init: Local Stage (pre-network).
[[0;32m  OK  [0m] Reached target [0;1;39mnetwork-pre.target[0m - Preparation for Network.
         Starting [0;1;39msystemd-networkd.service[0m - Network Configuration...
[[0;32m  OK  [0m] Started [0;1;39msystemd-networkd.service[0m - Network Configuration.
[[0;32m  OK  [0m] Reached target [0;1;39mnetwork.target[0m - Network.
         Starting [0;1;39msystemd-networkd-wait-onl…[0mait for Network to be Configured...
[[0;32m  OK  [0m] Finished [0;1;39msystemd-networkd-wait-onl…[0m Wait for Network to be Configured.
         Starting [0;1;39mcloud-init.service[0m - Cloud-init: Network Stage...
[   10.234056] cloud-init[811]: Cloud-init v. 25.3-0ubuntu1~24.04.1 running 'init' at Thu, 28 May 2026 17:00:27 +0000. Up 10.21 seconds.
[   10.248360] cloud-init[811]: ci-info: +++++++++++++++++++++++++++++++++++++++Net device info+++++++++++++++++++++++++++++++++++++++
[   10.262282] cloud-init[811]: ci-info: +--------+------+----------------------------+-----------------+--------+-------------------+
[   10.276143] cloud-init[811]: ci-info: | Device |  Up  |          Address           |       Mask      | Scope  |     Hw-Address    |
[   10.290281] cloud-init[811]: ci-info: +--------+------+----------------------------+-----------------+--------+-------------------+
[   10.304196] cloud-init[811]: ci-info: |  ens5  | True |       10.128.15.226        | 255.255.255.255 | global | 42:01:0a:80:0f:e2 |
[   10.318137] cloud-init[811]: ci-info: |  ens5  | True | fe80::4001:aff:fe80:fe2/64 |        .        |  link  | 42:01:0a:80:0f:e2 |
[   10.332187] cloud-init[811]: ci-info: |   lo   | True |         127.0.0.1          |    255.0.0.0    |  host  |         .         |
[   10.347261] cloud-init[811]: ci-info: |   lo   | True |          ::1/128           |        .        |  host  |         .         |
[   10.362259] cloud-init[811]: ci-info: +--------+------+----------------------------+-----------------+--------+-------------------+
[   10.376200] cloud-init[811]: ci-info: +++++++++++++++++++++++++++++++Route IPv4 info++++++++++++++++++++++++++++++++
[   10.388194] cloud-init[811]: ci-info: +-------+-----------------+------------+-----------------+-----------+-------+
[   10.400293] cloud-init[811]: ci-info: | Route |   Destination   |  Gateway   |     Genmask     | Interface | Flags |
[   10.413218] cloud-init[811]: ci-info: +-------+-----------------+------------+-----------------+-----------+-------+
[   10.426232] cloud-init[811]: ci-info: |   0   |     0.0.0.0     | 10.128.0.1 |     0.0.0.0     |    ens5   |   UG  |
[   10.438160] cloud-init[811]: ci-info: |   1   |    10.128.0.1   |  0.0.0.0   | 255.255.255.255 |    ens5   |   UH  |
[   10.450357] cloud-init[811]: ci-info: |   2   | 169.254.169.254 | 10.128.0.1 | 255.255.255.255 |    ens5   |  UGH  |
[   10.463214] cloud-init[811]: ci-info: +-------+-----------------+------------+-----------------+-----------+-------+
[   10.475095] cloud-init[811]: ci-info: +++++++++++++++++++Route IPv6 info+++++++++++++++++++
[   10.484088] cloud-init[811]: ci-info: +-------+-------------+---------+-----------+-------+
[   10.493099] cloud-init[811]: ci-info: | Route | Destination | Gateway | Interface | Flags |
[   10.502121] cloud-init[811]: ci-info: +-------+-------------+---------+-----------+-------+
[   10.511093] cloud-init[811]: ci-info: |   0   |  fe80::/64  |    ::   |    ens5   |   U   |
[   10.520080] cloud-init[811]: ci-info: |   2   |    local    |    ::   |    ens5   |   U   |
[   10.531170] cloud-init[811]: ci-info: |   3   |  multicast  |    ::   |    ens5   |   U   |
[   10.540094] cloud-init[811]: ci-info: +-------+-------------+---------+-----------+-------+
[   16.074059] cloud-init[811]: Generating public/private rsa key pair.
[   16.082165] cloud-init[811]: Your identification has been saved in /etc/ssh/ssh_host_rsa_key
[   16.093117] cloud-init[811]: Your public key has been saved in /etc/ssh/ssh_host_rsa_key.pub
[   16.103144] cloud-init[811]: The key fingerprint is:
[   16.109208] cloud-init[811]: SHA256:xnAtXivrpQEcgQ8BiW5J8EPh9dvWceKg3quJ8J+4lxk root@loadgen-djd4
[   16.120205] cloud-init[811]: The key's randomart image is:
[   16.127114] cloud-init[811]: +---[RSA 3072]----+
[[0;32m  OK  [0m] Finished [0;1;39mcloud-init.service[0m - Cloud-init: Network Stage.
[   16.127407] cloud-init[811]: |o.++oo.          |
[[0;32m  OK  [0m] Reached target [0;1;39mcloud-config.target[0m - Cloud-config availability.
[   16.148150] cloud-init[811]: |.=..o. . .       |
[[0;32m  OK  [0m] Reached target [0;1;39mnetwork-online.target[0m - Network is Online.
[   16.164318] cloud-init[811]: |o =  o+ + = .    |
[[0;32m  OK  [0m] Reached target [0;1;39msysinit.target[0m - System Initialization.
[   16.173307] cloud-init[811]: | + . ..X * =     |
[[0;32m  OK  [0m] Started [0;1;39mnvidia-cdi-refresh.path[0m - …r toolkit install / upgrade events.
[   16.192119] cloud-init[811]: |.     = S +      |
[   16.208094] cloud-init[811]: |     .E= o       |
[[0;32m  OK  [0m] Started [0;1;39mgce-workload-cert-refresh.…[0mWorkload Certificate refresh timer.
[   16.208318] cloud-init[811]: |  .   .++ .      |
[[0;32m  OK  [0m] Started [0;1;39mgoogle-oslogin-cache.timer[0m - NSS cache refresh timer.
[   16.224331] cloud-init[811]: |   o o++ =       |
[[0;32m  OK  [0m] Started [0;1;39msystemd-tmpfiles-clean.tim…[0my Cleanup of Temporary Directories.
[   16.238288] cloud-init[811]: |    =+=.+        |
[   16.260099] cloud-init[811]: +----[SHA256]-----+
[[0;32m  OK  [0m] Started [0;1;39mupdate-notifier-download.t…[0mhat failed at package install time.
[   16.260319] cloud-init[811]: Generating public/private ecdsa key pair.
[[0;32m  OK  [0m] Reached target [0;1;39mpaths.target[0m - Path Units.
[   16.274536] cloud-init[811]: Your identification has been saved in /etc/ssh/ssh_host_ecdsa_key
[[0;32m  OK  [0m] Listening on [0;1;39mcloud-init-hotplugd.s…t[0m - cloud-init hotplug hook socket.
[   16.289418] cloud-init[811]: Your public key has been saved in /etc/ssh/ssh_host_ecdsa_key.pub
[[0;32m  OK  [0m] Listening on [0;1;39mdbus.socket[0m - D-Bus System Message Bus Socket.
[   16.309445] cloud-init[811]: The key fingerprint is:
         Starting [0;1;39mdocker.socket[0m - Docker Socket for the API...
[   16.335199] cloud-init[811]: SHA256:No/VK78aNB9RHnoFksGG4M6q9H44ZfgsL4Kk4Ti7oEE root@loadgen-djd4
[   16.353226] cloud-init[811]: The key's randomart image is:
[[0;32m  OK  [0m] Listening on [0;1;39miscsid.socket[0m - Open-iSCSI iscsid Socket.
[   16.353440] cloud-init[811]: +---[ECDSA 256]---+
         Starting [0;1;39mlxd-installer.socket[0m - He…er to install lxd snap on demand...
[   16.374211] cloud-init[811]: |        .. ooo+..|
         Starting [0;1;39msnapd.socket[0m - Socket activation for snappy daemon...
[   16.392259] cloud-init[811]: |       .  . += o |
[[0;32m  OK  [0m] Listening on [0;1;39mssh.socket[0m - OpenBSD Secure Shell server socket.
[   16.407144] cloud-init[811]: |        .  .o o  |
[[0;32m  OK  [0m] Listening on [0;1;39muuidd.socket[0m - UUID daemon activation socket.
[   16.424203] cloud-init[811]: |       o   . o   |
[[0;32m  OK  [0m] Finished [0;1;39mblk-availability.service[0m - Availability of block devices.
[   16.439114] cloud-init[811]: | E     .S + o    |
[[0;32m  OK  [0m] Listening on [0;1;39mdocker.socket[0m - Docker Socket for the API.
[   16.454390] cloud-init[811]: |o .   .oo* o o   |
[[0;32m  OK  [0m] Listening on [0;1;39mlxd-installer.socket[0m …lper to install lxd snap on demand.
[   16.463451] cloud-init[811]: |=+ .. .*. + o    |
[[0;32m  OK  [0m] Listening on [0;1;39msnapd.socket[0m - Socket activation for snappy daemon.
[   16.479337] cloud-init[811]: |*o...o= +  +     |
[[0;32m  OK  [0m] Reached target [0;1;39msockets.target[0m - Socket Units.
[[0;32m  OK  [0m] Reached target [0;1;39mbasic.target[0m - Basic System.
[   16.500432] cloud-init[811]: |++  .oo*. ..o.   |
[   16.524339] cloud-init[811]: +----[SHA256]-----+
[   16.531124] cloud-init[811]: Generating public/private ed25519 key pair.
[   16.539221] cloud-init[811]: Your identification has been saved in /etc/ssh/ssh_host_ed25519_key
         Starting [0;1;39mchrony.service[0m - chrony, an NTP client/server...
[   16.550416] cloud-init[811]: Your public key has been saved in /etc/ssh/ssh_host_ed25519_key.pub
[   16.570163] cloud-init[811]: The key fingerprint is:
[   16.576124] cloud-init[811]: SHA256:FMZq9aueYPlxJRIhKzspHDTL2yraciCzBx7AfeNt/98 root@loadgen-djd4
         Starting [0;1;39mcloud-config.service[0m - Cloud-init: Config Stage...
[   16.587390] cloud-init[811]: The key's randomart image is:
         Starting [0;1;39mdbus.service[0m - D-Bus System Message Bus...
[   16.603197] cloud-init[811]: +--[ED25519 256]--+
[[0;32m  OK  [0m] Started [0;1;39mdmesg.service[0m - Save initial kernel messages after boot.
[   16.611387] cloud-init[811]: |  o   ..+        |
         Starting [0;1;39me2scrub_reap.service[0m - Re…ne ext4 Metadata Check Snapshots...
[   16.626410] cloud-init[811]: | o o   +oo       |
         Starting [0;1;39mgce-workload-cert-refresh…[0mGCE Workload Certificate refresh...
[   16.647289] cloud-init[811]: |. = . .oo.       |
[[0;32m  OK  [0m] Started [0;1;39mgoogle-osconfig-agent.service[0m - Google OSConfig Agent.
[   16.659430] cloud-init[811]: |.o = *o. ..      |
         Starting [0;1;39mgoogle-oslogin-cache.service[0m - NSS cache refresh...
[   16.680177] cloud-init[811]: |. + B.o S ...    |
         Starting [0;1;39mgrub-common.service[0m - Record successful boot for GRUB...
[   16.693174] cloud-init[811]: |=. o o + ..o     |
         Starting [0;1;39mnetworkd-dispatcher.servi…[0mcher daemon for systemd-networkd...
[   16.702470] cloud-init[811]: |+=o   = o..      |
[   16.716511] cloud-init[811]: |++o  . o.=    .  |
         Starting [0;1;39mnvidia-cdi-refresh.servic…[0msh NVIDIA CDI specification file...
[   16.723423] cloud-init[811]: |.+.    .+ .... E |
         Starting [0;1;39mnvidia-persistenced.service[0m - NVIDIA Persistence Daemon...
[   16.744399] cloud-init[811]: +----[SHA256]-----+
         Starting [0;1;39mnvmf-autoconnect.service[0m …ystems automatically during boot...
         Starting [0;1;39mrsyslog.service[0m - System Logging Service...
         Starting [0;1;39msecureboot-db.service[0m - Secure Boot updates for DB and DBX...
[[0;32m  OK  [0m] Reached target [0;1;39mgetty-pre.target[0m - Preparation for Logins.
         Starting [0;1;39msnapd.seeded.service[0m - Wait until snapd is fully seeded...
         Starting [0;1;39msnapd.service[0m - Snap Daemon...
         Starting [0;1;39msysstat.service[0m - Resets System Activity Logs...
         Starting [0;1;39msystemd-logind.service[0m - User Login Management...
[[0;32m  OK  [0m] Started [0;1;39mubuntu-advantage.service[0m - Ubuntu Pro Background Auto Attach.
[[0;32m  OK  [0m] Started [0;1;39mdbus.service[0m - D-Bus System Message Bus.
[[0;32m  OK  [0m] Started [0;1;39mnetworkd-dispatcher.servic…[0matcher daemon for systemd-networkd.
[[0;32m  OK  [0m] Finished [0;1;39me2scrub_reap.service[0m - Re…line ext4 Metadata Check Snapshots.
[[0;32m  OK  [0m] Started [0;1;39msystemd-logind.service[0m - User Login Management.
[[0;32m  OK  [0m] Finished [0;1;39mgce-workload-cert-refresh…[0m- GCE Workload Certificate refresh.
[[0;32m  OK  [0m] Finished [0;1;39mgoogle-oslogin-cache.service[0m - NSS cache refresh.
[[0;32m  OK  [0m] Started [0;1;39mnvidia-persistenced.service[0m - NVIDIA Persistence Daemon.
[   16.968229] cloud-init[1006]: Cloud-init v. 25.3-0ubuntu1~24.04.1 running 'modules:config' at Thu, 28 May 2026 17:00:34 +0000. Up 16.92 seconds.
[[0;32m  OK  [0m] Finished [0;1;39mnvmf-autoconnect.service[0m …bsystems automatically during boot.
[[0;32m  OK  [0m] Finished [0;1;39msysstat.service[0m - Resets System Activity Logs.
[[0;32m  OK  [0m] Finished [0;1;39mgrub-common.service[0m - Record successful boot for GRUB.
[[0;32m  OK  [0m] Reached target [0;1;39mremote-fs-pre.targe…[0mreparation for Remote File Systems.
[[0;32m  OK  [0m] Reached target [0;1;39mremote-fs.target[0m - Remote File Systems.
         Starting [0;1;39mapport.service[0m - automatic crash report generation...
         Starting [0;1;39mcontainerd.service[0m - containerd container runtime...
[[0;32m  OK  [0m] Started [0;1;39mcron.service[0m - Regular background program processing daemon.
         Starting [0;1;39mgrub-initrd-fallback.service[0m - GRUB failed boot detection...
         Starting [0;1;39msystemd-hostnamed.service[0m - Hostname Service...
         Starting [0;1;39msystemd-user-sessions.service[0m - Permit User Sessions...
[[0;32m  OK  [0m] Started [0;1;39mchrony.service[0m - chrony, an NTP client/server.
[[0;32m  OK  [0m] Finished [0;1;39msecureboot-db.service[0m - Secure Boot updates for DB and DBX.
[[0;32m  OK  [0m] Finished [0;1;39msystemd-user-sessions.service[0m - Permit User Sessions.
[[0;32m  OK  [0m] Finished [0;1;39mgrub-initrd-fallback.service[0m - GRUB failed boot detection.
         Stopping [0;1;39mchrony.service[0m - chrony, an NTP client/server...
2026-05-28T17:00:34.288686+00:00 loadgen-djd4 systemd[1]: Mounted dev-hugepages.mount - Huge Pages File System.
2026-05-28T17:00:34.288878+00:00 loadgen-djd4 kernel: Linux version 6.17.0-1016-gcp (buildd@lcy02-amd64-028) (x86_64-linux-gnu-gcc-13 (Ubuntu 13.3.0-6ubuntu2~24.04.1) 13.3.0, GNU ld (GNU Binutils for Ubuntu) 2.42) #17~24.04.1-Ubuntu SMP Thu May  7 15:12:38 UTC 2026 (Ubuntu 6.17.0-1016.17~24.04.1-gcp 6.17.13)
2026-05-28T17:00:34.288852+00:00 loadgen-djd4 systemd[1]: Mounted dev-mqueue.mount - POSIX Message Queue File System.
2026-05-28T17:00:34.288936+00:00 loadgen-djd4 systemd[1]: Mounted sys-kernel-debug.mount - Kernel Debug File System.
2026-05-28T17:00:34.288943+00:00 loadgen-djd4 systemd[1]: Mounted sys-kernel-tracing.mount - Kernel Trace File System.
2026-05-28T17:00:34.288947+00:00 loadgen-djd4 systemd[1]: Finished keyboard-setup.service - Set the console keyboard layout.
2026-05-28T17:00:34.288892+00:00 loadgen-djd4 kernel: Command line: BOOT_IMAGE=/vmlinuz-6.17.0-1016-gcp root=PARTUUID=28659dbc-d03c-4a8f-9159-2cf550c16c23 ro console=ttyS0,115200 panic=-1
2026-05-28T17:00:34.288952+00:00 loadgen-djd4 systemd[1]: Finished kmod-static-nodes.service - Create List of Static Device Nodes.
2026-05-28T17:00:34.288954+00:00 loadgen-djd4 kernel: KERNEL supported cpus:
2026-05-28T17:00:34.288955+00:00 loadgen-djd4 kernel:   Intel GenuineIntel
2026-05-28T17:00:34.288956+00:00 loadgen-djd4 kernel:   AMD AuthenticAMD
2026-05-28T17:00:34.288956+00:00 loadgen-djd4 kernel:   Hygon HygonGenuine
2026-05-28T17:00:34.288957+00:00 loadgen-djd4 kernel:   Centaur CentaurHauls
2026-05-28T17:00:34.288957+00:00 loadgen-djd4 systemd[1]: modprobe@configfs.service: Deactivated successfully.
2026-05-28T17:00:34.288961+00:00 loadgen-djd4 kernel:   zhaoxin   Shanghai  
2026-05-28T17:00:34.288962+00:00 loadgen-djd4 kernel: x86/CPU: Model not found in latest microcode list
2026-05-28T17:00:34.288962+00:00 loadgen-djd4 kernel: BIOS-provided physical RAM map:
2026-05-28T17:00:34.288963+00:00 loadgen-djd4 kernel: BIOS-e820: [mem 0x0000000000000000-0x0000000000000fff] reserved
2026-05-28T17:00:34.288963+00:00 loadgen-djd4 kernel: BIOS-e820: [mem 0x0000000000001000-0x0000000000054fff] usable
2026-05-28T17:00:34.288964+00:00 loadgen-djd4 kernel: BIOS-e820: [mem 0x0000000000055000-0x000000000005ffff] reserved
2026-05-28T17:00:34.288967+00:00 loadgen-djd4 kernel: BIOS-e820: [mem 0x0000000000060000-0x0000000000097fff] usable
2026-05-28T17:00:34.288968+00:00 loadgen-djd4 kernel: BIOS-e820: [mem 0x0000000000098000-0x000000000009ffff] reserved
2026-05-28T17:00:34.288968+00:00 loadgen-djd4 kernel: BIOS-e820: [mem 0x0000000000100000-0x00000000bd254fff] usable
2026-05-28T17:00:34.288969+00:00 loadgen-djd4 kernel: BIOS-e820: [mem 0x00000000bd255000-0x00000000bd25ffff] ACPI data
2026-05-28T17:00:34.288969+00:00 loadgen-djd4 kernel: BIOS-e820: [mem 0x00000000bd260000-0x00000000bf8ecfff] usable
2026-05-28T17:00:34.288969+00:00 loadgen-djd4 kernel: BIOS-e820: [mem 0x00000000bf8ed000-0x00000000bfb6cfff] reserved
2026-05-28T17:00:34.288970+00:00 loadgen-djd4 kernel: BIOS-e820: [mem 0x00000000bfb6d000-0x00000000bfb7efff] ACPI data
2026-05-28T17:00:34.288962+00:00 loadgen-djd4 systemd[1]: Finished modprobe@configfs.service - Load Kernel Module configfs.
2026-05-28T17:00:34.288973+00:00 loadgen-djd4 kernel: BIOS-e820: [mem 0x00000000bfb7f000-0x00000000bfbfefff] ACPI NVS
2026-05-28T17:00:34.288974+00:00 loadgen-djd4 kernel: BIOS-e820: [mem 0x00000000bfbff000-0x00000000bffdffff] usable
2026-05-28T17:00:34.288974+00:00 loadgen-djd4 kernel: BIOS-e820: [mem 0x00000000bffe0000-0x00000000bfffffff] reserved
2026-05-28T17:00:34.288974+00:00 loadgen-djd4 kernel: BIOS-e820: [mem 0x0000000100000000-0x000000103fffffff] usable
2026-05-28T17:00:34.288975+00:00 loadgen-djd4 kernel: NX (Execute Disable) protection: active
2026-05-28T17:00:34.288975+00:00 loadgen-djd4 kernel: APIC: Static calls initialized
2026-05-28T17:00:34.288974+00:00 loadgen-djd4 systemd[1]: modprobe@dm_mod.service: Deactivated successfully.
2026-05-28T17:00:34.288978+00:00 loadgen-djd4 kernel: efi: EFI v2.7 by EDK II
2026-05-28T17:00:34.288979+00:00 loadgen-djd4 kernel: efi: TPMFinalLog=0xbfbf7000 ACPI=0xbfb7e000 ACPI 2.0=0xbfb7e014 SMBIOS=0xbf9ca000 MEMATTR=0xbd260018 MOKvar=0xbf9c8000 RNG=0xbfb72018 TPMEventLog=0xbd255018 
2026-05-28T17:00:34.288980+00:00 loadgen-djd4 kernel: random: crng init done
2026-05-28T17:00:34.288980+00:00 loadgen-djd4 kernel: SMBIOS 2.4 present.
2026-05-28T17:00:34.288979+00:00 loadgen-djd4 systemd[1]: Finished modprobe@dm_mod.service - Load Kernel Module dm_mod.
2026-05-28T17:00:34.288981+00:00 loadgen-djd4 kernel: DMI: Google Google Compute Engine/Google Compute Engine, BIOS Google 04/21/2026
2026-05-28T17:00:34.288984+00:00 loadgen-djd4 kernel: DMI: Memory slots populated: 4/4
2026-05-28T17:00:34.288988+00:00 loadgen-djd4 kernel: secureboot: Secure boot disabled
2026-05-28T17:00:34.288988+00:00 loadgen-djd4 kernel: Hypervisor detected: KVM
2026-05-28T17:00:34.288990+00:00 loadgen-djd4 kernel: last_pfn = 0xbffe0 max_arch_pfn = 0x400000000
2026-05-28T17:00:34.288991+00:00 loadgen-djd4 kernel: kvm-clock: Using msrs 4b564d01 and 4b564d00
2026-05-28T17:00:34.288991+00:00 loadgen-djd4 kernel: kvm-clock: using sched offset of 15549689408 cycles
2026-05-28T17:00:34.288985+00:00 loadgen-djd4 systemd-modules-load[309]: Inserted module 'dm_multipath'
2026-05-28T17:00:34.288992+00:00 loadgen-djd4 kernel: clocksource: kvm-clock: mask: 0xffffffffffffffff max_cycles: 0x1cd42e4dffb, max_idle_ns: 881590591483 ns
2026-05-28T17:00:34.288993+00:00 loadgen-djd4 kernel: tsc: Detected 2299.998 MHz processor
2026-05-28T17:00:34.288996+00:00 loadgen-djd4 kernel: e820: update [mem 0x00000000-0x00000fff] usable ==> reserved
2026-05-28T17:00:34.288996+00:00 loadgen-djd4 kernel: e820: remove [mem 0x000a0000-0x000fffff] usable
2026-05-28T17:00:34.288997+00:00 loadgen-djd4 kernel: last_pfn = 0x1040000 max_arch_pfn = 0x400000000
2026-05-28T17:00:34.288996+00:00 loadgen-djd4 systemd[1]: modprobe@drm.service: Deactivated successfully.
2026-05-28T17:00:34.288997+00:00 loadgen-djd4 kernel: MTRR map: 3 entries (2 fixed + 1 variable; max 18), built from 8 variable MTRRs
2026-05-28T17:00:34.289001+00:00 loadgen-djd4 kernel: x86/PAT: Configuration [0-7]: WB  WC  UC- UC  WB  WP  UC- WT  
2026-05-28T17:00:34.289001+00:00 loadgen-djd4 kernel: last_pfn = 0xbffe0 max_arch_pfn = 0x400000000
2026-05-28T17:00:34.289002+00:00 loadgen-djd4 systemd[1]: Finished modprobe@drm.service - Load Kernel Module drm.
2026-05-28T17:00:34.289004+00:00 loadgen-djd4 kernel: Using GB pages for direct mapping
2026-05-28T17:00:34.289005+00:00 loadgen-djd4 kernel: secureboot: Secure boot disabled
2026-05-28T17:00:34.289006+00:00 loadgen-djd4 kernel: ACPI: Early table checksum verification disabled
2026-05-28T17:00:34.289006+00:00 loadgen-djd4 kernel: ACPI: RSDP 0x00000000BFB7E014 000024 (v02 Google)
2026-05-28T17:00:34.289007+00:00 loadgen-djd4 kernel: ACPI: XSDT 0x00000000BFB7D0E8 00005C (v01 Google GOOGFACP 00000001      01000013)
2026-05-28T17:00:34.289007+00:00 loadgen-djd4 kernel: ACPI: FACP 0x00000000BFB78000 0000F4 (v02 Google GOOGFACP 00000001 GOOG 00000001)
2026-05-28T17:00:34.289010+00:00 loadgen-djd4 kernel: ACPI: DSDT 0x00000000BFB79000 001A64 (v01 Google GOOGDSDT 00000001 GOOG 00000001)
2026-05-28T17:00:34.289011+00:00 loadgen-djd4 kernel: ACPI: FACS 0x00000000BFBF1000 000040
2026-05-28T17:00:34.289011+00:00 loadgen-djd4 kernel: ACPI: SSDT 0x00000000BFB7C000 000316 (v02 GOOGLE Tpm2Tabl 00001000 INTL 20250807)
2026-05-28T17:00:34.289012+00:00 loadgen-djd4 kernel: ACPI: TPM2 0x00000000BFB7B000 000034 (v04 GOOGLE          00000001 GOOG 00000001)
2026-05-28T17:00:34.289012+00:00 loadgen-djd4 kernel: ACPI: SRAT 0x00000000BFB77000 000228 (v03 Google GOOGSRAT 00000001 GOOG 00000001)
2026-05-28T17:00:34.289012+00:00 loadgen-djd4 kernel: ACPI: APIC 0x00000000BFB76000 000126 (v05 Google GOOGAPIC 00000001 GOOG 00000001)
2026-05-28T17:00:34.289013+00:00 loadgen-djd4 kernel: ACPI: SSDT 0x00000000BFB74000 0011D6 (v01 Google GOOGSSDT 00000001 GOOG 00000001)
2026-05-28T17:00:34.289007+00:00 loadgen-djd4 systemd[1]: modprobe@efi_pstore.service: Deactivated successfully.
2026-05-28T17:00:34.289016+00:00 loadgen-djd4 kernel: ACPI: WAET 0x00000000BFB73000 000028 (v01 Google GOOGWAET 00000001 GOOG 00000001)
2026-05-28T17:00:34.289017+00:00 loadgen-djd4 kernel: ACPI: Reserving FACP table memory at [mem 0xbfb78000-0xbfb780f3]
2026-05-28T17:00:34.289017+00:00 loadgen-djd4 kernel: ACPI: Reserving DSDT table memory at [mem 0xbfb79000-0xbfb7aa63]
2026-05-28T17:00:34.289018+00:00 loadgen-         Starting [0;1;39mplymouth-quit-wait.servic…[0md until boot process finishes up...
djd4 kernel: ACPI: Reserving FACS table memory at [mem 0xbfbf1000-0xbfbf103f]
2026-05-28T17:00:34.289018+00:00 loadgen-djd4 kernel: ACPI: Reserving SSDT table memory at [mem 0xbfb7c000-0xbfb7c315]
2026-05-28T17:00:34.289019+00:00 loadgen-djd4 kernel: ACPI: Reserving TPM2 table memory at [mem 0xbfb7b000-0xbfb7b033]
2026-05-28T17:00:34.289018+00:00 loadgen-djd4 systemd[1]: Finished modprobe@efi_pstore.service - Load Kernel Module efi_pstore.
2026-05-28T17:00:34.289022+00:00 loadgen-djd4 kernel: ACPI: Reserving SRAT table memory at [mem 0xbfb77000-0xbfb77227]
2026-05-28T17:00:34.289023+00:00 loadgen-djd4 kernel: ACPI: Reserving APIC table memory at [mem 0xbfb76000-0xbfb76125]
2026-05-28T17:00:34.289023+00:00 loadgen-djd4 kernel: ACPI: Reserving SSDT table memory at [mem 0xbfb74000-0xbfb751d5]
2026-05-28T17:00:34.289024+00:00 loadgen-djd4 kernel: ACPI: Reserving WAET table memory at [mem 0xbfb73000-0xbfb73027]
2026-05-28T17:00:34.289024+00:00 loadgen-djd4 kernel: ACPI: SRAT: Node 0 PXM 0 [mem 0x00000000-0x0009ffff]
2026-05-28T17:00:34.289024+00:00 loadgen-djd4 kernel: ACPI: SRAT: Node 0 PXM 0 [mem 0x00100000-0xbfffffff]
2026-05-28T17:00:34.289025+00:00 loadgen-djd4 kernel: ACPI: SRAT: Node 0 PXM 0 [mem 0x100000000-0x103fffffff]
2026-05-28T17:00:34.289023+00:00 loadgen-djd4 systemd[1]: modprobe@fuse.service: Deactivated successfully.
2026-05-28T17:00:34.289028+00:00 loadgen-djd4 kernel: NUMA: Node 0 [mem 0x00001000-0x0009ffff] + [mem 0x00100000-0xbfffffff] -> [mem 0x00001000-0xbfffffff]
2026-05-28T17:00:34.289029+00:00 loadgen-djd4 kernel: NUMA: Node 0 [mem 0x00001000-0xbfffffff] + [mem 0x100000000-0x103fffffff] -> [mem 0x00001000-0x103fffffff]
2026-05-28T17:00:34.289030+00:00 loadgen-djd4 kernel: NODE_DATA(0) allocated [mem 0x103ffd52c0-0x103fffffff]
2026-05-28T17:00:34.289030+00:00 loadgen-djd4 kernel: Zone ranges:
2026-05-28T17:00:34.289028+00:00 loadgen-djd4 systemd[1]: Finished modprobe@fuse.service - Load Kernel Module fuse.
2026-05-28T17:00:34.289032+00:00 loadgen-djd4 kernel:   DMA      [mem 0x0000000000001000-0x0000000000ffffff]
2026-05-28T17:00:34.289033+00:00 loadgen-djd4 kernel:   DMA32    [mem 0x0000000001000000-0x00000000ffffffff]
2026-05-28T17:00:34.289036+00:00 loadgen-djd4 kernel:   Normal   [mem 0x0000000100000000-0x000000103fffffff]
2026-05-28T17:00:34.289037+00:00 loadgen-djd4 kernel:   Device   empty
2026-05-28T17:00:34.289037+00:00 loadgen-djd4 kernel: Movable zone start for each node
2026-05-28T17:00:34.289036+00:00 loadgen-djd4 systemd[1]: modprobe@loop.service: Deactivated successfully.
2026-05-28T17:00:34.289038+00:00 loadgen-djd4 kernel: Early memory node ranges
2026-05-28T17:00:34.289041+00:00 loadgen-djd4 kernel:   node   0: [mem 0x0000000000001000-0x0000000000054fff]
2026-05-28T17:00:34.289041+00:00 loadgen-djd4 kernel:   node   0: [mem 0x0000000000060000-0x0000000000097fff]
2026-05-28T17:00:34.289042+00:00 loadgen-djd4 systemd[1]: Finished modprobe@loop.service - Load Kernel Module loop.
2026-05-28T17:00:34.289045+00:00 loadgen-djd4 kernel:   node   0: [mem 0x0000000000100000-0x00000000bd254fff]
2026-05-28T17:00:34.289045+00:00 loadgen-djd4 kernel:   node   0: [mem 0x00000000bd260000-0x00000000bf8ecfff]
2026-05-28T17:00:34.289046+00:00 loadgen-djd4 kernel:   node   0: [mem 0x00000000bfbff000-0x00000000bffdffff]
2026-05-28T17:00:34.289046+00:00 loadgen-djd4 kernel:   node   0: [mem 0x0000000100000000-0x000000103fffffff]
2026-05-28T17:00:34.289047+00:00 loadgen-djd4 kernel: Initmem setup node 0 [mem 0x0000000000001000-0x000000103fffffff]
2026-05-28T17:00:34.289047+00:00 loadgen-djd4 kernel: On node 0, zone DMA: 1 pages in unavailable ranges
2026-05-28T17:00:34.289050+00:00 loadgen-djd4 kernel: On node 0, zone DMA: 11 pages in unavailable ranges
2026-05-28T17:00:34.289051+00:00 loadgen-djd4 kernel: On node 0, zone DMA: 104 pages in unavailable ranges
2026-05-28T17:00:34.289051+00:00 loadgen-djd4 kernel: On node 0, zone DMA32: 11 pages in unavailable ranges
2026-05-28T17:00:34.289052+00:00 loadgen-djd4 kernel: On node 0, zone DMA32: 786 pages in unavailable ranges
2026-05-28T17:00:34.289052+00:00 loadgen-djd4 kernel: On node 0, zone Normal: 32 pages in unavailable ranges
2026-05-28T17:00:34.289053+00:00 loadgen-djd4 kernel: ACPI: PM-Timer IO Port: 0xb008
2026-05-28T17:00:34.289053+00:00 loadgen-djd4 kernel: ACPI: LAPIC_NMI (acpi_id[0xff] dfl dfl lint[0x1])
2026-05-28T17:00:34.289047+00:00 loadgen-djd4 systemd[1]: modprobe@nvme_fabrics.service: Deactivated successfully.
2026-05-28T17:00:34.289056+00:00 loadgen-djd4 kernel: IOAPIC[0]: apic_id 0, version 17, address 0xfec00000, GSI 0-23
2026-05-28T17:00:34.289057+00:00 loadgen-djd4 kernel: ACPI: INT_SRC_OVR (bus 0 bus_irq 5 global_irq 5 high level)
2026-05-28T17:00:34.289058+00:00 loadgen-djd4 kernel: ACPI: INT_SRC_OVR (bus 0 bus_irq 9 global_irq 9 high level)
2026-05-28T17:00:34.289058+00:00 loadgen-djd4 kernel: ACPI: INT_SRC_OVR (bus 0 bus_irq 10 global_irq 10 high level)
2026-05-28T17:00:34.289058+00:00 loadgen-djd4 kernel: ACPI: INT_SRC_OVR (bus 0 bus_irq 11 global_irq 11 high level)
2026-05-28T17:00:34.289059+00:00 loadgen-djd4 kernel: ACPI: Using ACPI (MADT) for SMP configuration information
2026-05-28T17:00:34.289058+00:00 loadgen-djd4 systemd[1]: Finished modprobe@nvme_fabrics.service - Load Kernel Module nvme_fabrics.
2026-05-28T17:00:34.289062+00:00 loadgen-djd4 kernel: CPU topo: Max. logical packages:   1
2026-05-28T17:00:34.289063+00:00 loadgen-djd4 kernel: CPU topo: Max. logical dies:       1
2026-05-28T17:00:34.289063+00:00 loadgen-djd4 kernel: CPU topo: Max. dies per package:   1
2026-05-28T17:00:34.289064+00:00 loadgen-djd4 kernel: CPU topo: Max. threads per core:   2
2026-05-28T17:00:34.289064+00:00 loadgen-djd4 kernel: CPU topo: Num. cores per package:    12
2026-05-28T17:00:34.289064+00:00 loadgen-djd4 systemd[1]: Finished systemd-modules-load.service - Load Kernel Modules.
2026-05-28T17:00:34.289069+00:00 loadgen-djd4 systemd-fsck[312]: cloudimg-rootfs: clean, 172421/6422528 files, 2125360/12844795 blocks
2026-05-28T17:00:34.289130+00:00 loadgen-djd4 kernel: CPU topo: Num. threads per package:  24
2026-05-28T17:00:34.289131+00:00 loadgen-djd4 kernel: CPU topo: Allowing 24 present CPUs plus 0 hotplug CPUs
2026-05-28T17:00:34.289135+00:00 loadgen-djd4 kernel: PM: hibernation: Registered nosave memory: [mem 0x00000000-0x00000fff]
2026-05-28T17:00:34.289135+00:00 loadgen-djd4 kernel: PM: hibernation: Registered nosave memory: [mem 0x00055000-0x0005ffff]
2026-05-28T17:00:34.289135+00:00 loadgen-djd4 kernel: PM: hibernation: Registered nosave memory: [mem 0x00098000-0x000fffff]
2026-05-28T17:00:34.289136+00:00 loadgen-djd4 kernel: PM: hibernation: Registered nosave memory: [mem 0xbd255000-0xbd25ffff]
2026-05-28T17:00:34.289136+00:00 loadgen-djd4 kernel: PM: hibernation: Registered nosave memory: [mem 0xbf8ed000-0xbfbfefff]
2026-05-28T17:00:34.289137+00:00 loadgen-djd4 kernel: PM: hibernation: Registered nosave memory: [mem 0xbffe0000-0xffffffff]
2026-05-28T17:00:34.289140+00:00 loadgen-djd4 kernel: [mem 0xc0000000-0xffffffff] available for PCI devices
2026-05-28T17:00:34.289140+00:00 loadgen-djd4 kernel: Booting paravirtualized kernel on KVM
2026-05-28T17:00:34.289141+00:00 loadgen-djd4 kernel: clocksource: refined-jiffies: mask: 0xffffffff max_cycles: 0xffffffff, max_idle_ns: 1910969940391419 ns
2026-05-28T17:00:34.289141+00:00 loadgen-djd4 kernel: setup_percpu: NR_CPUS:8192 nr_cpumask_bits:24 nr_cpu_ids:24 nr_node_ids:1
2026-05-28T17:00:34.289142+00:00 loadgen-djd4 kernel: percpu: Embedded 84 pages/cpu s221184 r8192 d114688 u524288
2026-05-28T17:00:34.289142+00:00 loadgen-djd4 kernel: pcpu-alloc: s221184 r8192 d114688 u524288 alloc=1*2097152
2026-05-28T17:00:34.289145+00:00 loadgen-djd4 kernel: pcpu-alloc: [0] 00 01 02 03 [0] 04 05 06 07 
2026-05-28T17:00:34.289146+00:00 loadgen-djd4 kernel: pcpu-alloc: [0] 08 09 10 11 [0] 12 13 14 15 
2026-05-28T17:00:34.289146+00:00 loadgen-djd4 kernel: pcpu-alloc: [0] 16 17 18 19 [0] 20 21 22 23 
2026-05-28T17:00:34.289147+00:00 loadgen-djd4 kernel: kvm-guest: PV spinlocks enabled
2026-05-28T17:00:34.289147+00:00 loadgen-djd4 kernel: PV qspinlock hash table entries: 256 (order: 0, 4096 bytes, linear)
2026-05-28T17:0         Starting [0;1;39mplymouth-quit.service[0m - Terminate Plymouth Boot Screen...
0:34.289148+00:00 loadgen-djd4 kernel: Kernel command line: BOOT_IMAGE=/vmlinuz-6.17.0-1016-gcp root=PARTUUID=28659dbc-d03c-4a8f-9159-2cf550c16c23 ro console=ttyS0,115200 panic=-1
2026-05-28T17:00:34.289151+00:00 loadgen-djd4 kernel: printk: log buffer data + meta data: 262144 + 917504 = 1179648 bytes
2026-05-28T17:00:34.289152+00:00 loadgen-djd4 kernel: Dentry cache hash table entries: 8388608 (order: 14, 67108864 bytes, linear)
2026-05-28T17:00:34.289152+00:00 loadgen-djd4 kernel: Inode-cache hash table entries: 4194304 (order: 13, 33554432 bytes, linear)
2026-05-28T17:00:34.289152+00:00 loadgen-djd4 kernel: software IO TLB: area num 32.
2026-05-28T17:00:34.289153+00:00 loadgen-djd4 kernel: Fallback order for Node 0: 0 
2026-05-28T17:00:34.289153+00:00 loadgen-djd4 kernel: Built 1 zonelists, mobility grouping on.  Total pages: 16776271
2026-05-28T17:00:34.289154+00:00 loadgen-djd4 kernel: Policy zone: Normal
2026-05-28T17:00:34.289157+00:00 loadgen-djd4 kernel: mem auto-init: stack:all(zero), heap alloc:on, heap free:off
2026-05-28T17:00:34.289157+00:00 loadgen-djd4 kernel: SLUB: HWalign=64, Order=0-3, MinObjects=0, CPUs=24, Nodes=1
2026-05-28T17:00:34.289158+00:00 loadgen-djd4 kernel: Kernel/User page tables isolation: enabled
2026-05-28T17:00:34.289158+00:00 loadgen-djd4 kernel: ftrace: allocating 62252 entries in 244 pages
2026-05-28T17:00:34.289159+00:00 loadgen-djd4 kernel: ftrace: allocated 244 pages with 5 groups
2026-05-28T17:00:34.289159+00:00 loadgen-djd4 kernel: rcu: Hierarchical RCU implementation.
2026-05-28T17:00:34.289162+00:00 loadgen-djd4 kernel: rcu: 	RCU restricting CPUs from NR_CPUS=8192 to nr_cpu_ids=24.
2026-05-28T17:00:34.289162+00:00 loadgen-djd4 kernel: 	Rude variant of Tasks RCU enabled.
2026-05-28T17:00:34.289163+00:00 loadgen-djd4 kernel: 	Tracing variant of Tasks RCU enabled.
2026-05-28T17:00:34.289163+00:00 loadgen-djd4 kernel: rcu: RCU calculated value of scheduler-enlistment delay is 100 jiffies.
2026-05-28T17:00:34.289164+00:00 loadgen-djd4 kernel: rcu: Adjusting geometry for rcu_fanout_leaf=16, nr_cpu_ids=24
2026-05-28T17:00:34.289164+00:00 loadgen-djd4 kernel: RCU Tasks Rude: Setting shift to 5 and lim to 1 rcu_task_cb_adjust=1 rcu_task_cpu_ids=24.
2026-05-28T17:00:34.289164+00:00 loadgen-djd4 kernel: RCU Tasks Trace: Setting shift to 5 and lim to 1 rcu_task_cb_adjust=1 rcu_task_cpu_ids=24.
2026-05-28T17:00:34.289167+00:00 loadgen-djd4 kernel: NR_IRQS: 524544, nr_irqs: 616, preallocated irqs: 16
2026-05-28T17:00:34.289168+00:00 loadgen-djd4 kernel: rcu: srcu_init: Setting srcu_struct sizes based on contention.
2026-05-28T17:00:34.289168+00:00 loadgen-djd4 kernel: Console: colour dummy device 80x25
2026-05-28T17:00:34.289169+00:00 loadgen-djd4 kernel: printk: legacy console [ttyS0] enabled
2026-05-28T17:00:34.289169+00:00 loadgen-djd4 kernel: ACPI: Core revision 20250404
2026-05-28T17:00:34.289170+00:00 loadgen-djd4 kernel: APIC: Switch to symmetric I/O mode setup
2026-05-28T17:00:34.289173+00:00 loadgen-djd4 kernel: x2apic enabled
2026-05-28T17:00:34.289173+00:00 loadgen-djd4 kernel: APIC: Switched APIC routing to: physical x2apic
2026-05-28T17:00:34.289174+00:00 loadgen-djd4 kernel: ..TIMER: vector=0x30 apic1=0 pin1=0 apic2=-1 pin2=-1
2026-05-28T17:00:34.289174+00:00 loadgen-djd4 kernel: clocksource: tsc-early: mask: 0xffffffffffffffff max_cycles: 0x212733415c7, max_idle_ns: 440795236380 ns
2026-05-28T17:00:34.289174+00:00 loadgen-djd4 kernel: Calibrating delay loop (skipped) preset value.. 4599.99 BogoMIPS (lpj=2299998)
2026-05-28T17:00:34.289175+00:00 loadgen-djd4 kernel: Last level iTLB entries: 4KB 1024, 2MB 1024, 4MB 1024
2026-05-28T17:00:34.289178+00:00 loadgen-djd4 kernel: Last level dTLB entries: 4KB 1024, 2MB 1024, 4MB 1024, 1GB 4
2026-05-28T17:00:34.289178+00:00 loadgen-djd4 kernel: mitigations: Enabled attack vectors: user_kernel, user_user, guest_host, guest_guest, SMT mitigations: auto
2026-05-28T17:00:34.289179+00:00 loadgen-djd4 kernel: Speculative Store Bypass: Mitigation: Speculative Store Bypass disabled via prctl
2026-05-28T17:00:34.289179+00:00 loadgen-djd4 kernel: Spectre V2 : Mitigation: IBRS
2026-05-28T17:00:34.289180+00:00 loadgen-djd4 kernel: RETBleed: Mitigation: IBRS
2026-05-28T17:00:34.289180+00:00 loadgen-djd4 kernel: ITS: Mitigation: Aligned branch/return thunks
2026-05-28T17:00:34.289187+00:00 loadgen-djd4 kernel: Spectre V2 : User space: Mitigation: STIBP via prctl
2026-05-28T17:00:34.289187+00:00 loadgen-djd4 kernel: MDS: Mitigation: Clear CPU buffers
2026-05-28T17:00:34.289188+00:00 loadgen-djd4 kernel: MMIO Stale Data: Vulnerable: Clear CPU buffers attempted, no microcode
2026-05-28T17:00:34.289188+00:00 loadgen-djd4 kernel: Spectre V1 : Mitigation: usercopy/swapgs barriers and __user pointer sanitization
2026-05-28T17:00:34.289188+00:00 loadgen-djd4 kernel: Spectre V2 : Spectre v2 / SpectreRSB: Filling RSB on context switch and VMEXIT
2026-05-28T17:00:34.289189+00:00 loadgen-djd4 kernel: Spectre V2 : mitigation: Enabling conditional Indirect Branch Prediction Barrier
2026-05-28T17:00:34.289189+00:00 loadgen-djd4 kernel: active return thunk: its_return_thunk
2026-05-28T17:00:34.289193+00:00 loadgen-djd4 kernel: Spectre V2 : Spectre BHI mitigation: SW BHB clearing on syscall and VM exit
2026-05-28T17:00:34.289193+00:00 loadgen-djd4 kernel: x86/fpu: Supporting XSAVE feature 0x001: 'x87 floating point registers'
2026-05-28T17:00:34.289193+00:00 loadgen-djd4 kernel: x86/fpu: Supporting XSAVE feature 0x002: 'SSE registers'
2026-05-28T17:00:34.289194+00:00 loadgen-djd4 kernel: x86/fpu: Supporting XSAVE feature 0x004: 'AVX registers'
2026-05-28T17:00:34.289194+00:00 loadgen-djd4 kernel: x86/fpu: xstate_offset[2]:  576, xstate_sizes[2]:  256
2026-05-28T17:00:34.289195+00:00 loadgen-djd4 kernel: x86/fpu: Enabled xstate features 0x7, context size is 832 bytes, using 'standard' format.
2026-05-28T17:00:34.289198+00:00 loadgen-djd4 kernel: Freeing SMP alternatives memory: 52K
2026-05-28T17:00:34.289198+00:00 loadgen-djd4 kernel: pid_max: default: 32768 minimum: 301
2026-05-28T17:00:34.289199+00:00 loadgen-djd4 kernel: LSM: initializing lsm=lockdown,capability,landlock,yama,apparmor,ima,evm
2026-05-28T17:00:34.289199+00:00 loadgen-djd4 kernel: landlock: Up and running.
2026-05-28T17:00:34.289200+00:00 loadgen-djd4 kernel: Yama: becoming mindful.
2026-05-28T17:00:34.289200+00:00 loadgen-djd4 kernel: AppArmor: AppArmor initialized
2026-05-28T17:00:34.289200+00:00 loadgen-djd4 kernel: Mount-cache hash table entries: 131072 (order: 8, 1048576 bytes, linear)
2026-05-28T17:00:34.289203+00:00 loadgen-djd4 kernel: Mountpoint-cache hash table entries: 131072 (order: 8, 1048576 bytes, linear)
2026-05-28T17:00:34.289204+00:00 loadgen-djd4 kernel: smpboot: CPU0: Intel(R) Xeon(R) CPU @ 2.30GHz (family: 0x6, model: 0x3f, stepping: 0x0)
2026-05-28T17:00:34.289204+00:00 loadgen-djd4 kernel: Performance Events: unsupported CPU family 6 model 63 no PMU driver, software events only.
2026-05-28T17:00:34.289205+00:00 loadgen-djd4 kernel: signal: max sigframe size: 1776
2026-05-28T17:00:34.289205+00:00 loadgen-djd4 kernel: rcu: Hierarchical SRCU implementation.
2026-05-28T17:00:34.289206+00:00 loadgen-djd4 kernel: rcu: 	Max phase no-delay instances is 400.
2026-05-28T17:00:34.289209+00:00 loadgen-djd4 kernel: Timer migration: 2 hierarchy levels; 8 children per group; 2 crossnode level
2026-05-28T17:00:34.289209+00:00 loadgen-djd4 kernel: NMI watchdog: Perf NMI watchdog permanently disabled
2026-05-28T17:00:34.289209+00:00 loadgen-djd4 kernel: smp: Bringing up secondary CPUs ...
2026-05-28T17:00:34.289210+00:00 loadgen-djd4 kernel: smpboot: x86: Booting SMP configuration:
2026-05-28T17:00:34.289210+00:00 loadgen-djd4 kernel: .... node  #0, CPUs:        #1  #2  #3  #4  #5  #6  #7  #8  #9 #10 #11 #12 #13 #14 #15 #16 #17 #18 #19 #20 #21 #22 #23
2026-05-28T17:00:34.289211+00:00 loadgen-djd4 kernel: MDS CPU bug present and SMT on, data leak possible. See https://www.kernel.org/doc/html/latest/admin-guide/hw-vuln/mds.html for more details.
2026-05-28T17:00:34.289214+00:00 loadgen-djd4 kernel: MMIO Stale Data CPU bug present and SMT on, data leak possible. See https://www.kernel.org/doc/html/latest/admin-gu[[0;32m  OK  [0m] Started [0;1;39mrsyslog.service[0m - System Logging Service.
ide/hw-vuln/processor_mmio_stale_data.html for more details.
2026-05-28T17:00:34.289215+00:00 loadgen-djd4 kernel: smp: Brought up 1 node, 24 CPUs
2026-05-28T17:00:34.289215+00:00 loadgen-djd4 kernel: smpboot: Total of 24 processors activated (110399.90 BogoMIPS)
2026-05-28T17:00:34.289215+00:00 loadgen-djd4 kernel: Memory: 65801468K/67105084K available (22306K kernel code, 4680K rwdata, 15684K rodata, 5416K init, 6080K bss, 1277608K reserved, 0K cma-reserved)
2026-05-28T17:00:34.289216+00:00 loadgen-djd4 kernel: devtmpfs: initialized
2026-05-28T17:00:34.289216+00:00 loadgen-djd4 kernel: x86/mm: Memory block size: 1024MB
2026-05-28T17:00:34.289224+00:00 loadgen-djd4 kernel: ACPI: PM: Registering ACPI NVS region [mem 0xbfb7f000-0xbfbfefff] (524288 bytes)
2026-05-28T17:00:34.289225+00:00 loadgen-djd4 kernel: clocksource: jiffies: mask: 0xffffffff max_cycles: 0xffffffff, max_idle_ns: 1911260446275000 ns
2026-05-28T17:00:34.289225+00:00 loadgen-djd4 kernel: posixtimers hash table entries: 16384 (order: 6, 262144 bytes, linear)
2026-05-28T17:00:34.289226+00:00 loadgen-djd4 kernel: futex hash table entries: 8192 (524288 bytes on 1 NUMA nodes, total 512 KiB, linear).
2026-05-28T17:00:34.289226+00:00 loadgen-djd4 kernel: pinctrl core: initialized pinctrl subsystem
2026-05-28T17:00:34.289227+00:00 loadgen-djd4 kernel: PM: RTC time: 17:00:17, date: 2026-05-28
2026-05-28T17:00:34.289231+00:00 loadgen-djd4 systemd[1]: Mounting sys-fs-fuse-connections.mount - FUSE Control File System...
2026-05-28T17:00:34.289237+00:00 loadgen-djd4 systemd[1]: Mounting sys-kernel-config.mount - Kernel Configuration File System...
2026-05-28T17:00:34.289242+00:00 loadgen-djd4 systemd[1]: Started systemd-fsckd.service - File System Check Daemon to report status.
2026-05-28T17:00:34.289253+00:00 loadgen-djd4 systemd[1]: systemd-repart.service - Repartition Root Disk was skipped because no trigger condition checks were met.
2026-05-28T17:00:34.289257+00:00 loadgen-djd4 systemd[1]: Starting systemd-sysctl.service - Apply Kernel Variables...
2026-05-28T17:00:34.289262+00:00 loadgen-djd4 systemd[1]: Starting systemd-tmpfiles-setup-dev-early.service - Create Static Device Nodes in /dev gracefully...
2026-05-28T17:00:34.289267+00:00 loadgen-djd4 systemd[1]: Finished lvm2-monitor.service - Monitoring of LVM2 mirrors, snapshots etc. using dmeventd or progress polling.
2026-05-28T17:00:34.289272+00:00 loadgen-djd4 systemd[1]: Finished systemd-fsck-root.service - File System Check on Root Device.
2026-05-28T17:00:34.289277+00:00 loadgen-djd4 systemd[1]: Mounted sys-fs-fuse-connections.mount - FUSE Control File System.
2026-05-28T17:00:34.289287+00:00 loadgen-djd4 systemd[1]: Mounted sys-kernel-config.mount - Kernel Configuration File System.
2026-05-28T17:00:34.289292+00:00 loadgen-djd4 systemd[1]: Starting systemd-remount-fs.service - Remount Root and Kernel File Systems...
2026-05-28T17:00:34.289296+00:00 loadgen-djd4 systemd[1]: Finished systemd-sysctl.service - Apply Kernel Variables.
2026-05-28T17:00:34.289300+00:00 loadgen-djd4 kernel: NET: Registered PF_NETLINK/PF_ROUTE protocol family
2026-05-28T17:00:34.289301+00:00 loadgen-djd4 kernel: DMA: preallocated 4096 KiB GFP_KERNEL pool for atomic allocations
2026-05-28T17:00:34.289301+00:00 loadgen-djd4 kernel: DMA: preallocated 4096 KiB GFP_KERNEL|GFP_DMA pool for atomic allocations
2026-05-28T17:00:34.289302+00:00 loadgen-djd4 kernel: DMA: preallocated 4096 KiB GFP_KERNEL|GFP_DMA32 pool for atomic allocations
2026-05-28T17:00:34.289302+00:00 loadgen-djd4 kernel: audit: initializing netlink subsys (disabled)
2026-05-28T17:00:34.289301+00:00 loadgen-djd4 systemd[1]: Finished systemd-tmpfiles-setup-dev-early.service - Create Static Device Nodes in /dev gracefully.
2026-05-28T17:00:34.289303+00:00 loadgen-djd4 kernel: audit: type=2000 audit(1779987617.217:1): state=initialized audit_enabled=0 res=1
2026-05-28T17:00:34.289304+00:00 loadgen-djd4 kernel: thermal_sys: Registered thermal governor 'fair_share'
2026-05-28T17:00:34.289309+00:00 loadgen-djd4 kernel: thermal_sys: Registered thermal governor 'bang_bang'
2026-05-28T17:00:34.289309+00:00 loadgen-djd4 kernel: thermal_sys: Registered thermal governor 'step_wise'
2026-05-28T17:00:34.289310+00:00 loadgen-djd4 kernel: thermal_sys: Registered thermal governor 'user_space'
2026-05-28T17:00:34.289310+00:00 loadgen-djd4 kernel: thermal_sys: Registered thermal governor 'power_allocator'
2026-05-28T17:00:34.289311+00:00 loadgen-djd4 kernel: cpuidle: using governor ladder
2026-05-28T17:00:34.289311+00:00 loadgen-djd4 kernel: cpuidle: using governor menu
[[0;32m  OK  [0m] Started [0;1;39mcontainerd.service[0m - containerd container runtime.
