2026-05-28 10:16:26,111 DEBUG    root            Loaded Command Group: ['gcloud', 'compute']
2026-05-28 10:16:26,113 DEBUG    root            Loaded Command Group: ['gcloud', 'compute', 'instances']
2026-05-28 10:16:26,115 DEBUG    root            Loaded Command Group: ['gcloud', 'compute', 'instances', 'get_serial_port_output']
2026-05-28 10:16:26,117 DEBUG    root            Running [gcloud.compute.instances.get-serial-port-output] with arguments: [--zone: "us-central1-f", INSTANCE_NAME: "loadgen-x5r4"]
2026-05-28 10:16:26,120 DEBUG    root            On GCE from memory cache: False
2026-05-28 10:16:26,123 DEBUG    root            On GCE from memory cache: False
2026-05-28 10:16:26,291 DEBUG    urllib3.connectionpool Starting new HTTPS connection (1): compute.googleapis.com:443
2026-05-28 10:16:26,555 DEBUG    urllib3.connectionpool https://compute.googleapis.com:443 "GET /compute/v1/projects/env-integration-fenway/zones/us-central1-f/instances/loadgen-x5r4/serialPort?alt=json&port=1 HTTP/1.1" 200 None
2026-05-28 10:16:26,583 DEBUG    root            Chosen display Format:value[no-quote](contents)
2026-05-28 10:16:26,584 INFO     root            Display format: "value[no-quote](contents)"
2026-05-28 10:16:26,602 INFO     ___FILE_ONLY___ [2J[01;01H[=3h[2J[01;01H[2J[01;01H[=3h[2J[01;01HCSM BBS Table full.
BdsDxe: loading Boot0003 "Ubuntu" from PciRoot(0x0)/Pci(0x3,0x0)/Scsi(0x1,0x0)/HD(15,GPT,EE7C6507-6DCC-473C-9895-1E0F2DCF5E00,0x2800,0x35000)/\EFI\ubuntu\shimx64.efi
BdsDxe: starting Boot0003 "Ubuntu" from PciRoot(0x0)/Pci(0x3,0x0)/Scsi(0x1,0x0)/HD(15,GPT,EE7C6507-6DCC-473C-9895-1E0F2DCF5E00,0x2800,0x35000)/\EFI\ubuntu\shimx64.efi

UEFI: Attempting to start image.
Description: Ubuntu
FilePath: PciRoot(0x0)/Pci(0x3,0x0)/Scsi(0x1,0x0)/HD(15,GPT,EE7C6507-6DCC-473C-9895-1E0F2DCF5E00,0x2800,0x35000)/\EFI\ubuntu\shimx64.efi
OptionNumber: 3.

[H[J[1;1HGRUB_FORCE_PARTUUID set, attempting initrdless boot.
[    0.000000] Linux version 6.17.0-1016-gcp (buildd@lcy02-amd64-028) (x86_64-linux-gnu-gcc-13 (Ubuntu 13.3.0-6ubuntu2~24.04.1) 13.3.0, GNU ld (GNU Binutils for Ubuntu) 2.42) #17~24.04.1-Ubuntu SMP Thu May  7 15:12:38 UTC 2026 (Ubuntu 6.17.0-1016.17~24.04.1-gcp 6.17.13)
[    0.000000] Command line: BOOT_IMAGE=/vmlinuz-6.17.0-1016-gcp root=PARTUUID=28659dbc-d03c-4a8f-9159-2cf550c16c23 ro console=ttyS0,115200 panic=-1
[    0.000000] KERNEL supported cpus:
[    0.000000]   Intel GenuineIntel
[    0.000000]   AMD AuthenticAMD
[    0.000000]   Hygon HygonGenuine
[    0.000000]   Centaur CentaurHauls
[    0.000000]   zhaoxin   Shanghai  
[    0.000000] x86/CPU: Model not found in latest microcode list
[    0.000000] BIOS-provided physical RAM map:
[    0.000000] BIOS-e820: [mem 0x0000000000000000-0x0000000000000fff] reserved
[    0.000000] BIOS-e820: [mem 0x0000000000001000-0x0000000000054fff] usable
[    0.000000] BIOS-e820: [mem 0x0000000000055000-0x000000000005ffff] reserved
[    0.000000] BIOS-e820: [mem 0x0000000000060000-0x0000000000097fff] usable
[    0.000000] BIOS-e820: [mem 0x0000000000098000-0x000000000009ffff] reserved
[    0.000000] BIOS-e820: [mem 0x0000000000100000-0x00000000bd254fff] usable
[    0.000000] BIOS-e820: [mem 0x00000000bd255000-0x00000000bd25ffff] ACPI data
[    0.000000] BIOS-e820: [mem 0x00000000bd260000-0x00000000bf8ecfff] usable
[    0.000000] BIOS-e820: [mem 0x00000000bf8ed000-0x00000000bfb6cfff] reserved
[    0.000000] BIOS-e820: [mem 0x00000000bfb6d000-0x00000000bfb7efff] ACPI data
[    0.000000] BIOS-e820: [mem 0x00000000bfb7f000-0x00000000bfbfefff] ACPI NVS
[    0.000000] BIOS-e820: [mem 0x00000000bfbff000-0x00000000bffdffff] usable
[    0.000000] BIOS-e820: [mem 0x00000000bffe0000-0x00000000bfffffff] reserved
[    0.000000] BIOS-e820: [mem 0x0000000100000000-0x000000103fffffff] usable
[    0.000000] NX (Execute Disable) protection: active
[    0.000000] APIC: Static calls initialized
[    0.000000] efi: EFI v2.7 by EDK II
[    0.000000] efi: TPMFinalLog=0xbfbf7000 ACPI=0xbfb7e000 ACPI 2.0=0xbfb7e014 SMBIOS=0xbf9ca000 MEMATTR=0xbd260018 MOKvar=0xbf9c8000 RNG=0xbfb72018 TPMEventLog=0xbd255018 
[    0.000000] random: crng init done
[    0.000000] SMBIOS 2.4 present.
[    0.000000] DMI: Google Google Compute Engine/Google Compute Engine, BIOS Google 04/21/2026
[    0.000000] DMI: Memory slots populated: 4/4
[    0.000000] secureboot: Secure boot disabled
[    0.000000] Hypervisor detected: KVM
[    0.000000] last_pfn = 0xbffe0 max_arch_pfn = 0x400000000
[    0.000000] kvm-clock: Using msrs 4b564d01 and 4b564d00
[    0.000001] kvm-clock: using sched offset of 14925717281 cycles
[    0.000003] clocksource: kvm-clock: mask: 0xffffffffffffffff max_cycles: 0x1cd42e4dffb, max_idle_ns: 881590591483 ns
[    0.000006] tsc: Detected 2299.998 MHz processor
[    0.000093] last_pfn = 0x1040000 max_arch_pfn = 0x400000000
[    0.000132] MTRR map: 3 entries (2 fixed + 1 variable; max 18), built from 8 variable MTRRs
[    0.000136] x86/PAT: Configuration [0-7]: WB  WC  UC- UC  WB  WP  UC- WT  
[    0.000182] last_pfn = 0xbffe0 max_arch_pfn = 0x400000000
[    0.016805] Using GB pages for direct mapping
[    0.017310] secureboot: Secure boot disabled
[    0.017313] ACPI: Early table checksum verification disabled
[    0.017317] ACPI: RSDP 0x00000000BFB7E014 000024 (v02 Google)
[    0.017322] ACPI: XSDT 0x00000000BFB7D0E8 00005C (v01 Google GOOGFACP 00000001      01000013)
[    0.017330] ACPI: FACP 0x00000000BFB78000 0000F4 (v02 Google GOOGFACP 00000001 GOOG 00000001)
[    0.017338] ACPI: DSDT 0x00000000BFB79000 001A64 (v01 Google GOOGDSDT 00000001 GOOG 00000001)
[    0.017344] ACPI: FACS 0x00000000BFBF1000 000040
[    0.017348] ACPI: SSDT 0x00000000BFB7C000 000316 (v02 GOOGLE Tpm2Tabl 00001000 INTL 20250807)
[    0.017353] ACPI: TPM2 0x00000000BFB7B000 000034 (v04 GOOGLE          00000001 GOOG 00000001)
[    0.017358] ACPI: SRAT 0x00000000BFB77000 000228 (v03 Google GOOGSRAT 00000001 GOOG 00000001)
[    0.017363] ACPI: APIC 0x00000000BFB76000 000126 (v05 Google GOOGAPIC 00000001 GOOG 00000001)
[    0.017368] ACPI: SSDT 0x00000000BFB74000 0011D6 (v01 Google GOOGSSDT 00000001 GOOG 00000001)
[    0.017373] ACPI: WAET 0x00000000BFB73000 000028 (v01 Google GOOGWAET 00000001 GOOG 00000001)
[    0.017377] ACPI: Reserving FACP table memory at [mem 0xbfb78000-0xbfb780f3]
[    0.017378] ACPI: Reserving DSDT table memory at [mem 0xbfb79000-0xbfb7aa63]
[    0.017379] ACPI: Reserving FACS table memory at [mem 0xbfbf1000-0xbfbf103f]
[    0.017380] ACPI: Reserving SSDT table memory at [mem 0xbfb7c000-0xbfb7c315]
[    0.017381] ACPI: Reserving TPM2 table memory at [mem 0xbfb7b000-0xbfb7b033]
[    0.017382] ACPI: Reserving SRAT table memory at [mem 0xbfb77000-0xbfb77227]
[    0.017383] ACPI: Reserving APIC table memory at [mem 0xbfb76000-0xbfb76125]
[    0.017384] ACPI: Reserving SSDT table memory at [mem 0xbfb74000-0xbfb751d5]
[    0.017385] ACPI: Reserving WAET table memory at [mem 0xbfb73000-0xbfb73027]
[    0.017535] ACPI: SRAT: Node 0 PXM 0 [mem 0x00000000-0x0009ffff]
[    0.017538] ACPI: SRAT: Node 0 PXM 0 [mem 0x00100000-0xbfffffff]
[    0.017539] ACPI: SRAT: Node 0 PXM 0 [mem 0x100000000-0x103fffffff]
[    0.017544] NUMA: Node 0 [mem 0x00001000-0x0009ffff] + [mem 0x00100000-0xbfffffff] -> [mem 0x00001000-0xbfffffff]
[    0.017546] NUMA: Node 0 [mem 0x00001000-0xbfffffff] + [mem 0x100000000-0x103fffffff] -> [mem 0x00001000-0x103fffffff]
[    0.017559] NODE_DATA(0) allocated [mem 0x103ffd52c0-0x103fffffff]
[    0.017865] Zone ranges:
[    0.017866]   DMA      [mem 0x0000000000001000-0x0000000000ffffff]
[    0.017868]   DMA32    [mem 0x0000000001000000-0x00000000ffffffff]
[    0.017869]   Normal   [mem 0x0000000100000000-0x000000103fffffff]
[    0.017871]   Device   empty
[    0.017872] Movable zone start for each node
[    0.017874] Early memory node ranges
[    0.017875]   node   0: [mem 0x0000000000001000-0x0000000000054fff]
[    0.017877]   node   0: [mem 0x0000000000060000-0x0000000000097fff]
[    0.017878]   node   0: [mem 0x0000000000100000-0x00000000bd254fff]
[    0.017879]   node   0: [mem 0x00000000bd260000-0x00000000bf8ecfff]
[    0.017880]   node   0: [mem 0x00000000bfbff000-0x00000000bffdffff]
[    0.017881]   node   0: [mem 0x0000000100000000-0x000000103fffffff]
[    0.017887] Initmem setup node 0 [mem 0x0000000000001000-0x000000103fffffff]
[    0.017961] On node 0, zone DMA: 1 pages in unavailable ranges
[    0.017963] On node 0, zone DMA: 11 pages in unavailable ranges
[    0.017991] On node 0, zone DMA: 104 pages in unavailable ranges
[    0.023358] On node 0, zone DMA32: 11 pages in unavailable ranges
[    0.023374] On node 0, zone DMA32: 786 pages in unavailable ranges
[    0.133661] On node 0, zone Normal: 32 pages in unavailable ranges
[    0.134303] ACPI: PM-Timer IO Port: 0xb008
[    0.134328] ACPI: LAPIC_NMI (acpi_id[0xff] dfl dfl lint[0x1])
[    0.134409] IOAPIC[0]: apic_id 0, version 17, address 0xfec00000, GSI 0-23
[    0.134414] ACPI: INT_SRC_OVR (bus 0 bus_irq 5 global_irq 5 high level)
[    0.134417] ACPI: INT_SRC_OVR (bus 0 bus_irq 9 global_irq 9 high level)
[    0.134419] ACPI: INT_SRC_OVR (bus 0 bus_irq 10 global_irq 10 high level)
[    0.134420] ACPI: INT_SRC_OVR (bus 0 bus_irq 11 global_irq 11 high level)
[    0.134427] ACPI: Using ACPI (MADT) for SMP configuration information
[    0.134433] CPU topo: Max. logical packages:   1
[    0.134434] CPU topo: Max. logical dies:       1
[    0.134435] CPU topo: Max. dies per package:   1
[    0.134440] CPU topo: Max. threads per core:   2
[    0.134441] CPU topo: Num. cores per package:    12
[    0.134442] CPU topo: Num. threads per package:  24
[    0.134442] CPU topo: Allowing 24 present CPUs plus 0 hotplug CPUs
[    0.134470] PM: hibernation: Registered nosave memory: [mem 0x00000000-0x00000fff]
[    0.134472] PM: hibernation: Registered nosave memory: [mem 0x00055000-0x0005ffff]
[    0.134474] PM: hibernation: Registered nosave memory: [mem 0x00098000-0x000fffff]
[    0.134476] PM: hibernation: Registered nosave memory: [mem 0xbd255000-0xbd25ffff]
[    0.134478] PM: hibernation: Registered nosave memory: [mem 0xbf8ed000-0xbfbfefff]
[    0.134480] PM: hibernation: Registered nosave memory: [mem 0xbffe0000-0xffffffff]
[    0.134482] [mem 0xc0000000-0xffffffff] available for PCI devices
[    0.134483] Booting paravirtualized kernel on KVM
[    0.134486] clocksource: refined-jiffies: mask: 0xffffffff max_cycles: 0xffffffff, max_idle_ns: 1910969940391419 ns
[    0.134494] setup_percpu: NR_CPUS:8192 nr_cpumask_bits:24 nr_cpu_ids:24 nr_node_ids:1
[    0.136342] percpu: Embedded 84 pages/cpu s221184 r8192 d114688 u524288
[    0.136406] kvm-guest: PV spinlocks enabled
[    0.136409] PV qspinlock hash table entries: 256 (order: 0, 4096 bytes, linear)
[    0.136413] Kernel command line: BOOT_IMAGE=/vmlinuz-6.17.0-1016-gcp root=PARTUUID=28659dbc-d03c-4a8f-9159-2cf550c16c23 ro console=ttyS0,115200 panic=-1
[    0.136480] printk: log buffer data + meta data: 262144 + 917504 = 1179648 bytes
[    0.143434] Dentry cache hash table entries: 8388608 (order: 14, 67108864 bytes, linear)
[    0.146913] Inode-cache hash table entries: 4194304 (order: 13, 33554432 bytes, linear)
[    0.147604] software IO TLB: area num 32.
[    0.161336] Fallback order for Node 0: 0 
[    0.161341] Built 1 zonelists, mobility grouping on.  Total pages: 16776271
[    0.161343] Policy zone: Normal
[    0.161351] mem auto-init: stack:all(zero), heap alloc:on, heap free:off
[    0.318175] SLUB: HWalign=64, Order=0-3, MinObjects=0, CPUs=24, Nodes=1
[    0.318234] Kernel/User page tables isolation: enabled
[    0.330688] ftrace: allocating 62252 entries in 244 pages
[    0.330690] ftrace: allocated 244 pages with 5 groups
[    0.331020] rcu: Hierarchical RCU implementation.
[    0.331022] rcu: 	RCU restricting CPUs from NR_CPUS=8192 to nr_cpu_ids=24.
[    0.331023] 	Rude variant of Tasks RCU enabled.
[    0.331024] 	Tracing variant of Tasks RCU enabled.
[    0.331025] rcu: RCU calculated value of scheduler-enlistment delay is 100 jiffies.
[    0.331026] rcu: Adjusting geometry for rcu_fanout_leaf=16, nr_cpu_ids=24
[    0.331046] RCU Tasks Rude: Setting shift to 5 and lim to 1 rcu_task_cb_adjust=1 rcu_task_cpu_ids=24.
[    0.331049] RCU Tasks Trace: Setting shift to 5 and lim to 1 rcu_task_cb_adjust=1 rcu_task_cpu_ids=24.
[    0.335151] NR_IRQS: 524544, nr_irqs: 616, preallocated irqs: 16
[    0.335483] rcu: srcu_init: Setting srcu_struct sizes based on contention.
[    0.335627] Console: colour dummy device 80x25
[    0.335699] printk: legacy console [ttyS0] enabled
[    0.479856] ACPI: Core revision 20250404
[    0.480592] APIC: Switch to symmetric I/O mode setup
[    0.482010] x2apic enabled
[    0.485699] APIC: Switched APIC routing to: physical x2apic
[    0.491532] ..TIMER: vector=0x30 apic1=0 pin1=0 apic2=-1 pin2=-1
[    0.492674] clocksource: tsc-early: mask: 0xffffffffffffffff max_cycles: 0x212733415c7, max_idle_ns: 440795236380 ns
[    0.494748] Calibrating delay loop (skipped) preset value.. 4599.99 BogoMIPS (lpj=2299998)
[    0.496076] Last level iTLB entries: 4KB 1024, 2MB 1024, 4MB 1024
[    0.496747] Last level dTLB entries: 4KB 1024, 2MB 1024, 4MB 1024, 1GB 4
[    0.497766] mitigations: Enabled attack vectors: user_kernel, user_user, guest_host, guest_guest, SMT mitigations: auto
[    0.498749] Speculative Store Bypass: Mitigation: Speculative Store Bypass disabled via prctl
[    0.499747] Spectre V2 : Mitigation: IBRS
[    0.500746] RETBleed: Mitigation: IBRS
[    0.501379] ITS: Mitigation: Aligned branch/return thunks
[    0.501746] Spectre V2 : User space: Mitigation: STIBP via prctl
[    0.502747] MDS: Mitigation: Clear CPU buffers
[    0.503747] MMIO Stale Data: Vulnerable: Clear CPU buffers attempted, no microcode
[    0.504746] Spectre V1 : Mitigation: usercopy/swapgs barriers and __user pointer sanitization
[    0.505749] Spectre V2 : Spectre v2 / SpectreRSB: Filling RSB on context switch and VMEXIT
[    0.506748] Spectre V2 : mitigation: Enabling conditional Indirect Branch Prediction Barrier
[    0.507753] active return thunk: its_return_thunk
[    0.508407] Spectre V2 : Spectre BHI mitigation: SW BHB clearing on syscall and VM exit
[    0.508762] x86/fpu: Supporting XSAVE feature 0x001: 'x87 floating point registers'
[    0.509747] x86/fpu: Supporting XSAVE feature 0x002: 'SSE registers'
[    0.510747] x86/fpu: Supporting XSAVE feature 0x004: 'AVX registers'
[    0.511664] x86/fpu: xstate_offset[2]:  576, xstate_sizes[2]:  256
[    0.511747] x86/fpu: Enabled xstate features 0x7, context size is 832 bytes, using 'standard' format.
[    0.570826] Freeing SMP alternatives memory: 52K
[    0.571640] pid_max: default: 32768 minimum: 301
[    0.571847] LSM: initializing lsm=lockdown,capability,landlock,yama,apparmor,ima,evm
[    0.572764] landlock: Up and running.
[    0.573441] Yama: becoming mindful.
[    0.573800] AppArmor: AppArmor initialized
[    0.574993] Mount-cache hash table entries: 131072 (order: 8, 1048576 bytes, linear)
[    0.576890] Mountpoint-cache hash table entries: 131072 (order: 8, 1048576 bytes, linear)
[    0.680544] smpboot: CPU0: Intel(R) Xeon(R) CPU @ 2.30GHz (family: 0x6, model: 0x3f, stepping: 0x0)
[    0.681041] Performance Events: unsupported CPU family 6 model 63 no PMU driver, software events only.
[    0.681821] signal: max sigframe size: 1776
[    0.682785] rcu: Hierarchical SRCU implementation.
[    0.683547] rcu: 	Max phase no-delay instances is 400.
[    0.683818] Timer migration: 2 hierarchy levels; 8 children per group; 2 crossnode level
[    0.687033] NMI watchdog: Perf NMI watchdog permanently disabled
[    0.688050] smp: Bringing up secondary CPUs ...
[    0.688921] smpboot: x86: Booting SMP configuration:
[    0.689749] .... node  #0, CPUs:        #1  #2  #3  #4  #5  #6  #7  #8  #9 #10 #11 #12 #13 #14 #15 #16 #17 #18 #19 #20 #21 #22 #23
[    0.701091] MDS CPU bug present and SMT on, data leak possible. See https://www.kernel.org/doc/html/latest/admin-guide/hw-vuln/mds.html for more details.
[    0.702748] MMIO Stale Data CPU bug present and SMT on, data leak possible. See https://www.kernel.org/doc/html/latest/admin-guide/hw-vuln/processor_mmio_stale_data.html for more details.
[    0.709915] smp: Brought up 1 node, 24 CPUs
[    0.710752] smpboot: Total of 24 processors activated (110399.90 BogoMIPS)
[    0.714193] Memory: 65801776K/67105084K available (22306K kernel code, 4680K rwdata, 15684K rodata, 5416K init, 6080K bss, 1277600K reserved, 0K cma-reserved)
[    0.717333] devtmpfs: initialized
[    0.717829] x86/mm: Memory block size: 1024MB
[    0.721069] ACPI: PM: Registering ACPI NVS region [mem 0xbfb7f000-0xbfbfefff] (524288 bytes)
[    0.721869] clocksource: jiffies: mask: 0xffffffff max_cycles: 0xffffffff, max_idle_ns: 1911260446275000 ns
[    0.723804] posixtimers hash table entries: 16384 (order: 6, 262144 bytes, linear)
[    0.724878] futex hash table entries: 8192 (524288 bytes on 1 NUMA nodes, total 512 KiB, linear).
[    0.725927] pinctrl core: initialized pinctrl subsystem
[    0.726998] PM: RTC time: 17:15:59, date: 2026-05-28
[    0.729445] NET: Registered PF_NETLINK/PF_ROUTE protocol family
[    0.731553] DMA: preallocated 4096 KiB GFP_KERNEL pool for atomic allocations
[    0.732892] DMA: preallocated 4096 KiB GFP_KERNEL|GFP_DMA pool for atomic allocations
[    0.734471] DMA: preallocated 4096 KiB GFP_KERNEL|GFP_DMA32 pool for atomic allocations
[    0.734761] audit: initializing netlink subsys (disabled)
[    0.735798] audit: type=2000 audit(1779988559.306:1): state=initialized audit_enabled=0 res=1
[    0.736816] thermal_sys: Registered thermal governor 'fair_share'
[    0.737747] thermal_sys: Registered thermal governor 'bang_bang'
[    0.738748] thermal_sys: Registered thermal governor 'step_wise'
[    0.739748] thermal_sys: Registered thermal governor 'user_space'
[    0.740748] thermal_sys: Registered thermal governor 'power_allocator'
[    0.741762] cpuidle: using governor ladder
[    0.743754] cpuidle: using governor menu
[    0.744868] acpiphp: ACPI Hot Plug PCI Controller Driver version: 0.5
[    0.746837] PCI: Using configuration type 1 for base access
[    0.747852] kprobes: kprobe jump-optimization is enabled. All kprobes are optimized if possible.
[    0.749854] HugeTLB: registered 1.00 GiB page size, pre-allocated 0 pages
[    0.750749] HugeTLB: 16380 KiB vmemmap can be freed for a 1.00 GiB page
[    0.751752] HugeTLB: registered 2.00 MiB page size, pre-allocated 0 pages
[    0.752747] HugeTLB: 28 KiB vmemmap can be freed for a 2.00 MiB page
[    0.756650] ACPI: Added _OSI(Module Device)
[    0.756748] ACPI: Added _OSI(Processor Device)
[    0.757748] ACPI: Added _OSI(Processor Aggregator Device)
[    0.763121] ACPI: 3 ACPI AML tables successfully acquired and loaded
[    0.784377] ACPI: Interpreter enabled
[    0.784766] ACPI: PM: (supports S0 S3 S4 S5)
[    0.785747] ACPI: Using IOAPIC for interrupt routing
[    0.787057] PCI: Using host bridge windows from ACPI; if necessary, use "pci=nocrs" and report a bug
[    0.787747] PCI: Ignoring E820 reservations for host bridge windows
[    0.789156] ACPI: Enabled 16 GPEs in block 00 to 0F
[    0.796965] ACPI: PCI Root Bridge [PCI0] (domain 0000 [bus 00-ff])
[    0.797753] acpi PNP0A03:00: _OSC: OS supports [ASPM ClockPM Segments MSI EDR HPX-Type3]
[    0.798749] acpi PNP0A03:00: _OSC: not requesting OS control; OS requires [ExtendedConfig ASPM ClockPM MSI]
[    0.799762] acpi PNP0A03:00: fail to add MMCONFIG information, can't access extended configuration space under this bridge
[    0.802279] PCI host bridge to bus 0000:00
[    0.802753] pci_bus 0000:00: root bus resource [io  0x0000-0x0cf7 window]
[    0.803748] pci_bus 0000:00: root bus resource [io  0x0d00-0xffff window]
[    0.804748] pci_bus 0000:00: root bus resource [mem 0x000a0000-0x000bffff window]
[    0.805748] pci_bus 0000:00: root bus resource [mem 0xc0000000-0xc53fffff window]
[    0.806748] pci_bus 0000:00: root bus resource [mem 0xc5440000-0xee3fffff window]
[    0.807748] pci_bus 0000:00: root bus resource [mem 0xee440000-0xfebfefff window]
[    0.808748] pci_bus 0000:00: root bus resource [mem 0x1040000000-0x2103fffffff window]
[    0.809749] pci_bus 0000:00: root bus resource [bus 00-ff]
[    0.810825] pci 0000:00:00.0: [8086:1237] type 00 class 0x060000 conventional PCI endpoint
[    0.815540] pci 0000:00:01.0: [8086:7110] type 00 class 0x060100 conventional PCI endpoint
[    0.821952] pci 0000:00:01.3: [8086:7113] type 00 class 0x068000 conventional PCI endpoint
[    0.827918] pci 0000:00:01.3: quirk: [io  0xb000-0xb03f] claimed by PIIX4 ACPI
[    0.829859] pci 0000:00:03.0: [1af4:1004] type 00 class 0x000000 conventional PCI endpoint
[    0.838771] pci 0000:00:03.0: BAR 0 [io  0xc040-0xc07f]
[    0.839763] pci 0000:00:03.0: BAR 1 [mem 0xc1001000-0xc100107f]
[    0.841496] pci 0000:00:04.0: [10de:1eb8] type 00 class 0x030200 conventional PCI endpoint
[    0.855776] pci 0000:00:04.0: BAR 0 [mem 0xc0000000-0xc0ffffff]
[    0.856777] pci 0000:00:04.0: BAR 1 [mem 0x1040000000-0x104fffffff 64bit pref]
[    0.857775] pci 0000:00:04.0: BAR 3 [mem 0x1050000000-0x1051ffffff 64bit pref]
[    0.860193] pci 0000:00:05.0: [1af4:1000] type 00 class 0x020000 conventional PCI endpoint
[    0.868772] pci 0000:00:05.0: BAR 0 [io  0xc000-0xc03f]
[    0.869762] pci 0000:00:05.0: BAR 1 [mem 0xc1000000-0xc10003ff]
[    0.872317] pci 0000:00:06.0: [1af4:1005] type 00 class 0x00ff00 conventional PCI endpoint
[    0.880772] pci 0000:00:06.0: BAR 0 [io  0xc080-0xc09f]
[    0.881762] pci 0000:00:06.0: BAR 1 [mem 0xc1002000-0xc100203f]
[    0.895300] ACPI: PCI: Interrupt link LNKA configured for IRQ 10
[    0.896896] ACPI: PCI: Interrupt link LNKB configured for IRQ 10
[    0.898880] ACPI: PCI: Interrupt link LNKC configured for IRQ 11
[    0.900915] ACPI: PCI: Interrupt link LNKD configured for IRQ 11
[    0.902787] ACPI: PCI: Interrupt link LNKS configured for IRQ 9
[    0.907805] iommu: Default domain type: Translated
[    0.908748] iommu: DMA domain TLB invalidation policy: lazy mode
[    0.911013] SCSI subsystem initialized
[    0.911797] ACPI: bus type USB registered
[    0.912773] usbcore: registered new interface driver usbfs
[    0.913756] usbcore: registered new interface driver hub
[    0.914763] usbcore: registered new device driver usb
[    0.915776] pps_core: LinuxPPS API ver. 1 registered
[    0.916747] pps_core: Software ver. 5.3.6 - Copyright 2005-2007 Rodolfo Giometti <giometti@linux.it>
[    0.917752] PTP clock support registered
[    0.918787] EDAC MC: Ver: 3.0.0
[    0.921007] efivars: Registered efivars operations
[    0.922955] NetLabel: Initializing
[    0.923747] NetLabel:  domain hash size = 128
[    0.924747] NetLabel:  protocols = UNLABELED CIPSOv4 CALIPSO
[    0.925778] NetLabel:  unlabeled traffic allowed by default
[    0.926788] mctp: management component transport protocol core
[    0.927749] NET: Registered PF_MCTP protocol family
[    0.928783] PCI: Using ACPI for IRQ routing
[    0.930970] vgaarb: loaded
[    0.931962] clocksource: Switched to clocksource kvm-clock
[    0.934921] VFS: Disk quotas dquot_6.6.0
[    0.936436] VFS: Dquot-cache hash table entries: 512 (order 0, 4096 bytes)
[    0.939408] AppArmor: AppArmor Filesystem Enabled
[    0.941208] pnp: PnP ACPI init
[    0.943192] pnp: PnP ACPI: found 7 devices
[    0.951934] clocksource: acpi_pm: mask: 0xffffff max_cycles: 0xffffff, max_idle_ns: 2085701024 ns
[    0.955287] NET: Registered PF_INET protocol family
[    0.957526] IP idents hash table entries: 262144 (order: 9, 2097152 bytes, linear)
[    0.983975] tcp_listen_portaddr_hash hash table entries: 32768 (order: 7, 524288 bytes, linear)
[    0.987265] Table-perturb hash table entries: 65536 (order: 6, 262144 bytes, linear)
[    0.990974] TCP established hash table entries: 524288 (order: 10, 4194304 bytes, linear)
[    0.994756] TCP bind hash table entries: 65536 (order: 9, 2097152 bytes, linear)
[    0.997747] TCP: Hash tables configured (established 524288 bind 65536)
[    1.000715] MPTCP token hash table entries: 65536 (order: 9, 1572864 bytes, linear)
[    1.004061] UDP hash table entries: 32768 (order: 9, 2097152 bytes, linear)
[    1.007182] UDP-Lite hash table entries: 32768 (order: 9, 2097152 bytes, linear)
[    1.010251] NET: Registered PF_UNIX/PF_LOCAL protocol family
[    1.012423] NET: Registered PF_XDP protocol family
[    1.014166] pci_bus 0000:00: resource 4 [io  0x0000-0x0cf7 window]
[    1.016448] pci_bus 0000:00: resource 5 [io  0x0d00-0xffff window]
[    1.018699] pci_bus 0000:00: resource 6 [mem 0x000a0000-0x000bffff window]
[    1.021249] pci_bus 0000:00: resource 7 [mem 0xc0000000-0xc53fffff window]
[    1.023823] pci_bus 0000:00: resource 8 [mem 0xc5440000-0xee3fffff window]
[    1.026434] pci_bus 0000:00: resource 9 [mem 0xee440000-0xfebfefff window]
[    1.028989] pci_bus 0000:00: resource 10 [mem 0x1040000000-0x2103fffffff window]
[    1.031805] pci 0000:00:00.0: Limiting direct PCI/PCI transfers
[    1.034165] PCI: CLS 0 bytes, default 64
[    1.035753] PCI-DMA: Using software bounce buffering for IO (SWIOTLB)
[    1.038160] software IO TLB: mapped [mem 0x00000000b7f7f000-0x00000000bbf7f000] (64MB)
[    1.041206] clocksource: tsc: mask: 0xffffffffffffffff max_cycles: 0x212733415c7, max_idle_ns: 440795236380 ns
[    1.044234] clocksource: Switched to clocksource tsc
[    1.056024] Initialise system trusted keyrings
[    1.057825] Key type blacklist registered
[    1.059500] workingset: timestamp_bits=36 max_order=24 bucket_order=0
[    1.062452] squashfs: version 4.0 (2009/01/31) Phillip Lougher
[    1.064830] fuse: init (API version 7.44)
[    1.066782] integrity: Platform Keyring initialized
[    1.068642] integrity: Machine keyring initialized
[    1.085619] Key type asymmetric registered
[    1.087170] Asymmetric key parser 'x509' registered
[    1.089067] Block layer SCSI generic (bsg) driver version 0.4 loaded (major 242)
[    1.091854] io scheduler mq-deadline registered
[    1.095221] ledtrig-cpu: registered to indicate activity on CPUs
[    1.097600] input: Power Button as /devices/LNXSYSTM:00/LNXPWRBN:00/input/input0
[    1.100555] ACPI: button: Power Button [PWRF]
[    1.102152] input: Sleep Button as /devices/LNXSYSTM:00/LNXSLPBN:00/input/input1
[    1.104889] ACPI: button: Sleep Button [SLPF]
[    1.112590] ACPI: \_SB_.LNKC: Enabled at IRQ 11
[    1.114367] virtio-pci 0000:00:03.0: virtio_pci: leaving for legacy driver
[    1.124846] ACPI: \_SB_.LNKA: Enabled at IRQ 10
[    1.126548] virtio-pci 0000:00:05.0: virtio_pci: leaving for legacy driver
[    1.137787] ACPI: \_SB_.LNKB: Enabled at IRQ 10
[    1.139431] virtio-pci 0000:00:06.0: virtio_pci: leaving for legacy driver
[    1.147366] Serial: 8250/16550 driver, 32 ports, IRQ sharing enabled
[    1.172804] 00:03: ttyS0 at I/O 0x3f8 (irq = 4, base_baud = 115200) is a 16550A
[    1.198281] 00:04: ttyS1 at I/O 0x2f8 (irq = 3, base_baud = 115200) is a 16550A
[    1.223708] 00:05: ttyS2 at I/O 0x3e8 (irq = 6, base_baud = 115200) is a 16550A
[    1.249502] 00:06: ttyS3 at I/O 0x2e8 (irq = 7, base_baud = 115200) is a 16550A
[    1.254173] Linux agpgart interface v0.103
[    1.256954] tpm_tis MSFT0101:00: 2.0 TPM (device-id 0x9009, rev-id 0)
[    1.275008] loop: module loaded
[    1.279699] virtio_scsi virtio0: 1/0/0 default/read/poll queues
[    1.298483] scsi host0: Virtio SCSI HBA
[    1.299665] blk-mq: reduced tag depth to 10240
[    1.306557] Key type psk registered
[    1.306935] scsi 0:0:1:0: Direct-Access     Google   PersistentDisk   1    PQ: 0 ANSI: 6
[    1.308056] ACPI: bus type drm_connector registered
[    1.311368] tun: Universal TUN/TAP device driver, 1.6
[    1.418183] sd 0:0:1:0: Attached scsi generic sg0 type 0
[    1.418405] sd 0:0:1:0: [sda] 4194304000 512-byte logical blocks: (2.15 TB/1.95 TiB)
[    1.445662] sd 0:0:1:0: [sda] 4096-byte physical blocks
[    1.461195] sd 0:0:1:0: [sda] Write Protect is off
[    1.473191] sd 0:0:1:0: [sda] Write cache: enabled, read cache: enabled, doesn't support DPO or FUA
[    1.529607] PPP generic driver version 2.4.2
[    1.531226] i8042: PNP: PS/2 Controller [PNP0303:KBD,PNP0f13:MOU] at 0x60,0x64 irq 1,12
[    1.533378] i8042: Warning: Keylock active
[    1.536588] serio: i8042 KBD port at 0x60,0x64 irq 1
[    1.537810] serio: i8042 AUX port at 0x60,0x64 irq 12
[    1.538623] GPT:Primary header thinks Alt. header is not at the end of the disk.
[    1.539385] mousedev: PS/2 mouse device common for all mice
[    1.541095] GPT:104857599 != 4194303999
[    1.541097] GPT:Alternate GPT header not at the end of the disk.
[    1.541098] GPT:104857599 != 4194303999
[    1.542931] rtc_cmos 00:00: RTC can wake from S4
[    1.543734] GPT: Use GNU Parted to correct GPT errors.
[    1.546554] rtc_cmos 00:00: registered as rtc0
[    1.547523]  sda: sda1 sda14 sda15 sda16
[    1.548919] rtc_cmos 00:00: setting system clock to 2026-05-28T17:16:00 UTC (1779988560)
[    1.550275] sd 0:0:1:0: [sda] Attached SCSI disk
[    1.551196] rtc_cmos 00:00: alarms up to one day, 114 bytes nvram
[    1.556040] i2c_dev: i2c /dev entries driver
[    1.557180] device-mapper: core: CONFIG_IMA_DISABLE_HTABLE is disabled. Duplicate IMA measurements will not be recorded in the IMA log.
[    1.560290] device-mapper: uevent: version 1.0.3
[    1.561822] device-mapper: ioctl: 4.50.0-ioctl (2025-04-28) initialised: dm-devel@lists.linux.dev
[    1.564193] intel_pstate: CPU model not supported
[    1.565459] drop_monitor: Initializing network drop monitor service
[    1.567684] NET: Registered PF_INET6 protocol family
[    1.569810] Segment Routing with IPv6
[    1.571029] In-situ OAM (IOAM) with IPv6
[    1.572118] NET: Registered PF_PACKET protocol family
[    1.573633] Key type dns_resolver registered
[    1.579938] IPI shorthand broadcast: enabled
[    1.583513] sched_clock: Marking stable (1429003943, 154253913)->(1816413561, -233155705)
[    1.586000] registered taskstats version 1
[    1.590018] Loading compiled-in X.509 certificates
[    1.592331] Loaded X.509 cert 'Build time autogenerated kernel key: df3677b0fd73aef3c6abcf865cd8e193ddd680af'
[    1.595397] Loaded X.509 cert 'Canonical Ltd. Live Patch Signing 2025 Kmod: d541cef61dc7e793b7eb7e899970a2eef0b5dc8c'
[    1.598492] Loaded X.509 cert 'Canonical Ltd. Live Patch Signing: 14df34d1a87cf37625abec039ef2bf521249b969'
[    1.601652] Loaded X.509 cert 'Canonical Ltd. Kernel Module Signing 2025 Kmod: 4627603d2357a2a3f81006370894c221175893e9'
[    1.604700] Loaded X.509 cert 'Canonical Ltd. Kernel Module Signing: 88f752e560a1e0737e31163a466ad7b70a850c19'
[    1.607441] blacklist: Loading compiled-in revocation X.509 certificates
[    1.609147] Loaded X.509 cert 'Canonical Ltd. Secure Boot Signing: 61482aa2830d0ab2ad5af10b7250da9033ddcef0'
[    1.611909] Loaded X.509 cert 'Canonical Ltd. Secure Boot Signing (2017): 242ade75ac4a15e50d50c84b0d45ff3eae707a03'
[    1.614537] Loaded X.509 cert 'Canonical Ltd. Secure Boot Signing (ESM 2018): 365188c1d374d6b07c3c8f240f8ef722433d6a8b'
[    1.617168] Loaded X.509 cert 'Canonical Ltd. Secure Boot Signing (2019): c0746fd6c5da3ae827864651ad66ae47fe24b3e8'
[    1.619812] Loaded X.509 cert 'Canonical Ltd. Secure Boot Signing (2021 v1): a8d54bbb3825cfb94fa13c9f8a594a195c107b8d'
[    1.622783] Loaded X.509 cert 'Canonical Ltd. Secure Boot Signing (2021 v2): 4cf046892d6fd3c9a5b03f98d845f90851dc6a8c'
[    1.625317] Loaded X.509 cert 'Canonical Ltd. Secure Boot Signing (2021 v3): 100437bb6de6e469b581e61cd66bce3ef4ed53af'
[    1.627990] Loaded X.509 cert 'Canonical Ltd. Secure Boot Signing (Ubuntu Core 2019): c1d57b8f6b743f23ee41f4f7ee292f06eecadfb9'
[    1.636229] Demotion targets for Node 0: null
[    1.637661] Key type .fscrypt registered
[    1.638596] Key type fscrypt-provisioning registered
[    1.639928] Key type big_key registered
[    1.641139] Key type trusted registered
[    1.643718] Key type encrypted registered
[    1.644830] AppArmor: AppArmor sha256 policy hashing enabled
[    1.647225] integrity: Loading X.509 certificate: UEFI:db
[    1.648712] integrity: Loaded X.509 cert 'Microsoft Corporation UEFI CA 2011: 13adbf4309bd82709c8cd54f316ed522988a1bd4'
[    1.651658] integrity: Loading X.509 certificate: UEFI:db
[    1.653089] integrity: Loaded X.509 cert 'Microsoft Windows Production PCA 2011: a92902398e16c49778cd90f99e4f9ae17c55af53'
[    1.655875] integrity: Loading X.509 certificate: UEFI:db
[    1.657460] integrity: Loaded X.509 cert 'Microsoft Corporation: Windows UEFI CA 2023: aefc5fbbbe055d8f8daa585473499417ab5a5272'
[    1.660668] integrity: Loading X.509 certificate: UEFI:db
[    1.662198] integrity: Loaded X.509 cert 'Microsoft UEFI CA 2023: 81aa6b3244c935bce0d6628af39827421e32497d'
[    1.665233] integrity: Revoking X.509 certificate: UEFI:dbx
[    1.666741] blacklist: Revoked X.509 cert 'Canonical Ltd. Secure Boot Signing: 61482aa2830d0ab2ad5af10b7250da9033ddcef0'
[    1.669497] integrity: Revoking X.509 certificate: UEFI:dbx
[    1.671206] blacklist: Revoked X.509 cert 'Cisco: Virtual UEFI SubCA: 13df2e3f54ebf347dcaecebf21d3cbb2355a4c9a'
[    1.673767] integrity: Revoking X.509 certificate: UEFI:dbx
[    1.675236] blacklist: Revoked X.509 cert 'Debian Secure Boot Signer: 00a7468def'
[    1.677701] Loading compiled-in module X.509 certificates
[    1.679670] Loaded X.509 cert 'Build time autogenerated kernel key: df3677b0fd73aef3c6abcf865cd8e193ddd680af'
[    1.682460] ima: Allocated hash algorithm: sha256
[    1.712263] ima: No architecture policies found
[    1.713625] evm: Initialising EVM extended attributes:
[    1.714893] evm: security.selinux
[    1.715847] evm: security.SMACK64
[    1.716786] evm: security.SMACK64EXEC
[    1.717865] evm: security.SMACK64TRANSMUTE
[    1.718910] evm: security.SMACK64MMAP
[    1.719883] evm: security.apparmor
[    1.721153] evm: security.ima
[    1.721972] evm: security.capability
[    1.722921] evm: HMAC attrs: 0x1
[    1.724221] PM:   Magic number: 10:621:290
[    1.725500] tty tty23: hash matches
[    1.729845] RAS: Correctable Errors collector initialized.
[    1.745751] input: AT Translated Set 2 keyboard as /devices/platform/i8042/serio0/input/input2
[    1.745809] clk: Disabling unused clocks
[    1.748854] PM: genpd: Disabling unused power domains
[    1.750932] check access for rdinit=/init failed: -2, ignoring
[    1.751978] md: Waiting for all devices to be available before autodetect
[    1.752975] md: If you don't use raid, use raid=noautodetect
[    1.753889] md: Autodetecting RAID arrays.
[    1.754491] md: autorun ...
[    1.754899] md: ... autorun DONE.
[    1.763645] EXT4-fs (sda1): mounted filesystem 04c8070e-1cdf-4a86-989c-30a7ab177c9a ro with ordered data mode. Quota mode: none.
[    1.765364] VFS: Mounted root (ext4 filesystem) readonly on device 8:1.
[    1.768081] devtmpfs: mounted
[    1.770506] Freeing unused decrypted memory: 2028K
[    1.772926] Freeing unused kernel image (initmem) memory: 5416K
[    1.773994] Write protecting the kernel read-only data: 38912k
[    1.775428] Freeing unused kernel image (text/rodata gap) memory: 220K
[    1.776929] Freeing unused kernel image (rodata/data gap) memory: 700K
[    1.836970] x86/mm: Checked W+X mappings: passed, no W+X pages found.
[    1.837954] x86/mm: Checking user space page tables
[    1.894288] x86/mm: Checked W+X mappings: passed, no W+X pages found.
[    1.895351] Run /sbin/init as init process
[    2.131827] systemd[1]: Inserted module 'autofs4'
[    2.266706] systemd[1]: systemd 255.4-1ubuntu8.15 running in system mode (+PAM +AUDIT +SELINUX +APPARMOR +IMA +SMACK +SECCOMP +GCRYPT -GNUTLS +OPENSSL +ACL +BLKID +CURL +ELFUTILS +FIDO2 +IDN2 -IDN +IPTC +KMOD +LIBCRYPTSETUP +LIBFDISK +PCRE2 -PWQUALITY +P11KIT +QRENCODE +TPM2 +BZIP2 +LZ4 +XZ +ZLIB +ZSTD -BPF_FRAMEWORK -XKBCOMMON +UTMP +SYSVINIT default-hierarchy=unified)
[    2.271250] systemd[1]: Detected virtualization google.
[    2.272058] systemd[1]: Detected architecture x86-64.

Welcome to [1mUbuntu 24.04.4 LTS[0m!

[    2.278338] systemd[1]: No hostname configured, using default hostname.
[    2.279375] systemd[1]: Hostname set to <localhost>.
[    2.672380] systemd[1]: Queued start job for default target graphical.target.
[    2.697669] systemd[1]: Created slice system-modprobe.slice - Slice /system/modprobe.
[[0;32m  OK  [0m] Created slice [0;1;39msystem-modprobe.slice[0m - Slice /system/modprobe.
[    2.701716] systemd[1]: Created slice system-serial\x2dgetty.slice - Slice /system/serial-getty.
[[0;32m  OK  [0m] Created slice [0;1;39msystem-serial\x2dget…slice[0m - Slice /system/serial-getty.
[    2.706883] systemd[1]: Created slice system-systemd\x2dfsck.slice - Slice /system/systemd-fsck.
[[0;32m  OK  [0m] Created slice [0;1;39msystem-systemd\x2dfs…slice[0m - Slice /system/systemd-fsck.
[    2.711772] systemd[1]: Created slice user.slice - User and Session Slice.
[[0;32m  OK  [0m] Created slice [0;1;39muser.slice[0m - User and Session Slice.
[    2.715412] systemd[1]: Started systemd-ask-password-wall.path - Forward Password Requests to Wall Directory Watch.
[[0;32m  OK  [0m] Started [0;1;39msystemd-ask-password-wall.…[0md Requests to Wall Directory Watch.
[    2.720555] systemd[1]: Set up automount proc-sys-fs-binfmt_misc.automount - Arbitrary Executable File Formats File System Automount Point.
[[0;32m  OK  [0m] Set up automount [0;1;39mproc-sys-fs-binfm…[0mormats File System Automount Point.
[    2.725324] systemd[1]: Expecting device dev-disk-by\x2dlabel-BOOT.device - /dev/disk/by-label/BOOT...
         Expecting device [0;1;39mdev-disk-by\x2dla…device[0m - /dev/disk/by-label/BOOT...
[    2.729314] systemd[1]: Expecting device dev-disk-by\x2dlabel-UEFI.device - /dev/disk/by-label/UEFI...
         Expecting device [0;1;39mdev-disk-by\x2dla…device[0m - /dev/disk/by-label/UEFI...
[    2.733310] systemd[1]: Expecting device dev-ttyS0.device - /dev/ttyS0...
         Expecting device [0;1;39mdev-ttyS0.device[0m - /dev/ttyS0...
[    2.737335] systemd[1]: Reached target integritysetup.target - Local Integrity Protected Volumes.
[[0;32m  OK  [0m] Reached target [0;1;39mintegritysetup.targ…[0m Local Integrity Protected Volumes.
[    2.741356] systemd[1]: Reached target slices.target - Slice Units.
[[0;32m  OK  [0m] Reached target [0;1;39mslices.target[0m - Slice Units.
[    2.745325] systemd[1]: Reached target snapd.mounts-pre.target - Mounting snaps.
[[0;32m  OK  [0m] Reached target [0;1;39msnapd.mounts-pre.target[0m - Mounting snaps.
[    2.749323] systemd[1]: Reached target swap.target - Swaps.
[[0;32m  OK  [0m] Reached target [0;1;39mswap.target[0m - Swaps.
[    2.752344] systemd[1]: Reached target time-set.target - System Time Set.
[[0;32m  OK  [0m] Reached target [0;1;39mtime-set.target[0m - System Time Set.
[    2.756364] systemd[1]: Reached target veritysetup.target - Local Verity Protected Volumes.
[[0;32m  OK  [0m] Reached target [0;1;39mveritysetup.target[0m - Local Verity Protected Volumes.
[    2.760432] systemd[1]: Listening on dm-event.socket - Device-mapper event daemon FIFOs.
[[0;32m  OK  [0m] Listening on [0;1;39mdm-event.socket[0m - Device-mapper event daemon FIFOs.
[    2.764476] systemd[1]: Listening on lvm2-lvmpolld.socket - LVM2 poll daemon socket.
[[0;32m  OK  [0m] Listening on [0;1;39mlvm2-lvmpolld.socket[0m - LVM2 poll daemon socket.
[    2.768443] systemd[1]: Listening on multipathd.socket - multipathd control socket.
[[0;32m  OK  [0m] Listening on [0;1;39mmultipathd.socket[0m - multipathd control socket.
[    2.772451] systemd[1]: Listening on syslog.socket - Syslog Socket.
[[0;32m  OK  [0m] Listening on [0;1;39msyslog.socket[0m - Syslog Socket.
[    2.776426] systemd[1]: Listening on systemd-fsckd.socket - fsck to fsckd communication Socket.
[[0;32m  OK  [0m] Listening on [0;1;39msystemd-fsckd.socket[0m …fsck to fsckd communication Socket.
[    2.780393] systemd[1]: Listening on systemd-initctl.socket - initctl Compatibility Named Pipe.
[[0;32m  OK  [0m] Listening on [0;1;39msystemd-initctl.socke…[0m- initctl Compatibility Named Pipe.
[    2.785470] systemd[1]: Listening on systemd-journald-dev-log.socket - Journal Socket (/dev/log).
[[0;32m  OK  [0m] Listening on [0;1;39msystemd-journald-dev-…socket[0m - Journal Socket (/dev/log).
[    2.790527] systemd[1]: Listening on systemd-journald.socket - Journal Socket.
[[0;32m  OK  [0m] Listening on [0;1;39msystemd-journald.socket[0m - Journal Socket.
[    2.794534] systemd[1]: Listening on systemd-networkd.socket - Network Service Netlink Socket.
[[0;32m  OK  [0m] Listening on [0;1;39msystemd-networkd.socket[0m - Network Service Netlink Socket.
[    2.799354] systemd[1]: systemd-pcrextend.socket - TPM2 PCR Extension (Varlink) was skipped because of an unmet condition check (ConditionSecurity=measured-uki).
[    2.802190] systemd[1]: Listening on systemd-udevd-control.socket - udev Control Socket.
[[0;32m  OK  [0m] Listening on [0;1;39msystemd-udevd-control.socket[0m - udev Control Socket.
[    2.806473] systemd[1]: Listening on systemd-udevd-kernel.socket - udev Kernel Socket.
[[0;32m  OK  [0m] Listening on [0;1;39msystemd-udevd-kernel.socket[0m - udev Kernel Socket.
[    2.828366] systemd[1]: Mounting dev-hugepages.mount - Huge Pages File System...
         Mounting [0;1;39mdev-hugepages.mount[0m - Huge Pages File System...
[    2.833393] systemd[1]: Mounting dev-mqueue.mount - POSIX Message Queue File System...
         Mounting [0;1;39mdev-mqueue.mount[0m - POSIX Message Queue File System...
[    2.838376] systemd[1]: Mounting sys-kernel-debug.mount - Kernel Debug File System...
         Mounting [0;1;39msys-kernel-debug.mount[0m - Kernel Debug File System...
[    2.843285] systemd[1]: Mounting sys-kernel-tracing.mount - Kernel Trace File System...
         Mounting [0;1;39msys-kernel-tracing.mount[0m - Kernel Trace File System...
[    2.851113] systemd[1]: Starting systemd-journald.service - Journal Service...
         Starting [0;1;39msystemd-journald.service[0m - Journal Service...
[    2.857492] systemd[1]: Starting keyboard-setup.service - Set the console keyboard layout...
         Starting [0;1;39mkeyboard-setup.service[0m - Set the console keyboard layout...
[    2.862546] systemd[1]: Starting kmod-static-nodes.service - Create List of Static Device Nodes...
         Starting [0;1;39mkmod-static-nodes.service[0m…eate List of Static Device Nodes...
[    2.866463] systemd[1]: Starting lvm2-monitor.service - Monitoring of LVM2 mirrors, snapshots etc. using dmeventd or progress polling...
         Starting [0;1;39mlvm2-monitor.service[0m - Mo…ing dmeventd or progress polling...
[    2.872340] systemd[1]: Starting modprobe@configfs.service - Load Kernel Module configfs...
         Starting [0;1;39mmodprobe@configfs.service[0m - Load Kernel Module configfs...
[    2.875992] systemd-journald[287]: Collecting audit messages is disabled.
[    2.878247] systemd[1]: Starting modprobe@dm_mod.service - Load Kernel Module dm_mod...
         Starting [0;1;39mmodprobe@dm_mod.service[0m - Load Kernel Module dm_mod...
[    2.883522] systemd[1]: Starting modprobe@drm.service - Load Kernel Module drm...
         Starting [0;1;39mmodprobe@drm.service[0m - Load Kernel Module drm...
[    2.888350] systemd[1]: Starting modprobe@efi_pstore.service - Load Kernel Module efi_pstore...
         Starting [0;1;39mmodprobe@efi_pstore.servi…[0m - Load Kernel Module efi_pstore...
[    2.892428] systemd[1]: Starting modprobe@fuse.service - Load Kernel Module fuse...
         Starting [0;1;39mmodprobe@fuse.service[0m - Load Kernel Module fuse...
[    2.897678] systemd[1]: Starting modprobe@loop.service - Load Kernel Module loop...
[    2.897760] pstore: Using crash dump compression: deflate
         Starting [0;1;39mmodprobe@loop.service[0m - Load Kernel Module loop...
[    2.903390] systemd[1]: Starting modprobe@nvme_fabrics.service - Load Kernel Module nvme_fabrics...
         Starting [0;1;39mmodprobe@nvme_fabrics.ser…[0m Load Kernel Module nvme_fabrics...
[    2.907046] systemd[1]: netplan-ovs-cleanup.service - OpenVSwitch configuration for cleanup was skipped because of an unmet condition check (ConditionFileIsExecutable=/usr/bin/ovs-vsctl).
[    2.907628] pstore: Registered efi_pstore as persistent store backend
[    2.910867] systemd[1]: Starting systemd-fsck-root.service - File System Check on Root Device...
         Starting [0;1;39msystemd-fsck-root.service[0m…File System Check on Root Device...
[    2.917928] systemd[1]: Starting systemd-modules-load.service - Load Kernel Modules...
         Starting [0;1;39msystemd-modules-load.service[0m - Load Kernel Modules...
[    2.922347] systemd[1]: systemd-pcrmachine.service - TPM2 PCR Machine ID Measurement was skipped because of an unmet condition check (ConditionSecurity=measured-uki).
[    2.924498] systemd[1]: systemd-tpm2-setup-early.service - TPM2 SRK Setup (Early) was skipped because of an unmet condition check (ConditionSecurity=measured-uki).
[    2.927858] systemd[1]: Starting systemd-udev-trigger.service - Coldplug All udev Devices...
         Starting [0;1;39msystemd-udev-trigger.service[0m - Coldplug All udev Devices...
[    2.930718] systemd[1]: Started systemd-journald.service - Journal Service.
[[0;32m  OK  [0m] Started [0;1;39msystemd-journald.service[0m - Journal Service.
[[0;32m  OK  [0m] Mounted [0;1;39mdev-hugepages.mount[0m - Huge Pages File System.
[[0;32m  OK  [0m] Mounted [0;1;39mdev-mqueue.mount[0m - POSIX Message Queue File System.
[[0;32m  OK  [0m] Mounted [0;1;39msys-kernel-debug.mount[0m - Kernel Debug File System.
[[0;32m  OK  [0m] Mounted [0;1;39msys-kernel-tracing.mount[0m - Kernel Trace File System.
[[0;32m  OK  [0m] Finished [0;1;39mkeyboard-setup.service[0m - Set the console keyboard layout.
[[0;32m  OK  [0m] Finished [0;1;39mkmod-static-nodes.service[0m…Create List of Static Device Nodes.
[[0;32m  OK  [0m] Finished [0;1;39mmodprobe@configfs.service[0m - Load Kernel Module configfs.
[[0;32m  OK  [0m] Finished [0;1;39mmodprobe@dm_mod.service[0m - Load Kernel Module dm_mod.
[[0;32m  OK  [0m] Finished [0;1;39mmodprobe@drm.service[0m - Load Kernel Module drm.
[[0;32m  OK  [0m] Finished [0;1;39mmodprobe@efi_pstore.service[0m - Load Kernel Module efi_pstore.
[[0;32m  OK  [0m] Finished [0;1;39mmodprobe@fuse.service[0m - Load Kernel Module fuse.
[[0;32m  OK  [0m] Finished [0;1;39mmodprobe@loop.service[0m - Load Kernel Module loop.
[[0;32m  OK  [0m] Finished [0;1;39mmodprobe@nvme_fabrics.ser…[0m - Load Kernel Module nvme_fabrics.
[[0;32m  OK  [0m] Finished [0;1;39msystemd-modules-load.service[0m - Load Kernel Modules.
         Mounting [0;1;39msys-fs-fuse-connections.mount[0m - FUSE Control File System...
         Mounting [0;1;39msys-kernel-config.mount[0m - Kernel Configuration File System...
[[0;32m  OK  [0m] Started [0;1;39msystemd-fsckd.service[0m - Fi…stem Check Daemon to report status.
         Starting [0;1;39msystemd-sysctl.service[0m - Apply Kernel Variables...
         Starting [0;1;39msystemd-tmpfiles-setup-de…[0m Device Nodes in /dev gracefully...
[[0;32m  OK  [0m] Finished [0;1;39msystemd-fsck-root.service[0m - File System Check on Root Device.
[[0;32m  OK  [0m] Mounted [0;1;39msys-fs-fuse-connections.mount[0m - FUSE Control File System.
[[0;32m  OK  [0m] Mounted [0;1;39msys-kernel-config.mount[0m - Kernel Configuration File System.
         Starting [0;1;39msystemd-remount-fs.servic…[0munt Root and Kernel File Systems...
[[0;32m  OK  [0m] Finished [0;1;39msystemd-sysctl.service[0m - Apply Kernel Variables.
[[0;32m  OK  [0m] Finished [0;1;39mlvm2-monitor.service[0m - Mo…using dmeventd or progress polling.
[[0;32m  OK  [0m] Finished [0;1;39msystemd-tmpfiles-setup-de…[0mic Device Nodes in /dev gracefully.
[[0;32m  OK  [0m] Finished [0;1;39msystemd-remount-fs.servic…[0mmount Root and Kernel File Systems.
         Starting [0;1;39mmultipathd.service[0m - Devi…pper Multipath Device Controller...
         Starting [0;1;39msystemd-journal-flush.ser…[0msh Journal to Persistent Storage...
         Starting [0;1;39msystemd-random-seed.service[0m - Load/Save OS Random Seed...
         Starting [0;1;39msystemd-tmpfiles-setup-de…[0meate Static Device Nodes in /dev...
[[0;32m  OK  [0m] Finished [0;1;39msystemd-random-seed.service[0m - Load/Save OS Random Seed.
[[0;32m  OK  [0m] Finished [0;1;39msystemd-tmpfiles-setup-de…[0mCreate Static Device Nodes in /dev.
         Starting [0;1;39msystemd-udevd.service[0m - R…ager for Device Events and Files...
[[0;32m  OK  [0m] Finished [0;1;39msystemd-udev-trigger.service[0m - Coldplug All udev Devices.
[[0;32m  OK  [0m] Started [0;1;39mmultipathd.service[0m - Devic…Mapper Multipath Device Controller.
[[0;32m  OK  [0m] Started [0;1;39msystemd-udevd.service[0m - Ru…anager for Device Events and Files.
[[0;32m  OK  [0m] Reached target [0;1;39mlocal-fs-pre.target[0m…Preparation for Local File Systems.
         Mounting [0;1;39msnap-core24-1643.mount[0m - …t unit for core24, revision 1643...
         Mounting [0;1;39msnap-google\x2dcloud\x2dc…[0mr google-cloud-cli, revision 458...
         Mounting [0;1;39msnap-snapd-26865.mount[0m - …t unit for snapd, revision 26865...
[[0;32m  OK  [0m] Started [0;1;39msystemd-ask-password-conso…[0mequests to Console Directory Watch.
[[0;32m  OK  [0m] Reached target [0;1;39mcryptsetup.target[0m - Local Encrypted Volumes.
[[0;32m  OK  [0m] Finished [0;1;39msystemd-journal-flush.ser…[0mlush Journal to Persistent Storage.
[[0;32m  OK  [0m] Mounted [0;1;39msnap-core24-1643.mount[0m - Mount unit for core24, revision 1643.
[[0;32m  OK  [0m] Mounted [0;1;39msnap-google\x2dcloud\x2dcl…[0mfor google-cloud-cli, revision 458.
[[0;32m  OK  [0m] Mounted [0;1;39msnap-snapd-26865.mount[0m - Mount unit for snapd, revision 26865.
[[0;32m  OK  [0m] Found device [0;1;39mdev-ttyS0.device[0m - /dev/ttyS0.
[[0;32m  OK  [0m] Found device [0;1;39mdev-disk-by\x2dlabel-UEFI.device[0m - PersistentDisk UEFI.
[[0;32m  OK  [0m] Found device [0;1;39mdev-disk-by\x2dlabel-BOOT.device[0m - PersistentDisk BOOT.
[[0;32m  OK  [0m] Reached target [0;1;39msnapd.mounts.target[0m - Mounted snaps.
[[0;32m  OK  [0m] Listening on [0;1;39msystemd-rfkill.socket[0m…ll Switch Status /dev/rfkill Watch.
[    3.533901] 
         Starting [0;1;39msystemd-fsck@dev-disk-by\…[0mCheck on /dev/disk/by-label/BOOT...
         Starting [0;1;39msystemd-fsck@dev-disk-by\…[0mCheck on /dev/disk/by-label/UEFI...
Checking in progress on 1 disk (0.0% complete)[[0;32m  OK  [0m] Finished [0;1;39msystemd-fsck@dev-disk-by\…[0mm Check on /dev/disk/by-label/BOOT.
Checking in progress on 0 disks (100.0% complete)[[0;32m  OK  [0m] Finished [0;1;39msystemd-fsck@dev-disk-by\…[0mm Check on /dev/disk/by-label/UEFI.
         Mounting [0;1;39mboot.mount[0m - /boot...
[[0;32m  OK  [0m] Mounted [0;1;39mboot.mount[0m - /boot.
         Mounting [0;1;39mboot-efi.mount[0m - /boot/efi...
[[0;32m  OK  [0m] Mounted [0;1;39mboot-efi.mount[0m - /boot/efi.
[[0;32m  OK  [0m] Reached target [0;1;39mlocal-fs.target[0m - Local File Systems.
[[0;32m  OK  [0m] Listening on [0;1;39msystemd-sysext.socket[0m…tension Image Management (Varlink).
         Starting [0;1;39mapparmor.service[0m - Load AppArmor profiles...
         Starting [0;1;39mconsole-setup.service[0m - Set console font and keymap...
         Starting [0;1;39mfinalrd.service[0m - Create …time dir for shutdown pivot root...
         Starting [0;1;39mplymouth-read-write.servi…[0mymouth To Write Out Runtime Data...
         Starting [0;1;39msystemd-binfmt.service[0m - Set Up Additional Binary Formats...
         Starting [0;1;39msystemd-tmpfiles-setup.se…[0me Volatile Files and Directories...
         Starting [0;1;39mufw.service[0m - Uncomplicated firewall...
[[0;32m  OK  [0m] Finished [0;1;39mconsole-setup.service[0m - Set console font and keymap.
[[0;32m  OK  [0m] Finished [0;1;39mfinalrd.service[0m - Create …untime dir for shutdown pivot root.
[[0;32m  OK  [0m] Finished [0;1;39mplymouth-read-write.servi…[0mPlymouth To Write Out Runtime Data.
[[0;32m  OK  [0m] Finished [0;1;39mapparmor.service[0m - Load AppArmor profiles.
[[0;32m  OK  [0m] Finished [0;1;39mufw.service[0m - Uncomplicated firewall.
[[0;32m  OK  [0m] Finished [0;1;39msystemd-tmpfiles-setup.se…[0mate Volatile Files and Directories.
         Mounting [0;1;39mproc-sys-fs-binfmt_misc.m…[0mcutable File Formats File System...
         Starting [0;1;39mmodprobe@dm_mod.service[0m - Load Kernel Module dm_mod...
         Starting [0;1;39mmodprobe@efi_pstore.servi…[0m - Load Kernel Module efi_pstore...
         Starting [0;1;39mmodprobe@loop.service[0m - Load Kernel Module loop...
         Starting [0;1;39msnapd.apparmor.service[0m - …iles managed internally by snapd...
         Starting [0;1;39msystemd-resolved.service[0m - Network Name Resolution...
         Starting [0;1;39msystemd-update-utmp.servi…[0mord System Boot/Shutdown in UTMP...
         Starting [0;1;39mcloud-init-local.service[0m …-init: Local Stage (pre-network)...
[[0;32m  OK  [0m] Mounted [0;1;39mproc-sys-fs-binfmt_misc.mo…[0mxecutable File Formats File System.
[[0;32m  OK  [0m] Finished [0;1;39mmodprobe@dm_mod.service[0m - Load Kernel Module dm_mod.
[[0;32m  OK  [0m] Finished [0;1;39msystemd-binfmt.service[0m - Set Up Additional Binary Formats.
[[0;32m  OK  [0m] Finished [0;1;39mmodprobe@efi_pstore.service[0m - Load Kernel Module efi_pstore.
[[0;32m  OK  [0m] Finished [0;1;39mmodprobe@loop.service[0m - Load Kernel Module loop.
[[0;32m  OK  [0m] Finished [0;1;39msystemd-update-utmp.servi…[0mecord System Boot/Shutdown in UTMP.
[[0;32m  OK  [0m] Finished [0;1;39msnapd.apparmor.service[0m - …ofiles managed internally by snapd.
[[0;32m  OK  [0m] Started [0;1;39msystemd-resolved.service[0m - Network Name Resolution.
[[0;32m  OK  [0m] Reached target [0;1;39mnss-lookup.target[0m - Host and Network Name Lookups.
[    5.876550] cloud-init[712]: Cloud-init v. 25.3-0ubuntu1~24.04.1 running 'init-local' at Thu, 28 May 2026 17:16:04 +0000. Up 5.85 seconds.
         Starting [0;1;39mmodprobe@dm_mod.service[0m - Load Kernel Module dm_mod...
         Starting [0;1;39mmodprobe@efi_pstore.servi…[0m - Load Kernel Module efi_pstore...
         Starting [0;1;39mmodprobe@loop.service[0m - Load Kernel Module loop...
[[0;32m  OK  [0m] Finished [0;1;39mmodprobe@dm_mod.service[0m - Load Kernel Module dm_mod.
[[0;32m  OK  [0m] Finished [0;1;39mmodprobe@efi_pstore.service[0m - Load Kernel Module efi_pstore.
[[0;32m  OK  [0m] Finished [0;1;39mmodprobe@loop.service[0m - Load Kernel Module loop.
         Starting [0;1;39mmodprobe@dm_mod.service[0m - Load Kernel Module dm_mod...
         Starting [0;1;39mmodprobe@efi_pstore.servi…[0m - Load Kernel Module efi_pstore...
         Starting [0;1;39mmodprobe@loop.service[0m - Load Kernel Module loop...
[[0;32m  OK  [0m] Finished [0;1;39mmodprobe@dm_mod.service[0m - Load Kernel Module dm_mod.
[[0;32m  OK  [0m] Finished [0;1;39mmodprobe@efi_pstore.service[0m - Load Kernel Module efi_pstore.
[[0;32m  OK  [0m] Finished [0;1;39mmodprobe@loop.service[0m - Load Kernel Module loop.
[[0;32m  OK  [0m] Finished [0;1;39mcloud-init-local.service[0m …ud-init: Local Stage (pre-network).
[[0;32m  OK  [0m] Reached target [0;1;39mnetwork-pre.target[0m - Preparation for Network.
         Starting [0;1;39msystemd-networkd.service[0m - Network Configuration...
[[0;32m  OK  [0m] Started [0;1;39msystemd-networkd.service[0m - Network Configuration.
[[0;32m  OK  [0m] Reached target [0;1;39mnetwork.target[0m - Network.
         Starting [0;1;39msystemd-networkd-wait-onl…[0mait for Network to be Configured...
[[0;32m  OK  [0m] Finished [0;1;39msystemd-networkd-wait-onl…[0m Wait for Network to be Configured.
         Starting [0;1;39mcloud-init.service[0m - Cloud-init: Network Stage...
[   10.610539] cloud-init[809]: Cloud-init v. 25.3-0ubuntu1~24.04.1 running 'init' at Thu, 28 May 2026 17:16:09 +0000. Up 10.59 seconds.
[   10.625161] cloud-init[809]: ci-info: +++++++++++++++++++++++++++++++++++++++Net device info+++++++++++++++++++++++++++++++++++++++
[   10.638167] cloud-init[809]: ci-info: +--------+------+----------------------------+-----------------+--------+-------------------+
[   10.652123] cloud-init[809]: ci-info: | Device |  Up  |          Address           |       Mask      | Scope  |     Hw-Address    |
[   10.665207] cloud-init[809]: ci-info: +--------+------+----------------------------+-----------------+--------+-------------------+
[   10.679192] cloud-init[809]: ci-info: |  ens5  | True |       10.128.15.228        | 255.255.255.255 | global | 42:01:0a:80:0f:e4 |
[   10.693220] cloud-init[809]: ci-info: |  ens5  | True | fe80::4001:aff:fe80:fe4/64 |        .        |  link  | 42:01:0a:80:0f:e4 |
[   10.707218] cloud-init[809]: ci-info: |   lo   | True |         127.0.0.1          |    255.0.0.0    |  host  |         .         |
[   10.720214] cloud-init[809]: ci-info: |   lo   | True |          ::1/128           |        .        |  host  |         .         |
[   10.734223] cloud-init[809]: ci-info: +--------+------+----------------------------+-----------------+--------+-------------------+
[   10.747112] cloud-init[809]: ci-info: +++++++++++++++++++++++++++++++Route IPv4 info++++++++++++++++++++++++++++++++
[   10.759216] cloud-init[809]: ci-info: +-------+-----------------+------------+-----------------+-----------+-------+
[   10.772220] cloud-init[809]: ci-info: | Route |   Destination   |  Gateway   |     Genmask     | Interface | Flags |
[   10.785118] cloud-init[809]: ci-info: +-------+-----------------+------------+-----------------+-----------+-------+
[   10.798229] cloud-init[809]: ci-info: |   0   |     0.0.0.0     | 10.128.0.1 |     0.0.0.0     |    ens5   |   UG  |
[   10.810128] cloud-init[809]: ci-info: |   1   |    10.128.0.1   |  0.0.0.0   | 255.255.255.255 |    ens5   |   UH  |
[   10.822219] cloud-init[809]: ci-info: |   2   | 169.254.169.254 | 10.128.0.1 | 255.255.255.255 |    ens5   |  UGH  |
[   10.834241] cloud-init[809]: ci-info: +-------+-----------------+------------+-----------------+-----------+-------+
[   10.847204] cloud-init[809]: ci-info: +++++++++++++++++++Route IPv6 info+++++++++++++++++++
[   10.856128] cloud-init[809]: ci-info: +-------+-------------+---------+-----------+-------+
[   10.866156] cloud-init[809]: ci-info: | Route | Destination | Gateway | Interface | Flags |
[   10.877159] cloud-init[809]: ci-info: +-------+-------------+---------+-----------+-------+
[   10.887105] cloud-init[809]: ci-info: |   0   |  fe80::/64  |    ::   |    ens5   |   U   |
[   10.898194] cloud-init[809]: ci-info: |   2   |    local    |    ::   |    ens5   |   U   |
[   10.909138] cloud-init[809]: ci-info: |   3   |  multicast  |    ::   |    ens5   |   U   |
[   10.918109] cloud-init[809]: ci-info: +-------+-------------+---------+-----------+-------+
[   16.074925] cloud-init[809]: Generating public/private rsa key pair.
[   16.082141] cloud-init[809]: Your identification has been saved in /etc/ssh/ssh_host_rsa_key
[   16.092287] cloud-init[809]: Your public key has been saved in /etc/ssh/ssh_host_rsa_key.pub
[   16.103176] cloud-init[809]: The key fingerprint is:
[   16.110161] cloud-init[809]: SHA256:p9KDYys8VXii2iI1/6Lq9YswwFwlEjrUA0EP4aB+K74 root@loadgen-x5r4
[   16.121227] cloud-init[809]: The key's randomart image is:
[[0;32m  OK  [0m] Finished [0;1;39mcloud-init.service[0m - Cloud-init: Network Stage.
[   16.128251] cloud-init[809]: +---[RSA 3072]----+
[[0;32m  OK  [0m] Reached target [0;1;39mcloud-config.target[0m - Cloud-config availability.
[   16.144208] cloud-init[809]: |oX*. .           |
[[0;32m  OK  [0m] Reached target [0;1;39mnetwork-online.target[0m - Network is Online.
[[0;32m  OK  [0m] Reached target [0;1;39msysinit.target[0m - System Initialization.
[   16.159227] cloud-init[809]: |* +oo            |
[   16.182133] cloud-init[809]: |+. o.  .         |
[   16.188136] cloud-init[809]: |+..   o o        |
[   16.195114] cloud-init[809]: |.+ . . +S .      |
[[0;32m  OK  [0m] Started [0;1;39mnvidia-cdi-refresh.path[0m - …r toolkit install / upgrade events.
[   16.201135] cloud-init[809]: |. + o .o o       |
[   16.217116] cloud-init[809]: | = O .= +        |
[[0;32m  OK  [0m] Started [0;1;39mgce-workload-cert-refresh.…[0mWorkload Certificate refresh timer.
[   16.217201] cloud-init[809]: |o B X. + .       |
[[0;32m  OK  [0m] Started [0;1;39mgoogle-oslogin-cache.timer[0m - NSS cache refresh timer.
[[0;32m  OK  [0m] Started [0;1;39msystemd-tmpfiles-clean.tim…[0my Cleanup of Temporary Directories.
[   16.234222] cloud-init[809]: |oEo+ B+          |
[[0;32m  OK  [0m] Started [0;1;39mupdate-notifier-download.t…[0mhat failed at package install time.
[   16.266136] cloud-init[809]: +----[SHA256]-----+
[[0;32m  OK  [0m] Reached target [0;1;39mpaths.target[0m - Path Units.
[   16.282146] cloud-init[809]: Generating public/private ecdsa key pair.
[[0;32m  OK  [0m] Listening on [0;1;39mcloud-init-hotplugd.s…t[0m - cloud-init hotplug hook socket.
[   16.297140] cloud-init[809]: Your identification has been saved in /etc/ssh/ssh_host_ecdsa_key
[   16.318105] cloud-init[809]: Your public key has been saved in /etc/ssh/ssh_host_ecdsa_key.pub
[[0;32m  OK  [0m] Listening on [0;1;39mdbus.socket[0m - D-Bus System Message Bus Socket.
[   16.318194] cloud-init[809]: The key fingerprint is:
         Starting [0;1;39mdocker.socket[0m - Docker Socket for the API...
[   16.344121] cloud-init[809]: SHA256:ud00aRnVbE/iAuhJjrAmedQOGGSrGJdZI2eUEdjT2z4 root@loadgen-x5r4
[   16.362147] cloud-init[809]: The key's randomart image is:
[   16.370093] cloud-init[809]: +---[ECDSA 256]---+
[[0;32m  OK  [0m] Listening on [0;1;39miscsid.socket[0m - Open-iSCSI iscsid Socket.
[   16.370179] cloud-init[809]: | .=*O*   .    .o |
         Starting [0;1;39mlxd-installer.socket[0m - He…er to install lxd snap on demand...
[   16.390119] cloud-init[809]: | .oOB.o o .  .. =|
         Starting [0;1;39msnapd.socket[0m - Socket activation for snappy daemon...
[   16.405123] cloud-init[809]: |. =o * B . ... +.|
[[0;32m  OK  [0m] Listening on [0;1;39mssh.socket[0m - OpenBSD Secure Shell server socket.
[   16.419123] cloud-init[809]: |.+o + + =.  .+. .|
[[0;32m  OK  [0m] Listening on [0;1;39muuidd.socket[0m - UUID daemon activation socket.
[   16.434112] cloud-init[809]: |o  +   .S   *.   |
[[0;32m  OK  [0m] Finished [0;1;39mblk-availability.service[0m - Availability of block devices.
[   16.449125] cloud-init[809]: |        Eo + .   |
[[0;32m  OK  [0m] Listening on [0;1;39mdocker.socket[0m - Docker Socket for the API.
[   16.464239] cloud-init[809]: |        ... .    |
[[0;32m  OK  [0m] Listening on [0;1;39mlxd-installer.socket[0m …lper to install lxd snap on demand.
[   16.477245] cloud-init[809]: |                 |
[[0;32m  OK  [0m] Listening on [0;1;39msnapd.socket[0m - Socket activation for snappy daemon.
[   16.493261] cloud-init[809]: |                 |
[[0;32m  OK  [0m] Reached target [0;1;39msockets.target[0m - Socket Units.
[   16.509112] cloud-init[809]: +----[SHA256]-----+
[[0;32m  OK  [0m] Reached target [0;1;39mbasic.target[0m - Basic System.
[   16.522211] cloud-init[809]: Generating public/private ed25519 key pair.
[   16.539199] cloud-init[809]: Your identification has been saved in /etc/ssh/ssh_host_ed25519_key
[   16.539286] cloud-init[809]: Your public key has been saved in /etc/ssh/ssh_host_ed25519_key.pub
         Starting [0;1;39mchrony.service[0m - chrony, an NTP client/server...
[   16.559139] cloud-init[809]: The key fingerprint is:
         Starting [0;1;39mcloud-config.service[0m - Cloud-init: Config Stage...
[   16.575128] cloud-init[809]: SHA256:CyF6z+RWNLzGu4Z+9D/7BPAldG3CfvLd7hrJWhFmYl0 root@loadgen-x5r4
[   16.575191] cloud-init[809]: The key's randomart image is:
         Starting [0;1;39mdbus.service[0m - D-Bus System Message Bus...
[   16.593274] cloud-init[809]: +--[ED25519 256]--+
[[0;32m  OK  [0m] Started [0;1;39mdmesg.service[0m - Save initial kernel messages after boot.
[   16.607381] cloud-init[809]: |            ....E|
[   16.607427] cloud-init[809]: |       .   . oo.o|
[   16.607463] cloud-init[809]: |    . . + . +.*o |
         Starting [0;1;39me2scrub_reap.service[0m - Re…ne ext4 Metadata Check Snapshots...
[   16.637290] cloud-init[809]: |   . . + o + *o..|
[   16.647245] cloud-init[809]: |  . . o S   o .+o|
[   16.653227] cloud-init[809]: |   . = +.o   o o+|
         Starting [0;1;39mgce-workload-cert-refresh…[0mGCE Workload Certificate refresh...
[   16.665139] cloud-init[809]: |      =oo.    *. |
[[0;32m  OK  [0m] Started [0;1;39mgoogle-osconfig-agent.service[0m - Google OSConfig Agent.
[   16.679162] cloud-init[809]: |     .. o.. .+ ..|
[   16.679217] cloud-init[809]: |     ..o.  .++oo.|
         Starting [0;1;39mgoogle-oslogin-cache.service[0m - NSS cache refresh...
[   16.694205] cloud-init[809]: +----[SHA256]-----+
         Starting [0;1;39mgrub-common.service[0m - Record successful boot for GRUB...
         Starting [0;1;39mnetworkd-dispatcher.servi…[0mcher daemon for systemd-networkd...
         Starting [0;1;39mnvidia-cdi-refresh.servic…[0msh NVIDIA CDI specification file...
         Starting [0;1;39mnvidia-persistenced.service[0m - NVIDIA Persistence Daemon...
         Starting [0;1;39mnvmf-autoconnect.service[0m …ystems automatically during boot...
         Starting [0;1;39mrsyslog.service[0m - System Logging Service...
         Starting [0;1;39msecureboot-db.service[0m - Secure Boot updates for DB and DBX...
[[0;32m  OK  [0m] Reached target [0;1;39mgetty-pre.target[0m - Preparation for Logins.
         Starting [0;1;39msnapd.seeded.service[0m - Wait until snapd is fully seeded...
         Starting [0;1;39msnapd.service[0m - Snap Daemon...
         Starting [0;1;39msysstat.service[0m - Resets System Activity Logs...
         Starting [0;1;39msystemd-logind.service[0m - User Login Management...
[[0;32m  OK  [0m] Started [0;1;39mubuntu-advantage.service[0m - Ubuntu Pro Background Auto Attach.
[[0;32m  OK  [0m] Started [0;1;39mdbus.service[0m - D-Bus System Message Bus.
[[0;32m  OK  [0m] Finished [0;1;39mgce-workload-cert-refresh…[0m- GCE Workload Certificate refresh.
[[0;32m  OK  [0m] Started [0;1;39mnetworkd-dispatcher.servic…[0matcher daemon for systemd-networkd.
[[0;32m  OK  [0m] Finished [0;1;39mgoogle-oslogin-cache.service[0m - NSS cache refresh.
[[0;32m  OK  [0m] Started [0;1;39msystemd-logind.service[0m - User Login Management.
[[0;32m  OK  [0m] Started [0;1;39mnvidia-persistenced.service[0m - NVIDIA Persistence Daemon.
[[0;32m  OK  [0m] Finished [0;1;39mnvmf-autoconnect.service[0m …bsystems automatically during boot.
[[0;32m  OK  [0m] Finished [0;1;39msysstat.service[0m - Resets System Activity Logs.
[   16.990581] cloud-init[1005]: Cloud-init v. 25.3-0ubuntu1~24.04.1 running 'modules:config' at Thu, 28 May 2026 17:16:16 +0000. Up 16.94 seconds.
[[0;32m  OK  [0m] Reached target [0;1;39mremote-fs-pre.targe…[0mreparation for Remote File Systems.
[[0;32m  OK  [0m] Reached target [0;1;39mremote-fs.target[0m - Remote File Systems.
         Starting [0;1;39mapport.service[0m - automatic crash report generation...
         Starting [0;1;39mcontainerd.service[0m - containerd container runtime...
[[0;32m  OK  [0m] Started [0;1;39mcron.service[0m - Regular background program processing daemon.
         Starting [0;1;39msystemd-hostnamed.service[0m - Hostname Service...
         Starting [0;1;39msystemd-user-sessions.service[0m - Permit User Sessions...
[[0;32m  OK  [0m] Started [0;1;39mchrony.service[0m - chrony, an NTP client/server.
[[0;32m  OK  [0m] Finished [0;1;39mgrub-common.service[0m - Record successful boot for GRUB.
[[0;32m  OK  [0m] Finished [0;1;39msystemd-user-sessions.service[0m - Permit User Sessions.
[[0;32m  OK  [0m] Reached target [0;1;39mtime-sync.target[0m - System Time Synchronized.
[[0;32m  OK  [0m] Started [0;1;39mdpkg-db-backup.timer[0m - Daily dpkg database backup timer.
2026-05-28T17:16:16.255688+00:00 loadgen-x5r4 systemd[1]: Mounted dev-hugepages.mount - Huge Pages File System.
[[0;32m  OK  [0m] Started [0;1;39me2scrub_all.timer[0m - Period…Metadata Check for All Filesystems.
[[0;32m  OK  [0m] Started [0;1;39mfstrim.timer[0m - Discard unused filesystem blocks once a week.
[[0;32m  OK  [0m] Started [0;1;39mlogrotate.timer[0m - Daily rotation of log files.
[[0;32m  OK  [0m] Started [0;1;39mman-db.timer[0m - Daily man-db regeneration.
[[0;32m  OK  [0m] Started [0;1;39mmotd-news.timer[0m - Message of the Day.
[[0;32m  OK  [0m] Started [0;1;39msysstat-collect.timer[0m - Ru…y accounting tool every 10 minutes.
[[0;32m  OK  [0m] Started [0;1;39msysstat-summary.timer[0m - Ge… of yesterday's process accounting.
[[0;32m  OK  [0m] Started [0;1;39mupdate-notifier-motd.timer[0m… a new version of Ubuntu available.
[[0;32m  OK  [0m] Reached target [0;1;39mtimers.target[0m - Timer Units.
2026-05-28T17:16:16.255867+00:00 loadgen-x5r4 systemd[1]: Mounted dev-mqueue.mount - POSIX Message Queue File System.
2026-05-28T17:16:16.255903+00:00 loadgen-x5r4 systemd[1]: Mounted sys-kernel-debug.mount - Kernel Debug File System.
2026-05-28T17:16:16.255909+00:00 loadgen-x5r4 systemd[1]: Mounted sys-kernel-tracing.mount - Kernel Trace File System.
2026-05-28T17:16:16.255913+00:00 loadgen-x5r4 systemd[1]: Finished keyboard-setup.service - Set the console keyboard layout.
2026-05-28T17:16:16.255918+00:00 loadgen-x5r4 systemd[1]: Finished kmod-static-nodes.service - Create List of Static Device Nodes.
2026-05-28T17:16:16.255923+00:00 loadgen-x5r4 systemd[1]: modprobe@configfs.service: Deactivated successfully.
2026-05-28T17:16:16.255928+00:00 loadgen-x5r4 systemd[1]: Finished modprobe@configfs.service - Load Kernel Module configfs.
2026-05-28T17:16:16.255935+00:00 loadgen-x5r4 systemd[1]: modprobe@dm_mod.service: Deactivated successfully.
2026-05-28T17:16:16.255940+00:00 loadgen-x5r4 systemd[1]: Finished modprobe@dm_mod.service - Load Kernel Module dm_mod.
2026-05-28T17:16:16.255944+00:00 loadgen-x5r4 systemd[1]: modprobe@drm.service: Deactivated successfully.
2026-05-28T17:16:16.255949+00:00 loadgen-x5r4 systemd[1]: Finished modprobe@drm.service - Load Kernel Module drm.
2026-05-28T17:16:16.255953+00:00 loadgen-x5r4 systemd[1]: modprobe@efi_pstore.service: Deactivated successfully.
2026-05-28T17:16:16.255958+00:00 loadgen-x5r4 systemd[1]: Finished modprobe@efi_pstore.service - Load Kernel Module efi_pstore.
2026-05-28T17:16:16.255965+00:00 loadgen-x5r4 systemd[1]: modprobe@fuse.service: Deactivated successfully.
2026-05-28T17:16:16.255969+00:00 loadgen-x5r4 systemd[1]: Finished modprobe@fuse.service - Load Kernel Module fuse.
2026-05-28T17:16:16.255973+00:00 loadgen-x5r4 systemd[1]: modprobe@loop.service: Deactivated successfully.
2026-05-28T17:16:16.255978+00:00 loadgen-x5r4 systemd[1]: Finished modprobe@loop.service - Load Kernel Module loop.
2026-05-28T17:16:16.255982+00:00 loadgen-x5r4 systemd[1]: modprobe@nvme_fabrics.service: Deactivated successfully.
2026-05-28T17:16:16.255987+00:00 loadgen-x5r4 systemd[1]: Finished modprobe@nvme_fabrics.service - Load Kernel Module nvme_fabrics.
2026-05-28T17:16:16.255994+00:00 loadgen-x5r4 systemd-modules-load[308]: Inserted module 'dm_multipath'
2026-05-28T17:16:16.256000+00:00 loadgen-x5r4 systemd[1]: Finished systemd-modules-load.service - Load Kernel Modules.
2026-05-28T17:16:16.256004+00:00 loadgen-x5r4 systemd[1]: Mounting sys-fs-fuse-connections.mount - FUSE Control File System...
2026-05-28T17:16:16.256009+00:00 loadgen-x5r4 systemd-fsck[312]: cloudimg-rootfs: clean, 172419/6422528 files, 2124351/12844795 blocks
2026-05-28T17:16:16.256015+00:00 loadgen-x5r4 systemd[1]: Mounting sys-kernel-config.mount - Kernel Configuration File System...
2026-05-28T17:16:16.256019+00:00 loadgen-x5r4 systemd[1]: Started systemd-fsckd.service - File System Check Daemon to report status.
2026-05-28T17:16:16.256027+00:00 loadgen-x5r4 systemd[1]: systemd-repart.service - Repartition Root Disk was skipped because no trigger condition checks were met.
2026-05-28T17:16:16.256031+00:00 loadgen-x5r4 systemd[1]: Starting systemd-sysctl.service - Apply Kernel Variables...
2026-05-28T17:16:16.256036+00:00 loadgen-x5r4 systemd[1]: Starting systemd-tmpfiles-setup-dev-early.service - Create Static Device Nodes in /dev gracefully...
2026-05-28T17:16:16.256041+00:00 loadgen-x5r4 systemd[1]: Finished systemd-fsck-root.service - File System Check on Root Device.
2026-05-28T17:16:16.256045+00:00 loadgen-x5r4 systemd[1]: Mounted sys-fs-fuse-connections.mount - FUSE Control File System.
2026-05-28T17:16:16.256050+00:00 loadgen-x5r4 systemd[1]: Mounted sys-kernel-config.mount - Kernel Configuration File System.
2026-05-28T17:16:16.256057+00:00 loadgen-x5r4 systemd[1]: Starting systemd-remount-fs.service - Remount Root and Kernel File Systems...
2026-05-28T17:16:16.256062+00:00 loadgen-x5r4 systemd[1]: Finished systemd-sysctl.service - Apply Kernel Variables.
2026-05-28T17:16:16.256067+00:00 loadgen-x5r4 systemd[1]: Finished lvm2-monitor.service - Monitoring of LVM2 mirrors, snapshots etc. using dmeventd or progress polling.
2026-05-28T17:16:16.256072+00:00 loadgen-x5r4 systemd[1]: Finished systemd-tmpfiles-setup-dev-early.service - Create Static Device Nodes in /dev gracefully.
2026-05-28T17:16:16.256076+00:00 loadgen-x5r4 systemd[1]: Finished systemd-remount-fs.service - Remount Root and Kernel File Systems.
2026-05-28T17:16:16.256084+00:00 loadgen-x5r4 systemd[1]: Starting multipathd.service - Device-Mapper Multipath Device Controller...
2026-05-28T17:16:16.256088+00:00 loadgen-x5r4 systemd[1]: systemd-hwdb-update.service - Rebuild Hardware Database was skipped because of an unmet condition check (ConditionNeedsUpdate=/etc).
2026-05-28T17:16:16.256092+00:00 loadgen-x5r4 systemd[1]: Starting systemd-journal-flush.service - Flush Journal to Persistent Storage...
2026-05-28T17:16:16.256097+00:00 loadgen-x5r4 systemd[1]: systemd-pstore.service - Platform Persistent Storage Archival was skipped because of an unmet condition check (ConditionDirectoryNotEmpty=/sys/fs/pstore).
2026-05-28T17:16:16.256101+00:00 loadgen-x5r4 systemd[1]: Starting systemd-random-seed.service - Load/Save OS Random Seed...
2026-05-28T17:16:16.256106+00:00 loadgen-x5r4 systemd[1]: systemd-sysusers.service - Create System Users was skipped because no trigger condition checks were met.
2026-05-28T17:16:16.256113+00:00 loadgen-x5r4 systemd[1]: Starting systemd-tmpfiles-setup-dev.service - Create Static Device Nodes in /dev...
2026-05-28T17:16:16.256118+00:00 loadgen-x5r4 systemd[1]: systemd-tpm2-setup.service - TPM2 SRK Setup was skipped because of an unmet condition check (ConditionSecurity=measured-uki).
2026-05-28T17:16:16.256123+00:00 loadgen-x5r4 systemd[1]: Finished systemd-random-seed.service - Load/Save OS Random Seed.
2026-05-28T17:16:16.256128+00:00 loadgen-x5r4 systemd[1]: Finished systemd-tmpfiles-setup-dev.service - Create Static Device Nodes in /dev.
2026-05-28T17:16:16.256133+00:00 loadgen-x5r4 multipathd[356]: multipathd v0.9.4: start up
2026-05-28T17:16:16.256140+00:00 loadgen-x5r4 multipathd[356]: reconfigure: setting up paths and maps
2026-05-28T17:16:16.256144+00:00 loadgen-x5r4 systemd[1]: Starting systemd-udevd.service - Rule-based Manager for Device Events and Files...
2026-05-28T17:16:16.256149+00:00 loadgen-x5r4 systemd[1]: Finished systemd-udev-trigger.service - Coldplug All udev Devices.
2026-05-28T17:16:16.256153+00:00 loadgen-x5r4 systemd-udevd[361]: Using default interface naming scheme 'v255'.
2026-05-28T17:16:16.256158+00:00 loadgen-x5r4 systemd[1]: Started multipathd.service - Device-Mapper Multipath Device Controller.
2026-05-28T17:16:16.256162+00:00 loadgen-x5r4 systemd[1]: Started systemd-udevd.service - Rule-based Manager for Device Events and Files.
2026-05-28T17:16:16.256170+00:00 loadgen-x5r4 systemd[1]: nvmefc-boot-connections.service - Auto-connect to subsystems on FC-NVME devices found during boot was skipped because of an unmet condition check (ConditionPathExists=/sys/class/fc/fc_udev_device/nvme_discovery).
2026-05-28T17:16:16.256174+00:00 loadgen-x5r4 systemd[1]: Reached target local-fs-pre.target - Preparation for Local File Systems.
2026-05-28T17:16:16.256179+00:00 loadgen-x5r4 systemd[1]: Mounting snap-core24-1643.mount - Mount unit for core24, revision 1643...
2026-05-28T17:16:16.256183+00:00 loadgen-x5r4 systemd[1]: Mounting snap-google\x2dcloud\x2dcli-458.mount - Mount unit for google-cloud-cli, revision 458...
2026-05-28T17:16:16.256188+00:00 loadgen-x5r4 systemd[1]: Mounting snap-snapd-26865.mount - Mount unit for snapd, revision 26865...
2026-05-28T17:16:16.256195+00:00 loadgen-x5r4 systemd[1]: plymouth-start.service - Show Plymouth Boot Screen was skipped because of an unmet condition check (ConditionKernelCommandLine=splash).
2026-05-28T17:16:16.256200+00:00 loadgen-x5r4 systemd[1]: Started systemd-ask-password-console.path - Dispatch Password Requests to Console Directory Watch.
2026-05-28T17:16:16.256204+00:00 loadgen-x5r4 systemd[1]: systemd-ask-password-plymouth.path - Forward Password Requests t         Starting [0;1;39mgrub-initrd-fallback.service[0m - GRUB failed boot detection...
o Plymouth Directory Watch was skipped because of an unmet condition check (ConditionPathExists=/run/plymouth/pid).
2026-05-28T17:16:16.256209+00:00 loadgen-x5r4 systemd[1]: Reached target cryptsetup.target - Local Encrypted Volumes.
2026-05-28T17:16:16.256213+00:00 loadgen-x5r4 systemd[1]: Finished systemd-journal-flush.service - Flush Journal to Persistent Storage.
2026-05-28T17:16:16.256218+00:00 loadgen-x5r4 systemd[1]: Mounted snap-core24-1643.mount - Mount unit for core24, revision 1643.
2026-05-28T17:16:16.256225+00:00 loadgen-x5r4 systemd[1]: Mounted snap-google\x2dcloud\x2dcli-458.mount - Mount unit for google-cloud-cli, revision 458.
2026-05-28T17:16:16.256230+00:00 loadgen-x5r4 systemd[1]: Mounted snap-snapd-26865.mount - Mount unit for snapd, revision 26865.
2026-05-28T17:16:16.256235+00:00 loadgen-x5r4 systemd[1]: Found device dev-ttyS0.device - /dev/ttyS0.
2026-05-28T17:16:16.256240+00:00 loadgen-x5r4 systemd[1]: Found device dev-disk-by\x2dlabel-UEFI.device - PersistentDisk UEFI.
2026-05-28T17:16:16.256245+00:00 loadgen-x5r4 systemd[1]: Found device dev-disk-by\x2dlabel-BOOT.device - PersistentDisk BOOT.
2026-05-28T17:16:16.256252+00:00 loadgen-x5r4 systemd[1]: Reached target snapd.mounts.target - Mounted snaps.
2026-05-28T17:16:16.256257+00:00 loadgen-x5r4 systemd[1]: Listening on systemd-rfkill.socket - Load/Save RF Kill Switch Status /dev/rfkill Watch.
2026-05-28T17:16:16.256261+00:00 loadgen-x5r4 systemd[1]: Starting systemd-fsck@dev-disk-by\x2dlabel-BOOT.service - File System Check on /dev/disk/by-label/BOOT...
2026-05-28T17:16:16.256266+00:00 loadgen-x5r4 systemd[1]: Starting systemd-fsck@dev-disk-by\x2dlabel-UEFI.service - File System Check on /dev/disk/by-label/UEFI...
2026-05-28T17:16:16.256271+00:00 loadgen-x5r4 systemd-fsck[506]: BOOT: clean, 600/58496 files, 25154/233728 blocks
2026-05-28T17:16:16.256277+00:00 loadgen-x5r4 systemd[1]: Finished systemd-fsck@dev-disk-by\x2dlabel-BOOT.service - File System Check on /dev/disk/by-label/BOOT.
2026-05-28T17:16:16.256287+00:00 loadgen-x5r4 systemd-fsck[508]: fsck.fat 4.2 (2021-01-31)
2026-05-28T17:16:16.256292+00:00 loadgen-x5r4 systemd-fsck[508]: /dev/sda15: 12 files, 12499/213663 clusters
2026-05-28T17:16:16.256297+00:00 loadgen-x5r4 systemd[1]: Finished systemd-fsck@dev-disk-by\x2dlabel-UEFI.service - File System Check on /dev/disk/by-label/UEFI.
2026-05-28T17:16:16.256301+00:00 loadgen-x5r4 systemd[1]: Mounting boot.mount - /boot...
2026-05-28T17:16:16.256306+00:00 loadgen-x5r4 systemd[1]: Mounted boot.mount - /boot.
2026-05-28T17:16:16.256311+00:00 loadgen-x5r4 systemd[1]: Mounting boot-efi.mount - /boot/efi...
2026-05-28T17:16:16.256318+00:00 loadgen-x5r4 systemd[1]: Mounted boot-efi.mount - /boot/efi.
2026-05-28T17:16:16.256323+00:00 loadgen-x5r4 systemd[1]: Reached target local-fs.target - Local File Systems.
2026-05-28T17:16:16.256327+00:00 loadgen-x5r4 systemd[1]: Listening on systemd-sysext.socket - System Extension Image Management (Varlink).
2026-05-28T17:16:16.256332+00:00 loadgen-x5r4 systemd[1]: Starting apparmor.service - Load AppArmor profiles...
2026-05-28T17:16:16.256336+00:00 loadgen-x5r4 systemd[1]: Starting console-setup.service - Set console font and keymap...
2026-05-28T17:16:16.256341+00:00 loadgen-x5r4 systemd[1]: Starting finalrd.service - Create final runtime dir for shutdown pivot root...
2026-05-28T17:16:16.256362+00:00 loadgen-x5r4 apparmor.systemd[535]: Restarting AppArmor
2026-05-28T17:16:16.256367+00:00 loadgen-x5r4 apparmor.systemd[535]: Reloading AppArmor profiles
2026-05-28T17:16:16.256373+00:00 loadgen-x5r4 systemd[1]: ldconfig.service - Rebuild Dynamic Linker Cache was skipped because no trigger condition checks were met.
2026-05-28T17:16:16.256377+00:00 loadgen-x5r4 systemd[1]: Starting plymouth-read-write.service - Tell Plymouth To Write Out Runtime Data...
2026-05-28T17:16:16.256381+00:00 loadgen-x5r4 systemd[1]: Starting systemd-binfmt.service - Set Up Additional Binary Formats...
2026-05-28T17:16:16.256386+00:00 loadgen-x5r4 systemd[1]: Starting systemd-tmpfiles-setup.service - Create Volatile Files and Directories...
2026-05-28T17:16:16.256393+00:00 loadgen-x5r4 systemd[1]: Starting ufw.service - Uncomplicated firewall...
2026-05-28T17:16:16.256398+00:00 loadgen-x5r4 systemd[1]: Finished console-setup.service - Set console font and keymap.
2026-05-28T17:16:16.256404+00:00 loadgen-x5r4 systemd[1]: Finished finalrd.service - Create final runtime dir for shutdown pivot root.
2026-05-28T17:16:16.256409+00:00 loadgen-x5r4 systemd[1]: Finished plymouth-read-write.service - Tell Plymouth To Write Out Runtime Data.
2026-05-28T17:16:16.256413+00:00 loadgen-x5r4 systemd[1]: Finished apparmor.service - Load AppArmor profiles.
2026-05-28T17:16:16.256418+00:00 loadgen-x5r4 systemd[1]: Finished ufw.service - Uncomplicated firewall.
2026-05-28T17:16:16.256425+00:00 loadgen-x5r4 systemd[1]: Finished systemd-tmpfiles-setup.service - Create Volatile Files and Directories.
2026-05-28T17:16:16.256430+00:00 loadgen-x5r4 systemd[1]: proc-sys-fs-binfmt_misc.automount: Got automount request for /proc/sys/fs/binfmt_misc, triggered by 549 (systemd-binfmt)
2026-05-28T17:16:16.256434+00:00 loadgen-x5r4 systemd[1]: Mounting proc-sys-fs-binfmt_misc.mount - Arbitrary Executable File Formats File System...
2026-05-28T17:16:16.256439+00:00 loadgen-x5r4 systemd[1]: ldconfig.service - Rebuild Dynamic Linker Cache was skipped because no trigger condition checks were met.
2026-05-28T17:16:16.256443+00:00 loadgen-x5r4 systemd[1]: Starting modprobe@dm_mod.service - Load Kernel Module dm_mod...
2026-05-28T17:16:16.256454+00:00 loadgen-x5r4 systemd[1]: Starting modprobe@efi_pstore.service - Load Kernel Module efi_pstore...
2026-05-28T17:16:16.256459+00:00 loadgen-x5r4 systemd[1]: Starting modprobe@loop.service - Load Kernel Module loop...
2026-05-28T17:16:16.256464+00:00 loadgen-x5r4 systemd[1]: netplan-ovs-cleanup.service - OpenVSwitch configuration for cleanup was skipped because of an unmet condition check (ConditionFileIsExecutable=/usr/bin/ovs-vsctl).
2026-05-28T17:16:16.256468+00:00 loadgen-x5r4 systemd[1]: plymouth-start.service - Show Plymouth Boot Screen was skipped because of an unmet condition check (ConditionKernelCommandLine=splash).
2026-05-28T17:16:16.256473+00:00 loadgen-x5r4 systemd[1]: systemd-ask-password-plymouth.path - Forward Password Requests to Plymouth Directory Watch was skipped because of an unmet condition check (ConditionPathExists=/run/plymouth/pid).
2026-05-28T17:16:16.256480+00:00 loadgen-x5r4 systemd[1]: Starting snapd.apparmor.service - Load AppArmor profiles managed internally by snapd...
2026-05-28T17:16:16.256485+00:00 loadgen-x5r4 systemd[1]: systemd-hwdb-update.service - Rebuild Hardware Database was skipped because of an unmet condition check (ConditionNeedsUpdate=/etc).
2026-05-28T17:16:16.256490+00:00 loadgen-x5r4 systemd[1]: systemd-journal-catalog-update.service - Rebuild Journal Catalog was skipped because of an unmet condition check (ConditionNeedsUpdate=/var).
2026-05-28T17:16:16.256494+00:00 loadgen-x5r4 systemd[1]: systemd-pcrmachine.service - TPM2 PCR Machine ID Measurement was skipped because of an unmet condition check (ConditionSecurity=measured-uki).
2026-05-28T17:16:16.256499+00:00 loadgen-x5r4 systemd[1]: systemd-sysusers.service - Create System Users was skipped because no trigger condition checks were met.
2026-05-28T17:16:16.256506+00:00 loadgen-x5r4 systemd[1]: systemd-firstboot.service - First Boot Wizard was skipped because of an unmet condition check (ConditionFirstBoot=yes).
2026-05-28T17:16:16.256511+00:00 loadgen-x5r4 systemd[1]: first-boot-complete.target - First Boot Complete was skipped because of an unmet condition check (ConditionFirstBoot=yes).
2026-05-28T17:16:16.256515+00:00 loadgen-x5r4 systemd[1]: systemd-machine-id-commit.service - Commit a transient machine-id on disk was skipped because of an unmet condition check (ConditionPathIsMountPoint=/etc/machine-id).
2026-05-28T17:16:16.256519+00:00 loadgen-x5r4 systemd[1]: Starting systemd-resolved.service - Network Name Resolution...
2026-05-28T17:16:16.256524+00:00 loadgen-x5r4 systemd[1]: systemd-tpm2-setup-early.service - TPM2 SRK Setup (E         Starting [0;1;39mplymouth-quit-wait.servic…[0md until boot process finishes up...
arly) was skipped because of an unmet condition check (ConditionSecurity=measured-uki).
2026-05-28T17:16:16.256528+00:00 loadgen-x5r4 systemd[1]: systemd-tpm2-setup.service - TPM2 SRK Setup was skipped because of an unmet condition check (ConditionSecurity=measured-uki).
2026-05-28T17:16:16.256557+00:00 loadgen-x5r4 systemd[1]: systemd-update-done.service - Update is Completed was skipped because no trigger condition checks were met.
2026-05-28T17:16:16.256559+00:00 loadgen-x5r4 kernel: Linux version 6.17.0-1016-gcp (buildd@lcy02-amd64-028) (x86_64-linux-gnu-gcc-13 (Ubuntu 13.3.0-6ubuntu2~24.04.1) 13.3.0, GNU ld (GNU Binutils for Ubuntu) 2.42) #17~24.04.1-Ubuntu SMP Thu May  7 15:12:38 UTC 2026 (Ubuntu 6.17.0-1016.17~24.04.1-gcp 6.17.13)
2026-05-28T17:16:16.256562+00:00 loadgen-x5r4 systemd[1]: Starting systemd-update-utmp.service - Record System Boot/Shutdown in UTMP...
2026-05-28T17:16:16.256567+00:00 loadgen-x5r4 kernel: Command line: BOOT_IMAGE=/vmlinuz-6.17.0-1016-gcp root=PARTUUID=28659dbc-d03c-4a8f-9159-2cf550c16c23 ro console=ttyS0,115200 panic=-1
2026-05-28T17:16:16.256569+00:00 loadgen-x5r4 kernel: KERNEL supported cpus:
2026-05-28T17:16:16.256567+00:00 loadgen-x5r4 systemd[1]: vgauth.service - Authentication service for virtual machines hosted on VMware was skipped because of an unmet condition check (ConditionVirtualization=vmware).
2026-05-28T17:16:16.256569+00:00 loadgen-x5r4 kernel:   Intel GenuineIntel
2026-05-28T17:16:16.256573+00:00 loadgen-x5r4 kernel:   AMD AuthenticAMD
2026-05-28T17:16:16.256574+00:00 loadgen-x5r4 kernel:   Hygon HygonGenuine
2026-05-28T17:16:16.256575+00:00 loadgen-x5r4 kernel:   Centaur CentaurHauls
2026-05-28T17:16:16.256574+00:00 loadgen-x5r4 systemd[1]: open-vm-tools.service - Service for virtual machines hosted on VMware was skipped because of an unmet condition check (ConditionVirtualization=vmware).
2026-05-28T17:16:16.256578+00:00 loadgen-x5r4 kernel:   zhaoxin   Shanghai  
2026-05-28T17:16:16.256579+00:00 loadgen-x5r4 kernel: x86/CPU: Model not found in latest microcode list
2026-05-28T17:16:16.256580+00:00 loadgen-x5r4 kernel: BIOS-provided physical RAM map:
2026-05-28T17:16:16.256580+00:00 loadgen-x5r4 kernel: BIOS-e820: [mem 0x0000000000000000-0x0000000000000fff] reserved
2026-05-28T17:16:16.256581+00:00 loadgen-x5r4 kernel: BIOS-e820: [mem 0x0000000000001000-0x0000000000054fff] usable
2026-05-28T17:16:16.256581+00:00 loadgen-x5r4 kernel: BIOS-e820: [mem 0x0000000000055000-0x000000000005ffff] reserved
2026-05-28T17:16:16.256585+00:00 loadgen-x5r4 kernel: BIOS-e820: [mem 0x0000000000060000-0x0000000000097fff] usable
2026-05-28T17:16:16.256580+00:00 loadgen-x5r4 systemd[1]: Starting cloud-init-local.service - Cloud-init: Local Stage (pre-network)...
2026-05-28T17:16:16.256585+00:00 loadgen-x5r4 kernel: BIOS-e820: [mem 0x0000000000098000-0x000000000009ffff] reserved
2026-05-28T17:16:16.256586+00:00 loadgen-x5r4 kernel: BIOS-e820: [mem 0x0000000000100000-0x00000000bd254fff] usable
2026-05-28T17:16:16.256587+00:00 loadgen-x5r4 kernel: BIOS-e820: [mem 0x00000000bd255000-0x00000000bd25ffff] ACPI data
2026-05-28T17:16:16.256587+00:00 loadgen-x5r4 kernel: BIOS-e820: [mem 0x00000000bd260000-0x00000000bf8ecfff] usable
2026-05-28T17:16:16.256588+00:00 loadgen-x5r4 kernel: BIOS-e820: [mem 0x00000000bf8ed000-0x00000000bfb6cfff] reserved
2026-05-28T17:16:16.256588+00:00 loadgen-x5r4 kernel: BIOS-e820: [mem 0x00000000bfb6d000-0x00000000bfb7efff] ACPI data
2026-05-28T17:16:16.256588+00:00 loadgen-x5r4 systemd[1]: Mounted proc-sys-fs-binfmt_misc.mount - Arbitrary Executable File Formats File System.
2026-05-28T17:16:16.256593+00:00 loadgen-x5r4 systemd[1]: modprobe@dm_mod.service: Deactivated successfully.
2026-05-28T17:16:16.256595+00:00 loadgen-x5r4 kernel: BIOS-e820: [mem 0x00000000bfb7f000-0x00000000bfbfefff] ACPI NVS
2026-05-28T17:16:16.256596+00:00 loadgen-x5r4 kernel: BIOS-e820: [mem 0x00000000bfbff000-0x00000000bffdffff] usable
2026-05-28T17:16:16.256597+00:00 loadgen-x5r4 kernel: BIOS-e820: [mem 0x00000000bffe0000-0x00000000bfffffff] reserved
2026-05-28T17:16:16.256597+00:00 loadgen-x5r4 kernel: BIOS-e820: [mem 0x0000000100000000-0x000000103fffffff] usable
2026-05-28T17:16:16.256598+00:00 loadgen-x5r4 kernel: NX (Execute Disable) protection: active
2026-05-28T17:16:16.256598+00:00 loadgen-x5r4 kernel: APIC: Static calls initialized
2026-05-28T17:16:16.256598+00:00 loadgen-x5r4 systemd[1]: Finished modprobe@dm_mod.service - Load Kernel Module dm_mod.
2026-05-28T17:16:16.256601+00:00 loadgen-x5r4 kernel: efi: EFI v2.7 by EDK II
2026-05-28T17:16:16.256602+00:00 loadgen-x5r4 kernel: efi: TPMFinalLog=0xbfbf7000 ACPI=0xbfb7e000 ACPI 2.0=0xbfb7e014 SMBIOS=0xbf9ca000 MEMATTR=0xbd260018 MOKvar=0xbf9c8000 RNG=0xbfb72018 TPMEventLog=0xbd255018 
2026-05-28T17:16:16.256603+00:00 loadgen-x5r4 kernel: random: crng init done
2026-05-28T17:16:16.256604+00:00 loadgen-x5r4 kernel: SMBIOS 2.4 present.
2026-05-28T17:16:16.256604+00:00 loadgen-x5r4 kernel: DMI: Google Google Compute Engine/Google Compute Engine, BIOS Google 04/21/2026
2026-05-28T17:16:16.256604+00:00 loadgen-x5r4 kernel: DMI: Memory slots populated: 4/4
2026-05-28T17:16:16.256603+00:00 loadgen-x5r4 systemd[1]: Finished systemd-binfmt.service - Set Up Additional Binary Formats.
2026-05-28T17:16:16.256608+00:00 loadgen-x5r4 kernel: secureboot: Secure boot disabled
2026-05-28T17:16:16.256609+00:00 loadgen-x5r4 kernel: Hypervisor detected: KVM
2026-05-28T17:16:16.256609+00:00 loadgen-x5r4 kernel: last_pfn = 0xbffe0 max_arch_pfn = 0x400000000
2026-05-28T17:16:16.256610+00:00 loadgen-x5r4 kernel: kvm-clock: Using msrs 4b564d01 and 4b564d00
2026-05-28T17:16:16.256608+00:00 loadgen-x5r4 systemd[1]: modprobe@efi_pstore.service: Deactivated successfully.
2026-05-28T17:16:16.256610+00:00 loadgen-x5r4 kernel: kvm-clock: using sched offset of 14925717281 cycles
2026-05-28T17:16:16.256613+00:00 loadgen-x5r4 kernel: clocksource: kvm-clock: mask: 0xffffffffffffffff max_cycles: 0x1cd42e4dffb, max_idle_ns: 881590591483 ns
2026-05-28T17:16:16.256614+00:00 loadgen-x5r4 kernel: tsc: Detected 2299.998 MHz processor
2026-05-28T17:16:16.256617+00:00 loadgen-x5r4 kernel: e820: update [mem 0x00000000-0x00000fff] usable ==> reserved
2026-05-28T17:16:16.256618+00:00 loadgen-x5r4 kernel: e820: remove [mem 0x000a0000-0x000fffff] usable
2026-05-28T17:16:16.256618+00:00 loadgen-x5r4 kernel: last_pfn = 0x1040000 max_arch_pfn = 0x400000000
2026-05-28T17:16:16.256619+00:00 loadgen-x5r4 kernel: MTRR map: 3 entries (2 fixed + 1 variable; max 18), built from 8 variable MTRRs
2026-05-28T17:16:16.256619+00:00 loadgen-x5r4 kernel: x86/PAT: Configuration [0-7]: WB  WC  UC- UC  WB  WP  UC- WT  
2026-05-28T17:16:16.256615+00:00 loadgen-x5r4 systemd[1]: Finished modprobe@efi_pstore.service - Load Kernel Module efi_pstore.
2026-05-28T17:16:16.256620+00:00 loadgen-x5r4 kernel: last_pfn = 0xbffe0 max_arch_pfn = 0x400000000
2026-05-28T17:16:16.256624+00:00 loadgen-x5r4 systemd[1]: modprobe@loop.service: Deactivated successfully.
2026-05-28T17:16:16.256626+00:00 loadgen-x5r4 kernel: Using GB pages for direct mapping
2026-05-28T17:16:16.256629+00:00 loadgen-x5r4 kernel: secureboot: Secure boot disabled
2026-05-28T17:16:16.256630+00:00 loadgen-x5r4 kernel: ACPI: Early table checksum verification disabled
2026-05-28T17:16:16.256630+00:00 loadgen-x5r4 kernel: ACPI: RSDP 0x00000000BFB7E014 000024 (v02 Google)
2026-05-28T17:16:16.256631+00:00 loadgen-x5r4 kernel: ACPI: XSDT 0x00000000BFB7D0E8 00005C (v01 Google GOOGFACP 00000001      01000013)
2026-05-28T17:16:16.256631+00:00 loadgen-x5r4 kernel: ACPI: FACP 0x00000000BFB78000 0000F4 (v02 Google GOOGFACP 00000001 GOOG 00000001)
2026-05-28T17:16:16.256630+00:00 loadgen-x5r4 systemd[1]: Finished modprobe@loop.service - Load Kernel Module loop.
2026-05-28T17:16:16.256635+00:00 loadgen-x5r4 kernel: ACPI: DSDT 0x00000000BFB79000 001A64 (v01 Google GOOGDSDT 00000001 GOOG 00000001)
2026-05-28T17:16:16.256636+00:00 loadgen-x5r4 kernel: ACPI: FACS 0x00000000BFBF1000 000040
2026-05-28T17:16:16.256636+00:00 loadgen-x5r4 kernel: ACPI: SSDT 0x00000000BFB7C000 000316 (v02 GOOGLE Tpm2Tabl 00001000 INTL 20250807)
2026-05-28T17:16:16.256637+00:00 loadgen-x5r4 kernel: ACPI:         Starting [0;1;39mplymouth-quit.service[0m - Terminate Plymouth Boot Screen...
 TPM2 0x00000000BFB7B000 000034 (v04 GOOGLE          00000001 GOOG 00000001)
2026-05-28T17:16:16.256637+00:00 loadgen-x5r4 kernel: ACPI: SRAT 0x00000000BFB77000 000228 (v03 Google GOOGSRAT 00000001 GOOG 00000001)
2026-05-28T17:16:16.256635+00:00 loadgen-x5r4 systemd[1]: systemd-pstore.service - Platform Persistent Storage Archival was skipped because of an unmet condition check (ConditionDirectoryNotEmpty=/sys/fs/pstore).
2026-05-28T17:16:16.256638+00:00 loadgen-x5r4 kernel: ACPI: APIC 0x00000000BFB76000 000126 (v05 Google GOOGAPIC 00000001 GOOG 00000001)
2026-05-28T17:16:16.256638+00:00 loadgen-x5r4 kernel: ACPI: SSDT 0x00000000BFB74000 0011D6 (v01 Google GOOGSSDT 00000001 GOOG 00000001)
2026-05-28T17:16:16.256642+00:00 loadgen-x5r4 kernel: ACPI: WAET 0x00000000BFB73000 000028 (v01 Google GOOGWAET 00000001 GOOG 00000001)
2026-05-28T17:16:16.256640+00:00 loadgen-x5r4 systemd[1]: systemd-repart.service - Repartition Root Disk was skipped because no trigger condition checks were met.
2026-05-28T17:16:16.256642+00:00 loadgen-x5r4 kernel: ACPI: Reserving FACP table memory at [mem 0xbfb78000-0xbfb780f3]
2026-05-28T17:16:16.256645+00:00 loadgen-x5r4 kernel: ACPI: Reserving DSDT table memory at [mem 0xbfb79000-0xbfb7aa63]
2026-05-28T17:16:16.256645+00:00 loadgen-x5r4 kernel: ACPI: Reserving FACS table memory at [mem 0xbfbf1000-0xbfbf103f]
2026-05-28T17:16:16.256646+00:00 loadgen-x5r4 kernel: ACPI: Reserving SSDT table memory at [mem 0xbfb7c000-0xbfb7c315]
2026-05-28T17:16:16.256646+00:00 loadgen-x5r4 kernel: ACPI: Reserving TPM2 table memory at [mem 0xbfb7b000-0xbfb7b033]
2026-05-28T17:16:16.256649+00:00 loadgen-x5r4 kernel: ACPI: Reserving SRAT table memory at [mem 0xbfb77000-0xbfb77227]
2026-05-28T17:16:16.256650+00:00 loadgen-x5r4 kernel: ACPI: Reserving APIC table memory at [mem 0xbfb76000-0xbfb76125]
2026-05-28T17:16:16.256646+00:00 loadgen-x5r4 systemd[1]: Finished systemd-update-utmp.service - Record System Boot/Shutdown in UTMP.
2026-05-28T17:16:16.256651+00:00 loadgen-x5r4 kernel: ACPI: Reserving SSDT table memory at [mem 0xbfb74000-0xbfb751d5]
2026-05-28T17:16:16.256651+00:00 loadgen-x5r4 kernel: ACPI: Reserving WAET table memory at [mem 0xbfb73000-0xbfb73027]
2026-05-28T17:16:16.256652+00:00 loadgen-x5r4 kernel: ACPI: SRAT: Node 0 PXM 0 [mem 0x00000000-0x0009ffff]
2026-05-28T17:16:16.256652+00:00 loadgen-x5r4 kernel: ACPI: SRAT: Node 0 PXM 0 [mem 0x00100000-0xbfffffff]
2026-05-28T17:16:16.256653+00:00 loadgen-x5r4 kernel: ACPI: SRAT: Node 0 PXM 0 [mem 0x100000000-0x103fffffff]
2026-05-28T17:16:16.256653+00:00 loadgen-x5r4 systemd-resolved[676]: Positive Trust Anchors:
2026-05-28T17:16:16.256656+00:00 loadgen-x5r4 kernel: NUMA: Node 0 [mem 0x00001000-0x0009ffff] + [mem 0x00100000-0xbfffffff] -> [mem 0x00001000-0xbfffffff]
2026-05-28T17:16:16.256657+00:00 loadgen-x5r4 kernel: NUMA: Node 0 [mem 0x00001000-0xbfffffff] + [mem 0x100000000-0x103fffffff] -> [mem 0x00001000-0x103fffffff]
2026-05-28T17:16:16.256658+00:00 loadgen-x5r4 kernel: NODE_DATA(0) allocated [mem 0x103ffd52c0-0x103fffffff]
2026-05-28T17:16:16.256658+00:00 loadgen-x5r4 kernel: Zone ranges:
2026-05-28T17:16:16.256659+00:00 loadgen-x5r4 kernel:   DMA      [mem 0x0000000000001000-0x0000000000ffffff]
2026-05-28T17:16:16.256659+00:00 loadgen-x5r4 kernel:   DMA32    [mem 0x0000000001000000-0x00000000ffffffff]
2026-05-28T17:16:16.256659+00:00 loadgen-x5r4 systemd-resolved[676]: . IN DS 20326 8 2 e06d44b80b8f1d39a95c0b0d7c65d08458e880409bbc683457104237c7f8ec8d
2026-05-28T17:16:16.256662+00:00 loadgen-x5r4 kernel:   Normal   [mem 0x0000000100000000-0x000000103fffffff]
2026-05-28T17:16:16.256663+00:00 loadgen-x5r4 kernel:   Device   empty
2026-05-28T17:16:16.256664+00:00 loadgen-x5r4 kernel: Movable zone start for each node
2026-05-28T17:16:16.256664+00:00 loadgen-x5r4 kernel: Early memory node ranges
2026-05-28T17:16:16.256665+00:00 loadgen-x5r4 kernel:   node   0: [mem 0x0000000000001000-0x0000000000054fff]
2026-05-28T17:16:16.256665+00:00 loadgen-x5r4 kernel:   node   0: [mem 0x0000000000060000-0x0000000000097fff]
