2026-05-27 17:39:45,619 DEBUG    root            Loaded Command Group: ['gcloud', 'compute']
2026-05-27 17:39:45,623 DEBUG    root            Loaded Command Group: ['gcloud', 'compute', 'instances']
2026-05-27 17:39:45,625 DEBUG    root            Loaded Command Group: ['gcloud', 'compute', 'instances', 'get_serial_port_output']
2026-05-27 17:39:45,627 DEBUG    root            Running [gcloud.compute.instances.get-serial-port-output] with arguments: [--project: "env-integration-fenway", --zone: "us-central1-c", INSTANCE_NAME: "loadgen-xwdk"]
2026-05-27 17:39:45,632 DEBUG    root            On GCE from memory cache: False
2026-05-27 17:39:45,638 DEBUG    root            On GCE from memory cache: False
2026-05-27 17:39:45,796 DEBUG    urllib3.connectionpool Starting new HTTPS connection (1): compute.googleapis.com:443
2026-05-27 17:39:46,073 DEBUG    urllib3.connectionpool https://compute.googleapis.com:443 "GET /compute/v1/projects/env-integration-fenway/zones/us-central1-c/instances/loadgen-xwdk/serialPort?alt=json&port=1 HTTP/1.1" 200 None
2026-05-27 17:39:46,159 DEBUG    root            Chosen display Format:value[no-quote](contents)
2026-05-27 17:39:46,160 INFO     root            Display format: "value[no-quote](contents)"
2026-05-27 17:39:46,191 INFO     ___FILE_ONLY___ [2J[01;01H[=3h[2J[01;01H[2J[01;01H[=3h[2J[01;01HCSM BBS Table full.
BdsDxe: loading Boot0003 "Ubuntu" from PciRoot(0x0)/Pci(0x3,0x0)/Scsi(0x1,0x0)/HD(15,GPT,C848D457-4750-4825-A2CD-4EBFB870DC53,0x2800,0x35000)/\EFI\ubuntu\shimx64.efi
BdsDxe: starting Boot0003 "Ubuntu" from PciRoot(0x0)/Pci(0x3,0x0)/Scsi(0x1,0x0)/HD(15,GPT,C848D457-4750-4825-A2CD-4EBFB870DC53,0x2800,0x35000)/\EFI\ubuntu\shimx64.efi

UEFI: Attempting to start image.
Description: Ubuntu
FilePath: PciRoot(0x0)/Pci(0x3,0x0)/Scsi(0x1,0x0)/HD(15,GPT,C848D457-4750-4825-A2CD-4EBFB870DC53,0x2800,0x35000)/\EFI\ubuntu\shimx64.efi
OptionNumber: 3.

[H[J[1;1HGRUB_FORCE_PARTUUID set, attempting initrdless boot.
[    0.000000] Linux version 6.17.0-1013-gcp (buildd@lcy02-amd64-034) (x86_64-linux-gnu-gcc-13 (Ubuntu 13.3.0-6ubuntu2~24.04.1) 13.3.0, GNU ld (GNU Binutils for Ubuntu) 2.42) #13~24.04.1-Ubuntu SMP Thu Apr 16 02:10:24 UTC 2026 (Ubuntu 6.17.0-1013.13~24.04.1-gcp 6.17.13)
[    0.000000] Command line: BOOT_IMAGE=/vmlinuz-6.17.0-1013-gcp root=PARTUUID=6624332c-1f00-4e51-a0bf-94661fe17234 ro console=ttyS0,115200 panic=-1
[    0.000000] KERNEL supported cpus:
[    0.000000]   Intel GenuineIntel
[    0.000000]   AMD AuthenticAMD
[    0.000000]   Hygon HygonGenuine
[    0.000000]   Centaur CentaurHauls
[    0.000000]   zhaoxin   Shanghai  
[    0.000000] x86/CPU: Model not found in latest microcode list
[    0.000000] BIOS-provided physical RAM map:
[    0.000000] BIOS-e820: [mem 0x0000000000000000-0x0000000000000fff] reserved
[    0.000000] BIOS-e820: [mem 0x0000000000001000-0x0000000000054fff] usable
[    0.000000] BIOS-e820: [mem 0x0000000000055000-0x000000000005ffff] reserved
[    0.000000] BIOS-e820: [mem 0x0000000000060000-0x0000000000097fff] usable
[    0.000000] BIOS-e820: [mem 0x0000000000098000-0x000000000009ffff] reserved
[    0.000000] BIOS-e820: [mem 0x0000000000100000-0x00000000bd254fff] usable
[    0.000000] BIOS-e820: [mem 0x00000000bd255000-0x00000000bd25ffff] ACPI data
[    0.000000] BIOS-e820: [mem 0x00000000bd260000-0x00000000bf8ecfff] usable
[    0.000000] BIOS-e820: [mem 0x00000000bf8ed000-0x00000000bfb6cfff] reserved
[    0.000000] BIOS-e820: [mem 0x00000000bfb6d000-0x00000000bfb7efff] ACPI data
[    0.000000] BIOS-e820: [mem 0x00000000bfb7f000-0x00000000bfbfefff] ACPI NVS
[    0.000000] BIOS-e820: [mem 0x00000000bfbff000-0x00000000bffdffff] usable
[    0.000000] BIOS-e820: [mem 0x00000000bffe0000-0x00000000bfffffff] reserved
[    0.000000] BIOS-e820: [mem 0x0000000100000000-0x000000103fffffff] usable
[    0.000000] NX (Execute Disable) protection: active
[    0.000000] APIC: Static calls initialized
[    0.000000] efi: EFI v2.7 by EDK II
[    0.000000] efi: TPMFinalLog=0xbfbf7000 ACPI=0xbfb7e000 ACPI 2.0=0xbfb7e014 SMBIOS=0xbf9ca000 MEMATTR=0xbd260018 MOKvar=0xbf9c8000 RNG=0xbfb72018 TPMEventLog=0xbd255018 
[    0.000000] random: crng init done
[    0.000000] SMBIOS 2.4 present.
[    0.000000] DMI: Google Google Compute Engine/Google Compute Engine, BIOS Google 04/21/2026
[    0.000000] DMI: Memory slots populated: 4/4
[    0.000000] secureboot: Secure boot disabled
[    0.000000] Hypervisor detected: KVM
[    0.000000] last_pfn = 0xbffe0 max_arch_pfn = 0x400000000
[    0.000000] kvm-clock: Using msrs 4b564d01 and 4b564d00
[    0.000001] kvm-clock: using sched offset of 15687635356 cycles
[    0.000003] clocksource: kvm-clock: mask: 0xffffffffffffffff max_cycles: 0x1cd42e4dffb, max_idle_ns: 881590591483 ns
[    0.000007] tsc: Detected 2299.998 MHz processor
[    0.000106] last_pfn = 0x1040000 max_arch_pfn = 0x400000000
[    0.000142] MTRR map: 3 entries (2 fixed + 1 variable; max 18), built from 8 variable MTRRs
[    0.000146] x86/PAT: Configuration [0-7]: WB  WC  UC- UC  WB  WP  UC- WT  
[    0.000192] last_pfn = 0xbffe0 max_arch_pfn = 0x400000000
[    0.017016] Using GB pages for direct mapping
[    0.017325] secureboot: Secure boot disabled
[    0.017329] ACPI: Early table checksum verification disabled
[    0.017334] ACPI: RSDP 0x00000000BFB7E014 000024 (v02 Google)
[    0.017340] ACPI: XSDT 0x00000000BFB7D0E8 00005C (v01 Google GOOGFACP 00000001      01000013)
[    0.017349] ACPI: FACP 0x00000000BFB78000 0000F4 (v02 Google GOOGFACP 00000001 GOOG 00000001)
[    0.017359] ACPI: DSDT 0x00000000BFB79000 001A64 (v01 Google GOOGDSDT 00000001 GOOG 00000001)
[    0.017365] ACPI: FACS 0x00000000BFBF1000 000040
[    0.017370] ACPI: SSDT 0x00000000BFB7C000 000316 (v02 GOOGLE Tpm2Tabl 00001000 INTL 20250807)
[    0.017375] ACPI: TPM2 0x00000000BFB7B000 000034 (v04 GOOGLE          00000001 GOOG 00000001)
[    0.017380] ACPI: SRAT 0x00000000BFB77000 000228 (v03 Google GOOGSRAT 00000001 GOOG 00000001)
[    0.017385] ACPI: APIC 0x00000000BFB76000 000126 (v05 Google GOOGAPIC 00000001 GOOG 00000001)
[    0.017390] ACPI: SSDT 0x00000000BFB74000 0011D6 (v01 Google GOOGSSDT 00000001 GOOG 00000001)
[    0.017395] ACPI: WAET 0x00000000BFB73000 000028 (v01 Google GOOGWAET 00000001 GOOG 00000001)
[    0.017398] ACPI: Reserving FACP table memory at [mem 0xbfb78000-0xbfb780f3]
[    0.017400] ACPI: Reserving DSDT table memory at [mem 0xbfb79000-0xbfb7aa63]
[    0.017401] ACPI: Reserving FACS table memory at [mem 0xbfbf1000-0xbfbf103f]
[    0.017402] ACPI: Reserving SSDT table memory at [mem 0xbfb7c000-0xbfb7c315]
[    0.017403] ACPI: Reserving TPM2 table memory at [mem 0xbfb7b000-0xbfb7b033]
[    0.017404] ACPI: Reserving SRAT table memory at [mem 0xbfb77000-0xbfb77227]
[    0.017405] ACPI: Reserving APIC table memory at [mem 0xbfb76000-0xbfb76125]
[    0.017406] ACPI: Reserving SSDT table memory at [mem 0xbfb74000-0xbfb751d5]
[    0.017407] ACPI: Reserving WAET table memory at [mem 0xbfb73000-0xbfb73027]
[    0.017583] ACPI: SRAT: Node 0 PXM 0 [mem 0x00000000-0x0009ffff]
[    0.017588] ACPI: SRAT: Node 0 PXM 0 [mem 0x00100000-0xbfffffff]
[    0.017591] ACPI: SRAT: Node 0 PXM 0 [mem 0x100000000-0x103fffffff]
[    0.017600] NUMA: Node 0 [mem 0x00001000-0x0009ffff] + [mem 0x00100000-0xbfffffff] -> [mem 0x00001000-0xbfffffff]
[    0.017604] NUMA: Node 0 [mem 0x00001000-0xbfffffff] + [mem 0x100000000-0x103fffffff] -> [mem 0x00001000-0x103fffffff]
[    0.017633] NODE_DATA(0) allocated [mem 0x103ffd52c0-0x103fffffff]
[    0.017898] Zone ranges:
[    0.017899]   DMA      [mem 0x0000000000001000-0x0000000000ffffff]
[    0.017901]   DMA32    [mem 0x0000000001000000-0x00000000ffffffff]
[    0.017903]   Normal   [mem 0x0000000100000000-0x000000103fffffff]
[    0.017905]   Device   empty
[    0.017906] Movable zone start for each node
[    0.017908] Early memory node ranges
[    0.017909]   node   0: [mem 0x0000000000001000-0x0000000000054fff]
[    0.017910]   node   0: [mem 0x0000000000060000-0x0000000000097fff]
[    0.017911]   node   0: [mem 0x0000000000100000-0x00000000bd254fff]
[    0.017913]   node   0: [mem 0x00000000bd260000-0x00000000bf8ecfff]
[    0.017914]   node   0: [mem 0x00000000bfbff000-0x00000000bffdffff]
[    0.017915]   node   0: [mem 0x0000000100000000-0x000000103fffffff]
[    0.017921] Initmem setup node 0 [mem 0x0000000000001000-0x000000103fffffff]
[    0.018006] On node 0, zone DMA: 1 pages in unavailable ranges
[    0.018008] On node 0, zone DMA: 11 pages in unavailable ranges
[    0.018038] On node 0, zone DMA: 104 pages in unavailable ranges
[    0.023782] On node 0, zone DMA32: 11 pages in unavailable ranges
[    0.023802] On node 0, zone DMA32: 786 pages in unavailable ranges
[    0.138562] On node 0, zone Normal: 32 pages in unavailable ranges
[    0.139279] ACPI: PM-Timer IO Port: 0xb008
[    0.139305] ACPI: LAPIC_NMI (acpi_id[0xff] dfl dfl lint[0x1])
[    0.139401] IOAPIC[0]: apic_id 0, version 17, address 0xfec00000, GSI 0-23
[    0.139406] ACPI: INT_SRC_OVR (bus 0 bus_irq 5 global_irq 5 high level)
[    0.139409] ACPI: INT_SRC_OVR (bus 0 bus_irq 9 global_irq 9 high level)
[    0.139411] ACPI: INT_SRC_OVR (bus 0 bus_irq 10 global_irq 10 high level)
[    0.139412] ACPI: INT_SRC_OVR (bus 0 bus_irq 11 global_irq 11 high level)
[    0.139419] ACPI: Using ACPI (MADT) for SMP configuration information
[    0.139426] CPU topo: Max. logical packages:   1
[    0.139428] CPU topo: Max. logical dies:       1
[    0.139429] CPU topo: Max. dies per package:   1
[    0.139434] CPU topo: Max. threads per core:   2
[    0.139435] CPU topo: Num. cores per package:    12
[    0.139436] CPU topo: Num. threads per package:  24
[    0.139437] CPU topo: Allowing 24 present CPUs plus 0 hotplug CPUs
[    0.139468] PM: hibernation: Registered nosave memory: [mem 0x00000000-0x00000fff]
[    0.139470] PM: hibernation: Registered nosave memory: [mem 0x00055000-0x0005ffff]
[    0.139472] PM: hibernation: Registered nosave memory: [mem 0x00098000-0x000fffff]
[    0.139474] PM: hibernation: Registered nosave memory: [mem 0xbd255000-0xbd25ffff]
[    0.139476] PM: hibernation: Registered nosave memory: [mem 0xbf8ed000-0xbfbfefff]
[    0.139478] PM: hibernation: Registered nosave memory: [mem 0xbffe0000-0xffffffff]
[    0.139481] [mem 0xc0000000-0xffffffff] available for PCI devices
[    0.139484] Booting paravirtualized kernel on KVM
[    0.139486] clocksource: refined-jiffies: mask: 0xffffffff max_cycles: 0xffffffff, max_idle_ns: 1910969940391419 ns
[    0.139495] setup_percpu: NR_CPUS:8192 nr_cpumask_bits:24 nr_cpu_ids:24 nr_node_ids:1
[    0.141497] percpu: Embedded 84 pages/cpu s221184 r8192 d114688 u524288
[    0.141561] kvm-guest: PV spinlocks enabled
[    0.141564] PV qspinlock hash table entries: 256 (order: 0, 4096 bytes, linear)
[    0.141568] Kernel command line: BOOT_IMAGE=/vmlinuz-6.17.0-1013-gcp root=PARTUUID=6624332c-1f00-4e51-a0bf-94661fe17234 ro console=ttyS0,115200 panic=-1
[    0.141644] printk: log buffer data + meta data: 262144 + 917504 = 1179648 bytes
[    0.148769] Dentry cache hash table entries: 8388608 (order: 14, 67108864 bytes, linear)
[    0.152346] Inode-cache hash table entries: 4194304 (order: 13, 33554432 bytes, linear)
[    0.153135] software IO TLB: area num 32.
[    0.167354] Fallback order for Node 0: 0 
[    0.167363] Built 1 zonelists, mobility grouping on.  Total pages: 16776271
[    0.167365] Policy zone: Normal
[    0.167379] mem auto-init: stack:all(zero), heap alloc:on, heap free:off
[    0.331397] SLUB: HWalign=64, Order=0-3, MinObjects=0, CPUs=24, Nodes=1
[    0.331466] Kernel/User page tables isolation: enabled
[    0.345507] ftrace: allocating 61994 entries in 244 pages
[    0.345511] ftrace: allocated 244 pages with 5 groups
[    0.345936] rcu: Hierarchical RCU implementation.
[    0.345937] rcu: 	RCU restricting CPUs from NR_CPUS=8192 to nr_cpu_ids=24.
[    0.345939] 	Rude variant of Tasks RCU enabled.
[    0.345940] 	Tracing variant of Tasks RCU enabled.
[    0.345941] rcu: RCU calculated value of scheduler-enlistment delay is 100 jiffies.
[    0.345942] rcu: Adjusting geometry for rcu_fanout_leaf=16, nr_cpu_ids=24
[    0.345972] RCU Tasks Rude: Setting shift to 5 and lim to 1 rcu_task_cb_adjust=1 rcu_task_cpu_ids=24.
[    0.345977] RCU Tasks Trace: Setting shift to 5 and lim to 1 rcu_task_cb_adjust=1 rcu_task_cpu_ids=24.
[    0.350374] NR_IRQS: 524544, nr_irqs: 616, preallocated irqs: 16
[    0.350784] rcu: srcu_init: Setting srcu_struct sizes based on contention.
[    0.350955] Console: colour dummy device 80x25
[    0.351032] printk: legacy console [ttyS0] enabled
[    0.616093] ACPI: Core revision 20250404
[    0.617389] APIC: Switch to symmetric I/O mode setup
[    0.619563] x2apic enabled
[    0.624528] APIC: Switched APIC routing to: physical x2apic
[    0.632561] ..TIMER: vector=0x30 apic1=0 pin1=0 apic2=-1 pin2=-1
[    0.634568] clocksource: tsc-early: mask: 0xffffffffffffffff max_cycles: 0x212733415c7, max_idle_ns: 440795236380 ns
[    0.637538] Calibrating delay loop (skipped) preset value.. 4599.99 BogoMIPS (lpj=2299998)
[    0.638921] Last level iTLB entries: 4KB 1024, 2MB 1024, 4MB 1024
[    0.639536] Last level dTLB entries: 4KB 1024, 2MB 1024, 4MB 1024, 1GB 4
[    0.640565] mitigations: Enabled attack vectors: user_kernel, user_user, guest_host, guest_guest, SMT mitigations: auto
[    0.641538] Speculative Store Bypass: Mitigation: Speculative Store Bypass disabled via prctl
[    0.642536] Spectre V2 : Mitigation: IBRS
[    0.643535] RETBleed: Mitigation: IBRS
[    0.644535] ITS: Mitigation: Aligned branch/return thunks
[    0.645535] Spectre V2 : User space: Mitigation: STIBP via prctl
[    0.646539] MDS: Mitigation: Clear CPU buffers
[    0.647536] MMIO Stale Data: Vulnerable: Clear CPU buffers attempted, no microcode
[    0.648538] Spectre V1 : Mitigation: usercopy/swapgs barriers and __user pointer sanitization
[    0.649544] Spectre V2 : Spectre v2 / SpectreRSB: Filling RSB on context switch and VMEXIT
[    0.650542] Spectre V2 : mitigation: Enabling conditional Indirect Branch Prediction Barrier
[    0.651543] active return thunk: its_return_thunk
[    0.652535] Spectre V2 : Spectre BHI mitigation: SW BHB clearing on syscall and VM exit
[    0.653553] x86/fpu: Supporting XSAVE feature 0x001: 'x87 floating point registers'
[    0.654537] x86/fpu: Supporting XSAVE feature 0x002: 'SSE registers'
[    0.655536] x86/fpu: Supporting XSAVE feature 0x004: 'AVX registers'
[    0.656537] x86/fpu: xstate_offset[2]:  576, xstate_sizes[2]:  256
[    0.657536] x86/fpu: Enabled xstate features 0x7, context size is 832 bytes, using 'standard' format.
[    0.725135] Freeing SMP alternatives memory: 52K
[    0.725540] pid_max: default: 32768 minimum: 301
[    0.726664] LSM: initializing lsm=lockdown,capability,landlock,yama,apparmor,ima,evm
[    0.728541] landlock: Up and running.
[    0.729534] Yama: becoming mindful.
[    0.730577] AppArmor: AppArmor initialized
[    0.731809] Mount-cache hash table entries: 131072 (order: 8, 1048576 bytes, linear)
[    0.732722] Mountpoint-cache hash table entries: 131072 (order: 8, 1048576 bytes, linear)
[    0.837359] smpboot: CPU0: Intel(R) Xeon(R) CPU @ 2.30GHz (family: 0x6, model: 0x3f, stepping: 0x0)
[    0.837910] Performance Events: unsupported CPU family 6 model 63 no PMU driver, software events only.
[    0.838633] signal: max sigframe size: 1776
[    0.839598] rcu: Hierarchical SRCU implementation.
[    0.840535] rcu: 	Max phase no-delay instances is 400.
[    0.841617] Timer migration: 2 hierarchy levels; 8 children per group; 2 crossnode level
[    0.844435] NMI watchdog: Perf NMI watchdog permanently disabled
[    0.844917] smp: Bringing up secondary CPUs ...
[    0.845746] smpboot: x86: Booting SMP configuration:
[    0.846538] .... node  #0, CPUs:        #1  #2  #3  #4  #5  #6  #7  #8  #9 #10 #11 #12 #13 #14 #15 #16 #17 #18 #19 #20 #21 #22 #23
[    0.860013] MDS CPU bug present and SMT on, data leak possible. See https://www.kernel.org/doc/html/latest/admin-guide/hw-vuln/mds.html for more details.
[    0.861540] MMIO Stale Data CPU bug present and SMT on, data leak possible. See https://www.kernel.org/doc/html/latest/admin-guide/hw-vuln/processor_mmio_stale_data.html for more details.
[    0.868731] smp: Brought up 1 node, 24 CPUs
[    0.870537] smpboot: Total of 24 processors activated (110399.90 BogoMIPS)
[    0.874664] Memory: 65803288K/67105084K available (22206K kernel code, 4673K rwdata, 15608K rodata, 5404K init, 6100K bss, 1277608K reserved, 0K cma-reserved)
[    0.878545] devtmpfs: initialized
[    0.879677] x86/mm: Memory block size: 1024MB
[    0.882984] ACPI: PM: Registering ACPI NVS region [mem 0xbfb7f000-0xbfbfefff] (524288 bytes)
[    0.883694] clocksource: jiffies: mask: 0xffffffff max_cycles: 0xffffffff, max_idle_ns: 1911260446275000 ns
[    0.884635] posixtimers hash table entries: 16384 (order: 6, 262144 bytes, linear)
[    0.885670] futex hash table entries: 8192 (524288 bytes on 1 NUMA nodes, total 512 KiB, linear).
[    0.886739] pinctrl core: initialized pinctrl subsystem
[    0.887814] PM: RTC time: 00:37:34, date: 2026-05-28
[    0.890739] NET: Registered PF_NETLINK/PF_ROUTE protocol family
[    0.892621] DMA: preallocated 4096 KiB GFP_KERNEL pool for atomic allocations
[    0.894610] DMA: preallocated 4096 KiB GFP_KERNEL|GFP_DMA pool for atomic allocations
[    0.896844] DMA: preallocated 4096 KiB GFP_KERNEL|GFP_DMA32 pool for atomic allocations
[    0.897561] audit: initializing netlink subsys (disabled)
[    0.898648] audit: type=2000 audit(1779928653.892:1): state=initialized audit_enabled=0 res=1
[    0.898762] thermal_sys: Registered thermal governor 'fair_share'
[    0.899537] thermal_sys: Registered thermal governor 'bang_bang'
[    0.900537] thermal_sys: Registered thermal governor 'step_wise'
[    0.901537] thermal_sys: Registered thermal governor 'user_space'
[    0.902536] thermal_sys: Registered thermal governor 'power_allocator'
[    0.903561] cpuidle: using governor ladder
[    0.905546] cpuidle: using governor menu
[    0.906632] acpiphp: ACPI Hot Plug PCI Controller Driver version: 0.5
[    0.907831] PCI: Using configuration type 1 for base access
[    0.908656] kprobes: kprobe jump-optimization is enabled. All kprobes are optimized if possible.
[    0.909691] HugeTLB: registered 1.00 GiB page size, pre-allocated 0 pages
[    0.911536] HugeTLB: 16380 KiB vmemmap can be freed for a 1.00 GiB page
[    0.912536] HugeTLB: registered 2.00 MiB page size, pre-allocated 0 pages
[    0.913536] HugeTLB: 28 KiB vmemmap can be freed for a 2.00 MiB page
[    0.918699] ACPI: Added _OSI(Module Device)
[    0.919537] ACPI: Added _OSI(Processor Device)
[    0.920536] ACPI: Added _OSI(Processor Aggregator Device)
[    0.925729] ACPI: 3 ACPI AML tables successfully acquired and loaded
[    0.930685] ACPI: Interpreter enabled
[    0.931563] ACPI: PM: (supports S0 S3 S4 S5)
[    0.932537] ACPI: Using IOAPIC for interrupt routing
[    0.933875] PCI: Using host bridge windows from ACPI; if necessary, use "pci=nocrs" and report a bug
[    0.934536] PCI: Ignoring E820 reservations for host bridge windows
[    0.935948] ACPI: Enabled 16 GPEs in block 00 to 0F
[    0.944570] ACPI: PCI Root Bridge [PCI0] (domain 0000 [bus 00-ff])
[    0.945542] acpi PNP0A03:00: _OSC: OS supports [ASPM ClockPM Segments MSI EDR HPX-Type3]
[    0.946538] acpi PNP0A03:00: _OSC: not requesting OS control; OS requires [ExtendedConfig ASPM ClockPM MSI]
[    0.947556] acpi PNP0A03:00: fail to add MMCONFIG information, can't access extended configuration space under this bridge
[    0.950249] PCI host bridge to bus 0000:00
[    0.950540] pci_bus 0000:00: root bus resource [io  0x0000-0x0cf7 window]
[    0.951537] pci_bus 0000:00: root bus resource [io  0x0d00-0xffff window]
[    0.952536] pci_bus 0000:00: root bus resource [mem 0x000a0000-0x000bffff window]
[    0.953538] pci_bus 0000:00: root bus resource [mem 0xc0000000-0xc53fffff window]
[    0.954537] pci_bus 0000:00: root bus resource [mem 0xc5440000-0xee3fffff window]
[    0.955535] pci_bus 0000:00: root bus resource [mem 0xee440000-0xfebfefff window]
[    0.956535] pci_bus 0000:00: root bus resource [mem 0x1040000000-0x2103fffffff window]
[    0.957536] pci_bus 0000:00: root bus resource [bus 00-ff]
[    0.958646] pci 0000:00:00.0: [8086:1237] type 00 class 0x060000 conventional PCI endpoint
[    0.960816] pci 0000:00:01.0: [8086:7110] type 00 class 0x060100 conventional PCI endpoint
[    0.963306] pci 0000:00:01.3: [8086:7113] type 00 class 0x068000 conventional PCI endpoint
[    0.966712] pci 0000:00:01.3: quirk: [io  0xb000-0xb03f] claimed by PIIX4 ACPI
[    0.969247] pci 0000:00:03.0: [1af4:1004] type 00 class 0x000000 conventional PCI endpoint
[    0.972570] pci 0000:00:03.0: BAR 0 [io  0xc040-0xc07f]
[    0.973552] pci 0000:00:03.0: BAR 1 [mem 0xc1001000-0xc100107f]
[    0.975952] pci 0000:00:04.0: [10de:1eb8] type 00 class 0x030200 conventional PCI endpoint
[    0.979594] pci 0000:00:04.0: BAR 0 [mem 0xc0000000-0xc0ffffff]
[    0.980570] pci 0000:00:04.0: BAR 1 [mem 0x1040000000-0x104fffffff 64bit pref]
[    0.981567] pci 0000:00:04.0: BAR 3 [mem 0x1050000000-0x1051ffffff 64bit pref]
[    0.983634] pci 0000:00:05.0: [1af4:1000] type 00 class 0x020000 conventional PCI endpoint
[    0.986574] pci 0000:00:05.0: BAR 0 [io  0xc000-0xc03f]
[    0.987573] pci 0000:00:05.0: BAR 1 [mem 0xc1000000-0xc10003ff]
[    0.989908] pci 0000:00:06.0: [1af4:1005] type 00 class 0x00ff00 conventional PCI endpoint
[    0.993574] pci 0000:00:06.0: BAR 0 [io  0xc080-0xc09f]
[    0.994552] pci 0000:00:06.0: BAR 1 [mem 0xc1002000-0xc100203f]
[    1.009009] ACPI: PCI: Interrupt link LNKA configured for IRQ 10
[    1.010696] ACPI: PCI: Interrupt link LNKB configured for IRQ 10
[    1.012691] ACPI: PCI: Interrupt link LNKC configured for IRQ 11
[    1.014685] ACPI: PCI: Interrupt link LNKD configured for IRQ 11
[    1.016603] ACPI: PCI: Interrupt link LNKS configured for IRQ 9
[    1.021737] iommu: Default domain type: Translated
[    1.022537] iommu: DMA domain TLB invalidation policy: lazy mode
[    1.025809] SCSI subsystem initialized
[    1.026591] ACPI: bus type USB registered
[    1.028572] usbcore: registered new interface driver usbfs
[    1.029546] usbcore: registered new interface driver hub
[    1.030558] usbcore: registered new device driver usb
[    1.031577] pps_core: LinuxPPS API ver. 1 registered
[    1.032535] pps_core: Software ver. 5.3.6 - Copyright 2005-2007 Rodolfo Giometti <giometti@linux.it>
[    1.033550] PTP clock support registered
[    1.034587] EDAC MC: Ver: 3.0.0
[    1.036538] efivars: Registered efivars operations
[    1.038858] NetLabel: Initializing
[    1.039535] NetLabel:  domain hash size = 128
[    1.040535] NetLabel:  protocols = UNLABELED CIPSOv4 CALIPSO
[    1.041561] NetLabel:  unlabeled traffic allowed by default
[    1.042591] mctp: management component transport protocol core
[    1.043538] NET: Registered PF_MCTP protocol family
[    1.044562] PCI: Using ACPI for IRQ routing
[    1.046692] vgaarb: loaded
[    1.047867] clocksource: Switched to clocksource kvm-clock
[    1.050504] VFS: Disk quotas dquot_6.6.0
[    1.051797] VFS: Dquot-cache hash table entries: 512 (order 0, 4096 bytes)
[    1.054295] AppArmor: AppArmor Filesystem Enabled
[    1.055629] pnp: PnP ACPI init
[    1.057357] pnp: PnP ACPI: found 7 devices
[    1.066026] clocksource: acpi_pm: mask: 0xffffff max_cycles: 0xffffff, max_idle_ns: 2085701024 ns
[    1.068528] NET: Registered PF_INET protocol family
[    1.070303] IP idents hash table entries: 262144 (order: 9, 2097152 bytes, linear)
[    1.096178] tcp_listen_portaddr_hash hash table entries: 32768 (order: 7, 524288 bytes, linear)
[    1.098662] Table-perturb hash table entries: 65536 (order: 6, 262144 bytes, linear)
[    1.101516] TCP established hash table entries: 524288 (order: 10, 4194304 bytes, linear)
[    1.104727] TCP bind hash table entries: 65536 (order: 9, 2097152 bytes, linear)
[    1.107403] TCP: Hash tables configured (established 524288 bind 65536)
[    1.109788] MPTCP token hash table entries: 65536 (order: 9, 1572864 bytes, linear)
[    1.112554] UDP hash table entries: 32768 (order: 9, 2097152 bytes, linear)
[    1.115096] UDP-Lite hash table entries: 32768 (order: 9, 2097152 bytes, linear)
[    1.117519] NET: Registered PF_UNIX/PF_LOCAL protocol family
[    1.119082] NET: Registered PF_XDP protocol family
[    1.120394] pci_bus 0000:00: resource 4 [io  0x0000-0x0cf7 window]
[    1.122114] pci_bus 0000:00: resource 5 [io  0x0d00-0xffff window]
[    1.123922] pci_bus 0000:00: resource 6 [mem 0x000a0000-0x000bffff window]
[    1.125825] pci_bus 0000:00: resource 7 [mem 0xc0000000-0xc53fffff window]
[    1.127689] pci_bus 0000:00: resource 8 [mem 0xc5440000-0xee3fffff window]
[    1.129519] pci_bus 0000:00: resource 9 [mem 0xee440000-0xfebfefff window]
[    1.131499] pci_bus 0000:00: resource 10 [mem 0x1040000000-0x2103fffffff window]
[    1.133553] pci 0000:00:00.0: Limiting direct PCI/PCI transfers
[    1.135328] PCI: CLS 0 bytes, default 64
[    1.136514] PCI-DMA: Using software bounce buffering for IO (SWIOTLB)
[    1.138385] software IO TLB: mapped [mem 0x00000000b7f7f000-0x00000000bbf7f000] (64MB)
[    1.140551] clocksource: tsc: mask: 0xffffffffffffffff max_cycles: 0x212733415c7, max_idle_ns: 440795236380 ns
[    1.143555] clocksource: Switched to clocksource tsc
[    1.165920] Initialise system trusted keyrings
[    1.167443] Key type blacklist registered
[    1.169090] workingset: timestamp_bits=36 max_order=24 bucket_order=0
[    1.171649] squashfs: version 4.0 (2009/01/31) Phillip Lougher
[    1.173654] fuse: init (API version 7.44)
[    1.175541] integrity: Platform Keyring initialized
[    1.176984] integrity: Machine keyring initialized
[    1.193238] Key type asymmetric registered
[    1.194428] Asymmetric key parser 'x509' registered
[    1.195952] Block layer SCSI generic (bsg) driver version 0.4 loaded (major 242)
[    1.198521] io scheduler mq-deadline registered
[    1.203137] ledtrig-cpu: registered to indicate activity on CPUs
[    1.205319] input: Power Button as /devices/LNXSYSTM:00/LNXPWRBN:00/input/input0
[    1.207819] ACPI: button: Power Button [PWRF]
[    1.209180] input: Sleep Button as /devices/LNXSYSTM:00/LNXSLPBN:00/input/input1
[    1.211546] ACPI: button: Sleep Button [SLPF]
[    1.221081] ACPI: \_SB_.LNKC: Enabled at IRQ 11
[    1.222579] virtio-pci 0000:00:03.0: virtio_pci: leaving for legacy driver
[    1.235413] ACPI: \_SB_.LNKA: Enabled at IRQ 10
[    1.237252] virtio-pci 0000:00:05.0: virtio_pci: leaving for legacy driver
[    1.250865] ACPI: \_SB_.LNKB: Enabled at IRQ 10
[    1.252376] virtio-pci 0000:00:06.0: virtio_pci: leaving for legacy driver
[    1.260930] Serial: 8250/16550 driver, 32 ports, IRQ sharing enabled
[    1.285901] 00:03: ttyS0 at I/O 0x3f8 (irq = 4, base_baud = 115200) is a 16550A
[    1.311169] 00:04: ttyS1 at I/O 0x2f8 (irq = 3, base_baud = 115200) is a 16550A
[    1.336733] 00:05: ttyS2 at I/O 0x3e8 (irq = 6, base_baud = 115200) is a 16550A
[    1.362607] 00:06: ttyS3 at I/O 0x2e8 (irq = 7, base_baud = 115200) is a 16550A
[    1.367979] Linux agpgart interface v0.103
[    1.370964] tpm_tis MSFT0101:00: 2.0 TPM (device-id 0x9009, rev-id 0)
[    1.389942] loop: module loaded
[    1.394972] virtio_scsi virtio0: 1/0/0 default/read/poll queues
[    1.414784] scsi host0: Virtio SCSI HBA
[    1.416076] blk-mq: reduced tag depth to 10240
[    1.423878] Key type psk registered
[    1.424447] scsi 0:0:1:0: Direct-Access     Google   PersistentDisk   1    PQ: 0 ANSI: 6
[    1.425839] ACPI: bus type drm_connector registered
[    1.429363] tun: Universal TUN/TAP device driver, 1.6
[    1.660578] sd 0:0:1:0: Attached scsi generic sg0 type 0
[    1.666814] sd 0:0:1:0: [sda] 4194304000 512-byte logical blocks: (2.15 TB/1.95 TiB)
[    1.716252] sd 0:0:1:0: [sda] 4096-byte physical blocks
[    1.728189] sd 0:0:1:0: [sda] Write Protect is off
[    1.747782] PPP generic driver version 2.4.2
[    1.750357] sd 0:0:1:0: [sda] Write cache: enabled, read cache: enabled, doesn't support DPO or FUA
[    1.750360] i8042: PNP: PS/2 Controller [PNP0303:KBD,PNP0f13:MOU] at 0x60,0x64 irq 1,12
[    1.755833] i8042: Warning: Keylock active
[    1.759447] serio: i8042 KBD port at 0x60,0x64 irq 1
[    1.760618] serio: i8042 AUX port at 0x60,0x64 irq 12
[    1.762122] mousedev: PS/2 mouse device common for all mice
[    1.763638] rtc_cmos 00:00: RTC can wake from S4
[    1.767099] rtc_cmos 00:00: registered as rtc0
[    1.768773] rtc_cmos 00:00: setting system clock to 2026-05-28T00:37:35 UTC (1779928655)
[    1.771320] rtc_cmos 00:00: alarms up to one day, 114 bytes nvram
[    1.773186] i2c_dev: i2c /dev entries driver
[    1.774561] device-mapper: core: CONFIG_IMA_DISABLE_HTABLE is disabled. Duplicate IMA measurements will not be recorded in the IMA log.
[    1.778616] device-mapper: uevent: version 1.0.3
[    1.780448] device-mapper: ioctl: 4.50.0-ioctl (2025-04-28) initialised: dm-devel@lists.linux.dev
[    1.783758] intel_pstate: CPU model not supported
[    1.785684] drop_monitor: Initializing network drop monitor service
[    1.788925] NET: Registered PF_INET6 protocol family
[    1.789935] GPT:Primary header thinks Alt. header is not at the end of the disk.
[    1.792324] Segment Routing with IPv6
[    1.793568] GPT:104857599 != 4194303999
[    1.793571] GPT:Alternate GPT header not at the end of the disk.
[    1.793572] GPT:104857599 != 4194303999
[    1.793573] GPT: Use GNU Parted to correct GPT errors.
[    1.793583]  sda: sda1 sda14 sda15 sda16
[    1.793950] sd 0:0:1:0: [sda] Attached SCSI disk
[    1.794861] In-situ OAM (IOAM) with IPv6
[    1.804843] NET: Registered PF_PACKET protocol family
[    1.807416] Key type dns_resolver registered
[    1.813927] IPI shorthand broadcast: enabled
[    1.817846] sched_clock: Marking stable (1537003675, 280738337)->(1981846098, -164104086)
[    1.820548] registered taskstats version 1
[    1.824269] Loading compiled-in X.509 certificates
[    1.826362] Loaded X.509 cert 'Build time autogenerated kernel key: e45cb4cd1c398ae218369364b5dd9534d3664c1e'
[    1.829879] Loaded X.509 cert 'Canonical Ltd. Live Patch Signing 2025 Kmod: d541cef61dc7e793b7eb7e899970a2eef0b5dc8c'
[    1.833318] Loaded X.509 cert 'Canonical Ltd. Live Patch Signing: 14df34d1a87cf37625abec039ef2bf521249b969'
[    1.836809] Loaded X.509 cert 'Canonical Ltd. Kernel Module Signing: 88f752e560a1e0737e31163a466ad7b70a850c19'
[    1.839804] blacklist: Loading compiled-in revocation X.509 certificates
[    1.841923] Loaded X.509 cert 'Canonical Ltd. Secure Boot Signing: 61482aa2830d0ab2ad5af10b7250da9033ddcef0'
[    1.845380] Loaded X.509 cert 'Canonical Ltd. Secure Boot Signing (2017): 242ade75ac4a15e50d50c84b0d45ff3eae707a03'
[    1.848516] Loaded X.509 cert 'Canonical Ltd. Secure Boot Signing (ESM 2018): 365188c1d374d6b07c3c8f240f8ef722433d6a8b'
[    1.851809] Loaded X.509 cert 'Canonical Ltd. Secure Boot Signing (2019): c0746fd6c5da3ae827864651ad66ae47fe24b3e8'
[    1.854300] Loaded X.509 cert 'Canonical Ltd. Secure Boot Signing (2021 v1): a8d54bbb3825cfb94fa13c9f8a594a195c107b8d'
[    1.856860] Loaded X.509 cert 'Canonical Ltd. Secure Boot Signing (2021 v2): 4cf046892d6fd3c9a5b03f98d845f90851dc6a8c'
[    1.859280] Loaded X.509 cert 'Canonical Ltd. Secure Boot Signing (2021 v3): 100437bb6de6e469b581e61cd66bce3ef4ed53af'
[    1.861424] Loaded X.509 cert 'Canonical Ltd. Secure Boot Signing (Ubuntu Core 2019): c1d57b8f6b743f23ee41f4f7ee292f06eecadfb9'
[    1.870119] Demotion targets for Node 0: null
[    1.871415] Key type .fscrypt registered
[    1.872304] Key type fscrypt-provisioning registered
[    1.873447] Key type big_key registered
[    1.874249] Key type trusted registered
[    1.877123] Key type encrypted registered
[    1.877978] AppArmor: AppArmor sha256 policy hashing enabled
[    1.879673] integrity: Loading X.509 certificate: UEFI:db
[    1.880964] integrity: Loaded X.509 cert 'Microsoft Corporation UEFI CA 2011: 13adbf4309bd82709c8cd54f316ed522988a1bd4'
[    1.883050] integrity: Loading X.509 certificate: UEFI:db
[    1.884290] integrity: Loaded X.509 cert 'Microsoft Windows Production PCA 2011: a92902398e16c49778cd90f99e4f9ae17c55af53'
[    1.886753] integrity: Loading X.509 certificate: UEFI:db
[    1.887875] integrity: Loaded X.509 cert 'Microsoft Corporation: Windows UEFI CA 2023: aefc5fbbbe055d8f8daa585473499417ab5a5272'
[    1.890168] integrity: Loading X.509 certificate: UEFI:db
[    1.891325] integrity: Loaded X.509 cert 'Microsoft UEFI CA 2023: 81aa6b3244c935bce0d6628af39827421e32497d'
[    1.893715] integrity: Revoking X.509 certificate: UEFI:dbx
[    1.895117] blacklist: Revoked X.509 cert 'Canonical Ltd. Secure Boot Signing: 61482aa2830d0ab2ad5af10b7250da9033ddcef0'
[    1.898370] integrity: Revoking X.509 certificate: UEFI:dbx
[    1.900192] blacklist: Revoked X.509 cert 'Cisco: Virtual UEFI SubCA: 13df2e3f54ebf347dcaecebf21d3cbb2355a4c9a'
[    1.903450] integrity: Revoking X.509 certificate: UEFI:dbx
[    1.905536] blacklist: Revoked X.509 cert 'Debian Secure Boot Signer: 00a7468def'
[    1.908329] Loading compiled-in module X.509 certificates
[    1.910605] Loaded X.509 cert 'Build time autogenerated kernel key: e45cb4cd1c398ae218369364b5dd9534d3664c1e'
[    1.913496] ima: Allocated hash algorithm: sha256
[    1.951193] ima: No architecture policies found
[    1.953155] evm: Initialising EVM extended attributes:
[    1.954747] evm: security.selinux
[    1.955757] evm: security.SMACK64
[    1.956969] evm: security.SMACK64EXEC
[    1.958128] evm: security.SMACK64TRANSMUTE
[    1.959376] evm: security.SMACK64MMAP
[    1.960518] evm: security.apparmor
[    1.961618] evm: security.ima
[    1.962613] evm: security.capability
[    1.963810] evm: HMAC attrs: 0x1
[    1.965519] PM:   Magic number: 10:675:608
[    1.969889] RAS: Correctable Errors collector initialized.
[    1.980457] input: AT Translated Set 2 keyboard as /devices/platform/i8042/serio0/input/input2
[    1.989240] clk: Disabling unused clocks
[    1.990557] PM: genpd: Disabling unused power domains
[    1.993384] check access for rdinit=/init failed: -2, ignoring
[    1.994344] md: Waiting for all devices to be available before autodetect
[    1.995494] md: If you don't use raid, use raid=noautodetect
[    1.996460] md: Autodetecting RAID arrays.
[    1.997492] md: autorun ...
[    1.998307] md: ... autorun DONE.
[    2.008558] EXT4-fs (sda1): mounted filesystem 89fcf612-67c3-434b-97ea-2cfdbfe01b5b ro with ordered data mode. Quota mode: none.
[    2.011880] VFS: Mounted root (ext4 filesystem) readonly on device 8:1.
[    2.015779] devtmpfs: mounted
[    2.018975] Freeing unused decrypted memory: 2028K
[    2.022079] Freeing unused kernel image (initmem) memory: 5404K
[    2.024081] Write protecting the kernel read-only data: 38912k
[    2.026652] Freeing unused kernel image (text/rodata gap) memory: 320K
[    2.029288] Freeing unused kernel image (rodata/data gap) memory: 776K
[    2.099379] x86/mm: Checked W+X mappings: passed, no W+X pages found.
[    2.101211] x86/mm: Checking user space page tables
[    2.167880] x86/mm: Checked W+X mappings: passed, no W+X pages found.
[    2.168906] Run /sbin/init as init process
[    2.399809] systemd[1]: Inserted module 'autofs4'
[    2.563357] systemd[1]: systemd 255.4-1ubuntu8.15 running in system mode (+PAM +AUDIT +SELINUX +APPARMOR +IMA +SMACK +SECCOMP +GCRYPT -GNUTLS +OPENSSL +ACL +BLKID +CURL +ELFUTILS +FIDO2 +IDN2 -IDN +IPTC +KMOD +LIBCRYPTSETUP +LIBFDISK +PCRE2 -PWQUALITY +P11KIT +QRENCODE +TPM2 +BZIP2 +LZ4 +XZ +ZLIB +ZSTD -BPF_FRAMEWORK -XKBCOMMON +UTMP +SYSVINIT default-hierarchy=unified)
[    2.568168] systemd[1]: Detected virtualization google.
[    2.568965] systemd[1]: Detected architecture x86-64.

Welcome to [1mUbuntu 24.04.4 LTS[0m!

[    2.576887] systemd[1]: No hostname configured, using default hostname.
[    2.578029] systemd[1]: Hostname set to <localhost>.
[    3.022600] systemd[1]: Queued start job for default target graphical.target.
[    3.049319] systemd[1]: Created slice system-modprobe.slice - Slice /system/modprobe.
[[0;32m  OK  [0m] Created slice [0;1;39msystem-modprobe.slice[0m - Slice /system/modprobe.
[    3.053863] systemd[1]: Created slice system-serial\x2dgetty.slice - Slice /system/serial-getty.
[[0;32m  OK  [0m] Created slice [0;1;39msystem-serial\x2dget…slice[0m - Slice /system/serial-getty.
[    3.059609] systemd[1]: Created slice system-systemd\x2dfsck.slice - Slice /system/systemd-fsck.
[[0;32m  OK  [0m] Created slice [0;1;39msystem-systemd\x2dfs…slice[0m - Slice /system/systemd-fsck.
[    3.065410] systemd[1]: Created slice user.slice - User and Session Slice.
[[0;32m  OK  [0m] Created slice [0;1;39muser.slice[0m - User and Session Slice.
[    3.069933] systemd[1]: Started systemd-ask-password-wall.path - Forward Password Requests to Wall Directory Watch.
[[0;32m  OK  [0m] Started [0;1;39msystemd-ask-password-wall.…[0md Requests to Wall Directory Watch.
[    3.075145] systemd[1]: Set up automount proc-sys-fs-binfmt_misc.automount - Arbitrary Executable File Formats File System Automount Point.
[[0;32m  OK  [0m] Set up automount [0;1;39mproc-sys-fs-binfm…[0mormats File System Automount Point.
[    3.079856] systemd[1]: Expecting device dev-disk-by\x2dlabel-BOOT.device - /dev/disk/by-label/BOOT...
         Expecting device [0;1;39mdev-disk-by\x2dla…device[0m - /dev/disk/by-label/BOOT...
[    3.084827] systemd[1]: Expecting device dev-disk-by\x2dlabel-UEFI.device - /dev/disk/by-label/UEFI...
         Expecting device [0;1;39mdev-disk-by\x2dla…device[0m - /dev/disk/by-label/UEFI...
[    3.087851] systemd[1]: Expecting device dev-ttyS0.device - /dev/ttyS0...
         Expecting device [0;1;39mdev-ttyS0.device[0m - /dev/ttyS0...
[    3.091877] systemd[1]: Reached target integritysetup.target - Local Integrity Protected Volumes.
[[0;32m  OK  [0m] Reached target [0;1;39mintegritysetup.targ…[0m Local Integrity Protected Volumes.
[    3.096871] systemd[1]: Reached target slices.target - Slice Units.
[[0;32m  OK  [0m] Reached target [0;1;39mslices.target[0m - Slice Units.
[    3.100851] systemd[1]: Reached target snapd.mounts-pre.target - Mounting snaps.
[[0;32m  OK  [0m] Reached target [0;1;39msnapd.mounts-pre.target[0m - Mounting snaps.
[    3.104837] systemd[1]: Reached target swap.target - Swaps.
[[0;32m  OK  [0m] Reached target [0;1;39mswap.target[0m - Swaps.
[    3.108840] systemd[1]: Reached target time-set.target - System Time Set.
[[0;32m  OK  [0m] Reached target [0;1;39mtime-set.target[0m - System Time Set.
[    3.112878] systemd[1]: Reached target veritysetup.target - Local Verity Protected Volumes.
[[0;32m  OK  [0m] Reached target [0;1;39mveritysetup.target[0m - Local Verity Protected Volumes.
[    3.117965] systemd[1]: Listening on dm-event.socket - Device-mapper event daemon FIFOs.
[[0;32m  OK  [0m] Listening on [0;1;39mdm-event.socket[0m - Device-mapper event daemon FIFOs.
[    3.123039] systemd[1]: Listening on lvm2-lvmpolld.socket - LVM2 poll daemon socket.
[[0;32m  OK  [0m] Listening on [0;1;39mlvm2-lvmpolld.socket[0m - LVM2 poll daemon socket.
[    3.127002] systemd[1]: Listening on multipathd.socket - multipathd control socket.
[[0;32m  OK  [0m] Listening on [0;1;39mmultipathd.socket[0m - multipathd control socket.
[    3.131029] systemd[1]: Listening on syslog.socket - Syslog Socket.
[[0;32m  OK  [0m] Listening on [0;1;39msyslog.socket[0m - Syslog Socket.
[    3.134986] systemd[1]: Listening on systemd-fsckd.socket - fsck to fsckd communication Socket.
[[0;32m  OK  [0m] Listening on [0;1;39msystemd-fsckd.socket[0m …fsck to fsckd communication Socket.
[    3.139924] systemd[1]: Listening on systemd-initctl.socket - initctl Compatibility Named Pipe.
[[0;32m  OK  [0m] Listening on [0;1;39msystemd-initctl.socke…[0m- initctl Compatibility Named Pipe.
[    3.145057] systemd[1]: Listening on systemd-journald-dev-log.socket - Journal Socket (/dev/log).
[[0;32m  OK  [0m] Listening on [0;1;39msystemd-journald-dev-…socket[0m - Journal Socket (/dev/log).
[    3.150025] systemd[1]: Listening on systemd-journald.socket - Journal Socket.
[[0;32m  OK  [0m] Listening on [0;1;39msystemd-journald.socket[0m - Journal Socket.
[    3.155110] systemd[1]: Listening on systemd-networkd.socket - Network Service Netlink Socket.
[[0;32m  OK  [0m] Listening on [0;1;39msystemd-networkd.socket[0m - Network Service Netlink Socket.
[    3.159870] systemd[1]: systemd-pcrextend.socket - TPM2 PCR Extension (Varlink) was skipped because of an unmet condition check (ConditionSecurity=measured-uki).
[    3.162269] systemd[1]: Listening on systemd-udevd-control.socket - udev Control Socket.
[[0;32m  OK  [0m] Listening on [0;1;39msystemd-udevd-control.socket[0m - udev Control Socket.
[    3.167002] systemd[1]: Listening on systemd-udevd-kernel.socket - udev Kernel Socket.
[[0;32m  OK  [0m] Listening on [0;1;39msystemd-udevd-kernel.socket[0m - udev Kernel Socket.
[    3.189900] systemd[1]: Mounting dev-hugepages.mount - Huge Pages File System...
         Mounting [0;1;39mdev-hugepages.mount[0m - Huge Pages File System...
[    3.193805] systemd[1]: Mounting dev-mqueue.mount - POSIX Message Queue File System...
         Mounting [0;1;39mdev-mqueue.mount[0m - POSIX Message Queue File System...
[    3.199058] systemd[1]: Mounting sys-kernel-debug.mount - Kernel Debug File System...
         Mounting [0;1;39msys-kernel-debug.mount[0m - Kernel Debug File System...
[    3.205007] systemd[1]: Mounting sys-kernel-tracing.mount - Kernel Trace File System...
         Mounting [0;1;39msys-kernel-tracing.mount[0m - Kernel Trace File System...
[    3.213453] systemd[1]: Starting systemd-journald.service - Journal Service...
         Starting [0;1;39msystemd-journald.service[0m - Journal Service...
[    3.219350] systemd[1]: Starting keyboard-setup.service - Set the console keyboard layout...
         Starting [0;1;39mkeyboard-setup.service[0m - Set the console keyboard layout...
[    3.225440] systemd[1]: Starting kmod-static-nodes.service - Create List of Static Device Nodes...
         Starting [0;1;39mkmod-static-nodes.service[0m…eate List of Static Device Nodes...
[    3.230010] systemd[1]: Starting lvm2-monitor.service - Monitoring of LVM2 mirrors, snapshots etc. using dmeventd or progress polling...
         Starting [0;1;39mlvm2-monitor.service[0m - Mo…ing dmeventd or progress polling...
[    3.236129] systemd[1]: Starting modprobe@configfs.service - Load Kernel Module configfs...
[    3.236633] systemd-journald[287]: Collecting audit messages is disabled.
         Starting [0;1;39mmodprobe@configfs.service[0m - Load Kernel Module configfs...
[    3.243257] systemd[1]: Starting modprobe@dm_mod.service - Load Kernel Module dm_mod...
         Starting [0;1;39mmodprobe@dm_mod.service[0m - Load Kernel Module dm_mod...
[    3.249141] systemd[1]: Starting modprobe@drm.service - Load Kernel Module drm...
         Starting [0;1;39mmodprobe@drm.service[0m - Load Kernel Module drm...
[    3.253075] systemd[1]: Starting modprobe@efi_pstore.service - Load Kernel Module efi_pstore...
         Starting [0;1;39mmodprobe@efi_pstore.servi…[0m - Load Kernel Module efi_pstore...
[    3.257842] systemd[1]: Starting modprobe@fuse.service - Load Kernel Module fuse...
         Starting [0;1;39mmodprobe@fuse.service[0m - Load Kernel Module fuse...
[    3.263336] systemd[1]: Starting modprobe@loop.service - Load Kernel Module loop...
[    3.263429] pstore: Using crash dump compression: deflate
         Starting [0;1;39mmodprobe@loop.service[0m - Load Kernel Module loop...
[    3.270101] systemd[1]: Starting modprobe@nvme_fabrics.service - Load Kernel Module nvme_fabrics...
         Starting [0;1;39mmodprobe@nvme_fabrics.ser…[0m Load[    3.272505] pstore: Registered efi_pstore as persistent store backend
 Kernel Module nvme_fabrics...
[    3.276221] systemd[1]: netplan-ovs-cleanup.service - OpenVSwitch configuration for cleanup was skipped because of an unmet condition check (ConditionFileIsExecutable=/usr/bin/ovs-vsctl).
[    3.280265] systemd[1]: Starting systemd-fsck-root.service - File System Check on Root Device...
         Starting [0;1;39msystemd-fsck-root.service[0m…File System Check on Root Device...
[    3.289308] systemd[1]: Starting systemd-modules-load.service - Load Kernel Modules...
         Starting [0;1;39msystemd-modules-load.service[0m - Load Kernel Modules...
[    3.293826] systemd[1]: systemd-pcrmachine.service - TPM2 PCR Machine ID Measurement was skipped because of an unmet condition check (ConditionSecurity=measured-uki).
[    3.296196] systemd[1]: systemd-tpm2-setup-early.service - TPM2 SRK Setup (Early) was skipped because of an unmet condition check (ConditionSecurity=measured-uki).
[    3.299935] systemd[1]: Starting systemd-udev-trigger.service - Coldplug All udev Devices...
         Starting [0;1;39msystemd-udev-trigger.service[0m - Coldplug All udev Devices...
[    3.303261] systemd[1]: Started systemd-journald.service - Journal Service.
[[0;32m  OK  [0m] Started [0;1;39msystemd-journald.service[0m - Journal Service.
[[0;32m  OK  [0m] Mounted [0;1;39mdev-hugepages.mount[0m - Huge Pages File System.
[[0;32m  OK  [0m] Mounted [0;1;39mdev-mqueue.mount[0m - POSIX Message Queue File System.
[[0;32m  OK  [0m] Mounted [0;1;39msys-kernel-debug.mount[0m - Kernel Debug File System.
[[0;32m  OK  [0m] Mounted [0;1;39msys-kernel-tracing.mount[0m - Kernel Trace File System.
[[0;32m  OK  [0m] Finished [0;1;39mkeyboard-setup.service[0m - Set the console keyboard layout.
[[0;32m  OK  [0m] Finished [0;1;39mkmod-static-nodes.service[0m…Create List of Static Device Nodes.
[[0;32m  OK  [0m] Finished [0;1;39mmodprobe@configfs.service[0m - Load Kernel Module configfs.
[[0;32m  OK  [0m] Finished [0;1;39mmodprobe@dm_mod.service[0m - Load Kernel Module dm_mod.
[[0;32m  OK  [0m] Finished [0;1;39mmodprobe@drm.service[0m - Load Kernel Module drm.
[[0;32m  OK  [0m] Finished [0;1;39mmodprobe@efi_pstore.service[0m - Load Kernel Module efi_pstore.
[[0;32m  OK  [0m] Finished [0;1;39mmodprobe@fuse.service[0m - Load Kernel Module fuse.
[[0;32m  OK  [0m] Finished [0;1;39mmodprobe@loop.service[0m - Load Kernel Module loop.
[[0;32m  OK  [0m] Finished [0;1;39mmodprobe@nvme_fabrics.ser…[0m - Load Kernel Module nvme_fabrics.
[[0;32m  OK  [0m] Finished [0;1;39msystemd-modules-load.service[0m - Load Kernel Modules.
         Mounting [0;1;39msys-fs-fuse-connections.mount[0m - FUSE Control File System...
         Mounting [0;1;39msys-kernel-config.mount[0m - Kernel Configuration File System...
[[0;32m  OK  [0m] Started [0;1;39msystemd-fsckd.service[0m - Fi…stem Check Daemon to report status.
         Starting [0;1;39msystemd-sysctl.service[0m - Apply Kernel Variables...
         Starting [0;1;39msystemd-tmpfiles-setup-de…[0m Device Nodes in /dev gracefully...
[[0;32m  OK  [0m] Finished [0;1;39mlvm2-monitor.service[0m - Mo…using dmeventd or progress polling.
[[0;32m  OK  [0m] Finished [0;1;39msystemd-fsck-root.service[0m - File System Check on Root Device.
[[0;32m  OK  [0m] Mounted [0;1;39msys-fs-fuse-connections.mount[0m - FUSE Control File System.
[[0;32m  OK  [0m] Mounted [0;1;39msys-kernel-config.mount[0m - Kernel Configuration File System.
         Starting [0;1;39msystemd-remount-fs.servic…[0munt Root and Kernel File Systems...
[[0;32m  OK  [0m] Finished [0;1;39msystemd-sysctl.service[0m - Apply Kernel Variables.
[[0;32m  OK  [0m] Finished [0;1;39msystemd-tmpfiles-setup-de…[0mic Device Nodes in /dev gracefully.
[[0;32m  OK  [0m] Finished [0;1;39msystemd-remount-fs.servic…[0mmount Root and Kernel File Systems.
         Starting [0;1;39mmultipathd.service[0m - Devi…pper Multipath Device Controller...
         Starting [0;1;39msystemd-journal-flush.ser…[0msh Journal to Persistent Storage...
         Starting [0;1;39msystemd-random-seed.service[0m - Load/Save OS Random Seed...
         Starting [0;1;39msystemd-tmpfiles-setup-de…[0meate Static Device Nodes in /dev...
[[0;32m  OK  [0m] Finished [0;1;39msystemd-udev-trigger.service[0m - Coldplug All udev Devices.
[[0;32m  OK  [0m] Finished [0;1;39msystemd-random-seed.service[0m - Load/Save OS Random Seed.
[[0;32m  OK  [0m] Finished [0;1;39msystemd-tmpfiles-setup-de…[0mCreate Static Device Nodes in /dev.
         Starting [0;1;39msystemd-udevd.service[0m - R…ager for Device Events and Files...
[[0;32m  OK  [0m] Started [0;1;39mmultipathd.service[0m - Devic…Mapper Multipath Device Controller.
[[0;32m  OK  [0m] Started [0;1;39msystemd-udevd.service[0m - Ru…anager for Device Events and Files.
[[0;32m  OK  [0m] Reached target [0;1;39mlocal-fs-pre.target[0m…Preparation for Local File Systems.
         Mounting [0;1;39msnap-core22-2411.mount[0m - …t unit for core22, revision 2411...
         Mounting [0;1;39msnap-google\x2dcloud\x2dc…[0mr google-cloud-cli, revision 448...
         Mounting [0;1;39msnap-snapd-26865.mount[0m - …t unit for snapd, revision 26865...
[[0;32m  OK  [0m] Started [0;1;39msystemd-ask-password-conso…[0mequests to Console Directory Watch.
[[0;32m  OK  [0m] Reached target [0;1;39mcryptsetup.target[0m - Local Encrypted Volumes.
[[0;32m  OK  [0m] Finished [0;1;39msystemd-journal-flush.ser…[0mlush Journal to Persistent Storage.
[[0;32m  OK  [0m] Mounted [0;1;39msnap-core22-2411.mount[0m - Mount unit for core22, revision 2411.
[[0;32m  OK  [0m] Mounted [0;1;39msnap-google\x2dcloud\x2dcl…[0mfor google-cloud-cli, revision 448.
[[0;32m  OK  [0m] Mounted [0;1;39msnap-snapd-26865.mount[0m - Mount unit for snapd, revision 26865.
[[0;32m  OK  [0m] Found device [0;1;39mdev-ttyS0.device[0m - /dev/ttyS0.
[[0;32m  OK  [0m] Found device [0;1;39mdev-disk-by\x2dlabel-UEFI.device[0m - PersistentDisk UEFI.
[[0;32m  OK  [0m] Found device [0;1;39mdev-disk-by\x2dlabel-BOOT.device[0m - PersistentDisk BOOT.
[[0;32m  OK  [0m] Reached target [0;1;39msnapd.mounts.target[0m - Mounted snaps.
[[0;32m  OK  [0m] Listening on [0;1;39msystemd-rfkill.socket[0m…ll Switch Status /dev/rfkill Watch.
[    3.999398] 
         Starting [0;1;39msystemd-fsck@dev-disk-by\…[0mCheck on /dev/disk/by-label/BOOT...
         Starting [0;1;39msystemd-fsck@dev-disk-by\…[0mCheck on /dev/disk/by-label/UEFI...
Checking in progress on 1 disk (0.0% complete)[[0;32m  OK  [0m] Finished [0;1;39msystemd-fsck@dev-disk-by\…[0mm Check on /dev/disk/by-label/BOOT.
Checking in progress on 0 disks (100.0% complete)[[0;32m  OK  [0m] Finished [0;1;39msystemd-fsck@dev-disk-by\…[0mm Check on /dev/disk/by-label/UEFI.
         Mounting [0;1;39mboot.mount[0m - /boot...
[[0;32m  OK  [0m] Mounted [0;1;39mboot.mount[0m - /boot.
         Mounting [0;1;39mboot-efi.mount[0m - /boot/efi...
[[0;32m  OK  [0m] Mounted [0;1;39mboot-efi.mount[0m - /boot/efi.
[[0;32m  OK  [0m] Reached target [0;1;39mlocal-fs.target[0m - Local File Systems.
[[0;32m  OK  [0m] Listening on [0;1;39msystemd-sysext.socket[0m…tension Image Management (Varlink).
         Starting [0;1;39mapparmor.service[0m - Load AppArmor profiles...
         Starting [0;1;39mconsole-setup.service[0m - Set console font and keymap...
         Starting [0;1;39mfinalrd.service[0m - Create …time dir for shutdown pivot root...
         Starting [0;1;39mplymouth-read-write.servi…[0mymouth To Write Out Runtime Data...
         Starting [0;1;39msystemd-binfmt.service[0m - Set Up Additional Binary Formats...
         Starting [0;1;39msystemd-tmpfiles-setup.se…[0me Volatile Files and Directories...
         Starting [0;1;39mufw.service[0m - Uncomplicated firewall...
[[0;32m  OK  [0m] Finished [0;1;39mconsole-setup.service[0m - Set console font and keymap.
[[0;32m  OK  [0m] Finished [0;1;39mfinalrd.service[0m - Create …untime dir for shutdown pivot root.
[[0;32m  OK  [0m] Finished [0;1;39mplymouth-read-write.servi…[0mPlymouth To Write Out Runtime Data.
[[0;32m  OK  [0m] Finished [0;1;39mufw.service[0m - Uncomplicated firewall.
[[0;32m  OK  [0m] Finished [0;1;39mapparmor.service[0m - Load AppArmor profiles.
[[0;32m  OK  [0m] Finished [0;1;39msystemd-tmpfiles-setup.se…[0mate Volatile Files and Directories.
         Mounting [0;1;39mproc-sys-fs-binfmt_misc.m…[0mcutable File Formats File System...
         Starting [0;1;39msnapd.apparmor.service[0m - …iles managed internally by snapd...
         Starting [0;1;39msystemd-resolved.service[0m - Network Name Resolution...
         Starting [0;1;39msystemd-update-utmp.servi…[0mord System Boot/Shutdown in UTMP...
         Starting [0;1;39mcloud-init-local.service[0m …-init: Local Stage (pre-network)...
[[0;32m  OK  [0m] Mounted [0;1;39mproc-sys-fs-binfmt_misc.mo…[0mxecutable File Formats File System.
[[0;32m  OK  [0m] Finished [0;1;39msystemd-update-utmp.servi…[0mecord System Boot/Shutdown in UTMP.
[[0;32m  OK  [0m] Finished [0;1;39msystemd-binfmt.service[0m - Set Up Additional Binary Formats.
         Starting [0;1;39mmodprobe@dm_mod.service[0m - Load Kernel Module dm_mod...
         Starting [0;1;39mmodprobe@efi_pstore.servi…[0m - Load Kernel Module efi_pstore...
         Starting [0;1;39mmodprobe@loop.service[0m - Load Kernel Module loop...
[[0;32m  OK  [0m] Finished [0;1;39mmodprobe@dm_mod.service[0m - Load Kernel Module dm_mod.
[[0;32m  OK  [0m] Finished [0;1;39mmodprobe@efi_pstore.service[0m - Load Kernel Module efi_pstore.
[[0;32m  OK  [0m] Finished [0;1;39mmodprobe@loop.service[0m - Load Kernel Module loop.
[[0;32m  OK  [0m] Started [0;1;39msystemd-resolved.service[0m - Network Name Resolution.
[[0;32m  OK  [0m] Reached target [0;1;39mnss-lookup.target[0m - Host and Network Name Lookups.
[[0;32m  OK  [0m] Finished [0;1;39msnapd.apparmor.service[0m - …ofiles managed internally by snapd.
[    6.222587] cloud-init[711]: Cloud-init v. 25.3-0ubuntu1~24.04.1 running 'init-local' at Thu, 28 May 2026 00:37:40 +0000. Up 6.19 seconds.
         Starting [0;1;39mmodprobe@dm_mod.service[0m - Load Kernel Module dm_mod...
         Starting [0;1;39mmodprobe@efi_pstore.servi…[0m - Load Kernel Module efi_pstore...
         Starting [0;1;39mmodprobe@loop.service[0m - Load Kernel Module loop...
[[0;32m  OK  [0m] Finished [0;1;39mmodprobe@dm_mod.service[0m - Load Kernel Module dm_mod.
[[0;32m  OK  [0m] Finished [0;1;39mmodprobe@efi_pstore.service[0m - Load Kernel Module efi_pstore.
[[0;32m  OK  [0m] Finished [0;1;39mmodprobe@loop.service[0m - Load Kernel Module loop.
         Starting [0;1;39mmodprobe@dm_mod.service[0m - Load Kernel Module dm_mod...
         Starting [0;1;39mmodprobe@efi_pstore.servi…[0m - Load Kernel Module efi_pstore...
         Starting [0;1;39mmodprobe@loop.service[0m - Load Kernel Module loop...
[[0;32m  OK  [0m] Finished [0;1;39mmodprobe@dm_mod.service[0m - Load Kernel Module dm_mod.
[[0;32m  OK  [0m] Finished [0;1;39mmodprobe@efi_pstore.service[0m - Load Kernel Module efi_pstore.
[[0;32m  OK  [0m] Finished [0;1;39mmodprobe@loop.service[0m - Load Kernel Module loop.
[[0;32m  OK  [0m] Finished [0;1;39mcloud-init-local.service[0m …ud-init: Local Stage (pre-network).
[[0;32m  OK  [0m] Reached target [0;1;39mnetwork-pre.target[0m - Preparation for Network.
         Starting [0;1;39msystemd-networkd.service[0m - Network Configuration...
[[0;32m  OK  [0m] Started [0;1;39msystemd-networkd.service[0m - Network Configuration.
[[0;32m  OK  [0m] Reached target [0;1;39mnetwork.target[0m - Network.
         Starting [0;1;39msystemd-networkd-wait-onl…[0mait for Network to be Configured...
[[0;32m  OK  [0m] Finished [0;1;39msystemd-networkd-wait-onl…[0m Wait for Network to be Configured.
         Starting [0;1;39mcloud-init.service[0m - Cloud-init: Network Stage...
[    9.676998] cloud-init[805]: Cloud-init v. 25.3-0ubuntu1~24.04.1 running 'init' at Thu, 28 May 2026 00:37:43 +0000. Up 9.65 seconds.
[    9.690207] cloud-init[805]: ci-info: +++++++++++++++++++++++++++++++++++++++Net device info+++++++++++++++++++++++++++++++++++++++
[    9.703167] cloud-init[805]: ci-info: +--------+------+----------------------------+-----------------+--------+-------------------+
[    9.716212] cloud-init[805]: ci-info: | Device |  Up  |          Address           |       Mask      | Scope  |     Hw-Address    |
[    9.729176] cloud-init[805]: ci-info: +--------+------+----------------------------+-----------------+--------+-------------------+
[    9.742273] cloud-init[805]: ci-info: |  ens5  | True |       10.128.15.221        | 255.255.255.255 | global | 42:01:0a:80:0f:dd |
[    9.755310] cloud-init[805]: ci-info: |  ens5  | True | fe80::4001:aff:fe80:fdd/64 |        .        |  link  | 42:01:0a:80:0f:dd |
[    9.768184] cloud-init[805]: ci-info: |   lo   | True |         127.0.0.1          |    255.0.0.0    |  host  |         .         |
[    9.781184] cloud-init[805]: ci-info: |   lo   | True |          ::1/128           |        .        |  host  |         .         |
[    9.794218] cloud-init[805]: ci-info: +--------+------+----------------------------+-----------------+--------+-------------------+
[    9.807183] cloud-init[805]: ci-info: +++++++++++++++++++++++++++++++Route IPv4 info++++++++++++++++++++++++++++++++
[    9.819270] cloud-init[805]: ci-info: +-------+-----------------+------------+-----------------+-----------+-------+
[    9.831217] cloud-init[805]: ci-info: | Route |   Destination   |  Gateway   |     Genmask     | Interface | Flags |
[    9.843337] cloud-init[805]: ci-info: +-------+-----------------+------------+-----------------+-----------+-------+
[    9.856271] cloud-init[805]: ci-info: |   0   |     0.0.0.0     | 10.128.0.1 |     0.0.0.0     |    ens5   |   UG  |
[    9.868245] cloud-init[805]: ci-info: |   1   |    10.128.0.1   |  0.0.0.0   | 255.255.255.255 |    ens5   |   UH  |
[    9.880198] cloud-init[805]: ci-info: |   2   | 169.254.169.254 | 10.128.0.1 | 255.255.255.255 |    ens5   |  UGH  |
[    9.892184] cloud-init[805]: ci-info: +-------+-----------------+------------+-----------------+-----------+-------+
[    9.905273] cloud-init[805]: ci-info: +++++++++++++++++++Route IPv6 info+++++++++++++++++++
[    9.914188] cloud-init[805]: ci-info: +-------+-------------+---------+-----------+-------+
[    9.923340] cloud-init[805]: ci-info: | Route | Destination | Gateway | Interface | Flags |
[    9.932229] cloud-init[805]: ci-info: +-------+-------------+---------+-----------+-------+
[    9.941178] cloud-init[805]: ci-info: |   0   |  fe80::/64  |    ::   |    ens5   |   U   |
[    9.950168] cloud-init[805]: ci-info: |   2   |    local    |    ::   |    ens5   |   U   |
[    9.959218] cloud-init[805]: ci-info: |   3   |  multicast  |    ::   |    ens5   |   U   |
[    9.969130] cloud-init[805]: ci-info: +-------+-------------+---------+-----------+-------+
[   15.972663] cloud-init[805]: Generating public/private rsa key pair.
[   15.981188] cloud-init[805]: Your identification has been saved in /etc/ssh/ssh_host_rsa_key
[   15.991200] cloud-init[805]: Your public key has been saved in /etc/ssh/ssh_host_rsa_key.pub
[   16.001208] cloud-init[805]: The key fingerprint is:
[   16.007166] cloud-init[805]: SHA256:aI/deyt42ygzsyYvQkLARjtXCx4+wZPpdaDEbdsvj0s root@loadgen-xwdk
[   16.017195] cloud-init[805]: The key's randomart image is:
[   16.023157] cloud-init[805]: +---[RSA 3072]----+
[   16.029158] cloud-init[805]: |o.o=+o.          |
[   16.035219] cloud-init[805]: |.o=**+..         |
[[0;32m  OK  [0m] Finished [0;1;39mcloud-init.service[0m - Cloud-init: Network Stage.
[   16.041189] cloud-init[805]: |.+.*+.+          |
[[0;32m  OK  [0m] Reached target [0;1;39mcloud-config.target[0m - Cloud-config availability.
[   16.055227] cloud-init[805]: |  +... o         |
[[0;32m  OK  [0m] Reached target [0;1;39mnetwork-online.target[0m - Network is Online.
[   16.069202] cloud-init[805]: | .    o S        |
[[0;32m  OK  [0m] Reached target [0;1;39msysinit.target[0m - System Initialization.
[   16.083194] cloud-init[805]: |  . .. = o       |
[[0;32m  OK  [0m] Started [0;1;39mnvidia-cdi-refresh.path[0m - …r toolkit install / upgrade events.
[   16.097207] cloud-init[805]: |   o  .E*..      |
[[0;32m  OK  [0m] Started [0;1;39mgce-workload-cert-refresh.…[0mWorkload Certificate refresh timer.
[   16.114181] cloud-init[805]: |    . +.B.o+.    |
[[0;32m  OK  [0m] Started [0;1;39mgoogle-oslogin-cache.timer[0m - NSS cache refresh timer.
[   16.130199] cloud-init[805]: |     . *+B++o.   |
[[0;32m  OK  [0m] Started [0;1;39msystemd-tmpfiles-clean.tim…[0my Cleanup of Temporary Directories.
[   16.144181] cloud-init[805]: +----[SHA256]-----+
[[0;32m  OK  [0m] Started [0;1;39mupdate-notifier-download.t…[0mhat failed at package install time.
[   16.160174] cloud-init[805]: Generating public/private ecdsa key pair.
[   16.177247] cloud-init[805]: Your identification has been saved in /etc/ssh/ssh_host_ecdsa_key
[[0;32m  OK  [0m] Reached target [0;1;39mpaths.target[0m - Path Units.
[   16.177352] cloud-init[805]: Your public key has been saved in /etc/ssh/ssh_host_ecdsa_key.pub
[[0;32m  OK  [0m] Listening on [0;1;39mcloud-init-hotplugd.s…t[0m - cloud-init hotplug hook socket.
[   16.203288] cloud-init[805]: The key fingerprint is:
[[0;32m  OK  [0m] Listening on [0;1;39mdbus.socket[0m - D-Bus System Message Bus Socket.
[   16.219165] cloud-init[805]: SHA256:oKjcsEAJQWhEllHlFp247nR0MCrDN1O6BGvWn3Q9ACk root@loadgen-xwdk
         Starting [0;1;39mdocker.socket[0m - Docker Socket for the API...
[   16.238210] cloud-init[805]: The key's randomart image is:
[[0;32m  OK  [0m] Listening on [0;1;39miscsid.socket[0m - Open-iSCSI iscsid Socket.
[   16.251199] cloud-init[805]: +---[ECDSA 256]---+
         Starting [0;1;39mlxd-installer.socket[0m - He…er to install lxd snap on demand...
[   16.264217] cloud-init[805]: |BB+..oo.+        |
         Starting [0;1;39msnapd.socket[0m - Socket activation for snappy daemon...
[   16.279195] cloud-init[805]: |+o...E.B .       |
[[0;32m  OK  [0m] Listening on [0;1;39mssh.socket[0m - OpenBSD Secure Shell server socket.
[   16.295163] cloud-init[805]: |.o. +oB o o      |
[[0;32m  OK  [0m] Listening on [0;1;39muuidd.socket[0m - UUID daemon activation socket.
[   16.311244] cloud-init[805]: |.  O.@ + o o     |
[[0;32m  OK  [0m] Finished [0;1;39mblk-availability.service[0m - Availability of block devices.
[   16.326218] cloud-init[805]: |..+ B B S   .    |
[[0;32m  OK  [0m] Listening on [0;1;39mdocker.socket[0m - Docker Socket for the API.
[   16.342190] cloud-init[805]: |o.+  + +         |
[[0;32m  OK  [0m] Listening on [0;1;39mlxd-installer.socket[0m …lper to install lxd snap on demand.
[   16.357175] cloud-init[805]: |.o .o .          |
[[0;32m  OK  [0m] Listening on [0;1;39msnapd.socket[0m - Socket activation for snappy daemon.
[   16.373175] cloud-init[805]: |     .           |
[[0;32m  OK  [0m] Reached target [0;1;39msockets.target[0m - Socket Units.
[   16.389214] cloud-init[805]: |                 |
[[0;32m  OK  [0m] Reached target [0;1;39mbasic.target[0m - Basic System.
[   16.398346] cloud-init[805]: +----[SHA256]-----+
[   16.417179] cloud-init[805]: Generating public/private ed25519 key pair.
[   16.425202] cloud-init[805]: Your identification has been saved in /etc/ssh/ssh_host_ed25519_key
[   16.435205] cloud-init[805]: Your public key has been saved in /etc/ssh/ssh_host_ed25519_key.pub
         Starting [0;1;39mchrony.service[0m - chrony, an NTP client/server...
[   16.446227] cloud-init[805]: The key fingerprint is:
[   16.461157] cloud-init[805]: SHA256:EbnZXlBon2jESlo4DEh1hvCnAe9suzdnML83D3dRdyQ root@loadgen-xwdk
[   16.471174] cloud-init[805]: The key's randomart image is:
         Starting [0;1;39mcloud-config.service[0m - Cloud-init: Config Stage...
[   16.477134] cloud-init[805]: +--[ED25519 256]--+
[   16.477227] cloud-init[805]: | .++o+o..o o. E .|
[   16.477411] cloud-init[805]: |  .+.o+ +.*    o |
[   16.477449] cloud-init[805]: |    + .=.B + .  +|
[   16.477489] cloud-init[805]: |   o +. +.+ +  .o|
[   16.477529] cloud-init[805]: |    =   So .  .  |
         Starting [0;1;39mdbus.service[0m - D-Bus System Message Bus...
[   16.508371] cloud-init[805]: |   . .o   .    . |
[[0;32m  OK  [0m] Started [0;1;39mdmesg.service[0m - Save initial kernel messages after boot.
[   16.522329] cloud-init[805]: |    .  +  . . .  |
[   16.537310] cloud-init[805]: |     .o + oo .   |
         Starting [0;1;39me2scrub_reap.service[0m - Re…ne ext4 Metadata Check Snapshots...
[   16.543328] cloud-init[805]: |    .. +.o o.    |
[   16.557337] cloud-init[805]: +----[SHA256]-----+
         Starting [0;1;39mgce-workload-cert-refresh…[0mGCE Workload Certificate refresh...
[[0;32m  OK  [0m] Started [0;1;39mgoogle-osconfig-agent.service[0m - Google OSConfig Agent.
         Starting [0;1;39mgoogle-oslogin-cache.service[0m - NSS cache refresh...
         Starting [0;1;39mgrub-common.service[0m - Record successful boot for GRUB...
         Starting [0;1;39mnetworkd-dispatcher.servi…[0mcher daemon for systemd-networkd...
         Starting [0;1;39mnvidia-persistenced.service[0m - NVIDIA Persistence Daemon...
         Starting [0;1;39mnvmf-autoconnect.service[0m …ystems automatically during boot...
         Starting [0;1;39mrsyslog.service[0m - System Logging Service...
         Starting [0;1;39msecureboot-db.service[0m - Secure Boot updates for DB and DBX...
[[0;32m  OK  [0m] Reached target [0;1;39mgetty-pre.target[0m - Preparation for Logins.
         Starting [0;1;39msnapd.seeded.service[0m - Wait until snapd is fully seeded...
         Starting [0;1;39msnapd.service[0m - Snap Daemon...
         Starting [0;1;39msysstat.service[0m - Resets System Activity Logs...
         Starting [0;1;39msystemd-logind.service[0m - User Login Management...
[[0;32m  OK  [0m] Started [0;1;39mubuntu-advantage.service[0m - Ubuntu Pro Background Auto Attach.
[[0;32m  OK  [0m] Started [0;1;39mdbus.service[0m - D-Bus System Message Bus.
[[0;32m  OK  [0m] Finished [0;1;39mgce-workload-cert-refresh…[0m- GCE Workload Certificate refresh.
[[0;32m  OK  [0m] Finished [0;1;39mgoogle-oslogin-cache.service[0m - NSS cache refresh.
[[0;32m  OK  [0m] Started [0;1;39msystemd-logind.service[0m - User Login Management.
[[0;32m  OK  [0m] Started [0;1;39mnetworkd-dispatcher.servic…[0matcher daemon for systemd-networkd.
[[0;32m  OK  [0m] Started [0;1;39mnvidia-persistenced.service[0m - NVIDIA Persistence Daemon.
[[0;32m  OK  [0m] Finished [0;1;39mnvmf-autoconnect.service[0m …bsystems automatically during boot.
[[0;32m  OK  [0m] Finished [0;1;39msysstat.service[0m - Resets System Activity Logs.
[[0;32m  OK  [0m] Finished [0;1;39mgrub-common.service[0m - Record successful boot for GRUB.
[[0;32m  OK  [0m] Reached target [0;1;39mremote-fs-pre.targe…[0mreparation for Remote File Systems.
[[0;32m  OK  [0m] Reached target [0;1;39mremote-fs.target[0m - Remote File Systems.
[   16.961406] cloud-init[1021]: Cloud-init v. 25.3-0ubuntu1~24.04.1 running 'modules:config' at Thu, 28 May 2026 00:37:50 +0000. Up 16.91 seconds.
         Starting [0;1;39mapport.service[0m - automatic crash report generation...
         Starting [0;1;39mcontainerd.service[0m - containerd container runtime...
[[0;32m  OK  [0m] Started [0;1;39mcron.service[0m - Regular background program processing daemon.
         Starting [0;1;39mgrub-initrd-fallback.service[0m - GRUB failed boot detection...
         Starting [0;1;39msystemd-hostnamed.service[0m - Hostname Service...
         Starting [0;1;39msystemd-user-sessions.service[0m - Permit User Sessions...
[[0;32m  OK  [0m] Started [0;1;39mchrony.service[0m - chrony, an NTP client/server.
[[0;32m  OK  [0m] Finished [0;1;39me2scrub_reap.service[0m - Re…line ext4 Metadata Check Snapshots.
[[0;32m  OK  [0m] Finished [0;1;39msecureboot-db.service[0m - Secure Boot updates for DB and DBX.
[[0;32m  OK  [0m] Finished [0;1;39msystemd-user-sessions.service[0m - Permit User Sessions.
[[0;32m  OK  [0m] Finished [0;1;39mgrub-initrd-fallback.service[0m - GRUB failed boot detection.
         Stopping [0;1;39mchrony.service[0m - chrony, an NTP client/server...
2026-05-28T00:37:51.237004+00:00 loadgen-xwdk systemd[1]: Mounted dev-hugepages.mount - Huge Pages File System.
2026-05-28T00:37:51.237299+00:00 loadgen-xwdk systemd[1]: Mounted dev-mqueue.mount - POSIX Message Queue File System.
2026-05-28T00:37:51.237183+00:00 loadgen-xwdk kernel: Linux version 6.17.0-1013-gcp (buildd@lcy02-amd64-034) (x86_64-linux-gnu-gcc-13 (Ubuntu 13.3.0-6ubuntu2~24.04.1) 13.3.0, GNU ld (GNU Binutils for Ubuntu) 2.42) #13~24.04.1-Ubuntu SMP Thu Apr 16 02:10:24 UTC 2026 (Ubuntu 6.17.0-1013.13~24.04.1-gcp 6.17.13)
2026-05-28T00:37:51.237322+00:00 loadgen-xwdk systemd[1]: Mounted sys-kernel-debug.mount - Kernel Debug File System.
2026-05-28T00:37:51.237327+00:00 loadgen-xwdk systemd[1]: Mounted sys-kernel-tracing.mount - Kernel Trace File System.
2026-05-28T00:37:51.237329+00:00 loadgen-xwdk kernel: Command line: BOOT_IMAGE=/vmlinuz-6.17.0-1013-gcp root=PARTUUID=6624332c-1f00-4e51-a0bf-94661fe17234 ro console=ttyS0,115200 panic=-1
2026-05-28T00:37:51.237334+00:00 loadgen-xwdk systemd[1]: Finished keyboard-setup.service - Set the console keyboard layout.
2026-05-28T00:37:51.237336+00:00 loadgen-xwdk kernel: KERNEL supported cpus:
2026-05-28T00:37:51.237338+00:00 loadgen-xwdk kernel:   Intel GenuineIntel
2026-05-28T00:37:51.237338+00:00 loadgen-xwdk kernel:   AMD AuthenticAMD
2026-05-28T00:37:51.237339+00:00 loadgen-xwdk kernel:   Hygon HygonGenuine
2026-05-28T00:37:51.237340+00:00 loadgen-xwdk kernel:   Centaur CentaurHauls
2026-05-28T00:37:51.237339+00:00 loadgen-xwdk systemd[1]: Finished kmod-static-nodes.service - Create List of Static Device Nodes.
2026-05-28T00:37:51.237345+00:00 loadgen-xwdk kernel:   zhaoxin   Shanghai  
2026-05-28T00:37:51.237345+00:00 loadgen-xwdk systemd[1]: modprobe@configfs.service: Deactivated successfully.
2026-05-28T00:37:51.237347+00:00 loadgen-xwdk kernel: x86/CPU: Model not found in latest microcode list
2026-05-28T00:37:51.237349+00:00 loadgen-xwdk kernel: BIOS-provided physical RAM map:
2026-05-28T00:37:51.237350+00:00 loadgen-xwdk kernel: BIOS-e820: [mem 0x0000000000000000-0x0000000000000fff] reserved
2026-05-28T00:37:51.237351+00:00 loadgen-xwdk kernel: BIOS-e820: [mem 0x0000000000001000-0x0000000000054fff] usable
2026-05-28T00:37:51.237352+00:00 loadgen-xwdk kernel: BIOS-e820: [mem 0x0000000000055000-0x000000000005ffff] reserved
2026-05-28T00:37:51.237358+00:00 loadgen-xwdk kernel: BIOS-e820: [mem 0x0000000000060000-0x0000000000097fff] usable
2026-05-28T00:37:51.237431+00:00 loadgen-xwdk kernel: BIOS-e820: [mem 0x0000000000098000-0x000000000009ffff] reserved
2026-05-28T00:37:51.237433+00:00 loadgen-xwdk kernel: BIOS-e820: [mem 0x0000000000100000-0x00000000bd254fff] usable
2026-05-28T00:37:51.237434+00:00 loadgen-xwdk kernel: BIOS-e820: [mem 0x00000000bd255000-0x00000000bd25ffff] ACPI data
2026-05-28T00:37:51.237434+00:00 loadgen-xwdk kernel: BIOS-e820: [mem 0x00000000bd260000-0x00000000bf8ecfff] usable
2026-05-28T00:37:51.237435+00:00 loadgen-xwdk kernel: BIOS-e820: [mem 0x00000000bf8ed000-0x00000000bfb6cfff] reserved
2026-05-28T00:37:51.237436+00:00 loadgen-xwdk kernel: BIOS-e820: [mem 0x00000000bfb6d000-0x00000000bfb7efff] ACPI data
2026-05-28T00:37:51.237442+00:00 loadgen-xwdk kernel: BIOS-e820: [mem 0x00000000bfb7f000-0x00000000bfbfefff] ACPI NVS
2026-05-28T00:37:51.237443+00:00 loadgen-xwdk kernel: BIOS-e820: [mem 0x00000000bfbff000-0x00000000bffdffff] usable
2026-05-28T00:37:51.237444+00:00 loadgen-xwdk kernel: BIOS-e820: [mem 0x00000000bffe0000-0x00000000bfffffff] reserved
2026-05-28T00:37:51.237445+00:00 loadgen-xwdk kernel: BIOS-e820: [mem 0x0000000100000000-0x000000103fffffff] usable
2026-05-28T00:37:51.237446+00:00 loadgen-xwdk kernel: NX (Execute Disable) protection: active
2026-05-28T00:37:51.237447+00:00 loadgen-xwdk kernel: APIC: Static calls initialized
2026-05-28T00:37:51.237452+00:00 loadgen-xwdk kernel: efi: EFI v2.7 by EDK II
2026-05-28T00:37:51.237453+00:00 loadgen-xwdk kernel: efi: TPMFinalLog=0xbfbf7000 ACPI=0xbfb7e000 ACPI 2.0=0xbfb7e014 SMBIOS=0xbf9ca000 MEMATTR=0xbd260018 MOKvar=0xbf9c8000 RNG=0xbfb72018 TPMEventLog=0xbd255018 
2026-05-28T00:37:51.237455+00:00 loadgen-xwdk kernel: random: crng init done
2026-05-28T00:37:51.237456+00:00 loadgen-xwdk kernel: SMBIOS 2.4 present.
2026-05-28T00:37:51.237457+00:00 loadgen-xwdk kernel: DMI: Google Google Compute Engine/Google Compute Engine, BIOS Google 04/21/2026
2026-05-28T00:37:51.237458+00:00 loadgen-xwdk kernel: DMI: Memory slots populated: 4/4
2026-05-28T00:37:51.237462+00:00 loadgen-xwdk kernel: secureboot: Secure boot disabled
2026-05-28T00:37:51.237463+00:00 loadgen-xwdk kernel: Hypervisor detected: KVM
2026-05-28T00:37:51.237464+00:00 loadgen-xwdk kernel: last_pfn = 0xbffe0 max_arch_pfn = 0x400000000
2026-05-28T00:37:51.237465+00:00 loadgen-xwdk kernel: kvm-clock: Using msrs 4b564d01 and 4b564d00
2026-05-28T00:37:51.237466+00:00 loadgen-xwdk kernel: kvm-clock: using sched offset of 15687635356 cycles
2026-05-28T00:37:51.237466+00:00 loadgen-xwdk kernel: clocksource: kvm-clock: mask: 0xffffffffffffffff max_cycles: 0x1cd42e4dffb, max_idle_ns: 881590591483 ns
2026-05-28T00:37:51.237469+00:00 loadgen-xwdk kernel: tsc: Detected 2299.998 MHz processor
2026-05-28T00:37:51.237473+00:00 loadgen-xwdk kernel: e820: update [mem 0x00000000-0x00000fff] usable ==> reserved
2026-05-28T00:37:51.237474+00:00 loadgen-xwdk kernel: e820: remove [mem 0x000a0000-0x000fffff] usable
2026-05-28T00:37:51.237474+00:00 loadgen-xwdk kernel: last_pfn = 0x1040000 max_arch_pfn = 0x400000000
2026-05-28T00:37:51.237350+00:00 loadgen-xwdk systemd[1]: Finished modprobe@configfs.service - Load Kernel Module configfs.
2026-05-28T00:37:51.237475+00:00 loadgen-xwdk kernel: MTRR map: 3 entries (2 fixed + 1 variable; max 18), built from 8 variable MTRRs
2026-05-28T00:37:51.237490+00:00 loadgen-xwdk kernel: x86/PAT: Configuration [0-7]: WB  WC  UC- UC  WB  WP  UC- WT  
2026-05-28T00:37:51.237491+00:00 loadgen-xwdk kernel: last_pfn = 0xbffe0 max_arch_pfn = 0x400000000
2026-05-28T00:37:51.237495+00:00 loadgen-xwdk kernel: Using GB pages for direct mapping
2026-05-28T00:37:51.237496+00:00 loadgen-xwdk kernel: secureboot: Secure boot disabled
2026-05-28T00:37:51.237498+00:00 loadgen-xwdk kernel: ACPI: Early table checksum verification disabled
2026-05-28T00:37:51.237498+00:00 loadgen-xwdk kernel: ACPI: RSDP 0x00000000BFB7E014 000024 (v02 Google)
2026-05-28T00:37:51.237499+00:00 loadgen-xwdk kernel: ACPI: XSDT 0x00000000BFB7D0E8 00005C (v01 Google GOOGFACP 00000001      01000013)
2026-05-28T00:37:51.237504+00:00 loadgen-xwdk kernel: ACPI: FACP 0x00000000BFB78000 0000F4 (v02 Google GOOGFACP 00000001 GOOG 00000001)
2026-05-28T00:37:51.237493+00:00 loadgen-xwdk systemd[1]: modprobe@dm_mod.service: Deactivated successfully.
2026-05-28T00:37:51.237509+00:00 loadgen-xwdk kernel: ACPI: DSDT 0x00000000BFB79000 001A64 (v01 Google GOOGDSDT 00000001 GOOG 00000001)
2026-05-28T00:37:51.237511+00:00 loadgen-xwdk kernel: ACPI: FACS 0x00000000BFBF1000 000040
2026-05-28T00:37:51.237508+00:00 loadgen-xwdk systemd[1]: Finished modprobe@dm_mod.service - Load Kernel Module dm_mod.
2026-05-28T00:37:51.237513+00:00 loadgen-xwdk kernel: ACPI: SSDT 0x00000000BFB7C000 000316 (v02 GOOGLE Tpm2Tabl 00001000 INTL 20250807)
2026-05-28T00:37:51.237515+00:00 loadgen-xwdk kernel: ACPI: TPM2 0x00000000BFB7B000 000034 (v04 GOOGLE          00000001 GOOG 00000001)
2026-05-28T00:37:51.237516+00:00 loadgen-xwdk kernel: ACPI: SRAT 0x00000000BFB77000 000228 (v03 Google GOOGSRAT 00000001 GOOG 00000001)
2026-05-28T00:37:51.237517+00:00 loadgen-xwdk kernel: ACPI: APIC 0x00000000BFB76000 000126 (v05 Google GOOGAPIC 00000001 GOOG 00000001)
2026-05-28T00:37:51.237519+00:00 loadgen-xwdk kernel: ACPI: SSDT 0x00000000BFB74000 0011D6 (v01 Google GOOGSSDT 00000001 GOOG 00000001)
2026-05-28T00:37:51.237516+00:00 loadgen-xwdk systemd[1]: modprobe@drm.service: Deactivated successfully.
2026-05-28T00:37:51.237526+00:00 loadgen-xwdk kernel: ACPI: WAET 0x00000000BFB73000 000028 (v01 Google GOOGWAET 00000001 GOOG 00000001)
2026-05-28T00:37:51.237527+00:00 loadgen-xwdk kernel: ACPI: Reserving FACP table memory at [mem 0xbfb78000-0xbfb780f3]
2026-05-28T00:37:51.237525+00:00 loadgen-xwdk systemd[1]: Finished modprobe@drm.service - Load Kernel Module drm.
2026-05-28T00:37:51.237530+00:00 loadgen-xwdk kernel: ACPI: Reserving DSDT table memory at [mem 0xbfb79000-0xbfb7aa63]
2026-05-28T00:37:51.237532+00:00 loadgen-xwdk kernel: ACPI: Reserving FACS table memory at [mem 0xbfbf1000-0xbfbf103f]
2026-05-28T00:37:51.237533+00:00 loadgen-xwdk kernel: ACPI: Reserving SSDT table memory at [mem 0xbfb7c000-0xbfb7c315]
2026-05-28T00:37:51.237534+00:00 loadgen-xwdk kernel: ACPI: Reserving TPM2 table memory at [mem 0xbfb7b000-0xbfb7b033]
2026-05-28T00:37:51.237533+00:00 loadgen-xwdk systemd[1]: modprobe@efi_pstore.service: Deactivated successfully.
2026-05-28T00:37:51.237538+00:00 loadgen-xwdk kernel: ACPI: Reserving SRAT table memory at [mem 0xbfb77000-0xbfb77227]
2026-05-28T00:37:51.237540+00:00 loadgen-xwdk kernel: ACPI: Reserving APIC table memory at [mem 0xbfb76000-0xbfb76125]
2026-05-28T00:37:51.237541+00:00 loadgen-xwdk kernel: ACPI: Reserving SSDT table memory at [mem 0xbfb74000-0xbfb751d5]
2026-05-28T00:37:51.237542+00:00 loadgen-xwdk kernel: ACPI: Reserving WAET table memory at [mem 0xbfb73000-0xbfb73027]
2026-05-28T00:37:51.237543+00:00 loadgen-xwdk kernel: ACPI: SRAT: Node 0 PXM 0 [mem 0x00000000-0x0009ffff]
2026-05-28T00:37:51.237543+00:00 loadgen-xwdk kernel: ACPI: SRAT: Node 0 PXM 0 [mem 0x00100000-0xbfffffff]
2026-05-28T00:37:51.237545+00:00 loadgen-xwdk kernel: ACPI: SRAT: Node 0 PXM 0 [mem 0x100000000-0x103fffffff]
2026-05-28T00:37:51.237539+00:00 loadgen-xwdk systemd[1]: Finished modprobe@efi_pstore.service - Load Kernel Module efi_pstore.
2026-05-28T00:37:51.237550+00:00 loadgen-xwdk kernel: NUMA: Node 0 [mem 0x00001000-0x0009ffff] + [mem 0x00100000-0xbfffffff] -> [mem 0x00001000-0xbfffffff]
2026-05-28T00:37:51.237551+00:00 loadgen-xwdk kernel: NUMA: Node 0 [mem 0x00001000-0xbfffffff] + [mem 0x100000000-0x103fffffff] -> [mem 0x00001000-0x103fffffff]
2026-05-28T00:37:51.237552+00:00 loadgen-xwdk kernel: NODE_DATA(0) allocated [mem 0x103ffd52c0-0x103fffffff]
2026-05-28T00:37:51.237553+00:00 loadgen-xwdk kernel: Zone ranges:
2026-05-28T00:37:51.237552+00:00 loadgen-xwdk systemd[1]: modprobe@fuse.service: Deactivated successfully.
2026-05-28T00:37:51.237554+00:00 loadgen-xwdk kernel:   DMA      [mem 0x0000000000001000-0x0000000000ffffff]
2026-05-28T00:37:51.237558+00:00 loadgen-xwdk kernel:            Starting [0;1;39mplymouth-quit-wait.servic…[0md until boot process finishes up...
DMA32    [mem 0x0000000001000000-0x00000000ffffffff]
2026-05-28T00:37:51.237558+00:00 loadgen-xwdk systemd[1]: Finished modprobe@fuse.service - Load Kernel Module fuse.
2026-05-28T00:37:51.237562+00:00 loadgen-xwdk kernel:   Normal   [mem 0x0000000100000000-0x000000103fffffff]
2026-05-28T00:37:51.237564+00:00 loadgen-xwdk kernel:   Device   empty
2026-05-28T00:37:51.237565+00:00 loadgen-xwdk kernel: Movable zone start for each node
2026-05-28T00:37:51.237563+00:00 loadgen-xwdk systemd[1]: modprobe@loop.service: Deactivated successfully.
2026-05-28T00:37:51.237566+00:00 loadgen-xwdk kernel: Early memory node ranges
2026-05-28T00:37:51.237568+00:00 loadgen-xwdk kernel:   node   0: [mem 0x0000000000001000-0x0000000000054fff]
2026-05-28T00:37:51.237569+00:00 loadgen-xwdk kernel:   node   0: [mem 0x0000000000060000-0x0000000000097fff]
2026-05-28T00:37:51.237569+00:00 loadgen-xwdk systemd[1]: Finished modprobe@loop.service - Load Kernel Module loop.
2026-05-28T00:37:51.237574+00:00 loadgen-xwdk kernel:   node   0: [mem 0x0000000000100000-0x00000000bd254fff]
2026-05-28T00:37:51.237574+00:00 loadgen-xwdk systemd[1]: modprobe@nvme_fabrics.service: Deactivated successfully.
2026-05-28T00:37:51.237576+00:00 loadgen-xwdk kernel:   node   0: [mem 0x00000000bd260000-0x00000000bf8ecfff]
2026-05-28T00:37:51.237577+00:00 loadgen-xwdk kernel:   node   0: [mem 0x00000000bfbff000-0x00000000bffdffff]
2026-05-28T00:37:51.237578+00:00 loadgen-xwdk kernel:   node   0: [mem 0x0000000100000000-0x000000103fffffff]
2026-05-28T00:37:51.237580+00:00 loadgen-xwdk kernel: Initmem setup node 0 [mem 0x0000000000001000-0x000000103fffffff]
2026-05-28T00:37:51.237581+00:00 loadgen-xwdk kernel: On node 0, zone DMA: 1 pages in unavailable ranges
2026-05-28T00:37:51.237579+00:00 loadgen-xwdk systemd-modules-load[310]: Inserted module 'dm_multipath'
2026-05-28T00:37:51.237590+00:00 loadgen-xwdk systemd[1]: Finished modprobe@nvme_fabrics.service - Load Kernel Module nvme_fabrics.
2026-05-28T00:37:51.237594+00:00 loadgen-xwdk kernel: On node 0, zone DMA: 11 pages in unavailable ranges
2026-05-28T00:37:51.237595+00:00 loadgen-xwdk kernel: On node 0, zone DMA: 104 pages in unavailable ranges
2026-05-28T00:37:51.237596+00:00 loadgen-xwdk kernel: On node 0, zone DMA32: 11 pages in unavailable ranges
2026-05-28T00:37:51.237597+00:00 loadgen-xwdk kernel: On node 0, zone DMA32: 786 pages in unavailable ranges
2026-05-28T00:37:51.237598+00:00 loadgen-xwdk kernel: On node 0, zone Normal: 32 pages in unavailable ranges
2026-05-28T00:37:51.237594+00:00 loadgen-xwdk systemd[1]: Finished systemd-modules-load.service - Load Kernel Modules.
2026-05-28T00:37:51.237599+00:00 loadgen-xwdk kernel: ACPI: PM-Timer IO Port: 0xb008
2026-05-28T00:37:51.237600+00:00 loadgen-xwdk kernel: ACPI: LAPIC_NMI (acpi_id[0xff] dfl dfl lint[0x1])
2026-05-28T00:37:51.237604+00:00 loadgen-xwdk kernel: IOAPIC[0]: apic_id 0, version 17, address 0xfec00000, GSI 0-23
2026-05-28T00:37:51.237607+00:00 loadgen-xwdk kernel: ACPI: INT_SRC_OVR (bus 0 bus_irq 5 global_irq 5 high level)
2026-05-28T00:37:51.237607+00:00 loadgen-xwdk kernel: ACPI: INT_SRC_OVR (bus 0 bus_irq 9 global_irq 9 high level)
2026-05-28T00:37:51.237602+00:00 loadgen-xwdk systemd-fsck[314]: cloudimg-rootfs: clean, 171994/6422528 files, 2139514/12844795 blocks
2026-05-28T00:37:51.237608+00:00 loadgen-xwdk kernel: ACPI: INT_SRC_OVR (bus 0 bus_irq 10 global_irq 10 high level)
2026-05-28T00:37:51.237609+00:00 loadgen-xwdk kernel: ACPI: INT_SRC_OVR (bus 0 bus_irq 11 global_irq 11 high level)
2026-05-28T00:37:51.237610+00:00 loadgen-xwdk kernel: ACPI: Using ACPI (MADT) for SMP configuration information
2026-05-28T00:37:51.237612+00:00 loadgen-xwdk systemd[1]: Mounting sys-fs-fuse-connections.mount - FUSE Control File System...
2026-05-28T00:37:51.237615+00:00 loadgen-xwdk kernel: CPU topo: Max. logical packages:   1
2026-05-28T00:37:51.237617+00:00 loadgen-xwdk kernel: CPU topo: Max. logical dies:       1
2026-05-28T00:37:51.237618+00:00 loadgen-xwdk kernel: CPU topo: Max. dies per package:   1
2026-05-28T00:37:51.237619+00:00 loadgen-xwdk kernel: CPU topo: Max. threads per core:   2
2026-05-28T00:37:51.237618+00:00 loadgen-xwdk systemd[1]: Mounting sys-kernel-config.mount - Kernel Configuration File System...
2026-05-28T00:37:51.237622+00:00 loadgen-xwdk kernel: CPU topo: Num. cores per package:    12
2026-05-28T00:37:51.237625+00:00 loadgen-xwdk systemd[1]: Started systemd-fsckd.service - File System Check Daemon to report status.
2026-05-28T00:37:51.237634+00:00 loadgen-xwdk systemd[1]: systemd-repart.service - Repartition Root Disk was skipped because no trigger condition checks were met.
2026-05-28T00:37:51.237639+00:00 loadgen-xwdk systemd[1]: Starting systemd-sysctl.service - Apply Kernel Variables...
2026-05-28T00:37:51.237644+00:00 loadgen-xwdk systemd[1]: Starting systemd-tmpfiles-setup-dev-early.service - Create Static Device Nodes in /dev gracefully...
2026-05-28T00:37:51.237649+00:00 loadgen-xwdk systemd[1]: Finished lvm2-monitor.service - Monitoring of LVM2 mirrors, snapshots etc. using dmeventd or progress polling.
2026-05-28T00:37:51.237654+00:00 loadgen-xwdk systemd[1]: Finished systemd-fsck-root.service - File System Check on Root Device.
2026-05-28T00:37:51.237658+00:00 loadgen-xwdk systemd[1]: Mounted sys-fs-fuse-connections.mount - FUSE Control File System.
2026-05-28T00:37:51.237666+00:00 loadgen-xwdk systemd[1]: Mounted sys-kernel-config.mount - Kernel Configuration File System.
2026-05-28T00:37:51.237670+00:00 loadgen-xwdk systemd[1]: Starting systemd-remount-fs.service - Remount Root and Kernel File Systems...
2026-05-28T00:37:51.237675+00:00 loadgen-xwdk systemd[1]: Finished systemd-sysctl.service - Apply Kernel Variables.
2026-05-28T00:37:51.237679+00:00 loadgen-xwdk systemd[1]: Finished systemd-tmpfiles-setup-dev-early.service - Create Static Device Nodes in /dev gracefully.
2026-05-28T00:37:51.237684+00:00 loadgen-xwdk systemd[1]: Finished systemd-remount-fs.service - Remount Root and Kernel File Systems.
2026-05-28T00:37:51.237692+00:00 loadgen-xwdk systemd[1]: Starting multipathd.service - Device-Mapper Multipath Device Controller...
2026-05-28T00:37:51.237696+00:00 loadgen-xwdk systemd[1]: systemd-hwdb-update.service - Rebuild Hardware Database was skipped because of an unmet condition check (ConditionNeedsUpdate=/etc).
2026-05-28T00:37:51.237701+00:00 loadgen-xwdk systemd[1]: Starting systemd-journal-flush.service - Flush Journal to Persistent Storage...
2026-05-28T00:37:51.237705+00:00 loadgen-xwdk systemd[1]: systemd-pstore.service - Platform Persistent Storage Archival was skipped because of an unmet condition check (ConditionDirectoryNotEmpty=/sys/fs/pstore).
2026-05-28T00:37:51.237710+00:00 loadgen-xwdk systemd[1]: Starting systemd-random-seed.service - Load/Save OS Random Seed...
2026-05-28T00:37:51.237714+00:00 loadgen-xwdk systemd[1]: systemd-sysusers.service - Create System Users was skipped because no trigger condition checks were met.
2026-05-28T00:37:51.237721+00:00 loadgen-xwdk systemd[1]: Starting systemd-tmpfiles-setup-dev.service - Create Static Device Nodes in /dev...
2026-05-28T00:37:51.237726+00:00 loadgen-xwdk systemd[1]: systemd-tpm2-setup.service - TPM2 SRK Setup was skipped because of an unmet condition check (ConditionSecurity=measured-uki).
2026-05-28T00:37:51.237730+00:00 loadgen-xwdk kernel: CPU topo: Num. threads per package:  24
2026-05-28T00:37:51.237731+00:00 loadgen-xwdk kernel: CPU topo: Allowing 24 present CPUs plus 0 hotplug CPUs
2026-05-28T00:37:51.237731+00:00 loadgen-xwdk systemd[1]: Finished systemd-udev-trigger.service - Coldplug All udev Devices.
2026-05-28T00:37:51.237735+00:00 loadgen-xwdk kernel: PM: hibernation: Registered nosave memory: [mem 0x00000000-0x00000fff]
2026-05-28T00:37:51.237736+00:00 loadgen-xwdk kernel: PM: hibernation: Registered nosave memory: [mem 0x00055000-0x0005ffff]
2026-05-28T00:37:51.237737+00:00 loadgen-xwdk kernel: PM: hibernation: Registered nosave memory: [mem 0x00098000-0x000fffff]
2026-05-28T00:37:51.237737+00:00 loadgen-xwdk kernel: PM: hibernation: Registered nosave memory: [mem 0xbd255000-0xbd25ffff]
2026-05-28T00:37:51.237738+00:00 loadgen-xwdk kernel:         Starting [0;1;39mplymouth-quit.service[0m - Terminate Plymouth Boot Screen...
 PM: hibernation: Registered nosave memory: [mem 0xbf8ed000-0xbfbfefff]
2026-05-28T00:37:51.237736+00:00 loadgen-xwdk systemd[1]: Finished systemd-random-seed.service - Load/Save OS Random Seed.
2026-05-28T00:37:51.237740+00:00 loadgen-xwdk kernel: PM: hibernation: Registered nosave memory: [mem 0xbffe0000-0xffffffff]
2026-05-28T00:37:51.237744+00:00 loadgen-xwdk kernel: [mem 0xc0000000-0xffffffff] available for PCI devices
2026-05-28T00:37:51.237745+00:00 loadgen-xwdk kernel: Booting paravirtualized kernel on KVM
2026-05-28T00:37:51.237745+00:00 loadgen-xwdk kernel: clocksource: refined-jiffies: mask: 0xffffffff max_cycles: 0xffffffff, max_idle_ns: 1910969940391419 ns
2026-05-28T00:37:51.237746+00:00 loadgen-xwdk kernel: setup_percpu: NR_CPUS:8192 nr_cpumask_bits:24 nr_cpu_ids:24 nr_node_ids:1
2026-05-28T00:37:51.237746+00:00 loadgen-xwdk kernel: percpu: Embedded 84 pages/cpu s221184 r8192 d114688 u524288
2026-05-28T00:37:51.237747+00:00 loadgen-xwdk kernel: pcpu-alloc: s221184 r8192 d114688 u524288 alloc=1*2097152
2026-05-28T00:37:51.237744+00:00 loadgen-xwdk multipathd[356]: multipathd v0.9.4: start up
2026-05-28T00:37:51.237750+00:00 loadgen-xwdk kernel: pcpu-alloc: [0] 00 01 02 03 [0] 04 05 06 07 
2026-05-28T00:37:51.237751+00:00 loadgen-xwdk kernel: pcpu-alloc: [0] 08 09 10 11 [0] 12 13 14 15 
2026-05-28T00:37:51.237751+00:00 loadgen-xwdk kernel: pcpu-alloc: [0] 16 17 18 19 [0] 20 21 22 23 
2026-05-28T00:37:51.237752+00:00 loadgen-xwdk kernel: kvm-guest: PV spinlocks enabled
2026-05-28T00:37:51.237752+00:00 loadgen-xwdk kernel: PV qspinlock hash table entries: 256 (order: 0, 4096 bytes, linear)
2026-05-28T00:37:51.237753+00:00 loadgen-xwdk kernel: Kernel command line: BOOT_IMAGE=/vmlinuz-6.17.0-1013-gcp root=PARTUUID=6624332c-1f00-4e51-a0bf-94661fe17234 ro console=ttyS0,115200 panic=-1
2026-05-28T00:37:51.237752+00:00 loadgen-xwdk multipathd[356]: reconfigure: setting up paths and maps
2026-05-28T00:37:51.237756+00:00 loadgen-xwdk kernel: printk: log buffer data + meta data: 262144 + 917504 = 1179648 bytes
2026-05-28T00:37:51.237757+00:00 loadgen-xwdk kernel: Dentry cache hash table entries: 8388608 (order: 14, 67108864 bytes, linear)
2026-05-28T00:37:51.237757+00:00 loadgen-xwdk kernel: Inode-cache hash table entries: 4194304 (order: 13, 33554432 bytes, linear)
2026-05-28T00:37:51.237758+00:00 loadgen-xwdk kernel: software IO TLB: area num 32.
2026-05-28T00:37:51.237758+00:00 loadgen-xwdk kernel: Fallback order for Node 0: 0 
2026-05-28T00:37:51.237759+00:00 loadgen-xwdk kernel: Built 1 zonelists, mobility grouping on.  Total pages: 16776271
2026-05-28T00:37:51.237757+00:00 loadgen-xwdk systemd[1]: Finished systemd-tmpfiles-setup-dev.service - Create Static Device Nodes in /dev.
2026-05-28T00:37:51.237759+00:00 loadgen-xwdk kernel: Policy zone: Normal
2026-05-28T00:37:51.237765+00:00 loadgen-xwdk kernel: mem auto-init: stack:all(zero), heap alloc:on, heap free:off
2026-05-28T00:37:51.237764+00:00 loadgen-xwdk systemd[1]: Starting systemd-udevd.service - Rule-based Manager for Device Events and Files...
2026-05-28T00:37:51.237766+00:00 loadgen-xwdk kernel: SLUB: HWalign=64, Order=0-3, MinObjects=0, CPUs=24, Nodes=1
2026-05-28T00:37:51.237767+00:00 loadgen-xwdk kernel: Kernel/User page tables isolation: enabled
2026-05-28T00:37:51.237767+00:00 loadgen-xwdk kernel: ftrace: allocating 61994 entries in 244 pages
2026-05-28T00:37:51.237768+00:00 loadgen-xwdk kernel: ftrace: allocated 244 pages with 5 groups
2026-05-28T00:37:51.237769+00:00 loadgen-xwdk kernel: rcu: Hierarchical RCU implementation.
2026-05-28T00:37:51.237769+00:00 loadgen-xwdk systemd[1]: Started multipathd.service - Device-Mapper Multipath Device Controller.
2026-05-28T00:37:51.237772+00:00 loadgen-xwdk kernel: rcu: 	RCU restricting CPUs from NR_CPUS=8192 to nr_cpu_ids=24.
2026-05-28T00:37:51.237773+00:00 loadgen-xwdk kernel: 	Rude variant of Tasks RCU enabled.
2026-05-28T00:37:51.237773+00:00 loadgen-xwdk kernel: 	Tracing variant of Tasks RCU enabled.
2026-05-28T00:37:51.237774+00:00 loadgen-xwdk kernel: rcu: RCU calculated value of scheduler-enlistment delay is 100 jiffies.
2026-05-28T00:37:51.237774+00:00 loadgen-xwdk kernel: rcu: Adjusting geometry for rcu_fanout_leaf=16, nr_cpu_ids=24
2026-05-28T00:37:51.237775+00:00 loadgen-xwdk kernel: RCU Tasks Rude: Setting shift to 5 and lim to 1 rcu_task_cb_adjust=1 rcu_task_cpu_ids=24.
2026-05-28T00:37:51.237775+00:00 loadgen-xwdk kernel: RCU Tasks Trace: Setting shift to 5 and lim to 1 rcu_task_cb_adjust=1 rcu_task_cpu_ids=24.
2026-05-28T00:37:51.237774+00:00 loadgen-xwdk systemd-udevd[363]: Using default interface naming scheme 'v255'.
2026-05-28T00:37:51.237778+00:00 loadgen-xwdk kernel: NR_IRQS: 524544, nr_irqs: 616, preallocated irqs: 16
2026-05-28T00:37:51.237780+00:00 loadgen-xwdk kernel: rcu: srcu_init: Setting srcu_struct sizes based on contention.
2026-05-28T00:37:51.237780+00:00 loadgen-xwdk kernel: Console: colour dummy device 80x25
2026-05-28T00:37:51.237780+00:00 loadgen-xwdk kernel: printk: legacy console [ttyS0] enabled
2026-05-28T00:37:51.237781+00:00 loadgen-xwdk kernel: ACPI: Core revision 20250404
2026-05-28T00:37:51.237781+00:00 loadgen-xwdk kernel: APIC: Switch to symmetric I/O mode setup
2026-05-28T00:37:51.237780+00:00 loadgen-xwdk systemd[1]: Started systemd-udevd.service - Rule-based Manager for Device Events and Files.
2026-05-28T00:37:51.237784+00:00 loadgen-xwdk kernel: x2apic enabled
2026-05-28T00:37:51.237787+00:00 loadgen-xwdk kernel: APIC: Switched APIC routing to: physical x2apic
2026-05-28T00:37:51.237787+00:00 loadgen-xwdk kernel: ..TIMER: vector=0x30 apic1=0 pin1=0 apic2=-1 pin2=-1
2026-05-28T00:37:51.237788+00:00 loadgen-xwdk kernel: clocksource: tsc-early: mask: 0xffffffffffffffff max_cycles: 0x212733415c7, max_idle_ns: 440795236380 ns
2026-05-28T00:37:51.237788+00:00 loadgen-xwdk kernel: Calibrating delay loop (skipped) preset value.. 4599.99 BogoMIPS (lpj=2299998)
2026-05-28T00:37:51.237789+00:00 loadgen-xwdk kernel: Last level iTLB entries: 4KB 1024, 2MB 1024, 4MB 1024
2026-05-28T00:37:51.237788+00:00 loadgen-xwdk systemd[1]: nvmefc-boot-connections.service - Auto-connect to subsystems on FC-NVME devices found during boot was skipped because of an unmet condition check (ConditionPathExists=/sys/class/fc/fc_udev_device/nvme_discovery).
2026-05-28T00:37:51.237792+00:00 loadgen-xwdk kernel: Last level dTLB entries: 4KB 1024, 2MB 1024, 4MB 1024, 1GB 4
2026-05-28T00:37:51.237793+00:00 loadgen-xwdk kernel: mitigations: Enabled attack vectors: user_kernel, user_user, guest_host, guest_guest, SMT mitigations: auto
2026-05-28T00:37:51.237793+00:00 loadgen-xwdk kernel: Speculative Store Bypass: Mitigation: Speculative Store Bypass disabled via prctl
2026-05-28T00:37:51.237794+00:00 loadgen-xwdk kernel: Spectre V2 : Mitigation: IBRS
2026-05-28T00:37:51.237794+00:00 loadgen-xwdk kernel: RETBleed: Mitigation: IBRS
2026-05-28T00:37:51.237794+00:00 loadgen-xwdk kernel: ITS: Mitigation: Aligned branch/return thunks
2026-05-28T00:37:51.237794+00:00 loadgen-xwdk systemd[1]: Reached target local-fs-pre.target - Preparation for Local File Systems.
2026-05-28T00:37:51.237797+00:00 loadgen-xwdk kernel: Spectre V2 : User space: Mitigation: STIBP via prctl
2026-05-28T00:37:51.237798+00:00 loadgen-xwdk kernel: MDS: Mitigation: Clear CPU buffers
2026-05-28T00:37:51.237799+00:00 loadgen-xwdk kernel: MMIO Stale Data: Vulnerable: Clear CPU buffers attempted, no microcode
2026-05-28T00:37:51.237799+00:00 loadgen-xwdk kernel: Spectre V1 : Mitigation: usercopy/swapgs barriers and __user pointer sanitization
2026-05-28T00:37:51.237800+00:00 loadgen-xwdk kernel: Spectre V2 : Spectre v2 / SpectreRSB: Filling RSB on context switch and VMEXIT
2026-05-28T00:37:51.237799+00:00 loadgen-xwdk systemd[1]: Mounting snap-core22-2411.mount - Mount unit for core22, revision 2411...
2026-05-28T00:37:51.237800+00:00 loadgen-xwdk kernel: Spectre V2 : mitigation: Enabling conditional Indirect Branch Prediction Barrier
2026-05-28T00:37:51.237802+00:00 loadgen-xwdk kernel: active return thunk: its_return_thunk
2026-05-28T00:37:51.237804+00:00 loadgen-xwdk systemd[1]: Mounting snap-google\x2dcloud\x2dcli-448.mount - Mount unit for goog[[0;32m  OK  [0m] Started [0;1;39mrsyslog.service[0m - System Logging Service.
le-cloud-cli, revision 448...
2026-05-28T00:37:51.237806+00:00 loadgen-xwdk kernel: Spectre V2 : Spectre BHI mitigation: SW BHB clearing on syscall and VM exit
2026-05-28T00:37:51.237809+00:00 loadgen-xwdk kernel: x86/fpu: Supporting XSAVE feature 0x001: 'x87 floating point registers'
2026-05-28T00:37:51.237809+00:00 loadgen-xwdk kernel: x86/fpu: Supporting XSAVE feature 0x002: 'SSE registers'
2026-05-28T00:37:51.237810+00:00 loadgen-xwdk kernel: x86/fpu: Supporting XSAVE feature 0x004: 'AVX registers'
2026-05-28T00:37:51.237810+00:00 loadgen-xwdk kernel: x86/fpu: xstate_offset[2]:  576, xstate_sizes[2]:  256
2026-05-28T00:37:51.237811+00:00 loadgen-xwdk kernel: x86/fpu: Enabled xstate features 0x7, context size is 832 bytes, using 'standard' format.
2026-05-28T00:37:51.237814+00:00 loadgen-xwdk kernel: Freeing SMP alternatives memory: 52K
2026-05-28T00:37:51.237814+00:00 loadgen-xwdk kernel: pid_max: default: 32768 minimum: 301
2026-05-28T00:37:51.237815+00:00 loadgen-xwdk kernel: LSM: initializing lsm=lockdown,capability,landlock,yama,apparmor,ima,evm
2026-05-28T00:37:51.237815+00:00 loadgen-xwdk kernel: landlock: Up and running.
2026-05-28T00:37:51.237816+00:00 loadgen-xwdk kernel: Yama: becoming mindful.
2026-05-28T00:37:51.237811+00:00 loadgen-xwdk systemd[1]: Mounting snap-snapd-26865.mount - Mount unit for snapd, revision 26865...
2026-05-28T00:37:51.237817+00:00 loadgen-xwdk kernel: AppArmor: AppArmor initialized
2026-05-28T00:37:51.237817+00:00 loadgen-xwdk kernel: Mount-cache hash table entries: 131072 (order: 8, 1048576 bytes, linear)
2026-05-28T00:37:51.237820+00:00 loadgen-xwdk systemd[1]: plymouth-start.service - Show Plymouth Boot Screen was skipped because of an unmet condition check (ConditionKernelCommandLine=splash).
2026-05-28T00:37:51.237824+00:00 loadgen-xwdk kernel: Mountpoint-cache hash table entries: 131072 (order: 8, 1048576 bytes, linear)
2026-05-28T00:37:51.237825+00:00 loadgen-xwdk kernel: smpboot: CPU0: Intel(R) Xeon(R) CPU @ 2.30GHz (family: 0x6, model: 0x3f, stepping: 0x0)
2026-05-28T00:37:51.237826+00:00 loadgen-xwdk kernel: Performance Events: unsupported CPU family 6 model 63 no PMU driver, software events only.
2026-05-28T00:37:51.237826+00:00 loadgen-xwdk kernel: signal: max sigframe size: 1776
2026-05-28T00:37:51.237827+00:00 loadgen-xwdk kernel: rcu: Hierarchical SRCU implementation.
2026-05-28T00:37:51.237827+00:00 loadgen-xwdk kernel: rcu: 	Max phase no-delay instances is 400.
2026-05-28T00:37:51.237825+00:00 loadgen-xwdk systemd[1]: Started systemd-ask-password-console.path - Dispatch Password Requests to Console Directory Watch.
2026-05-28T00:37:51.237830+00:00 loadgen-xwdk kernel: Timer migration: 2 hierarchy levels; 8 children per group; 2 crossnode level
2026-05-28T00:37:51.237831+00:00 loadgen-xwdk kernel: NMI watchdog: Perf NMI watchdog permanently disabled
2026-05-28T00:37:51.237832+00:00 loadgen-xwdk kernel: smp: Bringing up secondary CPUs ...
